Starting Transformer experiment with seed 4 in /root/autodl-tmp/parallel_runs/worker_4_seed_4
Device: cuda
Data shape: (1029, 35040, 10)
Max PM2.5 value: 32768.0
Abnormal points (>1000): 636
Loaded cache: /root/autodl-tmp/parallel_runs/worker_4_seed_4/dataset_cache_train_2y_T144_P48_seed_4.pt (Eligible stations: 1029/1029)
Loaded cache: /root/autodl-tmp/parallel_runs/worker_4_seed_4/dataset_cache_val_1y_T144_P48_seed_4.pt (Eligible stations: 1029/1029)
Total trainable parameters: 2,259,201
Epoch [1/100] | Train Loss: 1.0934 (Base: 0.3466, Trend: 0.1745, DTW: 0.1983, TopK: 0.6120) | Val Loss: 0.922614 (Base: 0.3243, DTW: 0.1813, TopK: 0.5442) | EMA No-Trend Loss: 0.922614 | LR: 2.00e-04
Epoch [2/100] | Train Loss: 1.0187 (Base: 0.3383, Trend: 0.1742, DTW: 0.1719, TopK: 0.6026) | Val Loss: 0.869255 (Base: 0.3275, DTW: 0.1536, TopK: 0.5771) | EMA No-Trend Loss: 0.909274 | LR: 2.00e-04
Epoch [3/100] | Train Loss: 0.9965 (Base: 0.3342, Trend: 0.1727, DTW: 0.1651, TopK: 0.5991) | Val Loss: 0.841544 (Base: 0.3082, DTW: 0.1514, TopK: 0.5668) | EMA No-Trend Loss: 0.892342 | LR: 2.00e-04
Epoch [4/100] | Train Loss: 0.9749 (Base: 0.3292, Trend: 0.1710, DTW: 0.1592, TopK: 0.5934) | Val Loss: 0.832508 (Base: 0.3098, DTW: 0.1462, TopK: 0.5730) | EMA No-Trend Loss: 0.877383 | LR: 1.99e-04
Epoch [5/100] | Train Loss: 0.9652 (Base: 0.3279, Trend: 0.1700, DTW: 0.1565, TopK: 0.5893) | Val Loss: 0.816619 (Base: 0.3045, DTW: 0.1431, TopK: 0.5622) | EMA No-Trend Loss: 0.862192 | LR: 1.99e-04
Epoch [6/100] | Train Loss: 0.9546 (Base: 0.3257, Trend: 0.1692, DTW: 0.1535, TopK: 0.5865) | Val Loss: 0.815637 (Base: 0.3024, DTW: 0.1477, TopK: 0.5289) | EMA No-Trend Loss: 0.850553 | LR: 1.98e-04
Epoch [7/100] | Train Loss: 0.9447 (Base: 0.3234, Trend: 0.1689, DTW: 0.1509, TopK: 0.5823) | Val Loss: 0.825583 (Base: 0.3041, DTW: 0.1450, TopK: 0.5785) | EMA No-Trend Loss: 0.844311 | LR: 1.98e-04
Epoch [8/100] | Train Loss: 0.9373 (Base: 0.3218, Trend: 0.1680, DTW: 0.1490, TopK: 0.5798) | Val Loss: 0.823556 (Base: 0.3123, DTW: 0.1487, TopK: 0.5149) | EMA No-Trend Loss: 0.839122 | LR: 1.97e-04
Epoch [9/100] | Train Loss: 0.9318 (Base: 0.3210, Trend: 0.1682, DTW: 0.1472, TopK: 0.5781) | Val Loss: 0.806256 (Base: 0.2989, DTW: 0.1413, TopK: 0.5611) | EMA No-Trend Loss: 0.830906 | LR: 1.96e-04
Epoch [10/100] | Train Loss: 0.9229 (Base: 0.3182, Trend: 0.1672, DTW: 0.1451, TopK: 0.5764) | Val Loss: 0.810884 (Base: 0.3077, DTW: 0.1440, TopK: 0.5249) | EMA No-Trend Loss: 0.825900 | LR: 1.95e-04
Epoch [11/100] | Train Loss: 0.9222 (Base: 0.3188, Trend: 0.1676, DTW: 0.1446, TopK: 0.5749) | Val Loss: 0.807168 (Base: 0.3073, DTW: 0.1433, TopK: 0.5199) | EMA No-Trend Loss: 0.821217 | LR: 1.94e-04
Epoch [12/100] | Train Loss: 0.9174 (Base: 0.3173, Trend: 0.1666, DTW: 0.1438, TopK: 0.5719) | Val Loss: 0.817769 (Base: 0.3122, DTW: 0.1477, TopK: 0.5033) | EMA No-Trend Loss: 0.820355 | LR: 1.93e-04
Epoch [13/100] | Train Loss: 0.9155 (Base: 0.3168, Trend: 0.1667, DTW: 0.1433, TopK: 0.5713) | Val Loss: 0.812612 (Base: 0.3074, DTW: 0.1438, TopK: 0.5339) | EMA No-Trend Loss: 0.818419 | LR: 1.92e-04
Epoch [14/100] | Train Loss: 0.9115 (Base: 0.3157, Trend: 0.1658, DTW: 0.1425, TopK: 0.5699) | Val Loss: 0.810158 (Base: 0.3007, DTW: 0.1433, TopK: 0.5516) | EMA No-Trend Loss: 0.816354 | LR: 1.91e-04
Epoch [15/100] | Train Loss: 0.9017 (Base: 0.3130, Trend: 0.1650, DTW: 0.1403, TopK: 0.5652) | Val Loss: 0.794489 (Base: 0.3016, DTW: 0.1409, TopK: 0.5158) | EMA No-Trend Loss: 0.810888 | LR: 1.89e-04
Epoch [16/100] | Train Loss: 0.8974 (Base: 0.3123, Trend: 0.1652, DTW: 0.1391, TopK: 0.5622) | Val Loss: 0.796925 (Base: 0.3033, DTW: 0.1392, TopK: 0.5320) | EMA No-Trend Loss: 0.807397 | LR: 1.88e-04
Epoch [17/100] | Train Loss: 0.8975 (Base: 0.3122, Trend: 0.1655, DTW: 0.1388, TopK: 0.5648) | Val Loss: 0.809047 (Base: 0.3026, DTW: 0.1423, TopK: 0.5495) | EMA No-Trend Loss: 0.807809 | LR: 1.86e-04
Epoch [18/100] | Train Loss: 0.8883 (Base: 0.3099, Trend: 0.1651, DTW: 0.1366, TopK: 0.5598) | Val Loss: 0.805059 (Base: 0.2989, DTW: 0.1446, TopK: 0.5302) | EMA No-Trend Loss: 0.807122 | LR: 1.85e-04
Epoch [19/100] | Train Loss: 0.8854 (Base: 0.3088, Trend: 0.1639, DTW: 0.1364, TopK: 0.5576) | Val Loss: 0.796394 (Base: 0.3003, DTW: 0.1417, TopK: 0.5204) | EMA No-Trend Loss: 0.804440 | LR: 1.83e-04
Epoch [20/100] | Train Loss: 0.8796 (Base: 0.3074, Trend: 0.1644, DTW: 0.1347, TopK: 0.5561) | Val Loss: 0.799286 (Base: 0.3039, DTW: 0.1421, TopK: 0.5147) | EMA No-Trend Loss: 0.803152 | LR: 1.81e-04
Epoch [21/100] | Train Loss: 0.8798 (Base: 0.3078, Trend: 0.1643, DTW: 0.1347, TopK: 0.5552) | Val Loss: 0.801871 (Base: 0.3088, DTW: 0.1429, TopK: 0.5005) | EMA No-Trend Loss: 0.802831 | LR: 1.79e-04
Epoch [22/100] | Train Loss: 0.8768 (Base: 0.3071, Trend: 0.1638, DTW: 0.1341, TopK: 0.5528) | Val Loss: 0.798644 (Base: 0.3016, DTW: 0.1428, TopK: 0.5144) | EMA No-Trend Loss: 0.801784 | LR: 1.77e-04
Epoch [23/100] | Train Loss: 0.8676 (Base: 0.3041, Trend: 0.1628, DTW: 0.1324, TopK: 0.5475) | Val Loss: 0.794907 (Base: 0.2971, DTW: 0.1423, TopK: 0.5210) | EMA No-Trend Loss: 0.800065 | LR: 1.75e-04
Epoch [24/100] | Train Loss: 0.8727 (Base: 0.3057, Trend: 0.1637, DTW: 0.1333, TopK: 0.5508) | Val Loss: 0.776359 (Base: 0.2974, DTW: 0.1359, TopK: 0.5091) | EMA No-Trend Loss: 0.794139 | LR: 1.73e-04
Epoch [25/100] | Train Loss: 0.8662 (Base: 0.3042, Trend: 0.1641, DTW: 0.1312, TopK: 0.5502) | Val Loss: 0.818055 (Base: 0.3082, DTW: 0.1497, TopK: 0.5021) | EMA No-Trend Loss: 0.800118 | LR: 1.71e-04
Epoch [26/100] | Train Loss: 0.8635 (Base: 0.3030, Trend: 0.1628, DTW: 0.1314, TopK: 0.5457) | Val Loss: 0.794829 (Base: 0.3016, DTW: 0.1412, TopK: 0.5143) | EMA No-Trend Loss: 0.798796 | LR: 1.69e-04
Epoch [27/100] | Train Loss: 0.8600 (Base: 0.3023, Trend: 0.1625, DTW: 0.1306, TopK: 0.5432) | Val Loss: 0.810043 (Base: 0.3095, DTW: 0.1468, TopK: 0.4939) | EMA No-Trend Loss: 0.801608 | LR: 1.66e-04
Epoch [28/100] | Train Loss: 0.8550 (Base: 0.3008, Trend: 0.1628, DTW: 0.1293, TopK: 0.5421) | Val Loss: 0.789318 (Base: 0.2910, DTW: 0.1414, TopK: 0.5297) | EMA No-Trend Loss: 0.798535 | LR: 1.64e-04
Epoch [29/100] | Train Loss: 0.8514 (Base: 0.3006, Trend: 0.1626, DTW: 0.1282, TopK: 0.5397) | Val Loss: 0.816127 (Base: 0.3072, DTW: 0.1496, TopK: 0.4997) | EMA No-Trend Loss: 0.802933 | LR: 1.61e-04
Epoch [30/100] | Train Loss: 0.8524 (Base: 0.2999, Trend: 0.1632, DTW: 0.1286, TopK: 0.5405) | Val Loss: 0.803217 (Base: 0.3029, DTW: 0.1453, TopK: 0.5056) | EMA No-Trend Loss: 0.803004 | LR: 1.59e-04
Epoch [31/100] | Train Loss: 0.8458 (Base: 0.2987, Trend: 0.1626, DTW: 0.1271, TopK: 0.5360) | Val Loss: 0.803427 (Base: 0.3055, DTW: 0.1455, TopK: 0.4958) | EMA No-Trend Loss: 0.803110 | LR: 1.56e-04
Epoch [32/100] | Train Loss: 0.8406 (Base: 0.2973, Trend: 0.1615, DTW: 0.1262, TopK: 0.5325) | Val Loss: 0.798806 (Base: 0.3043, DTW: 0.1432, TopK: 0.5027) | EMA No-Trend Loss: 0.802034 | LR: 1.54e-04
Epoch [33/100] | Train Loss: 0.8418 (Base: 0.2980, Trend: 0.1629, DTW: 0.1258, TopK: 0.5344) | Val Loss: 0.800602 (Base: 0.2997, DTW: 0.1438, TopK: 0.5195) | EMA No-Trend Loss: 0.801676 | LR: 1.51e-04
Epoch [34/100] | Train Loss: 0.8385 (Base: 0.2966, Trend: 0.1625, DTW: 0.1253, TopK: 0.5331) | Val Loss: 0.808274 (Base: 0.3045, DTW: 0.1463, TopK: 0.5084) | EMA No-Trend Loss: 0.803325 | LR: 1.48e-04
Epoch [35/100] | Train Loss: 0.8326 (Base: 0.2952, Trend: 0.1619, DTW: 0.1239, TopK: 0.5305) | Val Loss: 0.807551 (Base: 0.3042, DTW: 0.1452, TopK: 0.5162) | EMA No-Trend Loss: 0.804382 | LR: 1.46e-04
Epoch [36/100] | Train Loss: 0.8258 (Base: 0.2930, Trend: 0.1612, DTW: 0.1225, TopK: 0.5270) | Val Loss: 0.788257 (Base: 0.2973, DTW: 0.1413, TopK: 0.5060) | EMA No-Trend Loss: 0.800351 | LR: 1.43e-04
Epoch [37/100] | Train Loss: 0.8276 (Base: 0.2940, Trend: 0.1615, DTW: 0.1227, TopK: 0.5278) | Val Loss: 0.798772 (Base: 0.3035, DTW: 0.1443, TopK: 0.4967) | EMA No-Trend Loss: 0.799956 | LR: 1.40e-04
Epoch [38/100] | Train Loss: 0.8235 (Base: 0.2923, Trend: 0.1611, DTW: 0.1218, TopK: 0.5273) | Val Loss: 0.799760 (Base: 0.3002, DTW: 0.1453, TopK: 0.5030) | EMA No-Trend Loss: 0.799907 | LR: 1.37e-04
Epoch [39/100] | Train Loss: 0.8237 (Base: 0.2925, Trend: 0.1614, DTW: 0.1221, TopK: 0.5247) | Val Loss: 0.799967 (Base: 0.3025, DTW: 0.1447, TopK: 0.5004) | EMA No-Trend Loss: 0.799922 | LR: 1.34e-04
Epoch [40/100] | Train Loss: 0.8184 (Base: 0.2912, Trend: 0.1613, DTW: 0.1207, TopK: 0.5231) | Val Loss: 0.798933 (Base: 0.2977, DTW: 0.1439, TopK: 0.5192) | EMA No-Trend Loss: 0.799675 | LR: 1.31e-04
Epoch [41/100] | Train Loss: 0.8201 (Base: 0.2915, Trend: 0.1620, DTW: 0.1208, TopK: 0.5254) | Val Loss: 0.796734 (Base: 0.3020, DTW: 0.1441, TopK: 0.4966) | EMA No-Trend Loss: 0.798940 | LR: 1.28e-04
Epoch [42/100] | Train Loss: 0.8146 (Base: 0.2906, Trend: 0.1613, DTW: 0.1195, TopK: 0.5217) | Val Loss: 0.810545 (Base: 0.3040, DTW: 0.1483, TopK: 0.5018) | EMA No-Trend Loss: 0.801841 | LR: 1.25e-04
Epoch [43/100] | Train Loss: 0.8096 (Base: 0.2887, Trend: 0.1615, DTW: 0.1187, TopK: 0.5174) | Val Loss: 0.800850 (Base: 0.3007, DTW: 0.1452, TopK: 0.5058) | EMA No-Trend Loss: 0.801593 | LR: 1.22e-04
Epoch [44/100] | Train Loss: 0.8050 (Base: 0.2877, Trend: 0.1610, DTW: 0.1176, TopK: 0.5155) | Val Loss: 0.793621 (Base: 0.2962, DTW: 0.1434, TopK: 0.5105) | EMA No-Trend Loss: 0.799600 | LR: 1.19e-04
Epoch [45/100] | Train Loss: 0.8057 (Base: 0.2874, Trend: 0.1616, DTW: 0.1178, TopK: 0.5161) | Val Loss: 0.797015 (Base: 0.2975, DTW: 0.1443, TopK: 0.5109) | EMA No-Trend Loss: 0.798954 | LR: 1.16e-04
Epoch [46/100] | Train Loss: 0.7977 (Base: 0.2852, Trend: 0.1607, DTW: 0.1161, TopK: 0.5117) | Val Loss: 0.799223 (Base: 0.2992, DTW: 0.1449, TopK: 0.5073) | EMA No-Trend Loss: 0.799021 | LR: 1.13e-04
Epoch [47/100] | Train Loss: 0.7997 (Base: 0.2863, Trend: 0.1612, DTW: 0.1164, TopK: 0.5117) | Val Loss: 0.794587 (Base: 0.2986, DTW: 0.1436, TopK: 0.5046) | EMA No-Trend Loss: 0.797912 | LR: 1.10e-04
Epoch [48/100] | Train Loss: 0.7977 (Base: 0.2856, Trend: 0.1610, DTW: 0.1160, TopK: 0.5110) | Val Loss: 0.797952 (Base: 0.2985, DTW: 0.1441, TopK: 0.5123) | EMA No-Trend Loss: 0.797922 | LR: 1.07e-04
Epoch [49/100] | Train Loss: 0.7933 (Base: 0.2846, Trend: 0.1606, DTW: 0.1151, TopK: 0.5072) | Val Loss: 0.783668 (Base: 0.2921, DTW: 0.1404, TopK: 0.5154) | EMA No-Trend Loss: 0.794359 | LR: 1.04e-04
Epoch [50/100] | Train Loss: 0.7959 (Base: 0.2847, Trend: 0.1609, DTW: 0.1156, TopK: 0.5112) | Val Loss: 0.787479 (Base: 0.2899, DTW: 0.1426, TopK: 0.5180) | EMA No-Trend Loss: 0.792639 | LR: 1.00e-04
Epoch [51/100] | Train Loss: 0.7891 (Base: 0.2835, Trend: 0.1610, DTW: 0.1137, TopK: 0.5073) | Val Loss: 0.795309 (Base: 0.2971, DTW: 0.1444, TopK: 0.5058) | EMA No-Trend Loss: 0.793306 | LR: 9.74e-05
Epoch [52/100] | Train Loss: 0.7888 (Base: 0.2826, Trend: 0.1610, DTW: 0.1137, TopK: 0.5094) | Val Loss: 0.796042 (Base: 0.2978, DTW: 0.1437, TopK: 0.5111) | EMA No-Trend Loss: 0.793990 | LR: 9.43e-05
Epoch [53/100] | Train Loss: 0.7850 (Base: 0.2818, Trend: 0.1611, DTW: 0.1131, TopK: 0.5044) | Val Loss: 0.807777 (Base: 0.3013, DTW: 0.1469, TopK: 0.5125) | EMA No-Trend Loss: 0.797437 | LR: 9.11e-05
Epoch [54/100] | Train Loss: 0.7778 (Base: 0.2806, Trend: 0.1606, DTW: 0.1112, TopK: 0.5000) | Val Loss: 0.790839 (Base: 0.2928, DTW: 0.1436, TopK: 0.5111) | EMA No-Trend Loss: 0.795787 | LR: 8.80e-05
Epoch [55/100] | Train Loss: 0.7772 (Base: 0.2800, Trend: 0.1604, DTW: 0.1113, TopK: 0.5000) | Val Loss: 0.786637 (Base: 0.2935, DTW: 0.1429, TopK: 0.5009) | EMA No-Trend Loss: 0.793500 | LR: 8.49e-05
Epoch [56/100] | Train Loss: 0.7756 (Base: 0.2793, Trend: 0.1606, DTW: 0.1107, TopK: 0.5013) | Val Loss: 0.810844 (Base: 0.3064, DTW: 0.1493, TopK: 0.4872) | EMA No-Trend Loss: 0.797836 | LR: 8.19e-05
Epoch [57/100] | Train Loss: 0.7741 (Base: 0.2793, Trend: 0.1611, DTW: 0.1104, TopK: 0.4978) | Val Loss: 0.799646 (Base: 0.2966, DTW: 0.1468, TopK: 0.5021) | EMA No-Trend Loss: 0.798288 | LR: 7.88e-05
Epoch [58/100] | Train Loss: 0.7732 (Base: 0.2790, Trend: 0.1612, DTW: 0.1101, TopK: 0.4980) | Val Loss: 0.799820 (Base: 0.2966, DTW: 0.1457, TopK: 0.5122) | EMA No-Trend Loss: 0.798671 | LR: 7.58e-05
Epoch [59/100] | Train Loss: 0.7713 (Base: 0.2784, Trend: 0.1615, DTW: 0.1095, TopK: 0.4981) | Val Loss: 0.803771 (Base: 0.3019, DTW: 0.1469, TopK: 0.4980) | EMA No-Trend Loss: 0.799946 | LR: 7.27e-05
Epoch [60/100] | Train Loss: 0.7702 (Base: 0.2782, Trend: 0.1615, DTW: 0.1094, TopK: 0.4956) | Val Loss: 0.801720 (Base: 0.2995, DTW: 0.1451, TopK: 0.5134) | EMA No-Trend Loss: 0.800390 | LR: 6.98e-05
Epoch [61/100] | Train Loss: 0.7698 (Base: 0.2785, Trend: 0.1618, DTW: 0.1089, TopK: 0.4969) | Val Loss: 0.791183 (Base: 0.2965, DTW: 0.1427, TopK: 0.5074) | EMA No-Trend Loss: 0.798088 | LR: 6.68e-05
Epoch [62/100] | Train Loss: 0.7626 (Base: 0.2758, Trend: 0.1608, DTW: 0.1077, TopK: 0.4930) | Val Loss: 0.800179 (Base: 0.2969, DTW: 0.1458, TopK: 0.5111) | EMA No-Trend Loss: 0.798611 | LR: 6.39e-05
Epoch [63/100] | Train Loss: 0.7537 (Base: 0.2728, Trend: 0.1599, DTW: 0.1061, TopK: 0.4880) | Val Loss: 0.806487 (Base: 0.3024, DTW: 0.1482, TopK: 0.4944) | EMA No-Trend Loss: 0.800580 | LR: 6.10e-05
Epoch [64/100] | Train Loss: 0.7544 (Base: 0.2730, Trend: 0.1603, DTW: 0.1060, TopK: 0.4895) | Val Loss: 0.796008 (Base: 0.2954, DTW: 0.1456, TopK: 0.5039) | EMA No-Trend Loss: 0.799437 | LR: 5.81e-05
Epoch [65/100] | Train Loss: 0.7559 (Base: 0.2740, Trend: 0.1611, DTW: 0.1063, TopK: 0.4872) | Val Loss: 0.783969 (Base: 0.2923, DTW: 0.1416, TopK: 0.5061) | EMA No-Trend Loss: 0.795570 | LR: 5.53e-05
Epoch [66/100] | Train Loss: 0.7561 (Base: 0.2740, Trend: 0.1609, DTW: 0.1063, TopK: 0.4883) | Val Loss: 0.794196 (Base: 0.2942, DTW: 0.1445, TopK: 0.5111) | EMA No-Trend Loss: 0.795226 | LR: 5.26e-05
Epoch [67/100] | Train Loss: 0.7547 (Base: 0.2743, Trend: 0.1613, DTW: 0.1055, TopK: 0.4885) | Val Loss: 0.795634 (Base: 0.2947, DTW: 0.1450, TopK: 0.5101) | EMA No-Trend Loss: 0.795328 | LR: 4.99e-05
Epoch [68/100] | Train Loss: 0.7522 (Base: 0.2733, Trend: 0.1613, DTW: 0.1051, TopK: 0.4867) | Val Loss: 0.799328 (Base: 0.2963, DTW: 0.1462, TopK: 0.5071) | EMA No-Trend Loss: 0.796328 | LR: 4.72e-05
Epoch [69/100] | Train Loss: 0.7535 (Base: 0.2729, Trend: 0.1615, DTW: 0.1053, TopK: 0.4908) | Val Loss: 0.797380 (Base: 0.2983, DTW: 0.1468, TopK: 0.4895) | EMA No-Trend Loss: 0.796591 | LR: 4.46e-05
Epoch [70/100] | Train Loss: 0.7472 (Base: 0.2716, Trend: 0.1611, DTW: 0.1040, TopK: 0.4846) | Val Loss: 0.798518 (Base: 0.2945, DTW: 0.1451, TopK: 0.5195) | EMA No-Trend Loss: 0.797073 | LR: 4.20e-05
Epoch [71/100] | Train Loss: 0.7479 (Base: 0.2718, Trend: 0.1614, DTW: 0.1042, TopK: 0.4846) | Val Loss: 0.805061 (Base: 0.2984, DTW: 0.1478, TopK: 0.5064) | EMA No-Trend Loss: 0.799070 | LR: 3.95e-05
Epoch [72/100] | Train Loss: 0.7411 (Base: 0.2701, Trend: 0.1607, DTW: 0.1023, TopK: 0.4835) | Val Loss: 0.799269 (Base: 0.2956, DTW: 0.1469, TopK: 0.5039) | EMA No-Trend Loss: 0.799120 | LR: 3.71e-05
Epoch [73/100] | Train Loss: 0.7449 (Base: 0.2711, Trend: 0.1619, DTW: 0.1032, TopK: 0.4843) | Val Loss: 0.799151 (Base: 0.2971, DTW: 0.1469, TopK: 0.4981) | EMA No-Trend Loss: 0.799128 | LR: 3.47e-05
Epoch [74/100] | Train Loss: 0.7411 (Base: 0.2701, Trend: 0.1616, DTW: 0.1024, TopK: 0.4814) | Val Loss: 0.800674 (Base: 0.2974, DTW: 0.1467, TopK: 0.5036) | EMA No-Trend Loss: 0.799514 | LR: 3.24e-05
Epoch [75/100] | Train Loss: 0.7365 (Base: 0.2687, Trend: 0.1609, DTW: 0.1016, TopK: 0.4786) | Val Loss: 0.804618 (Base: 0.2997, DTW: 0.1484, TopK: 0.4958) | EMA No-Trend Loss: 0.800790 | LR: 3.01e-05
Epoch [76/100] | Train Loss: 0.7390 (Base: 0.2691, Trend: 0.1614, DTW: 0.1021, TopK: 0.4809) | Val Loss: 0.800889 (Base: 0.2960, DTW: 0.1463, TopK: 0.5123) | EMA No-Trend Loss: 0.800815 | LR: 2.80e-05
Epoch [77/100] | Train Loss: 0.7372 (Base: 0.2681, Trend: 0.1611, DTW: 0.1018, TopK: 0.4805) | Val Loss: 0.796975 (Base: 0.2953, DTW: 0.1456, TopK: 0.5076) | EMA No-Trend Loss: 0.799855 | LR: 2.59e-05
Epoch [78/100] | Train Loss: 0.7340 (Base: 0.2682, Trend: 0.1611, DTW: 0.1010, TopK: 0.4765) | Val Loss: 0.802482 (Base: 0.2976, DTW: 0.1467, TopK: 0.5092) | EMA No-Trend Loss: 0.800512 | LR: 2.38e-05
Epoch [79/100] | Train Loss: 0.7373 (Base: 0.2686, Trend: 0.1619, DTW: 0.1015, TopK: 0.4807) | Val Loss: 0.796857 (Base: 0.2960, DTW: 0.1451, TopK: 0.5085) | EMA No-Trend Loss: 0.799598 | LR: 2.19e-05
Epoch [80/100] | Train Loss: 0.7348 (Base: 0.2680, Trend: 0.1615, DTW: 0.1009, TopK: 0.4797) | Val Loss: 0.797471 (Base: 0.2956, DTW: 0.1459, TopK: 0.5057) | EMA No-Trend Loss: 0.799066 | LR: 2.00e-05
Epoch [81/100] | Train Loss: 0.7311 (Base: 0.2672, Trend: 0.1610, DTW: 0.1001, TopK: 0.4773) | Val Loss: 0.801184 (Base: 0.2959, DTW: 0.1463, TopK: 0.5135) | EMA No-Trend Loss: 0.799596 | LR: 1.82e-05
Epoch [82/100] | Train Loss: 0.7276 (Base: 0.2659, Trend: 0.1608, DTW: 0.0996, TopK: 0.4741) | Val Loss: 0.795518 (Base: 0.2955, DTW: 0.1460, TopK: 0.4987) | EMA No-Trend Loss: 0.798576 | LR: 1.65e-05
Epoch [83/100] | Train Loss: 0.7290 (Base: 0.2668, Trend: 0.1615, DTW: 0.0997, TopK: 0.4742) | Val Loss: 0.806046 (Base: 0.2982, DTW: 0.1480, TopK: 0.5091) | EMA No-Trend Loss: 0.800444 | LR: 1.49e-05
Epoch [84/100] | Train Loss: 0.7263 (Base: 0.2655, Trend: 0.1607, DTW: 0.0994, TopK: 0.4733) | Val Loss: 0.800952 (Base: 0.2961, DTW: 0.1470, TopK: 0.5065) | EMA No-Trend Loss: 0.800571 | LR: 1.33e-05
Epoch [85/100] | Train Loss: 0.7250 (Base: 0.2653, Trend: 0.1611, DTW: 0.0987, TopK: 0.4741) | Val Loss: 0.806290 (Base: 0.2979, DTW: 0.1478, TopK: 0.5121) | EMA No-Trend Loss: 0.802001 | LR: 1.18e-05
Epoch [86/100] | Train Loss: 0.7256 (Base: 0.2655, Trend: 0.1615, DTW: 0.0989, TopK: 0.4732) | Val Loss: 0.806597 (Base: 0.2962, DTW: 0.1477, TopK: 0.5195) | EMA No-Trend Loss: 0.803150 | LR: 1.05e-05
Epoch [87/100] | Train Loss: 0.7250 (Base: 0.2654, Trend: 0.1614, DTW: 0.0986, TopK: 0.4738) | Val Loss: 0.804573 (Base: 0.2966, DTW: 0.1470, TopK: 0.5172) | EMA No-Trend Loss: 0.803505 | LR: 9.18e-06
Epoch [88/100] | Train Loss: 0.7245 (Base: 0.2649, Trend: 0.1612, DTW: 0.0987, TopK: 0.4734) | Val Loss: 0.801025 (Base: 0.2975, DTW: 0.1471, TopK: 0.5018) | EMA No-Trend Loss: 0.802885 | LR: 7.99e-06
Epoch [89/100] | Train Loss: 0.7225 (Base: 0.2648, Trend: 0.1616, DTW: 0.0981, TopK: 0.4712) | Val Loss: 0.809526 (Base: 0.2979, DTW: 0.1490, TopK: 0.5133) | EMA No-Trend Loss: 0.804545 | LR: 6.88e-06
Epoch [90/100] | Train Loss: 0.7225 (Base: 0.2643, Trend: 0.1612, DTW: 0.0983, TopK: 0.4719) | Val Loss: 0.802080 (Base: 0.2972, DTW: 0.1472, TopK: 0.5054) | EMA No-Trend Loss: 0.803929 | LR: 5.87e-06
Epoch [91/100] | Train Loss: 0.7203 (Base: 0.2643, Trend: 0.1609, DTW: 0.0975, TopK: 0.4721) | Val Loss: 0.800875 (Base: 0.2971, DTW: 0.1465, TopK: 0.5070) | EMA No-Trend Loss: 0.803166 | LR: 4.95e-06
Epoch [92/100] | Train Loss: 0.7242 (Base: 0.2646, Trend: 0.1617, DTW: 0.0986, TopK: 0.4739) | Val Loss: 0.804026 (Base: 0.2978, DTW: 0.1474, TopK: 0.5083) | EMA No-Trend Loss: 0.803381 | LR: 4.13e-06
Epoch [93/100] | Train Loss: 0.7214 (Base: 0.2645, Trend: 0.1615, DTW: 0.0979, TopK: 0.4710) | Val Loss: 0.797504 (Base: 0.2975, DTW: 0.1458, TopK: 0.5001) | EMA No-Trend Loss: 0.801911 | LR: 3.40e-06
Epoch [94/100] | Train Loss: 0.7185 (Base: 0.2631, Trend: 0.1610, DTW: 0.0974, TopK: 0.4707) | Val Loss: 0.802696 (Base: 0.2967, DTW: 0.1474, TopK: 0.5073) | EMA No-Trend Loss: 0.802107 | LR: 2.76e-06
Epoch [95/100] | Train Loss: 0.7226 (Base: 0.2650, Trend: 0.1617, DTW: 0.0979, TopK: 0.4728) | Val Loss: 0.800833 (Base: 0.2966, DTW: 0.1468, TopK: 0.5062) | EMA No-Trend Loss: 0.801789 | LR: 2.23e-06
Epoch [96/100] | Train Loss: 0.7210 (Base: 0.2644, Trend: 0.1619, DTW: 0.0977, TopK: 0.4702) | Val Loss: 0.800411 (Base: 0.2967, DTW: 0.1468, TopK: 0.5044) | EMA No-Trend Loss: 0.801444 | LR: 1.78e-06
Epoch [97/100] | Train Loss: 0.7191 (Base: 0.2632, Trend: 0.1614, DTW: 0.0977, TopK: 0.4694) | Val Loss: 0.803224 (Base: 0.2960, DTW: 0.1477, TopK: 0.5095) | EMA No-Trend Loss: 0.801889 | LR: 1.44e-06
Epoch [98/100] | Train Loss: 0.7198 (Base: 0.2637, Trend: 0.1615, DTW: 0.0975, TopK: 0.4713) | Val Loss: 0.812491 (Base: 0.2990, DTW: 0.1493, TopK: 0.5169) | EMA No-Trend Loss: 0.804540 | LR: 1.20e-06
Epoch [99/100] | Train Loss: 0.7205 (Base: 0.2642, Trend: 0.1605, DTW: 0.0976, TopK: 0.4723) | Val Loss: 0.805814 (Base: 0.2977, DTW: 0.1483, TopK: 0.5076) | EMA No-Trend Loss: 0.804858 | LR: 1.05e-06
Epoch [100/100] | Train Loss: 0.7230 (Base: 0.2654, Trend: 0.1622, DTW: 0.0978, TopK: 0.4725) | Val Loss: 0.807058 (Base: 0.2986, DTW: 0.1478, TopK: 0.5128) | EMA No-Trend Loss: 0.805408 | LR: 1.00e-06
