Starting Transformer experiment with seed 1 in /root/autodl-tmp/parallel_runs/worker_1_seed_1
Device: cuda
Data shape: (1029, 35040, 10)
Max PM2.5 value: 32768.0
Abnormal points (>1000): 636
Loaded cache: /root/autodl-tmp/parallel_runs/worker_1_seed_1/dataset_cache_train_2y_T144_P48_seed_1.pt (Eligible stations: 1029/1029)
Loaded cache: /root/autodl-tmp/parallel_runs/worker_1_seed_1/dataset_cache_val_1y_T144_P48_seed_1.pt (Eligible stations: 1029/1029)
Total trainable parameters: 3,313,409
Epoch [1/100] | Train Loss: 1.1002 (Base: 0.3501, Trend: 0.1904, DTW: 0.1961, TopK: 0.6138) | Val Loss: 0.879621 (Base: 0.3051, DTW: 0.1695, TopK: 0.5588) | EMA No-Trend Loss: 0.879621 | LR: 2.00e-04
Epoch [2/100] | Train Loss: 1.0214 (Base: 0.3388, Trend: 0.1748, DTW: 0.1726, TopK: 0.6033) | Val Loss: 0.856811 (Base: 0.3156, DTW: 0.1573, TopK: 0.5456) | EMA No-Trend Loss: 0.873919 | LR: 2.00e-04
Epoch [3/100] | Train Loss: 0.9872 (Base: 0.3324, Trend: 0.1757, DTW: 0.1620, TopK: 0.5935) | Val Loss: 0.842745 (Base: 0.3230, DTW: 0.1521, TopK: 0.5158) | EMA No-Trend Loss: 0.866125 | LR: 2.00e-04
Epoch [4/100] | Train Loss: 0.9688 (Base: 0.3286, Trend: 0.1746, DTW: 0.1567, TopK: 0.5892) | Val Loss: 0.817754 (Base: 0.3007, DTW: 0.1482, TopK: 0.5382) | EMA No-Trend Loss: 0.854032 | LR: 1.99e-04
Epoch [5/100] | Train Loss: 0.9539 (Base: 0.3247, Trend: 0.1731, DTW: 0.1536, TopK: 0.5802) | Val Loss: 0.810447 (Base: 0.3051, DTW: 0.1456, TopK: 0.5197) | EMA No-Trend Loss: 0.843136 | LR: 1.99e-04
Epoch [6/100] | Train Loss: 0.9425 (Base: 0.3217, Trend: 0.1718, DTW: 0.1507, TopK: 0.5773) | Val Loss: 0.828157 (Base: 0.3094, DTW: 0.1455, TopK: 0.5649) | EMA No-Trend Loss: 0.839391 | LR: 1.98e-04
Epoch [7/100] | Train Loss: 0.9308 (Base: 0.3192, Trend: 0.1708, DTW: 0.1478, TopK: 0.5713) | Val Loss: 0.796803 (Base: 0.2917, DTW: 0.1438, TopK: 0.5334) | EMA No-Trend Loss: 0.828744 | LR: 1.98e-04
Epoch [8/100] | Train Loss: 0.9220 (Base: 0.3168, Trend: 0.1709, DTW: 0.1453, TopK: 0.5700) | Val Loss: 0.795244 (Base: 0.2942, DTW: 0.1415, TopK: 0.5384) | EMA No-Trend Loss: 0.820369 | LR: 1.97e-04
Epoch [9/100] | Train Loss: 0.9182 (Base: 0.3160, Trend: 0.1704, DTW: 0.1441, TopK: 0.5700) | Val Loss: 0.799882 (Base: 0.3056, DTW: 0.1431, TopK: 0.5024) | EMA No-Trend Loss: 0.815247 | LR: 1.96e-04
Epoch [10/100] | Train Loss: 0.9140 (Base: 0.3147, Trend: 0.1704, DTW: 0.1433, TopK: 0.5672) | Val Loss: 0.793252 (Base: 0.2992, DTW: 0.1416, TopK: 0.5141) | EMA No-Trend Loss: 0.809749 | LR: 1.95e-04
Epoch [11/100] | Train Loss: 0.9025 (Base: 0.3124, Trend: 0.1696, DTW: 0.1405, TopK: 0.5608) | Val Loss: 0.808695 (Base: 0.3103, DTW: 0.1437, TopK: 0.5113) | EMA No-Trend Loss: 0.809485 | LR: 1.94e-04
Epoch [12/100] | Train Loss: 0.9008 (Base: 0.3121, Trend: 0.1701, DTW: 0.1397, TopK: 0.5614) | Val Loss: 0.797312 (Base: 0.3003, DTW: 0.1432, TopK: 0.5110) | EMA No-Trend Loss: 0.806442 | LR: 1.93e-04
Epoch [13/100] | Train Loss: 0.8943 (Base: 0.3101, Trend: 0.1697, DTW: 0.1383, TopK: 0.5578) | Val Loss: 0.792050 (Base: 0.3012, DTW: 0.1439, TopK: 0.4849) | EMA No-Trend Loss: 0.802844 | LR: 1.92e-04
Epoch [14/100] | Train Loss: 0.8889 (Base: 0.3082, Trend: 0.1688, DTW: 0.1375, TopK: 0.5541) | Val Loss: 0.790664 (Base: 0.2962, DTW: 0.1447, TopK: 0.4906) | EMA No-Trend Loss: 0.799799 | LR: 1.91e-04
Epoch [15/100] | Train Loss: 0.8834 (Base: 0.3072, Trend: 0.1690, DTW: 0.1357, TopK: 0.5535) | Val Loss: 0.793394 (Base: 0.3022, DTW: 0.1428, TopK: 0.4949) | EMA No-Trend Loss: 0.798198 | LR: 1.89e-04
Epoch [16/100] | Train Loss: 0.8794 (Base: 0.3065, Trend: 0.1691, DTW: 0.1343, TopK: 0.5535) | Val Loss: 0.775472 (Base: 0.2938, DTW: 0.1358, TopK: 0.5194) | EMA No-Trend Loss: 0.792516 | LR: 1.88e-04
Epoch [17/100] | Train Loss: 0.8732 (Base: 0.3048, Trend: 0.1688, DTW: 0.1328, TopK: 0.5510) | Val Loss: 0.784571 (Base: 0.2976, DTW: 0.1381, TopK: 0.5184) | EMA No-Trend Loss: 0.790530 | LR: 1.86e-04
Epoch [18/100] | Train Loss: 0.8701 (Base: 0.3047, Trend: 0.1688, DTW: 0.1321, TopK: 0.5467) | Val Loss: 0.774314 (Base: 0.2892, DTW: 0.1368, TopK: 0.5229) | EMA No-Trend Loss: 0.786476 | LR: 1.85e-04
Epoch [19/100] | Train Loss: 0.8686 (Base: 0.3034, Trend: 0.1686, DTW: 0.1321, TopK: 0.5460) | Val Loss: 0.789080 (Base: 0.2946, DTW: 0.1408, TopK: 0.5218) | EMA No-Trend Loss: 0.787127 | LR: 1.83e-04
Epoch [20/100] | Train Loss: 0.8590 (Base: 0.3007, Trend: 0.1680, DTW: 0.1295, TopK: 0.5449) | Val Loss: 0.778852 (Base: 0.2949, DTW: 0.1388, TopK: 0.5028) | EMA No-Trend Loss: 0.785058 | LR: 1.81e-04
Epoch [21/100] | Train Loss: 0.8636 (Base: 0.3020, Trend: 0.1686, DTW: 0.1307, TopK: 0.5455) | Val Loss: 0.779390 (Base: 0.2912, DTW: 0.1373, TopK: 0.5292) | EMA No-Trend Loss: 0.783641 | LR: 1.79e-04
Epoch [22/100] | Train Loss: 0.8534 (Base: 0.3001, Trend: 0.1677, DTW: 0.1284, TopK: 0.5370) | Val Loss: 0.780750 (Base: 0.2934, DTW: 0.1385, TopK: 0.5166) | EMA No-Trend Loss: 0.782918 | LR: 1.77e-04
Epoch [23/100] | Train Loss: 0.8499 (Base: 0.2983, Trend: 0.1673, DTW: 0.1280, TopK: 0.5357) | Val Loss: 0.795373 (Base: 0.3021, DTW: 0.1449, TopK: 0.4850) | EMA No-Trend Loss: 0.786032 | LR: 1.75e-04
Epoch [24/100] | Train Loss: 0.8408 (Base: 0.2960, Trend: 0.1664, DTW: 0.1257, TopK: 0.5332) | Val Loss: 0.787024 (Base: 0.2967, DTW: 0.1409, TopK: 0.5071) | EMA No-Trend Loss: 0.786280 | LR: 1.73e-04
Epoch [25/100] | Train Loss: 0.8428 (Base: 0.2966, Trend: 0.1675, DTW: 0.1258, TopK: 0.5347) | Val Loss: 0.781178 (Base: 0.2891, DTW: 0.1399, TopK: 0.5208) | EMA No-Trend Loss: 0.785005 | LR: 1.71e-04
Epoch [26/100] | Train Loss: 0.8381 (Base: 0.2948, Trend: 0.1666, DTW: 0.1251, TopK: 0.5325) | Val Loss: 0.787139 (Base: 0.2971, DTW: 0.1404, TopK: 0.5105) | EMA No-Trend Loss: 0.785538 | LR: 1.69e-04
Epoch [27/100] | Train Loss: 0.8365 (Base: 0.2952, Trend: 0.1674, DTW: 0.1242, TopK: 0.5321) | Val Loss: 0.784407 (Base: 0.2979, DTW: 0.1406, TopK: 0.4971) | EMA No-Trend Loss: 0.785256 | LR: 1.66e-04
Epoch [28/100] | Train Loss: 0.8303 (Base: 0.2930, Trend: 0.1667, DTW: 0.1228, TopK: 0.5305) | Val Loss: 0.777859 (Base: 0.2925, DTW: 0.1383, TopK: 0.5117) | EMA No-Trend Loss: 0.783406 | LR: 1.64e-04
Epoch [29/100] | Train Loss: 0.8284 (Base: 0.2929, Trend: 0.1672, DTW: 0.1222, TopK: 0.5286) | Val Loss: 0.774348 (Base: 0.2929, DTW: 0.1389, TopK: 0.4940) | EMA No-Trend Loss: 0.781142 | LR: 1.61e-04
Epoch [30/100] | Train Loss: 0.8246 (Base: 0.2918, Trend: 0.1668, DTW: 0.1213, TopK: 0.5277) | Val Loss: 0.774298 (Base: 0.2931, DTW: 0.1376, TopK: 0.5035) | EMA No-Trend Loss: 0.779431 | LR: 1.59e-04
Epoch [31/100] | Train Loss: 0.8185 (Base: 0.2902, Trend: 0.1662, DTW: 0.1201, TopK: 0.5235) | Val Loss: 0.776027 (Base: 0.2961, DTW: 0.1383, TopK: 0.4935) | EMA No-Trend Loss: 0.778580 | LR: 1.56e-04
Epoch [32/100] | Train Loss: 0.8180 (Base: 0.2904, Trend: 0.1670, DTW: 0.1198, TopK: 0.5219) | Val Loss: 0.777932 (Base: 0.2964, DTW: 0.1403, TopK: 0.4828) | EMA No-Trend Loss: 0.778418 | LR: 1.54e-04
Epoch [33/100] | Train Loss: 0.8129 (Base: 0.2884, Trend: 0.1658, DTW: 0.1188, TopK: 0.5210) | Val Loss: 0.773096 (Base: 0.2912, DTW: 0.1390, TopK: 0.4944) | EMA No-Trend Loss: 0.777087 | LR: 1.51e-04
Epoch [34/100] | Train Loss: 0.8113 (Base: 0.2881, Trend: 0.1661, DTW: 0.1185, TopK: 0.5189) | Val Loss: 0.780112 (Base: 0.2954, DTW: 0.1408, TopK: 0.4890) | EMA No-Trend Loss: 0.777843 | LR: 1.48e-04
Epoch [35/100] | Train Loss: 0.8070 (Base: 0.2869, Trend: 0.1663, DTW: 0.1175, TopK: 0.5167) | Val Loss: 0.777199 (Base: 0.2911, DTW: 0.1398, TopK: 0.5016) | EMA No-Trend Loss: 0.777682 | LR: 1.46e-04
Epoch [36/100] | Train Loss: 0.7989 (Base: 0.2849, Trend: 0.1657, DTW: 0.1156, TopK: 0.5127) | Val Loss: 0.763802 (Base: 0.2825, DTW: 0.1358, TopK: 0.5179) | EMA No-Trend Loss: 0.774212 | LR: 1.43e-04
Epoch [37/100] | Train Loss: 0.7972 (Base: 0.2846, Trend: 0.1662, DTW: 0.1152, TopK: 0.5100) | Val Loss: 0.777450 (Base: 0.2957, DTW: 0.1388, TopK: 0.4949) | EMA No-Trend Loss: 0.775022 | LR: 1.40e-04
Epoch [38/100] | Train Loss: 0.7974 (Base: 0.2850, Trend: 0.1663, DTW: 0.1148, TopK: 0.5124) | Val Loss: 0.775701 (Base: 0.2932, DTW: 0.1395, TopK: 0.4920) | EMA No-Trend Loss: 0.775192 | LR: 1.37e-04
Epoch [39/100] | Train Loss: 0.7916 (Base: 0.2832, Trend: 0.1658, DTW: 0.1137, TopK: 0.5082) | Val Loss: 0.776980 (Base: 0.2933, DTW: 0.1403, TopK: 0.4900) | EMA No-Trend Loss: 0.775639 | LR: 1.34e-04
Epoch [40/100] | Train Loss: 0.7919 (Base: 0.2835, Trend: 0.1662, DTW: 0.1136, TopK: 0.5088) | Val Loss: 0.776812 (Base: 0.2943, DTW: 0.1402, TopK: 0.4870) | EMA No-Trend Loss: 0.775932 | LR: 1.31e-04
Epoch [41/100] | Train Loss: 0.7880 (Base: 0.2819, Trend: 0.1662, DTW: 0.1128, TopK: 0.5075) | Val Loss: 0.768668 (Base: 0.2871, DTW: 0.1368, TopK: 0.5105) | EMA No-Trend Loss: 0.774116 | LR: 1.28e-04
Epoch [42/100] | Train Loss: 0.7882 (Base: 0.2824, Trend: 0.1663, DTW: 0.1129, TopK: 0.5057) | Val Loss: 0.776400 (Base: 0.2884, DTW: 0.1389, TopK: 0.5152) | EMA No-Trend Loss: 0.774687 | LR: 1.25e-04
Epoch [43/100] | Train Loss: 0.7867 (Base: 0.2814, Trend: 0.1662, DTW: 0.1126, TopK: 0.5063) | Val Loss: 0.786136 (Base: 0.2977, DTW: 0.1429, TopK: 0.4851) | EMA No-Trend Loss: 0.777549 | LR: 1.22e-04
Epoch [44/100] | Train Loss: 0.7748 (Base: 0.2780, Trend: 0.1650, DTW: 0.1102, TopK: 0.4993) | Val Loss: 0.768218 (Base: 0.2899, DTW: 0.1379, TopK: 0.4910) | EMA No-Trend Loss: 0.775216 | LR: 1.19e-04
Epoch [45/100] | Train Loss: 0.7763 (Base: 0.2791, Trend: 0.1659, DTW: 0.1101, TopK: 0.5004) | Val Loss: 0.775621 (Base: 0.2908, DTW: 0.1388, TopK: 0.5054) | EMA No-Trend Loss: 0.775318 | LR: 1.16e-04
Epoch [46/100] | Train Loss: 0.7681 (Base: 0.2762, Trend: 0.1653, DTW: 0.1086, TopK: 0.4954) | Val Loss: 0.779026 (Base: 0.2913, DTW: 0.1401, TopK: 0.5054) | EMA No-Trend Loss: 0.776245 | LR: 1.13e-04
Epoch [47/100] | Train Loss: 0.7689 (Base: 0.2767, Trend: 0.1654, DTW: 0.1086, TopK: 0.4961) | Val Loss: 0.775798 (Base: 0.2919, DTW: 0.1414, TopK: 0.4820) | EMA No-Trend Loss: 0.776133 | LR: 1.10e-04
Epoch [48/100] | Train Loss: 0.7580 (Base: 0.2734, Trend: 0.1638, DTW: 0.1066, TopK: 0.4895) | Val Loss: 0.780405 (Base: 0.2980, DTW: 0.1404, TopK: 0.4851) | EMA No-Trend Loss: 0.777201 | LR: 1.07e-04
Epoch [49/100] | Train Loss: 0.7605 (Base: 0.2741, Trend: 0.1645, DTW: 0.1069, TopK: 0.4916) | Val Loss: 0.760971 (Base: 0.2830, DTW: 0.1358, TopK: 0.5066) | EMA No-Trend Loss: 0.773144 | LR: 1.04e-04
Epoch [50/100] | Train Loss: 0.7601 (Base: 0.2744, Trend: 0.1653, DTW: 0.1065, TopK: 0.4911) | Val Loss: 0.777292 (Base: 0.2926, DTW: 0.1418, TopK: 0.4811) | EMA No-Trend Loss: 0.774181 | LR: 1.00e-04
Epoch [51/100] | Train Loss: 0.7572 (Base: 0.2729, Trend: 0.1649, DTW: 0.1060, TopK: 0.4913) | Val Loss: 0.772025 (Base: 0.2898, DTW: 0.1385, TopK: 0.4993) | EMA No-Trend Loss: 0.773642 | LR: 9.74e-05
Epoch [52/100] | Train Loss: 0.7497 (Base: 0.2714, Trend: 0.1643, DTW: 0.1043, TopK: 0.4860) | Val Loss: 0.789637 (Base: 0.2986, DTW: 0.1441, TopK: 0.4836) | EMA No-Trend Loss: 0.777641 | LR: 9.43e-05
Epoch [53/100] | Train Loss: 0.7518 (Base: 0.2718, Trend: 0.1648, DTW: 0.1047, TopK: 0.4878) | Val Loss: 0.782860 (Base: 0.2974, DTW: 0.1410, TopK: 0.4899) | EMA No-Trend Loss: 0.778945 | LR: 9.11e-05
Epoch [54/100] | Train Loss: 0.7489 (Base: 0.2709, Trend: 0.1649, DTW: 0.1041, TopK: 0.4854) | Val Loss: 0.766955 (Base: 0.2878, DTW: 0.1380, TopK: 0.4929) | EMA No-Trend Loss: 0.775948 | LR: 8.80e-05
Epoch [55/100] | Train Loss: 0.7433 (Base: 0.2700, Trend: 0.1648, DTW: 0.1026, TopK: 0.4826) | Val Loss: 0.778517 (Base: 0.2896, DTW: 0.1396, TopK: 0.5124) | EMA No-Trend Loss: 0.776590 | LR: 8.49e-05
Epoch [56/100] | Train Loss: 0.7483 (Base: 0.2709, Trend: 0.1654, DTW: 0.1039, TopK: 0.4843) | Val Loss: 0.779021 (Base: 0.2940, DTW: 0.1410, TopK: 0.4892) | EMA No-Trend Loss: 0.777198 | LR: 8.19e-05
Epoch [57/100] | Train Loss: 0.7416 (Base: 0.2689, Trend: 0.1652, DTW: 0.1022, TopK: 0.4832) | Val Loss: 0.773651 (Base: 0.2889, DTW: 0.1387, TopK: 0.5060) | EMA No-Trend Loss: 0.776311 | LR: 7.88e-05
Epoch [58/100] | Train Loss: 0.7386 (Base: 0.2682, Trend: 0.1648, DTW: 0.1016, TopK: 0.4808) | Val Loss: 0.776044 (Base: 0.2914, DTW: 0.1399, TopK: 0.4961) | EMA No-Trend Loss: 0.776244 | LR: 7.58e-05
Epoch [59/100] | Train Loss: 0.7322 (Base: 0.2662, Trend: 0.1638, DTW: 0.1006, TopK: 0.4755) | Val Loss: 0.788199 (Base: 0.2963, DTW: 0.1436, TopK: 0.4911) | EMA No-Trend Loss: 0.779233 | LR: 7.27e-05
Epoch [60/100] | Train Loss: 0.7355 (Base: 0.2672, Trend: 0.1656, DTW: 0.1007, TopK: 0.4797) | Val Loss: 0.782202 (Base: 0.2959, DTW: 0.1417, TopK: 0.4876) | EMA No-Trend Loss: 0.779975 | LR: 6.98e-05
Epoch [61/100] | Train Loss: 0.7337 (Base: 0.2674, Trend: 0.1654, DTW: 0.1002, TopK: 0.4768) | Val Loss: 0.777927 (Base: 0.2925, DTW: 0.1400, TopK: 0.4978) | EMA No-Trend Loss: 0.779463 | LR: 6.68e-05
Epoch [62/100] | Train Loss: 0.7289 (Base: 0.2654, Trend: 0.1646, DTW: 0.0995, TopK: 0.4749) | Val Loss: 0.779374 (Base: 0.2943, DTW: 0.1416, TopK: 0.4845) | EMA No-Trend Loss: 0.779441 | LR: 6.39e-05
Epoch [63/100] | Train Loss: 0.7272 (Base: 0.2645, Trend: 0.1644, DTW: 0.0992, TopK: 0.4750) | Val Loss: 0.776712 (Base: 0.2914, DTW: 0.1399, TopK: 0.4986) | EMA No-Trend Loss: 0.778759 | LR: 6.10e-05
Epoch [64/100] | Train Loss: 0.7267 (Base: 0.2648, Trend: 0.1646, DTW: 0.0990, TopK: 0.4731) | Val Loss: 0.778332 (Base: 0.2918, DTW: 0.1405, TopK: 0.4978) | EMA No-Trend Loss: 0.778652 | LR: 5.81e-05
Epoch [65/100] | Train Loss: 0.7188 (Base: 0.2627, Trend: 0.1638, DTW: 0.0972, TopK: 0.4694) | Val Loss: 0.784096 (Base: 0.2952, DTW: 0.1420, TopK: 0.4940) | EMA No-Trend Loss: 0.780013 | LR: 5.53e-05
Epoch [66/100] | Train Loss: 0.7179 (Base: 0.2621, Trend: 0.1640, DTW: 0.0971, TopK: 0.4688) | Val Loss: 0.782762 (Base: 0.2975, DTW: 0.1426, TopK: 0.4767) | EMA No-Trend Loss: 0.780700 | LR: 5.26e-05
Epoch [67/100] | Train Loss: 0.7175 (Base: 0.2620, Trend: 0.1643, DTW: 0.0969, TopK: 0.4690) | Val Loss: 0.774298 (Base: 0.2917, DTW: 0.1406, TopK: 0.4840) | EMA No-Trend Loss: 0.779100 | LR: 4.99e-05
Epoch [68/100] | Train Loss: 0.7140 (Base: 0.2611, Trend: 0.1636, DTW: 0.0965, TopK: 0.4652) | Val Loss: 0.786607 (Base: 0.2971, DTW: 0.1427, TopK: 0.4902) | EMA No-Trend Loss: 0.780976 | LR: 4.72e-05
Epoch [69/100] | Train Loss: 0.7125 (Base: 0.2606, Trend: 0.1639, DTW: 0.0958, TopK: 0.4662) | Val Loss: 0.778114 (Base: 0.2914, DTW: 0.1409, TopK: 0.4955) | EMA No-Trend Loss: 0.780261 | LR: 4.46e-05
Epoch [70/100] | Train Loss: 0.7114 (Base: 0.2605, Trend: 0.1644, DTW: 0.0953, TopK: 0.4668) | Val Loss: 0.781617 (Base: 0.2945, DTW: 0.1423, TopK: 0.4854) | EMA No-Trend Loss: 0.780600 | LR: 4.20e-05
Epoch [71/100] | Train Loss: 0.7118 (Base: 0.2609, Trend: 0.1645, DTW: 0.0956, TopK: 0.4640) | Val Loss: 0.791234 (Base: 0.2953, DTW: 0.1446, TopK: 0.4959) | EMA No-Trend Loss: 0.783258 | LR: 3.95e-05
Epoch [72/100] | Train Loss: 0.7078 (Base: 0.2590, Trend: 0.1641, DTW: 0.0945, TopK: 0.4660) | Val Loss: 0.776525 (Base: 0.2913, DTW: 0.1402, TopK: 0.4954) | EMA No-Trend Loss: 0.781575 | LR: 3.71e-05
Epoch [73/100] | Train Loss: 0.7076 (Base: 0.2591, Trend: 0.1641, DTW: 0.0948, TopK: 0.4630) | Val Loss: 0.786678 (Base: 0.2953, DTW: 0.1435, TopK: 0.4896) | EMA No-Trend Loss: 0.782851 | LR: 3.47e-05
Epoch [74/100] | Train Loss: 0.7060 (Base: 0.2585, Trend: 0.1642, DTW: 0.0944, TopK: 0.4627) | Val Loss: 0.782931 (Base: 0.2951, DTW: 0.1420, TopK: 0.4903) | EMA No-Trend Loss: 0.782871 | LR: 3.24e-05
Epoch [75/100] | Train Loss: 0.7024 (Base: 0.2577, Trend: 0.1640, DTW: 0.0935, TopK: 0.4610) | Val Loss: 0.775872 (Base: 0.2903, DTW: 0.1402, TopK: 0.4975) | EMA No-Trend Loss: 0.781121 | LR: 3.01e-05
Epoch [76/100] | Train Loss: 0.6998 (Base: 0.2570, Trend: 0.1634, DTW: 0.0931, TopK: 0.4589) | Val Loss: 0.768392 (Base: 0.2884, DTW: 0.1387, TopK: 0.4906) | EMA No-Trend Loss: 0.777939 | LR: 2.80e-05
Epoch [77/100] | Train Loss: 0.7007 (Base: 0.2573, Trend: 0.1639, DTW: 0.0931, TopK: 0.4599) | Val Loss: 0.785439 (Base: 0.2938, DTW: 0.1430, TopK: 0.4949) | EMA No-Trend Loss: 0.779814 | LR: 2.59e-05
Epoch [78/100] | Train Loss: 0.6994 (Base: 0.2568, Trend: 0.1640, DTW: 0.0929, TopK: 0.4590) | Val Loss: 0.772832 (Base: 0.2912, DTW: 0.1396, TopK: 0.4888) | EMA No-Trend Loss: 0.778068 | LR: 2.38e-05
Epoch [79/100] | Train Loss: 0.6942 (Base: 0.2552, Trend: 0.1634, DTW: 0.0919, TopK: 0.4556) | Val Loss: 0.779576 (Base: 0.2941, DTW: 0.1408, TopK: 0.4916) | EMA No-Trend Loss: 0.778445 | LR: 2.19e-05
Epoch [80/100] | Train Loss: 0.6932 (Base: 0.2552, Trend: 0.1632, DTW: 0.0917, TopK: 0.4543) | Val Loss: 0.786872 (Base: 0.2957, DTW: 0.1438, TopK: 0.4867) | EMA No-Trend Loss: 0.780552 | LR: 2.00e-05
Epoch [81/100] | Train Loss: 0.6939 (Base: 0.2553, Trend: 0.1638, DTW: 0.0918, TopK: 0.4545) | Val Loss: 0.787835 (Base: 0.2950, DTW: 0.1436, TopK: 0.4942) | EMA No-Trend Loss: 0.782373 | LR: 1.82e-05
Epoch [82/100] | Train Loss: 0.6905 (Base: 0.2544, Trend: 0.1631, DTW: 0.0911, TopK: 0.4532) | Val Loss: 0.784729 (Base: 0.2926, DTW: 0.1433, TopK: 0.4941) | EMA No-Trend Loss: 0.782962 | LR: 1.65e-05
Epoch [83/100] | Train Loss: 0.6926 (Base: 0.2552, Trend: 0.1639, DTW: 0.0914, TopK: 0.4535) | Val Loss: 0.778973 (Base: 0.2914, DTW: 0.1411, TopK: 0.4964) | EMA No-Trend Loss: 0.781965 | LR: 1.49e-05
Epoch [84/100] | Train Loss: 0.6890 (Base: 0.2539, Trend: 0.1636, DTW: 0.0907, TopK: 0.4523) | Val Loss: 0.789019 (Base: 0.2947, DTW: 0.1433, TopK: 0.5014) | EMA No-Trend Loss: 0.783728 | LR: 1.33e-05
Epoch [85/100] | Train Loss: 0.6879 (Base: 0.2536, Trend: 0.1632, DTW: 0.0904, TopK: 0.4528) | Val Loss: 0.781579 (Base: 0.2921, DTW: 0.1424, TopK: 0.4921) | EMA No-Trend Loss: 0.783191 | LR: 1.18e-05
Epoch [86/100] | Train Loss: 0.6890 (Base: 0.2540, Trend: 0.1635, DTW: 0.0907, TopK: 0.4522) | Val Loss: 0.786550 (Base: 0.2948, DTW: 0.1438, TopK: 0.4888) | EMA No-Trend Loss: 0.784031 | LR: 1.05e-05
Epoch [87/100] | Train Loss: 0.6876 (Base: 0.2534, Trend: 0.1636, DTW: 0.0904, TopK: 0.4518) | Val Loss: 0.784810 (Base: 0.2954, DTW: 0.1429, TopK: 0.4882) | EMA No-Trend Loss: 0.784225 | LR: 9.18e-06
Epoch [88/100] | Train Loss: 0.6884 (Base: 0.2537, Trend: 0.1640, DTW: 0.0904, TopK: 0.4528) | Val Loss: 0.780342 (Base: 0.2942, DTW: 0.1423, TopK: 0.4821) | EMA No-Trend Loss: 0.783254 | LR: 7.99e-06
Epoch [89/100] | Train Loss: 0.6916 (Base: 0.2547, Trend: 0.1645, DTW: 0.0911, TopK: 0.4534) | Val Loss: 0.784337 (Base: 0.2936, DTW: 0.1428, TopK: 0.4937) | EMA No-Trend Loss: 0.783525 | LR: 6.88e-06
Epoch [90/100] | Train Loss: 0.6842 (Base: 0.2526, Trend: 0.1634, DTW: 0.0897, TopK: 0.4490) | Val Loss: 0.786224 (Base: 0.2944, DTW: 0.1431, TopK: 0.4945) | EMA No-Trend Loss: 0.784200 | LR: 5.87e-06
Epoch [91/100] | Train Loss: 0.6871 (Base: 0.2535, Trend: 0.1639, DTW: 0.0899, TopK: 0.4528) | Val Loss: 0.787057 (Base: 0.2951, DTW: 0.1437, TopK: 0.4907) | EMA No-Trend Loss: 0.784914 | LR: 4.95e-06
Epoch [92/100] | Train Loss: 0.6868 (Base: 0.2532, Trend: 0.1638, DTW: 0.0902, TopK: 0.4509) | Val Loss: 0.781842 (Base: 0.2930, DTW: 0.1428, TopK: 0.4871) | EMA No-Trend Loss: 0.784146 | LR: 4.13e-06
Epoch [93/100] | Train Loss: 0.6798 (Base: 0.2515, Trend: 0.1629, DTW: 0.0887, TopK: 0.4464) | Val Loss: 0.783653 (Base: 0.2937, DTW: 0.1424, TopK: 0.4939) | EMA No-Trend Loss: 0.784023 | LR: 3.40e-06
Epoch [94/100] | Train Loss: 0.6860 (Base: 0.2531, Trend: 0.1637, DTW: 0.0900, TopK: 0.4503) | Val Loss: 0.780969 (Base: 0.2932, DTW: 0.1421, TopK: 0.4889) | EMA No-Trend Loss: 0.783259 | LR: 2.76e-06
Epoch [95/100] | Train Loss: 0.6820 (Base: 0.2515, Trend: 0.1633, DTW: 0.0892, TopK: 0.4492) | Val Loss: 0.790332 (Base: 0.2948, DTW: 0.1444, TopK: 0.4970) | EMA No-Trend Loss: 0.785027 | LR: 2.23e-06
Epoch [96/100] | Train Loss: 0.6809 (Base: 0.2517, Trend: 0.1634, DTW: 0.0890, TopK: 0.4469) | Val Loss: 0.785913 (Base: 0.2956, DTW: 0.1437, TopK: 0.4850) | EMA No-Trend Loss: 0.785249 | LR: 1.78e-06
Epoch [97/100] | Train Loss: 0.6796 (Base: 0.2511, Trend: 0.1626, DTW: 0.0888, TopK: 0.4469) | Val Loss: 0.783762 (Base: 0.2943, DTW: 0.1427, TopK: 0.4901) | EMA No-Trend Loss: 0.784877 | LR: 1.44e-06
Epoch [98/100] | Train Loss: 0.6864 (Base: 0.2528, Trend: 0.1642, DTW: 0.0900, TopK: 0.4514) | Val Loss: 0.779541 (Base: 0.2923, DTW: 0.1418, TopK: 0.4896) | EMA No-Trend Loss: 0.783543 | LR: 1.20e-06
Epoch [99/100] | Train Loss: 0.6787 (Base: 0.2510, Trend: 0.1624, DTW: 0.0886, TopK: 0.4465) | Val Loss: 0.793696 (Base: 0.2968, DTW: 0.1453, TopK: 0.4942) | EMA No-Trend Loss: 0.786081 | LR: 1.05e-06
Epoch [100/100] | Train Loss: 0.6797 (Base: 0.2514, Trend: 0.1627, DTW: 0.0887, TopK: 0.4472) | Val Loss: 0.788060 (Base: 0.2942, DTW: 0.1436, TopK: 0.4975) | EMA No-Trend Loss: 0.786576 | LR: 1.00e-06
