[*] Process seed: 3
Building static profile features from historical data...
[*] Total trainable parameters: 3,485,441
Epoch [1/100] | Train Mixed Loss (Trend, limit=2): 1.1095 (Base: 0.3517, DTW: 0.1998, TopK: 0.6123) | Val Mixed Loss (NoTrend, limit=2): 0.9438 (Base: 0.3262, DTW: 0.1938, TopK: 0.5081) | EMA NoTrend Loss: 0.943829 | LR: 2.00e-04
Epoch [2/100] | Train Mixed Loss (Trend, limit=2): 1.0177 (Base: 0.3378, DTW: 0.1712, TopK: 0.6040) | Val Mixed Loss (NoTrend, limit=2): 0.8631 (Base: 0.3135, DTW: 0.1575, TopK: 0.5716) | EMA NoTrend Loss: 0.923648 | LR: 2.00e-04
Epoch [3/100] | Train Mixed Loss (Trend, limit=2): 0.9829 (Base: 0.3310, DTW: 0.1603, TopK: 0.5967) | Val Mixed Loss (NoTrend, limit=2): 0.8440 (Base: 0.3178, DTW: 0.1517, TopK: 0.5402) | EMA NoTrend Loss: 0.903734 | LR: 2.00e-04
Epoch [4/100] | Train Mixed Loss (Trend, limit=2): 0.9585 (Base: 0.3256, DTW: 0.1537, TopK: 0.5882) | Val Mixed Loss (NoTrend, limit=2): 0.8274 (Base: 0.3156, DTW: 0.1494, TopK: 0.5104) | EMA NoTrend Loss: 0.884643 | LR: 1.99e-04
Epoch [5/100] | Train Mixed Loss (Trend, limit=2): 0.9426 (Base: 0.3218, DTW: 0.1494, TopK: 0.5822) | Val Mixed Loss (NoTrend, limit=2): 0.8781 (Base: 0.3312, DTW: 0.1707, TopK: 0.4576) | EMA NoTrend Loss: 0.882999 | LR: 1.99e-04
Epoch [6/100] | Train Mixed Loss (Trend, limit=2): 0.9196 (Base: 0.3157, DTW: 0.1452, TopK: 0.5650) | Val Mixed Loss (NoTrend, limit=2): 0.8024 (Base: 0.3097, DTW: 0.1414, TopK: 0.5112) | EMA NoTrend Loss: 0.862848 | LR: 1.98e-04
Epoch [7/100] | Train Mixed Loss (Trend, limit=2): 0.9110 (Base: 0.3135, DTW: 0.1421, TopK: 0.5679) | Val Mixed Loss (NoTrend, limit=2): 0.7703 (Base: 0.2920, DTW: 0.1350, TopK: 0.5140) | EMA NoTrend Loss: 0.839706 | LR: 1.98e-04
Epoch [8/100] | Train Mixed Loss (Trend, limit=2): 0.9059 (Base: 0.3127, DTW: 0.1409, TopK: 0.5638) | Val Mixed Loss (NoTrend, limit=2): 0.7899 (Base: 0.2977, DTW: 0.1365, TopK: 0.5491) | EMA NoTrend Loss: 0.827266 | LR: 1.97e-04
Epoch [9/100] | Train Mixed Loss (Trend, limit=2): 0.8941 (Base: 0.3091, DTW: 0.1381, TopK: 0.5606) | Val Mixed Loss (NoTrend, limit=2): 0.7801 (Base: 0.3018, DTW: 0.1372, TopK: 0.4969) | EMA NoTrend Loss: 0.815479 | LR: 1.96e-04
Epoch [10/100] | Train Mixed Loss (Trend, limit=2): 0.8840 (Base: 0.3066, DTW: 0.1354, TopK: 0.5567) | Val Mixed Loss (NoTrend, limit=2): 0.7678 (Base: 0.2837, DTW: 0.1313, TopK: 0.5638) | EMA NoTrend Loss: 0.803571 | LR: 1.95e-04
Epoch [11/100] | Train Mixed Loss (Trend, limit=2): 0.8780 (Base: 0.3052, DTW: 0.1344, TopK: 0.5523) | Val Mixed Loss (NoTrend, limit=2): 0.7608 (Base: 0.2888, DTW: 0.1301, TopK: 0.5327) | EMA NoTrend Loss: 0.792877 | LR: 1.94e-04
Epoch [12/100] | Train Mixed Loss (Trend, limit=2): 0.8680 (Base: 0.3023, DTW: 0.1321, TopK: 0.5484) | Val Mixed Loss (NoTrend, limit=2): 0.7573 (Base: 0.2894, DTW: 0.1330, TopK: 0.4957) | EMA NoTrend Loss: 0.783987 | LR: 1.93e-04
Epoch [13/100] | Train Mixed Loss (Trend, limit=2): 0.8653 (Base: 0.3019, DTW: 0.1314, TopK: 0.5460) | Val Mixed Loss (NoTrend, limit=2): 0.7553 (Base: 0.2891, DTW: 0.1318, TopK: 0.4994) | EMA NoTrend Loss: 0.776820 | LR: 1.92e-04
Epoch [14/100] | Train Mixed Loss (Trend, limit=2): 0.8595 (Base: 0.3011, DTW: 0.1296, TopK: 0.5430) | Val Mixed Loss (NoTrend, limit=2): 0.7678 (Base: 0.2950, DTW: 0.1358, TopK: 0.4899) | EMA NoTrend Loss: 0.774577 | LR: 1.91e-04
Epoch [15/100] | Train Mixed Loss (Trend, limit=2): 0.8516 (Base: 0.2989, DTW: 0.1277, TopK: 0.5405) | Val Mixed Loss (NoTrend, limit=2): 0.7566 (Base: 0.2901, DTW: 0.1346, TopK: 0.4785) | EMA NoTrend Loss: 0.770085 | LR: 1.89e-04
Epoch [16/100] | Train Mixed Loss (Trend, limit=2): 0.8410 (Base: 0.2960, DTW: 0.1255, TopK: 0.5345) | Val Mixed Loss (NoTrend, limit=2): 0.7437 (Base: 0.2823, DTW: 0.1279, TopK: 0.5148) | EMA NoTrend Loss: 0.763480 | LR: 1.88e-04
Epoch [17/100] | Train Mixed Loss (Trend, limit=2): 0.8445 (Base: 0.2969, DTW: 0.1260, TopK: 0.5375) | Val Mixed Loss (NoTrend, limit=2): 0.7638 (Base: 0.2959, DTW: 0.1361, TopK: 0.4706) | EMA NoTrend Loss: 0.763564 | LR: 1.86e-04
Epoch [18/100] | Train Mixed Loss (Trend, limit=2): 0.8380 (Base: 0.2954, DTW: 0.1245, TopK: 0.5333) | Val Mixed Loss (NoTrend, limit=2): 0.7419 (Base: 0.2789, DTW: 0.1295, TopK: 0.5077) | EMA NoTrend Loss: 0.758154 | LR: 1.85e-04
Epoch [19/100] | Train Mixed Loss (Trend, limit=2): 0.8347 (Base: 0.2942, DTW: 0.1239, TopK: 0.5322) | Val Mixed Loss (NoTrend, limit=2): 0.7393 (Base: 0.2823, DTW: 0.1283, TopK: 0.4971) | EMA NoTrend Loss: 0.753441 | LR: 1.83e-04
Epoch [20/100] | Train Mixed Loss (Trend, limit=2): 0.8282 (Base: 0.2923, DTW: 0.1226, TopK: 0.5281) | Val Mixed Loss (NoTrend, limit=2): 0.7443 (Base: 0.2878, DTW: 0.1292, TopK: 0.4878) | EMA NoTrend Loss: 0.751151 | LR: 1.81e-04
Epoch [21/100] | Train Mixed Loss (Trend, limit=2): 0.8237 (Base: 0.2922, DTW: 0.1211, TopK: 0.5249) | Val Mixed Loss (NoTrend, limit=2): 0.7360 (Base: 0.2861, DTW: 0.1267, TopK: 0.4858) | EMA NoTrend Loss: 0.747356 | LR: 1.79e-04
Epoch [22/100] | Train Mixed Loss (Trend, limit=2): 0.8153 (Base: 0.2894, DTW: 0.1196, TopK: 0.5204) | Val Mixed Loss (NoTrend, limit=2): 0.7278 (Base: 0.2740, DTW: 0.1248, TopK: 0.5139) | EMA NoTrend Loss: 0.742456 | LR: 1.77e-04
Epoch [23/100] | Train Mixed Loss (Trend, limit=2): 0.8151 (Base: 0.2889, DTW: 0.1197, TopK: 0.5208) | Val Mixed Loss (NoTrend, limit=2): 0.7555 (Base: 0.2921, DTW: 0.1344, TopK: 0.4694) | EMA NoTrend Loss: 0.745722 | LR: 1.75e-04
Epoch [24/100] | Train Mixed Loss (Trend, limit=2): 0.8093 (Base: 0.2875, DTW: 0.1184, TopK: 0.5175) | Val Mixed Loss (NoTrend, limit=2): 0.7293 (Base: 0.2807, DTW: 0.1279, TopK: 0.4718) | EMA NoTrend Loss: 0.741617 | LR: 1.73e-04
Epoch [25/100] | Train Mixed Loss (Trend, limit=2): 0.8040 (Base: 0.2856, DTW: 0.1176, TopK: 0.5144) | Val Mixed Loss (NoTrend, limit=2): 0.7221 (Base: 0.2778, DTW: 0.1222, TopK: 0.5032) | EMA NoTrend Loss: 0.736738 | LR: 1.71e-04
Epoch [26/100] | Train Mixed Loss (Trend, limit=2): 0.7989 (Base: 0.2844, DTW: 0.1161, TopK: 0.5127) | Val Mixed Loss (NoTrend, limit=2): 0.7421 (Base: 0.2880, DTW: 0.1290, TopK: 0.4819) | EMA NoTrend Loss: 0.738084 | LR: 1.69e-04
Epoch [27/100] | Train Mixed Loss (Trend, limit=2): 0.7946 (Base: 0.2834, DTW: 0.1153, TopK: 0.5092) | Val Mixed Loss (NoTrend, limit=2): 0.7213 (Base: 0.2744, DTW: 0.1238, TopK: 0.4991) | EMA NoTrend Loss: 0.733894 | LR: 1.66e-04
Epoch [28/100] | Train Mixed Loss (Trend, limit=2): 0.7952 (Base: 0.2839, DTW: 0.1152, TopK: 0.5098) | Val Mixed Loss (NoTrend, limit=2): 0.7395 (Base: 0.2865, DTW: 0.1283, TopK: 0.4836) | EMA NoTrend Loss: 0.735297 | LR: 1.64e-04
Epoch [29/100] | Train Mixed Loss (Trend, limit=2): 0.7915 (Base: 0.2831, DTW: 0.1139, TopK: 0.5091) | Val Mixed Loss (NoTrend, limit=2): 0.7401 (Base: 0.2934, DTW: 0.1301, TopK: 0.4482) | EMA NoTrend Loss: 0.736506 | LR: 1.61e-04
Epoch [30/100] | Train Mixed Loss (Trend, limit=2): 0.7823 (Base: 0.2807, DTW: 0.1120, TopK: 0.5038) | Val Mixed Loss (NoTrend, limit=2): 0.7308 (Base: 0.2829, DTW: 0.1280, TopK: 0.4691) | EMA NoTrend Loss: 0.735080 | LR: 1.59e-04
Epoch [31/100] | Train Mixed Loss (Trend, limit=2): 0.7790 (Base: 0.2799, DTW: 0.1115, TopK: 0.5000) | Val Mixed Loss (NoTrend, limit=2): 0.7207 (Base: 0.2773, DTW: 0.1241, TopK: 0.4854) | EMA NoTrend Loss: 0.731486 | LR: 1.56e-04
Epoch [32/100] | Train Mixed Loss (Trend, limit=2): 0.7786 (Base: 0.2796, DTW: 0.1113, TopK: 0.5014) | Val Mixed Loss (NoTrend, limit=2): 0.7305 (Base: 0.2840, DTW: 0.1265, TopK: 0.4760) | EMA NoTrend Loss: 0.731227 | LR: 1.54e-04
Epoch [33/100] | Train Mixed Loss (Trend, limit=2): 0.7753 (Base: 0.2786, DTW: 0.1106, TopK: 0.4992) | Val Mixed Loss (NoTrend, limit=2): 0.7277 (Base: 0.2805, DTW: 0.1253, TopK: 0.4879) | EMA NoTrend Loss: 0.730342 | LR: 1.51e-04
Epoch [34/100] | Train Mixed Loss (Trend, limit=2): 0.7686 (Base: 0.2762, DTW: 0.1096, TopK: 0.4941) | Val Mixed Loss (NoTrend, limit=2): 0.7385 (Base: 0.2874, DTW: 0.1300, TopK: 0.4640) | EMA NoTrend Loss: 0.732385 | LR: 1.48e-04
Epoch [35/100] | Train Mixed Loss (Trend, limit=2): 0.7661 (Base: 0.2763, DTW: 0.1083, TopK: 0.4945) | Val Mixed Loss (NoTrend, limit=2): 0.7248 (Base: 0.2782, DTW: 0.1254, TopK: 0.4852) | EMA NoTrend Loss: 0.730486 | LR: 1.46e-04
Epoch [36/100] | Train Mixed Loss (Trend, limit=2): 0.7603 (Base: 0.2746, DTW: 0.1076, TopK: 0.4887) | Val Mixed Loss (NoTrend, limit=2): 0.7349 (Base: 0.2874, DTW: 0.1282, TopK: 0.4660) | EMA NoTrend Loss: 0.731596 | LR: 1.43e-04
Epoch [37/100] | Train Mixed Loss (Trend, limit=2): 0.7579 (Base: 0.2739, DTW: 0.1069, TopK: 0.4885) | Val Mixed Loss (NoTrend, limit=2): 0.7307 (Base: 0.2818, DTW: 0.1273, TopK: 0.4782) | EMA NoTrend Loss: 0.731363 | LR: 1.40e-04
Epoch [38/100] | Train Mixed Loss (Trend, limit=2): 0.7576 (Base: 0.2739, DTW: 0.1067, TopK: 0.4878) | Val Mixed Loss (NoTrend, limit=2): 0.7269 (Base: 0.2798, DTW: 0.1254, TopK: 0.4872) | EMA NoTrend Loss: 0.730245 | LR: 1.37e-04
Epoch [39/100] | Train Mixed Loss (Trend, limit=2): 0.7522 (Base: 0.2720, DTW: 0.1056, TopK: 0.4865) | Val Mixed Loss (NoTrend, limit=2): 0.7278 (Base: 0.2821, DTW: 0.1276, TopK: 0.4651) | EMA NoTrend Loss: 0.729639 | LR: 1.34e-04
Epoch [40/100] | Train Mixed Loss (Trend, limit=2): 0.7483 (Base: 0.2707, DTW: 0.1048, TopK: 0.4852) | Val Mixed Loss (NoTrend, limit=2): 0.7311 (Base: 0.2850, DTW: 0.1289, TopK: 0.4559) | EMA NoTrend Loss: 0.730009 | LR: 1.31e-04
Epoch [41/100] | Train Mixed Loss (Trend, limit=2): 0.7469 (Base: 0.2708, DTW: 0.1042, TopK: 0.4834) | Val Mixed Loss (NoTrend, limit=2): 0.7374 (Base: 0.2883, DTW: 0.1288, TopK: 0.4666) | EMA NoTrend Loss: 0.731849 | LR: 1.28e-04
Epoch [42/100] | Train Mixed Loss (Trend, limit=2): 0.7438 (Base: 0.2705, DTW: 0.1034, TopK: 0.4808) | Val Mixed Loss (NoTrend, limit=2): 0.7220 (Base: 0.2803, DTW: 0.1257, TopK: 0.4667) | EMA NoTrend Loss: 0.729389 | LR: 1.25e-04
Epoch [43/100] | Train Mixed Loss (Trend, limit=2): 0.7387 (Base: 0.2688, DTW: 0.1027, TopK: 0.4766) | Val Mixed Loss (NoTrend, limit=2): 0.7331 (Base: 0.2860, DTW: 0.1285, TopK: 0.4626) | EMA NoTrend Loss: 0.730307 | LR: 1.22e-04
Epoch [44/100] | Train Mixed Loss (Trend, limit=2): 0.7386 (Base: 0.2682, DTW: 0.1027, TopK: 0.4772) | Val Mixed Loss (NoTrend, limit=2): 0.7268 (Base: 0.2839, DTW: 0.1265, TopK: 0.4640) | EMA NoTrend Loss: 0.729430 | LR: 1.19e-04
Epoch [45/100] | Train Mixed Loss (Trend, limit=2): 0.7319 (Base: 0.2669, DTW: 0.1012, TopK: 0.4721) | Val Mixed Loss (NoTrend, limit=2): 0.7175 (Base: 0.2722, DTW: 0.1239, TopK: 0.4933) | EMA NoTrend Loss: 0.726451 | LR: 1.16e-04
Epoch [46/100] | Train Mixed Loss (Trend, limit=2): 0.7314 (Base: 0.2667, DTW: 0.1008, TopK: 0.4737) | Val Mixed Loss (NoTrend, limit=2): 0.7226 (Base: 0.2798, DTW: 0.1258, TopK: 0.4694) | EMA NoTrend Loss: 0.725492 | LR: 1.13e-04
Epoch [47/100] | Train Mixed Loss (Trend, limit=2): 0.7267 (Base: 0.2652, DTW: 0.0998, TopK: 0.4709) | Val Mixed Loss (NoTrend, limit=2): 0.7399 (Base: 0.2862, DTW: 0.1301, TopK: 0.4714) | EMA NoTrend Loss: 0.729101 | LR: 1.10e-04
Epoch [48/100] | Train Mixed Loss (Trend, limit=2): 0.7211 (Base: 0.2634, DTW: 0.0988, TopK: 0.4683) | Val Mixed Loss (NoTrend, limit=2): 0.7228 (Base: 0.2781, DTW: 0.1259, TopK: 0.4751) | EMA NoTrend Loss: 0.727513 | LR: 1.07e-04
Epoch [49/100] | Train Mixed Loss (Trend, limit=2): 0.7229 (Base: 0.2644, DTW: 0.0989, TopK: 0.4691) | Val Mixed Loss (NoTrend, limit=2): 0.7292 (Base: 0.2830, DTW: 0.1273, TopK: 0.4694) | EMA NoTrend Loss: 0.727936 | LR: 1.04e-04
Epoch [50/100] | Train Mixed Loss (Trend, limit=2): 0.7244 (Base: 0.2646, DTW: 0.0993, TopK: 0.4697) | Val Mixed Loss (NoTrend, limit=2): 0.7283 (Base: 0.2831, DTW: 0.1273, TopK: 0.4654) | EMA NoTrend Loss: 0.728030 | LR: 1.00e-04
Epoch [51/100] | Train Mixed Loss (Trend, limit=2): 0.7169 (Base: 0.2622, DTW: 0.0977, TopK: 0.4675) | Val Mixed Loss (NoTrend, limit=2): 0.7241 (Base: 0.2796, DTW: 0.1269, TopK: 0.4665) | EMA NoTrend Loss: 0.727041 | LR: 9.74e-05
Epoch [52/100] | Train Mixed Loss (Trend, limit=2): 0.7126 (Base: 0.2609, DTW: 0.0968, TopK: 0.4650) | Val Mixed Loss (NoTrend, limit=2): 0.7399 (Base: 0.2890, DTW: 0.1316, TopK: 0.4506) | EMA NoTrend Loss: 0.730266 | LR: 9.43e-05
Epoch [53/100] | Train Mixed Loss (Trend, limit=2): 0.7115 (Base: 0.2613, DTW: 0.0964, TopK: 0.4615) | Val Mixed Loss (NoTrend, limit=2): 0.7275 (Base: 0.2824, DTW: 0.1276, TopK: 0.4628) | EMA NoTrend Loss: 0.729568 | LR: 9.11e-05
Epoch [54/100] | Train Mixed Loss (Trend, limit=2): 0.7068 (Base: 0.2593, DTW: 0.0956, TopK: 0.4606) | Val Mixed Loss (NoTrend, limit=2): 0.7222 (Base: 0.2795, DTW: 0.1266, TopK: 0.4625) | EMA NoTrend Loss: 0.727716 | LR: 8.80e-05
Epoch [55/100] | Train Mixed Loss (Trend, limit=2): 0.7037 (Base: 0.2585, DTW: 0.0947, TopK: 0.4599) | Val Mixed Loss (NoTrend, limit=2): 0.7471 (Base: 0.2907, DTW: 0.1324, TopK: 0.4627) | EMA NoTrend Loss: 0.732566 | LR: 8.49e-05
Epoch [56/100] | Train Mixed Loss (Trend, limit=2): 0.7056 (Base: 0.2590, DTW: 0.0952, TopK: 0.4602) | Val Mixed Loss (NoTrend, limit=2): 0.7285 (Base: 0.2837, DTW: 0.1275, TopK: 0.4625) | EMA NoTrend Loss: 0.731553 | LR: 8.19e-05
Epoch [57/100] | Train Mixed Loss (Trend, limit=2): 0.6993 (Base: 0.2572, DTW: 0.0939, TopK: 0.4566) | Val Mixed Loss (NoTrend, limit=2): 0.7237 (Base: 0.2786, DTW: 0.1269, TopK: 0.4686) | EMA NoTrend Loss: 0.729588 | LR: 7.88e-05
Epoch [58/100] | Train Mixed Loss (Trend, limit=2): 0.6963 (Base: 0.2566, DTW: 0.0929, TopK: 0.4559) | Val Mixed Loss (NoTrend, limit=2): 0.7364 (Base: 0.2864, DTW: 0.1295, TopK: 0.4636) | EMA NoTrend Loss: 0.731279 | LR: 7.58e-05
Epoch [59/100] | Train Mixed Loss (Trend, limit=2): 0.6952 (Base: 0.2561, DTW: 0.0930, TopK: 0.4532) | Val Mixed Loss (NoTrend, limit=2): 0.7341 (Base: 0.2865, DTW: 0.1295, TopK: 0.4557) | EMA NoTrend Loss: 0.731984 | LR: 7.27e-05
Epoch [60/100] | Train Mixed Loss (Trend, limit=2): 0.6908 (Base: 0.2541, DTW: 0.0924, TopK: 0.4510) | Val Mixed Loss (NoTrend, limit=2): 0.7321 (Base: 0.2830, DTW: 0.1290, TopK: 0.4649) | EMA NoTrend Loss: 0.732012 | LR: 6.98e-05
Epoch [61/100] | Train Mixed Loss (Trend, limit=2): 0.6860 (Base: 0.2536, DTW: 0.0911, TopK: 0.4478) | Val Mixed Loss (NoTrend, limit=2): 0.7287 (Base: 0.2837, DTW: 0.1282, TopK: 0.4576) | EMA NoTrend Loss: 0.731180 | LR: 6.68e-05
Epoch [62/100] | Train Mixed Loss (Trend, limit=2): 0.6881 (Base: 0.2547, DTW: 0.0912, TopK: 0.4492) | Val Mixed Loss (NoTrend, limit=2): 0.7268 (Base: 0.2825, DTW: 0.1280, TopK: 0.4569) | EMA NoTrend Loss: 0.730087 | LR: 6.39e-05
Epoch [63/100] | Train Mixed Loss (Trend, limit=2): 0.6824 (Base: 0.2531, DTW: 0.0901, TopK: 0.4451) | Val Mixed Loss (NoTrend, limit=2): 0.7322 (Base: 0.2831, DTW: 0.1293, TopK: 0.4627) | EMA NoTrend Loss: 0.730606 | LR: 6.10e-05
Epoch [64/100] | Train Mixed Loss (Trend, limit=2): 0.6841 (Base: 0.2529, DTW: 0.0905, TopK: 0.4477) | Val Mixed Loss (NoTrend, limit=2): 0.7477 (Base: 0.2898, DTW: 0.1332, TopK: 0.4605) | EMA NoTrend Loss: 0.734891 | LR: 5.81e-05
Epoch [65/100] | Train Mixed Loss (Trend, limit=2): 0.6815 (Base: 0.2523, DTW: 0.0900, TopK: 0.4452) | Val Mixed Loss (NoTrend, limit=2): 0.7399 (Base: 0.2873, DTW: 0.1312, TopK: 0.4590) | EMA NoTrend Loss: 0.736146 | LR: 5.53e-05
Epoch [66/100] | Train Mixed Loss (Trend, limit=2): 0.6729 (Base: 0.2500, DTW: 0.0883, TopK: 0.4401) | Val Mixed Loss (NoTrend, limit=2): 0.7352 (Base: 0.2832, DTW: 0.1300, TopK: 0.4664) | EMA NoTrend Loss: 0.735900 | LR: 5.26e-05
Epoch [67/100] | Train Mixed Loss (Trend, limit=2): 0.6747 (Base: 0.2499, DTW: 0.0886, TopK: 0.4423) | Val Mixed Loss (NoTrend, limit=2): 0.7378 (Base: 0.2868, DTW: 0.1310, TopK: 0.4558) | EMA NoTrend Loss: 0.736387 | LR: 4.99e-05
Epoch [68/100] | Train Mixed Loss (Trend, limit=2): 0.6740 (Base: 0.2499, DTW: 0.0885, TopK: 0.4417) | Val Mixed Loss (NoTrend, limit=2): 0.7353 (Base: 0.2861, DTW: 0.1302, TopK: 0.4558) | EMA NoTrend Loss: 0.736110 | LR: 4.72e-05
Epoch [69/100] | Train Mixed Loss (Trend, limit=2): 0.6675 (Base: 0.2481, DTW: 0.0872, TopK: 0.4373) | Val Mixed Loss (NoTrend, limit=2): 0.7312 (Base: 0.2835, DTW: 0.1288, TopK: 0.4620) | EMA NoTrend Loss: 0.734885 | LR: 4.46e-05
Epoch [70/100] | Train Mixed Loss (Trend, limit=2): 0.6719 (Base: 0.2498, DTW: 0.0878, TopK: 0.4400) | Val Mixed Loss (NoTrend, limit=2): 0.7259 (Base: 0.2802, DTW: 0.1268, TopK: 0.4714) | EMA NoTrend Loss: 0.732639 | LR: 4.20e-05
Epoch [71/100] | Train Mixed Loss (Trend, limit=2): 0.6721 (Base: 0.2495, DTW: 0.0879, TopK: 0.4407) | Val Mixed Loss (NoTrend, limit=2): 0.7337 (Base: 0.2838, DTW: 0.1299, TopK: 0.4606) | EMA NoTrend Loss: 0.732911 | LR: 3.95e-05
Epoch [72/100] | Train Mixed Loss (Trend, limit=2): 0.6683 (Base: 0.2481, DTW: 0.0872, TopK: 0.4385) | Val Mixed Loss (NoTrend, limit=2): 0.7284 (Base: 0.2824, DTW: 0.1274, TopK: 0.4671) | EMA NoTrend Loss: 0.731780 | LR: 3.71e-05
Epoch [73/100] | Train Mixed Loss (Trend, limit=2): 0.6638 (Base: 0.2468, DTW: 0.0865, TopK: 0.4342) | Val Mixed Loss (NoTrend, limit=2): 0.7406 (Base: 0.2861, DTW: 0.1313, TopK: 0.4645) | EMA NoTrend Loss: 0.733985 | LR: 3.47e-05
Epoch [74/100] | Train Mixed Loss (Trend, limit=2): 0.6623 (Base: 0.2469, DTW: 0.0859, TopK: 0.4332) | Val Mixed Loss (NoTrend, limit=2): 0.7308 (Base: 0.2833, DTW: 0.1282, TopK: 0.4659) | EMA NoTrend Loss: 0.733190 | LR: 3.24e-05
Epoch [75/100] | Train Mixed Loss (Trend, limit=2): 0.6599 (Base: 0.2464, DTW: 0.0853, TopK: 0.4325) | Val Mixed Loss (NoTrend, limit=2): 0.7438 (Base: 0.2886, DTW: 0.1310, TopK: 0.4691) | EMA NoTrend Loss: 0.735837 | LR: 3.01e-05
Epoch [76/100] | Train Mixed Loss (Trend, limit=2): 0.6616 (Base: 0.2466, DTW: 0.0857, TopK: 0.4335) | Val Mixed Loss (NoTrend, limit=2): 0.7354 (Base: 0.2847, DTW: 0.1302, TopK: 0.4609) | EMA NoTrend Loss: 0.735719 | LR: 2.80e-05
Epoch [77/100] | Train Mixed Loss (Trend, limit=2): 0.6589 (Base: 0.2457, DTW: 0.0854, TopK: 0.4315) | Val Mixed Loss (NoTrend, limit=2): 0.7305 (Base: 0.2827, DTW: 0.1292, TopK: 0.4593) | EMA NoTrend Loss: 0.734412 | LR: 2.59e-05
Epoch [78/100] | Train Mixed Loss (Trend, limit=2): 0.6532 (Base: 0.2436, DTW: 0.0843, TopK: 0.4291) | Val Mixed Loss (NoTrend, limit=2): 0.7348 (Base: 0.2854, DTW: 0.1296, TopK: 0.4612) | EMA NoTrend Loss: 0.734503 | LR: 2.38e-05
Epoch [79/100] | Train Mixed Loss (Trend, limit=2): 0.6558 (Base: 0.2450, DTW: 0.0844, TopK: 0.4304) | Val Mixed Loss (NoTrend, limit=2): 0.7335 (Base: 0.2834, DTW: 0.1292, TopK: 0.4669) | EMA NoTrend Loss: 0.734257 | LR: 2.19e-05
Epoch [80/100] | Train Mixed Loss (Trend, limit=2): 0.6511 (Base: 0.2434, DTW: 0.0836, TopK: 0.4280) | Val Mixed Loss (NoTrend, limit=2): 0.7410 (Base: 0.2860, DTW: 0.1312, TopK: 0.4669) | EMA NoTrend Loss: 0.735935 | LR: 2.00e-05
Epoch [81/100] | Train Mixed Loss (Trend, limit=2): 0.6532 (Base: 0.2440, DTW: 0.0842, TopK: 0.4272) | Val Mixed Loss (NoTrend, limit=2): 0.7254 (Base: 0.2820, DTW: 0.1270, TopK: 0.4617) | EMA NoTrend Loss: 0.733297 | LR: 1.82e-05
Epoch [82/100] | Train Mixed Loss (Trend, limit=2): 0.6522 (Base: 0.2438, DTW: 0.0838, TopK: 0.4280) | Val Mixed Loss (NoTrend, limit=2): 0.7410 (Base: 0.2877, DTW: 0.1313, TopK: 0.4607) | EMA NoTrend Loss: 0.735228 | LR: 1.65e-05
Epoch [83/100] | Train Mixed Loss (Trend, limit=2): 0.6476 (Base: 0.2418, DTW: 0.0831, TopK: 0.4263) | Val Mixed Loss (NoTrend, limit=2): 0.7375 (Base: 0.2848, DTW: 0.1306, TopK: 0.4637) | EMA NoTrend Loss: 0.735788 | LR: 1.49e-05
Epoch [84/100] | Train Mixed Loss (Trend, limit=2): 0.6520 (Base: 0.2433, DTW: 0.0839, TopK: 0.4275) | Val Mixed Loss (NoTrend, limit=2): 0.7362 (Base: 0.2828, DTW: 0.1298, TopK: 0.4730) | EMA NoTrend Loss: 0.735880 | LR: 1.33e-05
Epoch [85/100] | Train Mixed Loss (Trend, limit=2): 0.6490 (Base: 0.2428, DTW: 0.0833, TopK: 0.4247) | Val Mixed Loss (NoTrend, limit=2): 0.7353 (Base: 0.2831, DTW: 0.1304, TopK: 0.4637) | EMA NoTrend Loss: 0.735723 | LR: 1.18e-05
Epoch [86/100] | Train Mixed Loss (Trend, limit=2): 0.6512 (Base: 0.2429, DTW: 0.0836, TopK: 0.4286) | Val Mixed Loss (NoTrend, limit=2): 0.7368 (Base: 0.2866, DTW: 0.1307, TopK: 0.4547) | EMA NoTrend Loss: 0.735981 | LR: 1.05e-05
Epoch [87/100] | Train Mixed Loss (Trend, limit=2): 0.6437 (Base: 0.2411, DTW: 0.0819, TopK: 0.4248) | Val Mixed Loss (NoTrend, limit=2): 0.7383 (Base: 0.2856, DTW: 0.1313, TopK: 0.4587) | EMA NoTrend Loss: 0.736559 | LR: 9.18e-06
Epoch [88/100] | Train Mixed Loss (Trend, limit=2): 0.6484 (Base: 0.2426, DTW: 0.0830, TopK: 0.4251) | Val Mixed Loss (NoTrend, limit=2): 0.7326 (Base: 0.2829, DTW: 0.1294, TopK: 0.4632) | EMA NoTrend Loss: 0.735563 | LR: 7.99e-06
Epoch [89/100] | Train Mixed Loss (Trend, limit=2): 0.6479 (Base: 0.2422, DTW: 0.0829, TopK: 0.4256) | Val Mixed Loss (NoTrend, limit=2): 0.7346 (Base: 0.2837, DTW: 0.1297, TopK: 0.4658) | EMA NoTrend Loss: 0.735318 | LR: 6.88e-06
Epoch [90/100] | Train Mixed Loss (Trend, limit=2): 0.6445 (Base: 0.2413, DTW: 0.0823, TopK: 0.4234) | Val Mixed Loss (NoTrend, limit=2): 0.7330 (Base: 0.2834, DTW: 0.1293, TopK: 0.4641) | EMA NoTrend Loss: 0.734741 | LR: 5.87e-06
Epoch [91/100] | Train Mixed Loss (Trend, limit=2): 0.6459 (Base: 0.2415, DTW: 0.0825, TopK: 0.4252) | Val Mixed Loss (NoTrend, limit=2): 0.7358 (Base: 0.2840, DTW: 0.1299, TopK: 0.4665) | EMA NoTrend Loss: 0.735006 | LR: 4.95e-06
Epoch [92/100] | Train Mixed Loss (Trend, limit=2): 0.6470 (Base: 0.2417, DTW: 0.0829, TopK: 0.4255) | Val Mixed Loss (NoTrend, limit=2): 0.7419 (Base: 0.2868, DTW: 0.1321, TopK: 0.4604) | EMA NoTrend Loss: 0.736731 | LR: 4.13e-06
Epoch [93/100] | Train Mixed Loss (Trend, limit=2): 0.6456 (Base: 0.2415, DTW: 0.0822, TopK: 0.4253) | Val Mixed Loss (NoTrend, limit=2): 0.7357 (Base: 0.2848, DTW: 0.1296, TopK: 0.4666) | EMA NoTrend Loss: 0.736467 | LR: 3.40e-06
Epoch [94/100] | Train Mixed Loss (Trend, limit=2): 0.6472 (Base: 0.2417, DTW: 0.0829, TopK: 0.4244) | Val Mixed Loss (NoTrend, limit=2): 0.7377 (Base: 0.2854, DTW: 0.1300, TopK: 0.4674) | EMA NoTrend Loss: 0.736776 | LR: 2.76e-06
Epoch [95/100] | Train Mixed Loss (Trend, limit=2): 0.6471 (Base: 0.2414, DTW: 0.0829, TopK: 0.4263) | Val Mixed Loss (NoTrend, limit=2): 0.7394 (Base: 0.2852, DTW: 0.1313, TopK: 0.4642) | EMA NoTrend Loss: 0.737444 | LR: 2.23e-06
Epoch [96/100] | Train Mixed Loss (Trend, limit=2): 0.6460 (Base: 0.2412, DTW: 0.0827, TopK: 0.4248) | Val Mixed Loss (NoTrend, limit=2): 0.7471 (Base: 0.2885, DTW: 0.1329, TopK: 0.4657) | EMA NoTrend Loss: 0.739858 | LR: 1.78e-06
Epoch [97/100] | Train Mixed Loss (Trend, limit=2): 0.6411 (Base: 0.2405, DTW: 0.0815, TopK: 0.4213) | Val Mixed Loss (NoTrend, limit=2): 0.7366 (Base: 0.2856, DTW: 0.1304, TopK: 0.4602) | EMA NoTrend Loss: 0.739048 | LR: 1.44e-06
Epoch [98/100] | Train Mixed Loss (Trend, limit=2): 0.6436 (Base: 0.2410, DTW: 0.0819, TopK: 0.4238) | Val Mixed Loss (NoTrend, limit=2): 0.7370 (Base: 0.2850, DTW: 0.1303, TopK: 0.4641) | EMA NoTrend Loss: 0.738545 | LR: 1.20e-06
Epoch [99/100] | Train Mixed Loss (Trend, limit=2): 0.6437 (Base: 0.2405, DTW: 0.0822, TopK: 0.4238) | Val Mixed Loss (NoTrend, limit=2): 0.7355 (Base: 0.2852, DTW: 0.1300, TopK: 0.4614) | EMA NoTrend Loss: 0.737784 | LR: 1.05e-06
Epoch [100/100] | Train Mixed Loss (Trend, limit=2): 0.6419 (Base: 0.2407, DTW: 0.0818, TopK: 0.4211) | Val Mixed Loss (NoTrend, limit=2): 0.7480 (Base: 0.2895, DTW: 0.1330, TopK: 0.4647) | EMA NoTrend Loss: 0.740334 | LR: 1.00e-06
[*] Loaded best model from epoch 46 (EMA NoTrend Loss: 0.725492)
