Starting Transformer experiment with seed 1 in /root/autodl-tmp/parallel_runs/worker_1_seed_1
Device: cuda
Data shape: (1029, 35040, 10)
Max PM2.5 value: 32768.0
Abnormal points (>1000): 636
Loaded cache: /root/autodl-tmp/parallel_runs/worker_1_seed_1/dataset_cache_train_2y_T144_P48_seed_1.pt (Eligible stations: 1029/1029)
Loaded cache: /root/autodl-tmp/parallel_runs/worker_1_seed_1/dataset_cache_val_1y_T144_P48_seed_1.pt (Eligible stations: 1029/1029)
Total trainable parameters: 1,732,097
Epoch [1/100] | Train Loss: 1.0793 (Base: 0.3392, Trend: 0.1675, DTW: 0.1975, TopK: 0.6084) | Val Loss: 0.887478 (Base: 0.3093, DTW: 0.1679, TopK: 0.5845) | EMA No-Trend Loss: 0.887478 | LR: 1.00e-04
Epoch [2/100] | Train Loss: 0.9996 (Base: 0.3334, Trend: 0.1736, DTW: 0.1662, TopK: 0.6013) | Val Loss: 0.864863 (Base: 0.3247, DTW: 0.1592, TopK: 0.5266) | EMA No-Trend Loss: 0.881825 | LR: 9.99e-05
Epoch [3/100] | Train Loss: 0.9677 (Base: 0.3273, Trend: 0.1726, DTW: 0.1570, TopK: 0.5905) | Val Loss: 0.844592 (Base: 0.3207, DTW: 0.1557, TopK: 0.5008) | EMA No-Trend Loss: 0.872516 | LR: 9.98e-05
Epoch [4/100] | Train Loss: 0.9486 (Base: 0.3226, Trend: 0.1716, DTW: 0.1522, TopK: 0.5829) | Val Loss: 0.811910 (Base: 0.3048, DTW: 0.1449, TopK: 0.5313) | EMA No-Trend Loss: 0.857365 | LR: 9.96e-05
Epoch [5/100] | Train Loss: 0.9371 (Base: 0.3195, Trend: 0.1703, DTW: 0.1499, TopK: 0.5756) | Val Loss: 0.804951 (Base: 0.3018, DTW: 0.1447, TopK: 0.5195) | EMA No-Trend Loss: 0.844261 | LR: 9.94e-05
Epoch [6/100] | Train Loss: 0.9238 (Base: 0.3160, Trend: 0.1689, DTW: 0.1468, TopK: 0.5703) | Val Loss: 0.816016 (Base: 0.3095, DTW: 0.1470, TopK: 0.5123) | EMA No-Trend Loss: 0.837200 | LR: 9.91e-05
Epoch [7/100] | Train Loss: 0.9119 (Base: 0.3135, Trend: 0.1677, DTW: 0.1438, TopK: 0.5642) | Val Loss: 0.792494 (Base: 0.2920, DTW: 0.1404, TopK: 0.5456) | EMA No-Trend Loss: 0.826024 | LR: 9.88e-05
Epoch [8/100] | Train Loss: 0.9035 (Base: 0.3114, Trend: 0.1673, DTW: 0.1419, TopK: 0.5599) | Val Loss: 0.795175 (Base: 0.2979, DTW: 0.1429, TopK: 0.5141) | EMA No-Trend Loss: 0.818311 | LR: 9.84e-05
Epoch [9/100] | Train Loss: 0.8999 (Base: 0.3100, Trend: 0.1671, DTW: 0.1408, TopK: 0.5611) | Val Loss: 0.794572 (Base: 0.3035, DTW: 0.1422, TopK: 0.4993) | EMA No-Trend Loss: 0.812376 | LR: 9.80e-05
Epoch [10/100] | Train Loss: 0.8951 (Base: 0.3090, Trend: 0.1672, DTW: 0.1396, TopK: 0.5580) | Val Loss: 0.796656 (Base: 0.3000, DTW: 0.1425, TopK: 0.5154) | EMA No-Trend Loss: 0.808446 | LR: 9.76e-05
Epoch [11/100] | Train Loss: 0.8827 (Base: 0.3066, Trend: 0.1665, DTW: 0.1367, TopK: 0.5493) | Val Loss: 0.799477 (Base: 0.3057, DTW: 0.1428, TopK: 0.5034) | EMA No-Trend Loss: 0.806204 | LR: 9.71e-05
Epoch [12/100] | Train Loss: 0.8807 (Base: 0.3058, Trend: 0.1669, DTW: 0.1359, TopK: 0.5514) | Val Loss: 0.792462 (Base: 0.3004, DTW: 0.1422, TopK: 0.5024) | EMA No-Trend Loss: 0.802768 | LR: 9.65e-05
Epoch [13/100] | Train Loss: 0.8734 (Base: 0.3044, Trend: 0.1663, DTW: 0.1342, TopK: 0.5463) | Val Loss: 0.789014 (Base: 0.2983, DTW: 0.1431, TopK: 0.4908) | EMA No-Trend Loss: 0.799330 | LR: 9.59e-05
Epoch [14/100] | Train Loss: 0.8673 (Base: 0.3018, Trend: 0.1656, DTW: 0.1332, TopK: 0.5432) | Val Loss: 0.792967 (Base: 0.2999, DTW: 0.1439, TopK: 0.4927) | EMA No-Trend Loss: 0.797739 | LR: 9.53e-05
Epoch [15/100] | Train Loss: 0.8621 (Base: 0.3009, Trend: 0.1658, DTW: 0.1316, TopK: 0.5419) | Val Loss: 0.793997 (Base: 0.3025, DTW: 0.1420, TopK: 0.5023) | EMA No-Trend Loss: 0.796804 | LR: 9.46e-05
Epoch [16/100] | Train Loss: 0.8567 (Base: 0.2999, Trend: 0.1650, DTW: 0.1301, TopK: 0.5398) | Val Loss: 0.788452 (Base: 0.3006, DTW: 0.1413, TopK: 0.4952) | EMA No-Trend Loss: 0.794716 | LR: 9.39e-05
Epoch [17/100] | Train Loss: 0.8518 (Base: 0.2984, Trend: 0.1652, DTW: 0.1289, TopK: 0.5380) | Val Loss: 0.786195 (Base: 0.2992, DTW: 0.1382, TopK: 0.5172) | EMA No-Trend Loss: 0.792586 | LR: 9.31e-05
Epoch [18/100] | Train Loss: 0.8472 (Base: 0.2976, Trend: 0.1650, DTW: 0.1279, TopK: 0.5341) | Val Loss: 0.779812 (Base: 0.2923, DTW: 0.1400, TopK: 0.5049) | EMA No-Trend Loss: 0.789392 | LR: 9.23e-05
Epoch [19/100] | Train Loss: 0.8457 (Base: 0.2971, Trend: 0.1655, DTW: 0.1275, TopK: 0.5327) | Val Loss: 0.794545 (Base: 0.3008, DTW: 0.1427, TopK: 0.5045) | EMA No-Trend Loss: 0.790681 | LR: 9.14e-05
Epoch [20/100] | Train Loss: 0.8361 (Base: 0.2940, Trend: 0.1642, DTW: 0.1254, TopK: 0.5299) | Val Loss: 0.782117 (Base: 0.2922, DTW: 0.1410, TopK: 0.5054) | EMA No-Trend Loss: 0.788540 | LR: 9.05e-05
Epoch [21/100] | Train Loss: 0.8405 (Base: 0.2954, Trend: 0.1649, DTW: 0.1264, TopK: 0.5311) | Val Loss: 0.783438 (Base: 0.2935, DTW: 0.1405, TopK: 0.5094) | EMA No-Trend Loss: 0.787264 | LR: 8.96e-05
Epoch [22/100] | Train Loss: 0.8303 (Base: 0.2936, Trend: 0.1646, DTW: 0.1239, TopK: 0.5234) | Val Loss: 0.787855 (Base: 0.2933, DTW: 0.1417, TopK: 0.5151) | EMA No-Trend Loss: 0.787412 | LR: 8.86e-05
Epoch [23/100] | Train Loss: 0.8269 (Base: 0.2915, Trend: 0.1640, DTW: 0.1236, TopK: 0.5226) | Val Loss: 0.792950 (Base: 0.3009, DTW: 0.1434, TopK: 0.4928) | EMA No-Trend Loss: 0.788796 | LR: 8.76e-05
Epoch [24/100] | Train Loss: 0.8179 (Base: 0.2893, Trend: 0.1634, DTW: 0.1211, TopK: 0.5207) | Val Loss: 0.778052 (Base: 0.2922, DTW: 0.1386, TopK: 0.5103) | EMA No-Trend Loss: 0.786110 | LR: 8.66e-05
Epoch [25/100] | Train Loss: 0.8187 (Base: 0.2894, Trend: 0.1645, DTW: 0.1211, TopK: 0.5208) | Val Loss: 0.775814 (Base: 0.2901, DTW: 0.1385, TopK: 0.5114) | EMA No-Trend Loss: 0.783536 | LR: 8.55e-05
Epoch [26/100] | Train Loss: 0.8159 (Base: 0.2884, Trend: 0.1636, DTW: 0.1208, TopK: 0.5193) | Val Loss: 0.789461 (Base: 0.2982, DTW: 0.1420, TopK: 0.5015) | EMA No-Trend Loss: 0.785017 | LR: 8.44e-05
Epoch [27/100] | Train Loss: 0.8127 (Base: 0.2883, Trend: 0.1643, DTW: 0.1196, TopK: 0.5177) | Val Loss: 0.782951 (Base: 0.2939, DTW: 0.1403, TopK: 0.5083) | EMA No-Trend Loss: 0.784501 | LR: 8.32e-05
Epoch [28/100] | Train Loss: 0.8088 (Base: 0.2869, Trend: 0.1636, DTW: 0.1190, TopK: 0.5155) | Val Loss: 0.773941 (Base: 0.2893, DTW: 0.1381, TopK: 0.5104) | EMA No-Trend Loss: 0.781861 | LR: 8.21e-05
Epoch [29/100] | Train Loss: 0.8069 (Base: 0.2867, Trend: 0.1645, DTW: 0.1182, TopK: 0.5148) | Val Loss: 0.771061 (Base: 0.2904, DTW: 0.1375, TopK: 0.5021) | EMA No-Trend Loss: 0.779161 | LR: 8.08e-05
Epoch [30/100] | Train Loss: 0.8017 (Base: 0.2853, Trend: 0.1640, DTW: 0.1169, TopK: 0.5129) | Val Loss: 0.772706 (Base: 0.2912, DTW: 0.1389, TopK: 0.4939) | EMA No-Trend Loss: 0.777547 | LR: 7.96e-05
Epoch [31/100] | Train Loss: 0.7983 (Base: 0.2844, Trend: 0.1635, DTW: 0.1164, TopK: 0.5093) | Val Loss: 0.792965 (Base: 0.3010, DTW: 0.1440, TopK: 0.4883) | EMA No-Trend Loss: 0.781402 | LR: 7.83e-05
Epoch [32/100] | Train Loss: 0.7958 (Base: 0.2838, Trend: 0.1644, DTW: 0.1158, TopK: 0.5063) | Val Loss: 0.789087 (Base: 0.3005, DTW: 0.1432, TopK: 0.4834) | EMA No-Trend Loss: 0.783323 | LR: 7.70e-05
Epoch [33/100] | Train Loss: 0.7905 (Base: 0.2820, Trend: 0.1639, DTW: 0.1144, TopK: 0.5067) | Val Loss: 0.785079 (Base: 0.2956, DTW: 0.1428, TopK: 0.4887) | EMA No-Trend Loss: 0.783762 | LR: 7.57e-05
Epoch [34/100] | Train Loss: 0.7884 (Base: 0.2813, Trend: 0.1639, DTW: 0.1143, TopK: 0.5029) | Val Loss: 0.782247 (Base: 0.2953, DTW: 0.1420, TopK: 0.4868) | EMA No-Trend Loss: 0.783383 | LR: 7.43e-05
Epoch [35/100] | Train Loss: 0.7858 (Base: 0.2807, Trend: 0.1639, DTW: 0.1134, TopK: 0.5032) | Val Loss: 0.778865 (Base: 0.2943, DTW: 0.1407, TopK: 0.4898) | EMA No-Trend Loss: 0.782254 | LR: 7.30e-05
Epoch [36/100] | Train Loss: 0.7775 (Base: 0.2784, Trend: 0.1636, DTW: 0.1114, TopK: 0.5002) | Val Loss: 0.779971 (Base: 0.2930, DTW: 0.1406, TopK: 0.4984) | EMA No-Trend Loss: 0.781683 | LR: 7.16e-05
Epoch [37/100] | Train Loss: 0.7767 (Base: 0.2788, Trend: 0.1638, DTW: 0.1113, TopK: 0.4967) | Val Loss: 0.780784 (Base: 0.2948, DTW: 0.1409, TopK: 0.4926) | EMA No-Trend Loss: 0.781458 | LR: 7.02e-05
Epoch [38/100] | Train Loss: 0.7759 (Base: 0.2790, Trend: 0.1645, DTW: 0.1105, TopK: 0.4980) | Val Loss: 0.776464 (Base: 0.2924, DTW: 0.1396, TopK: 0.4969) | EMA No-Trend Loss: 0.780210 | LR: 6.87e-05
Epoch [39/100] | Train Loss: 0.7722 (Base: 0.2773, Trend: 0.1637, DTW: 0.1102, TopK: 0.4953) | Val Loss: 0.772907 (Base: 0.2919, DTW: 0.1390, TopK: 0.4914) | EMA No-Trend Loss: 0.778384 | LR: 6.73e-05
Epoch [40/100] | Train Loss: 0.7712 (Base: 0.2773, Trend: 0.1644, DTW: 0.1097, TopK: 0.4946) | Val Loss: 0.782949 (Base: 0.2948, DTW: 0.1420, TopK: 0.4912) | EMA No-Trend Loss: 0.779525 | LR: 6.58e-05
Epoch [41/100] | Train Loss: 0.7687 (Base: 0.2760, Trend: 0.1645, DTW: 0.1092, TopK: 0.4944) | Val Loss: 0.776183 (Base: 0.2904, DTW: 0.1397, TopK: 0.5015) | EMA No-Trend Loss: 0.778690 | LR: 6.43e-05
Epoch [42/100] | Train Loss: 0.7683 (Base: 0.2766, Trend: 0.1650, DTW: 0.1090, TopK: 0.4921) | Val Loss: 0.779115 (Base: 0.2888, DTW: 0.1406, TopK: 0.5092) | EMA No-Trend Loss: 0.778796 | LR: 6.28e-05
Epoch [43/100] | Train Loss: 0.7688 (Base: 0.2760, Trend: 0.1646, DTW: 0.1092, TopK: 0.4947) | Val Loss: 0.784779 (Base: 0.2953, DTW: 0.1421, TopK: 0.4948) | EMA No-Trend Loss: 0.780292 | LR: 6.13e-05
Epoch [44/100] | Train Loss: 0.7577 (Base: 0.2728, Trend: 0.1638, DTW: 0.1068, TopK: 0.4892) | Val Loss: 0.773138 (Base: 0.2899, DTW: 0.1397, TopK: 0.4934) | EMA No-Trend Loss: 0.778503 | LR: 5.98e-05
Epoch [45/100] | Train Loss: 0.7576 (Base: 0.2735, Trend: 0.1647, DTW: 0.1065, TopK: 0.4877) | Val Loss: 0.784432 (Base: 0.2942, DTW: 0.1420, TopK: 0.4984) | EMA No-Trend Loss: 0.779986 | LR: 5.82e-05
Epoch [46/100] | Train Loss: 0.7511 (Base: 0.2710, Trend: 0.1642, DTW: 0.1052, TopK: 0.4851) | Val Loss: 0.779022 (Base: 0.2915, DTW: 0.1402, TopK: 0.5034) | EMA No-Trend Loss: 0.779745 | LR: 5.67e-05
Epoch [47/100] | Train Loss: 0.7529 (Base: 0.2719, Trend: 0.1646, DTW: 0.1055, TopK: 0.4851) | Val Loss: 0.774346 (Base: 0.2917, DTW: 0.1411, TopK: 0.4803) | EMA No-Trend Loss: 0.778395 | LR: 5.52e-05
Epoch [48/100] | Train Loss: 0.7434 (Base: 0.2691, Trend: 0.1631, DTW: 0.1037, TopK: 0.4797) | Val Loss: 0.789341 (Base: 0.3003, DTW: 0.1432, TopK: 0.4849) | EMA No-Trend Loss: 0.781131 | LR: 5.36e-05
Epoch [49/100] | Train Loss: 0.7440 (Base: 0.2694, Trend: 0.1640, DTW: 0.1034, TopK: 0.4809) | Val Loss: 0.762411 (Base: 0.2825, DTW: 0.1359, TopK: 0.5124) | EMA No-Trend Loss: 0.776451 | LR: 5.21e-05
Epoch [50/100] | Train Loss: 0.7440 (Base: 0.2692, Trend: 0.1647, DTW: 0.1034, TopK: 0.4809) | Val Loss: 0.779125 (Base: 0.2935, DTW: 0.1418, TopK: 0.4843) | EMA No-Trend Loss: 0.777120 | LR: 5.05e-05
Epoch [51/100] | Train Loss: 0.7423 (Base: 0.2685, Trend: 0.1645, DTW: 0.1030, TopK: 0.4807) | Val Loss: 0.784722 (Base: 0.2959, DTW: 0.1417, TopK: 0.4960) | EMA No-Trend Loss: 0.779020 | LR: 4.89e-05
Epoch [52/100] | Train Loss: 0.7350 (Base: 0.2668, Trend: 0.1638, DTW: 0.1014, TopK: 0.4761) | Val Loss: 0.791733 (Base: 0.2950, DTW: 0.1444, TopK: 0.5001) | EMA No-Trend Loss: 0.782198 | LR: 4.74e-05
Epoch [53/100] | Train Loss: 0.7374 (Base: 0.2675, Trend: 0.1649, DTW: 0.1017, TopK: 0.4775) | Val Loss: 0.788726 (Base: 0.2984, DTW: 0.1429, TopK: 0.4910) | EMA No-Trend Loss: 0.783830 | LR: 4.58e-05
Epoch [54/100] | Train Loss: 0.7348 (Base: 0.2665, Trend: 0.1651, DTW: 0.1012, TopK: 0.4760) | Val Loss: 0.778952 (Base: 0.2908, DTW: 0.1416, TopK: 0.4944) | EMA No-Trend Loss: 0.782611 | LR: 4.43e-05
Epoch [55/100] | Train Loss: 0.7309 (Base: 0.2662, Trend: 0.1649, DTW: 0.1001, TopK: 0.4736) | Val Loss: 0.783048 (Base: 0.2924, DTW: 0.1412, TopK: 0.5062) | EMA No-Trend Loss: 0.782720 | LR: 4.28e-05
Epoch [56/100] | Train Loss: 0.7345 (Base: 0.2665, Trend: 0.1655, DTW: 0.1010, TopK: 0.4763) | Val Loss: 0.780088 (Base: 0.2939, DTW: 0.1416, TopK: 0.4880) | EMA No-Trend Loss: 0.782062 | LR: 4.12e-05
Epoch [57/100] | Train Loss: 0.7292 (Base: 0.2652, Trend: 0.1655, DTW: 0.0996, TopK: 0.4742) | Val Loss: 0.776235 (Base: 0.2900, DTW: 0.1397, TopK: 0.5031) | EMA No-Trend Loss: 0.780605 | LR: 3.97e-05
Epoch [58/100] | Train Loss: 0.7258 (Base: 0.2645, Trend: 0.1652, DTW: 0.0988, TopK: 0.4716) | Val Loss: 0.782044 (Base: 0.2924, DTW: 0.1413, TopK: 0.5015) | EMA No-Trend Loss: 0.780965 | LR: 3.82e-05
Epoch [59/100] | Train Loss: 0.7214 (Base: 0.2625, Trend: 0.1644, DTW: 0.0983, TopK: 0.4693) | Val Loss: 0.785122 (Base: 0.2947, DTW: 0.1428, TopK: 0.4920) | EMA No-Trend Loss: 0.782004 | LR: 3.67e-05
Epoch [60/100] | Train Loss: 0.7251 (Base: 0.2641, Trend: 0.1659, DTW: 0.0985, TopK: 0.4723) | Val Loss: 0.786173 (Base: 0.2962, DTW: 0.1434, TopK: 0.4860) | EMA No-Trend Loss: 0.783046 | LR: 3.52e-05
Epoch [61/100] | Train Loss: 0.7232 (Base: 0.2638, Trend: 0.1664, DTW: 0.0980, TopK: 0.4700) | Val Loss: 0.783084 (Base: 0.2934, DTW: 0.1417, TopK: 0.4989) | EMA No-Trend Loss: 0.783055 | LR: 3.37e-05
Epoch [62/100] | Train Loss: 0.7189 (Base: 0.2621, Trend: 0.1655, DTW: 0.0973, TopK: 0.4685) | Val Loss: 0.782040 (Base: 0.2942, DTW: 0.1423, TopK: 0.4879) | EMA No-Trend Loss: 0.782802 | LR: 3.23e-05
Epoch [63/100] | Train Loss: 0.7177 (Base: 0.2617, Trend: 0.1654, DTW: 0.0971, TopK: 0.4675) | Val Loss: 0.787167 (Base: 0.2961, DTW: 0.1430, TopK: 0.4929) | EMA No-Trend Loss: 0.783893 | LR: 3.08e-05
Epoch [64/100] | Train Loss: 0.7171 (Base: 0.2621, Trend: 0.1659, DTW: 0.0966, TopK: 0.4671) | Val Loss: 0.780413 (Base: 0.2914, DTW: 0.1406, TopK: 0.5051) | EMA No-Trend Loss: 0.783023 | LR: 2.94e-05
Epoch [65/100] | Train Loss: 0.7096 (Base: 0.2598, Trend: 0.1650, DTW: 0.0952, TopK: 0.4624) | Val Loss: 0.787742 (Base: 0.2945, DTW: 0.1428, TopK: 0.5020) | EMA No-Trend Loss: 0.784203 | LR: 2.80e-05
Epoch [66/100] | Train Loss: 0.7100 (Base: 0.2595, Trend: 0.1653, DTW: 0.0953, TopK: 0.4635) | Val Loss: 0.790731 (Base: 0.2985, DTW: 0.1451, TopK: 0.4799) | EMA No-Trend Loss: 0.785835 | LR: 2.67e-05
Epoch [67/100] | Train Loss: 0.7103 (Base: 0.2596, Trend: 0.1654, DTW: 0.0954, TopK: 0.4635) | Val Loss: 0.776861 (Base: 0.2917, DTW: 0.1410, TopK: 0.4895) | EMA No-Trend Loss: 0.783591 | LR: 2.53e-05
Epoch [68/100] | Train Loss: 0.7070 (Base: 0.2587, Trend: 0.1654, DTW: 0.0947, TopK: 0.4609) | Val Loss: 0.784280 (Base: 0.2957, DTW: 0.1423, TopK: 0.4900) | EMA No-Trend Loss: 0.783764 | LR: 2.40e-05
Epoch [69/100] | Train Loss: 0.7065 (Base: 0.2586, Trend: 0.1655, DTW: 0.0944, TopK: 0.4618) | Val Loss: 0.785492 (Base: 0.2930, DTW: 0.1429, TopK: 0.4987) | EMA No-Trend Loss: 0.784196 | LR: 2.27e-05
Epoch [70/100] | Train Loss: 0.7052 (Base: 0.2584, Trend: 0.1663, DTW: 0.0938, TopK: 0.4617) | Val Loss: 0.781570 (Base: 0.2938, DTW: 0.1421, TopK: 0.4888) | EMA No-Trend Loss: 0.783539 | LR: 2.14e-05
Epoch [71/100] | Train Loss: 0.7060 (Base: 0.2588, Trend: 0.1662, DTW: 0.0942, TopK: 0.4595) | Val Loss: 0.791088 (Base: 0.2953, DTW: 0.1450, TopK: 0.4923) | EMA No-Trend Loss: 0.785427 | LR: 2.02e-05
Epoch [72/100] | Train Loss: 0.7036 (Base: 0.2576, Trend: 0.1660, DTW: 0.0935, TopK: 0.4617) | Val Loss: 0.782381 (Base: 0.2915, DTW: 0.1412, TopK: 0.5067) | EMA No-Trend Loss: 0.784665 | LR: 1.89e-05
Epoch [73/100] | Train Loss: 0.7026 (Base: 0.2575, Trend: 0.1663, DTW: 0.0935, TopK: 0.4585) | Val Loss: 0.782598 (Base: 0.2916, DTW: 0.1418, TopK: 0.5022) | EMA No-Trend Loss: 0.784148 | LR: 1.78e-05
Epoch [74/100] | Train Loss: 0.7017 (Base: 0.2573, Trend: 0.1661, DTW: 0.0933, TopK: 0.4578) | Val Loss: 0.777238 (Base: 0.2920, DTW: 0.1405, TopK: 0.4936) | EMA No-Trend Loss: 0.782421 | LR: 1.66e-05
Epoch [75/100] | Train Loss: 0.6977 (Base: 0.2559, Trend: 0.1659, DTW: 0.0923, TopK: 0.4580) | Val Loss: 0.783495 (Base: 0.2921, DTW: 0.1422, TopK: 0.5000) | EMA No-Trend Loss: 0.782689 | LR: 1.55e-05
Epoch [76/100] | Train Loss: 0.6963 (Base: 0.2561, Trend: 0.1656, DTW: 0.0922, TopK: 0.4540) | Val Loss: 0.769501 (Base: 0.2884, DTW: 0.1390, TopK: 0.4917) | EMA No-Trend Loss: 0.779392 | LR: 1.44e-05
Epoch [77/100] | Train Loss: 0.6972 (Base: 0.2560, Trend: 0.1661, DTW: 0.0921, TopK: 0.4574) | Val Loss: 0.784439 (Base: 0.2926, DTW: 0.1428, TopK: 0.4967) | EMA No-Trend Loss: 0.780654 | LR: 1.34e-05
Epoch [78/100] | Train Loss: 0.6980 (Base: 0.2561, Trend: 0.1666, DTW: 0.0922, TopK: 0.4576) | Val Loss: 0.768248 (Base: 0.2886, DTW: 0.1379, TopK: 0.4953) | EMA No-Trend Loss: 0.777552 | LR: 1.24e-05
Epoch [79/100] | Train Loss: 0.6919 (Base: 0.2544, Trend: 0.1659, DTW: 0.0910, TopK: 0.4538) | Val Loss: 0.783388 (Base: 0.2934, DTW: 0.1418, TopK: 0.4987) | EMA No-Trend Loss: 0.779011 | LR: 1.14e-05
Epoch [80/100] | Train Loss: 0.6913 (Base: 0.2543, Trend: 0.1660, DTW: 0.0908, TopK: 0.4535) | Val Loss: 0.786095 (Base: 0.2951, DTW: 0.1429, TopK: 0.4931) | EMA No-Trend Loss: 0.780782 | LR: 1.05e-05
Epoch [81/100] | Train Loss: 0.6927 (Base: 0.2548, Trend: 0.1669, DTW: 0.0911, TopK: 0.4530) | Val Loss: 0.794363 (Base: 0.2978, DTW: 0.1454, TopK: 0.4924) | EMA No-Trend Loss: 0.784178 | LR: 9.56e-06
Epoch [82/100] | Train Loss: 0.6913 (Base: 0.2544, Trend: 0.1658, DTW: 0.0908, TopK: 0.4537) | Val Loss: 0.785482 (Base: 0.2933, DTW: 0.1431, TopK: 0.4962) | EMA No-Trend Loss: 0.784504 | LR: 8.71e-06
Epoch [83/100] | Train Loss: 0.6918 (Base: 0.2548, Trend: 0.1668, DTW: 0.0908, TopK: 0.4526) | Val Loss: 0.781197 (Base: 0.2925, DTW: 0.1415, TopK: 0.4970) | EMA No-Trend Loss: 0.783677 | LR: 7.89e-06
Epoch [84/100] | Train Loss: 0.6883 (Base: 0.2536, Trend: 0.1664, DTW: 0.0900, TopK: 0.4514) | Val Loss: 0.791073 (Base: 0.2955, DTW: 0.1439, TopK: 0.5006) | EMA No-Trend Loss: 0.785526 | LR: 7.12e-06
Epoch [85/100] | Train Loss: 0.6882 (Base: 0.2536, Trend: 0.1662, DTW: 0.0899, TopK: 0.4521) | Val Loss: 0.782261 (Base: 0.2925, DTW: 0.1424, TopK: 0.4935) | EMA No-Trend Loss: 0.784710 | LR: 6.40e-06
Epoch [86/100] | Train Loss: 0.6887 (Base: 0.2537, Trend: 0.1663, DTW: 0.0902, TopK: 0.4515) | Val Loss: 0.786455 (Base: 0.2940, DTW: 0.1432, TopK: 0.4958) | EMA No-Trend Loss: 0.785146 | LR: 5.71e-06
Epoch [87/100] | Train Loss: 0.6877 (Base: 0.2530, Trend: 0.1668, DTW: 0.0899, TopK: 0.4516) | Val Loss: 0.781876 (Base: 0.2938, DTW: 0.1422, TopK: 0.4892) | EMA No-Trend Loss: 0.784329 | LR: 5.07e-06
Epoch [88/100] | Train Loss: 0.6906 (Base: 0.2540, Trend: 0.1670, DTW: 0.0904, TopK: 0.4535) | Val Loss: 0.779707 (Base: 0.2938, DTW: 0.1421, TopK: 0.4831) | EMA No-Trend Loss: 0.783173 | LR: 4.48e-06
Epoch [89/100] | Train Loss: 0.6919 (Base: 0.2546, Trend: 0.1677, DTW: 0.0905, TopK: 0.4538) | Val Loss: 0.782975 (Base: 0.2925, DTW: 0.1423, TopK: 0.4968) | EMA No-Trend Loss: 0.783124 | LR: 3.93e-06
Epoch [90/100] | Train Loss: 0.6850 (Base: 0.2526, Trend: 0.1667, DTW: 0.0893, TopK: 0.4492) | Val Loss: 0.786980 (Base: 0.2943, DTW: 0.1434, TopK: 0.4952) | EMA No-Trend Loss: 0.784088 | LR: 3.42e-06
Epoch [91/100] | Train Loss: 0.6883 (Base: 0.2534, Trend: 0.1670, DTW: 0.0899, TopK: 0.4520) | Val Loss: 0.785220 (Base: 0.2935, DTW: 0.1430, TopK: 0.4955) | EMA No-Trend Loss: 0.784371 | LR: 2.97e-06
Epoch [92/100] | Train Loss: 0.6867 (Base: 0.2531, Trend: 0.1670, DTW: 0.0896, TopK: 0.4500) | Val Loss: 0.781843 (Base: 0.2918, DTW: 0.1426, TopK: 0.4925) | EMA No-Trend Loss: 0.783739 | LR: 2.56e-06
Epoch [93/100] | Train Loss: 0.6806 (Base: 0.2515, Trend: 0.1661, DTW: 0.0884, TopK: 0.4461) | Val Loss: 0.784552 (Base: 0.2935, DTW: 0.1425, TopK: 0.4972) | EMA No-Trend Loss: 0.783942 | LR: 2.19e-06
Epoch [94/100] | Train Loss: 0.6867 (Base: 0.2531, Trend: 0.1670, DTW: 0.0894, TopK: 0.4515) | Val Loss: 0.780004 (Base: 0.2915, DTW: 0.1419, TopK: 0.4932) | EMA No-Trend Loss: 0.782957 | LR: 1.88e-06
Epoch [95/100] | Train Loss: 0.6840 (Base: 0.2519, Trend: 0.1662, DTW: 0.0891, TopK: 0.4500) | Val Loss: 0.790424 (Base: 0.2953, DTW: 0.1442, TopK: 0.4971) | EMA No-Trend Loss: 0.784824 | LR: 1.61e-06
Epoch [96/100] | Train Loss: 0.6827 (Base: 0.2520, Trend: 0.1665, DTW: 0.0889, TopK: 0.4472) | Val Loss: 0.784261 (Base: 0.2943, DTW: 0.1429, TopK: 0.4898) | EMA No-Trend Loss: 0.784683 | LR: 1.39e-06
Epoch [97/100] | Train Loss: 0.6806 (Base: 0.2512, Trend: 0.1660, DTW: 0.0885, TopK: 0.4466) | Val Loss: 0.781696 (Base: 0.2931, DTW: 0.1421, TopK: 0.4917) | EMA No-Trend Loss: 0.783936 | LR: 1.22e-06
Epoch [98/100] | Train Loss: 0.6882 (Base: 0.2533, Trend: 0.1676, DTW: 0.0897, TopK: 0.4526) | Val Loss: 0.780170 (Base: 0.2927, DTW: 0.1417, TopK: 0.4912) | EMA No-Trend Loss: 0.782995 | LR: 1.10e-06
Epoch [99/100] | Train Loss: 0.6800 (Base: 0.2510, Trend: 0.1657, DTW: 0.0883, TopK: 0.4475) | Val Loss: 0.792370 (Base: 0.2963, DTW: 0.1446, TopK: 0.4966) | EMA No-Trend Loss: 0.785338 | LR: 1.02e-06
Epoch [100/100] | Train Loss: 0.6807 (Base: 0.2514, Trend: 0.1662, DTW: 0.0884, TopK: 0.4471) | Val Loss: 0.787134 (Base: 0.2939, DTW: 0.1431, TopK: 0.4993) | EMA No-Trend Loss: 0.785787 | LR: 1.00e-06
