Starting experiment (seed=3)
Device: cuda
Building static profile features from historical data...
Loading lightweight encoder...
Total trainable parameters: 5,010,690
Epoch [1/100] | Total Loss: 1.3501 | Aux Loss: 0.2750 | Train Mixed Loss: 1.0751 (Base: 0.3479, Trend: 0.1724, DTW: 0.1920, TopK: 0.6004) | Val Mixed Loss (No Trend): 0.8855 (Base: 0.3151, DTW: 0.1661, TopK: 0.5726) | EMA Val Loss (No Trend): 0.885536 | LR: 2.00e-04
Saved new best weights to best_model_seed3.pth (EMA validation loss without trend: 0.885536).
Epoch [2/100] | Total Loss: 1.2327 | Aux Loss: 0.2219 | Train Mixed Loss: 1.0108 (Base: 0.3369, Trend: 0.1612, DTW: 0.1736, TopK: 0.5892) | Val Mixed Loss (No Trend): 0.8601 (Base: 0.3161, DTW: 0.1614, TopK: 0.5220) | EMA Val Loss (No Trend): 0.879166 | LR: 2.00e-04
Saved new best weights to best_model_seed3.pth (EMA validation loss without trend: 0.879166).
Epoch [3/100] | Total Loss: 1.1881 | Aux Loss: 0.2076 | Train Mixed Loss: 0.9806 (Base: 0.3310, Trend: 0.1599, DTW: 0.1643, TopK: 0.5840) | Val Mixed Loss (No Trend): 0.8644 (Base: 0.3283, DTW: 0.1599, TopK: 0.5078) | EMA Val Loss (No Trend): 0.875485 | LR: 2.00e-04
Saved new best weights to best_model_seed3.pth (EMA validation loss without trend: 0.875485).
Epoch [4/100] | Total Loss: 1.1628 | Aux Loss: 0.2019 | Train Mixed Loss: 0.9609 (Base: 0.3265, Trend: 0.1577, DTW: 0.1595, TopK: 0.5753) | Val Mixed Loss (No Trend): 0.8450 (Base: 0.3137, DTW: 0.1571, TopK: 0.5138) | EMA Val Loss (No Trend): 0.867852 | LR: 1.99e-04
Saved new best weights to best_model_seed3.pth (EMA validation loss without trend: 0.867852).
Epoch [5/100] | Total Loss: 1.1595 | Aux Loss: 0.2003 | Train Mixed Loss: 0.9592 (Base: 0.3262, Trend: 0.1581, DTW: 0.1588, TopK: 0.5756) | Val Mixed Loss (No Trend): 0.8164 (Base: 0.3062, DTW: 0.1476, TopK: 0.5200) | EMA Val Loss (No Trend): 0.854989 | LR: 1.99e-04
Saved new best weights to best_model_seed3.pth (EMA validation loss without trend: 0.854989).
Epoch [6/100] | Total Loss: 1.1436 | Aux Loss: 0.1947 | Train Mixed Loss: 0.9489 (Base: 0.3239, Trend: 0.1573, DTW: 0.1562, TopK: 0.5721) | Val Mixed Loss (No Trend): 0.8106 (Base: 0.2921, DTW: 0.1474, TopK: 0.5493) | EMA Val Loss (No Trend): 0.843889 | LR: 1.98e-04
Saved new best weights to best_model_seed3.pth (EMA validation loss without trend: 0.843889).
Epoch [7/100] | Total Loss: 1.1404 | Aux Loss: 0.1960 | Train Mixed Loss: 0.9444 (Base: 0.3236, Trend: 0.1588, DTW: 0.1543, TopK: 0.5701) | Val Mixed Loss (No Trend): 0.8222 (Base: 0.3110, DTW: 0.1489, TopK: 0.5131) | EMA Val Loss (No Trend): 0.838473 | LR: 1.98e-04
Saved new best weights to best_model_seed3.pth (EMA validation loss without trend: 0.838473).
Epoch [8/100] | Total Loss: 1.1304 | Aux Loss: 0.1925 | Train Mixed Loss: 0.9379 (Base: 0.3218, Trend: 0.1580, DTW: 0.1524, TopK: 0.5711) | Val Mixed Loss (No Trend): 0.8022 (Base: 0.2993, DTW: 0.1439, TopK: 0.5247) | EMA Val Loss (No Trend): 0.829396 | LR: 1.97e-04
Saved new best weights to best_model_seed3.pth (EMA validation loss without trend: 0.829396).
Epoch [9/100] | Total Loss: 1.1123 | Aux Loss: 0.1898 | Train Mixed Loss: 0.9225 (Base: 0.3172, Trend: 0.1565, DTW: 0.1494, TopK: 0.5618) | Val Mixed Loss (No Trend): 0.7808 (Base: 0.2940, DTW: 0.1384, TopK: 0.5155) | EMA Val Loss (No Trend): 0.817238 | LR: 1.96e-04
Saved new best weights to best_model_seed3.pth (EMA validation loss without trend: 0.817238).
Epoch [10/100] | Total Loss: 1.1133 | Aux Loss: 0.1894 | Train Mixed Loss: 0.9239 (Base: 0.3187, Trend: 0.1563, DTW: 0.1494, TopK: 0.5613) | Val Mixed Loss (No Trend): 0.8120 (Base: 0.3093, DTW: 0.1477, TopK: 0.4938) | EMA Val Loss (No Trend): 0.815922 | LR: 1.95e-04
Saved new best weights to best_model_seed3.pth (EMA validation loss without trend: 0.815922).
Epoch [11/100] | Total Loss: 1.0937 | Aux Loss: 0.1871 | Train Mixed Loss: 0.9066 (Base: 0.3141, Trend: 0.1559, DTW: 0.1451, TopK: 0.5547) | Val Mixed Loss (No Trend): 0.7864 (Base: 0.2971, DTW: 0.1377, TopK: 0.5290) | EMA Val Loss (No Trend): 0.808550 | LR: 1.94e-04
Saved new best weights to best_model_seed3.pth (EMA validation loss without trend: 0.808550).
Epoch [12/100] | Total Loss: 1.0853 | Aux Loss: 0.1854 | Train Mixed Loss: 0.8999 (Base: 0.3118, Trend: 0.1544, DTW: 0.1440, TopK: 0.5510) | Val Mixed Loss (No Trend): 0.7831 (Base: 0.3026, DTW: 0.1393, TopK: 0.4867) | EMA Val Loss (No Trend): 0.802181 | LR: 1.93e-04
Saved new best weights to best_model_seed3.pth (EMA validation loss without trend: 0.802181).
Epoch [13/100] | Total Loss: 1.0797 | Aux Loss: 0.1837 | Train Mixed Loss: 0.8960 (Base: 0.3120, Trend: 0.1544, DTW: 0.1422, TopK: 0.5517) | Val Mixed Loss (No Trend): 0.7850 (Base: 0.2955, DTW: 0.1360, TopK: 0.5436) | EMA Val Loss (No Trend): 0.797874 | LR: 1.92e-04
Saved new best weights to best_model_seed3.pth (EMA validation loss without trend: 0.797874).
Epoch [14/100] | Total Loss: 1.0864 | Aux Loss: 0.1872 | Train Mixed Loss: 0.8992 (Base: 0.3125, Trend: 0.1549, DTW: 0.1436, TopK: 0.5487) | Val Mixed Loss (No Trend): 0.7757 (Base: 0.2966, DTW: 0.1370, TopK: 0.5011) | EMA Val Loss (No Trend): 0.792342 | LR: 1.91e-04
Saved new best weights to best_model_seed3.pth (EMA validation loss without trend: 0.792342).
Epoch [15/100] | Total Loss: 1.0737 | Aux Loss: 0.1851 | Train Mixed Loss: 0.8886 (Base: 0.3094, Trend: 0.1542, DTW: 0.1407, TopK: 0.5479) | Val Mixed Loss (No Trend): 0.7947 (Base: 0.3030, DTW: 0.1434, TopK: 0.4920) | EMA Val Loss (No Trend): 0.792938 | LR: 1.89e-04
Epoch [16/100] | Total Loss: 1.0776 | Aux Loss: 0.1846 | Train Mixed Loss: 0.8930 (Base: 0.3115, Trend: 0.1548, DTW: 0.1411, TopK: 0.5516) | Val Mixed Loss (No Trend): 0.7658 (Base: 0.2962, DTW: 0.1334, TopK: 0.4983) | EMA Val Loss (No Trend): 0.786148 | LR: 1.88e-04
Saved new best weights to best_model_seed3.pth (EMA validation loss without trend: 0.786148).
Epoch [17/100] | Total Loss: 1.0622 | Aux Loss: 0.1813 | Train Mixed Loss: 0.8809 (Base: 0.3074, Trend: 0.1541, DTW: 0.1388, TopK: 0.5446) | Val Mixed Loss (No Trend): 0.7961 (Base: 0.3106, DTW: 0.1435, TopK: 0.4707) | EMA Val Loss (No Trend): 0.788647 | LR: 1.86e-04
Epoch [18/100] | Total Loss: 1.0621 | Aux Loss: 0.1804 | Train Mixed Loss: 0.8818 (Base: 0.3083, Trend: 0.1533, DTW: 0.1389, TopK: 0.5446) | Val Mixed Loss (No Trend): 0.7855 (Base: 0.3056, DTW: 0.1415, TopK: 0.4678) | EMA Val Loss (No Trend): 0.787870 | LR: 1.85e-04
Epoch [19/100] | Total Loss: 1.0565 | Aux Loss: 0.1793 | Train Mixed Loss: 0.8772 (Base: 0.3077, Trend: 0.1538, DTW: 0.1374, TopK: 0.5426) | Val Mixed Loss (No Trend): 0.7712 (Base: 0.2945, DTW: 0.1374, TopK: 0.4896) | EMA Val Loss (No Trend): 0.783709 | LR: 1.83e-04
Saved new best weights to best_model_seed3.pth (EMA validation loss without trend: 0.783709).
Epoch [20/100] | Total Loss: 1.0588 | Aux Loss: 0.1821 | Train Mixed Loss: 0.8767 (Base: 0.3071, Trend: 0.1532, DTW: 0.1374, TopK: 0.5443) | Val Mixed Loss (No Trend): 0.7801 (Base: 0.3004, DTW: 0.1399, TopK: 0.4801) | EMA Val Loss (No Trend): 0.782817 | LR: 1.81e-04
Saved new best weights to best_model_seed3.pth (EMA validation loss without trend: 0.782817).
Epoch [21/100] | Total Loss: 1.0518 | Aux Loss: 0.1795 | Train Mixed Loss: 0.8723 (Base: 0.3066, Trend: 0.1538, DTW: 0.1358, TopK: 0.5429) | Val Mixed Loss (No Trend): 0.7551 (Base: 0.2868, DTW: 0.1303, TopK: 0.5187) | EMA Val Loss (No Trend): 0.775891 | LR: 1.79e-04
Saved new best weights to best_model_seed3.pth (EMA validation loss without trend: 0.775891).
Epoch [22/100] | Total Loss: 1.0532 | Aux Loss: 0.1788 | Train Mixed Loss: 0.8744 (Base: 0.3072, Trend: 0.1536, DTW: 0.1366, TopK: 0.5423) | Val Mixed Loss (No Trend): 0.7640 (Base: 0.2901, DTW: 0.1345, TopK: 0.5038) | EMA Val Loss (No Trend): 0.772910 | LR: 1.77e-04
Saved new best weights to best_model_seed3.pth (EMA validation loss without trend: 0.772910).
Epoch [23/100] | Total Loss: 1.0442 | Aux Loss: 0.1782 | Train Mixed Loss: 0.8660 (Base: 0.3047, Trend: 0.1528, DTW: 0.1350, TopK: 0.5367) | Val Mixed Loss (No Trend): 0.7611 (Base: 0.2853, DTW: 0.1329, TopK: 0.5226) | EMA Val Loss (No Trend): 0.769953 | LR: 1.75e-04
Saved new best weights to best_model_seed3.pth (EMA validation loss without trend: 0.769953).
Epoch [24/100] | Total Loss: 1.0393 | Aux Loss: 0.1779 | Train Mixed Loss: 0.8614 (Base: 0.3031, Trend: 0.1525, DTW: 0.1338, TopK: 0.5362) | Val Mixed Loss (No Trend): 0.7768 (Base: 0.2998, DTW: 0.1393, TopK: 0.4754) | EMA Val Loss (No Trend): 0.771660 | LR: 1.73e-04
Epoch [25/100] | Total Loss: 1.0406 | Aux Loss: 0.1761 | Train Mixed Loss: 0.8645 (Base: 0.3056, Trend: 0.1541, DTW: 0.1338, TopK: 0.5357) | Val Mixed Loss (No Trend): 0.7829 (Base: 0.2989, DTW: 0.1403, TopK: 0.4911) | EMA Val Loss (No Trend): 0.774459 | LR: 1.71e-04
Epoch [26/100] | Total Loss: 1.0310 | Aux Loss: 0.1744 | Train Mixed Loss: 0.8566 (Base: 0.3021, Trend: 0.1528, DTW: 0.1324, TopK: 0.5342) | Val Mixed Loss (No Trend): 0.8016 (Base: 0.3139, DTW: 0.1426, TopK: 0.4845) | EMA Val Loss (No Trend): 0.781237 | LR: 1.69e-04
Epoch [27/100] | Total Loss: 1.0267 | Aux Loss: 0.1719 | Train Mixed Loss: 0.8548 (Base: 0.3015, Trend: 0.1521, DTW: 0.1323, TopK: 0.5327) | Val Mixed Loss (No Trend): 0.7755 (Base: 0.2976, DTW: 0.1376, TopK: 0.4924) | EMA Val Loss (No Trend): 0.779811 | LR: 1.66e-04
Epoch [28/100] | Total Loss: 1.0246 | Aux Loss: 0.1724 | Train Mixed Loss: 0.8522 (Base: 0.3019, Trend: 0.1526, DTW: 0.1306, TopK: 0.5349) | Val Mixed Loss (No Trend): 0.7555 (Base: 0.2899, DTW: 0.1340, TopK: 0.4799) | EMA Val Loss (No Trend): 0.773729 | LR: 1.64e-04
Epoch [29/100] | Total Loss: 1.0280 | Aux Loss: 0.1741 | Train Mixed Loss: 0.8539 (Base: 0.3024, Trend: 0.1526, DTW: 0.1317, TopK: 0.5303) | Val Mixed Loss (No Trend): 0.7617 (Base: 0.2943, DTW: 0.1324, TopK: 0.4983) | EMA Val Loss (No Trend): 0.770717 | LR: 1.61e-04
Epoch [30/100] | Total Loss: 1.0156 | Aux Loss: 0.1733 | Train Mixed Loss: 0.8423 (Base: 0.2986, Trend: 0.1520, DTW: 0.1289, TopK: 0.5277) | Val Mixed Loss (No Trend): 0.7618 (Base: 0.2924, DTW: 0.1329, TopK: 0.5020) | EMA Val Loss (No Trend): 0.768496 | LR: 1.59e-04
Saved new best weights to best_model_seed3.pth (EMA validation loss without trend: 0.768496).
Epoch [31/100] | Total Loss: 1.0200 | Aux Loss: 0.1734 | Train Mixed Loss: 0.8466 (Base: 0.3000, Trend: 0.1517, DTW: 0.1299, TopK: 0.5299) | Val Mixed Loss (No Trend): 0.7499 (Base: 0.2859, DTW: 0.1332, TopK: 0.4809) | EMA Val Loss (No Trend): 0.763835 | LR: 1.56e-04
Saved new best weights to best_model_seed3.pth (EMA validation loss without trend: 0.763835).
Epoch [32/100] | Total Loss: 1.0103 | Aux Loss: 0.1709 | Train Mixed Loss: 0.8394 (Base: 0.2989, Trend: 0.1519, DTW: 0.1276, TopK: 0.5276) | Val Mixed Loss (No Trend): 0.7428 (Base: 0.2849, DTW: 0.1294, TopK: 0.4915) | EMA Val Loss (No Trend): 0.758581 | LR: 1.54e-04
Saved new best weights to best_model_seed3.pth (EMA validation loss without trend: 0.758581).
Epoch [33/100] | Total Loss: 1.0076 | Aux Loss: 0.1714 | Train Mixed Loss: 0.8363 (Base: 0.2970, Trend: 0.1514, DTW: 0.1278, TopK: 0.5233) | Val Mixed Loss (No Trend): 0.7615 (Base: 0.2901, DTW: 0.1332, TopK: 0.5054) | EMA Val Loss (No Trend): 0.759313 | LR: 1.51e-04
Epoch [34/100] | Total Loss: 1.0098 | Aux Loss: 0.1713 | Train Mixed Loss: 0.8385 (Base: 0.2983, Trend: 0.1522, DTW: 0.1277, TopK: 0.5254) | Val Mixed Loss (No Trend): 0.7686 (Base: 0.2963, DTW: 0.1368, TopK: 0.4797) | EMA Val Loss (No Trend): 0.761624 | LR: 1.48e-04
Epoch [35/100] | Total Loss: 1.0058 | Aux Loss: 0.1699 | Train Mixed Loss: 0.8360 (Base: 0.2976, Trend: 0.1514, DTW: 0.1271, TopK: 0.5255) | Val Mixed Loss (No Trend): 0.7739 (Base: 0.3018, DTW: 0.1373, TopK: 0.4753) | EMA Val Loss (No Trend): 0.764690 | LR: 1.46e-04
Epoch [36/100] | Total Loss: 1.0033 | Aux Loss: 0.1691 | Train Mixed Loss: 0.8341 (Base: 0.2966, Trend: 0.1510, DTW: 0.1272, TopK: 0.5226) | Val Mixed Loss (No Trend): 0.7443 (Base: 0.2846, DTW: 0.1296, TopK: 0.4959) | EMA Val Loss (No Trend): 0.759586 | LR: 1.43e-04
Epoch [37/100] | Total Loss: 1.0053 | Aux Loss: 0.1707 | Train Mixed Loss: 0.8345 (Base: 0.2966, Trend: 0.1522, DTW: 0.1268, TopK: 0.5248) | Val Mixed Loss (No Trend): 0.7505 (Base: 0.2861, DTW: 0.1320, TopK: 0.4920) | EMA Val Loss (No Trend): 0.757327 | LR: 1.40e-04
Saved new best weights to best_model_seed3.pth (EMA validation loss without trend: 0.757327).
Epoch [38/100] | Total Loss: 0.9988 | Aux Loss: 0.1697 | Train Mixed Loss: 0.8291 (Base: 0.2959, Trend: 0.1517, DTW: 0.1255, TopK: 0.5210) | Val Mixed Loss (No Trend): 0.7513 (Base: 0.2896, DTW: 0.1315, TopK: 0.4873) | EMA Val Loss (No Trend): 0.755832 | LR: 1.37e-04
Saved new best weights to best_model_seed3.pth (EMA validation loss without trend: 0.755832).
Epoch [39/100] | Total Loss: 1.0023 | Aux Loss: 0.1718 | Train Mixed Loss: 0.8305 (Base: 0.2963, Trend: 0.1523, DTW: 0.1256, TopK: 0.5220) | Val Mixed Loss (No Trend): 0.7570 (Base: 0.2936, DTW: 0.1321, TopK: 0.4879) | EMA Val Loss (No Trend): 0.756122 | LR: 1.34e-04
Epoch [40/100] | Total Loss: 0.9850 | Aux Loss: 0.1661 | Train Mixed Loss: 0.8189 (Base: 0.2933, Trend: 0.1515, DTW: 0.1228, TopK: 0.5169) | Val Mixed Loss (No Trend): 0.7561 (Base: 0.2891, DTW: 0.1321, TopK: 0.5003) | EMA Val Loss (No Trend): 0.756121 | LR: 1.31e-04
Epoch [41/100] | Total Loss: 0.9866 | Aux Loss: 0.1684 | Train Mixed Loss: 0.8182 (Base: 0.2930, Trend: 0.1513, DTW: 0.1229, TopK: 0.5151) | Val Mixed Loss (No Trend): 0.7565 (Base: 0.2923, DTW: 0.1316, TopK: 0.4945) | EMA Val Loss (No Trend): 0.756211 | LR: 1.28e-04
Epoch [42/100] | Total Loss: 0.9868 | Aux Loss: 0.1688 | Train Mixed Loss: 0.8180 (Base: 0.2930, Trend: 0.1514, DTW: 0.1227, TopK: 0.5159) | Val Mixed Loss (No Trend): 0.7621 (Base: 0.2929, DTW: 0.1336, TopK: 0.4954) | EMA Val Loss (No Trend): 0.757671 | LR: 1.25e-04
Epoch [43/100] | Total Loss: 0.9846 | Aux Loss: 0.1674 | Train Mixed Loss: 0.8172 (Base: 0.2927, Trend: 0.1508, DTW: 0.1227, TopK: 0.5153) | Val Mixed Loss (No Trend): 0.7528 (Base: 0.2917, DTW: 0.1324, TopK: 0.4774) | EMA Val Loss (No Trend): 0.756447 | LR: 1.22e-04
Epoch [44/100] | Total Loss: 0.9764 | Aux Loss: 0.1659 | Train Mixed Loss: 0.8105 (Base: 0.2907, Trend: 0.1503, DTW: 0.1214, TopK: 0.5108) | Val Mixed Loss (No Trend): 0.7338 (Base: 0.2793, DTW: 0.1271, TopK: 0.4984) | EMA Val Loss (No Trend): 0.750792 | LR: 1.19e-04
Saved new best weights to best_model_seed3.pth (EMA validation loss without trend: 0.750792).
Epoch [45/100] | Total Loss: 0.9788 | Aux Loss: 0.1676 | Train Mixed Loss: 0.8112 (Base: 0.2908, Trend: 0.1506, DTW: 0.1214, TopK: 0.5123) | Val Mixed Loss (No Trend): 0.7464 (Base: 0.2851, DTW: 0.1313, TopK: 0.4868) | EMA Val Loss (No Trend): 0.749690 | LR: 1.16e-04
Saved new best weights to best_model_seed3.pth (EMA validation loss without trend: 0.749690).
Epoch [46/100] | Total Loss: 0.9762 | Aux Loss: 0.1664 | Train Mixed Loss: 0.8098 (Base: 0.2896, Trend: 0.1512, DTW: 0.1211, TopK: 0.5137) | Val Mixed Loss (No Trend): 0.7575 (Base: 0.2920, DTW: 0.1351, TopK: 0.4711) | EMA Val Loss (No Trend): 0.751648 | LR: 1.13e-04
Epoch [47/100] | Total Loss: 0.9680 | Aux Loss: 0.1642 | Train Mixed Loss: 0.8038 (Base: 0.2883, Trend: 0.1507, DTW: 0.1198, TopK: 0.5092) | Val Mixed Loss (No Trend): 0.7554 (Base: 0.2962, DTW: 0.1334, TopK: 0.4630) | EMA Val Loss (No Trend): 0.752575 | LR: 1.10e-04
Epoch [48/100] | Total Loss: 0.9665 | Aux Loss: 0.1646 | Train Mixed Loss: 0.8019 (Base: 0.2882, Trend: 0.1506, DTW: 0.1191, TopK: 0.5082) | Val Mixed Loss (No Trend): 0.7504 (Base: 0.2897, DTW: 0.1306, TopK: 0.4907) | EMA Val Loss (No Trend): 0.752026 | LR: 1.07e-04
Epoch [49/100] | Total Loss: 0.9742 | Aux Loss: 0.1668 | Train Mixed Loss: 0.8073 (Base: 0.2902, Trend: 0.1515, DTW: 0.1203, TopK: 0.5091) | Val Mixed Loss (No Trend): 0.7414 (Base: 0.2873, DTW: 0.1290, TopK: 0.4812) | EMA Val Loss (No Trend): 0.749370 | LR: 1.04e-04
Saved new best weights to best_model_seed3.pth (EMA validation loss without trend: 0.749370).
Epoch [50/100] | Total Loss: 0.9608 | Aux Loss: 0.1647 | Train Mixed Loss: 0.7961 (Base: 0.2867, Trend: 0.1501, DTW: 0.1177, TopK: 0.5065) | Val Mixed Loss (No Trend): 0.7534 (Base: 0.2936, DTW: 0.1332, TopK: 0.4669) | EMA Val Loss (No Trend): 0.750371 | LR: 1.01e-04
Epoch [51/100] | Total Loss: 0.9569 | Aux Loss: 0.1618 | Train Mixed Loss: 0.7951 (Base: 0.2867, Trend: 0.1496, DTW: 0.1176, TopK: 0.5046) | Val Mixed Loss (No Trend): 0.7508 (Base: 0.2906, DTW: 0.1319, TopK: 0.4786) | EMA Val Loss (No Trend): 0.750484 | LR: 9.74e-05
Epoch [52/100] | Total Loss: 0.9625 | Aux Loss: 0.1650 | Train Mixed Loss: 0.7975 (Base: 0.2871, Trend: 0.1511, DTW: 0.1178, TopK: 0.5074) | Val Mixed Loss (No Trend): 0.7570 (Base: 0.2920, DTW: 0.1341, TopK: 0.4774) | EMA Val Loss (No Trend): 0.752112 | LR: 9.43e-05
Epoch [53/100] | Total Loss: 0.9588 | Aux Loss: 0.1646 | Train Mixed Loss: 0.7942 (Base: 0.2858, Trend: 0.1503, DTW: 0.1172, TopK: 0.5065) | Val Mixed Loss (No Trend): 0.7524 (Base: 0.2880, DTW: 0.1313, TopK: 0.4980) | EMA Val Loss (No Trend): 0.752193 | LR: 9.11e-05
Epoch [54/100] | Total Loss: 0.9579 | Aux Loss: 0.1619 | Train Mixed Loss: 0.7960 (Base: 0.2869, Trend: 0.1515, DTW: 0.1173, TopK: 0.5057) | Val Mixed Loss (No Trend): 0.7495 (Base: 0.2887, DTW: 0.1321, TopK: 0.4795) | EMA Val Loss (No Trend): 0.751513 | LR: 8.80e-05
Epoch [55/100] | Total Loss: 0.9554 | Aux Loss: 0.1640 | Train Mixed Loss: 0.7913 (Base: 0.2859, Trend: 0.1503, DTW: 0.1165, TopK: 0.5019) | Val Mixed Loss (No Trend): 0.7429 (Base: 0.2883, DTW: 0.1310, TopK: 0.4676) | EMA Val Loss (No Trend): 0.749352 | LR: 8.49e-05
Saved new best weights to best_model_seed3.pth (EMA validation loss without trend: 0.749352).
Epoch [56/100] | Total Loss: 0.9522 | Aux Loss: 0.1625 | Train Mixed Loss: 0.7897 (Base: 0.2861, Trend: 0.1503, DTW: 0.1160, TopK: 0.5006) | Val Mixed Loss (No Trend): 0.7457 (Base: 0.2886, DTW: 0.1318, TopK: 0.4690) | EMA Val Loss (No Trend): 0.748444 | LR: 8.19e-05
Saved new best weights to best_model_seed3.pth (EMA validation loss without trend: 0.748444).
Epoch [57/100] | Total Loss: 0.9517 | Aux Loss: 0.1630 | Train Mixed Loss: 0.7886 (Base: 0.2853, Trend: 0.1511, DTW: 0.1155, TopK: 0.5022) | Val Mixed Loss (No Trend): 0.7573 (Base: 0.2965, DTW: 0.1351, TopK: 0.4553) | EMA Val Loss (No Trend): 0.750663 | LR: 7.88e-05
Epoch [58/100] | Total Loss: 0.9423 | Aux Loss: 0.1617 | Train Mixed Loss: 0.7806 (Base: 0.2822, Trend: 0.1503, DTW: 0.1140, TopK: 0.4985) | Val Mixed Loss (No Trend): 0.7374 (Base: 0.2867, DTW: 0.1282, TopK: 0.4769) | EMA Val Loss (No Trend): 0.747353 | LR: 7.58e-05
Saved new best weights to best_model_seed3.pth (EMA validation loss without trend: 0.747353).
Epoch [59/100] | Total Loss: 0.9467 | Aux Loss: 0.1625 | Train Mixed Loss: 0.7842 (Base: 0.2835, Trend: 0.1503, DTW: 0.1149, TopK: 0.4988) | Val Mixed Loss (No Trend): 0.7644 (Base: 0.2984, DTW: 0.1339, TopK: 0.4817) | EMA Val Loss (No Trend): 0.751612 | LR: 7.27e-05
Epoch [60/100] | Total Loss: 0.9432 | Aux Loss: 0.1621 | Train Mixed Loss: 0.7811 (Base: 0.2826, Trend: 0.1508, DTW: 0.1141, TopK: 0.4973) | Val Mixed Loss (No Trend): 0.7579 (Base: 0.2949, DTW: 0.1348, TopK: 0.4654) | EMA Val Loss (No Trend): 0.753193 | LR: 6.98e-05
Epoch [61/100] | Total Loss: 0.9416 | Aux Loss: 0.1609 | Train Mixed Loss: 0.7807 (Base: 0.2824, Trend: 0.1508, DTW: 0.1136, TopK: 0.5007) | Val Mixed Loss (No Trend): 0.7428 (Base: 0.2863, DTW: 0.1299, TopK: 0.4827) | EMA Val Loss (No Trend): 0.750596 | LR: 6.68e-05
Epoch [62/100] | Total Loss: 0.9487 | Aux Loss: 0.1616 | Train Mixed Loss: 0.7871 (Base: 0.2850, Trend: 0.1519, DTW: 0.1147, TopK: 0.5028) | Val Mixed Loss (No Trend): 0.7431 (Base: 0.2864, DTW: 0.1317, TopK: 0.4689) | EMA Val Loss (No Trend): 0.748718 | LR: 6.39e-05
Epoch [63/100] | Total Loss: 0.9362 | Aux Loss: 0.1614 | Train Mixed Loss: 0.7748 (Base: 0.2816, Trend: 0.1507, DTW: 0.1124, TopK: 0.4940) | Val Mixed Loss (No Trend): 0.7365 (Base: 0.2865, DTW: 0.1276, TopK: 0.4786) | EMA Val Loss (No Trend): 0.745655 | LR: 6.10e-05
Saved new best weights to best_model_seed3.pth (EMA validation loss without trend: 0.745655).
Epoch [64/100] | Total Loss: 0.9313 | Aux Loss: 0.1607 | Train Mixed Loss: 0.7706 (Base: 0.2796, Trend: 0.1501, DTW: 0.1115, TopK: 0.4944) | Val Mixed Loss (No Trend): 0.7571 (Base: 0.2943, DTW: 0.1349, TopK: 0.4630) | EMA Val Loss (No Trend): 0.748505 | LR: 5.81e-05
Epoch [65/100] | Total Loss: 0.9355 | Aux Loss: 0.1604 | Train Mixed Loss: 0.7751 (Base: 0.2805, Trend: 0.1502, DTW: 0.1126, TopK: 0.4978) | Val Mixed Loss (No Trend): 0.7455 (Base: 0.2863, DTW: 0.1305, TopK: 0.4871) | EMA Val Loss (No Trend): 0.747753 | LR: 5.53e-05
Epoch [66/100] | Total Loss: 0.9350 | Aux Loss: 0.1603 | Train Mixed Loss: 0.7747 (Base: 0.2817, Trend: 0.1508, DTW: 0.1122, TopK: 0.4941) | Val Mixed Loss (No Trend): 0.7386 (Base: 0.2864, DTW: 0.1284, TopK: 0.4803) | EMA Val Loss (No Trend): 0.745457 | LR: 5.26e-05
Saved new best weights to best_model_seed3.pth (EMA validation loss without trend: 0.745457).
Epoch [67/100] | Total Loss: 0.9306 | Aux Loss: 0.1612 | Train Mixed Loss: 0.7694 (Base: 0.2792, Trend: 0.1497, DTW: 0.1114, TopK: 0.4933) | Val Mixed Loss (No Trend): 0.7466 (Base: 0.2886, DTW: 0.1318, TopK: 0.4725) | EMA Val Loss (No Trend): 0.745734 | LR: 4.99e-05
Epoch [68/100] | Total Loss: 0.9197 | Aux Loss: 0.1596 | Train Mixed Loss: 0.7601 (Base: 0.2764, Trend: 0.1490, DTW: 0.1094, TopK: 0.4889) | Val Mixed Loss (No Trend): 0.7432 (Base: 0.2870, DTW: 0.1298, TopK: 0.4822) | EMA Val Loss (No Trend): 0.745089 | LR: 4.72e-05
Saved new best weights to best_model_seed3.pth (EMA validation loss without trend: 0.745089).
Epoch [69/100] | Total Loss: 0.9239 | Aux Loss: 0.1579 | Train Mixed Loss: 0.7660 (Base: 0.2781, Trend: 0.1506, DTW: 0.1101, TopK: 0.4946) | Val Mixed Loss (No Trend): 0.7328 (Base: 0.2864, DTW: 0.1272, TopK: 0.4708) | EMA Val Loss (No Trend): 0.742026 | LR: 4.46e-05
Saved new best weights to best_model_seed3.pth (EMA validation loss without trend: 0.742026).
Epoch [70/100] | Total Loss: 0.9226 | Aux Loss: 0.1607 | Train Mixed Loss: 0.7618 (Base: 0.2771, Trend: 0.1499, DTW: 0.1097, TopK: 0.4886) | Val Mixed Loss (No Trend): 0.7443 (Base: 0.2872, DTW: 0.1303, TopK: 0.4808) | EMA Val Loss (No Trend): 0.742594 | LR: 4.20e-05
Epoch [71/100] | Total Loss: 0.9238 | Aux Loss: 0.1592 | Train Mixed Loss: 0.7646 (Base: 0.2783, Trend: 0.1509, DTW: 0.1098, TopK: 0.4915) | Val Mixed Loss (No Trend): 0.7452 (Base: 0.2893, DTW: 0.1309, TopK: 0.4721) | EMA Val Loss (No Trend): 0.743256 | LR: 3.95e-05
Epoch [72/100] | Total Loss: 0.9263 | Aux Loss: 0.1600 | Train Mixed Loss: 0.7663 (Base: 0.2783, Trend: 0.1505, DTW: 0.1102, TopK: 0.4940) | Val Mixed Loss (No Trend): 0.7593 (Base: 0.2953, DTW: 0.1348, TopK: 0.4680) | EMA Val Loss (No Trend): 0.747262 | LR: 3.71e-05
Epoch [73/100] | Total Loss: 0.9229 | Aux Loss: 0.1589 | Train Mixed Loss: 0.7640 (Base: 0.2781, Trend: 0.1507, DTW: 0.1098, TopK: 0.4904) | Val Mixed Loss (No Trend): 0.7587 (Base: 0.2954, DTW: 0.1349, TopK: 0.4655) | EMA Val Loss (No Trend): 0.750109 | LR: 3.47e-05
Epoch [74/100] | Total Loss: 0.9178 | Aux Loss: 0.1589 | Train Mixed Loss: 0.7589 (Base: 0.2761, Trend: 0.1500, DTW: 0.1089, TopK: 0.4881) | Val Mixed Loss (No Trend): 0.7407 (Base: 0.2867, DTW: 0.1295, TopK: 0.4773) | EMA Val Loss (No Trend): 0.747745 | LR: 3.24e-05
Epoch [75/100] | Total Loss: 0.9137 | Aux Loss: 0.1578 | Train Mixed Loss: 0.7560 (Base: 0.2760, Trend: 0.1496, DTW: 0.1082, TopK: 0.4850) | Val Mixed Loss (No Trend): 0.7405 (Base: 0.2873, DTW: 0.1299, TopK: 0.4716) | EMA Val Loss (No Trend): 0.745932 | LR: 3.01e-05
Epoch [76/100] | Total Loss: 0.9112 | Aux Loss: 0.1582 | Train Mixed Loss: 0.7529 (Base: 0.2744, Trend: 0.1501, DTW: 0.1077, TopK: 0.4834) | Val Mixed Loss (No Trend): 0.7344 (Base: 0.2825, DTW: 0.1275, TopK: 0.4865) | EMA Val Loss (No Trend): 0.743052 | LR: 2.80e-05
Epoch [77/100] | Total Loss: 0.9078 | Aux Loss: 0.1564 | Train Mixed Loss: 0.7514 (Base: 0.2739, Trend: 0.1494, DTW: 0.1072, TopK: 0.4853) | Val Mixed Loss (No Trend): 0.7437 (Base: 0.2905, DTW: 0.1303, TopK: 0.4681) | EMA Val Loss (No Trend): 0.743205 | LR: 2.59e-05
Epoch [78/100] | Total Loss: 0.9097 | Aux Loss: 0.1576 | Train Mixed Loss: 0.7521 (Base: 0.2744, Trend: 0.1503, DTW: 0.1071, TopK: 0.4848) | Val Mixed Loss (No Trend): 0.7407 (Base: 0.2865, DTW: 0.1282, TopK: 0.4882) | EMA Val Loss (No Trend): 0.742569 | LR: 2.38e-05
Epoch [79/100] | Total Loss: 0.9092 | Aux Loss: 0.1581 | Train Mixed Loss: 0.7511 (Base: 0.2742, Trend: 0.1498, DTW: 0.1068, TopK: 0.4858) | Val Mixed Loss (No Trend): 0.7458 (Base: 0.2902, DTW: 0.1316, TopK: 0.4656) | EMA Val Loss (No Trend): 0.743372 | LR: 2.19e-05
Epoch [80/100] | Total Loss: 0.9060 | Aux Loss: 0.1573 | Train Mixed Loss: 0.7487 (Base: 0.2744, Trend: 0.1508, DTW: 0.1058, TopK: 0.4836) | Val Mixed Loss (No Trend): 0.7405 (Base: 0.2869, DTW: 0.1286, TopK: 0.4830) | EMA Val Loss (No Trend): 0.742642 | LR: 2.00e-05
Epoch [81/100] | Total Loss: 0.9066 | Aux Loss: 0.1575 | Train Mixed Loss: 0.7491 (Base: 0.2735, Trend: 0.1505, DTW: 0.1066, TopK: 0.4815) | Val Mixed Loss (No Trend): 0.7439 (Base: 0.2865, DTW: 0.1311, TopK: 0.4763) | EMA Val Loss (No Trend): 0.742954 | LR: 1.82e-05
Epoch [82/100] | Total Loss: 0.9090 | Aux Loss: 0.1574 | Train Mixed Loss: 0.7516 (Base: 0.2747, Trend: 0.1504, DTW: 0.1069, TopK: 0.4842) | Val Mixed Loss (No Trend): 0.7439 (Base: 0.2872, DTW: 0.1305, TopK: 0.4785) | EMA Val Loss (No Trend): 0.743183 | LR: 1.65e-05
Epoch [83/100] | Total Loss: 0.8993 | Aux Loss: 0.1578 | Train Mixed Loss: 0.7415 (Base: 0.2711, Trend: 0.1490, DTW: 0.1051, TopK: 0.4785) | Val Mixed Loss (No Trend): 0.7459 (Base: 0.2885, DTW: 0.1313, TopK: 0.4739) | EMA Val Loss (No Trend): 0.743857 | LR: 1.49e-05
Epoch [84/100] | Total Loss: 0.9075 | Aux Loss: 0.1584 | Train Mixed Loss: 0.7491 (Base: 0.2737, Trend: 0.1497, DTW: 0.1064, TopK: 0.4838) | Val Mixed Loss (No Trend): 0.7371 (Base: 0.2849, DTW: 0.1296, TopK: 0.4709) | EMA Val Loss (No Trend): 0.742166 | LR: 1.33e-05
Epoch [85/100] | Total Loss: 0.9036 | Aux Loss: 0.1573 | Train Mixed Loss: 0.7463 (Base: 0.2736, Trend: 0.1503, DTW: 0.1052, TopK: 0.4835) | Val Mixed Loss (No Trend): 0.7384 (Base: 0.2864, DTW: 0.1289, TopK: 0.4757) | EMA Val Loss (No Trend): 0.741233 | LR: 1.18e-05
Saved new best weights to best_model_seed3.pth (EMA validation loss without trend: 0.741233).
Epoch [86/100] | Total Loss: 0.9006 | Aux Loss: 0.1574 | Train Mixed Loss: 0.7433 (Base: 0.2722, Trend: 0.1496, DTW: 0.1051, TopK: 0.4798) | Val Mixed Loss (No Trend): 0.7557 (Base: 0.2923, DTW: 0.1340, TopK: 0.4723) | EMA Val Loss (No Trend): 0.744846 | LR: 1.05e-05
Epoch [87/100] | Total Loss: 0.9078 | Aux Loss: 0.1588 | Train Mixed Loss: 0.7490 (Base: 0.2742, Trend: 0.1506, DTW: 0.1062, TopK: 0.4822) | Val Mixed Loss (No Trend): 0.7350 (Base: 0.2872, DTW: 0.1287, TopK: 0.4626) | EMA Val Loss (No Trend): 0.742383 | LR: 9.18e-06
Epoch [88/100] | Total Loss: 0.8993 | Aux Loss: 0.1563 | Train Mixed Loss: 0.7429 (Base: 0.2716, Trend: 0.1494, DTW: 0.1051, TopK: 0.4816) | Val Mixed Loss (No Trend): 0.7523 (Base: 0.2930, DTW: 0.1328, TopK: 0.4684) | EMA Val Loss (No Trend): 0.744856 | LR: 7.99e-06
Epoch [89/100] | Total Loss: 0.8988 | Aux Loss: 0.1564 | Train Mixed Loss: 0.7424 (Base: 0.2716, Trend: 0.1493, DTW: 0.1052, TopK: 0.4796) | Val Mixed Loss (No Trend): 0.7391 (Base: 0.2869, DTW: 0.1300, TopK: 0.4669) | EMA Val Loss (No Trend): 0.743409 | LR: 6.88e-06
Epoch [90/100] | Total Loss: 0.8993 | Aux Loss: 0.1567 | Train Mixed Loss: 0.7426 (Base: 0.2712, Trend: 0.1490, DTW: 0.1052, TopK: 0.4819) | Val Mixed Loss (No Trend): 0.7380 (Base: 0.2882, DTW: 0.1292, TopK: 0.4659) | EMA Val Loss (No Trend): 0.742056 | LR: 5.87e-06
Epoch [91/100] | Total Loss: 0.8972 | Aux Loss: 0.1574 | Train Mixed Loss: 0.7398 (Base: 0.2708, Trend: 0.1492, DTW: 0.1042, TopK: 0.4811) | Val Mixed Loss (No Trend): 0.7499 (Base: 0.2898, DTW: 0.1325, TopK: 0.4735) | EMA Val Loss (No Trend): 0.744027 | LR: 4.95e-06
Epoch [92/100] | Total Loss: 0.8984 | Aux Loss: 0.1576 | Train Mixed Loss: 0.7407 (Base: 0.2715, Trend: 0.1503, DTW: 0.1040, TopK: 0.4813) | Val Mixed Loss (No Trend): 0.7432 (Base: 0.2883, DTW: 0.1315, TopK: 0.4642) | EMA Val Loss (No Trend): 0.743820 | LR: 4.13e-06
Epoch [93/100] | Total Loss: 0.8897 | Aux Loss: 0.1565 | Train Mixed Loss: 0.7332 (Base: 0.2690, Trend: 0.1485, DTW: 0.1031, TopK: 0.4749) | Val Mixed Loss (No Trend): 0.7446 (Base: 0.2877, DTW: 0.1315, TopK: 0.4706) | EMA Val Loss (No Trend): 0.744018 | LR: 3.40e-06
Epoch [94/100] | Total Loss: 0.8940 | Aux Loss: 0.1555 | Train Mixed Loss: 0.7386 (Base: 0.2703, Trend: 0.1493, DTW: 0.1040, TopK: 0.4801) | Val Mixed Loss (No Trend): 0.7415 (Base: 0.2879, DTW: 0.1295, TopK: 0.4766) | EMA Val Loss (No Trend): 0.743400 | LR: 2.76e-06
Epoch [95/100] | Total Loss: 0.8925 | Aux Loss: 0.1557 | Train Mixed Loss: 0.7368 (Base: 0.2701, Trend: 0.1493, DTW: 0.1036, TopK: 0.4779) | Val Mixed Loss (No Trend): 0.7484 (Base: 0.2905, DTW: 0.1322, TopK: 0.4684) | EMA Val Loss (No Trend): 0.744641 | LR: 2.23e-06
Epoch [96/100] | Total Loss: 0.8947 | Aux Loss: 0.1567 | Train Mixed Loss: 0.7380 (Base: 0.2706, Trend: 0.1493, DTW: 0.1040, TopK: 0.4772) | Val Mixed Loss (No Trend): 0.7534 (Base: 0.2897, DTW: 0.1333, TopK: 0.4788) | EMA Val Loss (No Trend): 0.746826 | LR: 1.78e-06
Epoch [97/100] | Total Loss: 0.8945 | Aux Loss: 0.1565 | Train Mixed Loss: 0.7380 (Base: 0.2704, Trend: 0.1495, DTW: 0.1037, TopK: 0.4799) | Val Mixed Loss (No Trend): 0.7447 (Base: 0.2893, DTW: 0.1308, TopK: 0.4715) | EMA Val Loss (No Trend): 0.746296 | LR: 1.44e-06
Epoch [98/100] | Total Loss: 0.8990 | Aux Loss: 0.1563 | Train Mixed Loss: 0.7427 (Base: 0.2718, Trend: 0.1501, DTW: 0.1050, TopK: 0.4798) | Val Mixed Loss (No Trend): 0.7483 (Base: 0.2904, DTW: 0.1319, TopK: 0.4712) | EMA Val Loss (No Trend): 0.746792 | LR: 1.20e-06
Epoch [99/100] | Total Loss: 0.8971 | Aux Loss: 0.1565 | Train Mixed Loss: 0.7406 (Base: 0.2715, Trend: 0.1503, DTW: 0.1041, TopK: 0.4802) | Val Mixed Loss (No Trend): 0.7394 (Base: 0.2876, DTW: 0.1292, TopK: 0.4724) | EMA Val Loss (No Trend): 0.744954 | LR: 1.05e-06
Epoch [100/100] | Total Loss: 0.8931 | Aux Loss: 0.1560 | Train Mixed Loss: 0.7371 (Base: 0.2702, Trend: 0.1497, DTW: 0.1037, TopK: 0.4773) | Val Mixed Loss (No Trend): 0.7450 (Base: 0.2903, DTW: 0.1309, TopK: 0.4684) | EMA Val Loss (No Trend): 0.744970 | LR: 2.00e-04
