Starting experiment (seed=4)
Device: cuda:0
Building static profile features from historical data...
Total trainable parameters: 5,010,690
Epoch [1/100] | Total Loss: 1.3422 | Aux Loss: 0.2756 | Train Mixed Loss: 1.0666 (Base: 0.3456, Trend: 0.1691, DTW: 0.1903, TopK: 0.5989) | Val Mixed Loss (No Trend): 0.8769 (Base: 0.3312, DTW: 0.1624, TopK: 0.5197) | EMA Val Loss (No Trend): 0.876907 | LR: 2.00e-04
Saved new best weights to best_model_seed4.pth (EMA validation loss without trend: 0.876907).
Epoch [2/100] | Total Loss: 1.2128 | Aux Loss: 0.2282 | Train Mixed Loss: 0.9846 (Base: 0.3310, Trend: 0.1595, DTW: 0.1668, TopK: 0.5782) | Val Mixed Loss (No Trend): 0.8681 (Base: 0.3259, DTW: 0.1657, TopK: 0.4815) | EMA Val Loss (No Trend): 0.874696 | LR: 2.00e-04
Saved new best weights to best_model_seed4.pth (EMA validation loss without trend: 0.874696).
Epoch [3/100] | Total Loss: 1.1686 | Aux Loss: 0.2189 | Train Mixed Loss: 0.9498 (Base: 0.3229, Trend: 0.1585, DTW: 0.1573, TopK: 0.5667) | Val Mixed Loss (No Trend): 0.8197 (Base: 0.3075, DTW: 0.1440, TopK: 0.5550) | EMA Val Loss (No Trend): 0.860937 | LR: 2.00e-04
Saved new best weights to best_model_seed4.pth (EMA validation loss without trend: 0.860937).
Epoch [4/100] | Total Loss: 1.1480 | Aux Loss: 0.2141 | Train Mixed Loss: 0.9340 (Base: 0.3196, Trend: 0.1582, DTW: 0.1527, TopK: 0.5627) | Val Mixed Loss (No Trend): 0.8087 (Base: 0.3009, DTW: 0.1445, TopK: 0.5369) | EMA Val Loss (No Trend): 0.847880 | LR: 1.99e-04
Saved new best weights to best_model_seed4.pth (EMA validation loss without trend: 0.847880).
Epoch [5/100] | Total Loss: 1.1381 | Aux Loss: 0.2119 | Train Mixed Loss: 0.9262 (Base: 0.3181, Trend: 0.1579, DTW: 0.1504, TopK: 0.5607) | Val Mixed Loss (No Trend): 0.7847 (Base: 0.2898, DTW: 0.1394, TopK: 0.5344) | EMA Val Loss (No Trend): 0.832087 | LR: 1.99e-04
Saved new best weights to best_model_seed4.pth (EMA validation loss without trend: 0.832087).
Epoch [6/100] | Total Loss: 1.1166 | Aux Loss: 0.2078 | Train Mixed Loss: 0.9088 (Base: 0.3138, Trend: 0.1570, DTW: 0.1457, TopK: 0.5562) | Val Mixed Loss (No Trend): 0.7916 (Base: 0.2974, DTW: 0.1409, TopK: 0.5202) | EMA Val Loss (No Trend): 0.821967 | LR: 1.98e-04
Saved new best weights to best_model_seed4.pth (EMA validation loss without trend: 0.821967).
Epoch [7/100] | Total Loss: 1.1043 | Aux Loss: 0.2082 | Train Mixed Loss: 0.8961 (Base: 0.3097, Trend: 0.1553, DTW: 0.1431, TopK: 0.5513) | Val Mixed Loss (No Trend): 0.7904 (Base: 0.3036, DTW: 0.1425, TopK: 0.4827) | EMA Val Loss (No Trend): 0.814074 | LR: 1.98e-04
Saved new best weights to best_model_seed4.pth (EMA validation loss without trend: 0.814074).
Epoch [8/100] | Total Loss: 1.1017 | Aux Loss: 0.2070 | Train Mixed Loss: 0.8947 (Base: 0.3104, Trend: 0.1560, DTW: 0.1421, TopK: 0.5507) | Val Mixed Loss (No Trend): 0.7748 (Base: 0.2922, DTW: 0.1381, TopK: 0.5036) | EMA Val Loss (No Trend): 0.804252 | LR: 1.97e-04
Saved new best weights to best_model_seed4.pth (EMA validation loss without trend: 0.804252).
Epoch [9/100] | Total Loss: 1.0934 | Aux Loss: 0.2038 | Train Mixed Loss: 0.8896 (Base: 0.3085, Trend: 0.1560, DTW: 0.1414, TopK: 0.5457) | Val Mixed Loss (No Trend): 0.7808 (Base: 0.2944, DTW: 0.1428, TopK: 0.4790) | EMA Val Loss (No Trend): 0.798379 | LR: 1.96e-04
Saved new best weights to best_model_seed4.pth (EMA validation loss without trend: 0.798379).
Epoch [10/100] | Total Loss: 1.0840 | Aux Loss: 0.2034 | Train Mixed Loss: 0.8806 (Base: 0.3078, Trend: 0.1558, DTW: 0.1384, TopK: 0.5424) | Val Mixed Loss (No Trend): 0.7590 (Base: 0.2803, DTW: 0.1329, TopK: 0.5327) | EMA Val Loss (No Trend): 0.788529 | LR: 1.95e-04
Saved new best weights to best_model_seed4.pth (EMA validation loss without trend: 0.788529).
Epoch [11/100] | Total Loss: 1.0726 | Aux Loss: 0.2000 | Train Mixed Loss: 0.8726 (Base: 0.3047, Trend: 0.1551, DTW: 0.1371, TopK: 0.5376) | Val Mixed Loss (No Trend): 0.7524 (Base: 0.2829, DTW: 0.1290, TopK: 0.5331) | EMA Val Loss (No Trend): 0.779504 | LR: 1.94e-04
Saved new best weights to best_model_seed4.pth (EMA validation loss without trend: 0.779504).
Epoch [12/100] | Total Loss: 1.0649 | Aux Loss: 0.1988 | Train Mixed Loss: 0.8661 (Base: 0.3038, Trend: 0.1552, DTW: 0.1352, TopK: 0.5338) | Val Mixed Loss (No Trend): 0.7778 (Base: 0.3017, DTW: 0.1399, TopK: 0.4679) | EMA Val Loss (No Trend): 0.779090 | LR: 1.93e-04
Saved new best weights to best_model_seed4.pth (EMA validation loss without trend: 0.779090).
Epoch [13/100] | Total Loss: 1.0613 | Aux Loss: 0.2000 | Train Mixed Loss: 0.8613 (Base: 0.3022, Trend: 0.1550, DTW: 0.1343, TopK: 0.5311) | Val Mixed Loss (No Trend): 0.7721 (Base: 0.2996, DTW: 0.1372, TopK: 0.4770) | EMA Val Loss (No Trend): 0.777336 | LR: 1.92e-04
Saved new best weights to best_model_seed4.pth (EMA validation loss without trend: 0.777336).
Epoch [14/100] | Total Loss: 1.0504 | Aux Loss: 0.1969 | Train Mixed Loss: 0.8535 (Base: 0.2996, Trend: 0.1533, DTW: 0.1328, TopK: 0.5287) | Val Mixed Loss (No Trend): 0.7474 (Base: 0.2846, DTW: 0.1322, TopK: 0.4852) | EMA Val Loss (No Trend): 0.769848 | LR: 1.91e-04
Saved new best weights to best_model_seed4.pth (EMA validation loss without trend: 0.769848).
Epoch [15/100] | Total Loss: 1.0467 | Aux Loss: 0.1973 | Train Mixed Loss: 0.8494 (Base: 0.3000, Trend: 0.1543, DTW: 0.1308, TopK: 0.5279) | Val Mixed Loss (No Trend): 0.7655 (Base: 0.2943, DTW: 0.1372, TopK: 0.4731) | EMA Val Loss (No Trend): 0.768753 | LR: 1.89e-04
Saved new best weights to best_model_seed4.pth (EMA validation loss without trend: 0.768753).
Epoch [16/100] | Total Loss: 1.0369 | Aux Loss: 0.1960 | Train Mixed Loss: 0.8408 (Base: 0.2972, Trend: 0.1536, DTW: 0.1291, TopK: 0.5232) | Val Mixed Loss (No Trend): 0.7522 (Base: 0.2960, DTW: 0.1317, TopK: 0.4674) | EMA Val Loss (No Trend): 0.764619 | LR: 1.88e-04
Saved new best weights to best_model_seed4.pth (EMA validation loss without trend: 0.764619).
Epoch [17/100] | Total Loss: 1.0323 | Aux Loss: 0.1942 | Train Mixed Loss: 0.8380 (Base: 0.2965, Trend: 0.1529, DTW: 0.1286, TopK: 0.5210) | Val Mixed Loss (No Trend): 0.7829 (Base: 0.3064, DTW: 0.1411, TopK: 0.4594) | EMA Val Loss (No Trend): 0.769202 | LR: 1.86e-04
Epoch [18/100] | Total Loss: 1.0241 | Aux Loss: 0.1928 | Train Mixed Loss: 0.8313 (Base: 0.2940, Trend: 0.1528, DTW: 0.1270, TopK: 0.5204) | Val Mixed Loss (No Trend): 0.7502 (Base: 0.2898, DTW: 0.1321, TopK: 0.4778) | EMA Val Loss (No Trend): 0.764455 | LR: 1.85e-04
Saved new best weights to best_model_seed4.pth (EMA validation loss without trend: 0.764455).
Epoch [19/100] | Total Loss: 1.0244 | Aux Loss: 0.1924 | Train Mixed Loss: 0.8321 (Base: 0.2944, Trend: 0.1534, DTW: 0.1274, TopK: 0.5176) | Val Mixed Loss (No Trend): 0.7336 (Base: 0.2798, DTW: 0.1265, TopK: 0.5006) | EMA Val Loss (No Trend): 0.756743 | LR: 1.83e-04
Saved new best weights to best_model_seed4.pth (EMA validation loss without trend: 0.756743).
Epoch [20/100] | Total Loss: 1.0209 | Aux Loss: 0.1909 | Train Mixed Loss: 0.8300 (Base: 0.2940, Trend: 0.1531, DTW: 0.1265, TopK: 0.5192) | Val Mixed Loss (No Trend): 0.7410 (Base: 0.2844, DTW: 0.1277, TopK: 0.5004) | EMA Val Loss (No Trend): 0.752817 | LR: 1.81e-04
Saved new best weights to best_model_seed4.pth (EMA validation loss without trend: 0.752817).
Epoch [21/100] | Total Loss: 1.0166 | Aux Loss: 0.1909 | Train Mixed Loss: 0.8257 (Base: 0.2930, Trend: 0.1537, DTW: 0.1253, TopK: 0.5168) | Val Mixed Loss (No Trend): 0.7331 (Base: 0.2834, DTW: 0.1275, TopK: 0.4786) | EMA Val Loss (No Trend): 0.747890 | LR: 1.79e-04
Saved new best weights to best_model_seed4.pth (EMA validation loss without trend: 0.747890).
Epoch [22/100] | Total Loss: 1.0139 | Aux Loss: 0.1899 | Train Mixed Loss: 0.8241 (Base: 0.2925, Trend: 0.1528, DTW: 0.1247, TopK: 0.5193) | Val Mixed Loss (No Trend): 0.7484 (Base: 0.2892, DTW: 0.1313, TopK: 0.4805) | EMA Val Loss (No Trend): 0.748018 | LR: 1.77e-04
Epoch [23/100] | Total Loss: 1.0061 | Aux Loss: 0.1902 | Train Mixed Loss: 0.8158 (Base: 0.2902, Trend: 0.1529, DTW: 0.1228, TopK: 0.5146) | Val Mixed Loss (No Trend): 0.7315 (Base: 0.2819, DTW: 0.1277, TopK: 0.4771) | EMA Val Loss (No Trend): 0.743885 | LR: 1.75e-04
Saved new best weights to best_model_seed4.pth (EMA validation loss without trend: 0.743885).
Epoch [24/100] | Total Loss: 1.0107 | Aux Loss: 0.1897 | Train Mixed Loss: 0.8210 (Base: 0.2918, Trend: 0.1540, DTW: 0.1242, TopK: 0.5138) | Val Mixed Loss (No Trend): 0.7243 (Base: 0.2844, DTW: 0.1254, TopK: 0.4630) | EMA Val Loss (No Trend): 0.738977 | LR: 1.73e-04
Saved new best weights to best_model_seed4.pth (EMA validation loss without trend: 0.738977).
Epoch [25/100] | Total Loss: 1.0021 | Aux Loss: 0.1880 | Train Mixed Loss: 0.8140 (Base: 0.2905, Trend: 0.1538, DTW: 0.1225, TopK: 0.5087) | Val Mixed Loss (No Trend): 0.7295 (Base: 0.2875, DTW: 0.1267, TopK: 0.4601) | EMA Val Loss (No Trend): 0.736616 | LR: 1.71e-04
Saved new best weights to best_model_seed4.pth (EMA validation loss without trend: 0.736616).
Epoch [26/100] | Total Loss: 0.9981 | Aux Loss: 0.1875 | Train Mixed Loss: 0.8106 (Base: 0.2900, Trend: 0.1532, DTW: 0.1213, TopK: 0.5099) | Val Mixed Loss (No Trend): 0.7299 (Base: 0.2834, DTW: 0.1284, TopK: 0.4610) | EMA Val Loss (No Trend): 0.734931 | LR: 1.69e-04
Saved new best weights to best_model_seed4.pth (EMA validation loss without trend: 0.734931).
Epoch [27/100] | Total Loss: 0.9965 | Aux Loss: 0.1864 | Train Mixed Loss: 0.8101 (Base: 0.2889, Trend: 0.1535, DTW: 0.1216, TopK: 0.5091) | Val Mixed Loss (No Trend): 0.7365 (Base: 0.2843, DTW: 0.1286, TopK: 0.4779) | EMA Val Loss (No Trend): 0.735312 | LR: 1.66e-04
Epoch [28/100] | Total Loss: 0.9863 | Aux Loss: 0.1858 | Train Mixed Loss: 0.8005 (Base: 0.2862, Trend: 0.1527, DTW: 0.1195, TopK: 0.5039) | Val Mixed Loss (No Trend): 0.7490 (Base: 0.2906, DTW: 0.1322, TopK: 0.4703) | EMA Val Loss (No Trend): 0.738740 | LR: 1.64e-04
Epoch [29/100] | Total Loss: 0.9861 | Aux Loss: 0.1850 | Train Mixed Loss: 0.8011 (Base: 0.2869, Trend: 0.1530, DTW: 0.1195, TopK: 0.5030) | Val Mixed Loss (No Trend): 0.7403 (Base: 0.2912, DTW: 0.1297, TopK: 0.4592) | EMA Val Loss (No Trend): 0.739129 | LR: 1.61e-04
Epoch [30/100] | Total Loss: 0.9800 | Aux Loss: 0.1845 | Train Mixed Loss: 0.7955 (Base: 0.2851, Trend: 0.1528, DTW: 0.1178, TopK: 0.5042) | Val Mixed Loss (No Trend): 0.7240 (Base: 0.2767, DTW: 0.1243, TopK: 0.4963) | EMA Val Loss (No Trend): 0.735341 | LR: 1.59e-04
Epoch [31/100] | Total Loss: 0.9692 | Aux Loss: 0.1835 | Train Mixed Loss: 0.7857 (Base: 0.2817, Trend: 0.1512, DTW: 0.1165, TopK: 0.4956) | Val Mixed Loss (No Trend): 0.7315 (Base: 0.2847, DTW: 0.1274, TopK: 0.4707) | EMA Val Loss (No Trend): 0.734391 | LR: 1.56e-04
Saved new best weights to best_model_seed4.pth (EMA validation loss without trend: 0.734391).
Epoch [32/100] | Total Loss: 0.9648 | Aux Loss: 0.1828 | Train Mixed Loss: 0.7820 (Base: 0.2807, Trend: 0.1517, DTW: 0.1154, TopK: 0.4946) | Val Mixed Loss (No Trend): 0.7515 (Base: 0.2905, DTW: 0.1341, TopK: 0.4637) | EMA Val Loss (No Trend): 0.738663 | LR: 1.54e-04
Epoch [33/100] | Total Loss: 0.9696 | Aux Loss: 0.1822 | Train Mixed Loss: 0.7874 (Base: 0.2823, Trend: 0.1521, DTW: 0.1164, TopK: 0.4993) | Val Mixed Loss (No Trend): 0.7555 (Base: 0.2965, DTW: 0.1351, TopK: 0.4493) | EMA Val Loss (No Trend): 0.742860 | LR: 1.51e-04
Epoch [34/100] | Total Loss: 0.9689 | Aux Loss: 0.1839 | Train Mixed Loss: 0.7850 (Base: 0.2824, Trend: 0.1525, DTW: 0.1157, TopK: 0.4960) | Val Mixed Loss (No Trend): 0.7342 (Base: 0.2848, DTW: 0.1282, TopK: 0.4720) | EMA Val Loss (No Trend): 0.740702 | LR: 1.48e-04
Epoch [35/100] | Total Loss: 0.9580 | Aux Loss: 0.1820 | Train Mixed Loss: 0.7760 (Base: 0.2799, Trend: 0.1521, DTW: 0.1137, TopK: 0.4905) | Val Mixed Loss (No Trend): 0.7285 (Base: 0.2808, DTW: 0.1268, TopK: 0.4774) | EMA Val Loss (No Trend): 0.737641 | LR: 1.46e-04
Epoch [36/100] | Total Loss: 0.9624 | Aux Loss: 0.1817 | Train Mixed Loss: 0.7807 (Base: 0.2812, Trend: 0.1530, DTW: 0.1144, TopK: 0.4947) | Val Mixed Loss (No Trend): 0.7424 (Base: 0.2860, DTW: 0.1285, TopK: 0.4931) | EMA Val Loss (No Trend): 0.738819 | LR: 1.43e-04
Epoch [37/100] | Total Loss: 0.9605 | Aux Loss: 0.1816 | Train Mixed Loss: 0.7789 (Base: 0.2811, Trend: 0.1536, DTW: 0.1137, TopK: 0.4939) | Val Mixed Loss (No Trend): 0.7270 (Base: 0.2807, DTW: 0.1275, TopK: 0.4679) | EMA Val Loss (No Trend): 0.735852 | LR: 1.40e-04
Epoch [38/100] | Total Loss: 0.9549 | Aux Loss: 0.1800 | Train Mixed Loss: 0.7750 (Base: 0.2798, Trend: 0.1528, DTW: 0.1131, TopK: 0.4909) | Val Mixed Loss (No Trend): 0.7339 (Base: 0.2828, DTW: 0.1291, TopK: 0.4712) | EMA Val Loss (No Trend): 0.735358 | LR: 1.37e-04
Epoch [39/100] | Total Loss: 0.9558 | Aux Loss: 0.1803 | Train Mixed Loss: 0.7755 (Base: 0.2798, Trend: 0.1527, DTW: 0.1131, TopK: 0.4929) | Val Mixed Loss (No Trend): 0.7289 (Base: 0.2826, DTW: 0.1277, TopK: 0.4657) | EMA Val Loss (No Trend): 0.733735 | LR: 1.34e-04
Saved new best weights to best_model_seed4.pth (EMA validation loss without trend: 0.733735).
Epoch [40/100] | Total Loss: 0.9483 | Aux Loss: 0.1795 | Train Mixed Loss: 0.7688 (Base: 0.2775, Trend: 0.1520, DTW: 0.1120, TopK: 0.4878) | Val Mixed Loss (No Trend): 0.7241 (Base: 0.2798, DTW: 0.1271, TopK: 0.4638) | EMA Val Loss (No Trend): 0.731333 | LR: 1.31e-04
Saved new best weights to best_model_seed4.pth (EMA validation loss without trend: 0.731333).
Epoch [41/100] | Total Loss: 0.9449 | Aux Loss: 0.1793 | Train Mixed Loss: 0.7657 (Base: 0.2774, Trend: 0.1520, DTW: 0.1112, TopK: 0.4849) | Val Mixed Loss (No Trend): 0.7043 (Base: 0.2743, DTW: 0.1220, TopK: 0.4577) | EMA Val Loss (No Trend): 0.724581 | LR: 1.28e-04
Saved new best weights to best_model_seed4.pth (EMA validation loss without trend: 0.724581).
Epoch [42/100] | Total Loss: 0.9366 | Aux Loss: 0.1797 | Train Mixed Loss: 0.7570 (Base: 0.2740, Trend: 0.1516, DTW: 0.1091, TopK: 0.4845) | Val Mixed Loss (No Trend): 0.7317 (Base: 0.2902, DTW: 0.1268, TopK: 0.4575) | EMA Val Loss (No Trend): 0.726372 | LR: 1.25e-04
Epoch [43/100] | Total Loss: 0.9387 | Aux Loss: 0.1779 | Train Mixed Loss: 0.7608 (Base: 0.2763, Trend: 0.1525, DTW: 0.1097, TopK: 0.4833) | Val Mixed Loss (No Trend): 0.7179 (Base: 0.2759, DTW: 0.1244, TopK: 0.4783) | EMA Val Loss (No Trend): 0.724257 | LR: 1.22e-04
Saved new best weights to best_model_seed4.pth (EMA validation loss without trend: 0.724257).
Epoch [44/100] | Total Loss: 0.9392 | Aux Loss: 0.1777 | Train Mixed Loss: 0.7615 (Base: 0.2761, Trend: 0.1528, DTW: 0.1096, TopK: 0.4862) | Val Mixed Loss (No Trend): 0.7191 (Base: 0.2829, DTW: 0.1256, TopK: 0.4491) | EMA Val Loss (No Trend): 0.722978 | LR: 1.19e-04
Saved new best weights to best_model_seed4.pth (EMA validation loss without trend: 0.722978).
Epoch [45/100] | Total Loss: 0.9312 | Aux Loss: 0.1776 | Train Mixed Loss: 0.7536 (Base: 0.2735, Trend: 0.1522, DTW: 0.1082, TopK: 0.4811) | Val Mixed Loss (No Trend): 0.7138 (Base: 0.2748, DTW: 0.1230, TopK: 0.4793) | EMA Val Loss (No Trend): 0.720679 | LR: 1.16e-04
Saved new best weights to best_model_seed4.pth (EMA validation loss without trend: 0.720679).
Epoch [46/100] | Total Loss: 0.9310 | Aux Loss: 0.1777 | Train Mixed Loss: 0.7533 (Base: 0.2735, Trend: 0.1528, DTW: 0.1076, TopK: 0.4836) | Val Mixed Loss (No Trend): 0.7317 (Base: 0.2815, DTW: 0.1268, TopK: 0.4864) | EMA Val Loss (No Trend): 0.723426 | LR: 1.13e-04
Epoch [47/100] | Total Loss: 0.9256 | Aux Loss: 0.1776 | Train Mixed Loss: 0.7479 (Base: 0.2714, Trend: 0.1527, DTW: 0.1069, TopK: 0.4793) | Val Mixed Loss (No Trend): 0.7238 (Base: 0.2783, DTW: 0.1259, TopK: 0.4779) | EMA Val Loss (No Trend): 0.723509 | LR: 1.10e-04
Epoch [48/100] | Total Loss: 0.9258 | Aux Loss: 0.1761 | Train Mixed Loss: 0.7498 (Base: 0.2718, Trend: 0.1529, DTW: 0.1070, TopK: 0.4820) | Val Mixed Loss (No Trend): 0.7196 (Base: 0.2808, DTW: 0.1255, TopK: 0.4589) | EMA Val Loss (No Trend): 0.722529 | LR: 1.07e-04
Epoch [49/100] | Total Loss: 0.9149 | Aux Loss: 0.1756 | Train Mixed Loss: 0.7393 (Base: 0.2697, Trend: 0.1526, DTW: 0.1046, TopK: 0.4740) | Val Mixed Loss (No Trend): 0.7248 (Base: 0.2816, DTW: 0.1253, TopK: 0.4748) | EMA Val Loss (No Trend): 0.723089 | LR: 1.04e-04
Epoch [50/100] | Total Loss: 0.9173 | Aux Loss: 0.1766 | Train Mixed Loss: 0.7406 (Base: 0.2694, Trend: 0.1524, DTW: 0.1050, TopK: 0.4770) | Val Mixed Loss (No Trend): 0.7084 (Base: 0.2727, DTW: 0.1219, TopK: 0.4773) | EMA Val Loss (No Trend): 0.719425 | LR: 1.01e-04
Saved new best weights to best_model_seed4.pth (EMA validation loss without trend: 0.719425).
Epoch [51/100] | Total Loss: 0.9108 | Aux Loss: 0.1753 | Train Mixed Loss: 0.7355 (Base: 0.2690, Trend: 0.1519, DTW: 0.1036, TopK: 0.4730) | Val Mixed Loss (No Trend): 0.7248 (Base: 0.2802, DTW: 0.1268, TopK: 0.4674) | EMA Val Loss (No Trend): 0.720765 | LR: 9.74e-05
Epoch [52/100] | Total Loss: 0.9082 | Aux Loss: 0.1762 | Train Mixed Loss: 0.7320 (Base: 0.2676, Trend: 0.1519, DTW: 0.1028, TopK: 0.4721) | Val Mixed Loss (No Trend): 0.7100 (Base: 0.2730, DTW: 0.1222, TopK: 0.4791) | EMA Val Loss (No Trend): 0.718069 | LR: 9.43e-05
Saved new best weights to best_model_seed4.pth (EMA validation loss without trend: 0.718069).
Epoch [53/100] | Total Loss: 0.9068 | Aux Loss: 0.1751 | Train Mixed Loss: 0.7317 (Base: 0.2681, Trend: 0.1519, DTW: 0.1028, TopK: 0.4693) | Val Mixed Loss (No Trend): 0.7249 (Base: 0.2802, DTW: 0.1260, TopK: 0.4748) | EMA Val Loss (No Trend): 0.719788 | LR: 9.11e-05
Epoch [54/100] | Total Loss: 0.9051 | Aux Loss: 0.1754 | Train Mixed Loss: 0.7297 (Base: 0.2664, Trend: 0.1516, DTW: 0.1029, TopK: 0.4686) | Val Mixed Loss (No Trend): 0.7300 (Base: 0.2825, DTW: 0.1294, TopK: 0.4563) | EMA Val Loss (No Trend): 0.722336 | LR: 8.80e-05
Epoch [55/100] | Total Loss: 0.9050 | Aux Loss: 0.1739 | Train Mixed Loss: 0.7311 (Base: 0.2678, Trend: 0.1531, DTW: 0.1021, TopK: 0.4721) | Val Mixed Loss (No Trend): 0.7253 (Base: 0.2809, DTW: 0.1278, TopK: 0.4590) | EMA Val Loss (No Trend): 0.723069 | LR: 8.49e-05
Epoch [56/100] | Total Loss: 0.9003 | Aux Loss: 0.1732 | Train Mixed Loss: 0.7270 (Base: 0.2657, Trend: 0.1525, DTW: 0.1017, TopK: 0.4697) | Val Mixed Loss (No Trend): 0.7264 (Base: 0.2802, DTW: 0.1264, TopK: 0.4759) | EMA Val Loss (No Trend): 0.723902 | LR: 8.19e-05
Epoch [57/100] | Total Loss: 0.8971 | Aux Loss: 0.1730 | Train Mixed Loss: 0.7241 (Base: 0.2650, Trend: 0.1527, DTW: 0.1010, TopK: 0.4684) | Val Mixed Loss (No Trend): 0.7309 (Base: 0.2865, DTW: 0.1274, TopK: 0.4618) | EMA Val Loss (No Trend): 0.725647 | LR: 7.88e-05
Epoch [58/100] | Total Loss: 0.8930 | Aux Loss: 0.1727 | Train Mixed Loss: 0.7203 (Base: 0.2641, Trend: 0.1524, DTW: 0.1002, TopK: 0.4653) | Val Mixed Loss (No Trend): 0.7208 (Base: 0.2787, DTW: 0.1258, TopK: 0.4674) | EMA Val Loss (No Trend): 0.724448 | LR: 7.58e-05
Epoch [59/100] | Total Loss: 0.8902 | Aux Loss: 0.1725 | Train Mixed Loss: 0.7177 (Base: 0.2633, Trend: 0.1520, DTW: 0.0999, TopK: 0.4618) | Val Mixed Loss (No Trend): 0.7302 (Base: 0.2830, DTW: 0.1285, TopK: 0.4629) | EMA Val Loss (No Trend): 0.725889 | LR: 7.27e-05
Epoch [60/100] | Total Loss: 0.8856 | Aux Loss: 0.1736 | Train Mixed Loss: 0.7121 (Base: 0.2615, Trend: 0.1510, DTW: 0.0986, TopK: 0.4611) | Val Mixed Loss (No Trend): 0.7104 (Base: 0.2762, DTW: 0.1227, TopK: 0.4654) | EMA Val Loss (No Trend): 0.722027 | LR: 6.98e-05
Epoch [61/100] | Total Loss: 0.8846 | Aux Loss: 0.1721 | Train Mixed Loss: 0.7125 (Base: 0.2612, Trend: 0.1521, DTW: 0.0987, TopK: 0.4613) | Val Mixed Loss (No Trend): 0.7245 (Base: 0.2797, DTW: 0.1264, TopK: 0.4720) | EMA Val Loss (No Trend): 0.722645 | LR: 6.68e-05
Epoch [62/100] | Total Loss: 0.8761 | Aux Loss: 0.1719 | Train Mixed Loss: 0.7042 (Base: 0.2595, Trend: 0.1514, DTW: 0.0971, TopK: 0.4535) | Val Mixed Loss (No Trend): 0.7197 (Base: 0.2820, DTW: 0.1264, TopK: 0.4475) | EMA Val Loss (No Trend): 0.721901 | LR: 6.39e-05
Epoch [63/100] | Total Loss: 0.8787 | Aux Loss: 0.1717 | Train Mixed Loss: 0.7070 (Base: 0.2604, Trend: 0.1520, DTW: 0.0972, TopK: 0.4574) | Val Mixed Loss (No Trend): 0.7168 (Base: 0.2780, DTW: 0.1258, TopK: 0.4561) | EMA Val Loss (No Trend): 0.720630 | LR: 6.10e-05
Epoch [64/100] | Total Loss: 0.8770 | Aux Loss: 0.1717 | Train Mixed Loss: 0.7053 (Base: 0.2597, Trend: 0.1519, DTW: 0.0970, TopK: 0.4559) | Val Mixed Loss (No Trend): 0.7137 (Base: 0.2768, DTW: 0.1232, TopK: 0.4712) | EMA Val Loss (No Trend): 0.718908 | LR: 5.81e-05
Epoch [65/100] | Total Loss: 0.8760 | Aux Loss: 0.1714 | Train Mixed Loss: 0.7047 (Base: 0.2596, Trend: 0.1525, DTW: 0.0966, TopK: 0.4572) | Val Mixed Loss (No Trend): 0.7237 (Base: 0.2781, DTW: 0.1274, TopK: 0.4659) | EMA Val Loss (No Trend): 0.720105 | LR: 5.53e-05
Epoch [66/100] | Total Loss: 0.8752 | Aux Loss: 0.1705 | Train Mixed Loss: 0.7047 (Base: 0.2600, Trend: 0.1523, DTW: 0.0966, TopK: 0.4562) | Val Mixed Loss (No Trend): 0.7166 (Base: 0.2803, DTW: 0.1254, TopK: 0.4509) | EMA Val Loss (No Trend): 0.719219 | LR: 5.26e-05
Epoch [67/100] | Total Loss: 0.8691 | Aux Loss: 0.1710 | Train Mixed Loss: 0.6981 (Base: 0.2574, Trend: 0.1517, DTW: 0.0954, TopK: 0.4529) | Val Mixed Loss (No Trend): 0.7077 (Base: 0.2748, DTW: 0.1240, TopK: 0.4507) | EMA Val Loss (No Trend): 0.716335 | LR: 4.99e-05
Saved new best weights to best_model_seed4.pth (EMA validation loss without trend: 0.716335).
Epoch [68/100] | Total Loss: 0.8717 | Aux Loss: 0.1718 | Train Mixed Loss: 0.7000 (Base: 0.2579, Trend: 0.1523, DTW: 0.0958, TopK: 0.4534) | Val Mixed Loss (No Trend): 0.7259 (Base: 0.2796, DTW: 0.1271, TopK: 0.4707) | EMA Val Loss (No Trend): 0.718732 | LR: 4.72e-05
Epoch [69/100] | Total Loss: 0.8649 | Aux Loss: 0.1696 | Train Mixed Loss: 0.6954 (Base: 0.2569, Trend: 0.1520, DTW: 0.0949, TopK: 0.4487) | Val Mixed Loss (No Trend): 0.7159 (Base: 0.2787, DTW: 0.1253, TopK: 0.4548) | EMA Val Loss (No Trend): 0.718013 | LR: 4.46e-05
Epoch [70/100] | Total Loss: 0.8623 | Aux Loss: 0.1700 | Train Mixed Loss: 0.6923 (Base: 0.2560, Trend: 0.1519, DTW: 0.0941, TopK: 0.4483) | Val Mixed Loss (No Trend): 0.7163 (Base: 0.2765, DTW: 0.1241, TopK: 0.4730) | EMA Val Loss (No Trend): 0.717585 | LR: 4.20e-05
Epoch [71/100] | Total Loss: 0.8635 | Aux Loss: 0.1697 | Train Mixed Loss: 0.6938 (Base: 0.2564, Trend: 0.1527, DTW: 0.0943, TopK: 0.4494) | Val Mixed Loss (No Trend): 0.7202 (Base: 0.2814, DTW: 0.1254, TopK: 0.4590) | EMA Val Loss (No Trend): 0.718227 | LR: 3.95e-05
Epoch [72/100] | Total Loss: 0.8599 | Aux Loss: 0.1708 | Train Mixed Loss: 0.6891 (Base: 0.2551, Trend: 0.1516, DTW: 0.0932, TopK: 0.4479) | Val Mixed Loss (No Trend): 0.7224 (Base: 0.2799, DTW: 0.1267, TopK: 0.4611) | EMA Val Loss (No Trend): 0.719260 | LR: 3.71e-05
Epoch [73/100] | Total Loss: 0.8600 | Aux Loss: 0.1713 | Train Mixed Loss: 0.6887 (Base: 0.2548, Trend: 0.1522, DTW: 0.0930, TopK: 0.4483) | Val Mixed Loss (No Trend): 0.7304 (Base: 0.2829, DTW: 0.1286, TopK: 0.4632) | EMA Val Loss (No Trend): 0.722047 | LR: 3.47e-05
Epoch [74/100] | Total Loss: 0.8510 | Aux Loss: 0.1683 | Train Mixed Loss: 0.6828 (Base: 0.2530, Trend: 0.1520, DTW: 0.0918, TopK: 0.4452) | Val Mixed Loss (No Trend): 0.7221 (Base: 0.2788, DTW: 0.1261, TopK: 0.4690) | EMA Val Loss (No Trend): 0.722054 | LR: 3.24e-05
Epoch [75/100] | Total Loss: 0.8554 | Aux Loss: 0.1701 | Train Mixed Loss: 0.6853 (Base: 0.2541, Trend: 0.1521, DTW: 0.0923, TopK: 0.4451) | Val Mixed Loss (No Trend): 0.7221 (Base: 0.2811, DTW: 0.1268, TopK: 0.4560) | EMA Val Loss (No Trend): 0.722072 | LR: 3.01e-05
Epoch [76/100] | Total Loss: 0.8482 | Aux Loss: 0.1697 | Train Mixed Loss: 0.6785 (Base: 0.2518, Trend: 0.1509, DTW: 0.0911, TopK: 0.4420) | Val Mixed Loss (No Trend): 0.7162 (Base: 0.2790, DTW: 0.1255, TopK: 0.4533) | EMA Val Loss (No Trend): 0.720604 | LR: 2.80e-05
Epoch [77/100] | Total Loss: 0.8512 | Aux Loss: 0.1685 | Train Mixed Loss: 0.6827 (Base: 0.2533, Trend: 0.1526, DTW: 0.0918, TopK: 0.4424) | Val Mixed Loss (No Trend): 0.7114 (Base: 0.2775, DTW: 0.1244, TopK: 0.4511) | EMA Val Loss (No Trend): 0.718294 | LR: 2.59e-05
Epoch [78/100] | Total Loss: 0.8477 | Aux Loss: 0.1680 | Train Mixed Loss: 0.6797 (Base: 0.2520, Trend: 0.1515, DTW: 0.0914, TopK: 0.4427) | Val Mixed Loss (No Trend): 0.7315 (Base: 0.2849, DTW: 0.1288, TopK: 0.4581) | EMA Val Loss (No Trend): 0.721607 | LR: 2.38e-05
Epoch [79/100] | Total Loss: 0.8460 | Aux Loss: 0.1686 | Train Mixed Loss: 0.6774 (Base: 0.2510, Trend: 0.1518, DTW: 0.0909, TopK: 0.4415) | Val Mixed Loss (No Trend): 0.7136 (Base: 0.2775, DTW: 0.1242, TopK: 0.4603) | EMA Val Loss (No Trend): 0.719601 | LR: 2.19e-05
Epoch [80/100] | Total Loss: 0.8453 | Aux Loss: 0.1682 | Train Mixed Loss: 0.6771 (Base: 0.2516, Trend: 0.1513, DTW: 0.0905, TopK: 0.4421) | Val Mixed Loss (No Trend): 0.7240 (Base: 0.2798, DTW: 0.1266, TopK: 0.4681) | EMA Val Loss (No Trend): 0.720694 | LR: 2.00e-05
Epoch [81/100] | Total Loss: 0.8513 | Aux Loss: 0.1689 | Train Mixed Loss: 0.6825 (Base: 0.2525, Trend: 0.1528, DTW: 0.0915, TopK: 0.4462) | Val Mixed Loss (No Trend): 0.7205 (Base: 0.2797, DTW: 0.1260, TopK: 0.4611) | EMA Val Loss (No Trend): 0.720639 | LR: 1.82e-05
Epoch [82/100] | Total Loss: 0.8482 | Aux Loss: 0.1695 | Train Mixed Loss: 0.6788 (Base: 0.2522, Trend: 0.1526, DTW: 0.0905, TopK: 0.4435) | Val Mixed Loss (No Trend): 0.7301 (Base: 0.2811, DTW: 0.1281, TopK: 0.4713) | EMA Val Loss (No Trend): 0.722997 | LR: 1.65e-05
Epoch [83/100] | Total Loss: 0.8460 | Aux Loss: 0.1688 | Train Mixed Loss: 0.6772 (Base: 0.2513, Trend: 0.1522, DTW: 0.0905, TopK: 0.4416) | Val Mixed Loss (No Trend): 0.7289 (Base: 0.2834, DTW: 0.1280, TopK: 0.4608) | EMA Val Loss (No Trend): 0.724462 | LR: 1.49e-05
Epoch [84/100] | Total Loss: 0.8383 | Aux Loss: 0.1692 | Train Mixed Loss: 0.6691 (Base: 0.2490, Trend: 0.1507, DTW: 0.0888, TopK: 0.4391) | Val Mixed Loss (No Trend): 0.7219 (Base: 0.2799, DTW: 0.1265, TopK: 0.4611) | EMA Val Loss (No Trend): 0.723814 | LR: 1.33e-05
Epoch [85/100] | Total Loss: 0.8419 | Aux Loss: 0.1686 | Train Mixed Loss: 0.6733 (Base: 0.2503, Trend: 0.1518, DTW: 0.0896, TopK: 0.4405) | Val Mixed Loss (No Trend): 0.7248 (Base: 0.2790, DTW: 0.1274, TopK: 0.4662) | EMA Val Loss (No Trend): 0.724056 | LR: 1.18e-05
Epoch [86/100] | Total Loss: 0.8419 | Aux Loss: 0.1687 | Train Mixed Loss: 0.6732 (Base: 0.2503, Trend: 0.1520, DTW: 0.0896, TopK: 0.4398) | Val Mixed Loss (No Trend): 0.7226 (Base: 0.2812, DTW: 0.1259, TopK: 0.4640) | EMA Val Loss (No Trend): 0.723690 | LR: 1.05e-05
Epoch [87/100] | Total Loss: 0.8338 | Aux Loss: 0.1686 | Train Mixed Loss: 0.6652 (Base: 0.2482, Trend: 0.1507, DTW: 0.0881, TopK: 0.4344) | Val Mixed Loss (No Trend): 0.7336 (Base: 0.2828, DTW: 0.1290, TopK: 0.4707) | EMA Val Loss (No Trend): 0.726166 | LR: 9.18e-06
Epoch [88/100] | Total Loss: 0.8380 | Aux Loss: 0.1682 | Train Mixed Loss: 0.6698 (Base: 0.2495, Trend: 0.1519, DTW: 0.0888, TopK: 0.4375) | Val Mixed Loss (No Trend): 0.7320 (Base: 0.2820, DTW: 0.1287, TopK: 0.4707) | EMA Val Loss (No Trend): 0.727636 | LR: 7.99e-06
Epoch [89/100] | Total Loss: 0.8332 | Aux Loss: 0.1691 | Train Mixed Loss: 0.6641 (Base: 0.2471, Trend: 0.1506, DTW: 0.0877, TopK: 0.4369) | Val Mixed Loss (No Trend): 0.7137 (Base: 0.2782, DTW: 0.1251, TopK: 0.4515) | EMA Val Loss (No Trend): 0.724164 | LR: 6.88e-06
Epoch [90/100] | Total Loss: 0.8362 | Aux Loss: 0.1696 | Train Mixed Loss: 0.6665 (Base: 0.2477, Trend: 0.1509, DTW: 0.0884, TopK: 0.4375) | Val Mixed Loss (No Trend): 0.7256 (Base: 0.2818, DTW: 0.1271, TopK: 0.4628) | EMA Val Loss (No Trend): 0.724524 | LR: 5.87e-06
Epoch [91/100] | Total Loss: 0.8357 | Aux Loss: 0.1689 | Train Mixed Loss: 0.6669 (Base: 0.2484, Trend: 0.1516, DTW: 0.0881, TopK: 0.4374) | Val Mixed Loss (No Trend): 0.7177 (Base: 0.2813, DTW: 0.1247, TopK: 0.4572) | EMA Val Loss (No Trend): 0.722827 | LR: 4.95e-06
Epoch [92/100] | Total Loss: 0.8371 | Aux Loss: 0.1681 | Train Mixed Loss: 0.6690 (Base: 0.2488, Trend: 0.1517, DTW: 0.0888, TopK: 0.4375) | Val Mixed Loss (No Trend): 0.7153 (Base: 0.2791, DTW: 0.1242, TopK: 0.4599) | EMA Val Loss (No Trend): 0.720936 | LR: 4.13e-06
Epoch [93/100] | Total Loss: 0.8344 | Aux Loss: 0.1686 | Train Mixed Loss: 0.6658 (Base: 0.2479, Trend: 0.1515, DTW: 0.0880, TopK: 0.4369) | Val Mixed Loss (No Trend): 0.7289 (Base: 0.2831, DTW: 0.1285, TopK: 0.4576) | EMA Val Loss (No Trend): 0.722920 | LR: 3.40e-06
Epoch [94/100] | Total Loss: 0.8344 | Aux Loss: 0.1691 | Train Mixed Loss: 0.6654 (Base: 0.2482, Trend: 0.1511, DTW: 0.0879, TopK: 0.4357) | Val Mixed Loss (No Trend): 0.7222 (Base: 0.2807, DTW: 0.1269, TopK: 0.4567) | EMA Val Loss (No Trend): 0.722729 | LR: 2.76e-06
Epoch [95/100] | Total Loss: 0.8308 | Aux Loss: 0.1679 | Train Mixed Loss: 0.6630 (Base: 0.2469, Trend: 0.1504, DTW: 0.0878, TopK: 0.4337) | Val Mixed Loss (No Trend): 0.7276 (Base: 0.2828, DTW: 0.1277, TopK: 0.4607) | EMA Val Loss (No Trend): 0.723944 | LR: 2.23e-06
Epoch [96/100] | Total Loss: 0.8356 | Aux Loss: 0.1689 | Train Mixed Loss: 0.6666 (Base: 0.2480, Trend: 0.1517, DTW: 0.0883, TopK: 0.4360) | Val Mixed Loss (No Trend): 0.7213 (Base: 0.2808, DTW: 0.1266, TopK: 0.4559) | EMA Val Loss (No Trend): 0.723278 | LR: 1.78e-06
Epoch [97/100] | Total Loss: 0.8373 | Aux Loss: 0.1679 | Train Mixed Loss: 0.6695 (Base: 0.2492, Trend: 0.1518, DTW: 0.0886, TopK: 0.4389) | Val Mixed Loss (No Trend): 0.7184 (Base: 0.2790, DTW: 0.1253, TopK: 0.4626) | EMA Val Loss (No Trend): 0.722067 | LR: 1.44e-06
Epoch [98/100] | Total Loss: 0.8336 | Aux Loss: 0.1675 | Train Mixed Loss: 0.6661 (Base: 0.2486, Trend: 0.1510, DTW: 0.0883, TopK: 0.4337) | Val Mixed Loss (No Trend): 0.7138 (Base: 0.2781, DTW: 0.1247, TopK: 0.4544) | EMA Val Loss (No Trend): 0.720007 | LR: 1.20e-06
Epoch [99/100] | Total Loss: 0.8360 | Aux Loss: 0.1683 | Train Mixed Loss: 0.6677 (Base: 0.2490, Trend: 0.1519, DTW: 0.0884, TopK: 0.4351) | Val Mixed Loss (No Trend): 0.7134 (Base: 0.2786, DTW: 0.1244, TopK: 0.4539) | EMA Val Loss (No Trend): 0.718361 | LR: 1.05e-06
Epoch [100/100] | Total Loss: 0.8344 | Aux Loss: 0.1673 | Train Mixed Loss: 0.6671 (Base: 0.2485, Trend: 0.1520, DTW: 0.0881, TopK: 0.4375) | Val Mixed Loss (No Trend): 0.7365 (Base: 0.2846, DTW: 0.1297, TopK: 0.4688) | EMA Val Loss (No Trend): 0.722886 | LR: 2.00e-04
