Starting experiment (seed=1)
Device: cuda
Building static profile features from historical data...
Loading lightweight encoder...
Total trainable parameters: 5,010,690
Epoch [1/100] | Total Loss: 1.3652 | Aux Loss: 0.2807 | Train Mixed Loss: 1.0845 (Base: 0.3505, Trend: 0.1725, DTW: 0.1951, TopK: 0.5985) | Val Mixed Loss (No Trend): 0.9061 (Base: 0.3235, DTW: 0.1816, TopK: 0.4895) | EMA Val Loss (No Trend): 0.906107 | LR: 2.00e-04
Saved new best weights to best_model_seed1.pth (EMA validation loss without trend: 0.906107).
Epoch [2/100] | Total Loss: 1.2354 | Aux Loss: 0.2206 | Train Mixed Loss: 1.0147 (Base: 0.3384, Trend: 0.1625, DTW: 0.1741, TopK: 0.5910) | Val Mixed Loss (No Trend): 0.8506 (Base: 0.3159, DTW: 0.1530, TopK: 0.5582) | EMA Val Loss (No Trend): 0.892220 | LR: 2.00e-04
Saved new best weights to best_model_seed1.pth (EMA validation loss without trend: 0.892220).
Epoch [3/100] | Total Loss: 1.1931 | Aux Loss: 0.2107 | Train Mixed Loss: 0.9824 (Base: 0.3309, Trend: 0.1586, DTW: 0.1660, TopK: 0.5791) | Val Mixed Loss (No Trend): 0.8431 (Base: 0.3092, DTW: 0.1611, TopK: 0.4905) | EMA Val Loss (No Trend): 0.879944 | LR: 2.00e-04
Saved new best weights to best_model_seed1.pth (EMA validation loss without trend: 0.879944).
Epoch [4/100] | Total Loss: 1.1637 | Aux Loss: 0.2024 | Train Mixed Loss: 0.9613 (Base: 0.3252, Trend: 0.1576, DTW: 0.1607, TopK: 0.5720) | Val Mixed Loss (No Trend): 0.8565 (Base: 0.3227, DTW: 0.1605, TopK: 0.4949) | EMA Val Loss (No Trend): 0.874086 | LR: 1.99e-04
Saved new best weights to best_model_seed1.pth (EMA validation loss without trend: 0.874086).
Epoch [5/100] | Total Loss: 1.1624 | Aux Loss: 0.1985 | Train Mixed Loss: 0.9639 (Base: 0.3266, Trend: 0.1582, DTW: 0.1604, TopK: 0.5776) | Val Mixed Loss (No Trend): 0.8268 (Base: 0.3087, DTW: 0.1523, TopK: 0.5085) | EMA Val Loss (No Trend): 0.862260 | LR: 1.99e-04
Saved new best weights to best_model_seed1.pth (EMA validation loss without trend: 0.862260).
Epoch [6/100] | Total Loss: 1.1454 | Aux Loss: 0.1960 | Train Mixed Loss: 0.9494 (Base: 0.3231, Trend: 0.1582, DTW: 0.1564, TopK: 0.5731) | Val Mixed Loss (No Trend): 0.8421 (Base: 0.3189, DTW: 0.1547, TopK: 0.5062) | EMA Val Loss (No Trend): 0.857224 | LR: 1.98e-04
Saved new best weights to best_model_seed1.pth (EMA validation loss without trend: 0.857224).
Epoch [7/100] | Total Loss: 1.1383 | Aux Loss: 0.1947 | Train Mixed Loss: 0.9436 (Base: 0.3216, Trend: 0.1581, DTW: 0.1549, TopK: 0.5707) | Val Mixed Loss (No Trend): 0.8235 (Base: 0.3056, DTW: 0.1487, TopK: 0.5365) | EMA Val Loss (No Trend): 0.848798 | LR: 1.98e-04
Saved new best weights to best_model_seed1.pth (EMA validation loss without trend: 0.848798).
Epoch [8/100] | Total Loss: 1.1275 | Aux Loss: 0.1921 | Train Mixed Loss: 0.9354 (Base: 0.3198, Trend: 0.1563, DTW: 0.1533, TopK: 0.5648) | Val Mixed Loss (No Trend): 0.7864 (Base: 0.2914, DTW: 0.1391, TopK: 0.5369) | EMA Val Loss (No Trend): 0.833210 | LR: 1.97e-04
Saved new best weights to best_model_seed1.pth (EMA validation loss without trend: 0.833210).
Epoch [9/100] | Total Loss: 1.1190 | Aux Loss: 0.1919 | Train Mixed Loss: 0.9271 (Base: 0.3179, Trend: 0.1567, DTW: 0.1509, TopK: 0.5618) | Val Mixed Loss (No Trend): 0.8062 (Base: 0.3067, DTW: 0.1432, TopK: 0.5193) | EMA Val Loss (No Trend): 0.826464 | LR: 1.96e-04
Saved new best weights to best_model_seed1.pth (EMA validation loss without trend: 0.826464).
Epoch [10/100] | Total Loss: 1.1170 | Aux Loss: 0.1910 | Train Mixed Loss: 0.9260 (Base: 0.3184, Trend: 0.1575, DTW: 0.1501, TopK: 0.5619) | Val Mixed Loss (No Trend): 0.7992 (Base: 0.3060, DTW: 0.1420, TopK: 0.5077) | EMA Val Loss (No Trend): 0.819637 | LR: 1.95e-04
Saved new best weights to best_model_seed1.pth (EMA validation loss without trend: 0.819637).
Epoch [11/100] | Total Loss: 1.1058 | Aux Loss: 0.1895 | Train Mixed Loss: 0.9163 (Base: 0.3156, Trend: 0.1553, DTW: 0.1486, TopK: 0.5548) | Val Mixed Loss (No Trend): 0.7967 (Base: 0.2973, DTW: 0.1424, TopK: 0.5260) | EMA Val Loss (No Trend): 0.813915 | LR: 1.94e-04
Saved new best weights to best_model_seed1.pth (EMA validation loss without trend: 0.813915).
Epoch [12/100] | Total Loss: 1.1007 | Aux Loss: 0.1892 | Train Mixed Loss: 0.9115 (Base: 0.3150, Trend: 0.1551, DTW: 0.1468, TopK: 0.5551) | Val Mixed Loss (No Trend): 0.8002 (Base: 0.3021, DTW: 0.1435, TopK: 0.5119) | EMA Val Loss (No Trend): 0.810477 | LR: 1.93e-04
Saved new best weights to best_model_seed1.pth (EMA validation loss without trend: 0.810477).
Epoch [13/100] | Total Loss: 1.0936 | Aux Loss: 0.1853 | Train Mixed Loss: 0.9083 (Base: 0.3144, Trend: 0.1547, DTW: 0.1461, TopK: 0.5529) | Val Mixed Loss (No Trend): 0.8242 (Base: 0.3168, DTW: 0.1510, TopK: 0.4835) | EMA Val Loss (No Trend): 0.813909 | LR: 1.92e-04
Epoch [14/100] | Total Loss: 1.0843 | Aux Loss: 0.1870 | Train Mixed Loss: 0.8973 (Base: 0.3114, Trend: 0.1544, DTW: 0.1433, TopK: 0.5490) | Val Mixed Loss (No Trend): 0.7905 (Base: 0.3030, DTW: 0.1425, TopK: 0.4847) | EMA Val Loss (No Trend): 0.808051 | LR: 1.91e-04
Saved new best weights to best_model_seed1.pth (EMA validation loss without trend: 0.808051).
Epoch [15/100] | Total Loss: 1.0749 | Aux Loss: 0.1843 | Train Mixed Loss: 0.8907 (Base: 0.3098, Trend: 0.1535, DTW: 0.1420, TopK: 0.5440) | Val Mixed Loss (No Trend): 0.7641 (Base: 0.2845, DTW: 0.1342, TopK: 0.5253) | EMA Val Loss (No Trend): 0.797066 | LR: 1.89e-04
Saved new best weights to best_model_seed1.pth (EMA validation loss without trend: 0.797066).
Epoch [16/100] | Total Loss: 1.0769 | Aux Loss: 0.1833 | Train Mixed Loss: 0.8936 (Base: 0.3106, Trend: 0.1541, DTW: 0.1420, TopK: 0.5506) | Val Mixed Loss (No Trend): 0.7864 (Base: 0.3011, DTW: 0.1392, TopK: 0.5037) | EMA Val Loss (No Trend): 0.794399 | LR: 1.88e-04
Saved new best weights to best_model_seed1.pth (EMA validation loss without trend: 0.794399).
Epoch [17/100] | Total Loss: 1.0667 | Aux Loss: 0.1840 | Train Mixed Loss: 0.8828 (Base: 0.3076, Trend: 0.1528, DTW: 0.1398, TopK: 0.5442) | Val Mixed Loss (No Trend): 0.7779 (Base: 0.2997, DTW: 0.1338, TopK: 0.5239) | EMA Val Loss (No Trend): 0.790264 | LR: 1.86e-04
Saved new best weights to best_model_seed1.pth (EMA validation loss without trend: 0.790264).
Epoch [18/100] | Total Loss: 1.0725 | Aux Loss: 0.1829 | Train Mixed Loss: 0.8896 (Base: 0.3096, Trend: 0.1542, DTW: 0.1413, TopK: 0.5461) | Val Mixed Loss (No Trend): 0.7673 (Base: 0.2882, DTW: 0.1363, TopK: 0.5063) | EMA Val Loss (No Trend): 0.784533 | LR: 1.85e-04
Saved new best weights to best_model_seed1.pth (EMA validation loss without trend: 0.784533).
Epoch [19/100] | Total Loss: 1.0586 | Aux Loss: 0.1802 | Train Mixed Loss: 0.8784 (Base: 0.3072, Trend: 0.1531, DTW: 0.1382, TopK: 0.5429) | Val Mixed Loss (No Trend): 0.7797 (Base: 0.3028, DTW: 0.1403, TopK: 0.4672) | EMA Val Loss (No Trend): 0.783324 | LR: 1.83e-04
Saved new best weights to best_model_seed1.pth (EMA validation loss without trend: 0.783324).
Epoch [20/100] | Total Loss: 1.0566 | Aux Loss: 0.1804 | Train Mixed Loss: 0.8763 (Base: 0.3057, Trend: 0.1539, DTW: 0.1381, TopK: 0.5405) | Val Mixed Loss (No Trend): 0.7733 (Base: 0.2995, DTW: 0.1393, TopK: 0.4649) | EMA Val Loss (No Trend): 0.780818 | LR: 1.81e-04
Saved new best weights to best_model_seed1.pth (EMA validation loss without trend: 0.780818).
Epoch [21/100] | Total Loss: 1.0547 | Aux Loss: 0.1790 | Train Mixed Loss: 0.8756 (Base: 0.3072, Trend: 0.1540, DTW: 0.1372, TopK: 0.5405) | Val Mixed Loss (No Trend): 0.7682 (Base: 0.2902, DTW: 0.1327, TopK: 0.5317) | EMA Val Loss (No Trend): 0.777657 | LR: 1.79e-04
Saved new best weights to best_model_seed1.pth (EMA validation loss without trend: 0.777657).
Epoch [22/100] | Total Loss: 1.0495 | Aux Loss: 0.1778 | Train Mixed Loss: 0.8717 (Base: 0.3060, Trend: 0.1527, DTW: 0.1366, TopK: 0.5382) | Val Mixed Loss (No Trend): 0.7760 (Base: 0.2996, DTW: 0.1383, TopK: 0.4822) | EMA Val Loss (No Trend): 0.777254 | LR: 1.77e-04
Saved new best weights to best_model_seed1.pth (EMA validation loss without trend: 0.777254).
Epoch [23/100] | Total Loss: 1.0520 | Aux Loss: 0.1789 | Train Mixed Loss: 0.8731 (Base: 0.3066, Trend: 0.1541, DTW: 0.1367, TopK: 0.5380) | Val Mixed Loss (No Trend): 0.7923 (Base: 0.3068, DTW: 0.1425, TopK: 0.4781) | EMA Val Loss (No Trend): 0.781013 | LR: 1.75e-04
Epoch [24/100] | Total Loss: 1.0433 | Aux Loss: 0.1766 | Train Mixed Loss: 0.8667 (Base: 0.3063, Trend: 0.1537, DTW: 0.1350, TopK: 0.5319) | Val Mixed Loss (No Trend): 0.7661 (Base: 0.2929, DTW: 0.1349, TopK: 0.4979) | EMA Val Loss (No Trend): 0.777290 | LR: 1.73e-04
Epoch [25/100] | Total Loss: 1.0312 | Aux Loss: 0.1749 | Train Mixed Loss: 0.8563 (Base: 0.3018, Trend: 0.1524, DTW: 0.1328, TopK: 0.5320) | Val Mixed Loss (No Trend): 0.7507 (Base: 0.2841, DTW: 0.1318, TopK: 0.5013) | EMA Val Loss (No Trend): 0.770643 | LR: 1.71e-04
Saved new best weights to best_model_seed1.pth (EMA validation loss without trend: 0.770643).
Epoch [26/100] | Total Loss: 1.0398 | Aux Loss: 0.1766 | Train Mixed Loss: 0.8632 (Base: 0.3035, Trend: 0.1536, DTW: 0.1341, TopK: 0.5370) | Val Mixed Loss (No Trend): 0.7574 (Base: 0.2940, DTW: 0.1319, TopK: 0.4895) | EMA Val Loss (No Trend): 0.767328 | LR: 1.69e-04
Saved new best weights to best_model_seed1.pth (EMA validation loss without trend: 0.767328).
Epoch [27/100] | Total Loss: 1.0320 | Aux Loss: 0.1765 | Train Mixed Loss: 0.8554 (Base: 0.3015, Trend: 0.1528, DTW: 0.1322, TopK: 0.5343) | Val Mixed Loss (No Trend): 0.7647 (Base: 0.2942, DTW: 0.1358, TopK: 0.4819) | EMA Val Loss (No Trend): 0.766674 | LR: 1.66e-04
Saved new best weights to best_model_seed1.pth (EMA validation loss without trend: 0.766674).
Epoch [28/100] | Total Loss: 1.0355 | Aux Loss: 0.1778 | Train Mixed Loss: 0.8577 (Base: 0.3019, Trend: 0.1534, DTW: 0.1327, TopK: 0.5351) | Val Mixed Loss (No Trend): 0.7603 (Base: 0.2923, DTW: 0.1344, TopK: 0.4849) | EMA Val Loss (No Trend): 0.765069 | LR: 1.64e-04
Saved new best weights to best_model_seed1.pth (EMA validation loss without trend: 0.765069).
Epoch [29/100] | Total Loss: 1.0220 | Aux Loss: 0.1727 | Train Mixed Loss: 0.8492 (Base: 0.3008, Trend: 0.1525, DTW: 0.1306, TopK: 0.5289) | Val Mixed Loss (No Trend): 0.7782 (Base: 0.3041, DTW: 0.1384, TopK: 0.4732) | EMA Val Loss (No Trend): 0.768353 | LR: 1.61e-04
Epoch [30/100] | Total Loss: 1.0253 | Aux Loss: 0.1749 | Train Mixed Loss: 0.8504 (Base: 0.3016, Trend: 0.1523, DTW: 0.1308, TopK: 0.5294) | Val Mixed Loss (No Trend): 0.7517 (Base: 0.2903, DTW: 0.1292, TopK: 0.5046) | EMA Val Loss (No Trend): 0.764197 | LR: 1.59e-04
Saved new best weights to best_model_seed1.pth (EMA validation loss without trend: 0.764197).
Epoch [31/100] | Total Loss: 1.0199 | Aux Loss: 0.1742 | Train Mixed Loss: 0.8457 (Base: 0.2999, Trend: 0.1524, DTW: 0.1297, TopK: 0.5280) | Val Mixed Loss (No Trend): 0.7429 (Base: 0.2799, DTW: 0.1278, TopK: 0.5208) | EMA Val Loss (No Trend): 0.758862 | LR: 1.56e-04
Saved new best weights to best_model_seed1.pth (EMA validation loss without trend: 0.758862).
Epoch [32/100] | Total Loss: 1.0124 | Aux Loss: 0.1723 | Train Mixed Loss: 0.8401 (Base: 0.2985, Trend: 0.1512, DTW: 0.1285, TopK: 0.5257) | Val Mixed Loss (No Trend): 0.7602 (Base: 0.2934, DTW: 0.1342, TopK: 0.4824) | EMA Val Loss (No Trend): 0.759186 | LR: 1.54e-04
Epoch [33/100] | Total Loss: 1.0214 | Aux Loss: 0.1736 | Train Mixed Loss: 0.8478 (Base: 0.2997, Trend: 0.1537, DTW: 0.1300, TopK: 0.5308) | Val Mixed Loss (No Trend): 0.7433 (Base: 0.2850, DTW: 0.1285, TopK: 0.4995) | EMA Val Loss (No Trend): 0.755212 | LR: 1.51e-04
Saved new best weights to best_model_seed1.pth (EMA validation loss without trend: 0.755212).
Epoch [34/100] | Total Loss: 1.0086 | Aux Loss: 0.1717 | Train Mixed Loss: 0.8369 (Base: 0.2969, Trend: 0.1522, DTW: 0.1273, TopK: 0.5278) | Val Mixed Loss (No Trend): 0.7599 (Base: 0.2947, DTW: 0.1334, TopK: 0.4834) | EMA Val Loss (No Trend): 0.756396 | LR: 1.48e-04
Epoch [35/100] | Total Loss: 1.0068 | Aux Loss: 0.1703 | Train Mixed Loss: 0.8365 (Base: 0.2967, Trend: 0.1517, DTW: 0.1274, TopK: 0.5276) | Val Mixed Loss (No Trend): 0.7530 (Base: 0.2898, DTW: 0.1315, TopK: 0.4923) | EMA Val Loss (No Trend): 0.755559 | LR: 1.46e-04
Epoch [36/100] | Total Loss: 1.0092 | Aux Loss: 0.1708 | Train Mixed Loss: 0.8384 (Base: 0.2980, Trend: 0.1533, DTW: 0.1276, TopK: 0.5250) | Val Mixed Loss (No Trend): 0.7609 (Base: 0.2923, DTW: 0.1334, TopK: 0.4941) | EMA Val Loss (No Trend): 0.756883 | LR: 1.43e-04
Epoch [37/100] | Total Loss: 1.0056 | Aux Loss: 0.1709 | Train Mixed Loss: 0.8347 (Base: 0.2976, Trend: 0.1531, DTW: 0.1264, TopK: 0.5244) | Val Mixed Loss (No Trend): 0.7757 (Base: 0.2997, DTW: 0.1386, TopK: 0.4778) | EMA Val Loss (No Trend): 0.761584 | LR: 1.40e-04
Epoch [38/100] | Total Loss: 1.0104 | Aux Loss: 0.1705 | Train Mixed Loss: 0.8399 (Base: 0.2994, Trend: 0.1531, DTW: 0.1273, TopK: 0.5281) | Val Mixed Loss (No Trend): 0.7582 (Base: 0.2925, DTW: 0.1353, TopK: 0.4697) | EMA Val Loss (No Trend): 0.760727 | LR: 1.37e-04
Epoch [39/100] | Total Loss: 0.9862 | Aux Loss: 0.1682 | Train Mixed Loss: 0.8180 (Base: 0.2919, Trend: 0.1509, DTW: 0.1236, TopK: 0.5132) | Val Mixed Loss (No Trend): 0.7362 (Base: 0.2819, DTW: 0.1255, TopK: 0.5101) | EMA Val Loss (No Trend): 0.754594 | LR: 1.34e-04
Saved new best weights to best_model_seed1.pth (EMA validation loss without trend: 0.754594).
Epoch [40/100] | Total Loss: 0.9950 | Aux Loss: 0.1676 | Train Mixed Loss: 0.8274 (Base: 0.2951, Trend: 0.1518, DTW: 0.1253, TopK: 0.5189) | Val Mixed Loss (No Trend): 0.7563 (Base: 0.2895, DTW: 0.1343, TopK: 0.4817) | EMA Val Loss (No Trend): 0.755013 | LR: 1.31e-04
Epoch [41/100] | Total Loss: 1.0018 | Aux Loss: 0.1707 | Train Mixed Loss: 0.8311 (Base: 0.2960, Trend: 0.1529, DTW: 0.1259, TopK: 0.5219) | Val Mixed Loss (No Trend): 0.7565 (Base: 0.2948, DTW: 0.1330, TopK: 0.4753) | EMA Val Loss (No Trend): 0.755387 | LR: 1.28e-04
Epoch [42/100] | Total Loss: 0.9891 | Aux Loss: 0.1681 | Train Mixed Loss: 0.8210 (Base: 0.2932, Trend: 0.1524, DTW: 0.1231, TopK: 0.5200) | Val Mixed Loss (No Trend): 0.7709 (Base: 0.3016, DTW: 0.1353, TopK: 0.4822) | EMA Val Loss (No Trend): 0.759272 | LR: 1.25e-04
Epoch [43/100] | Total Loss: 0.9903 | Aux Loss: 0.1672 | Train Mixed Loss: 0.8230 (Base: 0.2949, Trend: 0.1533, DTW: 0.1232, TopK: 0.5192) | Val Mixed Loss (No Trend): 0.7460 (Base: 0.2907, DTW: 0.1294, TopK: 0.4824) | EMA Val Loss (No Trend): 0.755944 | LR: 1.22e-04
Epoch [44/100] | Total Loss: 0.9868 | Aux Loss: 0.1682 | Train Mixed Loss: 0.8186 (Base: 0.2927, Trend: 0.1517, DTW: 0.1229, TopK: 0.5164) | Val Mixed Loss (No Trend): 0.7444 (Base: 0.2891, DTW: 0.1281, TopK: 0.4924) | EMA Val Loss (No Trend): 0.753054 | LR: 1.19e-04
Saved new best weights to best_model_seed1.pth (EMA validation loss without trend: 0.753054).
Epoch [45/100] | Total Loss: 0.9836 | Aux Loss: 0.1670 | Train Mixed Loss: 0.8166 (Base: 0.2917, Trend: 0.1522, DTW: 0.1225, TopK: 0.5163) | Val Mixed Loss (No Trend): 0.7447 (Base: 0.2877, DTW: 0.1293, TopK: 0.4892) | EMA Val Loss (No Trend): 0.750975 | LR: 1.16e-04
Saved new best weights to best_model_seed1.pth (EMA validation loss without trend: 0.750975).
Epoch [46/100] | Total Loss: 0.9799 | Aux Loss: 0.1653 | Train Mixed Loss: 0.8146 (Base: 0.2921, Trend: 0.1516, DTW: 0.1216, TopK: 0.5164) | Val Mixed Loss (No Trend): 0.7470 (Base: 0.2859, DTW: 0.1314, TopK: 0.4859) | EMA Val Loss (No Trend): 0.749973 | LR: 1.13e-04
Saved new best weights to best_model_seed1.pth (EMA validation loss without trend: 0.749973).
Epoch [47/100] | Total Loss: 0.9791 | Aux Loss: 0.1659 | Train Mixed Loss: 0.8132 (Base: 0.2913, Trend: 0.1519, DTW: 0.1214, TopK: 0.5152) | Val Mixed Loss (No Trend): 0.7483 (Base: 0.2846, DTW: 0.1307, TopK: 0.4998) | EMA Val Loss (No Trend): 0.749557 | LR: 1.10e-04
Saved new best weights to best_model_seed1.pth (EMA validation loss without trend: 0.749557).
Epoch [48/100] | Total Loss: 0.9771 | Aux Loss: 0.1661 | Train Mixed Loss: 0.8110 (Base: 0.2911, Trend: 0.1525, DTW: 0.1207, TopK: 0.5130) | Val Mixed Loss (No Trend): 0.7517 (Base: 0.2901, DTW: 0.1302, TopK: 0.4965) | EMA Val Loss (No Trend): 0.750089 | LR: 1.07e-04
Epoch [49/100] | Total Loss: 0.9794 | Aux Loss: 0.1661 | Train Mixed Loss: 0.8134 (Base: 0.2916, Trend: 0.1527, DTW: 0.1212, TopK: 0.5147) | Val Mixed Loss (No Trend): 0.7509 (Base: 0.2905, DTW: 0.1309, TopK: 0.4879) | EMA Val Loss (No Trend): 0.750301 | LR: 1.04e-04
Epoch [50/100] | Total Loss: 0.9751 | Aux Loss: 0.1666 | Train Mixed Loss: 0.8085 (Base: 0.2907, Trend: 0.1523, DTW: 0.1201, TopK: 0.5114) | Val Mixed Loss (No Trend): 0.7387 (Base: 0.2831, DTW: 0.1291, TopK: 0.4854) | EMA Val Loss (No Trend): 0.747390 | LR: 1.01e-04
Saved new best weights to best_model_seed1.pth (EMA validation loss without trend: 0.747390).
Epoch [51/100] | Total Loss: 0.9685 | Aux Loss: 0.1640 | Train Mixed Loss: 0.8045 (Base: 0.2894, Trend: 0.1520, DTW: 0.1192, TopK: 0.5097) | Val Mixed Loss (No Trend): 0.7421 (Base: 0.2884, DTW: 0.1290, TopK: 0.4800) | EMA Val Loss (No Trend): 0.746070 | LR: 9.74e-05
Saved new best weights to best_model_seed1.pth (EMA validation loss without trend: 0.746070).
Epoch [52/100] | Total Loss: 0.9653 | Aux Loss: 0.1662 | Train Mixed Loss: 0.7991 (Base: 0.2877, Trend: 0.1526, DTW: 0.1179, TopK: 0.5075) | Val Mixed Loss (No Trend): 0.7553 (Base: 0.2898, DTW: 0.1321, TopK: 0.4950) | EMA Val Loss (No Trend): 0.748388 | LR: 9.43e-05
Epoch [53/100] | Total Loss: 0.9656 | Aux Loss: 0.1654 | Train Mixed Loss: 0.8002 (Base: 0.2886, Trend: 0.1515, DTW: 0.1183, TopK: 0.5064) | Val Mixed Loss (No Trend): 0.7571 (Base: 0.2919, DTW: 0.1331, TopK: 0.4860) | EMA Val Loss (No Trend): 0.750570 | LR: 9.11e-05
Epoch [54/100] | Total Loss: 0.9578 | Aux Loss: 0.1627 | Train Mixed Loss: 0.7951 (Base: 0.2862, Trend: 0.1511, DTW: 0.1173, TopK: 0.5060) | Val Mixed Loss (No Trend): 0.7467 (Base: 0.2911, DTW: 0.1310, TopK: 0.4705) | EMA Val Loss (No Trend): 0.749603 | LR: 8.80e-05
Epoch [55/100] | Total Loss: 0.9699 | Aux Loss: 0.1640 | Train Mixed Loss: 0.8059 (Base: 0.2900, Trend: 0.1526, DTW: 0.1194, TopK: 0.5099) | Val Mixed Loss (No Trend): 0.7561 (Base: 0.2919, DTW: 0.1338, TopK: 0.4769) | EMA Val Loss (No Trend): 0.751231 | LR: 8.49e-05
Epoch [56/100] | Total Loss: 0.9601 | Aux Loss: 0.1636 | Train Mixed Loss: 0.7966 (Base: 0.2869, Trend: 0.1517, DTW: 0.1174, TopK: 0.5072) | Val Mixed Loss (No Trend): 0.7433 (Base: 0.2875, DTW: 0.1296, TopK: 0.4822) | EMA Val Loss (No Trend): 0.749255 | LR: 8.19e-05
Epoch [57/100] | Total Loss: 0.9578 | Aux Loss: 0.1622 | Train Mixed Loss: 0.7956 (Base: 0.2862, Trend: 0.1524, DTW: 0.1169, TopK: 0.5091) | Val Mixed Loss (No Trend): 0.7561 (Base: 0.2922, DTW: 0.1343, TopK: 0.4717) | EMA Val Loss (No Trend): 0.750971 | LR: 7.88e-05
Epoch [58/100] | Total Loss: 0.9495 | Aux Loss: 0.1623 | Train Mixed Loss: 0.7872 (Base: 0.2841, Trend: 0.1512, DTW: 0.1154, TopK: 0.5016) | Val Mixed Loss (No Trend): 0.7463 (Base: 0.2857, DTW: 0.1284, TopK: 0.5082) | EMA Val Loss (No Trend): 0.749806 | LR: 7.58e-05
Epoch [59/100] | Total Loss: 0.9604 | Aux Loss: 0.1637 | Train Mixed Loss: 0.7967 (Base: 0.2867, Trend: 0.1525, DTW: 0.1172, TopK: 0.5077) | Val Mixed Loss (No Trend): 0.7522 (Base: 0.2890, DTW: 0.1331, TopK: 0.4789) | EMA Val Loss (No Trend): 0.750400 | LR: 7.27e-05
Epoch [60/100] | Total Loss: 0.9505 | Aux Loss: 0.1632 | Train Mixed Loss: 0.7873 (Base: 0.2841, Trend: 0.1519, DTW: 0.1151, TopK: 0.5031) | Val Mixed Loss (No Trend): 0.7376 (Base: 0.2852, DTW: 0.1292, TopK: 0.4743) | EMA Val Loss (No Trend): 0.747195 | LR: 6.98e-05
Epoch [61/100] | Total Loss: 0.9513 | Aux Loss: 0.1619 | Train Mixed Loss: 0.7894 (Base: 0.2850, Trend: 0.1518, DTW: 0.1157, TopK: 0.5032) | Val Mixed Loss (No Trend): 0.7452 (Base: 0.2927, DTW: 0.1311, TopK: 0.4592) | EMA Val Loss (No Trend): 0.746695 | LR: 6.68e-05
Epoch [62/100] | Total Loss: 0.9445 | Aux Loss: 0.1623 | Train Mixed Loss: 0.7822 (Base: 0.2831, Trend: 0.1522, DTW: 0.1138, TopK: 0.4993) | Val Mixed Loss (No Trend): 0.7423 (Base: 0.2862, DTW: 0.1303, TopK: 0.4777) | EMA Val Loss (No Trend): 0.745599 | LR: 6.39e-05
Saved new best weights to best_model_seed1.pth (EMA validation loss without trend: 0.745599).
Epoch [63/100] | Total Loss: 0.9492 | Aux Loss: 0.1619 | Train Mixed Loss: 0.7873 (Base: 0.2841, Trend: 0.1528, DTW: 0.1149, TopK: 0.5033) | Val Mixed Loss (No Trend): 0.7450 (Base: 0.2892, DTW: 0.1304, TopK: 0.4764) | EMA Val Loss (No Trend): 0.745446 | LR: 6.10e-05
Saved new best weights to best_model_seed1.pth (EMA validation loss without trend: 0.745446).
Epoch [64/100] | Total Loss: 0.9342 | Aux Loss: 0.1594 | Train Mixed Loss: 0.7748 (Base: 0.2805, Trend: 0.1507, DTW: 0.1125, TopK: 0.4961) | Val Mixed Loss (No Trend): 0.7496 (Base: 0.2875, DTW: 0.1310, TopK: 0.4923) | EMA Val Loss (No Trend): 0.746481 | LR: 5.81e-05
Epoch [65/100] | Total Loss: 0.9316 | Aux Loss: 0.1599 | Train Mixed Loss: 0.7717 (Base: 0.2795, Trend: 0.1501, DTW: 0.1119, TopK: 0.4950) | Val Mixed Loss (No Trend): 0.7331 (Base: 0.2829, DTW: 0.1273, TopK: 0.4821) | EMA Val Loss (No Trend): 0.743142 | LR: 5.53e-05
Saved new best weights to best_model_seed1.pth (EMA validation loss without trend: 0.743142).
Epoch [66/100] | Total Loss: 0.9413 | Aux Loss: 0.1619 | Train Mixed Loss: 0.7795 (Base: 0.2815, Trend: 0.1519, DTW: 0.1135, TopK: 0.4990) | Val Mixed Loss (No Trend): 0.7423 (Base: 0.2886, DTW: 0.1303, TopK: 0.4701) | EMA Val Loss (No Trend): 0.742939 | LR: 5.26e-05
Saved new best weights to best_model_seed1.pth (EMA validation loss without trend: 0.742939).
Epoch [67/100] | Total Loss: 0.9344 | Aux Loss: 0.1609 | Train Mixed Loss: 0.7735 (Base: 0.2804, Trend: 0.1512, DTW: 0.1118, TopK: 0.4976) | Val Mixed Loss (No Trend): 0.7452 (Base: 0.2885, DTW: 0.1304, TopK: 0.4795) | EMA Val Loss (No Trend): 0.743514 | LR: 4.99e-05
Epoch [68/100] | Total Loss: 0.9275 | Aux Loss: 0.1582 | Train Mixed Loss: 0.7693 (Base: 0.2790, Trend: 0.1504, DTW: 0.1112, TopK: 0.4942) | Val Mixed Loss (No Trend): 0.7395 (Base: 0.2845, DTW: 0.1287, TopK: 0.4873) | EMA Val Loss (No Trend): 0.742501 | LR: 4.72e-05
Saved new best weights to best_model_seed1.pth (EMA validation loss without trend: 0.742501).
Epoch [69/100] | Total Loss: 0.9350 | Aux Loss: 0.1602 | Train Mixed Loss: 0.7748 (Base: 0.2811, Trend: 0.1516, DTW: 0.1120, TopK: 0.4970) | Val Mixed Loss (No Trend): 0.7472 (Base: 0.2911, DTW: 0.1302, TopK: 0.4786) | EMA Val Loss (No Trend): 0.743664 | LR: 4.46e-05
Epoch [70/100] | Total Loss: 0.9260 | Aux Loss: 0.1598 | Train Mixed Loss: 0.7661 (Base: 0.2781, Trend: 0.1514, DTW: 0.1098, TopK: 0.4958) | Val Mixed Loss (No Trend): 0.7390 (Base: 0.2865, DTW: 0.1303, TopK: 0.4657) | EMA Val Loss (No Trend): 0.742486 | LR: 4.20e-05
Saved new best weights to best_model_seed1.pth (EMA validation loss without trend: 0.742486).
Epoch [71/100] | Total Loss: 0.9296 | Aux Loss: 0.1604 | Train Mixed Loss: 0.7693 (Base: 0.2792, Trend: 0.1514, DTW: 0.1110, TopK: 0.4933) | Val Mixed Loss (No Trend): 0.7420 (Base: 0.2896, DTW: 0.1301, TopK: 0.4674) | EMA Val Loss (No Trend): 0.742373 | LR: 3.95e-05
Saved new best weights to best_model_seed1.pth (EMA validation loss without trend: 0.742373).
Epoch [72/100] | Total Loss: 0.9277 | Aux Loss: 0.1592 | Train Mixed Loss: 0.7685 (Base: 0.2788, Trend: 0.1509, DTW: 0.1109, TopK: 0.4938) | Val Mixed Loss (No Trend): 0.7430 (Base: 0.2881, DTW: 0.1304, TopK: 0.4731) | EMA Val Loss (No Trend): 0.742522 | LR: 3.71e-05
Epoch [73/100] | Total Loss: 0.9247 | Aux Loss: 0.1589 | Train Mixed Loss: 0.7658 (Base: 0.2780, Trend: 0.1500, DTW: 0.1103, TopK: 0.4938) | Val Mixed Loss (No Trend): 0.7345 (Base: 0.2834, DTW: 0.1283, TopK: 0.4771) | EMA Val Loss (No Trend): 0.740516 | LR: 3.47e-05
Saved new best weights to best_model_seed1.pth (EMA validation loss without trend: 0.740516).
Epoch [74/100] | Total Loss: 0.9224 | Aux Loss: 0.1593 | Train Mixed Loss: 0.7631 (Base: 0.2776, Trend: 0.1514, DTW: 0.1090, TopK: 0.4939) | Val Mixed Loss (No Trend): 0.7542 (Base: 0.2922, DTW: 0.1325, TopK: 0.4799) | EMA Val Loss (No Trend): 0.743946 | LR: 3.24e-05
Epoch [75/100] | Total Loss: 0.9200 | Aux Loss: 0.1587 | Train Mixed Loss: 0.7613 (Base: 0.2767, Trend: 0.1512, DTW: 0.1091, TopK: 0.4905) | Val Mixed Loss (No Trend): 0.7467 (Base: 0.2870, DTW: 0.1297, TopK: 0.4948) | EMA Val Loss (No Trend): 0.744635 | LR: 3.01e-05
Epoch [76/100] | Total Loss: 0.9140 | Aux Loss: 0.1598 | Train Mixed Loss: 0.7542 (Base: 0.2750, Trend: 0.1504, DTW: 0.1077, TopK: 0.4852) | Val Mixed Loss (No Trend): 0.7481 (Base: 0.2909, DTW: 0.1309, TopK: 0.4766) | EMA Val Loss (No Trend): 0.745492 | LR: 2.80e-05
Epoch [77/100] | Total Loss: 0.9174 | Aux Loss: 0.1585 | Train Mixed Loss: 0.7589 (Base: 0.2768, Trend: 0.1515, DTW: 0.1083, TopK: 0.4885) | Val Mixed Loss (No Trend): 0.7385 (Base: 0.2831, DTW: 0.1285, TopK: 0.4898) | EMA Val Loss (No Trend): 0.743743 | LR: 2.59e-05
Epoch [78/100] | Total Loss: 0.9219 | Aux Loss: 0.1595 | Train Mixed Loss: 0.7624 (Base: 0.2775, Trend: 0.1512, DTW: 0.1090, TopK: 0.4926) | Val Mixed Loss (No Trend): 0.7568 (Base: 0.2911, DTW: 0.1334, TopK: 0.4850) | EMA Val Loss (No Trend): 0.746996 | LR: 2.38e-05
Epoch [79/100] | Total Loss: 0.9155 | Aux Loss: 0.1585 | Train Mixed Loss: 0.7569 (Base: 0.2763, Trend: 0.1511, DTW: 0.1081, TopK: 0.4855) | Val Mixed Loss (No Trend): 0.7467 (Base: 0.2887, DTW: 0.1314, TopK: 0.4752) | EMA Val Loss (No Trend): 0.746920 | LR: 2.19e-05
Epoch [80/100] | Total Loss: 0.9064 | Aux Loss: 0.1561 | Train Mixed Loss: 0.7503 (Base: 0.2734, Trend: 0.1498, DTW: 0.1070, TopK: 0.4841) | Val Mixed Loss (No Trend): 0.7392 (Base: 0.2891, DTW: 0.1288, TopK: 0.4703) | EMA Val Loss (No Trend): 0.744983 | LR: 2.00e-05
Epoch [81/100] | Total Loss: 0.9189 | Aux Loss: 0.1574 | Train Mixed Loss: 0.7615 (Base: 0.2771, Trend: 0.1517, DTW: 0.1087, TopK: 0.4927) | Val Mixed Loss (No Trend): 0.7593 (Base: 0.2953, DTW: 0.1336, TopK: 0.4777) | EMA Val Loss (No Trend): 0.748565 | LR: 1.82e-05
Epoch [82/100] | Total Loss: 0.9146 | Aux Loss: 0.1583 | Train Mixed Loss: 0.7563 (Base: 0.2753, Trend: 0.1514, DTW: 0.1078, TopK: 0.4884) | Val Mixed Loss (No Trend): 0.7634 (Base: 0.2974, DTW: 0.1358, TopK: 0.4674) | EMA Val Loss (No Trend): 0.752282 | LR: 1.65e-05
Epoch [83/100] | Total Loss: 0.9113 | Aux Loss: 0.1587 | Train Mixed Loss: 0.7526 (Base: 0.2742, Trend: 0.1504, DTW: 0.1073, TopK: 0.4856) | Val Mixed Loss (No Trend): 0.7408 (Base: 0.2871, DTW: 0.1296, TopK: 0.4757) | EMA Val Loss (No Trend): 0.749401 | LR: 1.49e-05
Epoch [84/100] | Total Loss: 0.9177 | Aux Loss: 0.1605 | Train Mixed Loss: 0.7572 (Base: 0.2759, Trend: 0.1519, DTW: 0.1079, TopK: 0.4884) | Val Mixed Loss (No Trend): 0.7546 (Base: 0.2908, DTW: 0.1334, TopK: 0.4790) | EMA Val Loss (No Trend): 0.750708 | LR: 1.33e-05
Epoch [85/100] | Total Loss: 0.9047 | Aux Loss: 0.1576 | Train Mixed Loss: 0.7471 (Base: 0.2734, Trend: 0.1506, DTW: 0.1056, TopK: 0.4829) | Val Mixed Loss (No Trend): 0.7432 (Base: 0.2896, DTW: 0.1305, TopK: 0.4681) | EMA Val Loss (No Trend): 0.748834 | LR: 1.18e-05
Epoch [86/100] | Total Loss: 0.9139 | Aux Loss: 0.1591 | Train Mixed Loss: 0.7548 (Base: 0.2750, Trend: 0.1519, DTW: 0.1073, TopK: 0.4880) | Val Mixed Loss (No Trend): 0.7519 (Base: 0.2918, DTW: 0.1329, TopK: 0.4705) | EMA Val Loss (No Trend): 0.749596 | LR: 1.05e-05
Epoch [87/100] | Total Loss: 0.9087 | Aux Loss: 0.1579 | Train Mixed Loss: 0.7508 (Base: 0.2733, Trend: 0.1501, DTW: 0.1070, TopK: 0.4856) | Val Mixed Loss (No Trend): 0.7427 (Base: 0.2885, DTW: 0.1306, TopK: 0.4691) | EMA Val Loss (No Trend): 0.747868 | LR: 9.18e-06
Epoch [88/100] | Total Loss: 0.9040 | Aux Loss: 0.1580 | Train Mixed Loss: 0.7460 (Base: 0.2723, Trend: 0.1501, DTW: 0.1057, TopK: 0.4835) | Val Mixed Loss (No Trend): 0.7281 (Base: 0.2844, DTW: 0.1254, TopK: 0.4757) | EMA Val Loss (No Trend): 0.742930 | LR: 7.99e-06
Epoch [89/100] | Total Loss: 0.9031 | Aux Loss: 0.1578 | Train Mixed Loss: 0.7453 (Base: 0.2727, Trend: 0.1505, DTW: 0.1054, TopK: 0.4817) | Val Mixed Loss (No Trend): 0.7532 (Base: 0.2930, DTW: 0.1322, TopK: 0.4764) | EMA Val Loss (No Trend): 0.745504 | LR: 6.88e-06
Epoch [90/100] | Total Loss: 0.9009 | Aux Loss: 0.1570 | Train Mixed Loss: 0.7439 (Base: 0.2723, Trend: 0.1508, DTW: 0.1048, TopK: 0.4828) | Val Mixed Loss (No Trend): 0.7435 (Base: 0.2891, DTW: 0.1302, TopK: 0.4726) | EMA Val Loss (No Trend): 0.745004 | LR: 5.87e-06
Epoch [91/100] | Total Loss: 0.9002 | Aux Loss: 0.1568 | Train Mixed Loss: 0.7434 (Base: 0.2723, Trend: 0.1512, DTW: 0.1044, TopK: 0.4833) | Val Mixed Loss (No Trend): 0.7406 (Base: 0.2885, DTW: 0.1289, TopK: 0.4754) | EMA Val Loss (No Trend): 0.743894 | LR: 4.95e-06
Epoch [92/100] | Total Loss: 0.9071 | Aux Loss: 0.1583 | Train Mixed Loss: 0.7488 (Base: 0.2736, Trend: 0.1516, DTW: 0.1058, TopK: 0.4852) | Val Mixed Loss (No Trend): 0.7571 (Base: 0.2919, DTW: 0.1336, TopK: 0.4820) | EMA Val Loss (No Trend): 0.747208 | LR: 4.13e-06
Epoch [93/100] | Total Loss: 0.9086 | Aux Loss: 0.1570 | Train Mixed Loss: 0.7516 (Base: 0.2742, Trend: 0.1511, DTW: 0.1067, TopK: 0.4859) | Val Mixed Loss (No Trend): 0.7428 (Base: 0.2901, DTW: 0.1307, TopK: 0.4635) | EMA Val Loss (No Trend): 0.746115 | LR: 3.40e-06
Epoch [94/100] | Total Loss: 0.9043 | Aux Loss: 0.1588 | Train Mixed Loss: 0.7456 (Base: 0.2720, Trend: 0.1515, DTW: 0.1052, TopK: 0.4842) | Val Mixed Loss (No Trend): 0.7485 (Base: 0.2915, DTW: 0.1311, TopK: 0.4746) | EMA Val Loss (No Trend): 0.746708 | LR: 2.76e-06
Epoch [95/100] | Total Loss: 0.8998 | Aux Loss: 0.1564 | Train Mixed Loss: 0.7435 (Base: 0.2720, Trend: 0.1504, DTW: 0.1048, TopK: 0.4823) | Val Mixed Loss (No Trend): 0.7431 (Base: 0.2876, DTW: 0.1305, TopK: 0.4744) | EMA Val Loss (No Trend): 0.745816 | LR: 2.23e-06
Epoch [96/100] | Total Loss: 0.9027 | Aux Loss: 0.1577 | Train Mixed Loss: 0.7450 (Base: 0.2725, Trend: 0.1510, DTW: 0.1048, TopK: 0.4846) | Val Mixed Loss (No Trend): 0.7451 (Base: 0.2902, DTW: 0.1306, TopK: 0.4715) | EMA Val Loss (No Trend): 0.745633 | LR: 1.78e-06
Epoch [97/100] | Total Loss: 0.9076 | Aux Loss: 0.1604 | Train Mixed Loss: 0.7472 (Base: 0.2732, Trend: 0.1511, DTW: 0.1057, TopK: 0.4825) | Val Mixed Loss (No Trend): 0.7455 (Base: 0.2896, DTW: 0.1308, TopK: 0.4729) | EMA Val Loss (No Trend): 0.745590 | LR: 1.44e-06
Epoch [98/100] | Total Loss: 0.9004 | Aux Loss: 0.1580 | Train Mixed Loss: 0.7424 (Base: 0.2717, Trend: 0.1503, DTW: 0.1047, TopK: 0.4806) | Val Mixed Loss (No Trend): 0.7489 (Base: 0.2908, DTW: 0.1317, TopK: 0.4736) | EMA Val Loss (No Trend): 0.746414 | LR: 1.20e-06
Epoch [99/100] | Total Loss: 0.9011 | Aux Loss: 0.1568 | Train Mixed Loss: 0.7444 (Base: 0.2722, Trend: 0.1508, DTW: 0.1047, TopK: 0.4850) | Val Mixed Loss (No Trend): 0.7391 (Base: 0.2872, DTW: 0.1292, TopK: 0.4726) | EMA Val Loss (No Trend): 0.744589 | LR: 1.05e-06
Epoch [100/100] | Total Loss: 0.9011 | Aux Loss: 0.1573 | Train Mixed Loss: 0.7438 (Base: 0.2718, Trend: 0.1503, DTW: 0.1052, TopK: 0.4810) | Val Mixed Loss (No Trend): 0.7488 (Base: 0.2909, DTW: 0.1314, TopK: 0.4749) | EMA Val Loss (No Trend): 0.745629 | LR: 2.00e-04
