Starting experiment (seed=2)
Device: cuda
Building static profile features from historical data...
Loading lightweight encoder...
Total trainable parameters: 5,010,690
Epoch [1/100] | Total Loss: 1.3343 | Aux Loss: 0.2762 | Train Mixed Loss: 1.0581 (Base: 0.3433, Trend: 0.1661, DTW: 0.1889, TopK: 0.5944) | Val Mixed Loss (No Trend): 0.8766 (Base: 0.3246, DTW: 0.1623, TopK: 0.5414) | EMA Val Loss (No Trend): 0.876617 | LR: 2.00e-04
Saved new best weights to best_model_seed2.pth (EMA validation loss without trend: 0.876617).
Epoch [2/100] | Total Loss: 1.2097 | Aux Loss: 0.2182 | Train Mixed Loss: 0.9914 (Base: 0.3327, Trend: 0.1579, DTW: 0.1689, TopK: 0.5817) | Val Mixed Loss (No Trend): 0.8782 (Base: 0.3303, DTW: 0.1613, TopK: 0.5360) | EMA Val Loss (No Trend): 0.877022 | LR: 2.00e-04
Epoch [3/100] | Total Loss: 1.1687 | Aux Loss: 0.2081 | Train Mixed Loss: 0.9606 (Base: 0.3256, Trend: 0.1575, DTW: 0.1603, TopK: 0.5723) | Val Mixed Loss (No Trend): 0.8070 (Base: 0.2956, DTW: 0.1462, TopK: 0.5352) | EMA Val Loss (No Trend): 0.859527 | LR: 2.00e-04
Saved new best weights to best_model_seed2.pth (EMA validation loss without trend: 0.859527).
Epoch [4/100] | Total Loss: 1.1434 | Aux Loss: 0.2011 | Train Mixed Loss: 0.9423 (Base: 0.3215, Trend: 0.1565, DTW: 0.1556, TopK: 0.5636) | Val Mixed Loss (No Trend): 0.8080 (Base: 0.3074, DTW: 0.1466, TopK: 0.4957) | EMA Val Loss (No Trend): 0.846647 | LR: 1.99e-04
Saved new best weights to best_model_seed2.pth (EMA validation loss without trend: 0.846647).
Epoch [5/100] | Total Loss: 1.1284 | Aux Loss: 0.1984 | Train Mixed Loss: 0.9300 (Base: 0.3187, Trend: 0.1575, DTW: 0.1521, TopK: 0.5586) | Val Mixed Loss (No Trend): 0.8164 (Base: 0.2971, DTW: 0.1530, TopK: 0.5073) | EMA Val Loss (No Trend): 0.839096 | LR: 1.99e-04
Saved new best weights to best_model_seed2.pth (EMA validation loss without trend: 0.839096).
Epoch [6/100] | Total Loss: 1.1170 | Aux Loss: 0.1969 | Train Mixed Loss: 0.9202 (Base: 0.3163, Trend: 0.1568, DTW: 0.1495, TopK: 0.5557) | Val Mixed Loss (No Trend): 0.7817 (Base: 0.2974, DTW: 0.1387, TopK: 0.5043) | EMA Val Loss (No Trend): 0.824738 | LR: 1.98e-04
Saved new best weights to best_model_seed2.pth (EMA validation loss without trend: 0.824738).
Epoch [7/100] | Total Loss: 1.0976 | Aux Loss: 0.1936 | Train Mixed Loss: 0.9040 (Base: 0.3121, Trend: 0.1559, DTW: 0.1455, TopK: 0.5491) | Val Mixed Loss (No Trend): 0.7797 (Base: 0.2943, DTW: 0.1370, TopK: 0.5214) | EMA Val Loss (No Trend): 0.813467 | LR: 1.98e-04
Saved new best weights to best_model_seed2.pth (EMA validation loss without trend: 0.813467).
Epoch [8/100] | Total Loss: 1.0932 | Aux Loss: 0.1941 | Train Mixed Loss: 0.8991 (Base: 0.3106, Trend: 0.1559, DTW: 0.1441, TopK: 0.5489) | Val Mixed Loss (No Trend): 0.7678 (Base: 0.2875, DTW: 0.1384, TopK: 0.4939) | EMA Val Loss (No Trend): 0.802061 | LR: 1.97e-04
Saved new best weights to best_model_seed2.pth (EMA validation loss without trend: 0.802061).
Epoch [9/100] | Total Loss: 1.0794 | Aux Loss: 0.1921 | Train Mixed Loss: 0.8873 (Base: 0.3072, Trend: 0.1546, DTW: 0.1416, TopK: 0.5437) | Val Mixed Loss (No Trend): 0.8025 (Base: 0.3097, DTW: 0.1445, TopK: 0.4872) | EMA Val Loss (No Trend): 0.802177 | LR: 1.96e-04
Epoch [10/100] | Total Loss: 1.0732 | Aux Loss: 0.1883 | Train Mixed Loss: 0.8850 (Base: 0.3071, Trend: 0.1542, DTW: 0.1410, TopK: 0.5410) | Val Mixed Loss (No Trend): 0.7860 (Base: 0.2985, DTW: 0.1384, TopK: 0.5182) | EMA Val Loss (No Trend): 0.798145 | LR: 1.95e-04
Saved new best weights to best_model_seed2.pth (EMA validation loss without trend: 0.798145).
Epoch [11/100] | Total Loss: 1.0660 | Aux Loss: 0.1884 | Train Mixed Loss: 0.8776 (Base: 0.3051, Trend: 0.1547, DTW: 0.1392, TopK: 0.5372) | Val Mixed Loss (No Trend): 0.7983 (Base: 0.3108, DTW: 0.1467, TopK: 0.4514) | EMA Val Loss (No Trend): 0.798183 | LR: 1.94e-04
Epoch [12/100] | Total Loss: 1.0561 | Aux Loss: 0.1875 | Train Mixed Loss: 0.8686 (Base: 0.3034, Trend: 0.1538, DTW: 0.1366, TopK: 0.5349) | Val Mixed Loss (No Trend): 0.7830 (Base: 0.3006, DTW: 0.1427, TopK: 0.4663) | EMA Val Loss (No Trend): 0.794377 | LR: 1.93e-04
Saved new best weights to best_model_seed2.pth (EMA validation loss without trend: 0.794377).
Epoch [13/100] | Total Loss: 1.0621 | Aux Loss: 0.1888 | Train Mixed Loss: 0.8733 (Base: 0.3051, Trend: 0.1548, DTW: 0.1374, TopK: 0.5373) | Val Mixed Loss (No Trend): 0.7787 (Base: 0.3055, DTW: 0.1406, TopK: 0.4523) | EMA Val Loss (No Trend): 0.790463 | LR: 1.92e-04
Saved new best weights to best_model_seed2.pth (EMA validation loss without trend: 0.790463).
Epoch [14/100] | Total Loss: 1.0405 | Aux Loss: 0.1834 | Train Mixed Loss: 0.8571 (Base: 0.3012, Trend: 0.1538, DTW: 0.1333, TopK: 0.5302) | Val Mixed Loss (No Trend): 0.7420 (Base: 0.2806, DTW: 0.1315, TopK: 0.4861) | EMA Val Loss (No Trend): 0.778340 | LR: 1.91e-04
Saved new best weights to best_model_seed2.pth (EMA validation loss without trend: 0.778340).
Epoch [15/100] | Total Loss: 1.0468 | Aux Loss: 0.1858 | Train Mixed Loss: 0.8610 (Base: 0.3027, Trend: 0.1544, DTW: 0.1344, TopK: 0.5285) | Val Mixed Loss (No Trend): 0.7528 (Base: 0.2836, DTW: 0.1357, TopK: 0.4783) | EMA Val Loss (No Trend): 0.771962 | LR: 1.89e-04
Saved new best weights to best_model_seed2.pth (EMA validation loss without trend: 0.771962).
Epoch [16/100] | Total Loss: 1.0396 | Aux Loss: 0.1853 | Train Mixed Loss: 0.8543 (Base: 0.3005, Trend: 0.1542, DTW: 0.1326, TopK: 0.5281) | Val Mixed Loss (No Trend): 0.7561 (Base: 0.2913, DTW: 0.1334, TopK: 0.4825) | EMA Val Loss (No Trend): 0.768003 | LR: 1.88e-04
Saved new best weights to best_model_seed2.pth (EMA validation loss without trend: 0.768003).
Epoch [17/100] | Total Loss: 1.0329 | Aux Loss: 0.1828 | Train Mixed Loss: 0.8501 (Base: 0.2988, Trend: 0.1536, DTW: 0.1318, TopK: 0.5272) | Val Mixed Loss (No Trend): 0.7277 (Base: 0.2796, DTW: 0.1254, TopK: 0.4901) | EMA Val Loss (No Trend): 0.757915 | LR: 1.86e-04
Saved new best weights to best_model_seed2.pth (EMA validation loss without trend: 0.757915).
Epoch [18/100] | Total Loss: 1.0301 | Aux Loss: 0.1845 | Train Mixed Loss: 0.8456 (Base: 0.2976, Trend: 0.1528, DTW: 0.1308, TopK: 0.5260) | Val Mixed Loss (No Trend): 0.7489 (Base: 0.2823, DTW: 0.1296, TopK: 0.5183) | EMA Val Loss (No Trend): 0.755670 | LR: 1.85e-04
Saved new best weights to best_model_seed2.pth (EMA validation loss without trend: 0.755670).
Epoch [19/100] | Total Loss: 1.0198 | Aux Loss: 0.1812 | Train Mixed Loss: 0.8387 (Base: 0.2964, Trend: 0.1523, DTW: 0.1292, TopK: 0.5204) | Val Mixed Loss (No Trend): 0.7488 (Base: 0.2901, DTW: 0.1323, TopK: 0.4708) | EMA Val Loss (No Trend): 0.753953 | LR: 1.83e-04
Saved new best weights to best_model_seed2.pth (EMA validation loss without trend: 0.753953).
Epoch [20/100] | Total Loss: 1.0126 | Aux Loss: 0.1791 | Train Mixed Loss: 0.8335 (Base: 0.2948, Trend: 0.1520, DTW: 0.1278, TopK: 0.5198) | Val Mixed Loss (No Trend): 0.7372 (Base: 0.2890, DTW: 0.1294, TopK: 0.4589) | EMA Val Loss (No Trend): 0.749764 | LR: 1.81e-04
Saved new best weights to best_model_seed2.pth (EMA validation loss without trend: 0.749764).
Epoch [21/100] | Total Loss: 1.0147 | Aux Loss: 0.1804 | Train Mixed Loss: 0.8343 (Base: 0.2966, Trend: 0.1524, DTW: 0.1277, TopK: 0.5165) | Val Mixed Loss (No Trend): 0.7458 (Base: 0.2885, DTW: 0.1343, TopK: 0.4496) | EMA Val Loss (No Trend): 0.748764 | LR: 1.79e-04
Saved new best weights to best_model_seed2.pth (EMA validation loss without trend: 0.748764).
Epoch [22/100] | Total Loss: 1.0048 | Aux Loss: 0.1781 | Train Mixed Loss: 0.8267 (Base: 0.2923, Trend: 0.1523, DTW: 0.1263, TopK: 0.5170) | Val Mixed Loss (No Trend): 0.7386 (Base: 0.2867, DTW: 0.1286, TopK: 0.4774) | EMA Val Loss (No Trend): 0.746235 | LR: 1.77e-04
Saved new best weights to best_model_seed2.pth (EMA validation loss without trend: 0.746235).
Epoch [23/100] | Total Loss: 1.0026 | Aux Loss: 0.1785 | Train Mixed Loss: 0.8241 (Base: 0.2926, Trend: 0.1516, DTW: 0.1256, TopK: 0.5143) | Val Mixed Loss (No Trend): 0.7527 (Base: 0.2945, DTW: 0.1331, TopK: 0.4627) | EMA Val Loss (No Trend): 0.747846 | LR: 1.75e-04
Epoch [24/100] | Total Loss: 0.9957 | Aux Loss: 0.1763 | Train Mixed Loss: 0.8193 (Base: 0.2916, Trend: 0.1517, DTW: 0.1240, TopK: 0.5143) | Val Mixed Loss (No Trend): 0.7277 (Base: 0.2791, DTW: 0.1253, TopK: 0.4930) | EMA Val Loss (No Trend): 0.742809 | LR: 1.73e-04
Saved new best weights to best_model_seed2.pth (EMA validation loss without trend: 0.742809).
Epoch [25/100] | Total Loss: 0.9923 | Aux Loss: 0.1771 | Train Mixed Loss: 0.8152 (Base: 0.2900, Trend: 0.1508, DTW: 0.1236, TopK: 0.5105) | Val Mixed Loss (No Trend): 0.7305 (Base: 0.2838, DTW: 0.1282, TopK: 0.4638) | EMA Val Loss (No Trend): 0.739731 | LR: 1.71e-04
Saved new best weights to best_model_seed2.pth (EMA validation loss without trend: 0.739731).
Epoch [26/100] | Total Loss: 0.9873 | Aux Loss: 0.1740 | Train Mixed Loss: 0.8133 (Base: 0.2900, Trend: 0.1514, DTW: 0.1227, TopK: 0.5101) | Val Mixed Loss (No Trend): 0.7207 (Base: 0.2711, DTW: 0.1234, TopK: 0.5112) | EMA Val Loss (No Trend): 0.734966 | LR: 1.69e-04
Saved new best weights to best_model_seed2.pth (EMA validation loss without trend: 0.734966).
Epoch [27/100] | Total Loss: 0.9925 | Aux Loss: 0.1757 | Train Mixed Loss: 0.8168 (Base: 0.2910, Trend: 0.1520, DTW: 0.1237, TopK: 0.5100) | Val Mixed Loss (No Trend): 0.7400 (Base: 0.2898, DTW: 0.1298, TopK: 0.4622) | EMA Val Loss (No Trend): 0.736232 | LR: 1.66e-04
Epoch [28/100] | Total Loss: 0.9781 | Aux Loss: 0.1735 | Train Mixed Loss: 0.8046 (Base: 0.2873, Trend: 0.1510, DTW: 0.1209, TopK: 0.5052) | Val Mixed Loss (No Trend): 0.7506 (Base: 0.2885, DTW: 0.1309, TopK: 0.4931) | EMA Val Loss (No Trend): 0.739824 | LR: 1.64e-04
Epoch [29/100] | Total Loss: 0.9835 | Aux Loss: 0.1753 | Train Mixed Loss: 0.8082 (Base: 0.2894, Trend: 0.1520, DTW: 0.1210, TopK: 0.5080) | Val Mixed Loss (No Trend): 0.7481 (Base: 0.2893, DTW: 0.1328, TopK: 0.4673) | EMA Val Loss (No Trend): 0.741905 | LR: 1.61e-04
Epoch [30/100] | Total Loss: 0.9787 | Aux Loss: 0.1740 | Train Mixed Loss: 0.8047 (Base: 0.2873, Trend: 0.1513, DTW: 0.1207, TopK: 0.5072) | Val Mixed Loss (No Trend): 0.7369 (Base: 0.2857, DTW: 0.1290, TopK: 0.4721) | EMA Val Loss (No Trend): 0.740647 | LR: 1.59e-04
Epoch [31/100] | Total Loss: 0.9771 | Aux Loss: 0.1745 | Train Mixed Loss: 0.8026 (Base: 0.2869, Trend: 0.1504, DTW: 0.1204, TopK: 0.5048) | Val Mixed Loss (No Trend): 0.7320 (Base: 0.2853, DTW: 0.1276, TopK: 0.4683) | EMA Val Loss (No Trend): 0.738494 | LR: 1.56e-04
Epoch [32/100] | Total Loss: 0.9710 | Aux Loss: 0.1713 | Train Mixed Loss: 0.7997 (Base: 0.2864, Trend: 0.1507, DTW: 0.1197, TopK: 0.5022) | Val Mixed Loss (No Trend): 0.7376 (Base: 0.2863, DTW: 0.1319, TopK: 0.4494) | EMA Val Loss (No Trend): 0.738277 | LR: 1.54e-04
Epoch [33/100] | Total Loss: 0.9607 | Aux Loss: 0.1710 | Train Mixed Loss: 0.7897 (Base: 0.2839, Trend: 0.1502, DTW: 0.1173, TopK: 0.4969) | Val Mixed Loss (No Trend): 0.7378 (Base: 0.2814, DTW: 0.1305, TopK: 0.4776) | EMA Val Loss (No Trend): 0.738158 | LR: 1.51e-04
Epoch [34/100] | Total Loss: 0.9742 | Aux Loss: 0.1725 | Train Mixed Loss: 0.8017 (Base: 0.2870, Trend: 0.1520, DTW: 0.1197, TopK: 0.5044) | Val Mixed Loss (No Trend): 0.7245 (Base: 0.2786, DTW: 0.1245, TopK: 0.4903) | EMA Val Loss (No Trend): 0.734733 | LR: 1.48e-04
Saved new best weights to best_model_seed2.pth (EMA validation loss without trend: 0.734733).
Epoch [35/100] | Total Loss: 0.9634 | Aux Loss: 0.1718 | Train Mixed Loss: 0.7916 (Base: 0.2835, Trend: 0.1496, DTW: 0.1182, TopK: 0.4985) | Val Mixed Loss (No Trend): 0.7353 (Base: 0.2868, DTW: 0.1297, TopK: 0.4575) | EMA Val Loss (No Trend): 0.734877 | LR: 1.46e-04
Epoch [36/100] | Total Loss: 0.9608 | Aux Loss: 0.1737 | Train Mixed Loss: 0.7871 (Base: 0.2832, Trend: 0.1507, DTW: 0.1164, TopK: 0.4975) | Val Mixed Loss (No Trend): 0.7319 (Base: 0.2855, DTW: 0.1270, TopK: 0.4723) | EMA Val Loss (No Trend): 0.734140 | LR: 1.43e-04
Saved new best weights to best_model_seed2.pth (EMA validation loss without trend: 0.734140).
Epoch [37/100] | Total Loss: 0.9586 | Aux Loss: 0.1703 | Train Mixed Loss: 0.7883 (Base: 0.2840, Trend: 0.1510, DTW: 0.1162, TopK: 0.4992) | Val Mixed Loss (No Trend): 0.7493 (Base: 0.2937, DTW: 0.1321, TopK: 0.4615) | EMA Val Loss (No Trend): 0.737918 | LR: 1.40e-04
Epoch [38/100] | Total Loss: 0.9512 | Aux Loss: 0.1693 | Train Mixed Loss: 0.7819 (Base: 0.2819, Trend: 0.1498, DTW: 0.1154, TopK: 0.4936) | Val Mixed Loss (No Trend): 0.7241 (Base: 0.2791, DTW: 0.1255, TopK: 0.4791) | EMA Val Loss (No Trend): 0.734464 | LR: 1.37e-04
Epoch [39/100] | Total Loss: 0.9548 | Aux Loss: 0.1712 | Train Mixed Loss: 0.7836 (Base: 0.2818, Trend: 0.1506, DTW: 0.1157, TopK: 0.4960) | Val Mixed Loss (No Trend): 0.7260 (Base: 0.2809, DTW: 0.1252, TopK: 0.4822) | EMA Val Loss (No Trend): 0.732344 | LR: 1.34e-04
Saved new best weights to best_model_seed2.pth (EMA validation loss without trend: 0.732344).
Epoch [40/100] | Total Loss: 0.9463 | Aux Loss: 0.1686 | Train Mixed Loss: 0.7777 (Base: 0.2798, Trend: 0.1500, DTW: 0.1145, TopK: 0.4941) | Val Mixed Loss (No Trend): 0.7228 (Base: 0.2799, DTW: 0.1251, TopK: 0.4758) | EMA Val Loss (No Trend): 0.729956 | LR: 1.31e-04
Saved new best weights to best_model_seed2.pth (EMA validation loss without trend: 0.729956).
Epoch [41/100] | Total Loss: 0.9368 | Aux Loss: 0.1672 | Train Mixed Loss: 0.7696 (Base: 0.2788, Trend: 0.1493, DTW: 0.1122, TopK: 0.4891) | Val Mixed Loss (No Trend): 0.7058 (Base: 0.2710, DTW: 0.1220, TopK: 0.4729) | EMA Val Loss (No Trend): 0.723923 | LR: 1.28e-04
Saved new best weights to best_model_seed2.pth (EMA validation loss without trend: 0.723923).
Epoch [42/100] | Total Loss: 0.9400 | Aux Loss: 0.1678 | Train Mixed Loss: 0.7722 (Base: 0.2788, Trend: 0.1498, DTW: 0.1132, TopK: 0.4899) | Val Mixed Loss (No Trend): 0.7176 (Base: 0.2784, DTW: 0.1241, TopK: 0.4709) | EMA Val Loss (No Trend): 0.722342 | LR: 1.25e-04
Saved new best weights to best_model_seed2.pth (EMA validation loss without trend: 0.722342).
Epoch [43/100] | Total Loss: 0.9349 | Aux Loss: 0.1681 | Train Mixed Loss: 0.7667 (Base: 0.2776, Trend: 0.1496, DTW: 0.1117, TopK: 0.4877) | Val Mixed Loss (No Trend): 0.7266 (Base: 0.2820, DTW: 0.1265, TopK: 0.4701) | EMA Val Loss (No Trend): 0.723403 | LR: 1.22e-04
Epoch [44/100] | Total Loss: 0.9392 | Aux Loss: 0.1690 | Train Mixed Loss: 0.7702 (Base: 0.2781, Trend: 0.1501, DTW: 0.1126, TopK: 0.4897) | Val Mixed Loss (No Trend): 0.7134 (Base: 0.2785, DTW: 0.1233, TopK: 0.4628) | EMA Val Loss (No Trend): 0.720898 | LR: 1.19e-04
Saved new best weights to best_model_seed2.pth (EMA validation loss without trend: 0.720898).
Epoch [45/100] | Total Loss: 0.9339 | Aux Loss: 0.1659 | Train Mixed Loss: 0.7680 (Base: 0.2782, Trend: 0.1496, DTW: 0.1119, TopK: 0.4882) | Val Mixed Loss (No Trend): 0.7454 (Base: 0.2921, DTW: 0.1312, TopK: 0.4613) | EMA Val Loss (No Trend): 0.727025 | LR: 1.16e-04
Epoch [46/100] | Total Loss: 0.9219 | Aux Loss: 0.1638 | Train Mixed Loss: 0.7581 (Base: 0.2744, Trend: 0.1494, DTW: 0.1100, TopK: 0.4831) | Val Mixed Loss (No Trend): 0.7038 (Base: 0.2724, DTW: 0.1188, TopK: 0.4878) | EMA Val Loss (No Trend): 0.721230 | LR: 1.13e-04
Epoch [47/100] | Total Loss: 0.9211 | Aux Loss: 0.1645 | Train Mixed Loss: 0.7566 (Base: 0.2746, Trend: 0.1493, DTW: 0.1095, TopK: 0.4818) | Val Mixed Loss (No Trend): 0.7224 (Base: 0.2814, DTW: 0.1264, TopK: 0.4590) | EMA Val Loss (No Trend): 0.721529 | LR: 1.10e-04
Epoch [48/100] | Total Loss: 0.9327 | Aux Loss: 0.1665 | Train Mixed Loss: 0.7662 (Base: 0.2771, Trend: 0.1512, DTW: 0.1112, TopK: 0.4885) | Val Mixed Loss (No Trend): 0.7145 (Base: 0.2790, DTW: 0.1241, TopK: 0.4588) | EMA Val Loss (No Trend): 0.719770 | LR: 1.07e-04
Saved new best weights to best_model_seed2.pth (EMA validation loss without trend: 0.719770).
Epoch [49/100] | Total Loss: 0.9273 | Aux Loss: 0.1647 | Train Mixed Loss: 0.7626 (Base: 0.2766, Trend: 0.1508, DTW: 0.1105, TopK: 0.4845) | Val Mixed Loss (No Trend): 0.7149 (Base: 0.2750, DTW: 0.1220, TopK: 0.4901) | EMA Val Loss (No Trend): 0.718563 | LR: 1.04e-04
Saved new best weights to best_model_seed2.pth (EMA validation loss without trend: 0.718563).
Epoch [50/100] | Total Loss: 0.9163 | Aux Loss: 0.1656 | Train Mixed Loss: 0.7507 (Base: 0.2729, Trend: 0.1493, DTW: 0.1083, TopK: 0.4774) | Val Mixed Loss (No Trend): 0.7202 (Base: 0.2775, DTW: 0.1251, TopK: 0.4754) | EMA Val Loss (No Trend): 0.718984 | LR: 1.01e-04
Epoch [51/100] | Total Loss: 0.9171 | Aux Loss: 0.1661 | Train Mixed Loss: 0.7511 (Base: 0.2725, Trend: 0.1497, DTW: 0.1083, TopK: 0.4791) | Val Mixed Loss (No Trend): 0.7157 (Base: 0.2772, DTW: 0.1237, TopK: 0.4718) | EMA Val Loss (No Trend): 0.718174 | LR: 9.74e-05
Saved new best weights to best_model_seed2.pth (EMA validation loss without trend: 0.718174).
Epoch [52/100] | Total Loss: 0.9141 | Aux Loss: 0.1657 | Train Mixed Loss: 0.7484 (Base: 0.2729, Trend: 0.1498, DTW: 0.1072, TopK: 0.4778) | Val Mixed Loss (No Trend): 0.7190 (Base: 0.2801, DTW: 0.1250, TopK: 0.4634) | EMA Val Loss (No Trend): 0.718392 | LR: 9.43e-05
Epoch [53/100] | Total Loss: 0.9090 | Aux Loss: 0.1645 | Train Mixed Loss: 0.7444 (Base: 0.2714, Trend: 0.1496, DTW: 0.1065, TopK: 0.4752) | Val Mixed Loss (No Trend): 0.7177 (Base: 0.2780, DTW: 0.1250, TopK: 0.4656) | EMA Val Loss (No Trend): 0.718227 | LR: 9.11e-05
Epoch [54/100] | Total Loss: 0.9064 | Aux Loss: 0.1628 | Train Mixed Loss: 0.7437 (Base: 0.2715, Trend: 0.1499, DTW: 0.1061, TopK: 0.4750) | Val Mixed Loss (No Trend): 0.7128 (Base: 0.2786, DTW: 0.1250, TopK: 0.4477) | EMA Val Loss (No Trend): 0.716872 | LR: 8.80e-05
Saved new best weights to best_model_seed2.pth (EMA validation loss without trend: 0.716872).
Epoch [55/100] | Total Loss: 0.9075 | Aux Loss: 0.1657 | Train Mixed Loss: 0.7418 (Base: 0.2705, Trend: 0.1500, DTW: 0.1058, TopK: 0.4749) | Val Mixed Loss (No Trend): 0.7156 (Base: 0.2791, DTW: 0.1244, TopK: 0.4602) | EMA Val Loss (No Trend): 0.716559 | LR: 8.49e-05
Saved new best weights to best_model_seed2.pth (EMA validation loss without trend: 0.716559).
Epoch [56/100] | Total Loss: 0.9028 | Aux Loss: 0.1635 | Train Mixed Loss: 0.7393 (Base: 0.2698, Trend: 0.1497, DTW: 0.1051, TopK: 0.4746) | Val Mixed Loss (No Trend): 0.7458 (Base: 0.2917, DTW: 0.1329, TopK: 0.4502) | EMA Val Loss (No Trend): 0.723878 | LR: 8.19e-05
Epoch [57/100] | Total Loss: 0.9002 | Aux Loss: 0.1623 | Train Mixed Loss: 0.7379 (Base: 0.2689, Trend: 0.1499, DTW: 0.1047, TopK: 0.4761) | Val Mixed Loss (No Trend): 0.7239 (Base: 0.2799, DTW: 0.1267, TopK: 0.4661) | EMA Val Loss (No Trend): 0.723886 | LR: 7.88e-05
Epoch [58/100] | Total Loss: 0.9007 | Aux Loss: 0.1629 | Train Mixed Loss: 0.7378 (Base: 0.2693, Trend: 0.1500, DTW: 0.1049, TopK: 0.4725) | Val Mixed Loss (No Trend): 0.7124 (Base: 0.2792, DTW: 0.1225, TopK: 0.4643) | EMA Val Loss (No Trend): 0.721018 | LR: 7.58e-05
Epoch [59/100] | Total Loss: 0.8841 | Aux Loss: 0.1610 | Train Mixed Loss: 0.7230 (Base: 0.2650, Trend: 0.1479, DTW: 0.1020, TopK: 0.4644) | Val Mixed Loss (No Trend): 0.7131 (Base: 0.2743, DTW: 0.1223, TopK: 0.4837) | EMA Val Loss (No Trend): 0.719029 | LR: 7.27e-05
Epoch [60/100] | Total Loss: 0.8945 | Aux Loss: 0.1623 | Train Mixed Loss: 0.7322 (Base: 0.2670, Trend: 0.1496, DTW: 0.1036, TopK: 0.4725) | Val Mixed Loss (No Trend): 0.7294 (Base: 0.2850, DTW: 0.1274, TopK: 0.4623) | EMA Val Loss (No Trend): 0.721634 | LR: 6.98e-05
Epoch [61/100] | Total Loss: 0.8886 | Aux Loss: 0.1614 | Train Mixed Loss: 0.7272 (Base: 0.2663, Trend: 0.1491, DTW: 0.1025, TopK: 0.4678) | Val Mixed Loss (No Trend): 0.7277 (Base: 0.2830, DTW: 0.1284, TopK: 0.4554) | EMA Val Loss (No Trend): 0.723160 | LR: 6.68e-05
Epoch [62/100] | Total Loss: 0.8900 | Aux Loss: 0.1629 | Train Mixed Loss: 0.7271 (Base: 0.2664, Trend: 0.1501, DTW: 0.1024, TopK: 0.4665) | Val Mixed Loss (No Trend): 0.7167 (Base: 0.2790, DTW: 0.1243, TopK: 0.4642) | EMA Val Loss (No Trend): 0.721540 | LR: 6.39e-05
Epoch [63/100] | Total Loss: 0.8862 | Aux Loss: 0.1601 | Train Mixed Loss: 0.7262 (Base: 0.2657, Trend: 0.1496, DTW: 0.1023, TopK: 0.4671) | Val Mixed Loss (No Trend): 0.7252 (Base: 0.2844, DTW: 0.1269, TopK: 0.4538) | EMA Val Loss (No Trend): 0.722460 | LR: 6.10e-05
Epoch [64/100] | Total Loss: 0.8827 | Aux Loss: 0.1623 | Train Mixed Loss: 0.7204 (Base: 0.2646, Trend: 0.1498, DTW: 0.1008, TopK: 0.4628) | Val Mixed Loss (No Trend): 0.7165 (Base: 0.2807, DTW: 0.1246, TopK: 0.4558) | EMA Val Loss (No Trend): 0.720975 | LR: 5.81e-05
Epoch [65/100] | Total Loss: 0.8770 | Aux Loss: 0.1608 | Train Mixed Loss: 0.7162 (Base: 0.2634, Trend: 0.1488, DTW: 0.1000, TopK: 0.4615) | Val Mixed Loss (No Trend): 0.7265 (Base: 0.2823, DTW: 0.1268, TopK: 0.4664) | EMA Val Loss (No Trend): 0.722364 | LR: 5.53e-05
Epoch [66/100] | Total Loss: 0.8858 | Aux Loss: 0.1630 | Train Mixed Loss: 0.7228 (Base: 0.2650, Trend: 0.1493, DTW: 0.1016, TopK: 0.4646) | Val Mixed Loss (No Trend): 0.7189 (Base: 0.2802, DTW: 0.1247, TopK: 0.4649) | EMA Val Loss (No Trend): 0.721499 | LR: 5.26e-05
Epoch [67/100] | Total Loss: 0.8770 | Aux Loss: 0.1599 | Train Mixed Loss: 0.7171 (Base: 0.2636, Trend: 0.1500, DTW: 0.1001, TopK: 0.4608) | Val Mixed Loss (No Trend): 0.7379 (Base: 0.2872, DTW: 0.1309, TopK: 0.4552) | EMA Val Loss (No Trend): 0.725605 | LR: 4.99e-05
Epoch [68/100] | Total Loss: 0.8823 | Aux Loss: 0.1615 | Train Mixed Loss: 0.7207 (Base: 0.2646, Trend: 0.1503, DTW: 0.1006, TopK: 0.4654) | Val Mixed Loss (No Trend): 0.7101 (Base: 0.2807, DTW: 0.1233, TopK: 0.4452) | EMA Val Loss (No Trend): 0.721734 | LR: 4.72e-05
Epoch [69/100] | Total Loss: 0.8693 | Aux Loss: 0.1600 | Train Mixed Loss: 0.7093 (Base: 0.2611, Trend: 0.1495, DTW: 0.0982, TopK: 0.4589) | Val Mixed Loss (No Trend): 0.7087 (Base: 0.2781, DTW: 0.1228, TopK: 0.4528) | EMA Val Loss (No Trend): 0.718466 | LR: 4.46e-05
Epoch [70/100] | Total Loss: 0.8762 | Aux Loss: 0.1587 | Train Mixed Loss: 0.7175 (Base: 0.2626, Trend: 0.1498, DTW: 0.1004, TopK: 0.4636) | Val Mixed Loss (No Trend): 0.7131 (Base: 0.2792, DTW: 0.1237, TopK: 0.4568) | EMA Val Loss (No Trend): 0.717117 | LR: 4.20e-05
Epoch [71/100] | Total Loss: 0.8656 | Aux Loss: 0.1593 | Train Mixed Loss: 0.7063 (Base: 0.2604, Trend: 0.1486, DTW: 0.0976, TopK: 0.4582) | Val Mixed Loss (No Trend): 0.7159 (Base: 0.2793, DTW: 0.1239, TopK: 0.4639) | EMA Val Loss (No Trend): 0.716813 | LR: 3.95e-05
Epoch [72/100] | Total Loss: 0.8689 | Aux Loss: 0.1598 | Train Mixed Loss: 0.7090 (Base: 0.2610, Trend: 0.1497, DTW: 0.0983, TopK: 0.4573) | Val Mixed Loss (No Trend): 0.7303 (Base: 0.2862, DTW: 0.1280, TopK: 0.4568) | EMA Val Loss (No Trend): 0.720185 | LR: 3.71e-05
Epoch [73/100] | Total Loss: 0.8721 | Aux Loss: 0.1617 | Train Mixed Loss: 0.7104 (Base: 0.2616, Trend: 0.1506, DTW: 0.0982, TopK: 0.4594) | Val Mixed Loss (No Trend): 0.7219 (Base: 0.2803, DTW: 0.1265, TopK: 0.4598) | EMA Val Loss (No Trend): 0.720601 | LR: 3.47e-05
Epoch [74/100] | Total Loss: 0.8587 | Aux Loss: 0.1579 | Train Mixed Loss: 0.7008 (Base: 0.2582, Trend: 0.1489, DTW: 0.0964, TopK: 0.4564) | Val Mixed Loss (No Trend): 0.7143 (Base: 0.2802, DTW: 0.1242, TopK: 0.4537) | EMA Val Loss (No Trend): 0.719033 | LR: 3.24e-05
Epoch [75/100] | Total Loss: 0.8690 | Aux Loss: 0.1595 | Train Mixed Loss: 0.7095 (Base: 0.2613, Trend: 0.1506, DTW: 0.0979, TopK: 0.4601) | Val Mixed Loss (No Trend): 0.7254 (Base: 0.2841, DTW: 0.1271, TopK: 0.4540) | EMA Val Loss (No Trend): 0.720614 | LR: 3.01e-05
Epoch [76/100] | Total Loss: 0.8549 | Aux Loss: 0.1592 | Train Mixed Loss: 0.6957 (Base: 0.2569, Trend: 0.1487, DTW: 0.0953, TopK: 0.4520) | Val Mixed Loss (No Trend): 0.7343 (Base: 0.2886, DTW: 0.1297, TopK: 0.4482) | EMA Val Loss (No Trend): 0.724027 | LR: 2.80e-05
Epoch [77/100] | Total Loss: 0.8591 | Aux Loss: 0.1588 | Train Mixed Loss: 0.7003 (Base: 0.2586, Trend: 0.1495, DTW: 0.0961, TopK: 0.4542) | Val Mixed Loss (No Trend): 0.7248 (Base: 0.2825, DTW: 0.1274, TopK: 0.4546) | EMA Val Loss (No Trend): 0.724215 | LR: 2.59e-05
Epoch [78/100] | Total Loss: 0.8542 | Aux Loss: 0.1579 | Train Mixed Loss: 0.6963 (Base: 0.2574, Trend: 0.1496, DTW: 0.0952, TopK: 0.4520) | Val Mixed Loss (No Trend): 0.7197 (Base: 0.2801, DTW: 0.1253, TopK: 0.4628) | EMA Val Loss (No Trend): 0.723092 | LR: 2.38e-05
Epoch [79/100] | Total Loss: 0.8543 | Aux Loss: 0.1579 | Train Mixed Loss: 0.6964 (Base: 0.2580, Trend: 0.1499, DTW: 0.0949, TopK: 0.4529) | Val Mixed Loss (No Trend): 0.7116 (Base: 0.2792, DTW: 0.1227, TopK: 0.4593) | EMA Val Loss (No Trend): 0.720214 | LR: 2.19e-05
Epoch [80/100] | Total Loss: 0.8525 | Aux Loss: 0.1592 | Train Mixed Loss: 0.6933 (Base: 0.2569, Trend: 0.1495, DTW: 0.0945, TopK: 0.4497) | Val Mixed Loss (No Trend): 0.7273 (Base: 0.2814, DTW: 0.1278, TopK: 0.4643) | EMA Val Loss (No Trend): 0.721991 | LR: 2.00e-05
Epoch [81/100] | Total Loss: 0.8511 | Aux Loss: 0.1583 | Train Mixed Loss: 0.6929 (Base: 0.2562, Trend: 0.1486, DTW: 0.0947, TopK: 0.4501) | Val Mixed Loss (No Trend): 0.7247 (Base: 0.2845, DTW: 0.1265, TopK: 0.4549) | EMA Val Loss (No Trend): 0.722660 | LR: 1.82e-05
Epoch [82/100] | Total Loss: 0.8547 | Aux Loss: 0.1591 | Train Mixed Loss: 0.6955 (Base: 0.2576, Trend: 0.1502, DTW: 0.0948, TopK: 0.4513) | Val Mixed Loss (No Trend): 0.7180 (Base: 0.2768, DTW: 0.1248, TopK: 0.4724) | EMA Val Loss (No Trend): 0.721501 | LR: 1.65e-05
Epoch [83/100] | Total Loss: 0.8486 | Aux Loss: 0.1587 | Train Mixed Loss: 0.6899 (Base: 0.2555, Trend: 0.1491, DTW: 0.0940, TopK: 0.4474) | Val Mixed Loss (No Trend): 0.7126 (Base: 0.2783, DTW: 0.1231, TopK: 0.4624) | EMA Val Loss (No Trend): 0.719264 | LR: 1.49e-05
Epoch [84/100] | Total Loss: 0.8474 | Aux Loss: 0.1572 | Train Mixed Loss: 0.6902 (Base: 0.2551, Trend: 0.1490, DTW: 0.0940, TopK: 0.4499) | Val Mixed Loss (No Trend): 0.7202 (Base: 0.2802, DTW: 0.1251, TopK: 0.4662) | EMA Val Loss (No Trend): 0.719504 | LR: 1.33e-05
Epoch [85/100] | Total Loss: 0.8444 | Aux Loss: 0.1579 | Train Mixed Loss: 0.6865 (Base: 0.2551, Trend: 0.1484, DTW: 0.0929, TopK: 0.4479) | Val Mixed Loss (No Trend): 0.7317 (Base: 0.2855, DTW: 0.1288, TopK: 0.4572) | EMA Val Loss (No Trend): 0.722548 | LR: 1.18e-05
Epoch [86/100] | Total Loss: 0.8432 | Aux Loss: 0.1555 | Train Mixed Loss: 0.6877 (Base: 0.2553, Trend: 0.1485, DTW: 0.0934, TopK: 0.4464) | Val Mixed Loss (No Trend): 0.7139 (Base: 0.2803, DTW: 0.1238, TopK: 0.4545) | EMA Val Loss (No Trend): 0.720389 | LR: 1.05e-05
Epoch [87/100] | Total Loss: 0.8431 | Aux Loss: 0.1572 | Train Mixed Loss: 0.6859 (Base: 0.2542, Trend: 0.1490, DTW: 0.0929, TopK: 0.4472) | Val Mixed Loss (No Trend): 0.7005 (Base: 0.2747, DTW: 0.1199, TopK: 0.4599) | EMA Val Loss (No Trend): 0.715426 | LR: 9.18e-06
Saved new best weights to best_model_seed2.pth (EMA validation loss without trend: 0.715426).
Epoch [88/100] | Total Loss: 0.8393 | Aux Loss: 0.1545 | Train Mixed Loss: 0.6848 (Base: 0.2535, Trend: 0.1488, DTW: 0.0928, TopK: 0.4477) | Val Mixed Loss (No Trend): 0.7157 (Base: 0.2799, DTW: 0.1248, TopK: 0.4543) | EMA Val Loss (No Trend): 0.715499 | LR: 7.99e-06
Epoch [89/100] | Total Loss: 0.8390 | Aux Loss: 0.1573 | Train Mixed Loss: 0.6817 (Base: 0.2529, Trend: 0.1486, DTW: 0.0921, TopK: 0.4445) | Val Mixed Loss (No Trend): 0.7152 (Base: 0.2799, DTW: 0.1241, TopK: 0.4585) | EMA Val Loss (No Trend): 0.715427 | LR: 6.88e-06
Epoch [90/100] | Total Loss: 0.8414 | Aux Loss: 0.1585 | Train Mixed Loss: 0.6829 (Base: 0.2540, Trend: 0.1497, DTW: 0.0919, TopK: 0.4453) | Val Mixed Loss (No Trend): 0.7155 (Base: 0.2788, DTW: 0.1244, TopK: 0.4602) | EMA Val Loss (No Trend): 0.715437 | LR: 5.87e-06
Epoch [91/100] | Total Loss: 0.8443 | Aux Loss: 0.1577 | Train Mixed Loss: 0.6866 (Base: 0.2542, Trend: 0.1490, DTW: 0.0933, TopK: 0.4468) | Val Mixed Loss (No Trend): 0.7107 (Base: 0.2783, DTW: 0.1229, TopK: 0.4585) | EMA Val Loss (No Trend): 0.714256 | LR: 4.95e-06
Saved new best weights to best_model_seed2.pth (EMA validation loss without trend: 0.714256).
Epoch [92/100] | Total Loss: 0.8413 | Aux Loss: 0.1569 | Train Mixed Loss: 0.6844 (Base: 0.2538, Trend: 0.1491, DTW: 0.0928, TopK: 0.4445) | Val Mixed Loss (No Trend): 0.7199 (Base: 0.2805, DTW: 0.1265, TopK: 0.4530) | EMA Val Loss (No Trend): 0.715666 | LR: 4.13e-06
Epoch [93/100] | Total Loss: 0.8420 | Aux Loss: 0.1589 | Train Mixed Loss: 0.6831 (Base: 0.2534, Trend: 0.1490, DTW: 0.0926, TopK: 0.4431) | Val Mixed Loss (No Trend): 0.7227 (Base: 0.2821, DTW: 0.1263, TopK: 0.4585) | EMA Val Loss (No Trend): 0.717424 | LR: 3.40e-06
Epoch [94/100] | Total Loss: 0.8392 | Aux Loss: 0.1562 | Train Mixed Loss: 0.6830 (Base: 0.2534, Trend: 0.1486, DTW: 0.0923, TopK: 0.4457) | Val Mixed Loss (No Trend): 0.7252 (Base: 0.2833, DTW: 0.1261, TopK: 0.4645) | EMA Val Loss (No Trend): 0.719366 | LR: 2.76e-06
Epoch [95/100] | Total Loss: 0.8396 | Aux Loss: 0.1572 | Train Mixed Loss: 0.6823 (Base: 0.2531, Trend: 0.1495, DTW: 0.0921, TopK: 0.4445) | Val Mixed Loss (No Trend): 0.7044 (Base: 0.2766, DTW: 0.1218, TopK: 0.4520) | EMA Val Loss (No Trend): 0.715632 | LR: 2.23e-06
Epoch [96/100] | Total Loss: 0.8427 | Aux Loss: 0.1568 | Train Mixed Loss: 0.6859 (Base: 0.2541, Trend: 0.1499, DTW: 0.0928, TopK: 0.4472) | Val Mixed Loss (No Trend): 0.7252 (Base: 0.2808, DTW: 0.1276, TopK: 0.4609) | EMA Val Loss (No Trend): 0.718019 | LR: 1.78e-06
Epoch [97/100] | Total Loss: 0.8404 | Aux Loss: 0.1567 | Train Mixed Loss: 0.6837 (Base: 0.2534, Trend: 0.1496, DTW: 0.0923, TopK: 0.4469) | Val Mixed Loss (No Trend): 0.7161 (Base: 0.2813, DTW: 0.1247, TopK: 0.4515) | EMA Val Loss (No Trend): 0.717542 | LR: 1.44e-06
Epoch [98/100] | Total Loss: 0.8413 | Aux Loss: 0.1582 | Train Mixed Loss: 0.6831 (Base: 0.2529, Trend: 0.1488, DTW: 0.0926, TopK: 0.4445) | Val Mixed Loss (No Trend): 0.7172 (Base: 0.2789, DTW: 0.1254, TopK: 0.4579) | EMA Val Loss (No Trend): 0.717446 | LR: 1.20e-06
Epoch [99/100] | Total Loss: 0.8431 | Aux Loss: 0.1580 | Train Mixed Loss: 0.6852 (Base: 0.2543, Trend: 0.1498, DTW: 0.0926, TopK: 0.4459) | Val Mixed Loss (No Trend): 0.7202 (Base: 0.2807, DTW: 0.1252, TopK: 0.4629) | EMA Val Loss (No Trend): 0.718132 | LR: 1.05e-06
Epoch [100/100] | Total Loss: 0.8384 | Aux Loss: 0.1563 | Train Mixed Loss: 0.6821 (Base: 0.2530, Trend: 0.1492, DTW: 0.0921, TopK: 0.4446) | Val Mixed Loss (No Trend): 0.7113 (Base: 0.2786, DTW: 0.1231, TopK: 0.4575) | EMA Val Loss (No Trend): 0.716423 | LR: 2.00e-04
