Starting experiment (seed=4)
Device: cuda
Building static profile features from historical data...
Loading lightweight encoder...
Total trainable parameters: 4,485,378
Epoch [1/100] | Total Loss: 1.3342 | Aux Loss: 0.2733 | Train Mixed Loss: 1.0609 (Base: 0.3442, Trend: 0.1668, DTW: 0.1895, TopK: 0.5951) | Val Mixed Loss (No Trend): 0.8699 (Base: 0.3084, DTW: 0.1593, TopK: 0.5970) | EMA Val Loss (No Trend): 0.869895 | LR: 2.00e-04
Saved new best weights to best_model_seed4.pth (EMA validation loss without trend: 0.869895).
Epoch [2/100] | Total Loss: 1.2102 | Aux Loss: 0.2191 | Train Mixed Loss: 0.9911 (Base: 0.3320, Trend: 0.1580, DTW: 0.1688, TopK: 0.5832) | Val Mixed Loss (No Trend): 0.8224 (Base: 0.3037, DTW: 0.1464, TopK: 0.5581) | EMA Val Loss (No Trend): 0.858029 | LR: 2.00e-04
Saved new best weights to best_model_seed4.pth (EMA validation loss without trend: 0.858029).
Epoch [3/100] | Total Loss: 1.1559 | Aux Loss: 0.2032 | Train Mixed Loss: 0.9527 (Base: 0.3233, Trend: 0.1568, DTW: 0.1583, TopK: 0.5707) | Val Mixed Loss (No Trend): 0.8081 (Base: 0.3004, DTW: 0.1431, TopK: 0.5478) | EMA Val Loss (No Trend): 0.845558 | LR: 2.00e-04
Saved new best weights to best_model_seed4.pth (EMA validation loss without trend: 0.845558).
Epoch [4/100] | Total Loss: 1.1498 | Aux Loss: 0.2021 | Train Mixed Loss: 0.9477 (Base: 0.3229, Trend: 0.1578, DTW: 0.1569, TopK: 0.5646) | Val Mixed Loss (No Trend): 0.7896 (Base: 0.2993, DTW: 0.1408, TopK: 0.5079) | EMA Val Loss (No Trend): 0.831562 | LR: 1.99e-04
Saved new best weights to best_model_seed4.pth (EMA validation loss without trend: 0.831562).
Epoch [5/100] | Total Loss: 1.1223 | Aux Loss: 0.1996 | Train Mixed Loss: 0.9226 (Base: 0.3162, Trend: 0.1567, DTW: 0.1507, TopK: 0.5550) | Val Mixed Loss (No Trend): 0.8002 (Base: 0.3054, DTW: 0.1405, TopK: 0.5251) | EMA Val Loss (No Trend): 0.823725 | LR: 1.99e-04
Saved new best weights to best_model_seed4.pth (EMA validation loss without trend: 0.823725).
Epoch [6/100] | Total Loss: 1.1174 | Aux Loss: 0.1958 | Train Mixed Loss: 0.9216 (Base: 0.3172, Trend: 0.1580, DTW: 0.1494, TopK: 0.5561) | Val Mixed Loss (No Trend): 0.7788 (Base: 0.2951, DTW: 0.1368, TopK: 0.5177) | EMA Val Loss (No Trend): 0.812488 | LR: 1.98e-04
Saved new best weights to best_model_seed4.pth (EMA validation loss without trend: 0.812488).
Epoch [7/100] | Total Loss: 1.0966 | Aux Loss: 0.1928 | Train Mixed Loss: 0.9038 (Base: 0.3120, Trend: 0.1570, DTW: 0.1449, TopK: 0.5517) | Val Mixed Loss (No Trend): 0.7659 (Base: 0.2901, DTW: 0.1364, TopK: 0.4949) | EMA Val Loss (No Trend): 0.800843 | LR: 1.98e-04
Saved new best weights to best_model_seed4.pth (EMA validation loss without trend: 0.800843).
Epoch [8/100] | Total Loss: 1.0814 | Aux Loss: 0.1913 | Train Mixed Loss: 0.8901 (Base: 0.3082, Trend: 0.1558, DTW: 0.1423, TopK: 0.5417) | Val Mixed Loss (No Trend): 0.7926 (Base: 0.2999, DTW: 0.1455, TopK: 0.4781) | EMA Val Loss (No Trend): 0.798779 | LR: 1.97e-04
Saved new best weights to best_model_seed4.pth (EMA validation loss without trend: 0.798779).
Epoch [9/100] | Total Loss: 1.0776 | Aux Loss: 0.1880 | Train Mixed Loss: 0.8896 (Base: 0.3079, Trend: 0.1557, DTW: 0.1415, TopK: 0.5471) | Val Mixed Loss (No Trend): 0.7745 (Base: 0.2964, DTW: 0.1386, TopK: 0.4848) | EMA Val Loss (No Trend): 0.792697 | LR: 1.96e-04
Saved new best weights to best_model_seed4.pth (EMA validation loss without trend: 0.792697).
Epoch [10/100] | Total Loss: 1.0661 | Aux Loss: 0.1886 | Train Mixed Loss: 0.8775 (Base: 0.3053, Trend: 0.1544, DTW: 0.1392, TopK: 0.5366) | Val Mixed Loss (No Trend): 0.7422 (Base: 0.2856, DTW: 0.1289, TopK: 0.4905) | EMA Val Loss (No Trend): 0.780060 | LR: 1.95e-04
Saved new best weights to best_model_seed4.pth (EMA validation loss without trend: 0.780060).
Epoch [11/100] | Total Loss: 1.0564 | Aux Loss: 0.1861 | Train Mixed Loss: 0.8703 (Base: 0.3040, Trend: 0.1533, DTW: 0.1375, TopK: 0.5324) | Val Mixed Loss (No Trend): 0.7639 (Base: 0.2854, DTW: 0.1360, TopK: 0.5071) | EMA Val Loss (No Trend): 0.776031 | LR: 1.94e-04
Saved new best weights to best_model_seed4.pth (EMA validation loss without trend: 0.776031).
Epoch [12/100] | Total Loss: 1.0467 | Aux Loss: 0.1858 | Train Mixed Loss: 0.8609 (Base: 0.3015, Trend: 0.1529, DTW: 0.1350, TopK: 0.5296) | Val Mixed Loss (No Trend): 0.7441 (Base: 0.2822, DTW: 0.1315, TopK: 0.4872) | EMA Val Loss (No Trend): 0.768047 | LR: 1.93e-04
Saved new best weights to best_model_seed4.pth (EMA validation loss without trend: 0.768047).
Epoch [13/100] | Total Loss: 1.0500 | Aux Loss: 0.1834 | Train Mixed Loss: 0.8665 (Base: 0.3037, Trend: 0.1540, DTW: 0.1360, TopK: 0.5312) | Val Mixed Loss (No Trend): 0.7520 (Base: 0.2877, DTW: 0.1335, TopK: 0.4796) | EMA Val Loss (No Trend): 0.764043 | LR: 1.92e-04
Saved new best weights to best_model_seed4.pth (EMA validation loss without trend: 0.764043).
Epoch [14/100] | Total Loss: 1.0346 | Aux Loss: 0.1828 | Train Mixed Loss: 0.8517 (Base: 0.2991, Trend: 0.1524, DTW: 0.1329, TopK: 0.5249) | Val Mixed Loss (No Trend): 0.7551 (Base: 0.2880, DTW: 0.1328, TopK: 0.4947) | EMA Val Loss (No Trend): 0.761819 | LR: 1.91e-04
Saved new best weights to best_model_seed4.pth (EMA validation loss without trend: 0.761819).
Epoch [15/100] | Total Loss: 1.0319 | Aux Loss: 0.1829 | Train Mixed Loss: 0.8490 (Base: 0.2987, Trend: 0.1531, DTW: 0.1318, TopK: 0.5245) | Val Mixed Loss (No Trend): 0.7553 (Base: 0.2863, DTW: 0.1343, TopK: 0.4888) | EMA Val Loss (No Trend): 0.760198 | LR: 1.89e-04
Saved new best weights to best_model_seed4.pth (EMA validation loss without trend: 0.760198).
Epoch [16/100] | Total Loss: 1.0350 | Aux Loss: 0.1831 | Train Mixed Loss: 0.8519 (Base: 0.2992, Trend: 0.1528, DTW: 0.1325, TopK: 0.5278) | Val Mixed Loss (No Trend): 0.7483 (Base: 0.2870, DTW: 0.1329, TopK: 0.4744) | EMA Val Loss (No Trend): 0.757235 | LR: 1.88e-04
Saved new best weights to best_model_seed4.pth (EMA validation loss without trend: 0.757235).
Epoch [17/100] | Total Loss: 1.0216 | Aux Loss: 0.1806 | Train Mixed Loss: 0.8410 (Base: 0.2964, Trend: 0.1522, DTW: 0.1301, TopK: 0.5202) | Val Mixed Loss (No Trend): 0.7492 (Base: 0.2843, DTW: 0.1297, TopK: 0.5123) | EMA Val Loss (No Trend): 0.755223 | LR: 1.86e-04
Saved new best weights to best_model_seed4.pth (EMA validation loss without trend: 0.755223).
Epoch [18/100] | Total Loss: 1.0238 | Aux Loss: 0.1810 | Train Mixed Loss: 0.8428 (Base: 0.2973, Trend: 0.1526, DTW: 0.1301, TopK: 0.5232) | Val Mixed Loss (No Trend): 0.7434 (Base: 0.2827, DTW: 0.1288, TopK: 0.5054) | EMA Val Loss (No Trend): 0.752266 | LR: 1.85e-04
Saved new best weights to best_model_seed4.pth (EMA validation loss without trend: 0.752266).
Epoch [19/100] | Total Loss: 1.0205 | Aux Loss: 0.1813 | Train Mixed Loss: 0.8392 (Base: 0.2969, Trend: 0.1531, DTW: 0.1291, TopK: 0.5197) | Val Mixed Loss (No Trend): 0.7527 (Base: 0.2906, DTW: 0.1359, TopK: 0.4535) | EMA Val Loss (No Trend): 0.752374 | LR: 1.83e-04
Epoch [20/100] | Total Loss: 1.0090 | Aux Loss: 0.1781 | Train Mixed Loss: 0.8309 (Base: 0.2937, Trend: 0.1520, DTW: 0.1273, TopK: 0.5187) | Val Mixed Loss (No Trend): 0.7456 (Base: 0.2956, DTW: 0.1300, TopK: 0.4601) | EMA Val Loss (No Trend): 0.750680 | LR: 1.81e-04
Saved new best weights to best_model_seed4.pth (EMA validation loss without trend: 0.750680).
Epoch [21/100] | Total Loss: 1.0062 | Aux Loss: 0.1779 | Train Mixed Loss: 0.8284 (Base: 0.2939, Trend: 0.1516, DTW: 0.1268, TopK: 0.5146) | Val Mixed Loss (No Trend): 0.7228 (Base: 0.2804, DTW: 0.1227, TopK: 0.4929) | EMA Val Loss (No Trend): 0.743718 | LR: 1.79e-04
Saved new best weights to best_model_seed4.pth (EMA validation loss without trend: 0.743718).
Epoch [22/100] | Total Loss: 1.0002 | Aux Loss: 0.1773 | Train Mixed Loss: 0.8230 (Base: 0.2927, Trend: 0.1521, DTW: 0.1251, TopK: 0.5128) | Val Mixed Loss (No Trend): 0.7305 (Base: 0.2842, DTW: 0.1267, TopK: 0.4738) | EMA Val Loss (No Trend): 0.740411 | LR: 1.77e-04
Saved new best weights to best_model_seed4.pth (EMA validation loss without trend: 0.740411).
Epoch [23/100] | Total Loss: 0.9970 | Aux Loss: 0.1779 | Train Mixed Loss: 0.8191 (Base: 0.2910, Trend: 0.1510, DTW: 0.1247, TopK: 0.5108) | Val Mixed Loss (No Trend): 0.7416 (Base: 0.2868, DTW: 0.1305, TopK: 0.4719) | EMA Val Loss (No Trend): 0.740712 | LR: 1.75e-04
Epoch [24/100] | Total Loss: 0.9968 | Aux Loss: 0.1775 | Train Mixed Loss: 0.8193 (Base: 0.2916, Trend: 0.1513, DTW: 0.1242, TopK: 0.5128) | Val Mixed Loss (No Trend): 0.7264 (Base: 0.2827, DTW: 0.1251, TopK: 0.4781) | EMA Val Loss (No Trend): 0.737141 | LR: 1.73e-04
Saved new best weights to best_model_seed4.pth (EMA validation loss without trend: 0.737141).
Epoch [25/100] | Total Loss: 0.9789 | Aux Loss: 0.1748 | Train Mixed Loss: 0.8041 (Base: 0.2874, Trend: 0.1501, DTW: 0.1210, TopK: 0.5038) | Val Mixed Loss (No Trend): 0.7319 (Base: 0.2813, DTW: 0.1285, TopK: 0.4741) | EMA Val Loss (No Trend): 0.735822 | LR: 1.71e-04
Saved new best weights to best_model_seed4.pth (EMA validation loss without trend: 0.735822).
Epoch [26/100] | Total Loss: 0.9902 | Aux Loss: 0.1756 | Train Mixed Loss: 0.8147 (Base: 0.2901, Trend: 0.1516, DTW: 0.1233, TopK: 0.5095) | Val Mixed Loss (No Trend): 0.7449 (Base: 0.2883, DTW: 0.1320, TopK: 0.4661) | EMA Val Loss (No Trend): 0.738090 | LR: 1.69e-04
Epoch [27/100] | Total Loss: 0.9855 | Aux Loss: 0.1754 | Train Mixed Loss: 0.8101 (Base: 0.2888, Trend: 0.1505, DTW: 0.1226, TopK: 0.5058) | Val Mixed Loss (No Trend): 0.7291 (Base: 0.2779, DTW: 0.1276, TopK: 0.4830) | EMA Val Loss (No Trend): 0.735846 | LR: 1.66e-04
Epoch [28/100] | Total Loss: 0.9874 | Aux Loss: 0.1754 | Train Mixed Loss: 0.8119 (Base: 0.2892, Trend: 0.1517, DTW: 0.1225, TopK: 0.5097) | Val Mixed Loss (No Trend): 0.7358 (Base: 0.2856, DTW: 0.1278, TopK: 0.4784) | EMA Val Loss (No Trend): 0.735834 | LR: 1.64e-04
Epoch [29/100] | Total Loss: 0.9819 | Aux Loss: 0.1750 | Train Mixed Loss: 0.8068 (Base: 0.2881, Trend: 0.1511, DTW: 0.1215, TopK: 0.5049) | Val Mixed Loss (No Trend): 0.7263 (Base: 0.2827, DTW: 0.1255, TopK: 0.4745) | EMA Val Loss (No Trend): 0.733449 | LR: 1.61e-04
Saved new best weights to best_model_seed4.pth (EMA validation loss without trend: 0.733449).
Epoch [30/100] | Total Loss: 0.9726 | Aux Loss: 0.1714 | Train Mixed Loss: 0.8013 (Base: 0.2866, Trend: 0.1503, DTW: 0.1198, TopK: 0.5068) | Val Mixed Loss (No Trend): 0.7172 (Base: 0.2790, DTW: 0.1241, TopK: 0.4681) | EMA Val Loss (No Trend): 0.729396 | LR: 1.59e-04
Saved new best weights to best_model_seed4.pth (EMA validation loss without trend: 0.729396).
Epoch [31/100] | Total Loss: 0.9785 | Aux Loss: 0.1746 | Train Mixed Loss: 0.8038 (Base: 0.2876, Trend: 0.1513, DTW: 0.1205, TopK: 0.5050) | Val Mixed Loss (No Trend): 0.7350 (Base: 0.2804, DTW: 0.1268, TopK: 0.5010) | EMA Val Loss (No Trend): 0.730798 | LR: 1.56e-04
Epoch [32/100] | Total Loss: 0.9705 | Aux Loss: 0.1736 | Train Mixed Loss: 0.7969 (Base: 0.2856, Trend: 0.1506, DTW: 0.1190, TopK: 0.5014) | Val Mixed Loss (No Trend): 0.7213 (Base: 0.2804, DTW: 0.1257, TopK: 0.4644) | EMA Val Loss (No Trend): 0.728422 | LR: 1.54e-04
Saved new best weights to best_model_seed4.pth (EMA validation loss without trend: 0.728422).
Epoch [33/100] | Total Loss: 0.9640 | Aux Loss: 0.1721 | Train Mixed Loss: 0.7918 (Base: 0.2840, Trend: 0.1502, DTW: 0.1180, TopK: 0.4981) | Val Mixed Loss (No Trend): 0.7268 (Base: 0.2813, DTW: 0.1262, TopK: 0.4752) | EMA Val Loss (No Trend): 0.728008 | LR: 1.51e-04
Saved new best weights to best_model_seed4.pth (EMA validation loss without trend: 0.728008).
Epoch [34/100] | Total Loss: 0.9648 | Aux Loss: 0.1719 | Train Mixed Loss: 0.7929 (Base: 0.2848, Trend: 0.1506, DTW: 0.1180, TopK: 0.4989) | Val Mixed Loss (No Trend): 0.7421 (Base: 0.2924, DTW: 0.1317, TopK: 0.4449) | EMA Val Loss (No Trend): 0.731528 | LR: 1.48e-04
Epoch [35/100] | Total Loss: 0.9556 | Aux Loss: 0.1710 | Train Mixed Loss: 0.7846 (Base: 0.2824, Trend: 0.1505, DTW: 0.1161, TopK: 0.4940) | Val Mixed Loss (No Trend): 0.7115 (Base: 0.2754, DTW: 0.1224, TopK: 0.4744) | EMA Val Loss (No Trend): 0.726529 | LR: 1.46e-04
Saved new best weights to best_model_seed4.pth (EMA validation loss without trend: 0.726529).
Epoch [36/100] | Total Loss: 0.9492 | Aux Loss: 0.1704 | Train Mixed Loss: 0.7788 (Base: 0.2808, Trend: 0.1498, DTW: 0.1148, TopK: 0.4923) | Val Mixed Loss (No Trend): 0.7234 (Base: 0.2784, DTW: 0.1263, TopK: 0.4731) | EMA Val Loss (No Trend): 0.725751 | LR: 1.43e-04
Saved new best weights to best_model_seed4.pth (EMA validation loss without trend: 0.725751).
Epoch [37/100] | Total Loss: 0.9505 | Aux Loss: 0.1686 | Train Mixed Loss: 0.7819 (Base: 0.2819, Trend: 0.1497, DTW: 0.1153, TopK: 0.4947) | Val Mixed Loss (No Trend): 0.7335 (Base: 0.2838, DTW: 0.1282, TopK: 0.4734) | EMA Val Loss (No Trend): 0.727680 | LR: 1.40e-04
Epoch [38/100] | Total Loss: 0.9520 | Aux Loss: 0.1703 | Train Mixed Loss: 0.7817 (Base: 0.2816, Trend: 0.1494, DTW: 0.1157, TopK: 0.4920) | Val Mixed Loss (No Trend): 0.7242 (Base: 0.2815, DTW: 0.1253, TopK: 0.4733) | EMA Val Loss (No Trend): 0.726814 | LR: 1.37e-04
Epoch [39/100] | Total Loss: 0.9402 | Aux Loss: 0.1694 | Train Mixed Loss: 0.7708 (Base: 0.2787, Trend: 0.1495, DTW: 0.1131, TopK: 0.4862) | Val Mixed Loss (No Trend): 0.7343 (Base: 0.2811, DTW: 0.1280, TopK: 0.4870) | EMA Val Loss (No Trend): 0.728696 | LR: 1.34e-04
Epoch [40/100] | Total Loss: 0.9442 | Aux Loss: 0.1693 | Train Mixed Loss: 0.7749 (Base: 0.2796, Trend: 0.1498, DTW: 0.1136, TopK: 0.4925) | Val Mixed Loss (No Trend): 0.7242 (Base: 0.2813, DTW: 0.1260, TopK: 0.4688) | EMA Val Loss (No Trend): 0.727580 | LR: 1.31e-04
Epoch [41/100] | Total Loss: 0.9352 | Aux Loss: 0.1680 | Train Mixed Loss: 0.7673 (Base: 0.2766, Trend: 0.1498, DTW: 0.1119, TopK: 0.4908) | Val Mixed Loss (No Trend): 0.7310 (Base: 0.2867, DTW: 0.1283, TopK: 0.4550) | EMA Val Loss (No Trend): 0.728443 | LR: 1.28e-04
Epoch [42/100] | Total Loss: 0.9379 | Aux Loss: 0.1678 | Train Mixed Loss: 0.7701 (Base: 0.2783, Trend: 0.1505, DTW: 0.1126, TopK: 0.4877) | Val Mixed Loss (No Trend): 0.7205 (Base: 0.2795, DTW: 0.1239, TopK: 0.4790) | EMA Val Loss (No Trend): 0.726450 | LR: 1.25e-04
Epoch [43/100] | Total Loss: 0.9344 | Aux Loss: 0.1682 | Train Mixed Loss: 0.7662 (Base: 0.2765, Trend: 0.1493, DTW: 0.1120, TopK: 0.4870) | Val Mixed Loss (No Trend): 0.7421 (Base: 0.2893, DTW: 0.1318, TopK: 0.4546) | EMA Val Loss (No Trend): 0.730355 | LR: 1.22e-04
Epoch [44/100] | Total Loss: 0.9292 | Aux Loss: 0.1680 | Train Mixed Loss: 0.7612 (Base: 0.2767, Trend: 0.1498, DTW: 0.1104, TopK: 0.4822) | Val Mixed Loss (No Trend): 0.7372 (Base: 0.2875, DTW: 0.1289, TopK: 0.4678) | EMA Val Loss (No Trend): 0.732070 | LR: 1.19e-04
Epoch [45/100] | Total Loss: 0.9298 | Aux Loss: 0.1669 | Train Mixed Loss: 0.7629 (Base: 0.2762, Trend: 0.1495, DTW: 0.1107, TopK: 0.4875) | Val Mixed Loss (No Trend): 0.7309 (Base: 0.2825, DTW: 0.1284, TopK: 0.4675) | EMA Val Loss (No Trend): 0.731782 | LR: 1.16e-04
Epoch [46/100] | Total Loss: 0.9269 | Aux Loss: 0.1679 | Train Mixed Loss: 0.7590 (Base: 0.2753, Trend: 0.1507, DTW: 0.1099, TopK: 0.4821) | Val Mixed Loss (No Trend): 0.7081 (Base: 0.2772, DTW: 0.1231, TopK: 0.4517) | EMA Val Loss (No Trend): 0.725872 | LR: 1.13e-04
Epoch [47/100] | Total Loss: 0.9215 | Aux Loss: 0.1675 | Train Mixed Loss: 0.7540 (Base: 0.2738, Trend: 0.1488, DTW: 0.1092, TopK: 0.4794) | Val Mixed Loss (No Trend): 0.7250 (Base: 0.2837, DTW: 0.1266, TopK: 0.4582) | EMA Val Loss (No Trend): 0.725653 | LR: 1.10e-04
Saved new best weights to best_model_seed4.pth (EMA validation loss without trend: 0.725653).
Epoch [48/100] | Total Loss: 0.9140 | Aux Loss: 0.1649 | Train Mixed Loss: 0.7491 (Base: 0.2720, Trend: 0.1487, DTW: 0.1082, TopK: 0.4765) | Val Mixed Loss (No Trend): 0.7212 (Base: 0.2812, DTW: 0.1253, TopK: 0.4643) | EMA Val Loss (No Trend): 0.724544 | LR: 1.07e-04
Saved new best weights to best_model_seed4.pth (EMA validation loss without trend: 0.724544).
Epoch [49/100] | Total Loss: 0.9129 | Aux Loss: 0.1662 | Train Mixed Loss: 0.7467 (Base: 0.2717, Trend: 0.1492, DTW: 0.1070, TopK: 0.4784) | Val Mixed Loss (No Trend): 0.7454 (Base: 0.2928, DTW: 0.1329, TopK: 0.4450) | EMA Val Loss (No Trend): 0.729749 | LR: 1.04e-04
Epoch [50/100] | Total Loss: 0.9142 | Aux Loss: 0.1658 | Train Mixed Loss: 0.7484 (Base: 0.2723, Trend: 0.1491, DTW: 0.1075, TopK: 0.4785) | Val Mixed Loss (No Trend): 0.7124 (Base: 0.2768, DTW: 0.1232, TopK: 0.4661) | EMA Val Loss (No Trend): 0.725401 | LR: 1.01e-04
Epoch [51/100] | Total Loss: 0.9125 | Aux Loss: 0.1652 | Train Mixed Loss: 0.7473 (Base: 0.2717, Trend: 0.1499, DTW: 0.1073, TopK: 0.4773) | Val Mixed Loss (No Trend): 0.7407 (Base: 0.2880, DTW: 0.1305, TopK: 0.4646) | EMA Val Loss (No Trend): 0.729217 | LR: 9.74e-05
Epoch [52/100] | Total Loss: 0.9083 | Aux Loss: 0.1649 | Train Mixed Loss: 0.7434 (Base: 0.2716, Trend: 0.1488, DTW: 0.1067, TopK: 0.4711) | Val Mixed Loss (No Trend): 0.7288 (Base: 0.2861, DTW: 0.1279, TopK: 0.4524) | EMA Val Loss (No Trend): 0.729111 | LR: 9.43e-05
Epoch [53/100] | Total Loss: 0.9019 | Aux Loss: 0.1626 | Train Mixed Loss: 0.7394 (Base: 0.2694, Trend: 0.1492, DTW: 0.1056, TopK: 0.4732) | Val Mixed Loss (No Trend): 0.7145 (Base: 0.2779, DTW: 0.1239, TopK: 0.4643) | EMA Val Loss (No Trend): 0.725471 | LR: 9.11e-05
Epoch [54/100] | Total Loss: 0.9012 | Aux Loss: 0.1639 | Train Mixed Loss: 0.7373 (Base: 0.2688, Trend: 0.1489, DTW: 0.1053, TopK: 0.4714) | Val Mixed Loss (No Trend): 0.7231 (Base: 0.2790, DTW: 0.1262, TopK: 0.4703) | EMA Val Loss (No Trend): 0.724877 | LR: 8.80e-05
Epoch [55/100] | Total Loss: 0.9039 | Aux Loss: 0.1636 | Train Mixed Loss: 0.7402 (Base: 0.2695, Trend: 0.1498, DTW: 0.1057, TopK: 0.4739) | Val Mixed Loss (No Trend): 0.7098 (Base: 0.2733, DTW: 0.1232, TopK: 0.4695) | EMA Val Loss (No Trend): 0.721114 | LR: 8.49e-05
Saved new best weights to best_model_seed4.pth (EMA validation loss without trend: 0.721114).
Epoch [56/100] | Total Loss: 0.8972 | Aux Loss: 0.1662 | Train Mixed Loss: 0.7310 (Base: 0.2677, Trend: 0.1491, DTW: 0.1035, TopK: 0.4684) | Val Mixed Loss (No Trend): 0.7271 (Base: 0.2820, DTW: 0.1279, TopK: 0.4605) | EMA Val Loss (No Trend): 0.722620 | LR: 8.19e-05
Epoch [57/100] | Total Loss: 0.8921 | Aux Loss: 0.1639 | Train Mixed Loss: 0.7282 (Base: 0.2668, Trend: 0.1486, DTW: 0.1030, TopK: 0.4664) | Val Mixed Loss (No Trend): 0.7422 (Base: 0.2910, DTW: 0.1314, TopK: 0.4525) | EMA Val Loss (No Trend): 0.727515 | LR: 7.88e-05
Epoch [58/100] | Total Loss: 0.8920 | Aux Loss: 0.1634 | Train Mixed Loss: 0.7286 (Base: 0.2673, Trend: 0.1499, DTW: 0.1025, TopK: 0.4675) | Val Mixed Loss (No Trend): 0.7185 (Base: 0.2830, DTW: 0.1250, TopK: 0.4514) | EMA Val Loss (No Trend): 0.725256 | LR: 7.58e-05
Epoch [59/100] | Total Loss: 0.8894 | Aux Loss: 0.1638 | Train Mixed Loss: 0.7255 (Base: 0.2658, Trend: 0.1494, DTW: 0.1021, TopK: 0.4662) | Val Mixed Loss (No Trend): 0.7161 (Base: 0.2769, DTW: 0.1237, TopK: 0.4739) | EMA Val Loss (No Trend): 0.722961 | LR: 7.27e-05
Epoch [60/100] | Total Loss: 0.8882 | Aux Loss: 0.1637 | Train Mixed Loss: 0.7245 (Base: 0.2657, Trend: 0.1496, DTW: 0.1019, TopK: 0.4646) | Val Mixed Loss (No Trend): 0.7137 (Base: 0.2771, DTW: 0.1248, TopK: 0.4574) | EMA Val Loss (No Trend): 0.720658 | LR: 6.98e-05
Saved new best weights to best_model_seed4.pth (EMA validation loss without trend: 0.720658).
Epoch [61/100] | Total Loss: 0.8824 | Aux Loss: 0.1628 | Train Mixed Loss: 0.7195 (Base: 0.2640, Trend: 0.1488, DTW: 0.1009, TopK: 0.4628) | Val Mixed Loss (No Trend): 0.7104 (Base: 0.2760, DTW: 0.1236, TopK: 0.4591) | EMA Val Loss (No Trend): 0.718094 | LR: 6.68e-05
Saved new best weights to best_model_seed4.pth (EMA validation loss without trend: 0.718094).
Epoch [62/100] | Total Loss: 0.8817 | Aux Loss: 0.1617 | Train Mixed Loss: 0.7199 (Base: 0.2639, Trend: 0.1488, DTW: 0.1010, TopK: 0.4643) | Val Mixed Loss (No Trend): 0.7252 (Base: 0.2829, DTW: 0.1277, TopK: 0.4529) | EMA Val Loss (No Trend): 0.719871 | LR: 6.39e-05
Epoch [63/100] | Total Loss: 0.8764 | Aux Loss: 0.1619 | Train Mixed Loss: 0.7146 (Base: 0.2627, Trend: 0.1487, DTW: 0.0999, TopK: 0.4596) | Val Mixed Loss (No Trend): 0.7188 (Base: 0.2780, DTW: 0.1250, TopK: 0.4690) | EMA Val Loss (No Trend): 0.719613 | LR: 6.10e-05
Epoch [64/100] | Total Loss: 0.8714 | Aux Loss: 0.1608 | Train Mixed Loss: 0.7106 (Base: 0.2615, Trend: 0.1487, DTW: 0.0988, TopK: 0.4589) | Val Mixed Loss (No Trend): 0.7150 (Base: 0.2763, DTW: 0.1250, TopK: 0.4625) | EMA Val Loss (No Trend): 0.718448 | LR: 5.81e-05
Epoch [65/100] | Total Loss: 0.8663 | Aux Loss: 0.1595 | Train Mixed Loss: 0.7068 (Base: 0.2605, Trend: 0.1485, DTW: 0.0979, TopK: 0.4567) | Val Mixed Loss (No Trend): 0.7184 (Base: 0.2789, DTW: 0.1253, TopK: 0.4624) | EMA Val Loss (No Trend): 0.718427 | LR: 5.53e-05
Epoch [66/100] | Total Loss: 0.8728 | Aux Loss: 0.1626 | Train Mixed Loss: 0.7102 (Base: 0.2620, Trend: 0.1493, DTW: 0.0985, TopK: 0.4570) | Val Mixed Loss (No Trend): 0.7281 (Base: 0.2839, DTW: 0.1268, TopK: 0.4664) | EMA Val Loss (No Trend): 0.720853 | LR: 5.26e-05
Epoch [67/100] | Total Loss: 0.8685 | Aux Loss: 0.1602 | Train Mixed Loss: 0.7083 (Base: 0.2614, Trend: 0.1491, DTW: 0.0980, TopK: 0.4571) | Val Mixed Loss (No Trend): 0.7140 (Base: 0.2793, DTW: 0.1230, TopK: 0.4651) | EMA Val Loss (No Trend): 0.719137 | LR: 4.99e-05
Epoch [68/100] | Total Loss: 0.8657 | Aux Loss: 0.1605 | Train Mixed Loss: 0.7052 (Base: 0.2599, Trend: 0.1489, DTW: 0.0975, TopK: 0.4562) | Val Mixed Loss (No Trend): 0.7212 (Base: 0.2818, DTW: 0.1264, TopK: 0.4537) | EMA Val Loss (No Trend): 0.719665 | LR: 4.72e-05
Epoch [69/100] | Total Loss: 0.8666 | Aux Loss: 0.1607 | Train Mixed Loss: 0.7058 (Base: 0.2603, Trend: 0.1495, DTW: 0.0975, TopK: 0.4565) | Val Mixed Loss (No Trend): 0.7244 (Base: 0.2813, DTW: 0.1268, TopK: 0.4630) | EMA Val Loss (No Trend): 0.720853 | LR: 4.46e-05
Epoch [70/100] | Total Loss: 0.8627 | Aux Loss: 0.1612 | Train Mixed Loss: 0.7015 (Base: 0.2590, Trend: 0.1487, DTW: 0.0969, TopK: 0.4521) | Val Mixed Loss (No Trend): 0.7236 (Base: 0.2800, DTW: 0.1260, TopK: 0.4708) | EMA Val Loss (No Trend): 0.721541 | LR: 4.20e-05
Epoch [71/100] | Total Loss: 0.8671 | Aux Loss: 0.1614 | Train Mixed Loss: 0.7057 (Base: 0.2606, Trend: 0.1495, DTW: 0.0975, TopK: 0.4549) | Val Mixed Loss (No Trend): 0.7223 (Base: 0.2827, DTW: 0.1274, TopK: 0.4462) | EMA Val Loss (No Trend): 0.721738 | LR: 3.95e-05
Epoch [72/100] | Total Loss: 0.8593 | Aux Loss: 0.1602 | Train Mixed Loss: 0.6991 (Base: 0.2576, Trend: 0.1486, DTW: 0.0966, TopK: 0.4510) | Val Mixed Loss (No Trend): 0.7283 (Base: 0.2811, DTW: 0.1273, TopK: 0.4724) | EMA Val Loss (No Trend): 0.723381 | LR: 3.71e-05
Epoch [73/100] | Total Loss: 0.8571 | Aux Loss: 0.1608 | Train Mixed Loss: 0.6962 (Base: 0.2571, Trend: 0.1492, DTW: 0.0956, TopK: 0.4501) | Val Mixed Loss (No Trend): 0.7118 (Base: 0.2780, DTW: 0.1235, TopK: 0.4582) | EMA Val Loss (No Trend): 0.720488 | LR: 3.47e-05
Epoch [74/100] | Total Loss: 0.8580 | Aux Loss: 0.1601 | Train Mixed Loss: 0.6979 (Base: 0.2581, Trend: 0.1493, DTW: 0.0957, TopK: 0.4514) | Val Mixed Loss (No Trend): 0.7110 (Base: 0.2766, DTW: 0.1231, TopK: 0.4632) | EMA Val Loss (No Trend): 0.718128 | LR: 3.24e-05
Epoch [75/100] | Total Loss: 0.8588 | Aux Loss: 0.1608 | Train Mixed Loss: 0.6980 (Base: 0.2579, Trend: 0.1494, DTW: 0.0958, TopK: 0.4515) | Val Mixed Loss (No Trend): 0.7263 (Base: 0.2821, DTW: 0.1270, TopK: 0.4643) | EMA Val Loss (No Trend): 0.720181 | LR: 3.01e-05
Epoch [76/100] | Total Loss: 0.8529 | Aux Loss: 0.1595 | Train Mixed Loss: 0.6934 (Base: 0.2569, Trend: 0.1490, DTW: 0.0951, TopK: 0.4463) | Val Mixed Loss (No Trend): 0.7215 (Base: 0.2818, DTW: 0.1256, TopK: 0.4610) | EMA Val Loss (No Trend): 0.720510 | LR: 2.80e-05
Epoch [77/100] | Total Loss: 0.8587 | Aux Loss: 0.1618 | Train Mixed Loss: 0.6970 (Base: 0.2576, Trend: 0.1500, DTW: 0.0955, TopK: 0.4508) | Val Mixed Loss (No Trend): 0.7215 (Base: 0.2799, DTW: 0.1269, TopK: 0.4573) | EMA Val Loss (No Trend): 0.720768 | LR: 2.59e-05
Epoch [78/100] | Total Loss: 0.8529 | Aux Loss: 0.1596 | Train Mixed Loss: 0.6933 (Base: 0.2558, Trend: 0.1491, DTW: 0.0951, TopK: 0.4491) | Val Mixed Loss (No Trend): 0.7172 (Base: 0.2793, DTW: 0.1245, TopK: 0.4635) | EMA Val Loss (No Trend): 0.719875 | LR: 2.38e-05
Epoch [79/100] | Total Loss: 0.8427 | Aux Loss: 0.1576 | Train Mixed Loss: 0.6851 (Base: 0.2536, Trend: 0.1484, DTW: 0.0932, TopK: 0.4455) | Val Mixed Loss (No Trend): 0.7229 (Base: 0.2819, DTW: 0.1270, TopK: 0.4539) | EMA Val Loss (No Trend): 0.720631 | LR: 2.19e-05
Epoch [80/100] | Total Loss: 0.8467 | Aux Loss: 0.1586 | Train Mixed Loss: 0.6881 (Base: 0.2547, Trend: 0.1499, DTW: 0.0934, TopK: 0.4474) | Val Mixed Loss (No Trend): 0.7084 (Base: 0.2762, DTW: 0.1224, TopK: 0.4612) | EMA Val Loss (No Trend): 0.717563 | LR: 2.00e-05
Saved new best weights to best_model_seed4.pth (EMA validation loss without trend: 0.717563).
Epoch [81/100] | Total Loss: 0.8461 | Aux Loss: 0.1595 | Train Mixed Loss: 0.6867 (Base: 0.2551, Trend: 0.1500, DTW: 0.0927, TopK: 0.4467) | Val Mixed Loss (No Trend): 0.7096 (Base: 0.2773, DTW: 0.1235, TopK: 0.4530) | EMA Val Loss (No Trend): 0.715575 | LR: 1.82e-05
Saved new best weights to best_model_seed4.pth (EMA validation loss without trend: 0.715575).
Epoch [82/100] | Total Loss: 0.8445 | Aux Loss: 0.1593 | Train Mixed Loss: 0.6852 (Base: 0.2540, Trend: 0.1491, DTW: 0.0928, TopK: 0.4460) | Val Mixed Loss (No Trend): 0.7243 (Base: 0.2816, DTW: 0.1274, TopK: 0.4563) | EMA Val Loss (No Trend): 0.717755 | LR: 1.65e-05
Epoch [83/100] | Total Loss: 0.8429 | Aux Loss: 0.1588 | Train Mixed Loss: 0.6841 (Base: 0.2535, Trend: 0.1487, DTW: 0.0931, TopK: 0.4430) | Val Mixed Loss (No Trend): 0.7327 (Base: 0.2846, DTW: 0.1292, TopK: 0.4601) | EMA Val Loss (No Trend): 0.721495 | LR: 1.49e-05
Epoch [84/100] | Total Loss: 0.8398 | Aux Loss: 0.1580 | Train Mixed Loss: 0.6818 (Base: 0.2533, Trend: 0.1492, DTW: 0.0919, TopK: 0.4439) | Val Mixed Loss (No Trend): 0.7128 (Base: 0.2793, DTW: 0.1232, TopK: 0.4589) | EMA Val Loss (No Trend): 0.719312 | LR: 1.33e-05
Epoch [85/100] | Total Loss: 0.8374 | Aux Loss: 0.1580 | Train Mixed Loss: 0.6794 (Base: 0.2528, Trend: 0.1490, DTW: 0.0913, TopK: 0.4432) | Val Mixed Loss (No Trend): 0.7128 (Base: 0.2772, DTW: 0.1244, TopK: 0.4568) | EMA Val Loss (No Trend): 0.717680 | LR: 1.18e-05
Epoch [86/100] | Total Loss: 0.8374 | Aux Loss: 0.1594 | Train Mixed Loss: 0.6780 (Base: 0.2519, Trend: 0.1487, DTW: 0.0916, TopK: 0.4400) | Val Mixed Loss (No Trend): 0.7254 (Base: 0.2818, DTW: 0.1278, TopK: 0.4562) | EMA Val Loss (No Trend): 0.719612 | LR: 1.05e-05
Epoch [87/100] | Total Loss: 0.8389 | Aux Loss: 0.1591 | Train Mixed Loss: 0.6798 (Base: 0.2529, Trend: 0.1492, DTW: 0.0914, TopK: 0.4432) | Val Mixed Loss (No Trend): 0.7169 (Base: 0.2815, DTW: 0.1253, TopK: 0.4487) | EMA Val Loss (No Trend): 0.718940 | LR: 9.18e-06
Epoch [88/100] | Total Loss: 0.8404 | Aux Loss: 0.1587 | Train Mixed Loss: 0.6817 (Base: 0.2532, Trend: 0.1494, DTW: 0.0922, TopK: 0.4415) | Val Mixed Loss (No Trend): 0.7149 (Base: 0.2795, DTW: 0.1251, TopK: 0.4504) | EMA Val Loss (No Trend): 0.717940 | LR: 7.99e-06
Epoch [89/100] | Total Loss: 0.8343 | Aux Loss: 0.1593 | Train Mixed Loss: 0.6750 (Base: 0.2510, Trend: 0.1487, DTW: 0.0906, TopK: 0.4406) | Val Mixed Loss (No Trend): 0.7215 (Base: 0.2810, DTW: 0.1256, TopK: 0.4635) | EMA Val Loss (No Trend): 0.718839 | LR: 6.88e-06
Epoch [90/100] | Total Loss: 0.8402 | Aux Loss: 0.1603 | Train Mixed Loss: 0.6799 (Base: 0.2527, Trend: 0.1493, DTW: 0.0917, TopK: 0.4417) | Val Mixed Loss (No Trend): 0.7218 (Base: 0.2808, DTW: 0.1257, TopK: 0.4646) | EMA Val Loss (No Trend): 0.719576 | LR: 5.87e-06
Epoch [91/100] | Total Loss: 0.8343 | Aux Loss: 0.1585 | Train Mixed Loss: 0.6758 (Base: 0.2519, Trend: 0.1490, DTW: 0.0907, TopK: 0.4393) | Val Mixed Loss (No Trend): 0.7102 (Base: 0.2789, DTW: 0.1235, TopK: 0.4501) | EMA Val Loss (No Trend): 0.717244 | LR: 4.95e-06
Epoch [92/100] | Total Loss: 0.8388 | Aux Loss: 0.1579 | Train Mixed Loss: 0.6810 (Base: 0.2530, Trend: 0.1490, DTW: 0.0920, TopK: 0.4423) | Val Mixed Loss (No Trend): 0.7087 (Base: 0.2776, DTW: 0.1229, TopK: 0.4540) | EMA Val Loss (No Trend): 0.715117 | LR: 4.13e-06
Saved new best weights to best_model_seed4.pth (EMA validation loss without trend: 0.715117).
Epoch [93/100] | Total Loss: 0.8377 | Aux Loss: 0.1591 | Train Mixed Loss: 0.6786 (Base: 0.2518, Trend: 0.1492, DTW: 0.0916, TopK: 0.4411) | Val Mixed Loss (No Trend): 0.7189 (Base: 0.2800, DTW: 0.1263, TopK: 0.4531) | EMA Val Loss (No Trend): 0.716071 | LR: 3.40e-06
Epoch [94/100] | Total Loss: 0.8329 | Aux Loss: 0.1574 | Train Mixed Loss: 0.6755 (Base: 0.2516, Trend: 0.1491, DTW: 0.0908, TopK: 0.4380) | Val Mixed Loss (No Trend): 0.7166 (Base: 0.2808, DTW: 0.1247, TopK: 0.4551) | EMA Val Loss (No Trend): 0.716210 | LR: 2.76e-06
Epoch [95/100] | Total Loss: 0.8358 | Aux Loss: 0.1575 | Train Mixed Loss: 0.6783 (Base: 0.2516, Trend: 0.1494, DTW: 0.0913, TopK: 0.4431) | Val Mixed Loss (No Trend): 0.7220 (Base: 0.2811, DTW: 0.1258, TopK: 0.4639) | EMA Val Loss (No Trend): 0.717666 | LR: 2.23e-06
Epoch [96/100] | Total Loss: 0.8369 | Aux Loss: 0.1597 | Train Mixed Loss: 0.6772 (Base: 0.2519, Trend: 0.1489, DTW: 0.0912, TopK: 0.4396) | Val Mixed Loss (No Trend): 0.7208 (Base: 0.2817, DTW: 0.1263, TopK: 0.4528) | EMA Val Loss (No Trend): 0.718441 | LR: 1.78e-06
Epoch [97/100] | Total Loss: 0.8299 | Aux Loss: 0.1578 | Train Mixed Loss: 0.6721 (Base: 0.2506, Trend: 0.1483, DTW: 0.0900, TopK: 0.4379) | Val Mixed Loss (No Trend): 0.7169 (Base: 0.2798, DTW: 0.1246, TopK: 0.4597) | EMA Val Loss (No Trend): 0.718051 | LR: 1.44e-06
Epoch [98/100] | Total Loss: 0.8312 | Aux Loss: 0.1564 | Train Mixed Loss: 0.6748 (Base: 0.2505, Trend: 0.1488, DTW: 0.0906, TopK: 0.4415) | Val Mixed Loss (No Trend): 0.7151 (Base: 0.2798, DTW: 0.1244, TopK: 0.4554) | EMA Val Loss (No Trend): 0.717323 | LR: 1.20e-06
Epoch [99/100] | Total Loss: 0.8380 | Aux Loss: 0.1593 | Train Mixed Loss: 0.6787 (Base: 0.2525, Trend: 0.1491, DTW: 0.0912, TopK: 0.4427) | Val Mixed Loss (No Trend): 0.7120 (Base: 0.2782, DTW: 0.1235, TopK: 0.4583) | EMA Val Loss (No Trend): 0.715995 | LR: 1.05e-06
Epoch [100/100] | Total Loss: 0.8333 | Aux Loss: 0.1571 | Train Mixed Loss: 0.6762 (Base: 0.2508, Trend: 0.1488, DTW: 0.0910, TopK: 0.4417) | Val Mixed Loss (No Trend): 0.7171 (Base: 0.2813, DTW: 0.1250, TopK: 0.4529) | EMA Val Loss (No Trend): 0.716267 | LR: 2.00e-04
