Starting experiment (seed=1)
Device: cuda
Building static profile features from historical data...
Loading lightweight encoder...
Total trainable parameters: 5,010,690
Epoch [1/100] | Total Loss: 1.3408 | Aux Loss: 0.2795 | Train Mixed Loss: 1.0613 (Base: 0.3441, Trend: 0.1652, DTW: 0.1906, TopK: 0.5903) | Val Mixed Loss (No Trend): 0.8562 (Base: 0.3178, DTW: 0.1609, TopK: 0.5073) | EMA Val Loss (No Trend): 0.856235 | LR: 2.00e-04
Saved new best weights to best_model_seed1.pth (EMA validation loss without trend: 0.856235).
Epoch [2/100] | Total Loss: 1.2101 | Aux Loss: 0.2188 | Train Mixed Loss: 0.9913 (Base: 0.3324, Trend: 0.1577, DTW: 0.1692, TopK: 0.5801) | Val Mixed Loss (No Trend): 0.8290 (Base: 0.3082, DTW: 0.1501, TopK: 0.5353) | EMA Val Loss (No Trend): 0.849424 | LR: 2.00e-04
Saved new best weights to best_model_seed1.pth (EMA validation loss without trend: 0.849424).
Epoch [3/100] | Total Loss: 1.1619 | Aux Loss: 0.2093 | Train Mixed Loss: 0.9526 (Base: 0.3237, Trend: 0.1556, DTW: 0.1588, TopK: 0.5665) | Val Mixed Loss (No Trend): 0.8095 (Base: 0.3006, DTW: 0.1516, TopK: 0.4833) | EMA Val Loss (No Trend): 0.839451 | LR: 2.00e-04
Saved new best weights to best_model_seed1.pth (EMA validation loss without trend: 0.839451).
Epoch [4/100] | Total Loss: 1.1323 | Aux Loss: 0.2017 | Train Mixed Loss: 0.9306 (Base: 0.3175, Trend: 0.1553, DTW: 0.1532, TopK: 0.5588) | Val Mixed Loss (No Trend): 0.8226 (Base: 0.3150, DTW: 0.1522, TopK: 0.4743) | EMA Val Loss (No Trend): 0.835228 | LR: 1.99e-04
Saved new best weights to best_model_seed1.pth (EMA validation loss without trend: 0.835228).
Epoch [5/100] | Total Loss: 1.1272 | Aux Loss: 0.1974 | Train Mixed Loss: 0.9298 (Base: 0.3186, Trend: 0.1564, DTW: 0.1523, TopK: 0.5581) | Val Mixed Loss (No Trend): 0.7925 (Base: 0.2941, DTW: 0.1430, TopK: 0.5173) | EMA Val Loss (No Trend): 0.824557 | LR: 1.99e-04
Saved new best weights to best_model_seed1.pth (EMA validation loss without trend: 0.824557).
Epoch [6/100] | Total Loss: 1.1106 | Aux Loss: 0.1946 | Train Mixed Loss: 0.9160 (Base: 0.3149, Trend: 0.1566, DTW: 0.1485, TopK: 0.5548) | Val Mixed Loss (No Trend): 0.7994 (Base: 0.3046, DTW: 0.1446, TopK: 0.4925) | EMA Val Loss (No Trend): 0.818260 | LR: 1.98e-04
Saved new best weights to best_model_seed1.pth (EMA validation loss without trend: 0.818260).
Epoch [7/100] | Total Loss: 1.1002 | Aux Loss: 0.1935 | Train Mixed Loss: 0.9067 (Base: 0.3128, Trend: 0.1570, DTW: 0.1458, TopK: 0.5520) | Val Mixed Loss (No Trend): 0.8094 (Base: 0.3079, DTW: 0.1471, TopK: 0.4952) | EMA Val Loss (No Trend): 0.816056 | LR: 1.98e-04
Saved new best weights to best_model_seed1.pth (EMA validation loss without trend: 0.816056).
Epoch [8/100] | Total Loss: 1.0875 | Aux Loss: 0.1905 | Train Mixed Loss: 0.8971 (Base: 0.3101, Trend: 0.1553, DTW: 0.1438, TopK: 0.5473) | Val Mixed Loss (No Trend): 0.7586 (Base: 0.2838, DTW: 0.1322, TopK: 0.5250) | EMA Val Loss (No Trend): 0.801697 | LR: 1.97e-04
Saved new best weights to best_model_seed1.pth (EMA validation loss without trend: 0.801697).
Epoch [9/100] | Total Loss: 1.0806 | Aux Loss: 0.1916 | Train Mixed Loss: 0.8890 (Base: 0.3084, Trend: 0.1555, DTW: 0.1417, TopK: 0.5423) | Val Mixed Loss (No Trend): 0.7696 (Base: 0.2955, DTW: 0.1357, TopK: 0.4941) | EMA Val Loss (No Trend): 0.793662 | LR: 1.96e-04
Saved new best weights to best_model_seed1.pth (EMA validation loss without trend: 0.793662).
Epoch [10/100] | Total Loss: 1.0791 | Aux Loss: 0.1906 | Train Mixed Loss: 0.8885 (Base: 0.3089, Trend: 0.1563, DTW: 0.1413, TopK: 0.5409) | Val Mixed Loss (No Trend): 0.7498 (Base: 0.2846, DTW: 0.1310, TopK: 0.5023) | EMA Val Loss (No Trend): 0.782687 | LR: 1.95e-04
Saved new best weights to best_model_seed1.pth (EMA validation loss without trend: 0.782687).
Epoch [11/100] | Total Loss: 1.0649 | Aux Loss: 0.1888 | Train Mixed Loss: 0.8761 (Base: 0.3052, Trend: 0.1545, DTW: 0.1389, TopK: 0.5345) | Val Mixed Loss (No Trend): 0.7686 (Base: 0.2902, DTW: 0.1364, TopK: 0.5039) | EMA Val Loss (No Trend): 0.779168 | LR: 1.94e-04
Saved new best weights to best_model_seed1.pth (EMA validation loss without trend: 0.779168).
Epoch [12/100] | Total Loss: 1.0609 | Aux Loss: 0.1882 | Train Mixed Loss: 0.8726 (Base: 0.3047, Trend: 0.1539, DTW: 0.1376, TopK: 0.5358) | Val Mixed Loss (No Trend): 0.7534 (Base: 0.2851, DTW: 0.1329, TopK: 0.4979) | EMA Val Loss (No Trend): 0.772720 | LR: 1.93e-04
Saved new best weights to best_model_seed1.pth (EMA validation loss without trend: 0.772720).
Epoch [13/100] | Total Loss: 1.0573 | Aux Loss: 0.1859 | Train Mixed Loss: 0.8714 (Base: 0.3042, Trend: 0.1541, DTW: 0.1373, TopK: 0.5352) | Val Mixed Loss (No Trend): 0.7877 (Base: 0.3048, DTW: 0.1431, TopK: 0.4648) | EMA Val Loss (No Trend): 0.776455 | LR: 1.92e-04
Epoch [14/100] | Total Loss: 1.0454 | Aux Loss: 0.1864 | Train Mixed Loss: 0.8590 (Base: 0.3012, Trend: 0.1538, DTW: 0.1340, TopK: 0.5312) | Val Mixed Loss (No Trend): 0.7658 (Base: 0.2947, DTW: 0.1367, TopK: 0.4765) | EMA Val Loss (No Trend): 0.773797 | LR: 1.91e-04
Epoch [15/100] | Total Loss: 1.0362 | Aux Loss: 0.1833 | Train Mixed Loss: 0.8529 (Base: 0.3000, Trend: 0.1527, DTW: 0.1330, TopK: 0.5248) | Val Mixed Loss (No Trend): 0.7615 (Base: 0.2931, DTW: 0.1347, TopK: 0.4836) | EMA Val Loss (No Trend): 0.770726 | LR: 1.89e-04
Saved new best weights to best_model_seed1.pth (EMA validation loss without trend: 0.770726).
Epoch [16/100] | Total Loss: 1.0374 | Aux Loss: 0.1823 | Train Mixed Loss: 0.8551 (Base: 0.3003, Trend: 0.1533, DTW: 0.1329, TopK: 0.5305) | Val Mixed Loss (No Trend): 0.7565 (Base: 0.2915, DTW: 0.1317, TopK: 0.4965) | EMA Val Loss (No Trend): 0.767165 | LR: 1.88e-04
Saved new best weights to best_model_seed1.pth (EMA validation loss without trend: 0.767165).
Epoch [17/100] | Total Loss: 1.0261 | Aux Loss: 0.1833 | Train Mixed Loss: 0.8429 (Base: 0.2965, Trend: 0.1519, DTW: 0.1306, TopK: 0.5233) | Val Mixed Loss (No Trend): 0.7492 (Base: 0.2901, DTW: 0.1293, TopK: 0.4963) | EMA Val Loss (No Trend): 0.762676 | LR: 1.86e-04
Saved new best weights to best_model_seed1.pth (EMA validation loss without trend: 0.762676).
Epoch [18/100] | Total Loss: 1.0319 | Aux Loss: 0.1819 | Train Mixed Loss: 0.8500 (Base: 0.2988, Trend: 0.1533, DTW: 0.1320, TopK: 0.5257) | Val Mixed Loss (No Trend): 0.7381 (Base: 0.2841, DTW: 0.1300, TopK: 0.4731) | EMA Val Loss (No Trend): 0.756532 | LR: 1.85e-04
Saved new best weights to best_model_seed1.pth (EMA validation loss without trend: 0.756532).
Epoch [19/100] | Total Loss: 1.0138 | Aux Loss: 0.1791 | Train Mixed Loss: 0.8347 (Base: 0.2952, Trend: 0.1522, DTW: 0.1281, TopK: 0.5200) | Val Mixed Loss (No Trend): 0.7463 (Base: 0.2907, DTW: 0.1342, TopK: 0.4451) | EMA Val Loss (No Trend): 0.753965 | LR: 1.83e-04
Saved new best weights to best_model_seed1.pth (EMA validation loss without trend: 0.753965).
Epoch [20/100] | Total Loss: 1.0148 | Aux Loss: 0.1794 | Train Mixed Loss: 0.8355 (Base: 0.2950, Trend: 0.1531, DTW: 0.1281, TopK: 0.5217) | Val Mixed Loss (No Trend): 0.7351 (Base: 0.2877, DTW: 0.1300, TopK: 0.4509) | EMA Val Loss (No Trend): 0.749247 | LR: 1.81e-04
Saved new best weights to best_model_seed1.pth (EMA validation loss without trend: 0.749247).
Epoch [21/100] | Total Loss: 1.0131 | Aux Loss: 0.1786 | Train Mixed Loss: 0.8344 (Base: 0.2955, Trend: 0.1527, DTW: 0.1277, TopK: 0.5203) | Val Mixed Loss (No Trend): 0.7329 (Base: 0.2751, DTW: 0.1257, TopK: 0.5198) | EMA Val Loss (No Trend): 0.745150 | LR: 1.79e-04
Saved new best weights to best_model_seed1.pth (EMA validation loss without trend: 0.745150).
Epoch [22/100] | Total Loss: 1.0057 | Aux Loss: 0.1774 | Train Mixed Loss: 0.8283 (Base: 0.2938, Trend: 0.1521, DTW: 0.1267, TopK: 0.5147) | Val Mixed Loss (No Trend): 0.7411 (Base: 0.2901, DTW: 0.1291, TopK: 0.4709) | EMA Val Loss (No Trend): 0.744134 | LR: 1.77e-04
Saved new best weights to best_model_seed1.pth (EMA validation loss without trend: 0.744134).
Epoch [23/100] | Total Loss: 1.0068 | Aux Loss: 0.1781 | Train Mixed Loss: 0.8287 (Base: 0.2941, Trend: 0.1528, DTW: 0.1264, TopK: 0.5162) | Val Mixed Loss (No Trend): 0.7563 (Base: 0.2959, DTW: 0.1346, TopK: 0.4577) | EMA Val Loss (No Trend): 0.747167 | LR: 1.75e-04
Epoch [24/100] | Total Loss: 0.9985 | Aux Loss: 0.1759 | Train Mixed Loss: 0.8227 (Base: 0.2939, Trend: 0.1521, DTW: 0.1251, TopK: 0.5086) | Val Mixed Loss (No Trend): 0.7351 (Base: 0.2801, DTW: 0.1271, TopK: 0.4996) | EMA Val Loss (No Trend): 0.744157 | LR: 1.73e-04
Epoch [25/100] | Total Loss: 0.9910 | Aux Loss: 0.1745 | Train Mixed Loss: 0.8166 (Base: 0.2905, Trend: 0.1511, DTW: 0.1242, TopK: 0.5083) | Val Mixed Loss (No Trend): 0.7237 (Base: 0.2782, DTW: 0.1270, TopK: 0.4688) | EMA Val Loss (No Trend): 0.739042 | LR: 1.71e-04
Saved new best weights to best_model_seed1.pth (EMA validation loss without trend: 0.739042).
Epoch [26/100] | Total Loss: 0.9954 | Aux Loss: 0.1762 | Train Mixed Loss: 0.8192 (Base: 0.2909, Trend: 0.1521, DTW: 0.1243, TopK: 0.5131) | Val Mixed Loss (No Trend): 0.7264 (Base: 0.2838, DTW: 0.1258, TopK: 0.4688) | EMA Val Loss (No Trend): 0.735894 | LR: 1.69e-04
Saved new best weights to best_model_seed1.pth (EMA validation loss without trend: 0.735894).
Epoch [27/100] | Total Loss: 0.9857 | Aux Loss: 0.1752 | Train Mixed Loss: 0.8105 (Base: 0.2885, Trend: 0.1511, DTW: 0.1222, TopK: 0.5106) | Val Mixed Loss (No Trend): 0.7391 (Base: 0.2884, DTW: 0.1292, TopK: 0.4691) | EMA Val Loss (No Trend): 0.736706 | LR: 1.66e-04
Epoch [28/100] | Total Loss: 0.9922 | Aux Loss: 0.1771 | Train Mixed Loss: 0.8151 (Base: 0.2900, Trend: 0.1526, DTW: 0.1231, TopK: 0.5113) | Val Mixed Loss (No Trend): 0.7333 (Base: 0.2849, DTW: 0.1276, TopK: 0.4740) | EMA Val Loss (No Trend): 0.735844 | LR: 1.64e-04
Saved new best weights to best_model_seed1.pth (EMA validation loss without trend: 0.735844).
Epoch [29/100] | Total Loss: 0.9782 | Aux Loss: 0.1722 | Train Mixed Loss: 0.8060 (Base: 0.2885, Trend: 0.1514, DTW: 0.1207, TopK: 0.5068) | Val Mixed Loss (No Trend): 0.7467 (Base: 0.2908, DTW: 0.1306, TopK: 0.4747) | EMA Val Loss (No Trend): 0.738555 | LR: 1.61e-04
Epoch [30/100] | Total Loss: 0.9808 | Aux Loss: 0.1742 | Train Mixed Loss: 0.8065 (Base: 0.2889, Trend: 0.1513, DTW: 0.1207, TopK: 0.5074) | Val Mixed Loss (No Trend): 0.7296 (Base: 0.2831, DTW: 0.1264, TopK: 0.4775) | EMA Val Loss (No Trend): 0.736322 | LR: 1.59e-04
Epoch [31/100] | Total Loss: 0.9719 | Aux Loss: 0.1729 | Train Mixed Loss: 0.7989 (Base: 0.2860, Trend: 0.1507, DTW: 0.1195, TopK: 0.5027) | Val Mixed Loss (No Trend): 0.7145 (Base: 0.2738, DTW: 0.1227, TopK: 0.4879) | EMA Val Loss (No Trend): 0.730875 | LR: 1.56e-04
Saved new best weights to best_model_seed1.pth (EMA validation loss without trend: 0.730875).
Epoch [32/100] | Total Loss: 0.9636 | Aux Loss: 0.1719 | Train Mixed Loss: 0.7917 (Base: 0.2845, Trend: 0.1502, DTW: 0.1177, TopK: 0.4985) | Val Mixed Loss (No Trend): 0.7450 (Base: 0.2905, DTW: 0.1318, TopK: 0.4605) | EMA Val Loss (No Trend): 0.734418 | LR: 1.54e-04
Epoch [33/100] | Total Loss: 0.9749 | Aux Loss: 0.1732 | Train Mixed Loss: 0.8016 (Base: 0.2868, Trend: 0.1527, DTW: 0.1197, TopK: 0.5043) | Val Mixed Loss (No Trend): 0.7277 (Base: 0.2820, DTW: 0.1270, TopK: 0.4698) | EMA Val Loss (No Trend): 0.732730 | LR: 1.51e-04
Epoch [34/100] | Total Loss: 0.9592 | Aux Loss: 0.1712 | Train Mixed Loss: 0.7881 (Base: 0.2826, Trend: 0.1506, DTW: 0.1167, TopK: 0.5001) | Val Mixed Loss (No Trend): 0.7210 (Base: 0.2791, DTW: 0.1245, TopK: 0.4770) | EMA Val Loss (No Trend): 0.729806 | LR: 1.48e-04
Saved new best weights to best_model_seed1.pth (EMA validation loss without trend: 0.729806).
Epoch [35/100] | Total Loss: 0.9588 | Aux Loss: 0.1697 | Train Mixed Loss: 0.7890 (Base: 0.2835, Trend: 0.1506, DTW: 0.1167, TopK: 0.5001) | Val Mixed Loss (No Trend): 0.7402 (Base: 0.2902, DTW: 0.1295, TopK: 0.4643) | EMA Val Loss (No Trend): 0.732416 | LR: 1.46e-04
Epoch [36/100] | Total Loss: 0.9610 | Aux Loss: 0.1703 | Train Mixed Loss: 0.7907 (Base: 0.2839, Trend: 0.1517, DTW: 0.1175, TopK: 0.4967) | Val Mixed Loss (No Trend): 0.7196 (Base: 0.2783, DTW: 0.1239, TopK: 0.4798) | EMA Val Loss (No Trend): 0.729203 | LR: 1.43e-04
Saved new best weights to best_model_seed1.pth (EMA validation loss without trend: 0.729203).
Epoch [37/100] | Total Loss: 0.9574 | Aux Loss: 0.1704 | Train Mixed Loss: 0.7870 (Base: 0.2834, Trend: 0.1518, DTW: 0.1158, TopK: 0.4993) | Val Mixed Loss (No Trend): 0.7272 (Base: 0.2806, DTW: 0.1267, TopK: 0.4750) | EMA Val Loss (No Trend): 0.728691 | LR: 1.40e-04
Saved new best weights to best_model_seed1.pth (EMA validation loss without trend: 0.728691).
Epoch [38/100] | Total Loss: 0.9591 | Aux Loss: 0.1701 | Train Mixed Loss: 0.7890 (Base: 0.2848, Trend: 0.1517, DTW: 0.1160, TopK: 0.4999) | Val Mixed Loss (No Trend): 0.7238 (Base: 0.2822, DTW: 0.1270, TopK: 0.4559) | EMA Val Loss (No Trend): 0.727480 | LR: 1.37e-04
Saved new best weights to best_model_seed1.pth (EMA validation loss without trend: 0.727480).
Epoch [39/100] | Total Loss: 0.9405 | Aux Loss: 0.1677 | Train Mixed Loss: 0.7728 (Base: 0.2787, Trend: 0.1499, DTW: 0.1137, TopK: 0.4880) | Val Mixed Loss (No Trend): 0.7135 (Base: 0.2765, DTW: 0.1210, TopK: 0.4888) | EMA Val Loss (No Trend): 0.723986 | LR: 1.34e-04
Saved new best weights to best_model_seed1.pth (EMA validation loss without trend: 0.723986).
Epoch [40/100] | Total Loss: 0.9458 | Aux Loss: 0.1674 | Train Mixed Loss: 0.7783 (Base: 0.2811, Trend: 0.1507, DTW: 0.1143, TopK: 0.4916) | Val Mixed Loss (No Trend): 0.7218 (Base: 0.2795, DTW: 0.1256, TopK: 0.4695) | EMA Val Loss (No Trend): 0.723451 | LR: 1.31e-04
Saved new best weights to best_model_seed1.pth (EMA validation loss without trend: 0.723451).
Epoch [41/100] | Total Loss: 0.9481 | Aux Loss: 0.1701 | Train Mixed Loss: 0.7781 (Base: 0.2803, Trend: 0.1516, DTW: 0.1141, TopK: 0.4933) | Val Mixed Loss (No Trend): 0.7299 (Base: 0.2839, DTW: 0.1285, TopK: 0.4587) | EMA Val Loss (No Trend): 0.725065 | LR: 1.28e-04
Epoch [42/100] | Total Loss: 0.9424 | Aux Loss: 0.1682 | Train Mixed Loss: 0.7743 (Base: 0.2795, Trend: 0.1511, DTW: 0.1131, TopK: 0.4922) | Val Mixed Loss (No Trend): 0.7352 (Base: 0.2883, DTW: 0.1280, TopK: 0.4660) | EMA Val Loss (No Trend): 0.727602 | LR: 1.25e-04
Epoch [43/100] | Total Loss: 0.9382 | Aux Loss: 0.1671 | Train Mixed Loss: 0.7711 (Base: 0.2793, Trend: 0.1514, DTW: 0.1121, TopK: 0.4900) | Val Mixed Loss (No Trend): 0.7176 (Base: 0.2799, DTW: 0.1242, TopK: 0.4655) | EMA Val Loss (No Trend): 0.725103 | LR: 1.22e-04
Epoch [44/100] | Total Loss: 0.9355 | Aux Loss: 0.1679 | Train Mixed Loss: 0.7676 (Base: 0.2772, Trend: 0.1503, DTW: 0.1122, TopK: 0.4866) | Val Mixed Loss (No Trend): 0.7150 (Base: 0.2794, DTW: 0.1225, TopK: 0.4717) | EMA Val Loss (No Trend): 0.722577 | LR: 1.19e-04
Saved new best weights to best_model_seed1.pth (EMA validation loss without trend: 0.722577).
Epoch [45/100] | Total Loss: 0.9300 | Aux Loss: 0.1669 | Train Mixed Loss: 0.7631 (Base: 0.2760, Trend: 0.1506, DTW: 0.1108, TopK: 0.4860) | Val Mixed Loss (No Trend): 0.7151 (Base: 0.2760, DTW: 0.1242, TopK: 0.4699) | EMA Val Loss (No Trend): 0.720696 | LR: 1.16e-04
Saved new best weights to best_model_seed1.pth (EMA validation loss without trend: 0.720696).
Epoch [46/100] | Total Loss: 0.9269 | Aux Loss: 0.1649 | Train Mixed Loss: 0.7620 (Base: 0.2765, Trend: 0.1502, DTW: 0.1102, TopK: 0.4860) | Val Mixed Loss (No Trend): 0.7202 (Base: 0.2799, DTW: 0.1250, TopK: 0.4674) | EMA Val Loss (No Trend): 0.720563 | LR: 1.13e-04
Saved new best weights to best_model_seed1.pth (EMA validation loss without trend: 0.720563).
Epoch [47/100] | Total Loss: 0.9268 | Aux Loss: 0.1652 | Train Mixed Loss: 0.7615 (Base: 0.2763, Trend: 0.1506, DTW: 0.1101, TopK: 0.4853) | Val Mixed Loss (No Trend): 0.7192 (Base: 0.2771, DTW: 0.1250, TopK: 0.4737) | EMA Val Loss (No Trend): 0.720211 | LR: 1.10e-04
Saved new best weights to best_model_seed1.pth (EMA validation loss without trend: 0.720211).
Epoch [48/100] | Total Loss: 0.9232 | Aux Loss: 0.1655 | Train Mixed Loss: 0.7577 (Base: 0.2751, Trend: 0.1509, DTW: 0.1093, TopK: 0.4830) | Val Mixed Loss (No Trend): 0.7205 (Base: 0.2805, DTW: 0.1242, TopK: 0.4728) | EMA Val Loss (No Trend): 0.720288 | LR: 1.07e-04
Epoch [49/100] | Total Loss: 0.9244 | Aux Loss: 0.1652 | Train Mixed Loss: 0.7592 (Base: 0.2758, Trend: 0.1509, DTW: 0.1094, TopK: 0.4846) | Val Mixed Loss (No Trend): 0.7250 (Base: 0.2822, DTW: 0.1267, TopK: 0.4627) | EMA Val Loss (No Trend): 0.721469 | LR: 1.04e-04
Epoch [50/100] | Total Loss: 0.9212 | Aux Loss: 0.1665 | Train Mixed Loss: 0.7547 (Base: 0.2748, Trend: 0.1510, DTW: 0.1085, TopK: 0.4803) | Val Mixed Loss (No Trend): 0.7159 (Base: 0.2748, DTW: 0.1251, TopK: 0.4690) | EMA Val Loss (No Trend): 0.720073 | LR: 1.01e-04
Saved new best weights to best_model_seed1.pth (EMA validation loss without trend: 0.720073).
Epoch [51/100] | Total Loss: 0.9149 | Aux Loss: 0.1639 | Train Mixed Loss: 0.7510 (Base: 0.2733, Trend: 0.1506, DTW: 0.1078, TopK: 0.4792) | Val Mixed Loss (No Trend): 0.7272 (Base: 0.2840, DTW: 0.1273, TopK: 0.4594) | EMA Val Loss (No Trend): 0.721865 | LR: 9.74e-05
Epoch [52/100] | Total Loss: 0.9129 | Aux Loss: 0.1662 | Train Mixed Loss: 0.7467 (Base: 0.2719, Trend: 0.1508, DTW: 0.1067, TopK: 0.4778) | Val Mixed Loss (No Trend): 0.7246 (Base: 0.2806, DTW: 0.1255, TopK: 0.4757) | EMA Val Loss (No Trend): 0.722545 | LR: 9.43e-05
Epoch [53/100] | Total Loss: 0.9102 | Aux Loss: 0.1647 | Train Mixed Loss: 0.7455 (Base: 0.2721, Trend: 0.1498, DTW: 0.1067, TopK: 0.4742) | Val Mixed Loss (No Trend): 0.7239 (Base: 0.2797, DTW: 0.1256, TopK: 0.4760) | EMA Val Loss (No Trend): 0.722887 | LR: 9.11e-05
Epoch [54/100] | Total Loss: 0.9013 | Aux Loss: 0.1620 | Train Mixed Loss: 0.7393 (Base: 0.2704, Trend: 0.1498, DTW: 0.1051, TopK: 0.4726) | Val Mixed Loss (No Trend): 0.7153 (Base: 0.2785, DTW: 0.1239, TopK: 0.4647) | EMA Val Loss (No Trend): 0.720978 | LR: 8.80e-05
Epoch [55/100] | Total Loss: 0.9144 | Aux Loss: 0.1638 | Train Mixed Loss: 0.7505 (Base: 0.2735, Trend: 0.1516, DTW: 0.1075, TopK: 0.4776) | Val Mixed Loss (No Trend): 0.7358 (Base: 0.2860, DTW: 0.1310, TopK: 0.4517) | EMA Val Loss (No Trend): 0.724673 | LR: 8.49e-05
Epoch [56/100] | Total Loss: 0.9039 | Aux Loss: 0.1632 | Train Mixed Loss: 0.7407 (Base: 0.2704, Trend: 0.1504, DTW: 0.1054, TopK: 0.4735) | Val Mixed Loss (No Trend): 0.7145 (Base: 0.2772, DTW: 0.1227, TopK: 0.4756) | EMA Val Loss (No Trend): 0.722120 | LR: 8.19e-05
Epoch [57/100] | Total Loss: 0.9024 | Aux Loss: 0.1619 | Train Mixed Loss: 0.7405 (Base: 0.2697, Trend: 0.1516, DTW: 0.1049, TopK: 0.4772) | Val Mixed Loss (No Trend): 0.7232 (Base: 0.2813, DTW: 0.1260, TopK: 0.4651) | EMA Val Loss (No Trend): 0.722388 | LR: 7.88e-05
Epoch [58/100] | Total Loss: 0.8932 | Aux Loss: 0.1620 | Train Mixed Loss: 0.7312 (Base: 0.2677, Trend: 0.1501, DTW: 0.1035, TopK: 0.4673) | Val Mixed Loss (No Trend): 0.7241 (Base: 0.2790, DTW: 0.1259, TopK: 0.4765) | EMA Val Loss (No Trend): 0.722813 | LR: 7.58e-05
Epoch [59/100] | Total Loss: 0.9018 | Aux Loss: 0.1631 | Train Mixed Loss: 0.7387 (Base: 0.2695, Trend: 0.1511, DTW: 0.1048, TopK: 0.4739) | Val Mixed Loss (No Trend): 0.7243 (Base: 0.2825, DTW: 0.1268, TopK: 0.4587) | EMA Val Loss (No Trend): 0.723197 | LR: 7.27e-05
Epoch [60/100] | Total Loss: 0.8921 | Aux Loss: 0.1629 | Train Mixed Loss: 0.7293 (Base: 0.2667, Trend: 0.1508, DTW: 0.1027, TopK: 0.4688) | Val Mixed Loss (No Trend): 0.7205 (Base: 0.2815, DTW: 0.1269, TopK: 0.4479) | EMA Val Loss (No Trend): 0.722512 | LR: 6.98e-05
Epoch [61/100] | Total Loss: 0.8932 | Aux Loss: 0.1615 | Train Mixed Loss: 0.7317 (Base: 0.2677, Trend: 0.1509, DTW: 0.1031, TopK: 0.4702) | Val Mixed Loss (No Trend): 0.7135 (Base: 0.2795, DTW: 0.1242, TopK: 0.4531) | EMA Val Loss (No Trend): 0.720265 | LR: 6.68e-05
Epoch [62/100] | Total Loss: 0.8893 | Aux Loss: 0.1619 | Train Mixed Loss: 0.7274 (Base: 0.2669, Trend: 0.1509, DTW: 0.1020, TopK: 0.4673) | Val Mixed Loss (No Trend): 0.7145 (Base: 0.2774, DTW: 0.1233, TopK: 0.4705) | EMA Val Loss (No Trend): 0.718813 | LR: 6.39e-05
Saved new best weights to best_model_seed1.pth (EMA validation loss without trend: 0.718813).
Epoch [63/100] | Total Loss: 0.8923 | Aux Loss: 0.1618 | Train Mixed Loss: 0.7305 (Base: 0.2676, Trend: 0.1514, DTW: 0.1027, TopK: 0.4689) | Val Mixed Loss (No Trend): 0.7151 (Base: 0.2767, DTW: 0.1241, TopK: 0.4684) | EMA Val Loss (No Trend): 0.717874 | LR: 6.10e-05
Saved new best weights to best_model_seed1.pth (EMA validation loss without trend: 0.717874).
Epoch [64/100] | Total Loss: 0.8754 | Aux Loss: 0.1592 | Train Mixed Loss: 0.7161 (Base: 0.2635, Trend: 0.1501, DTW: 0.0997, TopK: 0.4608) | Val Mixed Loss (No Trend): 0.7206 (Base: 0.2777, DTW: 0.1248, TopK: 0.4779) | EMA Val Loss (No Trend): 0.718559 | LR: 5.81e-05
Epoch [65/100] | Total Loss: 0.8728 | Aux Loss: 0.1593 | Train Mixed Loss: 0.7134 (Base: 0.2622, Trend: 0.1490, DTW: 0.0993, TopK: 0.4613) | Val Mixed Loss (No Trend): 0.7085 (Base: 0.2750, DTW: 0.1225, TopK: 0.4652) | EMA Val Loss (No Trend): 0.716036 | LR: 5.53e-05
Saved new best weights to best_model_seed1.pth (EMA validation loss without trend: 0.716036).
Epoch [66/100] | Total Loss: 0.8809 | Aux Loss: 0.1615 | Train Mixed Loss: 0.7195 (Base: 0.2634, Trend: 0.1510, DTW: 0.1007, TopK: 0.4634) | Val Mixed Loss (No Trend): 0.7088 (Base: 0.2776, DTW: 0.1229, TopK: 0.4540) | EMA Val Loss (No Trend): 0.714239 | LR: 5.26e-05
Saved new best weights to best_model_seed1.pth (EMA validation loss without trend: 0.714239).
Epoch [67/100] | Total Loss: 0.8766 | Aux Loss: 0.1607 | Train Mixed Loss: 0.7159 (Base: 0.2634, Trend: 0.1505, DTW: 0.0993, TopK: 0.4628) | Val Mixed Loss (No Trend): 0.7173 (Base: 0.2783, DTW: 0.1240, TopK: 0.4709) | EMA Val Loss (No Trend): 0.714996 | LR: 4.99e-05
Epoch [68/100] | Total Loss: 0.8666 | Aux Loss: 0.1579 | Train Mixed Loss: 0.7088 (Base: 0.2608, Trend: 0.1492, DTW: 0.0985, TopK: 0.4561) | Val Mixed Loss (No Trend): 0.7216 (Base: 0.2784, DTW: 0.1253, TopK: 0.4747) | EMA Val Loss (No Trend): 0.716658 | LR: 4.72e-05
Epoch [69/100] | Total Loss: 0.8735 | Aux Loss: 0.1601 | Train Mixed Loss: 0.7134 (Base: 0.2631, Trend: 0.1501, DTW: 0.0991, TopK: 0.4582) | Val Mixed Loss (No Trend): 0.7173 (Base: 0.2781, DTW: 0.1243, TopK: 0.4691) | EMA Val Loss (No Trend): 0.716811 | LR: 4.46e-05
Epoch [70/100] | Total Loss: 0.8655 | Aux Loss: 0.1594 | Train Mixed Loss: 0.7061 (Base: 0.2599, Trend: 0.1499, DTW: 0.0975, TopK: 0.4579) | Val Mixed Loss (No Trend): 0.7180 (Base: 0.2797, DTW: 0.1256, TopK: 0.4560) | EMA Val Loss (No Trend): 0.717112 | LR: 4.20e-05
Epoch [71/100] | Total Loss: 0.8689 | Aux Loss: 0.1602 | Train Mixed Loss: 0.7087 (Base: 0.2612, Trend: 0.1504, DTW: 0.0979, TopK: 0.4577) | Val Mixed Loss (No Trend): 0.7124 (Base: 0.2778, DTW: 0.1235, TopK: 0.4611) | EMA Val Loss (No Trend): 0.715926 | LR: 3.95e-05
Epoch [72/100] | Total Loss: 0.8653 | Aux Loss: 0.1586 | Train Mixed Loss: 0.7067 (Base: 0.2606, Trend: 0.1499, DTW: 0.0977, TopK: 0.4554) | Val Mixed Loss (No Trend): 0.7168 (Base: 0.2786, DTW: 0.1244, TopK: 0.4651) | EMA Val Loss (No Trend): 0.716142 | LR: 3.71e-05
Epoch [73/100] | Total Loss: 0.8626 | Aux Loss: 0.1588 | Train Mixed Loss: 0.7038 (Base: 0.2598, Trend: 0.1490, DTW: 0.0970, TopK: 0.4553) | Val Mixed Loss (No Trend): 0.7012 (Base: 0.2711, DTW: 0.1209, TopK: 0.4665) | EMA Val Loss (No Trend): 0.712403 | LR: 3.47e-05
Saved new best weights to best_model_seed1.pth (EMA validation loss without trend: 0.712403).
Epoch [74/100] | Total Loss: 0.8613 | Aux Loss: 0.1589 | Train Mixed Loss: 0.7024 (Base: 0.2592, Trend: 0.1499, DTW: 0.0966, TopK: 0.4548) | Val Mixed Loss (No Trend): 0.7251 (Base: 0.2820, DTW: 0.1267, TopK: 0.4629) | EMA Val Loss (No Trend): 0.715568 | LR: 3.24e-05
Epoch [75/100] | Total Loss: 0.8585 | Aux Loss: 0.1582 | Train Mixed Loss: 0.7004 (Base: 0.2580, Trend: 0.1496, DTW: 0.0965, TopK: 0.4531) | Val Mixed Loss (No Trend): 0.7223 (Base: 0.2811, DTW: 0.1255, TopK: 0.4663) | EMA Val Loss (No Trend): 0.717252 | LR: 3.01e-05
Epoch [76/100] | Total Loss: 0.8547 | Aux Loss: 0.1591 | Train Mixed Loss: 0.6956 (Base: 0.2573, Trend: 0.1495, DTW: 0.0952, TopK: 0.4500) | Val Mixed Loss (No Trend): 0.7163 (Base: 0.2806, DTW: 0.1243, TopK: 0.4583) | EMA Val Loss (No Trend): 0.717018 | LR: 2.80e-05
Epoch [77/100] | Total Loss: 0.8539 | Aux Loss: 0.1582 | Train Mixed Loss: 0.6957 (Base: 0.2580, Trend: 0.1501, DTW: 0.0950, TopK: 0.4487) | Val Mixed Loss (No Trend): 0.7064 (Base: 0.2729, DTW: 0.1219, TopK: 0.4694) | EMA Val Loss (No Trend): 0.714354 | LR: 2.59e-05
Epoch [78/100] | Total Loss: 0.8594 | Aux Loss: 0.1592 | Train Mixed Loss: 0.7002 (Base: 0.2587, Trend: 0.1498, DTW: 0.0961, TopK: 0.4536) | Val Mixed Loss (No Trend): 0.7350 (Base: 0.2867, DTW: 0.1294, TopK: 0.4593) | EMA Val Loss (No Trend): 0.719517 | LR: 2.38e-05
Epoch [79/100] | Total Loss: 0.8532 | Aux Loss: 0.1582 | Train Mixed Loss: 0.6950 (Base: 0.2578, Trend: 0.1505, DTW: 0.0948, TopK: 0.4482) | Val Mixed Loss (No Trend): 0.7179 (Base: 0.2790, DTW: 0.1257, TopK: 0.4578) | EMA Val Loss (No Trend): 0.719125 | LR: 2.19e-05
Epoch [80/100] | Total Loss: 0.8442 | Aux Loss: 0.1556 | Train Mixed Loss: 0.6886 (Base: 0.2548, Trend: 0.1487, DTW: 0.0941, TopK: 0.4459) | Val Mixed Loss (No Trend): 0.7086 (Base: 0.2793, DTW: 0.1220, TopK: 0.4547) | EMA Val Loss (No Trend): 0.716484 | LR: 2.00e-05
Epoch [81/100] | Total Loss: 0.8548 | Aux Loss: 0.1570 | Train Mixed Loss: 0.6978 (Base: 0.2579, Trend: 0.1506, DTW: 0.0954, TopK: 0.4524) | Val Mixed Loss (No Trend): 0.7266 (Base: 0.2844, DTW: 0.1260, TopK: 0.4662) | EMA Val Loss (No Trend): 0.719020 | LR: 1.82e-05
Epoch [82/100] | Total Loss: 0.8521 | Aux Loss: 0.1581 | Train Mixed Loss: 0.6940 (Base: 0.2569, Trend: 0.1505, DTW: 0.0945, TopK: 0.4501) | Val Mixed Loss (No Trend): 0.7285 (Base: 0.2856, DTW: 0.1277, TopK: 0.4548) | EMA Val Loss (No Trend): 0.721378 | LR: 1.65e-05
Epoch [83/100] | Total Loss: 0.8495 | Aux Loss: 0.1584 | Train Mixed Loss: 0.6910 (Base: 0.2556, Trend: 0.1495, DTW: 0.0942, TopK: 0.4482) | Val Mixed Loss (No Trend): 0.7157 (Base: 0.2788, DTW: 0.1248, TopK: 0.4583) | EMA Val Loss (No Trend): 0.719949 | LR: 1.49e-05
Epoch [84/100] | Total Loss: 0.8542 | Aux Loss: 0.1603 | Train Mixed Loss: 0.6939 (Base: 0.2568, Trend: 0.1507, DTW: 0.0944, TopK: 0.4503) | Val Mixed Loss (No Trend): 0.7294 (Base: 0.2836, DTW: 0.1278, TopK: 0.4636) | EMA Val Loss (No Trend): 0.722316 | LR: 1.33e-05
Epoch [85/100] | Total Loss: 0.8421 | Aux Loss: 0.1570 | Train Mixed Loss: 0.6851 (Base: 0.2547, Trend: 0.1496, DTW: 0.0927, TopK: 0.4436) | Val Mixed Loss (No Trend): 0.7166 (Base: 0.2797, DTW: 0.1244, TopK: 0.4612) | EMA Val Loss (No Trend): 0.720898 | LR: 1.18e-05
Epoch [86/100] | Total Loss: 0.8515 | Aux Loss: 0.1584 | Train Mixed Loss: 0.6931 (Base: 0.2565, Trend: 0.1506, DTW: 0.0945, TopK: 0.4484) | Val Mixed Loss (No Trend): 0.7224 (Base: 0.2821, DTW: 0.1266, TopK: 0.4550) | EMA Val Loss (No Trend): 0.721285 | LR: 1.05e-05
Epoch [87/100] | Total Loss: 0.8446 | Aux Loss: 0.1575 | Train Mixed Loss: 0.6871 (Base: 0.2552, Trend: 0.1493, DTW: 0.0934, TopK: 0.4436) | Val Mixed Loss (No Trend): 0.7077 (Base: 0.2772, DTW: 0.1226, TopK: 0.4544) | EMA Val Loss (No Trend): 0.717896 | LR: 9.18e-06
Epoch [88/100] | Total Loss: 0.8403 | Aux Loss: 0.1575 | Train Mixed Loss: 0.6828 (Base: 0.2535, Trend: 0.1491, DTW: 0.0925, TopK: 0.4425) | Val Mixed Loss (No Trend): 0.7014 (Base: 0.2761, DTW: 0.1197, TopK: 0.4598) | EMA Val Loss (No Trend): 0.713768 | LR: 7.99e-06
Epoch [89/100] | Total Loss: 0.8421 | Aux Loss: 0.1572 | Train Mixed Loss: 0.6849 (Base: 0.2543, Trend: 0.1493, DTW: 0.0928, TopK: 0.4442) | Val Mixed Loss (No Trend): 0.7245 (Base: 0.2822, DTW: 0.1264, TopK: 0.4627) | EMA Val Loss (No Trend): 0.716442 | LR: 6.88e-06
Epoch [90/100] | Total Loss: 0.8389 | Aux Loss: 0.1563 | Train Mixed Loss: 0.6825 (Base: 0.2533, Trend: 0.1496, DTW: 0.0920, TopK: 0.4451) | Val Mixed Loss (No Trend): 0.7181 (Base: 0.2804, DTW: 0.1250, TopK: 0.4591) | EMA Val Loss (No Trend): 0.716847 | LR: 5.87e-06
Epoch [91/100] | Total Loss: 0.8379 | Aux Loss: 0.1564 | Train Mixed Loss: 0.6815 (Base: 0.2531, Trend: 0.1496, DTW: 0.0918, TopK: 0.4442) | Val Mixed Loss (No Trend): 0.7109 (Base: 0.2784, DTW: 0.1230, TopK: 0.4573) | EMA Val Loss (No Trend): 0.715357 | LR: 4.95e-06
Epoch [92/100] | Total Loss: 0.8458 | Aux Loss: 0.1583 | Train Mixed Loss: 0.6875 (Base: 0.2549, Trend: 0.1503, DTW: 0.0933, TopK: 0.4448) | Val Mixed Loss (No Trend): 0.7195 (Base: 0.2793, DTW: 0.1252, TopK: 0.4658) | EMA Val Loss (No Trend): 0.716397 | LR: 4.13e-06
Epoch [93/100] | Total Loss: 0.8426 | Aux Loss: 0.1567 | Train Mixed Loss: 0.6859 (Base: 0.2545, Trend: 0.1500, DTW: 0.0928, TopK: 0.4458) | Val Mixed Loss (No Trend): 0.7064 (Base: 0.2777, DTW: 0.1222, TopK: 0.4518) | EMA Val Loss (No Trend): 0.713890 | LR: 3.40e-06
Epoch [94/100] | Total Loss: 0.8419 | Aux Loss: 0.1584 | Train Mixed Loss: 0.6835 (Base: 0.2533, Trend: 0.1500, DTW: 0.0923, TopK: 0.4450) | Val Mixed Loss (No Trend): 0.7200 (Base: 0.2815, DTW: 0.1253, TopK: 0.4589) | EMA Val Loss (No Trend): 0.715405 | LR: 2.76e-06
Epoch [95/100] | Total Loss: 0.8370 | Aux Loss: 0.1561 | Train Mixed Loss: 0.6810 (Base: 0.2535, Trend: 0.1493, DTW: 0.0918, TopK: 0.4416) | Val Mixed Loss (No Trend): 0.7085 (Base: 0.2768, DTW: 0.1227, TopK: 0.4569) | EMA Val Loss (No Trend): 0.713677 | LR: 2.23e-06
Epoch [96/100] | Total Loss: 0.8420 | Aux Loss: 0.1577 | Train Mixed Loss: 0.6842 (Base: 0.2541, Trend: 0.1497, DTW: 0.0921, TopK: 0.4472) | Val Mixed Loss (No Trend): 0.7122 (Base: 0.2783, DTW: 0.1237, TopK: 0.4564) | EMA Val Loss (No Trend): 0.713317 | LR: 1.78e-06
Epoch [97/100] | Total Loss: 0.8434 | Aux Loss: 0.1600 | Train Mixed Loss: 0.6833 (Base: 0.2543, Trend: 0.1501, DTW: 0.0920, TopK: 0.4437) | Val Mixed Loss (No Trend): 0.7168 (Base: 0.2790, DTW: 0.1244, TopK: 0.4640) | EMA Val Loss (No Trend): 0.714192 | LR: 1.44e-06
Epoch [98/100] | Total Loss: 0.8366 | Aux Loss: 0.1578 | Train Mixed Loss: 0.6788 (Base: 0.2524, Trend: 0.1494, DTW: 0.0913, TopK: 0.4423) | Val Mixed Loss (No Trend): 0.7186 (Base: 0.2814, DTW: 0.1246, TopK: 0.4609) | EMA Val Loss (No Trend): 0.715296 | LR: 1.20e-06
Epoch [99/100] | Total Loss: 0.8369 | Aux Loss: 0.1564 | Train Mixed Loss: 0.6805 (Base: 0.2531, Trend: 0.1499, DTW: 0.0914, TopK: 0.4440) | Val Mixed Loss (No Trend): 0.7105 (Base: 0.2775, DTW: 0.1229, TopK: 0.4604) | EMA Val Loss (No Trend): 0.714099 | LR: 1.05e-06
Epoch [100/100] | Total Loss: 0.8361 | Aux Loss: 0.1571 | Train Mixed Loss: 0.6790 (Base: 0.2525, Trend: 0.1497, DTW: 0.0913, TopK: 0.4418) | Val Mixed Loss (No Trend): 0.7218 (Base: 0.2817, DTW: 0.1256, TopK: 0.4622) | EMA Val Loss (No Trend): 0.716035 | LR: 2.00e-04
