Starting Transformer experiment with seed 2 in /root/autodl-tmp/parallel_runs/worker_2_seed_2
Device: cuda
Data shape: (1029, 35040, 10)
Max PM2.5 value: 32768.0
Abnormal points (>1000): 636
Loaded cache: /root/autodl-tmp/parallel_runs/worker_2_seed_2/dataset_cache_train_2y_T144_P48_seed_2.pt (Eligible stations: 1029/1029)
Loaded cache: /root/autodl-tmp/parallel_runs/worker_2_seed_2/dataset_cache_val_1y_T144_P48_seed_2.pt (Eligible stations: 1029/1029)
Total trainable parameters: 2,259,201
Epoch [1/100] | Train Loss: 1.0785 (Base: 0.3423, Trend: 0.1682, DTW: 0.1956, TopK: 0.6084) | Val Loss: 0.884616 (Base: 0.3258, DTW: 0.1605, TopK: 0.5787) | EMA No-Trend Loss: 0.884616 | LR: 2.00e-04
Epoch [2/100] | Train Loss: 0.9932 (Base: 0.3330, Trend: 0.1706, DTW: 0.1654, TopK: 0.5937) | Val Loss: 0.846944 (Base: 0.3172, DTW: 0.1535, TopK: 0.5378) | EMA No-Trend Loss: 0.875198 | LR: 2.00e-04
Epoch [3/100] | Train Loss: 0.9618 (Base: 0.3260, Trend: 0.1697, DTW: 0.1563, TopK: 0.5866) | Val Loss: 0.813239 (Base: 0.3033, DTW: 0.1446, TopK: 0.5432) | EMA No-Trend Loss: 0.859708 | LR: 2.00e-04
Epoch [4/100] | Train Loss: 0.9523 (Base: 0.3245, Trend: 0.1694, DTW: 0.1534, TopK: 0.5825) | Val Loss: 0.812241 (Base: 0.2969, DTW: 0.1464, TopK: 0.5465) | EMA No-Trend Loss: 0.847841 | LR: 1.99e-04
Epoch [5/100] | Train Loss: 0.9304 (Base: 0.3195, Trend: 0.1673, DTW: 0.1485, TopK: 0.5693) | Val Loss: 0.814200 (Base: 0.3085, DTW: 0.1462, TopK: 0.5162) | EMA No-Trend Loss: 0.839431 | LR: 1.99e-04
Epoch [6/100] | Train Loss: 0.9246 (Base: 0.3169, Trend: 0.1666, DTW: 0.1471, TopK: 0.5715) | Val Loss: 0.822871 (Base: 0.3145, DTW: 0.1497, TopK: 0.4972) | EMA No-Trend Loss: 0.835291 | LR: 1.98e-04
Epoch [7/100] | Train Loss: 0.9156 (Base: 0.3158, Trend: 0.1669, DTW: 0.1442, TopK: 0.5674) | Val Loss: 0.799559 (Base: 0.2995, DTW: 0.1437, TopK: 0.5175) | EMA No-Trend Loss: 0.826358 | LR: 1.98e-04
Epoch [8/100] | Train Loss: 0.9043 (Base: 0.3128, Trend: 0.1656, DTW: 0.1418, TopK: 0.5617) | Val Loss: 0.791964 (Base: 0.2912, DTW: 0.1417, TopK: 0.5357) | EMA No-Trend Loss: 0.817760 | LR: 1.97e-04
Epoch [9/100] | Train Loss: 0.9003 (Base: 0.3121, Trend: 0.1656, DTW: 0.1406, TopK: 0.5598) | Val Loss: 0.795657 (Base: 0.2980, DTW: 0.1437, TopK: 0.5095) | EMA No-Trend Loss: 0.812234 | LR: 1.96e-04
Epoch [10/100] | Train Loss: 0.8966 (Base: 0.3114, Trend: 0.1654, DTW: 0.1394, TopK: 0.5599) | Val Loss: 0.782508 (Base: 0.2953, DTW: 0.1392, TopK: 0.5107) | EMA No-Trend Loss: 0.804803 | LR: 1.95e-04
Epoch [11/100] | Train Loss: 0.8867 (Base: 0.3081, Trend: 0.1647, DTW: 0.1374, TopK: 0.5545) | Val Loss: 0.786947 (Base: 0.3009, DTW: 0.1377, TopK: 0.5186) | EMA No-Trend Loss: 0.800339 | LR: 1.94e-04
Epoch [12/100] | Train Loss: 0.8810 (Base: 0.3066, Trend: 0.1640, DTW: 0.1364, TopK: 0.5504) | Val Loss: 0.792514 (Base: 0.3039, DTW: 0.1419, TopK: 0.4935) | EMA No-Trend Loss: 0.798383 | LR: 1.93e-04
Epoch [13/100] | Train Loss: 0.8734 (Base: 0.3050, Trend: 0.1638, DTW: 0.1344, TopK: 0.5463) | Val Loss: 0.782753 (Base: 0.2959, DTW: 0.1381, TopK: 0.5180) | EMA No-Trend Loss: 0.794475 | LR: 1.92e-04
Epoch [14/100] | Train Loss: 0.8699 (Base: 0.3043, Trend: 0.1635, DTW: 0.1336, TopK: 0.5444) | Val Loss: 0.798971 (Base: 0.3050, DTW: 0.1443, TopK: 0.4921) | EMA No-Trend Loss: 0.795599 | LR: 1.91e-04
Epoch [15/100] | Train Loss: 0.8685 (Base: 0.3039, Trend: 0.1645, DTW: 0.1329, TopK: 0.5443) | Val Loss: 0.787209 (Base: 0.2998, DTW: 0.1399, TopK: 0.5055) | EMA No-Trend Loss: 0.793501 | LR: 1.89e-04
Epoch [16/100] | Train Loss: 0.8614 (Base: 0.3015, Trend: 0.1640, DTW: 0.1314, TopK: 0.5416) | Val Loss: 0.781282 (Base: 0.2975, DTW: 0.1390, TopK: 0.5005) | EMA No-Trend Loss: 0.790447 | LR: 1.88e-04
Epoch [17/100] | Train Loss: 0.8519 (Base: 0.2990, Trend: 0.1635, DTW: 0.1292, TopK: 0.5372) | Val Loss: 0.770912 (Base: 0.2910, DTW: 0.1355, TopK: 0.5154) | EMA No-Trend Loss: 0.785563 | LR: 1.86e-04
Epoch [18/100] | Train Loss: 0.8519 (Base: 0.2986, Trend: 0.1629, DTW: 0.1295, TopK: 0.5368) | Val Loss: 0.789408 (Base: 0.2965, DTW: 0.1406, TopK: 0.5186) | EMA No-Trend Loss: 0.786524 | LR: 1.85e-04
Epoch [19/100] | Train Loss: 0.8456 (Base: 0.2972, Trend: 0.1630, DTW: 0.1277, TopK: 0.5351) | Val Loss: 0.783129 (Base: 0.2996, DTW: 0.1400, TopK: 0.4920) | EMA No-Trend Loss: 0.785675 | LR: 1.83e-04
Epoch [20/100] | Train Loss: 0.8392 (Base: 0.2958, Trend: 0.1629, DTW: 0.1259, TopK: 0.5325) | Val Loss: 0.768985 (Base: 0.2868, DTW: 0.1366, TopK: 0.5142) | EMA No-Trend Loss: 0.781503 | LR: 1.81e-04
Epoch [21/100] | Train Loss: 0.8321 (Base: 0.2938, Trend: 0.1623, DTW: 0.1245, TopK: 0.5280) | Val Loss: 0.776408 (Base: 0.2905, DTW: 0.1400, TopK: 0.4999) | EMA No-Trend Loss: 0.780229 | LR: 1.79e-04
Epoch [22/100] | Train Loss: 0.8341 (Base: 0.2946, Trend: 0.1632, DTW: 0.1251, TopK: 0.5258) | Val Loss: 0.768982 (Base: 0.2903, DTW: 0.1364, TopK: 0.5042) | EMA No-Trend Loss: 0.777417 | LR: 1.77e-04
Epoch [23/100] | Train Loss: 0.8256 (Base: 0.2920, Trend: 0.1618, DTW: 0.1233, TopK: 0.5230) | Val Loss: 0.775404 (Base: 0.2918, DTW: 0.1379, TopK: 0.5086) | EMA No-Trend Loss: 0.776914 | LR: 1.75e-04
Epoch [24/100] | Train Loss: 0.8222 (Base: 0.2914, Trend: 0.1625, DTW: 0.1220, TopK: 0.5225) | Val Loss: 0.772380 (Base: 0.2957, DTW: 0.1375, TopK: 0.4889) | EMA No-Trend Loss: 0.775780 | LR: 1.73e-04
Epoch [25/100] | Train Loss: 0.8207 (Base: 0.2908, Trend: 0.1622, DTW: 0.1221, TopK: 0.5189) | Val Loss: 0.776956 (Base: 0.2898, DTW: 0.1379, TopK: 0.5203) | EMA No-Trend Loss: 0.776074 | LR: 1.71e-04
Epoch [26/100] | Train Loss: 0.8146 (Base: 0.2891, Trend: 0.1623, DTW: 0.1204, TopK: 0.5182) | Val Loss: 0.770134 (Base: 0.2887, DTW: 0.1383, TopK: 0.4984) | EMA No-Trend Loss: 0.774589 | LR: 1.69e-04
Epoch [27/100] | Train Loss: 0.8093 (Base: 0.2876, Trend: 0.1621, DTW: 0.1193, TopK: 0.5145) | Val Loss: 0.762577 (Base: 0.2863, DTW: 0.1344, TopK: 0.5127) | EMA No-Trend Loss: 0.771586 | LR: 1.66e-04
Epoch [28/100] | Train Loss: 0.8044 (Base: 0.2867, Trend: 0.1620, DTW: 0.1177, TopK: 0.5145) | Val Loss: 0.800980 (Base: 0.3044, DTW: 0.1470, TopK: 0.4790) | EMA No-Trend Loss: 0.778934 | LR: 1.64e-04
Epoch [29/100] | Train Loss: 0.8049 (Base: 0.2867, Trend: 0.1627, DTW: 0.1180, TopK: 0.5124) | Val Loss: 0.765584 (Base: 0.2902, DTW: 0.1353, TopK: 0.5022) | EMA No-Trend Loss: 0.775597 | LR: 1.61e-04
Epoch [30/100] | Train Loss: 0.7989 (Base: 0.2848, Trend: 0.1626, DTW: 0.1163, TopK: 0.5124) | Val Loss: 0.772358 (Base: 0.2933, DTW: 0.1376, TopK: 0.4961) | EMA No-Trend Loss: 0.774787 | LR: 1.59e-04
Epoch [31/100] | Train Loss: 0.7931 (Base: 0.2837, Trend: 0.1622, DTW: 0.1150, TopK: 0.5076) | Val Loss: 0.779133 (Base: 0.2960, DTW: 0.1397, TopK: 0.4930) | EMA No-Trend Loss: 0.775874 | LR: 1.56e-04
Epoch [32/100] | Train Loss: 0.7922 (Base: 0.2831, Trend: 0.1625, DTW: 0.1149, TopK: 0.5070) | Val Loss: 0.766592 (Base: 0.2890, DTW: 0.1375, TopK: 0.4921) | EMA No-Trend Loss: 0.773553 | LR: 1.54e-04
Epoch [33/100] | Train Loss: 0.7869 (Base: 0.2818, Trend: 0.1618, DTW: 0.1139, TopK: 0.5028) | Val Loss: 0.771875 (Base: 0.2927, DTW: 0.1389, TopK: 0.4857) | EMA No-Trend Loss: 0.773134 | LR: 1.51e-04
Epoch [34/100] | Train Loss: 0.7831 (Base: 0.2812, Trend: 0.1620, DTW: 0.1127, TopK: 0.5013) | Val Loss: 0.768636 (Base: 0.2857, DTW: 0.1379, TopK: 0.5067) | EMA No-Trend Loss: 0.772009 | LR: 1.48e-04
Epoch [35/100] | Train Loss: 0.7764 (Base: 0.2785, Trend: 0.1615, DTW: 0.1114, TopK: 0.4991) | Val Loss: 0.783496 (Base: 0.2973, DTW: 0.1426, TopK: 0.4802) | EMA No-Trend Loss: 0.774881 | LR: 1.46e-04
Epoch [36/100] | Train Loss: 0.7742 (Base: 0.2781, Trend: 0.1615, DTW: 0.1109, TopK: 0.4975) | Val Loss: 0.779865 (Base: 0.2971, DTW: 0.1407, TopK: 0.4834) | EMA No-Trend Loss: 0.776127 | LR: 1.43e-04
Epoch [37/100] | Train Loss: 0.7744 (Base: 0.2781, Trend: 0.1617, DTW: 0.1110, TopK: 0.4969) | Val Loss: 0.767585 (Base: 0.2911, DTW: 0.1378, TopK: 0.4859) | EMA No-Trend Loss: 0.773992 | LR: 1.40e-04
Epoch [38/100] | Train Loss: 0.7651 (Base: 0.2755, Trend: 0.1614, DTW: 0.1088, TopK: 0.4925) | Val Loss: 0.773901 (Base: 0.2904, DTW: 0.1407, TopK: 0.4857) | EMA No-Trend Loss: 0.773969 | LR: 1.37e-04
Epoch [39/100] | Train Loss: 0.7646 (Base: 0.2760, Trend: 0.1618, DTW: 0.1084, TopK: 0.4912) | Val Loss: 0.783811 (Base: 0.2978, DTW: 0.1417, TopK: 0.4864) | EMA No-Trend Loss: 0.776429 | LR: 1.34e-04
Epoch [40/100] | Train Loss: 0.7626 (Base: 0.2748, Trend: 0.1616, DTW: 0.1084, TopK: 0.4898) | Val Loss: 0.774513 (Base: 0.2908, DTW: 0.1392, TopK: 0.4992) | EMA No-Trend Loss: 0.775950 | LR: 1.31e-04
Epoch [41/100] | Train Loss: 0.7614 (Base: 0.2748, Trend: 0.1619, DTW: 0.1078, TopK: 0.4901) | Val Loss: 0.775590 (Base: 0.2912, DTW: 0.1390, TopK: 0.5029) | EMA No-Trend Loss: 0.775860 | LR: 1.28e-04
Epoch [42/100] | Train Loss: 0.7538 (Base: 0.2723, Trend: 0.1614, DTW: 0.1062, TopK: 0.4860) | Val Loss: 0.770693 (Base: 0.2917, DTW: 0.1372, TopK: 0.4990) | EMA No-Trend Loss: 0.774568 | LR: 1.25e-04
Epoch [43/100] | Train Loss: 0.7491 (Base: 0.2715, Trend: 0.1619, DTW: 0.1049, TopK: 0.4833) | Val Loss: 0.773315 (Base: 0.2906, DTW: 0.1395, TopK: 0.4935) | EMA No-Trend Loss: 0.774255 | LR: 1.22e-04
Epoch [44/100] | Train Loss: 0.7521 (Base: 0.2722, Trend: 0.1626, DTW: 0.1055, TopK: 0.4848) | Val Loss: 0.773766 (Base: 0.2912, DTW: 0.1396, TopK: 0.4921) | EMA No-Trend Loss: 0.774133 | LR: 1.19e-04
Epoch [45/100] | Train Loss: 0.7450 (Base: 0.2706, Trend: 0.1618, DTW: 0.1038, TopK: 0.4808) | Val Loss: 0.772471 (Base: 0.2900, DTW: 0.1398, TopK: 0.4902) | EMA No-Trend Loss: 0.773717 | LR: 1.16e-04
Epoch [46/100] | Train Loss: 0.7413 (Base: 0.2692, Trend: 0.1609, DTW: 0.1033, TopK: 0.4787) | Val Loss: 0.779599 (Base: 0.2920, DTW: 0.1412, TopK: 0.4957) | EMA No-Trend Loss: 0.775188 | LR: 1.13e-04
Epoch [47/100] | Train Loss: 0.7379 (Base: 0.2678, Trend: 0.1614, DTW: 0.1024, TopK: 0.4791) | Val Loss: 0.772778 (Base: 0.2950, DTW: 0.1396, TopK: 0.4759) | EMA No-Trend Loss: 0.774585 | LR: 1.10e-04
Epoch [48/100] | Train Loss: 0.7378 (Base: 0.2683, Trend: 0.1617, DTW: 0.1022, TopK: 0.4776) | Val Loss: 0.771408 (Base: 0.2893, DTW: 0.1384, TopK: 0.4999) | EMA No-Trend Loss: 0.773791 | LR: 1.07e-04
Epoch [49/100] | Train Loss: 0.7319 (Base: 0.2667, Trend: 0.1617, DTW: 0.1008, TopK: 0.4749) | Val Loss: 0.780293 (Base: 0.2939, DTW: 0.1401, TopK: 0.5006) | EMA No-Trend Loss: 0.775416 | LR: 1.04e-04
Epoch [50/100] | Train Loss: 0.7310 (Base: 0.2672, Trend: 0.1628, DTW: 0.1001, TopK: 0.4740) | Val Loss: 0.770992 (Base: 0.2907, DTW: 0.1388, TopK: 0.4906) | EMA No-Trend Loss: 0.774310 | LR: 1.00e-04
Epoch [51/100] | Train Loss: 0.7285 (Base: 0.2658, Trend: 0.1619, DTW: 0.1001, TopK: 0.4717) | Val Loss: 0.772116 (Base: 0.2910, DTW: 0.1386, TopK: 0.4950) | EMA No-Trend Loss: 0.773762 | LR: 9.74e-05
Epoch [52/100] | Train Loss: 0.7209 (Base: 0.2632, Trend: 0.1609, DTW: 0.0987, TopK: 0.4682) | Val Loss: 0.763555 (Base: 0.2853, DTW: 0.1365, TopK: 0.5019) | EMA No-Trend Loss: 0.771210 | LR: 9.43e-05
Epoch [53/100] | Train Loss: 0.7197 (Base: 0.2632, Trend: 0.1620, DTW: 0.0980, TopK: 0.4673) | Val Loss: 0.780335 (Base: 0.2955, DTW: 0.1419, TopK: 0.4811) | EMA No-Trend Loss: 0.773491 | LR: 9.11e-05
Epoch [54/100] | Train Loss: 0.7174 (Base: 0.2624, Trend: 0.1619, DTW: 0.0977, TopK: 0.4652) | Val Loss: 0.775359 (Base: 0.2894, DTW: 0.1399, TopK: 0.5006) | EMA No-Trend Loss: 0.773958 | LR: 8.80e-05
Epoch [55/100] | Train Loss: 0.7136 (Base: 0.2609, Trend: 0.1614, DTW: 0.0969, TopK: 0.4647) | Val Loss: 0.768023 (Base: 0.2877, DTW: 0.1382, TopK: 0.4954) | EMA No-Trend Loss: 0.772475 | LR: 8.49e-05
Epoch [56/100] | Train Loss: 0.7137 (Base: 0.2610, Trend: 0.1621, DTW: 0.0967, TopK: 0.4654) | Val Loss: 0.771298 (Base: 0.2908, DTW: 0.1406, TopK: 0.4769) | EMA No-Trend Loss: 0.772180 | LR: 8.19e-05
Epoch [57/100] | Train Loss: 0.7086 (Base: 0.2596, Trend: 0.1613, DTW: 0.0956, TopK: 0.4627) | Val Loss: 0.780080 (Base: 0.2939, DTW: 0.1413, TopK: 0.4900) | EMA No-Trend Loss: 0.774155 | LR: 7.88e-05
Epoch [58/100] | Train Loss: 0.7059 (Base: 0.2592, Trend: 0.1618, DTW: 0.0950, TopK: 0.4596) | Val Loss: 0.775977 (Base: 0.2899, DTW: 0.1408, TopK: 0.4939) | EMA No-Trend Loss: 0.774611 | LR: 7.58e-05
Epoch [59/100] | Train Loss: 0.7038 (Base: 0.2585, Trend: 0.1616, DTW: 0.0945, TopK: 0.4592) | Val Loss: 0.783249 (Base: 0.2958, DTW: 0.1418, TopK: 0.4907) | EMA No-Trend Loss: 0.776770 | LR: 7.27e-05
Epoch [60/100] | Train Loss: 0.6997 (Base: 0.2568, Trend: 0.1609, DTW: 0.0938, TopK: 0.4572) | Val Loss: 0.778713 (Base: 0.2945, DTW: 0.1408, TopK: 0.4879) | EMA No-Trend Loss: 0.777256 | LR: 6.98e-05
Epoch [61/100] | Train Loss: 0.6990 (Base: 0.2571, Trend: 0.1619, DTW: 0.0935, TopK: 0.4555) | Val Loss: 0.772907 (Base: 0.2899, DTW: 0.1388, TopK: 0.4994) | EMA No-Trend Loss: 0.776169 | LR: 6.68e-05
Epoch [62/100] | Train Loss: 0.6982 (Base: 0.2569, Trend: 0.1616, DTW: 0.0932, TopK: 0.4565) | Val Loss: 0.781122 (Base: 0.2931, DTW: 0.1418, TopK: 0.4925) | EMA No-Trend Loss: 0.777407 | LR: 6.39e-05
Epoch [63/100] | Train Loss: 0.6942 (Base: 0.2558, Trend: 0.1618, DTW: 0.0922, TopK: 0.4537) | Val Loss: 0.772250 (Base: 0.2907, DTW: 0.1389, TopK: 0.4935) | EMA No-Trend Loss: 0.776118 | LR: 6.10e-05
Epoch [64/100] | Train Loss: 0.6931 (Base: 0.2553, Trend: 0.1619, DTW: 0.0919, TopK: 0.4540) | Val Loss: 0.773760 (Base: 0.2922, DTW: 0.1391, TopK: 0.4928) | EMA No-Trend Loss: 0.775528 | LR: 5.81e-05
Epoch [65/100] | Train Loss: 0.6881 (Base: 0.2541, Trend: 0.1612, DTW: 0.0910, TopK: 0.4501) | Val Loss: 0.771017 (Base: 0.2887, DTW: 0.1390, TopK: 0.4960) | EMA No-Trend Loss: 0.774400 | LR: 5.53e-05
Epoch [66/100] | Train Loss: 0.6858 (Base: 0.2536, Trend: 0.1614, DTW: 0.0903, TopK: 0.4491) | Val Loss: 0.786989 (Base: 0.2951, DTW: 0.1437, TopK: 0.4903) | EMA No-Trend Loss: 0.777547 | LR: 5.26e-05
Epoch [67/100] | Train Loss: 0.6841 (Base: 0.2522, Trend: 0.1612, DTW: 0.0904, TopK: 0.4474) | Val Loss: 0.774058 (Base: 0.2930, DTW: 0.1392, TopK: 0.4902) | EMA No-Trend Loss: 0.776675 | LR: 4.99e-05
Epoch [68/100] | Train Loss: 0.6812 (Base: 0.2522, Trend: 0.1618, DTW: 0.0893, TopK: 0.4459) | Val Loss: 0.783395 (Base: 0.2931, DTW: 0.1418, TopK: 0.4996) | EMA No-Trend Loss: 0.778355 | LR: 4.72e-05
Epoch [69/100] | Train Loss: 0.6821 (Base: 0.2526, Trend: 0.1622, DTW: 0.0895, TopK: 0.4455) | Val Loss: 0.784420 (Base: 0.2954, DTW: 0.1423, TopK: 0.4918) | EMA No-Trend Loss: 0.779871 | LR: 4.46e-05
Epoch [70/100] | Train Loss: 0.6772 (Base: 0.2508, Trend: 0.1615, DTW: 0.0885, TopK: 0.4441) | Val Loss: 0.772009 (Base: 0.2890, DTW: 0.1383, TopK: 0.5038) | EMA No-Trend Loss: 0.777906 | LR: 4.20e-05
Epoch [71/100] | Train Loss: 0.6741 (Base: 0.2498, Trend: 0.1613, DTW: 0.0879, TopK: 0.4427) | Val Loss: 0.776518 (Base: 0.2935, DTW: 0.1408, TopK: 0.4832) | EMA No-Trend Loss: 0.777559 | LR: 3.95e-05
Epoch [72/100] | Train Loss: 0.6744 (Base: 0.2497, Trend: 0.1612, DTW: 0.0881, TopK: 0.4420) | Val Loss: 0.780270 (Base: 0.2901, DTW: 0.1415, TopK: 0.5019) | EMA No-Trend Loss: 0.778236 | LR: 3.71e-05
Epoch [73/100] | Train Loss: 0.6734 (Base: 0.2497, Trend: 0.1615, DTW: 0.0878, TopK: 0.4412) | Val Loss: 0.781240 (Base: 0.2933, DTW: 0.1422, TopK: 0.4889) | EMA No-Trend Loss: 0.778987 | LR: 3.47e-05
Epoch [74/100] | Train Loss: 0.6676 (Base: 0.2480, Trend: 0.1612, DTW: 0.0864, TopK: 0.4384) | Val Loss: 0.780853 (Base: 0.2948, DTW: 0.1418, TopK: 0.4860) | EMA No-Trend Loss: 0.779454 | LR: 3.24e-05
Epoch [75/100] | Train Loss: 0.6669 (Base: 0.2477, Trend: 0.1609, DTW: 0.0863, TopK: 0.4386) | Val Loss: 0.781294 (Base: 0.2918, DTW: 0.1419, TopK: 0.4962) | EMA No-Trend Loss: 0.779914 | LR: 3.01e-05
Epoch [76/100] | Train Loss: 0.6679 (Base: 0.2478, Trend: 0.1620, DTW: 0.0863, TopK: 0.4400) | Val Loss: 0.777973 (Base: 0.2935, DTW: 0.1402, TopK: 0.4935) | EMA No-Trend Loss: 0.779429 | LR: 2.80e-05
Epoch [77/100] | Train Loss: 0.6628 (Base: 0.2465, Trend: 0.1612, DTW: 0.0853, TopK: 0.4362) | Val Loss: 0.778333 (Base: 0.2921, DTW: 0.1408, TopK: 0.4943) | EMA No-Trend Loss: 0.779155 | LR: 2.59e-05
Epoch [78/100] | Train Loss: 0.6647 (Base: 0.2466, Trend: 0.1612, DTW: 0.0858, TopK: 0.4382) | Val Loss: 0.792344 (Base: 0.2965, DTW: 0.1452, TopK: 0.4912) | EMA No-Trend Loss: 0.782452 | LR: 2.38e-05
Epoch [79/100] | Train Loss: 0.6604 (Base: 0.2458, Trend: 0.1608, DTW: 0.0849, TopK: 0.4344) | Val Loss: 0.784436 (Base: 0.2935, DTW: 0.1430, TopK: 0.4925) | EMA No-Trend Loss: 0.782948 | LR: 2.19e-05
Epoch [80/100] | Train Loss: 0.6638 (Base: 0.2468, Trend: 0.1619, DTW: 0.0854, TopK: 0.4368) | Val Loss: 0.780139 (Base: 0.2918, DTW: 0.1415, TopK: 0.4954) | EMA No-Trend Loss: 0.782246 | LR: 2.00e-05
Epoch [81/100] | Train Loss: 0.6616 (Base: 0.2467, Trend: 0.1619, DTW: 0.0848, TopK: 0.4348) | Val Loss: 0.780850 (Base: 0.2929, DTW: 0.1419, TopK: 0.4912) | EMA No-Trend Loss: 0.781897 | LR: 1.82e-05
Epoch [82/100] | Train Loss: 0.6602 (Base: 0.2455, Trend: 0.1613, DTW: 0.0849, TopK: 0.4345) | Val Loss: 0.777163 (Base: 0.2915, DTW: 0.1410, TopK: 0.4906) | EMA No-Trend Loss: 0.780713 | LR: 1.65e-05
Epoch [83/100] | Train Loss: 0.6559 (Base: 0.2445, Trend: 0.1610, DTW: 0.0840, TopK: 0.4311) | Val Loss: 0.781646 (Base: 0.2939, DTW: 0.1425, TopK: 0.4862) | EMA No-Trend Loss: 0.780946 | LR: 1.49e-05
Epoch [84/100] | Train Loss: 0.6562 (Base: 0.2444, Trend: 0.1609, DTW: 0.0841, TopK: 0.4320) | Val Loss: 0.781255 (Base: 0.2918, DTW: 0.1422, TopK: 0.4944) | EMA No-Trend Loss: 0.781024 | LR: 1.33e-05
Epoch [85/100] | Train Loss: 0.6595 (Base: 0.2456, Trend: 0.1624, DTW: 0.0843, TopK: 0.4343) | Val Loss: 0.779366 (Base: 0.2913, DTW: 0.1420, TopK: 0.4906) | EMA No-Trend Loss: 0.780609 | LR: 1.18e-05
Epoch [86/100] | Train Loss: 0.6524 (Base: 0.2435, Trend: 0.1601, DTW: 0.0834, TopK: 0.4286) | Val Loss: 0.780715 (Base: 0.2930, DTW: 0.1421, TopK: 0.4888) | EMA No-Trend Loss: 0.780636 | LR: 1.05e-05
Epoch [87/100] | Train Loss: 0.6553 (Base: 0.2442, Trend: 0.1614, DTW: 0.0839, TopK: 0.4304) | Val Loss: 0.785997 (Base: 0.2949, DTW: 0.1430, TopK: 0.4935) | EMA No-Trend Loss: 0.781976 | LR: 9.18e-06
Epoch [88/100] | Train Loss: 0.6569 (Base: 0.2446, Trend: 0.1618, DTW: 0.0841, TopK: 0.4322) | Val Loss: 0.781964 (Base: 0.2935, DTW: 0.1423, TopK: 0.4902) | EMA No-Trend Loss: 0.781973 | LR: 7.99e-06
Epoch [89/100] | Train Loss: 0.6540 (Base: 0.2434, Trend: 0.1611, DTW: 0.0837, TopK: 0.4307) | Val Loss: 0.777340 (Base: 0.2912, DTW: 0.1407, TopK: 0.4950) | EMA No-Trend Loss: 0.780815 | LR: 6.88e-06
Epoch [90/100] | Train Loss: 0.6552 (Base: 0.2445, Trend: 0.1622, DTW: 0.0834, TopK: 0.4313) | Val Loss: 0.778156 (Base: 0.2923, DTW: 0.1409, TopK: 0.4921) | EMA No-Trend Loss: 0.780150 | LR: 5.87e-06
Epoch [91/100] | Train Loss: 0.6533 (Base: 0.2437, Trend: 0.1619, DTW: 0.0830, TopK: 0.4315) | Val Loss: 0.784314 (Base: 0.2941, DTW: 0.1426, TopK: 0.4935) | EMA No-Trend Loss: 0.781191 | LR: 4.95e-06
Epoch [92/100] | Train Loss: 0.6487 (Base: 0.2423, Trend: 0.1610, DTW: 0.0823, TopK: 0.4278) | Val Loss: 0.788904 (Base: 0.2948, DTW: 0.1432, TopK: 0.5017) | EMA No-Trend Loss: 0.783119 | LR: 4.13e-06
Epoch [93/100] | Train Loss: 0.6485 (Base: 0.2421, Trend: 0.1610, DTW: 0.0823, TopK: 0.4282) | Val Loss: 0.785217 (Base: 0.2946, DTW: 0.1427, TopK: 0.4938) | EMA No-Trend Loss: 0.783644 | LR: 3.40e-06
Epoch [94/100] | Train Loss: 0.6508 (Base: 0.2430, Trend: 0.1615, DTW: 0.0827, TopK: 0.4286) | Val Loss: 0.778202 (Base: 0.2921, DTW: 0.1410, TopK: 0.4925) | EMA No-Trend Loss: 0.782283 | LR: 2.76e-06
Epoch [95/100] | Train Loss: 0.6491 (Base: 0.2424, Trend: 0.1610, DTW: 0.0824, TopK: 0.4280) | Val Loss: 0.787187 (Base: 0.2957, DTW: 0.1430, TopK: 0.4938) | EMA No-Trend Loss: 0.783509 | LR: 2.23e-06
Epoch [96/100] | Train Loss: 0.6466 (Base: 0.2419, Trend: 0.1607, DTW: 0.0819, TopK: 0.4262) | Val Loss: 0.780415 (Base: 0.2914, DTW: 0.1422, TopK: 0.4926) | EMA No-Trend Loss: 0.782735 | LR: 1.78e-06
Epoch [97/100] | Train Loss: 0.6524 (Base: 0.2430, Trend: 0.1613, DTW: 0.0830, TopK: 0.4315) | Val Loss: 0.775974 (Base: 0.2931, DTW: 0.1402, TopK: 0.4880) | EMA No-Trend Loss: 0.781045 | LR: 1.44e-06
Epoch [98/100] | Train Loss: 0.6540 (Base: 0.2436, Trend: 0.1623, DTW: 0.0833, TopK: 0.4313) | Val Loss: 0.783848 (Base: 0.2942, DTW: 0.1427, TopK: 0.4907) | EMA No-Trend Loss: 0.781746 | LR: 1.20e-06
Epoch [99/100] | Train Loss: 0.6516 (Base: 0.2434, Trend: 0.1617, DTW: 0.0828, TopK: 0.4288) | Val Loss: 0.781476 (Base: 0.2941, DTW: 0.1416, TopK: 0.4916) | EMA No-Trend Loss: 0.781678 | LR: 1.05e-06
Epoch [100/100] | Train Loss: 0.6489 (Base: 0.2424, Trend: 0.1613, DTW: 0.0822, TopK: 0.4289) | Val Loss: 0.785127 (Base: 0.2938, DTW: 0.1427, TopK: 0.4962) | EMA No-Trend Loss: 0.782540 | LR: 1.00e-06
