[*] Process seed: 1
Building static profile features from historical data...
[*] Total trainable parameters: 1,904,129
Epoch [1/100] | Train Mixed Loss (Trend, limit=2): 1.0794 (Base: 0.3402, DTW: 0.1976, TopK: 0.6046) | Val Mixed Loss (NoTrend, limit=2): 0.9166 (Base: 0.3318, DTW: 0.1809, TopK: 0.5022) | EMA NoTrend Loss: 0.916629 | LR: 1.00e-04
Epoch [2/100] | Train Mixed Loss (Trend, limit=2): 0.9930 (Base: 0.3313, DTW: 0.1654, TopK: 0.5964) | Val Mixed Loss (NoTrend, limit=2): 0.8490 (Base: 0.3155, DTW: 0.1549, TopK: 0.5393) | EMA NoTrend Loss: 0.899722 | LR: 9.99e-05
Epoch [3/100] | Train Mixed Loss (Trend, limit=2): 0.9538 (Base: 0.3233, DTW: 0.1544, TopK: 0.5825) | Val Mixed Loss (NoTrend, limit=2): 0.8072 (Base: 0.2999, DTW: 0.1447, TopK: 0.5333) | EMA NoTrend Loss: 0.876597 | LR: 9.98e-05
Epoch [4/100] | Train Mixed Loss (Trend, limit=2): 0.9377 (Base: 0.3200, DTW: 0.1500, TopK: 0.5763) | Val Mixed Loss (NoTrend, limit=2): 0.8209 (Base: 0.3096, DTW: 0.1507, TopK: 0.4982) | EMA NoTrend Loss: 0.862668 | LR: 9.96e-05
Epoch [5/100] | Train Mixed Loss (Trend, limit=2): 0.9229 (Base: 0.3162, DTW: 0.1461, TopK: 0.5712) | Val Mixed Loss (NoTrend, limit=2): 0.7835 (Base: 0.2932, DTW: 0.1377, TopK: 0.5330) | EMA NoTrend Loss: 0.842869 | LR: 9.94e-05
Epoch [6/100] | Train Mixed Loss (Trend, limit=2): 0.9101 (Base: 0.3136, DTW: 0.1428, TopK: 0.5638) | Val Mixed Loss (NoTrend, limit=2): 0.7887 (Base: 0.2909, DTW: 0.1368, TopK: 0.5649) | EMA NoTrend Loss: 0.829332 | LR: 9.91e-05
Epoch [7/100] | Train Mixed Loss (Trend, limit=2): 0.8994 (Base: 0.3105, DTW: 0.1403, TopK: 0.5593) | Val Mixed Loss (NoTrend, limit=2): 0.7815 (Base: 0.2945, DTW: 0.1392, TopK: 0.5099) | EMA NoTrend Loss: 0.817386 | LR: 9.88e-05
Epoch [8/100] | Train Mixed Loss (Trend, limit=2): 0.8897 (Base: 0.3074, DTW: 0.1384, TopK: 0.5552) | Val Mixed Loss (NoTrend, limit=2): 0.7710 (Base: 0.2931, DTW: 0.1350, TopK: 0.5134) | EMA NoTrend Loss: 0.805796 | LR: 9.84e-05
Epoch [9/100] | Train Mixed Loss (Trend, limit=2): 0.8786 (Base: 0.3055, DTW: 0.1354, TopK: 0.5495) | Val Mixed Loss (NoTrend, limit=2): 0.8000 (Base: 0.3104, DTW: 0.1446, TopK: 0.4751) | EMA NoTrend Loss: 0.804338 | LR: 9.80e-05
Epoch [10/100] | Train Mixed Loss (Trend, limit=2): 0.8707 (Base: 0.3023, DTW: 0.1340, TopK: 0.5473) | Val Mixed Loss (NoTrend, limit=2): 0.7684 (Base: 0.2901, DTW: 0.1348, TopK: 0.5163) | EMA NoTrend Loss: 0.795364 | LR: 9.76e-05
Epoch [11/100] | Train Mixed Loss (Trend, limit=2): 0.8626 (Base: 0.3016, DTW: 0.1315, TopK: 0.5424) | Val Mixed Loss (NoTrend, limit=2): 0.7646 (Base: 0.2913, DTW: 0.1356, TopK: 0.4931) | EMA NoTrend Loss: 0.787670 | LR: 9.71e-05
Epoch [12/100] | Train Mixed Loss (Trend, limit=2): 0.8627 (Base: 0.3010, DTW: 0.1319, TopK: 0.5428) | Val Mixed Loss (NoTrend, limit=2): 0.7655 (Base: 0.2902, DTW: 0.1366, TopK: 0.4914) | EMA NoTrend Loss: 0.782118 | LR: 9.65e-05
Epoch [13/100] | Train Mixed Loss (Trend, limit=2): 0.8490 (Base: 0.2976, DTW: 0.1283, TopK: 0.5379) | Val Mixed Loss (NoTrend, limit=2): 0.7622 (Base: 0.2947, DTW: 0.1359, TopK: 0.4709) | EMA NoTrend Loss: 0.777131 | LR: 9.59e-05
Epoch [14/100] | Train Mixed Loss (Trend, limit=2): 0.8409 (Base: 0.2960, DTW: 0.1267, TopK: 0.5304) | Val Mixed Loss (NoTrend, limit=2): 0.7628 (Base: 0.2939, DTW: 0.1354, TopK: 0.4799) | EMA NoTrend Loss: 0.773550 | LR: 9.53e-05
Epoch [15/100] | Train Mixed Loss (Trend, limit=2): 0.8405 (Base: 0.2953, DTW: 0.1265, TopK: 0.5323) | Val Mixed Loss (NoTrend, limit=2): 0.7544 (Base: 0.2886, DTW: 0.1337, TopK: 0.4836) | EMA NoTrend Loss: 0.768767 | LR: 9.46e-05
Epoch [16/100] | Train Mixed Loss (Trend, limit=2): 0.8312 (Base: 0.2932, DTW: 0.1244, TopK: 0.5260) | Val Mixed Loss (NoTrend, limit=2): 0.7461 (Base: 0.2838, DTW: 0.1314, TopK: 0.4891) | EMA NoTrend Loss: 0.763088 | LR: 9.39e-05
Epoch [17/100] | Train Mixed Loss (Trend, limit=2): 0.8249 (Base: 0.2912, DTW: 0.1233, TopK: 0.5228) | Val Mixed Loss (NoTrend, limit=2): 0.7577 (Base: 0.2878, DTW: 0.1333, TopK: 0.4997) | EMA NoTrend Loss: 0.761740 | LR: 9.31e-05
Epoch [18/100] | Train Mixed Loss (Trend, limit=2): 0.8163 (Base: 0.2887, DTW: 0.1214, TopK: 0.5187) | Val Mixed Loss (NoTrend, limit=2): 0.7603 (Base: 0.2946, DTW: 0.1354, TopK: 0.4690) | EMA NoTrend Loss: 0.761380 | LR: 9.23e-05
Epoch [19/100] | Train Mixed Loss (Trend, limit=2): 0.8133 (Base: 0.2882, DTW: 0.1207, TopK: 0.5164) | Val Mixed Loss (NoTrend, limit=2): 0.7890 (Base: 0.3078, DTW: 0.1432, TopK: 0.4589) | EMA NoTrend Loss: 0.768294 | LR: 9.14e-05
Epoch [20/100] | Train Mixed Loss (Trend, limit=2): 0.8128 (Base: 0.2884, DTW: 0.1202, TopK: 0.5164) | Val Mixed Loss (NoTrend, limit=2): 0.7617 (Base: 0.2938, DTW: 0.1368, TopK: 0.4655) | EMA NoTrend Loss: 0.766654 | LR: 9.05e-05
Epoch [21/100] | Train Mixed Loss (Trend, limit=2): 0.8013 (Base: 0.2850, DTW: 0.1178, TopK: 0.5106) | Val Mixed Loss (NoTrend, limit=2): 0.7565 (Base: 0.2913, DTW: 0.1333, TopK: 0.4843) | EMA NoTrend Loss: 0.764122 | LR: 8.96e-05
Epoch [22/100] | Train Mixed Loss (Trend, limit=2): 0.8064 (Base: 0.2867, DTW: 0.1187, TopK: 0.5128) | Val Mixed Loss (NoTrend, limit=2): 0.7494 (Base: 0.2844, DTW: 0.1318, TopK: 0.4957) | EMA NoTrend Loss: 0.760447 | LR: 8.86e-05
Epoch [23/100] | Train Mixed Loss (Trend, limit=2): 0.7986 (Base: 0.2840, DTW: 0.1171, TopK: 0.5099) | Val Mixed Loss (NoTrend, limit=2): 0.7435 (Base: 0.2844, DTW: 0.1312, TopK: 0.4809) | EMA NoTrend Loss: 0.756211 | LR: 8.76e-05
Epoch [24/100] | Train Mixed Loss (Trend, limit=2): 0.7948 (Base: 0.2832, DTW: 0.1163, TopK: 0.5056) | Val Mixed Loss (NoTrend, limit=2): 0.7469 (Base: 0.2810, DTW: 0.1299, TopK: 0.5136) | EMA NoTrend Loss: 0.753890 | LR: 8.66e-05
Epoch [25/100] | Train Mixed Loss (Trend, limit=2): 0.7909 (Base: 0.2825, DTW: 0.1152, TopK: 0.5043) | Val Mixed Loss (NoTrend, limit=2): 0.7481 (Base: 0.2879, DTW: 0.1319, TopK: 0.4791) | EMA NoTrend Loss: 0.752451 | LR: 8.55e-05
Epoch [26/100] | Train Mixed Loss (Trend, limit=2): 0.7852 (Base: 0.2809, DTW: 0.1139, TopK: 0.5018) | Val Mixed Loss (NoTrend, limit=2): 0.7385 (Base: 0.2837, DTW: 0.1298, TopK: 0.4774) | EMA NoTrend Loss: 0.748958 | LR: 8.44e-05
Epoch [27/100] | Train Mixed Loss (Trend, limit=2): 0.7839 (Base: 0.2807, DTW: 0.1136, TopK: 0.5001) | Val Mixed Loss (NoTrend, limit=2): 0.7393 (Base: 0.2829, DTW: 0.1290, TopK: 0.4894) | EMA NoTrend Loss: 0.746554 | LR: 8.32e-05
Epoch [28/100] | Train Mixed Loss (Trend, limit=2): 0.7771 (Base: 0.2787, DTW: 0.1120, TopK: 0.4972) | Val Mixed Loss (NoTrend, limit=2): 0.7592 (Base: 0.2912, DTW: 0.1349, TopK: 0.4811) | EMA NoTrend Loss: 0.749727 | LR: 8.21e-05
Epoch [29/100] | Train Mixed Loss (Trend, limit=2): 0.7723 (Base: 0.2772, DTW: 0.1108, TopK: 0.4953) | Val Mixed Loss (NoTrend, limit=2): 0.7417 (Base: 0.2885, DTW: 0.1314, TopK: 0.4593) | EMA NoTrend Loss: 0.747715 | LR: 8.08e-05
Epoch [30/100] | Train Mixed Loss (Trend, limit=2): 0.7717 (Base: 0.2769, DTW: 0.1110, TopK: 0.4928) | Val Mixed Loss (NoTrend, limit=2): 0.7346 (Base: 0.2802, DTW: 0.1282, TopK: 0.4891) | EMA NoTrend Loss: 0.744432 | LR: 7.96e-05
Epoch [31/100] | Train Mixed Loss (Trend, limit=2): 0.7654 (Base: 0.2756, DTW: 0.1093, TopK: 0.4900) | Val Mixed Loss (NoTrend, limit=2): 0.7438 (Base: 0.2856, DTW: 0.1300, TopK: 0.4874) | EMA NoTrend Loss: 0.744273 | LR: 7.83e-05
Epoch [32/100] | Train Mixed Loss (Trend, limit=2): 0.7636 (Base: 0.2757, DTW: 0.1085, TopK: 0.4892) | Val Mixed Loss (NoTrend, limit=2): 0.7629 (Base: 0.2977, DTW: 0.1372, TopK: 0.4532) | EMA NoTrend Loss: 0.748918 | LR: 7.70e-05
Epoch [33/100] | Train Mixed Loss (Trend, limit=2): 0.7609 (Base: 0.2744, DTW: 0.1080, TopK: 0.4888) | Val Mixed Loss (NoTrend, limit=2): 0.7385 (Base: 0.2842, DTW: 0.1306, TopK: 0.4694) | EMA NoTrend Loss: 0.746310 | LR: 7.57e-05
Epoch [34/100] | Train Mixed Loss (Trend, limit=2): 0.7579 (Base: 0.2735, DTW: 0.1076, TopK: 0.4858) | Val Mixed Loss (NoTrend, limit=2): 0.7495 (Base: 0.2886, DTW: 0.1325, TopK: 0.4767) | EMA NoTrend Loss: 0.747112 | LR: 7.43e-05
Epoch [35/100] | Train Mixed Loss (Trend, limit=2): 0.7553 (Base: 0.2724, DTW: 0.1071, TopK: 0.4852) | Val Mixed Loss (NoTrend, limit=2): 0.7658 (Base: 0.2985, DTW: 0.1382, TopK: 0.4516) | EMA NoTrend Loss: 0.751783 | LR: 7.30e-05
Epoch [36/100] | Train Mixed Loss (Trend, limit=2): 0.7533 (Base: 0.2722, DTW: 0.1064, TopK: 0.4850) | Val Mixed Loss (NoTrend, limit=2): 0.7489 (Base: 0.2908, DTW: 0.1338, TopK: 0.4568) | EMA NoTrend Loss: 0.751073 | LR: 7.16e-05
Epoch [37/100] | Train Mixed Loss (Trend, limit=2): 0.7468 (Base: 0.2708, DTW: 0.1048, TopK: 0.4808) | Val Mixed Loss (NoTrend, limit=2): 0.7322 (Base: 0.2801, DTW: 0.1286, TopK: 0.4786) | EMA NoTrend Loss: 0.746359 | LR: 7.02e-05
Epoch [38/100] | Train Mixed Loss (Trend, limit=2): 0.7496 (Base: 0.2718, DTW: 0.1052, TopK: 0.4808) | Val Mixed Loss (NoTrend, limit=2): 0.7601 (Base: 0.2949, DTW: 0.1361, TopK: 0.4619) | EMA NoTrend Loss: 0.749804 | LR: 6.87e-05
Epoch [39/100] | Train Mixed Loss (Trend, limit=2): 0.7413 (Base: 0.2685, DTW: 0.1039, TopK: 0.4766) | Val Mixed Loss (NoTrend, limit=2): 0.7326 (Base: 0.2807, DTW: 0.1293, TopK: 0.4715) | EMA NoTrend Loss: 0.745500 | LR: 6.73e-05
Epoch [40/100] | Train Mixed Loss (Trend, limit=2): 0.7375 (Base: 0.2677, DTW: 0.1028, TopK: 0.4760) | Val Mixed Loss (NoTrend, limit=2): 0.7386 (Base: 0.2842, DTW: 0.1308, TopK: 0.4685) | EMA NoTrend Loss: 0.743781 | LR: 6.58e-05
Epoch [41/100] | Train Mixed Loss (Trend, limit=2): 0.7339 (Base: 0.2662, DTW: 0.1025, TopK: 0.4720) | Val Mixed Loss (NoTrend, limit=2): 0.7465 (Base: 0.2890, DTW: 0.1331, TopK: 0.4606) | EMA NoTrend Loss: 0.744468 | LR: 6.43e-05
Epoch [42/100] | Train Mixed Loss (Trend, limit=2): 0.7347 (Base: 0.2666, DTW: 0.1022, TopK: 0.4736) | Val Mixed Loss (NoTrend, limit=2): 0.7394 (Base: 0.2834, DTW: 0.1306, TopK: 0.4756) | EMA NoTrend Loss: 0.743211 | LR: 6.28e-05
Epoch [43/100] | Train Mixed Loss (Trend, limit=2): 0.7280 (Base: 0.2651, DTW: 0.1005, TopK: 0.4702) | Val Mixed Loss (NoTrend, limit=2): 0.7533 (Base: 0.2944, DTW: 0.1345, TopK: 0.4537) | EMA NoTrend Loss: 0.745743 | LR: 6.13e-05
Epoch [44/100] | Train Mixed Loss (Trend, limit=2): 0.7275 (Base: 0.2654, DTW: 0.1003, TopK: 0.4693) | Val Mixed Loss (NoTrend, limit=2): 0.7526 (Base: 0.2899, DTW: 0.1332, TopK: 0.4769) | EMA NoTrend Loss: 0.747458 | LR: 5.98e-05
Epoch [45/100] | Train Mixed Loss (Trend, limit=2): 0.7259 (Base: 0.2645, DTW: 0.0999, TopK: 0.4693) | Val Mixed Loss (NoTrend, limit=2): 0.7388 (Base: 0.2866, DTW: 0.1298, TopK: 0.4687) | EMA NoTrend Loss: 0.745300 | LR: 5.82e-05
Epoch [46/100] | Train Mixed Loss (Trend, limit=2): 0.7195 (Base: 0.2626, DTW: 0.0985, TopK: 0.4662) | Val Mixed Loss (NoTrend, limit=2): 0.7486 (Base: 0.2895, DTW: 0.1340, TopK: 0.4587) | EMA NoTrend Loss: 0.746125 | LR: 5.67e-05
Epoch [47/100] | Train Mixed Loss (Trend, limit=2): 0.7176 (Base: 0.2622, DTW: 0.0980, TopK: 0.4656) | Val Mixed Loss (NoTrend, limit=2): 0.7320 (Base: 0.2800, DTW: 0.1293, TopK: 0.4723) | EMA NoTrend Loss: 0.742606 | LR: 5.52e-05
Epoch [48/100] | Train Mixed Loss (Trend, limit=2): 0.7152 (Base: 0.2613, DTW: 0.0976, TopK: 0.4634) | Val Mixed Loss (NoTrend, limit=2): 0.7391 (Base: 0.2869, DTW: 0.1313, TopK: 0.4570) | EMA NoTrend Loss: 0.741733 | LR: 5.36e-05
Epoch [49/100] | Train Mixed Loss (Trend, limit=2): 0.7148 (Base: 0.2612, DTW: 0.0976, TopK: 0.4620) | Val Mixed Loss (NoTrend, limit=2): 0.7437 (Base: 0.2837, DTW: 0.1319, TopK: 0.4781) | EMA NoTrend Loss: 0.742213 | LR: 5.21e-05
Epoch [50/100] | Train Mixed Loss (Trend, limit=2): 0.7088 (Base: 0.2597, DTW: 0.0962, TopK: 0.4590) | Val Mixed Loss (NoTrend, limit=2): 0.7521 (Base: 0.2896, DTW: 0.1346, TopK: 0.4648) | EMA NoTrend Loss: 0.744691 | LR: 5.05e-05
Epoch [51/100] | Train Mixed Loss (Trend, limit=2): 0.7064 (Base: 0.2593, DTW: 0.0955, TopK: 0.4573) | Val Mixed Loss (NoTrend, limit=2): 0.7408 (Base: 0.2827, DTW: 0.1312, TopK: 0.4777) | EMA NoTrend Loss: 0.743723 | LR: 4.89e-05
Epoch [52/100] | Train Mixed Loss (Trend, limit=2): 0.7046 (Base: 0.2584, DTW: 0.0951, TopK: 0.4576) | Val Mixed Loss (NoTrend, limit=2): 0.7332 (Base: 0.2814, DTW: 0.1297, TopK: 0.4678) | EMA NoTrend Loss: 0.741085 | LR: 4.74e-05
Epoch [53/100] | Train Mixed Loss (Trend, limit=2): 0.7029 (Base: 0.2579, DTW: 0.0946, TopK: 0.4576) | Val Mixed Loss (NoTrend, limit=2): 0.7280 (Base: 0.2774, DTW: 0.1277, TopK: 0.4806) | EMA NoTrend Loss: 0.737811 | LR: 4.58e-05
Epoch [54/100] | Train Mixed Loss (Trend, limit=2): 0.6989 (Base: 0.2568, DTW: 0.0939, TopK: 0.4539) | Val Mixed Loss (NoTrend, limit=2): 0.7382 (Base: 0.2824, DTW: 0.1305, TopK: 0.4750) | EMA NoTrend Loss: 0.737903 | LR: 4.43e-05
Epoch [55/100] | Train Mixed Loss (Trend, limit=2): 0.6969 (Base: 0.2562, DTW: 0.0936, TopK: 0.4519) | Val Mixed Loss (NoTrend, limit=2): 0.7389 (Base: 0.2846, DTW: 0.1303, TopK: 0.4721) | EMA NoTrend Loss: 0.738144 | LR: 4.28e-05
Epoch [56/100] | Train Mixed Loss (Trend, limit=2): 0.7008 (Base: 0.2572, DTW: 0.0940, TopK: 0.4558) | Val Mixed Loss (NoTrend, limit=2): 0.7278 (Base: 0.2787, DTW: 0.1272, TopK: 0.4798) | EMA NoTrend Loss: 0.735570 | LR: 4.12e-05
Epoch [57/100] | Train Mixed Loss (Trend, limit=2): 0.6960 (Base: 0.2559, DTW: 0.0929, TopK: 0.4534) | Val Mixed Loss (NoTrend, limit=2): 0.7520 (Base: 0.2902, DTW: 0.1344, TopK: 0.4644) | EMA NoTrend Loss: 0.739684 | LR: 3.97e-05
Epoch [58/100] | Train Mixed Loss (Trend, limit=2): 0.6917 (Base: 0.2546, DTW: 0.0922, TopK: 0.4502) | Val Mixed Loss (NoTrend, limit=2): 0.7429 (Base: 0.2856, DTW: 0.1321, TopK: 0.4675) | EMA NoTrend Loss: 0.740497 | LR: 3.82e-05
Epoch [59/100] | Train Mixed Loss (Trend, limit=2): 0.6912 (Base: 0.2541, DTW: 0.0920, TopK: 0.4507) | Val Mixed Loss (NoTrend, limit=2): 0.7340 (Base: 0.2822, DTW: 0.1301, TopK: 0.4650) | EMA NoTrend Loss: 0.738883 | LR: 3.67e-05
Epoch [60/100] | Train Mixed Loss (Trend, limit=2): 0.6921 (Base: 0.2546, DTW: 0.0919, TopK: 0.4521) | Val Mixed Loss (NoTrend, limit=2): 0.7476 (Base: 0.2881, DTW: 0.1341, TopK: 0.4587) | EMA NoTrend Loss: 0.741067 | LR: 3.52e-05
Epoch [61/100] | Train Mixed Loss (Trend, limit=2): 0.6875 (Base: 0.2536, DTW: 0.0910, TopK: 0.4485) | Val Mixed Loss (NoTrend, limit=2): 0.7343 (Base: 0.2825, DTW: 0.1297, TopK: 0.4682) | EMA NoTrend Loss: 0.739368 | LR: 3.37e-05
Epoch [62/100] | Train Mixed Loss (Trend, limit=2): 0.6842 (Base: 0.2523, DTW: 0.0904, TopK: 0.4473) | Val Mixed Loss (NoTrend, limit=2): 0.7424 (Base: 0.2860, DTW: 0.1328, TopK: 0.4589) | EMA NoTrend Loss: 0.740122 | LR: 3.23e-05
Epoch [63/100] | Train Mixed Loss (Trend, limit=2): 0.6868 (Base: 0.2533, DTW: 0.0910, TopK: 0.4459) | Val Mixed Loss (NoTrend, limit=2): 0.7377 (Base: 0.2862, DTW: 0.1311, TopK: 0.4562) | EMA NoTrend Loss: 0.739526 | LR: 3.08e-05
Epoch [64/100] | Train Mixed Loss (Trend, limit=2): 0.6814 (Base: 0.2519, DTW: 0.0896, TopK: 0.4445) | Val Mixed Loss (NoTrend, limit=2): 0.7391 (Base: 0.2839, DTW: 0.1308, TopK: 0.4707) | EMA NoTrend Loss: 0.739426 | LR: 2.94e-05
Epoch [65/100] | Train Mixed Loss (Trend, limit=2): 0.6815 (Base: 0.2516, DTW: 0.0896, TopK: 0.4456) | Val Mixed Loss (NoTrend, limit=2): 0.7511 (Base: 0.2902, DTW: 0.1345, TopK: 0.4603) | EMA NoTrend Loss: 0.742334 | LR: 2.80e-05
Epoch [66/100] | Train Mixed Loss (Trend, limit=2): 0.6819 (Base: 0.2522, DTW: 0.0893, TopK: 0.4461) | Val Mixed Loss (NoTrend, limit=2): 0.7444 (Base: 0.2869, DTW: 0.1328, TopK: 0.4627) | EMA NoTrend Loss: 0.742861 | LR: 2.67e-05
Epoch [67/100] | Train Mixed Loss (Trend, limit=2): 0.6767 (Base: 0.2507, DTW: 0.0886, TopK: 0.4411) | Val Mixed Loss (NoTrend, limit=2): 0.7443 (Base: 0.2872, DTW: 0.1325, TopK: 0.4634) | EMA NoTrend Loss: 0.743220 | LR: 2.53e-05
Epoch [68/100] | Train Mixed Loss (Trend, limit=2): 0.6748 (Base: 0.2493, DTW: 0.0883, TopK: 0.4418) | Val Mixed Loss (NoTrend, limit=2): 0.7426 (Base: 0.2857, DTW: 0.1319, TopK: 0.4677) | EMA NoTrend Loss: 0.743063 | LR: 2.40e-05
Epoch [69/100] | Train Mixed Loss (Trend, limit=2): 0.6717 (Base: 0.2494, DTW: 0.0874, TopK: 0.4383) | Val Mixed Loss (NoTrend, limit=2): 0.7455 (Base: 0.2878, DTW: 0.1332, TopK: 0.4606) | EMA NoTrend Loss: 0.743684 | LR: 2.27e-05
Epoch [70/100] | Train Mixed Loss (Trend, limit=2): 0.6678 (Base: 0.2481, DTW: 0.0867, TopK: 0.4363) | Val Mixed Loss (NoTrend, limit=2): 0.7237 (Base: 0.2768, DTW: 0.1275, TopK: 0.4698) | EMA NoTrend Loss: 0.738697 | LR: 2.14e-05
Epoch [71/100] | Train Mixed Loss (Trend, limit=2): 0.6685 (Base: 0.2478, DTW: 0.0869, TopK: 0.4368) | Val Mixed Loss (NoTrend, limit=2): 0.7488 (Base: 0.2883, DTW: 0.1332, TopK: 0.4695) | EMA NoTrend Loss: 0.741221 | LR: 2.02e-05
Epoch [72/100] | Train Mixed Loss (Trend, limit=2): 0.6675 (Base: 0.2474, DTW: 0.0867, TopK: 0.4362) | Val Mixed Loss (NoTrend, limit=2): 0.7429 (Base: 0.2853, DTW: 0.1317, TopK: 0.4719) | EMA NoTrend Loss: 0.741631 | LR: 1.89e-05
Epoch [73/100] | Train Mixed Loss (Trend, limit=2): 0.6663 (Base: 0.2477, DTW: 0.0860, TopK: 0.4359) | Val Mixed Loss (NoTrend, limit=2): 0.7510 (Base: 0.2874, DTW: 0.1343, TopK: 0.4711) | EMA NoTrend Loss: 0.743979 | LR: 1.78e-05
Epoch [74/100] | Train Mixed Loss (Trend, limit=2): 0.6643 (Base: 0.2470, DTW: 0.0858, TopK: 0.4341) | Val Mixed Loss (NoTrend, limit=2): 0.7415 (Base: 0.2850, DTW: 0.1320, TopK: 0.4660) | EMA NoTrend Loss: 0.743357 | LR: 1.66e-05
Epoch [75/100] | Train Mixed Loss (Trend, limit=2): 0.6652 (Base: 0.2467, DTW: 0.0859, TopK: 0.4367) | Val Mixed Loss (NoTrend, limit=2): 0.7493 (Base: 0.2889, DTW: 0.1333, TopK: 0.4684) | EMA NoTrend Loss: 0.744855 | LR: 1.55e-05
Epoch [76/100] | Train Mixed Loss (Trend, limit=2): 0.6649 (Base: 0.2474, DTW: 0.0857, TopK: 0.4343) | Val Mixed Loss (NoTrend, limit=2): 0.7462 (Base: 0.2881, DTW: 0.1331, TopK: 0.4627) | EMA NoTrend Loss: 0.745201 | LR: 1.44e-05
Epoch [77/100] | Train Mixed Loss (Trend, limit=2): 0.6654 (Base: 0.2472, DTW: 0.0857, TopK: 0.4364) | Val Mixed Loss (NoTrend, limit=2): 0.7425 (Base: 0.2849, DTW: 0.1323, TopK: 0.4673) | EMA NoTrend Loss: 0.744534 | LR: 1.34e-05
Epoch [78/100] | Train Mixed Loss (Trend, limit=2): 0.6604 (Base: 0.2456, DTW: 0.0847, TopK: 0.4336) | Val Mixed Loss (NoTrend, limit=2): 0.7402 (Base: 0.2853, DTW: 0.1317, TopK: 0.4631) | EMA NoTrend Loss: 0.743461 | LR: 1.24e-05
Epoch [79/100] | Train Mixed Loss (Trend, limit=2): 0.6626 (Base: 0.2466, DTW: 0.0852, TopK: 0.4330) | Val Mixed Loss (NoTrend, limit=2): 0.7395 (Base: 0.2851, DTW: 0.1314, TopK: 0.4638) | EMA NoTrend Loss: 0.742476 | LR: 1.14e-05
Epoch [80/100] | Train Mixed Loss (Trend, limit=2): 0.6605 (Base: 0.2456, DTW: 0.0847, TopK: 0.4335) | Val Mixed Loss (NoTrend, limit=2): 0.7415 (Base: 0.2837, DTW: 0.1317, TopK: 0.4725) | EMA NoTrend Loss: 0.742231 | LR: 1.05e-05
Epoch [81/100] | Train Mixed Loss (Trend, limit=2): 0.6635 (Base: 0.2466, DTW: 0.0852, TopK: 0.4348) | Val Mixed Loss (NoTrend, limit=2): 0.7502 (Base: 0.2878, DTW: 0.1344, TopK: 0.4657) | EMA NoTrend Loss: 0.744217 | LR: 9.56e-06
Epoch [82/100] | Train Mixed Loss (Trend, limit=2): 0.6593 (Base: 0.2452, DTW: 0.0845, TopK: 0.4329) | Val Mixed Loss (NoTrend, limit=2): 0.7385 (Base: 0.2850, DTW: 0.1317, TopK: 0.4580) | EMA NoTrend Loss: 0.742799 | LR: 8.71e-06
Epoch [83/100] | Train Mixed Loss (Trend, limit=2): 0.6614 (Base: 0.2457, DTW: 0.0850, TopK: 0.4332) | Val Mixed Loss (NoTrend, limit=2): 0.7350 (Base: 0.2822, DTW: 0.1304, TopK: 0.4662) | EMA NoTrend Loss: 0.740860 | LR: 7.89e-06
Epoch [84/100] | Train Mixed Loss (Trend, limit=2): 0.6556 (Base: 0.2443, DTW: 0.0836, TopK: 0.4307) | Val Mixed Loss (NoTrend, limit=2): 0.7456 (Base: 0.2851, DTW: 0.1332, TopK: 0.4695) | EMA NoTrend Loss: 0.742048 | LR: 7.12e-06
Epoch [85/100] | Train Mixed Loss (Trend, limit=2): 0.6581 (Base: 0.2449, DTW: 0.0842, TopK: 0.4320) | Val Mixed Loss (NoTrend, limit=2): 0.7505 (Base: 0.2892, DTW: 0.1345, TopK: 0.4614) | EMA NoTrend Loss: 0.744163 | LR: 6.40e-06
Epoch [86/100] | Train Mixed Loss (Trend, limit=2): 0.6584 (Base: 0.2449, DTW: 0.0841, TopK: 0.4329) | Val Mixed Loss (NoTrend, limit=2): 0.7441 (Base: 0.2866, DTW: 0.1327, TopK: 0.4634) | EMA NoTrend Loss: 0.744152 | LR: 5.71e-06
Epoch [87/100] | Train Mixed Loss (Trend, limit=2): 0.6520 (Base: 0.2433, DTW: 0.0828, TopK: 0.4283) | Val Mixed Loss (NoTrend, limit=2): 0.7517 (Base: 0.2869, DTW: 0.1350, TopK: 0.4691) | EMA NoTrend Loss: 0.746038 | LR: 5.07e-06
Epoch [88/100] | Train Mixed Loss (Trend, limit=2): 0.6584 (Base: 0.2452, DTW: 0.0838, TopK: 0.4334) | Val Mixed Loss (NoTrend, limit=2): 0.7502 (Base: 0.2884, DTW: 0.1347, TopK: 0.4615) | EMA NoTrend Loss: 0.747082 | LR: 4.48e-06
Epoch [89/100] | Train Mixed Loss (Trend, limit=2): 0.6577 (Base: 0.2453, DTW: 0.0836, TopK: 0.4321) | Val Mixed Loss (NoTrend, limit=2): 0.7402 (Base: 0.2847, DTW: 0.1318, TopK: 0.4637) | EMA NoTrend Loss: 0.745363 | LR: 3.93e-06
Epoch [90/100] | Train Mixed Loss (Trend, limit=2): 0.6589 (Base: 0.2452, DTW: 0.0843, TopK: 0.4310) | Val Mixed Loss (NoTrend, limit=2): 0.7451 (Base: 0.2859, DTW: 0.1324, TopK: 0.4710) | EMA NoTrend Loss: 0.745299 | LR: 3.42e-06
Epoch [91/100] | Train Mixed Loss (Trend, limit=2): 0.6539 (Base: 0.2441, DTW: 0.0830, TopK: 0.4292) | Val Mixed Loss (NoTrend, limit=2): 0.7426 (Base: 0.2851, DTW: 0.1324, TopK: 0.4660) | EMA NoTrend Loss: 0.744635 | LR: 2.97e-06
Epoch [92/100] | Train Mixed Loss (Trend, limit=2): 0.6531 (Base: 0.2430, DTW: 0.0832, TopK: 0.4297) | Val Mixed Loss (NoTrend, limit=2): 0.7448 (Base: 0.2865, DTW: 0.1329, TopK: 0.4647) | EMA NoTrend Loss: 0.744671 | LR: 2.56e-06
Epoch [93/100] | Train Mixed Loss (Trend, limit=2): 0.6532 (Base: 0.2435, DTW: 0.0828, TopK: 0.4303) | Val Mixed Loss (NoTrend, limit=2): 0.7366 (Base: 0.2846, DTW: 0.1309, TopK: 0.4591) | EMA NoTrend Loss: 0.742644 | LR: 2.19e-06
Epoch [94/100] | Train Mixed Loss (Trend, limit=2): 0.6571 (Base: 0.2442, DTW: 0.0840, TopK: 0.4309) | Val Mixed Loss (NoTrend, limit=2): 0.7432 (Base: 0.2859, DTW: 0.1325, TopK: 0.4644) | EMA NoTrend Loss: 0.742771 | LR: 1.88e-06
Epoch [95/100] | Train Mixed Loss (Trend, limit=2): 0.6519 (Base: 0.2428, DTW: 0.0830, TopK: 0.4280) | Val Mixed Loss (NoTrend, limit=2): 0.7440 (Base: 0.2872, DTW: 0.1328, TopK: 0.4601) | EMA NoTrend Loss: 0.743079 | LR: 1.61e-06
Epoch [96/100] | Train Mixed Loss (Trend, limit=2): 0.6544 (Base: 0.2437, DTW: 0.0831, TopK: 0.4310) | Val Mixed Loss (NoTrend, limit=2): 0.7489 (Base: 0.2878, DTW: 0.1337, TopK: 0.4673) | EMA NoTrend Loss: 0.744531 | LR: 1.39e-06
Epoch [97/100] | Train Mixed Loss (Trend, limit=2): 0.6496 (Base: 0.2423, DTW: 0.0824, TopK: 0.4280) | Val Mixed Loss (NoTrend, limit=2): 0.7458 (Base: 0.2863, DTW: 0.1332, TopK: 0.4667) | EMA NoTrend Loss: 0.744858 | LR: 1.22e-06
Epoch [98/100] | Train Mixed Loss (Trend, limit=2): 0.6522 (Base: 0.2429, DTW: 0.0829, TopK: 0.4290) | Val Mixed Loss (NoTrend, limit=2): 0.7438 (Base: 0.2862, DTW: 0.1328, TopK: 0.4629) | EMA NoTrend Loss: 0.744589 | LR: 1.10e-06
Epoch [99/100] | Train Mixed Loss (Trend, limit=2): 0.6535 (Base: 0.2438, DTW: 0.0828, TopK: 0.4299) | Val Mixed Loss (NoTrend, limit=2): 0.7448 (Base: 0.2863, DTW: 0.1331, TopK: 0.4635) | EMA NoTrend Loss: 0.744648 | LR: 1.02e-06
Epoch [100/100] | Train Mixed Loss (Trend, limit=2): 0.6485 (Base: 0.2417, DTW: 0.0823, TopK: 0.4259) | Val Mixed Loss (NoTrend, limit=2): 0.7451 (Base: 0.2875, DTW: 0.1332, TopK: 0.4601) | EMA NoTrend Loss: 0.744758 | LR: 1.00e-06
[*] Loaded best model from epoch 56 (EMA NoTrend Loss: 0.735570)
