Starting experiment (seed=2)
Device: cuda:0
Building static profile features from historical data...
Total trainable parameters: 5,010,690
Epoch [1/100] | Total Loss: 1.3406 | Aux Loss: 0.2699 | Train Mixed Loss: 1.0708 (Base: 0.3468, Trend: 0.1666, DTW: 0.1922, TopK: 0.5978) | Val Mixed Loss (No Trend): 0.8949 (Base: 0.3371, DTW: 0.1674, TopK: 0.5197) | EMA Val Loss (No Trend): 0.894904 | LR: 2.00e-04
Saved new best weights to best_model_seed2.pth (EMA validation loss without trend: 0.894904).
Epoch [2/100] | Total Loss: 1.2141 | Aux Loss: 0.2260 | Train Mixed Loss: 0.9881 (Base: 0.3331, Trend: 0.1605, DTW: 0.1662, TopK: 0.5862) | Val Mixed Loss (No Trend): 0.8279 (Base: 0.3080, DTW: 0.1490, TopK: 0.5412) | EMA Val Loss (No Trend): 0.878147 | LR: 2.00e-04
Saved new best weights to best_model_seed2.pth (EMA validation loss without trend: 0.878147).
Epoch [3/100] | Total Loss: 1.1719 | Aux Loss: 0.2195 | Train Mixed Loss: 0.9523 (Base: 0.3236, Trend: 0.1579, DTW: 0.1582, TopK: 0.5667) | Val Mixed Loss (No Trend): 0.8187 (Base: 0.2896, DTW: 0.1489, TopK: 0.5723) | EMA Val Loss (No Trend): 0.863281 | LR: 2.00e-04
Saved new best weights to best_model_seed2.pth (EMA validation loss without trend: 0.863281).
Epoch [4/100] | Total Loss: 1.1516 | Aux Loss: 0.2144 | Train Mixed Loss: 0.9371 (Base: 0.3197, Trend: 0.1584, DTW: 0.1538, TopK: 0.5637) | Val Mixed Loss (No Trend): 0.8134 (Base: 0.3106, DTW: 0.1422, TopK: 0.5386) | EMA Val Loss (No Trend): 0.850810 | LR: 1.99e-04
Saved new best weights to best_model_seed2.pth (EMA validation loss without trend: 0.850810).
Epoch [5/100] | Total Loss: 1.1431 | Aux Loss: 0.2107 | Train Mixed Loss: 0.9324 (Base: 0.3194, Trend: 0.1584, DTW: 0.1523, TopK: 0.5608) | Val Mixed Loss (No Trend): 0.8184 (Base: 0.3177, DTW: 0.1493, TopK: 0.4750) | EMA Val Loss (No Trend): 0.842705 | LR: 1.99e-04
Saved new best weights to best_model_seed2.pth (EMA validation loss without trend: 0.842705).
Epoch [6/100] | Total Loss: 1.1301 | Aux Loss: 0.2108 | Train Mixed Loss: 0.9192 (Base: 0.3161, Trend: 0.1580, DTW: 0.1490, TopK: 0.5551) | Val Mixed Loss (No Trend): 0.7647 (Base: 0.2911, DTW: 0.1341, TopK: 0.5059) | EMA Val Loss (No Trend): 0.823204 | LR: 1.98e-04
Saved new best weights to best_model_seed2.pth (EMA validation loss without trend: 0.823204).
Epoch [7/100] | Total Loss: 1.1130 | Aux Loss: 0.2070 | Train Mixed Loss: 0.9060 (Base: 0.3132, Trend: 0.1578, DTW: 0.1451, TopK: 0.5521) | Val Mixed Loss (No Trend): 0.7779 (Base: 0.2941, DTW: 0.1378, TopK: 0.5108) | EMA Val Loss (No Trend): 0.811889 | LR: 1.98e-04
Saved new best weights to best_model_seed2.pth (EMA validation loss without trend: 0.811889).
Epoch [8/100] | Total Loss: 1.0948 | Aux Loss: 0.2062 | Train Mixed Loss: 0.8886 (Base: 0.3089, Trend: 0.1561, DTW: 0.1410, TopK: 0.5443) | Val Mixed Loss (No Trend): 0.7664 (Base: 0.2837, DTW: 0.1330, TopK: 0.5453) | EMA Val Loss (No Trend): 0.800524 | LR: 1.97e-04
Saved new best weights to best_model_seed2.pth (EMA validation loss without trend: 0.800524).
Epoch [9/100] | Total Loss: 1.0900 | Aux Loss: 0.2066 | Train Mixed Loss: 0.8834 (Base: 0.3077, Trend: 0.1568, DTW: 0.1395, TopK: 0.5416) | Val Mixed Loss (No Trend): 0.7691 (Base: 0.3036, DTW: 0.1364, TopK: 0.4604) | EMA Val Loss (No Trend): 0.792674 | LR: 1.96e-04
Saved new best weights to best_model_seed2.pth (EMA validation loss without trend: 0.792674).
Epoch [10/100] | Total Loss: 1.0807 | Aux Loss: 0.2043 | Train Mixed Loss: 0.8763 (Base: 0.3057, Trend: 0.1562, DTW: 0.1378, TopK: 0.5393) | Val Mixed Loss (No Trend): 0.7666 (Base: 0.2890, DTW: 0.1354, TopK: 0.5090) | EMA Val Loss (No Trend): 0.786147 | LR: 1.95e-04
Saved new best weights to best_model_seed2.pth (EMA validation loss without trend: 0.786147).
Epoch [11/100] | Total Loss: 1.0714 | Aux Loss: 0.2020 | Train Mixed Loss: 0.8694 (Base: 0.3032, Trend: 0.1547, DTW: 0.1369, TopK: 0.5344) | Val Mixed Loss (No Trend): 0.7566 (Base: 0.2836, DTW: 0.1333, TopK: 0.5103) | EMA Val Loss (No Trend): 0.778754 | LR: 1.94e-04
Saved new best weights to best_model_seed2.pth (EMA validation loss without trend: 0.778754).
Epoch [12/100] | Total Loss: 1.0745 | Aux Loss: 0.2009 | Train Mixed Loss: 0.8736 (Base: 0.3053, Trend: 0.1559, DTW: 0.1367, TopK: 0.5409) | Val Mixed Loss (No Trend): 0.7497 (Base: 0.2906, DTW: 0.1317, TopK: 0.4771) | EMA Val Loss (No Trend): 0.771492 | LR: 1.93e-04
Saved new best weights to best_model_seed2.pth (EMA validation loss without trend: 0.771492).
Epoch [13/100] | Total Loss: 1.0600 | Aux Loss: 0.1984 | Train Mixed Loss: 0.8617 (Base: 0.3022, Trend: 0.1548, DTW: 0.1342, TopK: 0.5329) | Val Mixed Loss (No Trend): 0.7850 (Base: 0.3026, DTW: 0.1421, TopK: 0.4712) | EMA Val Loss (No Trend): 0.774862 | LR: 1.92e-04
Epoch [14/100] | Total Loss: 1.0548 | Aux Loss: 0.1989 | Train Mixed Loss: 0.8559 (Base: 0.3000, Trend: 0.1545, DTW: 0.1331, TopK: 0.5307) | Val Mixed Loss (No Trend): 0.7650 (Base: 0.2928, DTW: 0.1330, TopK: 0.5096) | EMA Val Loss (No Trend): 0.772397 | LR: 1.91e-04
Epoch [15/100] | Total Loss: 1.0437 | Aux Loss: 0.1968 | Train Mixed Loss: 0.8469 (Base: 0.2980, Trend: 0.1537, DTW: 0.1306, TopK: 0.5283) | Val Mixed Loss (No Trend): 0.7591 (Base: 0.2895, DTW: 0.1337, TopK: 0.4958) | EMA Val Loss (No Trend): 0.769071 | LR: 1.89e-04
Saved new best weights to best_model_seed2.pth (EMA validation loss without trend: 0.769071).
Epoch [16/100] | Total Loss: 1.0430 | Aux Loss: 0.1951 | Train Mixed Loss: 0.8479 (Base: 0.2987, Trend: 0.1544, DTW: 0.1307, TopK: 0.5278) | Val Mixed Loss (No Trend): 0.7729 (Base: 0.2936, DTW: 0.1381, TopK: 0.4926) | EMA Val Loss (No Trend): 0.770031 | LR: 1.88e-04
Epoch [17/100] | Total Loss: 1.0367 | Aux Loss: 0.1961 | Train Mixed Loss: 0.8405 (Base: 0.2975, Trend: 0.1547, DTW: 0.1287, TopK: 0.5232) | Val Mixed Loss (No Trend): 0.7594 (Base: 0.2881, DTW: 0.1353, TopK: 0.4885) | EMA Val Loss (No Trend): 0.767385 | LR: 1.86e-04
Saved new best weights to best_model_seed2.pth (EMA validation loss without trend: 0.767385).
Epoch [18/100] | Total Loss: 1.0291 | Aux Loss: 0.1940 | Train Mixed Loss: 0.8351 (Base: 0.2947, Trend: 0.1527, DTW: 0.1280, TopK: 0.5228) | Val Mixed Loss (No Trend): 0.7479 (Base: 0.2873, DTW: 0.1317, TopK: 0.4813) | EMA Val Loss (No Trend): 0.762504 | LR: 1.85e-04
Saved new best weights to best_model_seed2.pth (EMA validation loss without trend: 0.762504).
Epoch [19/100] | Total Loss: 1.0318 | Aux Loss: 0.1933 | Train Mixed Loss: 0.8384 (Base: 0.2967, Trend: 0.1543, DTW: 0.1281, TopK: 0.5236) | Val Mixed Loss (No Trend): 0.7739 (Base: 0.3053, DTW: 0.1380, TopK: 0.4578) | EMA Val Loss (No Trend): 0.765362 | LR: 1.83e-04
Epoch [20/100] | Total Loss: 1.0233 | Aux Loss: 0.1925 | Train Mixed Loss: 0.8308 (Base: 0.2943, Trend: 0.1537, DTW: 0.1267, TopK: 0.5185) | Val Mixed Loss (No Trend): 0.7463 (Base: 0.2860, DTW: 0.1294, TopK: 0.4995) | EMA Val Loss (No Trend): 0.760605 | LR: 1.81e-04
Saved new best weights to best_model_seed2.pth (EMA validation loss without trend: 0.760605).
Epoch [21/100] | Total Loss: 1.0119 | Aux Loss: 0.1897 | Train Mixed Loss: 0.8222 (Base: 0.2922, Trend: 0.1532, DTW: 0.1244, TopK: 0.5161) | Val Mixed Loss (No Trend): 0.7415 (Base: 0.2841, DTW: 0.1280, TopK: 0.5010) | EMA Val Loss (No Trend): 0.755830 | LR: 1.79e-04
Saved new best weights to best_model_seed2.pth (EMA validation loss without trend: 0.755830).
Epoch [22/100] | Total Loss: 1.0039 | Aux Loss: 0.1905 | Train Mixed Loss: 0.8133 (Base: 0.2896, Trend: 0.1520, DTW: 0.1226, TopK: 0.5113) | Val Mixed Loss (No Trend): 0.7375 (Base: 0.2838, DTW: 0.1283, TopK: 0.4856) | EMA Val Loss (No Trend): 0.751251 | LR: 1.77e-04
Saved new best weights to best_model_seed2.pth (EMA validation loss without trend: 0.751251).
Epoch [23/100] | Total Loss: 0.9994 | Aux Loss: 0.1885 | Train Mixed Loss: 0.8110 (Base: 0.2887, Trend: 0.1521, DTW: 0.1225, TopK: 0.5075) | Val Mixed Loss (No Trend): 0.7394 (Base: 0.2886, DTW: 0.1300, TopK: 0.4630) | EMA Val Loss (No Trend): 0.748285 | LR: 1.75e-04
Saved new best weights to best_model_seed2.pth (EMA validation loss without trend: 0.748285).
Epoch [24/100] | Total Loss: 1.0011 | Aux Loss: 0.1891 | Train Mixed Loss: 0.8120 (Base: 0.2900, Trend: 0.1524, DTW: 0.1222, TopK: 0.5084) | Val Mixed Loss (No Trend): 0.7360 (Base: 0.2796, DTW: 0.1299, TopK: 0.4819) | EMA Val Loss (No Trend): 0.745206 | LR: 1.73e-04
Saved new best weights to best_model_seed2.pth (EMA validation loss without trend: 0.745206).
Epoch [25/100] | Total Loss: 1.0056 | Aux Loss: 0.1889 | Train Mixed Loss: 0.8167 (Base: 0.2906, Trend: 0.1530, DTW: 0.1237, TopK: 0.5093) | Val Mixed Loss (No Trend): 0.7438 (Base: 0.2852, DTW: 0.1332, TopK: 0.4630) | EMA Val Loss (No Trend): 0.744863 | LR: 1.71e-04
Saved new best weights to best_model_seed2.pth (EMA validation loss without trend: 0.744863).
Epoch [26/100] | Total Loss: 0.9951 | Aux Loss: 0.1876 | Train Mixed Loss: 0.8075 (Base: 0.2880, Trend: 0.1517, DTW: 0.1213, TopK: 0.5087) | Val Mixed Loss (No Trend): 0.7639 (Base: 0.2965, DTW: 0.1377, TopK: 0.4563) | EMA Val Loss (No Trend): 0.749615 | LR: 1.69e-04
Epoch [27/100] | Total Loss: 0.9911 | Aux Loss: 0.1877 | Train Mixed Loss: 0.8034 (Base: 0.2877, Trend: 0.1522, DTW: 0.1201, TopK: 0.5043) | Val Mixed Loss (No Trend): 0.7587 (Base: 0.2962, DTW: 0.1361, TopK: 0.4528) | EMA Val Loss (No Trend): 0.751887 | LR: 1.66e-04
Epoch [28/100] | Total Loss: 0.9869 | Aux Loss: 0.1860 | Train Mixed Loss: 0.8009 (Base: 0.2873, Trend: 0.1523, DTW: 0.1190, TopK: 0.5058) | Val Mixed Loss (No Trend): 0.7351 (Base: 0.2840, DTW: 0.1278, TopK: 0.4810) | EMA Val Loss (No Trend): 0.747685 | LR: 1.64e-04
Epoch [29/100] | Total Loss: 0.9911 | Aux Loss: 0.1857 | Train Mixed Loss: 0.8054 (Base: 0.2883, Trend: 0.1524, DTW: 0.1202, TopK: 0.5084) | Val Mixed Loss (No Trend): 0.7283 (Base: 0.2814, DTW: 0.1267, TopK: 0.4762) | EMA Val Loss (No Trend): 0.742836 | LR: 1.61e-04
Saved new best weights to best_model_seed2.pth (EMA validation loss without trend: 0.742836).
Epoch [30/100] | Total Loss: 0.9744 | Aux Loss: 0.1840 | Train Mixed Loss: 0.7905 (Base: 0.2842, Trend: 0.1512, DTW: 0.1171, TopK: 0.4987) | Val Mixed Loss (No Trend): 0.7406 (Base: 0.2848, DTW: 0.1290, TopK: 0.4874) | EMA Val Loss (No Trend): 0.742279 | LR: 1.59e-04
Saved new best weights to best_model_seed2.pth (EMA validation loss without trend: 0.742279).
Epoch [31/100] | Total Loss: 0.9730 | Aux Loss: 0.1852 | Train Mixed Loss: 0.7878 (Base: 0.2824, Trend: 0.1512, DTW: 0.1165, TopK: 0.5004) | Val Mixed Loss (No Trend): 0.7427 (Base: 0.2881, DTW: 0.1307, TopK: 0.4694) | EMA Val Loss (No Trend): 0.742390 | LR: 1.56e-04
Epoch [32/100] | Total Loss: 0.9737 | Aux Loss: 0.1837 | Train Mixed Loss: 0.7899 (Base: 0.2841, Trend: 0.1521, DTW: 0.1166, TopK: 0.5001) | Val Mixed Loss (No Trend): 0.7382 (Base: 0.2868, DTW: 0.1305, TopK: 0.4610) | EMA Val Loss (No Trend): 0.741349 | LR: 1.54e-04
Saved new best weights to best_model_seed2.pth (EMA validation loss without trend: 0.741349).
Epoch [33/100] | Total Loss: 0.9749 | Aux Loss: 0.1837 | Train Mixed Loss: 0.7913 (Base: 0.2851, Trend: 0.1523, DTW: 0.1166, TopK: 0.5005) | Val Mixed Loss (No Trend): 0.7326 (Base: 0.2875, DTW: 0.1285, TopK: 0.4559) | EMA Val Loss (No Trend): 0.739164 | LR: 1.51e-04
Saved new best weights to best_model_seed2.pth (EMA validation loss without trend: 0.739164).
Epoch [34/100] | Total Loss: 0.9670 | Aux Loss: 0.1815 | Train Mixed Loss: 0.7855 (Base: 0.2830, Trend: 0.1517, DTW: 0.1155, TopK: 0.4988) | Val Mixed Loss (No Trend): 0.7361 (Base: 0.2852, DTW: 0.1301, TopK: 0.4622) | EMA Val Loss (No Trend): 0.738390 | LR: 1.48e-04
Saved new best weights to best_model_seed2.pth (EMA validation loss without trend: 0.738390).
Epoch [35/100] | Total Loss: 0.9670 | Aux Loss: 0.1828 | Train Mixed Loss: 0.7842 (Base: 0.2824, Trend: 0.1518, DTW: 0.1151, TopK: 0.4992) | Val Mixed Loss (No Trend): 0.7134 (Base: 0.2757, DTW: 0.1236, TopK: 0.4702) | EMA Val Loss (No Trend): 0.732133 | LR: 1.46e-04
Saved new best weights to best_model_seed2.pth (EMA validation loss without trend: 0.732133).
Epoch [36/100] | Total Loss: 0.9529 | Aux Loss: 0.1816 | Train Mixed Loss: 0.7714 (Base: 0.2781, Trend: 0.1501, DTW: 0.1129, TopK: 0.4908) | Val Mixed Loss (No Trend): 0.7277 (Base: 0.2835, DTW: 0.1290, TopK: 0.4492) | EMA Val Loss (No Trend): 0.731022 | LR: 1.43e-04
Saved new best weights to best_model_seed2.pth (EMA validation loss without trend: 0.731022).
Epoch [37/100] | Total Loss: 0.9516 | Aux Loss: 0.1802 | Train Mixed Loss: 0.7714 (Base: 0.2780, Trend: 0.1504, DTW: 0.1127, TopK: 0.4924) | Val Mixed Loss (No Trend): 0.7342 (Base: 0.2869, DTW: 0.1285, TopK: 0.4626) | EMA Val Loss (No Trend): 0.731817 | LR: 1.40e-04
Epoch [38/100] | Total Loss: 0.9530 | Aux Loss: 0.1800 | Train Mixed Loss: 0.7730 (Base: 0.2785, Trend: 0.1509, DTW: 0.1132, TopK: 0.4917) | Val Mixed Loss (No Trend): 0.7370 (Base: 0.2873, DTW: 0.1301, TopK: 0.4585) | EMA Val Loss (No Trend): 0.733105 | LR: 1.37e-04
Epoch [39/100] | Total Loss: 0.9431 | Aux Loss: 0.1810 | Train Mixed Loss: 0.7621 (Base: 0.2760, Trend: 0.1494, DTW: 0.1110, TopK: 0.4829) | Val Mixed Loss (No Trend): 0.7263 (Base: 0.2771, DTW: 0.1256, TopK: 0.4927) | EMA Val Loss (No Trend): 0.731414 | LR: 1.34e-04
Epoch [40/100] | Total Loss: 0.9474 | Aux Loss: 0.1796 | Train Mixed Loss: 0.7678 (Base: 0.2775, Trend: 0.1506, DTW: 0.1118, TopK: 0.4890) | Val Mixed Loss (No Trend): 0.7235 (Base: 0.2835, DTW: 0.1261, TopK: 0.4581) | EMA Val Loss (No Trend): 0.729443 | LR: 1.31e-04
Saved new best weights to best_model_seed2.pth (EMA validation loss without trend: 0.729443).
Epoch [41/100] | Total Loss: 0.9391 | Aux Loss: 0.1796 | Train Mixed Loss: 0.7595 (Base: 0.2743, Trend: 0.1499, DTW: 0.1102, TopK: 0.4855) | Val Mixed Loss (No Trend): 0.7149 (Base: 0.2753, DTW: 0.1233, TopK: 0.4784) | EMA Val Loss (No Trend): 0.725802 | LR: 1.28e-04
Saved new best weights to best_model_seed2.pth (EMA validation loss without trend: 0.725802).
Epoch [42/100] | Total Loss: 0.9387 | Aux Loss: 0.1810 | Train Mixed Loss: 0.7576 (Base: 0.2743, Trend: 0.1497, DTW: 0.1096, TopK: 0.4847) | Val Mixed Loss (No Trend): 0.7246 (Base: 0.2806, DTW: 0.1287, TopK: 0.4508) | EMA Val Loss (No Trend): 0.725507 | LR: 1.25e-04
Saved new best weights to best_model_seed2.pth (EMA validation loss without trend: 0.725507).
Epoch [43/100] | Total Loss: 0.9419 | Aux Loss: 0.1793 | Train Mixed Loss: 0.7626 (Base: 0.2767, Trend: 0.1514, DTW: 0.1103, TopK: 0.4848) | Val Mixed Loss (No Trend): 0.7138 (Base: 0.2701, DTW: 0.1223, TopK: 0.5007) | EMA Val Loss (No Trend): 0.722572 | LR: 1.22e-04
Saved new best weights to best_model_seed2.pth (EMA validation loss without trend: 0.722572).
Epoch [44/100] | Total Loss: 0.9418 | Aux Loss: 0.1787 | Train Mixed Loss: 0.7631 (Base: 0.2767, Trend: 0.1516, DTW: 0.1103, TopK: 0.4863) | Val Mixed Loss (No Trend): 0.7333 (Base: 0.2828, DTW: 0.1289, TopK: 0.4706) | EMA Val Loss (No Trend): 0.725257 | LR: 1.19e-04
Epoch [45/100] | Total Loss: 0.9319 | Aux Loss: 0.1797 | Train Mixed Loss: 0.7522 (Base: 0.2740, Trend: 0.1504, DTW: 0.1080, TopK: 0.4793) | Val Mixed Loss (No Trend): 0.7078 (Base: 0.2732, DTW: 0.1219, TopK: 0.4736) | EMA Val Loss (No Trend): 0.720888 | LR: 1.16e-04
Saved new best weights to best_model_seed2.pth (EMA validation loss without trend: 0.720888).
Epoch [46/100] | Total Loss: 0.9367 | Aux Loss: 0.1783 | Train Mixed Loss: 0.7584 (Base: 0.2748, Trend: 0.1510, DTW: 0.1097, TopK: 0.4830) | Val Mixed Loss (No Trend): 0.7294 (Base: 0.2833, DTW: 0.1268, TopK: 0.4729) | EMA Val Loss (No Trend): 0.723004 | LR: 1.13e-04
Epoch [47/100] | Total Loss: 0.9257 | Aux Loss: 0.1775 | Train Mixed Loss: 0.7482 (Base: 0.2716, Trend: 0.1499, DTW: 0.1074, TopK: 0.4798) | Val Mixed Loss (No Trend): 0.7365 (Base: 0.2889, DTW: 0.1297, TopK: 0.4542) | EMA Val Loss (No Trend): 0.726377 | LR: 1.10e-04
Epoch [48/100] | Total Loss: 0.9175 | Aux Loss: 0.1762 | Train Mixed Loss: 0.7413 (Base: 0.2706, Trend: 0.1500, DTW: 0.1058, TopK: 0.4723) | Val Mixed Loss (No Trend): 0.7280 (Base: 0.2862, DTW: 0.1281, TopK: 0.4478) | EMA Val Loss (No Trend): 0.726794 | LR: 1.07e-04
Epoch [49/100] | Total Loss: 0.9177 | Aux Loss: 0.1774 | Train Mixed Loss: 0.7403 (Base: 0.2699, Trend: 0.1494, DTW: 0.1054, TopK: 0.4757) | Val Mixed Loss (No Trend): 0.7326 (Base: 0.2872, DTW: 0.1279, TopK: 0.4618) | EMA Val Loss (No Trend): 0.728238 | LR: 1.04e-04
Epoch [50/100] | Total Loss: 0.9163 | Aux Loss: 0.1765 | Train Mixed Loss: 0.7399 (Base: 0.2704, Trend: 0.1498, DTW: 0.1051, TopK: 0.4748) | Val Mixed Loss (No Trend): 0.7200 (Base: 0.2749, DTW: 0.1248, TopK: 0.4855) | EMA Val Loss (No Trend): 0.726191 | LR: 1.01e-04
Epoch [51/100] | Total Loss: 0.9114 | Aux Loss: 0.1756 | Train Mixed Loss: 0.7358 (Base: 0.2691, Trend: 0.1494, DTW: 0.1048, TopK: 0.4682) | Val Mixed Loss (No Trend): 0.7332 (Base: 0.2853, DTW: 0.1278, TopK: 0.4708) | EMA Val Loss (No Trend): 0.727935 | LR: 9.74e-05
Epoch [52/100] | Total Loss: 0.9093 | Aux Loss: 0.1755 | Train Mixed Loss: 0.7337 (Base: 0.2682, Trend: 0.1500, DTW: 0.1039, TopK: 0.4707) | Val Mixed Loss (No Trend): 0.7178 (Base: 0.2818, DTW: 0.1252, TopK: 0.4514) | EMA Val Loss (No Trend): 0.725406 | LR: 9.43e-05
Epoch [53/100] | Total Loss: 0.9076 | Aux Loss: 0.1761 | Train Mixed Loss: 0.7315 (Base: 0.2676, Trend: 0.1497, DTW: 0.1037, TopK: 0.4673) | Val Mixed Loss (No Trend): 0.7270 (Base: 0.2849, DTW: 0.1266, TopK: 0.4609) | EMA Val Loss (No Trend): 0.725804 | LR: 9.11e-05
Epoch [54/100] | Total Loss: 0.9044 | Aux Loss: 0.1757 | Train Mixed Loss: 0.7287 (Base: 0.2666, Trend: 0.1501, DTW: 0.1031, TopK: 0.4658) | Val Mixed Loss (No Trend): 0.7105 (Base: 0.2754, DTW: 0.1234, TopK: 0.4630) | EMA Val Loss (No Trend): 0.721976 | LR: 8.80e-05
Epoch [55/100] | Total Loss: 0.8943 | Aux Loss: 0.1732 | Train Mixed Loss: 0.7211 (Base: 0.2639, Trend: 0.1483, DTW: 0.1017, TopK: 0.4631) | Val Mixed Loss (No Trend): 0.7148 (Base: 0.2752, DTW: 0.1234, TopK: 0.4776) | EMA Val Loss (No Trend): 0.720170 | LR: 8.49e-05
Saved new best weights to best_model_seed2.pth (EMA validation loss without trend: 0.720170).
Epoch [56/100] | Total Loss: 0.8919 | Aux Loss: 0.1721 | Train Mixed Loss: 0.7198 (Base: 0.2642, Trend: 0.1495, DTW: 0.1010, TopK: 0.4614) | Val Mixed Loss (No Trend): 0.7103 (Base: 0.2742, DTW: 0.1221, TopK: 0.4769) | EMA Val Loss (No Trend): 0.717701 | LR: 8.19e-05
Saved new best weights to best_model_seed2.pth (EMA validation loss without trend: 0.717701).
Epoch [57/100] | Total Loss: 0.8946 | Aux Loss: 0.1730 | Train Mixed Loss: 0.7216 (Base: 0.2645, Trend: 0.1497, DTW: 0.1012, TopK: 0.4644) | Val Mixed Loss (No Trend): 0.7121 (Base: 0.2748, DTW: 0.1234, TopK: 0.4704) | EMA Val Loss (No Trend): 0.716310 | LR: 7.88e-05
Saved new best weights to best_model_seed2.pth (EMA validation loss without trend: 0.716310).
Epoch [58/100] | Total Loss: 0.8926 | Aux Loss: 0.1726 | Train Mixed Loss: 0.7201 (Base: 0.2641, Trend: 0.1504, DTW: 0.1004, TopK: 0.4657) | Val Mixed Loss (No Trend): 0.7136 (Base: 0.2770, DTW: 0.1230, TopK: 0.4715) | EMA Val Loss (No Trend): 0.715624 | LR: 7.58e-05
Saved new best weights to best_model_seed2.pth (EMA validation loss without trend: 0.715624).
Epoch [59/100] | Total Loss: 0.8860 | Aux Loss: 0.1743 | Train Mixed Loss: 0.7117 (Base: 0.2616, Trend: 0.1483, DTW: 0.0991, TopK: 0.4599) | Val Mixed Loss (No Trend): 0.7118 (Base: 0.2750, DTW: 0.1241, TopK: 0.4630) | EMA Val Loss (No Trend): 0.714674 | LR: 7.27e-05
Saved new best weights to best_model_seed2.pth (EMA validation loss without trend: 0.714674).
Epoch [60/100] | Total Loss: 0.8867 | Aux Loss: 0.1711 | Train Mixed Loss: 0.7156 (Base: 0.2627, Trend: 0.1497, DTW: 0.0999, TopK: 0.4610) | Val Mixed Loss (No Trend): 0.7232 (Base: 0.2809, DTW: 0.1265, TopK: 0.4622) | EMA Val Loss (No Trend): 0.716793 | LR: 6.98e-05
Epoch [61/100] | Total Loss: 0.8859 | Aux Loss: 0.1727 | Train Mixed Loss: 0.7132 (Base: 0.2627, Trend: 0.1494, DTW: 0.0990, TopK: 0.4606) | Val Mixed Loss (No Trend): 0.7276 (Base: 0.2819, DTW: 0.1275, TopK: 0.4657) | EMA Val Loss (No Trend): 0.719504 | LR: 6.68e-05
Epoch [62/100] | Total Loss: 0.8827 | Aux Loss: 0.1730 | Train Mixed Loss: 0.7097 (Base: 0.2614, Trend: 0.1495, DTW: 0.0985, TopK: 0.4577) | Val Mixed Loss (No Trend): 0.7243 (Base: 0.2795, DTW: 0.1265, TopK: 0.4705) | EMA Val Loss (No Trend): 0.720694 | LR: 6.39e-05
Epoch [63/100] | Total Loss: 0.8767 | Aux Loss: 0.1716 | Train Mixed Loss: 0.7051 (Base: 0.2605, Trend: 0.1489, DTW: 0.0974, TopK: 0.4544) | Val Mixed Loss (No Trend): 0.7290 (Base: 0.2832, DTW: 0.1280, TopK: 0.4620) | EMA Val Loss (No Trend): 0.722783 | LR: 6.10e-05
Epoch [64/100] | Total Loss: 0.8803 | Aux Loss: 0.1730 | Train Mixed Loss: 0.7074 (Base: 0.2605, Trend: 0.1491, DTW: 0.0979, TopK: 0.4578) | Val Mixed Loss (No Trend): 0.7214 (Base: 0.2808, DTW: 0.1250, TopK: 0.4682) | EMA Val Loss (No Trend): 0.722427 | LR: 5.81e-05
Epoch [65/100] | Total Loss: 0.8719 | Aux Loss: 0.1711 | Train Mixed Loss: 0.7008 (Base: 0.2581, Trend: 0.1489, DTW: 0.0967, TopK: 0.4541) | Val Mixed Loss (No Trend): 0.7256 (Base: 0.2822, DTW: 0.1279, TopK: 0.4547) | EMA Val Loss (No Trend): 0.723231 | LR: 5.53e-05
Epoch [66/100] | Total Loss: 0.8756 | Aux Loss: 0.1733 | Train Mixed Loss: 0.7024 (Base: 0.2594, Trend: 0.1492, DTW: 0.0967, TopK: 0.4542) | Val Mixed Loss (No Trend): 0.7219 (Base: 0.2798, DTW: 0.1262, TopK: 0.4645) | EMA Val Loss (No Trend): 0.722908 | LR: 5.26e-05
Epoch [67/100] | Total Loss: 0.8687 | Aux Loss: 0.1704 | Train Mixed Loss: 0.6983 (Base: 0.2582, Trend: 0.1501, DTW: 0.0955, TopK: 0.4527) | Val Mixed Loss (No Trend): 0.7197 (Base: 0.2777, DTW: 0.1253, TopK: 0.4708) | EMA Val Loss (No Trend): 0.722094 | LR: 4.99e-05
Epoch [68/100] | Total Loss: 0.8749 | Aux Loss: 0.1721 | Train Mixed Loss: 0.7028 (Base: 0.2592, Trend: 0.1504, DTW: 0.0967, TopK: 0.4543) | Val Mixed Loss (No Trend): 0.7188 (Base: 0.2792, DTW: 0.1253, TopK: 0.4632) | EMA Val Loss (No Trend): 0.721280 | LR: 4.72e-05
Epoch [69/100] | Total Loss: 0.8703 | Aux Loss: 0.1710 | Train Mixed Loss: 0.6994 (Base: 0.2584, Trend: 0.1497, DTW: 0.0957, TopK: 0.4546) | Val Mixed Loss (No Trend): 0.7292 (Base: 0.2832, DTW: 0.1281, TopK: 0.4617) | EMA Val Loss (No Trend): 0.723269 | LR: 4.46e-05
Epoch [70/100] | Total Loss: 0.8625 | Aux Loss: 0.1706 | Train Mixed Loss: 0.6919 (Base: 0.2559, Trend: 0.1489, DTW: 0.0944, TopK: 0.4504) | Val Mixed Loss (No Trend): 0.7292 (Base: 0.2849, DTW: 0.1282, TopK: 0.4554) | EMA Val Loss (No Trend): 0.724754 | LR: 4.20e-05
Epoch [71/100] | Total Loss: 0.8614 | Aux Loss: 0.1686 | Train Mixed Loss: 0.6928 (Base: 0.2558, Trend: 0.1490, DTW: 0.0947, TopK: 0.4505) | Val Mixed Loss (No Trend): 0.7131 (Base: 0.2756, DTW: 0.1240, TopK: 0.4658) | EMA Val Loss (No Trend): 0.721828 | LR: 3.95e-05
Epoch [72/100] | Total Loss: 0.8661 | Aux Loss: 0.1700 | Train Mixed Loss: 0.6961 (Base: 0.2580, Trend: 0.1504, DTW: 0.0948, TopK: 0.4516) | Val Mixed Loss (No Trend): 0.7217 (Base: 0.2820, DTW: 0.1259, TopK: 0.4586) | EMA Val Loss (No Trend): 0.721787 | LR: 3.71e-05
Epoch [73/100] | Total Loss: 0.8644 | Aux Loss: 0.1705 | Train Mixed Loss: 0.6939 (Base: 0.2562, Trend: 0.1500, DTW: 0.0947, TopK: 0.4517) | Val Mixed Loss (No Trend): 0.7235 (Base: 0.2809, DTW: 0.1271, TopK: 0.4588) | EMA Val Loss (No Trend): 0.722222 | LR: 3.47e-05
Epoch [74/100] | Total Loss: 0.8524 | Aux Loss: 0.1706 | Train Mixed Loss: 0.6817 (Base: 0.2532, Trend: 0.1490, DTW: 0.0923, TopK: 0.4414) | Val Mixed Loss (No Trend): 0.7391 (Base: 0.2870, DTW: 0.1313, TopK: 0.4568) | EMA Val Loss (No Trend): 0.726432 | LR: 3.24e-05
Epoch [75/100] | Total Loss: 0.8565 | Aux Loss: 0.1710 | Train Mixed Loss: 0.6855 (Base: 0.2545, Trend: 0.1488, DTW: 0.0931, TopK: 0.4443) | Val Mixed Loss (No Trend): 0.7321 (Base: 0.2878, DTW: 0.1295, TopK: 0.4453) | EMA Val Loss (No Trend): 0.727850 | LR: 3.01e-05
Epoch [76/100] | Total Loss: 0.8530 | Aux Loss: 0.1698 | Train Mixed Loss: 0.6832 (Base: 0.2538, Trend: 0.1491, DTW: 0.0923, TopK: 0.4445) | Val Mixed Loss (No Trend): 0.7238 (Base: 0.2804, DTW: 0.1262, TopK: 0.4688) | EMA Val Loss (No Trend): 0.726846 | LR: 2.80e-05
Epoch [77/100] | Total Loss: 0.8493 | Aux Loss: 0.1712 | Train Mixed Loss: 0.6781 (Base: 0.2522, Trend: 0.1486, DTW: 0.0911, TopK: 0.4430) | Val Mixed Loss (No Trend): 0.7250 (Base: 0.2829, DTW: 0.1271, TopK: 0.4567) | EMA Val Loss (No Trend): 0.726378 | LR: 2.59e-05
Epoch [78/100] | Total Loss: 0.8477 | Aux Loss: 0.1702 | Train Mixed Loss: 0.6775 (Base: 0.2519, Trend: 0.1487, DTW: 0.0911, TopK: 0.4421) | Val Mixed Loss (No Trend): 0.7140 (Base: 0.2777, DTW: 0.1245, TopK: 0.4583) | EMA Val Loss (No Trend): 0.723284 | LR: 2.38e-05
Epoch [79/100] | Total Loss: 0.8463 | Aux Loss: 0.1687 | Train Mixed Loss: 0.6776 (Base: 0.2513, Trend: 0.1493, DTW: 0.0912, TopK: 0.4424) | Val Mixed Loss (No Trend): 0.7251 (Base: 0.2824, DTW: 0.1264, TopK: 0.4648) | EMA Val Loss (No Trend): 0.723738 | LR: 2.19e-05
Epoch [80/100] | Total Loss: 0.8488 | Aux Loss: 0.1705 | Train Mixed Loss: 0.6783 (Base: 0.2516, Trend: 0.1489, DTW: 0.0915, TopK: 0.4421) | Val Mixed Loss (No Trend): 0.7154 (Base: 0.2806, DTW: 0.1244, TopK: 0.4542) | EMA Val Loss (No Trend): 0.721657 | LR: 2.00e-05
Epoch [81/100] | Total Loss: 0.8481 | Aux Loss: 0.1703 | Train Mixed Loss: 0.6778 (Base: 0.2518, Trend: 0.1492, DTW: 0.0913, TopK: 0.4408) | Val Mixed Loss (No Trend): 0.7217 (Base: 0.2803, DTW: 0.1262, TopK: 0.4619) | EMA Val Loss (No Trend): 0.721673 | LR: 1.82e-05
Epoch [82/100] | Total Loss: 0.8432 | Aux Loss: 0.1674 | Train Mixed Loss: 0.6758 (Base: 0.2509, Trend: 0.1488, DTW: 0.0910, TopK: 0.4400) | Val Mixed Loss (No Trend): 0.7242 (Base: 0.2812, DTW: 0.1273, TopK: 0.4586) | EMA Val Loss (No Trend): 0.722315 | LR: 1.65e-05
Epoch [83/100] | Total Loss: 0.8410 | Aux Loss: 0.1696 | Train Mixed Loss: 0.6715 (Base: 0.2496, Trend: 0.1485, DTW: 0.0900, TopK: 0.4384) | Val Mixed Loss (No Trend): 0.7191 (Base: 0.2798, DTW: 0.1260, TopK: 0.4563) | EMA Val Loss (No Trend): 0.721502 | LR: 1.49e-05
Epoch [84/100] | Total Loss: 0.8389 | Aux Loss: 0.1684 | Train Mixed Loss: 0.6705 (Base: 0.2500, Trend: 0.1481, DTW: 0.0898, TopK: 0.4359) | Val Mixed Loss (No Trend): 0.7185 (Base: 0.2789, DTW: 0.1254, TopK: 0.4619) | EMA Val Loss (No Trend): 0.720748 | LR: 1.33e-05
Epoch [85/100] | Total Loss: 0.8347 | Aux Loss: 0.1687 | Train Mixed Loss: 0.6660 (Base: 0.2485, Trend: 0.1481, DTW: 0.0887, TopK: 0.4350) | Val Mixed Loss (No Trend): 0.7337 (Base: 0.2864, DTW: 0.1303, TopK: 0.4490) | EMA Val Loss (No Trend): 0.723991 | LR: 1.18e-05
Epoch [86/100] | Total Loss: 0.8379 | Aux Loss: 0.1695 | Train Mixed Loss: 0.6684 (Base: 0.2494, Trend: 0.1486, DTW: 0.0893, TopK: 0.4345) | Val Mixed Loss (No Trend): 0.7259 (Base: 0.2828, DTW: 0.1277, TopK: 0.4553) | EMA Val Loss (No Trend): 0.724459 | LR: 1.05e-05
Epoch [87/100] | Total Loss: 0.8383 | Aux Loss: 0.1685 | Train Mixed Loss: 0.6698 (Base: 0.2494, Trend: 0.1489, DTW: 0.0897, TopK: 0.4355) | Val Mixed Loss (No Trend): 0.7193 (Base: 0.2813, DTW: 0.1258, TopK: 0.4535) | EMA Val Loss (No Trend): 0.723179 | LR: 9.18e-06
Epoch [88/100] | Total Loss: 0.8374 | Aux Loss: 0.1685 | Train Mixed Loss: 0.6689 (Base: 0.2493, Trend: 0.1490, DTW: 0.0892, TopK: 0.4372) | Val Mixed Loss (No Trend): 0.7237 (Base: 0.2811, DTW: 0.1265, TopK: 0.4636) | EMA Val Loss (No Trend): 0.723316 | LR: 7.99e-06
Epoch [89/100] | Total Loss: 0.8348 | Aux Loss: 0.1679 | Train Mixed Loss: 0.6669 (Base: 0.2489, Trend: 0.1485, DTW: 0.0889, TopK: 0.4348) | Val Mixed Loss (No Trend): 0.7241 (Base: 0.2824, DTW: 0.1265, TopK: 0.4598) | EMA Val Loss (No Trend): 0.723508 | LR: 6.88e-06
Epoch [90/100] | Total Loss: 0.8359 | Aux Loss: 0.1688 | Train Mixed Loss: 0.6672 (Base: 0.2486, Trend: 0.1491, DTW: 0.0888, TopK: 0.4362) | Val Mixed Loss (No Trend): 0.7218 (Base: 0.2812, DTW: 0.1269, TopK: 0.4532) | EMA Val Loss (No Trend): 0.723072 | LR: 5.87e-06
Epoch [91/100] | Total Loss: 0.8333 | Aux Loss: 0.1679 | Train Mixed Loss: 0.6654 (Base: 0.2487, Trend: 0.1481, DTW: 0.0888, TopK: 0.4319) | Val Mixed Loss (No Trend): 0.7314 (Base: 0.2833, DTW: 0.1286, TopK: 0.4647) | EMA Val Loss (No Trend): 0.725161 | LR: 4.95e-06
Epoch [92/100] | Total Loss: 0.8394 | Aux Loss: 0.1682 | Train Mixed Loss: 0.6712 (Base: 0.2498, Trend: 0.1494, DTW: 0.0898, TopK: 0.4371) | Val Mixed Loss (No Trend): 0.7219 (Base: 0.2810, DTW: 0.1259, TopK: 0.4623) | EMA Val Loss (No Trend): 0.724338 | LR: 4.13e-06
Epoch [93/100] | Total Loss: 0.8326 | Aux Loss: 0.1672 | Train Mixed Loss: 0.6654 (Base: 0.2483, Trend: 0.1484, DTW: 0.0888, TopK: 0.4329) | Val Mixed Loss (No Trend): 0.7209 (Base: 0.2794, DTW: 0.1263, TopK: 0.4619) | EMA Val Loss (No Trend): 0.723485 | LR: 3.40e-06
Epoch [94/100] | Total Loss: 0.8397 | Aux Loss: 0.1694 | Train Mixed Loss: 0.6703 (Base: 0.2497, Trend: 0.1495, DTW: 0.0894, TopK: 0.4373) | Val Mixed Loss (No Trend): 0.7301 (Base: 0.2818, DTW: 0.1293, TopK: 0.4600) | EMA Val Loss (No Trend): 0.725127 | LR: 2.76e-06
Epoch [95/100] | Total Loss: 0.8340 | Aux Loss: 0.1683 | Train Mixed Loss: 0.6657 (Base: 0.2486, Trend: 0.1492, DTW: 0.0884, TopK: 0.4347) | Val Mixed Loss (No Trend): 0.7266 (Base: 0.2812, DTW: 0.1272, TopK: 0.4667) | EMA Val Loss (No Trend): 0.725486 | LR: 2.23e-06
Epoch [96/100] | Total Loss: 0.8273 | Aux Loss: 0.1690 | Train Mixed Loss: 0.6582 (Base: 0.2458, Trend: 0.1476, DTW: 0.0871, TopK: 0.4321) | Val Mixed Loss (No Trend): 0.7220 (Base: 0.2805, DTW: 0.1269, TopK: 0.4564) | EMA Val Loss (No Trend): 0.724616 | LR: 1.78e-06
Epoch [97/100] | Total Loss: 0.8343 | Aux Loss: 0.1693 | Train Mixed Loss: 0.6650 (Base: 0.2479, Trend: 0.1490, DTW: 0.0885, TopK: 0.4343) | Val Mixed Loss (No Trend): 0.7180 (Base: 0.2802, DTW: 0.1256, TopK: 0.4547) | EMA Val Loss (No Trend): 0.722951 | LR: 1.44e-06
Epoch [98/100] | Total Loss: 0.8316 | Aux Loss: 0.1689 | Train Mixed Loss: 0.6626 (Base: 0.2476, Trend: 0.1487, DTW: 0.0878, TopK: 0.4334) | Val Mixed Loss (No Trend): 0.7250 (Base: 0.2827, DTW: 0.1264, TopK: 0.4629) | EMA Val Loss (No Trend): 0.723459 | LR: 1.20e-06
Epoch [99/100] | Total Loss: 0.8280 | Aux Loss: 0.1680 | Train Mixed Loss: 0.6600 (Base: 0.2467, Trend: 0.1476, DTW: 0.0878, TopK: 0.4290) | Val Mixed Loss (No Trend): 0.7261 (Base: 0.2807, DTW: 0.1280, TopK: 0.4606) | EMA Val Loss (No Trend): 0.724129 | LR: 1.05e-06
Epoch [100/100] | Total Loss: 0.8295 | Aux Loss: 0.1699 | Train Mixed Loss: 0.6596 (Base: 0.2463, Trend: 0.1479, DTW: 0.0875, TopK: 0.4313) | Val Mixed Loss (No Trend): 0.7186 (Base: 0.2799, DTW: 0.1259, TopK: 0.4551) | EMA Val Loss (No Trend): 0.722738 | LR: 2.00e-04
