Starting Transformer experiment with seed 2 in /root/autodl-tmp/parallel_runs/worker_2_seed_2
Device: cuda
Data shape: (1029, 35040, 10)
Max PM2.5 value: 32768.0
Abnormal points (>1000): 636
Loaded cache: /root/autodl-tmp/parallel_runs/worker_2_seed_2/dataset_cache_train_2y_T144_P48_seed_2.pt (Eligible stations: 1029/1029)
Loaded cache: /root/autodl-tmp/parallel_runs/worker_2_seed_2/dataset_cache_val_1y_T144_P48_seed_2.pt (Eligible stations: 1029/1029)
Total trainable parameters: 1,732,097
Epoch [1/100] | Train Loss: 1.0775 (Base: 0.3390, Trend: 0.1651, DTW: 0.1975, TopK: 0.6061) | Val Loss: 0.887555 (Base: 0.3143, DTW: 0.1655, TopK: 0.5867) | EMA No-Trend Loss: 0.887555 | LR: 1.00e-04
Epoch [2/100] | Train Loss: 0.9908 (Base: 0.3310, Trend: 0.1706, DTW: 0.1653, TopK: 0.5923) | Val Loss: 0.849725 (Base: 0.3163, DTW: 0.1537, TopK: 0.5483) | EMA No-Trend Loss: 0.878098 | LR: 9.99e-05
Epoch [3/100] | Train Loss: 0.9621 (Base: 0.3253, Trend: 0.1720, DTW: 0.1559, TopK: 0.5883) | Val Loss: 0.823146 (Base: 0.3014, DTW: 0.1472, TopK: 0.5616) | EMA No-Trend Loss: 0.864360 | LR: 9.98e-05
Epoch [4/100] | Train Loss: 0.9529 (Base: 0.3237, Trend: 0.1712, DTW: 0.1536, TopK: 0.5831) | Val Loss: 0.820335 (Base: 0.2990, DTW: 0.1486, TopK: 0.5494) | EMA No-Trend Loss: 0.853354 | LR: 9.96e-05
Epoch [5/100] | Train Loss: 0.9326 (Base: 0.3192, Trend: 0.1704, DTW: 0.1487, TopK: 0.5710) | Val Loss: 0.811795 (Base: 0.3043, DTW: 0.1460, TopK: 0.5237) | EMA No-Trend Loss: 0.842964 | LR: 9.94e-05
Epoch [6/100] | Train Loss: 0.9269 (Base: 0.3165, Trend: 0.1698, DTW: 0.1473, TopK: 0.5730) | Val Loss: 0.821844 (Base: 0.3099, DTW: 0.1492, TopK: 0.5129) | EMA No-Trend Loss: 0.837684 | LR: 9.91e-05
Epoch [7/100] | Train Loss: 0.9175 (Base: 0.3149, Trend: 0.1696, DTW: 0.1446, TopK: 0.5693) | Val Loss: 0.799544 (Base: 0.2991, DTW: 0.1435, TopK: 0.5198) | EMA No-Trend Loss: 0.828149 | LR: 9.88e-05
Epoch [8/100] | Train Loss: 0.9058 (Base: 0.3124, Trend: 0.1686, DTW: 0.1418, TopK: 0.5628) | Val Loss: 0.793112 (Base: 0.2870, DTW: 0.1420, TopK: 0.5511) | EMA No-Trend Loss: 0.819390 | LR: 9.84e-05
Epoch [9/100] | Train Loss: 0.8997 (Base: 0.3109, Trend: 0.1681, DTW: 0.1403, TopK: 0.5599) | Val Loss: 0.801828 (Base: 0.2991, DTW: 0.1454, TopK: 0.5124) | EMA No-Trend Loss: 0.814999 | LR: 9.80e-05
Epoch [10/100] | Train Loss: 0.8941 (Base: 0.3095, Trend: 0.1676, DTW: 0.1390, TopK: 0.5576) | Val Loss: 0.785120 (Base: 0.2963, DTW: 0.1401, TopK: 0.5086) | EMA No-Trend Loss: 0.807529 | LR: 9.76e-05
Epoch [11/100] | Train Loss: 0.8841 (Base: 0.3062, Trend: 0.1672, DTW: 0.1369, TopK: 0.5528) | Val Loss: 0.787554 (Base: 0.2980, DTW: 0.1394, TopK: 0.5165) | EMA No-Trend Loss: 0.802536 | LR: 9.71e-05
Epoch [12/100] | Train Loss: 0.8786 (Base: 0.3047, Trend: 0.1666, DTW: 0.1354, TopK: 0.5517) | Val Loss: 0.817679 (Base: 0.3127, DTW: 0.1508, TopK: 0.4769) | EMA No-Trend Loss: 0.806322 | LR: 9.65e-05
Epoch [13/100] | Train Loss: 0.8720 (Base: 0.3036, Trend: 0.1659, DTW: 0.1341, TopK: 0.5452) | Val Loss: 0.798327 (Base: 0.3032, DTW: 0.1421, TopK: 0.5138) | EMA No-Trend Loss: 0.804323 | LR: 9.59e-05
Epoch [14/100] | Train Loss: 0.8674 (Base: 0.3030, Trend: 0.1666, DTW: 0.1324, TopK: 0.5442) | Val Loss: 0.798156 (Base: 0.3026, DTW: 0.1432, TopK: 0.5061) | EMA No-Trend Loss: 0.802781 | LR: 9.53e-05
Epoch [15/100] | Train Loss: 0.8638 (Base: 0.3017, Trend: 0.1672, DTW: 0.1314, TopK: 0.5436) | Val Loss: 0.798327 (Base: 0.3017, DTW: 0.1450, TopK: 0.4954) | EMA No-Trend Loss: 0.801668 | LR: 9.46e-05
Epoch [16/100] | Train Loss: 0.8590 (Base: 0.3002, Trend: 0.1657, DTW: 0.1308, TopK: 0.5399) | Val Loss: 0.779897 (Base: 0.2947, DTW: 0.1395, TopK: 0.5015) | EMA No-Trend Loss: 0.796225 | LR: 9.39e-05
Epoch [17/100] | Train Loss: 0.8505 (Base: 0.2976, Trend: 0.1656, DTW: 0.1288, TopK: 0.5367) | Val Loss: 0.779207 (Base: 0.2945, DTW: 0.1386, TopK: 0.5071) | EMA No-Trend Loss: 0.791971 | LR: 9.31e-05
Epoch [18/100] | Train Loss: 0.8488 (Base: 0.2973, Trend: 0.1652, DTW: 0.1284, TopK: 0.5361) | Val Loss: 0.797884 (Base: 0.2994, DTW: 0.1445, TopK: 0.5059) | EMA No-Trend Loss: 0.793449 | LR: 9.23e-05
Epoch [19/100] | Train Loss: 0.8438 (Base: 0.2959, Trend: 0.1649, DTW: 0.1271, TopK: 0.5349) | Val Loss: 0.790202 (Base: 0.3005, DTW: 0.1426, TopK: 0.4920) | EMA No-Trend Loss: 0.792637 | LR: 9.14e-05
Epoch [20/100] | Train Loss: 0.8367 (Base: 0.2943, Trend: 0.1648, DTW: 0.1253, TopK: 0.5311) | Val Loss: 0.775674 (Base: 0.2901, DTW: 0.1389, TopK: 0.5075) | EMA No-Trend Loss: 0.788397 | LR: 9.05e-05
Epoch [21/100] | Train Loss: 0.8309 (Base: 0.2926, Trend: 0.1642, DTW: 0.1241, TopK: 0.5276) | Val Loss: 0.774686 (Base: 0.2909, DTW: 0.1384, TopK: 0.5055) | EMA No-Trend Loss: 0.784969 | LR: 8.96e-05
Epoch [22/100] | Train Loss: 0.8333 (Base: 0.2936, Trend: 0.1655, DTW: 0.1246, TopK: 0.5266) | Val Loss: 0.785546 (Base: 0.2944, DTW: 0.1429, TopK: 0.4938) | EMA No-Trend Loss: 0.785113 | LR: 8.86e-05
Epoch [23/100] | Train Loss: 0.8269 (Base: 0.2915, Trend: 0.1643, DTW: 0.1234, TopK: 0.5237) | Val Loss: 0.777502 (Base: 0.2896, DTW: 0.1382, TopK: 0.5207) | EMA No-Trend Loss: 0.783210 | LR: 8.76e-05
Epoch [24/100] | Train Loss: 0.8228 (Base: 0.2907, Trend: 0.1648, DTW: 0.1222, TopK: 0.5215) | Val Loss: 0.782072 (Base: 0.2970, DTW: 0.1410, TopK: 0.4892) | EMA No-Trend Loss: 0.782926 | LR: 8.66e-05
Epoch [25/100] | Train Loss: 0.8219 (Base: 0.2907, Trend: 0.1646, DTW: 0.1220, TopK: 0.5201) | Val Loss: 0.777884 (Base: 0.2907, DTW: 0.1387, TopK: 0.5142) | EMA No-Trend Loss: 0.781665 | LR: 8.55e-05
Epoch [26/100] | Train Loss: 0.8143 (Base: 0.2883, Trend: 0.1642, DTW: 0.1201, TopK: 0.5185) | Val Loss: 0.775293 (Base: 0.2922, DTW: 0.1390, TopK: 0.4986) | EMA No-Trend Loss: 0.780072 | LR: 8.44e-05
Epoch [27/100] | Train Loss: 0.8096 (Base: 0.2871, Trend: 0.1642, DTW: 0.1193, TopK: 0.5140) | Val Loss: 0.772513 (Base: 0.2881, DTW: 0.1378, TopK: 0.5123) | EMA No-Trend Loss: 0.778182 | LR: 8.32e-05
Epoch [28/100] | Train Loss: 0.8054 (Base: 0.2863, Trend: 0.1641, DTW: 0.1178, TopK: 0.5143) | Val Loss: 0.780371 (Base: 0.2951, DTW: 0.1408, TopK: 0.4908) | EMA No-Trend Loss: 0.778730 | LR: 8.21e-05
Epoch [29/100] | Train Loss: 0.8056 (Base: 0.2862, Trend: 0.1647, DTW: 0.1179, TopK: 0.5140) | Val Loss: 0.771255 (Base: 0.2894, DTW: 0.1374, TopK: 0.5065) | EMA No-Trend Loss: 0.776861 | LR: 8.08e-05
Epoch [30/100] | Train Loss: 0.8011 (Base: 0.2849, Trend: 0.1644, DTW: 0.1167, TopK: 0.5128) | Val Loss: 0.775031 (Base: 0.2921, DTW: 0.1391, TopK: 0.4971) | EMA No-Trend Loss: 0.776403 | LR: 7.96e-05
Epoch [31/100] | Train Loss: 0.7964 (Base: 0.2838, Trend: 0.1641, DTW: 0.1158, TopK: 0.5085) | Val Loss: 0.782244 (Base: 0.2961, DTW: 0.1415, TopK: 0.4888) | EMA No-Trend Loss: 0.777864 | LR: 7.83e-05
Epoch [32/100] | Train Loss: 0.7949 (Base: 0.2831, Trend: 0.1643, DTW: 0.1156, TopK: 0.5076) | Val Loss: 0.784277 (Base: 0.2963, DTW: 0.1424, TopK: 0.4870) | EMA No-Trend Loss: 0.779467 | LR: 7.70e-05
Epoch [33/100] | Train Loss: 0.7904 (Base: 0.2823, Trend: 0.1637, DTW: 0.1146, TopK: 0.5044) | Val Loss: 0.783521 (Base: 0.2952, DTW: 0.1425, TopK: 0.4874) | EMA No-Trend Loss: 0.780480 | LR: 7.57e-05
Epoch [34/100] | Train Loss: 0.7864 (Base: 0.2814, Trend: 0.1638, DTW: 0.1134, TopK: 0.5027) | Val Loss: 0.776260 (Base: 0.2891, DTW: 0.1407, TopK: 0.4985) | EMA No-Trend Loss: 0.779425 | LR: 7.43e-05
Epoch [35/100] | Train Loss: 0.7810 (Base: 0.2793, Trend: 0.1634, DTW: 0.1124, TopK: 0.5008) | Val Loss: 0.780365 (Base: 0.2941, DTW: 0.1416, TopK: 0.4877) | EMA No-Trend Loss: 0.779660 | LR: 7.30e-05
Epoch [36/100] | Train Loss: 0.7788 (Base: 0.2790, Trend: 0.1635, DTW: 0.1118, TopK: 0.4990) | Val Loss: 0.786169 (Base: 0.2963, DTW: 0.1423, TopK: 0.4945) | EMA No-Trend Loss: 0.781288 | LR: 7.16e-05
Epoch [37/100] | Train Loss: 0.7786 (Base: 0.2789, Trend: 0.1641, DTW: 0.1116, TopK: 0.4997) | Val Loss: 0.778004 (Base: 0.2931, DTW: 0.1406, TopK: 0.4912) | EMA No-Trend Loss: 0.780467 | LR: 7.02e-05
Epoch [38/100] | Train Loss: 0.7714 (Base: 0.2770, Trend: 0.1640, DTW: 0.1099, TopK: 0.4958) | Val Loss: 0.786843 (Base: 0.2942, DTW: 0.1436, TopK: 0.4929) | EMA No-Trend Loss: 0.782061 | LR: 6.87e-05
Epoch [39/100] | Train Loss: 0.7718 (Base: 0.2773, Trend: 0.1639, DTW: 0.1100, TopK: 0.4947) | Val Loss: 0.780492 (Base: 0.2945, DTW: 0.1407, TopK: 0.4943) | EMA No-Trend Loss: 0.781669 | LR: 6.73e-05
Epoch [40/100] | Train Loss: 0.7703 (Base: 0.2766, Trend: 0.1638, DTW: 0.1099, TopK: 0.4931) | Val Loss: 0.780671 (Base: 0.2893, DTW: 0.1413, TopK: 0.5079) | EMA No-Trend Loss: 0.781419 | LR: 6.58e-05
Epoch [41/100] | Train Loss: 0.7678 (Base: 0.2761, Trend: 0.1641, DTW: 0.1091, TopK: 0.4929) | Val Loss: 0.784734 (Base: 0.2921, DTW: 0.1413, TopK: 0.5120) | EMA No-Trend Loss: 0.782248 | LR: 6.43e-05
Epoch [42/100] | Train Loss: 0.7629 (Base: 0.2743, Trend: 0.1637, DTW: 0.1082, TopK: 0.4905) | Val Loss: 0.772740 (Base: 0.2903, DTW: 0.1383, TopK: 0.5017) | EMA No-Trend Loss: 0.779871 | LR: 6.28e-05
Epoch [43/100] | Train Loss: 0.7569 (Base: 0.2730, Trend: 0.1640, DTW: 0.1065, TopK: 0.4872) | Val Loss: 0.780639 (Base: 0.2914, DTW: 0.1413, TopK: 0.5005) | EMA No-Trend Loss: 0.780063 | LR: 6.13e-05
Epoch [44/100] | Train Loss: 0.7606 (Base: 0.2743, Trend: 0.1645, DTW: 0.1073, TopK: 0.4889) | Val Loss: 0.783491 (Base: 0.2952, DTW: 0.1428, TopK: 0.4853) | EMA No-Trend Loss: 0.780920 | LR: 5.98e-05
Epoch [45/100] | Train Loss: 0.7548 (Base: 0.2728, Trend: 0.1640, DTW: 0.1059, TopK: 0.4861) | Val Loss: 0.780715 (Base: 0.2926, DTW: 0.1420, TopK: 0.4907) | EMA No-Trend Loss: 0.780869 | LR: 5.82e-05
Epoch [46/100] | Train Loss: 0.7495 (Base: 0.2714, Trend: 0.1637, DTW: 0.1047, TopK: 0.4833) | Val Loss: 0.789325 (Base: 0.2944, DTW: 0.1438, TopK: 0.4993) | EMA No-Trend Loss: 0.782983 | LR: 5.67e-05
Epoch [47/100] | Train Loss: 0.7493 (Base: 0.2706, Trend: 0.1637, DTW: 0.1048, TopK: 0.4843) | Val Loss: 0.784851 (Base: 0.2972, DTW: 0.1443, TopK: 0.4708) | EMA No-Trend Loss: 0.783450 | LR: 5.52e-05
Epoch [48/100] | Train Loss: 0.7471 (Base: 0.2706, Trend: 0.1642, DTW: 0.1040, TopK: 0.4830) | Val Loss: 0.777520 (Base: 0.2898, DTW: 0.1403, TopK: 0.5035) | EMA No-Trend Loss: 0.781967 | LR: 5.36e-05
Epoch [49/100] | Train Loss: 0.7433 (Base: 0.2696, Trend: 0.1641, DTW: 0.1032, TopK: 0.4801) | Val Loss: 0.776166 (Base: 0.2891, DTW: 0.1402, TopK: 0.5020) | EMA No-Trend Loss: 0.780517 | LR: 5.21e-05
Epoch [50/100] | Train Loss: 0.7432 (Base: 0.2700, Trend: 0.1649, DTW: 0.1028, TopK: 0.4798) | Val Loss: 0.787117 (Base: 0.2969, DTW: 0.1435, TopK: 0.4863) | EMA No-Trend Loss: 0.782167 | LR: 5.05e-05
Epoch [51/100] | Train Loss: 0.7402 (Base: 0.2688, Trend: 0.1645, DTW: 0.1024, TopK: 0.4778) | Val Loss: 0.775372 (Base: 0.2912, DTW: 0.1406, TopK: 0.4892) | EMA No-Trend Loss: 0.780468 | LR: 4.89e-05
Epoch [52/100] | Train Loss: 0.7337 (Base: 0.2664, Trend: 0.1634, DTW: 0.1013, TopK: 0.4747) | Val Loss: 0.771676 (Base: 0.2890, DTW: 0.1394, TopK: 0.4935) | EMA No-Trend Loss: 0.778270 | LR: 4.74e-05
Epoch [53/100] | Train Loss: 0.7342 (Base: 0.2668, Trend: 0.1645, DTW: 0.1012, TopK: 0.4747) | Val Loss: 0.785276 (Base: 0.2953, DTW: 0.1440, TopK: 0.4814) | EMA No-Trend Loss: 0.780022 | LR: 4.58e-05
Epoch [54/100] | Train Loss: 0.7318 (Base: 0.2661, Trend: 0.1645, DTW: 0.1007, TopK: 0.4727) | Val Loss: 0.783871 (Base: 0.2928, DTW: 0.1430, TopK: 0.4931) | EMA No-Trend Loss: 0.780984 | LR: 4.43e-05
Epoch [55/100] | Train Loss: 0.7288 (Base: 0.2651, Trend: 0.1644, DTW: 0.0999, TopK: 0.4725) | Val Loss: 0.788248 (Base: 0.2960, DTW: 0.1443, TopK: 0.4863) | EMA No-Trend Loss: 0.782800 | LR: 4.28e-05
Epoch [56/100] | Train Loss: 0.7284 (Base: 0.2650, Trend: 0.1647, DTW: 0.0997, TopK: 0.4725) | Val Loss: 0.777136 (Base: 0.2917, DTW: 0.1417, TopK: 0.4848) | EMA No-Trend Loss: 0.781384 | LR: 4.12e-05
Epoch [57/100] | Train Loss: 0.7239 (Base: 0.2639, Trend: 0.1643, DTW: 0.0986, TopK: 0.4705) | Val Loss: 0.783871 (Base: 0.2941, DTW: 0.1421, TopK: 0.4953) | EMA No-Trend Loss: 0.782006 | LR: 3.97e-05
Epoch [58/100] | Train Loss: 0.7216 (Base: 0.2635, Trend: 0.1649, DTW: 0.0980, TopK: 0.4682) | Val Loss: 0.783177 (Base: 0.2931, DTW: 0.1427, TopK: 0.4920) | EMA No-Trend Loss: 0.782298 | LR: 3.82e-05
Epoch [59/100] | Train Loss: 0.7207 (Base: 0.2633, Trend: 0.1645, DTW: 0.0980, TopK: 0.4664) | Val Loss: 0.790104 (Base: 0.2973, DTW: 0.1439, TopK: 0.4909) | EMA No-Trend Loss: 0.784250 | LR: 3.67e-05
Epoch [60/100] | Train Loss: 0.7177 (Base: 0.2618, Trend: 0.1641, DTW: 0.0975, TopK: 0.4663) | Val Loss: 0.780450 (Base: 0.2923, DTW: 0.1411, TopK: 0.4989) | EMA No-Trend Loss: 0.783300 | LR: 3.52e-05
Epoch [61/100] | Train Loss: 0.7172 (Base: 0.2618, Trend: 0.1649, DTW: 0.0972, TopK: 0.4656) | Val Loss: 0.777186 (Base: 0.2896, DTW: 0.1405, TopK: 0.5018) | EMA No-Trend Loss: 0.781772 | LR: 3.37e-05
Epoch [62/100] | Train Loss: 0.7167 (Base: 0.2620, Trend: 0.1646, DTW: 0.0968, TopK: 0.4668) | Val Loss: 0.782351 (Base: 0.2910, DTW: 0.1423, TopK: 0.4993) | EMA No-Trend Loss: 0.781916 | LR: 3.23e-05
Epoch [63/100] | Train Loss: 0.7130 (Base: 0.2608, Trend: 0.1650, DTW: 0.0960, TopK: 0.4641) | Val Loss: 0.774473 (Base: 0.2904, DTW: 0.1406, TopK: 0.4889) | EMA No-Trend Loss: 0.780056 | LR: 3.08e-05
Epoch [64/100] | Train Loss: 0.7127 (Base: 0.2608, Trend: 0.1648, DTW: 0.0959, TopK: 0.4641) | Val Loss: 0.785598 (Base: 0.2952, DTW: 0.1429, TopK: 0.4912) | EMA No-Trend Loss: 0.781441 | LR: 2.94e-05
Epoch [65/100] | Train Loss: 0.7060 (Base: 0.2588, Trend: 0.1645, DTW: 0.0945, TopK: 0.4601) | Val Loss: 0.782284 (Base: 0.2928, DTW: 0.1430, TopK: 0.4873) | EMA No-Trend Loss: 0.781652 | LR: 2.80e-05
Epoch [66/100] | Train Loss: 0.7080 (Base: 0.2598, Trend: 0.1647, DTW: 0.0947, TopK: 0.4618) | Val Loss: 0.790888 (Base: 0.2951, DTW: 0.1451, TopK: 0.4921) | EMA No-Trend Loss: 0.783961 | LR: 2.67e-05
Epoch [67/100] | Train Loss: 0.7054 (Base: 0.2582, Trend: 0.1643, DTW: 0.0948, TopK: 0.4587) | Val Loss: 0.779531 (Base: 0.2924, DTW: 0.1409, TopK: 0.4965) | EMA No-Trend Loss: 0.782853 | LR: 2.53e-05
Epoch [68/100] | Train Loss: 0.7028 (Base: 0.2581, Trend: 0.1653, DTW: 0.0935, TopK: 0.4583) | Val Loss: 0.789735 (Base: 0.2953, DTW: 0.1438, TopK: 0.4977) | EMA No-Trend Loss: 0.784574 | LR: 2.40e-05
Epoch [69/100] | Train Loss: 0.7036 (Base: 0.2584, Trend: 0.1656, DTW: 0.0938, TopK: 0.4579) | Val Loss: 0.786751 (Base: 0.2954, DTW: 0.1435, TopK: 0.4901) | EMA No-Trend Loss: 0.785118 | LR: 2.27e-05
Epoch [70/100] | Train Loss: 0.6995 (Base: 0.2575, Trend: 0.1653, DTW: 0.0927, TopK: 0.4562) | Val Loss: 0.779311 (Base: 0.2912, DTW: 0.1410, TopK: 0.4992) | EMA No-Trend Loss: 0.783666 | LR: 2.14e-05
Epoch [71/100] | Train Loss: 0.6970 (Base: 0.2564, Trend: 0.1652, DTW: 0.0923, TopK: 0.4551) | Val Loss: 0.783521 (Base: 0.2957, DTW: 0.1430, TopK: 0.4818) | EMA No-Trend Loss: 0.783630 | LR: 2.02e-05
Epoch [72/100] | Train Loss: 0.6977 (Base: 0.2561, Trend: 0.1647, DTW: 0.0929, TopK: 0.4544) | Val Loss: 0.793083 (Base: 0.2952, DTW: 0.1456, TopK: 0.4946) | EMA No-Trend Loss: 0.785993 | LR: 1.89e-05
Epoch [73/100] | Train Loss: 0.6976 (Base: 0.2565, Trend: 0.1654, DTW: 0.0924, TopK: 0.4557) | Val Loss: 0.782241 (Base: 0.2918, DTW: 0.1428, TopK: 0.4925) | EMA No-Trend Loss: 0.785055 | LR: 1.78e-05
Epoch [74/100] | Train Loss: 0.6917 (Base: 0.2547, Trend: 0.1651, DTW: 0.0912, TopK: 0.4520) | Val Loss: 0.785262 (Base: 0.2945, DTW: 0.1433, TopK: 0.4890) | EMA No-Trend Loss: 0.785107 | LR: 1.66e-05
Epoch [75/100] | Train Loss: 0.6908 (Base: 0.2543, Trend: 0.1649, DTW: 0.0908, TopK: 0.4538) | Val Loss: 0.787724 (Base: 0.2938, DTW: 0.1439, TopK: 0.4952) | EMA No-Trend Loss: 0.785761 | LR: 1.55e-05
Epoch [76/100] | Train Loss: 0.6939 (Base: 0.2550, Trend: 0.1662, DTW: 0.0914, TopK: 0.4544) | Val Loss: 0.784249 (Base: 0.2937, DTW: 0.1424, TopK: 0.4961) | EMA No-Trend Loss: 0.785383 | LR: 1.44e-05
Epoch [77/100] | Train Loss: 0.6905 (Base: 0.2545, Trend: 0.1653, DTW: 0.0907, TopK: 0.4524) | Val Loss: 0.783417 (Base: 0.2936, DTW: 0.1427, TopK: 0.4907) | EMA No-Trend Loss: 0.784892 | LR: 1.34e-05
Epoch [78/100] | Train Loss: 0.6910 (Base: 0.2542, Trend: 0.1656, DTW: 0.0908, TopK: 0.4534) | Val Loss: 0.796143 (Base: 0.2976, DTW: 0.1468, TopK: 0.4874) | EMA No-Trend Loss: 0.787704 | LR: 1.24e-05
Epoch [79/100] | Train Loss: 0.6870 (Base: 0.2533, Trend: 0.1650, DTW: 0.0900, TopK: 0.4503) | Val Loss: 0.787373 (Base: 0.2937, DTW: 0.1439, TopK: 0.4943) | EMA No-Trend Loss: 0.787622 | LR: 1.14e-05
Epoch [80/100] | Train Loss: 0.6908 (Base: 0.2541, Trend: 0.1658, DTW: 0.0908, TopK: 0.4530) | Val Loss: 0.788876 (Base: 0.2950, DTW: 0.1444, TopK: 0.4914) | EMA No-Trend Loss: 0.787935 | LR: 1.05e-05
Epoch [81/100] | Train Loss: 0.6893 (Base: 0.2544, Trend: 0.1663, DTW: 0.0901, TopK: 0.4518) | Val Loss: 0.786447 (Base: 0.2937, DTW: 0.1436, TopK: 0.4940) | EMA No-Trend Loss: 0.787563 | LR: 9.56e-06
Epoch [82/100] | Train Loss: 0.6879 (Base: 0.2532, Trend: 0.1656, DTW: 0.0903, TopK: 0.4507) | Val Loss: 0.778612 (Base: 0.2925, DTW: 0.1415, TopK: 0.4882) | EMA No-Trend Loss: 0.785325 | LR: 8.71e-06
Epoch [83/100] | Train Loss: 0.6830 (Base: 0.2522, Trend: 0.1655, DTW: 0.0891, TopK: 0.4477) | Val Loss: 0.782351 (Base: 0.2933, DTW: 0.1430, TopK: 0.4860) | EMA No-Trend Loss: 0.784582 | LR: 7.89e-06
Epoch [84/100] | Train Loss: 0.6848 (Base: 0.2524, Trend: 0.1654, DTW: 0.0894, TopK: 0.4499) | Val Loss: 0.778956 (Base: 0.2912, DTW: 0.1419, TopK: 0.4909) | EMA No-Trend Loss: 0.783175 | LR: 7.12e-06
Epoch [85/100] | Train Loss: 0.6888 (Base: 0.2541, Trend: 0.1665, DTW: 0.0900, TopK: 0.4518) | Val Loss: 0.783260 (Base: 0.2924, DTW: 0.1436, TopK: 0.4876) | EMA No-Trend Loss: 0.783197 | LR: 6.40e-06
Epoch [86/100] | Train Loss: 0.6796 (Base: 0.2513, Trend: 0.1646, DTW: 0.0886, TopK: 0.4446) | Val Loss: 0.783900 (Base: 0.2927, DTW: 0.1430, TopK: 0.4938) | EMA No-Trend Loss: 0.783372 | LR: 5.71e-06
Epoch [87/100] | Train Loss: 0.6834 (Base: 0.2525, Trend: 0.1660, DTW: 0.0891, TopK: 0.4471) | Val Loss: 0.783968 (Base: 0.2933, DTW: 0.1426, TopK: 0.4949) | EMA No-Trend Loss: 0.783521 | LR: 5.07e-06
Epoch [88/100] | Train Loss: 0.6854 (Base: 0.2526, Trend: 0.1662, DTW: 0.0896, TopK: 0.4490) | Val Loss: 0.782505 (Base: 0.2927, DTW: 0.1429, TopK: 0.4896) | EMA No-Trend Loss: 0.783267 | LR: 4.48e-06
Epoch [89/100] | Train Loss: 0.6827 (Base: 0.2517, Trend: 0.1657, DTW: 0.0891, TopK: 0.4478) | Val Loss: 0.784697 (Base: 0.2937, DTW: 0.1427, TopK: 0.4952) | EMA No-Trend Loss: 0.783625 | LR: 3.93e-06
Epoch [90/100] | Train Loss: 0.6851 (Base: 0.2531, Trend: 0.1665, DTW: 0.0891, TopK: 0.4494) | Val Loss: 0.785471 (Base: 0.2932, DTW: 0.1430, TopK: 0.4969) | EMA No-Trend Loss: 0.784086 | LR: 3.42e-06
Epoch [91/100] | Train Loss: 0.6840 (Base: 0.2525, Trend: 0.1661, DTW: 0.0890, TopK: 0.4491) | Val Loss: 0.789843 (Base: 0.2949, DTW: 0.1443, TopK: 0.4954) | EMA No-Trend Loss: 0.785526 | LR: 2.97e-06
Epoch [92/100] | Train Loss: 0.6782 (Base: 0.2506, Trend: 0.1655, DTW: 0.0880, TopK: 0.4454) | Val Loss: 0.789429 (Base: 0.2954, DTW: 0.1439, TopK: 0.4958) | EMA No-Trend Loss: 0.786501 | LR: 2.56e-06
Epoch [93/100] | Train Loss: 0.6772 (Base: 0.2505, Trend: 0.1656, DTW: 0.0876, TopK: 0.4452) | Val Loss: 0.789051 (Base: 0.2956, DTW: 0.1439, TopK: 0.4939) | EMA No-Trend Loss: 0.787139 | LR: 2.19e-06
Epoch [94/100] | Train Loss: 0.6808 (Base: 0.2517, Trend: 0.1662, DTW: 0.0883, TopK: 0.4466) | Val Loss: 0.782618 (Base: 0.2925, DTW: 0.1428, TopK: 0.4910) | EMA No-Trend Loss: 0.786009 | LR: 1.88e-06
Epoch [95/100] | Train Loss: 0.6785 (Base: 0.2509, Trend: 0.1656, DTW: 0.0881, TopK: 0.4448) | Val Loss: 0.785042 (Base: 0.2942, DTW: 0.1427, TopK: 0.4942) | EMA No-Trend Loss: 0.785767 | LR: 1.61e-06
Epoch [96/100] | Train Loss: 0.6763 (Base: 0.2501, Trend: 0.1652, DTW: 0.0877, TopK: 0.4439) | Val Loss: 0.784280 (Base: 0.2921, DTW: 0.1438, TopK: 0.4902) | EMA No-Trend Loss: 0.785395 | LR: 1.39e-06
Epoch [97/100] | Train Loss: 0.6812 (Base: 0.2514, Trend: 0.1659, DTW: 0.0885, TopK: 0.4481) | Val Loss: 0.778175 (Base: 0.2931, DTW: 0.1411, TopK: 0.4883) | EMA No-Trend Loss: 0.783590 | LR: 1.22e-06
Epoch [98/100] | Train Loss: 0.6838 (Base: 0.2521, Trend: 0.1670, DTW: 0.0891, TopK: 0.4483) | Val Loss: 0.787017 (Base: 0.2953, DTW: 0.1435, TopK: 0.4916) | EMA No-Trend Loss: 0.784447 | LR: 1.10e-06
Epoch [99/100] | Train Loss: 0.6810 (Base: 0.2519, Trend: 0.1664, DTW: 0.0883, TopK: 0.4467) | Val Loss: 0.784633 (Base: 0.2939, DTW: 0.1428, TopK: 0.4935) | EMA No-Trend Loss: 0.784493 | LR: 1.02e-06
Epoch [100/100] | Train Loss: 0.6791 (Base: 0.2510, Trend: 0.1661, DTW: 0.0878, TopK: 0.4477) | Val Loss: 0.787749 (Base: 0.2945, DTW: 0.1437, TopK: 0.4944) | EMA No-Trend Loss: 0.785307 | LR: 1.00e-06
