[*] Process seed: 3
Building static profile features from historical data...
[*] Total trainable parameters: 1,904,129
Epoch [1/100] | Train Mixed Loss (Trend, limit=2): 1.0869 (Base: 0.3402, DTW: 0.2012, TopK: 0.6058) | Val Mixed Loss (NoTrend, limit=2): 0.8718 (Base: 0.3107, DTW: 0.1648, TopK: 0.5517) | EMA NoTrend Loss: 0.871767 | LR: 1.00e-04
Epoch [2/100] | Train Mixed Loss (Trend, limit=2): 0.9944 (Base: 0.3318, DTW: 0.1660, TopK: 0.5979) | Val Mixed Loss (NoTrend, limit=2): 0.8470 (Base: 0.3131, DTW: 0.1518, TopK: 0.5656) | EMA NoTrend Loss: 0.865575 | LR: 9.99e-05
Epoch [3/100] | Train Mixed Loss (Trend, limit=2): 0.9626 (Base: 0.3251, DTW: 0.1571, TopK: 0.5866) | Val Mixed Loss (NoTrend, limit=2): 0.8286 (Base: 0.3118, DTW: 0.1472, TopK: 0.5449) | EMA NoTrend Loss: 0.856326 | LR: 9.98e-05
Epoch [4/100] | Train Mixed Loss (Trend, limit=2): 0.9406 (Base: 0.3208, DTW: 0.1505, TopK: 0.5787) | Val Mixed Loss (NoTrend, limit=2): 0.8065 (Base: 0.3036, DTW: 0.1419, TopK: 0.5414) | EMA NoTrend Loss: 0.843870 | LR: 9.96e-05
Epoch [5/100] | Train Mixed Loss (Trend, limit=2): 0.9259 (Base: 0.3175, DTW: 0.1462, TopK: 0.5742) | Val Mixed Loss (NoTrend, limit=2): 0.8169 (Base: 0.3052, DTW: 0.1510, TopK: 0.4976) | EMA NoTrend Loss: 0.837120 | LR: 9.94e-05
Epoch [6/100] | Train Mixed Loss (Trend, limit=2): 0.9020 (Base: 0.3106, DTW: 0.1417, TopK: 0.5586) | Val Mixed Loss (NoTrend, limit=2): 0.7967 (Base: 0.3076, DTW: 0.1422, TopK: 0.4925) | EMA NoTrend Loss: 0.827011 | LR: 9.91e-05
Epoch [7/100] | Train Mixed Loss (Trend, limit=2): 0.8947 (Base: 0.3088, DTW: 0.1394, TopK: 0.5598) | Val Mixed Loss (NoTrend, limit=2): 0.7796 (Base: 0.2990, DTW: 0.1390, TopK: 0.4902) | EMA NoTrend Loss: 0.815169 | LR: 9.88e-05
Epoch [8/100] | Train Mixed Loss (Trend, limit=2): 0.8877 (Base: 0.3077, DTW: 0.1377, TopK: 0.5538) | Val Mixed Loss (NoTrend, limit=2): 0.7732 (Base: 0.2954, DTW: 0.1342, TopK: 0.5189) | EMA NoTrend Loss: 0.804675 | LR: 9.84e-05
Epoch [9/100] | Train Mixed Loss (Trend, limit=2): 0.8750 (Base: 0.3041, DTW: 0.1347, TopK: 0.5492) | Val Mixed Loss (NoTrend, limit=2): 0.7869 (Base: 0.3058, DTW: 0.1404, TopK: 0.4809) | EMA NoTrend Loss: 0.800231 | LR: 9.80e-05
Epoch [10/100] | Train Mixed Loss (Trend, limit=2): 0.8676 (Base: 0.3025, DTW: 0.1326, TopK: 0.5473) | Val Mixed Loss (NoTrend, limit=2): 0.7642 (Base: 0.2900, DTW: 0.1323, TopK: 0.5221) | EMA NoTrend Loss: 0.791234 | LR: 9.76e-05
Epoch [11/100] | Train Mixed Loss (Trend, limit=2): 0.8591 (Base: 0.2999, DTW: 0.1309, TopK: 0.5424) | Val Mixed Loss (NoTrend, limit=2): 0.7585 (Base: 0.2887, DTW: 0.1319, TopK: 0.5109) | EMA NoTrend Loss: 0.783056 | LR: 9.71e-05
Epoch [12/100] | Train Mixed Loss (Trend, limit=2): 0.8525 (Base: 0.2985, DTW: 0.1296, TopK: 0.5371) | Val Mixed Loss (NoTrend, limit=2): 0.7657 (Base: 0.2960, DTW: 0.1351, TopK: 0.4846) | EMA NoTrend Loss: 0.778706 | LR: 9.65e-05
Epoch [13/100] | Train Mixed Loss (Trend, limit=2): 0.8494 (Base: 0.2975, DTW: 0.1288, TopK: 0.5369) | Val Mixed Loss (NoTrend, limit=2): 0.7854 (Base: 0.3041, DTW: 0.1412, TopK: 0.4748) | EMA NoTrend Loss: 0.780386 | LR: 9.59e-05
Epoch [14/100] | Train Mixed Loss (Trend, limit=2): 0.8429 (Base: 0.2964, DTW: 0.1268, TopK: 0.5333) | Val Mixed Loss (NoTrend, limit=2): 0.7685 (Base: 0.2974, DTW: 0.1355, TopK: 0.4866) | EMA NoTrend Loss: 0.777418 | LR: 9.53e-05
Epoch [15/100] | Train Mixed Loss (Trend, limit=2): 0.8360 (Base: 0.2945, DTW: 0.1254, TopK: 0.5296) | Val Mixed Loss (NoTrend, limit=2): 0.7723 (Base: 0.2999, DTW: 0.1387, TopK: 0.4647) | EMA NoTrend Loss: 0.776147 | LR: 9.46e-05
Epoch [16/100] | Train Mixed Loss (Trend, limit=2): 0.8241 (Base: 0.2914, DTW: 0.1228, TopK: 0.5233) | Val Mixed Loss (NoTrend, limit=2): 0.7564 (Base: 0.2892, DTW: 0.1338, TopK: 0.4873) | EMA NoTrend Loss: 0.771219 | LR: 9.39e-05
Epoch [17/100] | Train Mixed Loss (Trend, limit=2): 0.8288 (Base: 0.2929, DTW: 0.1233, TopK: 0.5273) | Val Mixed Loss (NoTrend, limit=2): 0.7641 (Base: 0.2951, DTW: 0.1355, TopK: 0.4796) | EMA NoTrend Loss: 0.769450 | LR: 9.31e-05
Epoch [18/100] | Train Mixed Loss (Trend, limit=2): 0.8199 (Base: 0.2905, DTW: 0.1215, TopK: 0.5209) | Val Mixed Loss (NoTrend, limit=2): 0.7478 (Base: 0.2859, DTW: 0.1305, TopK: 0.4957) | EMA NoTrend Loss: 0.764042 | LR: 9.23e-05
Epoch [19/100] | Train Mixed Loss (Trend, limit=2): 0.8178 (Base: 0.2894, DTW: 0.1211, TopK: 0.5211) | Val Mixed Loss (NoTrend, limit=2): 0.7479 (Base: 0.2870, DTW: 0.1311, TopK: 0.4879) | EMA NoTrend Loss: 0.760016 | LR: 9.14e-05
Epoch [20/100] | Train Mixed Loss (Trend, limit=2): 0.8124 (Base: 0.2876, DTW: 0.1200, TopK: 0.5189) | Val Mixed Loss (NoTrend, limit=2): 0.7550 (Base: 0.2917, DTW: 0.1333, TopK: 0.4777) | EMA NoTrend Loss: 0.758751 | LR: 9.05e-05
Epoch [21/100] | Train Mixed Loss (Trend, limit=2): 0.8076 (Base: 0.2873, DTW: 0.1187, TopK: 0.5141) | Val Mixed Loss (NoTrend, limit=2): 0.7391 (Base: 0.2819, DTW: 0.1286, TopK: 0.4952) | EMA NoTrend Loss: 0.753849 | LR: 8.96e-05
Epoch [22/100] | Train Mixed Loss (Trend, limit=2): 0.8001 (Base: 0.2849, DTW: 0.1172, TopK: 0.5088) | Val Mixed Loss (NoTrend, limit=2): 0.7359 (Base: 0.2792, DTW: 0.1274, TopK: 0.5032) | EMA NoTrend Loss: 0.749363 | LR: 8.86e-05
Epoch [23/100] | Train Mixed Loss (Trend, limit=2): 0.8001 (Base: 0.2847, DTW: 0.1172, TopK: 0.5103) | Val Mixed Loss (NoTrend, limit=2): 0.7725 (Base: 0.2960, DTW: 0.1397, TopK: 0.4708) | EMA NoTrend Loss: 0.755156 | LR: 8.76e-05
Epoch [24/100] | Train Mixed Loss (Trend, limit=2): 0.7949 (Base: 0.2834, DTW: 0.1164, TopK: 0.5058) | Val Mixed Loss (NoTrend, limit=2): 0.7427 (Base: 0.2876, DTW: 0.1313, TopK: 0.4667) | EMA NoTrend Loss: 0.752041 | LR: 8.66e-05
Epoch [25/100] | Train Mixed Loss (Trend, limit=2): 0.7887 (Base: 0.2812, DTW: 0.1149, TopK: 0.5041) | Val Mixed Loss (NoTrend, limit=2): 0.7376 (Base: 0.2849, DTW: 0.1282, TopK: 0.4833) | EMA NoTrend Loss: 0.748429 | LR: 8.55e-05
Epoch [26/100] | Train Mixed Loss (Trend, limit=2): 0.7868 (Base: 0.2807, DTW: 0.1143, TopK: 0.5033) | Val Mixed Loss (NoTrend, limit=2): 0.7552 (Base: 0.2925, DTW: 0.1343, TopK: 0.4684) | EMA NoTrend Loss: 0.750130 | LR: 8.44e-05
Epoch [27/100] | Train Mixed Loss (Trend, limit=2): 0.7822 (Base: 0.2800, DTW: 0.1130, TopK: 0.5004) | Val Mixed Loss (NoTrend, limit=2): 0.7292 (Base: 0.2767, DTW: 0.1267, TopK: 0.4943) | EMA NoTrend Loss: 0.744888 | LR: 8.32e-05
Epoch [28/100] | Train Mixed Loss (Trend, limit=2): 0.7810 (Base: 0.2797, DTW: 0.1125, TopK: 0.5010) | Val Mixed Loss (NoTrend, limit=2): 0.7390 (Base: 0.2828, DTW: 0.1292, TopK: 0.4870) | EMA NoTrend Loss: 0.743411 | LR: 8.21e-05
Epoch [29/100] | Train Mixed Loss (Trend, limit=2): 0.7787 (Base: 0.2790, DTW: 0.1120, TopK: 0.4988) | Val Mixed Loss (NoTrend, limit=2): 0.7513 (Base: 0.2936, DTW: 0.1350, TopK: 0.4457) | EMA NoTrend Loss: 0.745381 | LR: 8.08e-05
Epoch [30/100] | Train Mixed Loss (Trend, limit=2): 0.7730 (Base: 0.2780, DTW: 0.1108, TopK: 0.4944) | Val Mixed Loss (NoTrend, limit=2): 0.7442 (Base: 0.2890, DTW: 0.1320, TopK: 0.4612) | EMA NoTrend Loss: 0.745079 | LR: 7.96e-05
Epoch [31/100] | Train Mixed Loss (Trend, limit=2): 0.7684 (Base: 0.2765, DTW: 0.1096, TopK: 0.4935) | Val Mixed Loss (NoTrend, limit=2): 0.7319 (Base: 0.2793, DTW: 0.1284, TopK: 0.4810) | EMA NoTrend Loss: 0.741776 | LR: 7.83e-05
Epoch [32/100] | Train Mixed Loss (Trend, limit=2): 0.7667 (Base: 0.2759, DTW: 0.1093, TopK: 0.4915) | Val Mixed Loss (NoTrend, limit=2): 0.7401 (Base: 0.2853, DTW: 0.1307, TopK: 0.4710) | EMA NoTrend Loss: 0.741366 | LR: 7.70e-05
Epoch [33/100] | Train Mixed Loss (Trend, limit=2): 0.7638 (Base: 0.2747, DTW: 0.1088, TopK: 0.4904) | Val Mixed Loss (NoTrend, limit=2): 0.7353 (Base: 0.2811, DTW: 0.1288, TopK: 0.4835) | EMA NoTrend Loss: 0.739854 | LR: 7.57e-05
Epoch [34/100] | Train Mixed Loss (Trend, limit=2): 0.7579 (Base: 0.2731, DTW: 0.1076, TopK: 0.4860) | Val Mixed Loss (NoTrend, limit=2): 0.7577 (Base: 0.2946, DTW: 0.1358, TopK: 0.4577) | EMA NoTrend Loss: 0.744327 | LR: 7.43e-05
Epoch [35/100] | Train Mixed Loss (Trend, limit=2): 0.7577 (Base: 0.2733, DTW: 0.1070, TopK: 0.4878) | Val Mixed Loss (NoTrend, limit=2): 0.7347 (Base: 0.2811, DTW: 0.1289, TopK: 0.4809) | EMA NoTrend Loss: 0.741908 | LR: 7.30e-05
Epoch [36/100] | Train Mixed Loss (Trend, limit=2): 0.7501 (Base: 0.2712, DTW: 0.1056, TopK: 0.4820) | Val Mixed Loss (NoTrend, limit=2): 0.7355 (Base: 0.2832, DTW: 0.1290, TopK: 0.4753) | EMA NoTrend Loss: 0.740294 | LR: 7.16e-05
Epoch [37/100] | Train Mixed Loss (Trend, limit=2): 0.7476 (Base: 0.2706, DTW: 0.1049, TopK: 0.4815) | Val Mixed Loss (NoTrend, limit=2): 0.7428 (Base: 0.2862, DTW: 0.1312, TopK: 0.4723) | EMA NoTrend Loss: 0.740933 | LR: 7.02e-05
Epoch [38/100] | Train Mixed Loss (Trend, limit=2): 0.7494 (Base: 0.2712, DTW: 0.1051, TopK: 0.4822) | Val Mixed Loss (NoTrend, limit=2): 0.7409 (Base: 0.2852, DTW: 0.1310, TopK: 0.4707) | EMA NoTrend Loss: 0.740919 | LR: 6.87e-05
Epoch [39/100] | Train Mixed Loss (Trend, limit=2): 0.7436 (Base: 0.2693, DTW: 0.1038, TopK: 0.4798) | Val Mixed Loss (NoTrend, limit=2): 0.7468 (Base: 0.2872, DTW: 0.1329, TopK: 0.4682) | EMA NoTrend Loss: 0.742381 | LR: 6.73e-05
Epoch [40/100] | Train Mixed Loss (Trend, limit=2): 0.7412 (Base: 0.2682, DTW: 0.1035, TopK: 0.4790) | Val Mixed Loss (NoTrend, limit=2): 0.7392 (Base: 0.2855, DTW: 0.1313, TopK: 0.4617) | EMA NoTrend Loss: 0.741591 | LR: 6.58e-05
Epoch [41/100] | Train Mixed Loss (Trend, limit=2): 0.7404 (Base: 0.2684, DTW: 0.1030, TopK: 0.4787) | Val Mixed Loss (NoTrend, limit=2): 0.7428 (Base: 0.2879, DTW: 0.1317, TopK: 0.4624) | EMA NoTrend Loss: 0.741886 | LR: 6.43e-05
Epoch [42/100] | Train Mixed Loss (Trend, limit=2): 0.7368 (Base: 0.2676, DTW: 0.1022, TopK: 0.4757) | Val Mixed Loss (NoTrend, limit=2): 0.7381 (Base: 0.2846, DTW: 0.1311, TopK: 0.4627) | EMA NoTrend Loss: 0.740935 | LR: 6.28e-05
Epoch [43/100] | Train Mixed Loss (Trend, limit=2): 0.7323 (Base: 0.2667, DTW: 0.1012, TopK: 0.4717) | Val Mixed Loss (NoTrend, limit=2): 0.7429 (Base: 0.2855, DTW: 0.1320, TopK: 0.4684) | EMA NoTrend Loss: 0.741436 | LR: 6.13e-05
Epoch [44/100] | Train Mixed Loss (Trend, limit=2): 0.7313 (Base: 0.2658, DTW: 0.1011, TopK: 0.4721) | Val Mixed Loss (NoTrend, limit=2): 0.7536 (Base: 0.2931, DTW: 0.1356, TopK: 0.4501) | EMA NoTrend Loss: 0.744475 | LR: 5.98e-05
Epoch [45/100] | Train Mixed Loss (Trend, limit=2): 0.7268 (Base: 0.2651, DTW: 0.0999, TopK: 0.4686) | Val Mixed Loss (NoTrend, limit=2): 0.7244 (Base: 0.2745, DTW: 0.1263, TopK: 0.4889) | EMA NoTrend Loss: 0.739448 | LR: 5.82e-05
Epoch [46/100] | Train Mixed Loss (Trend, limit=2): 0.7266 (Base: 0.2646, DTW: 0.0997, TopK: 0.4706) | Val Mixed Loss (NoTrend, limit=2): 0.7423 (Base: 0.2853, DTW: 0.1323, TopK: 0.4649) | EMA NoTrend Loss: 0.740154 | LR: 5.67e-05
Epoch [47/100] | Train Mixed Loss (Trend, limit=2): 0.7225 (Base: 0.2633, DTW: 0.0989, TopK: 0.4684) | Val Mixed Loss (NoTrend, limit=2): 0.7582 (Base: 0.2932, DTW: 0.1355, TopK: 0.4660) | EMA NoTrend Loss: 0.744661 | LR: 5.52e-05
Epoch [48/100] | Train Mixed Loss (Trend, limit=2): 0.7172 (Base: 0.2618, DTW: 0.0979, TopK: 0.4647) | Val Mixed Loss (NoTrend, limit=2): 0.7467 (Base: 0.2885, DTW: 0.1335, TopK: 0.4592) | EMA NoTrend Loss: 0.745167 | LR: 5.36e-05
Epoch [49/100] | Train Mixed Loss (Trend, limit=2): 0.7194 (Base: 0.2627, DTW: 0.0981, TopK: 0.4658) | Val Mixed Loss (NoTrend, limit=2): 0.7420 (Base: 0.2860, DTW: 0.1322, TopK: 0.4629) | EMA NoTrend Loss: 0.744386 | LR: 5.21e-05
Epoch [50/100] | Train Mixed Loss (Trend, limit=2): 0.7204 (Base: 0.2629, DTW: 0.0983, TopK: 0.4663) | Val Mixed Loss (NoTrend, limit=2): 0.7515 (Base: 0.2921, DTW: 0.1341, TopK: 0.4587) | EMA NoTrend Loss: 0.746167 | LR: 5.05e-05
Epoch [51/100] | Train Mixed Loss (Trend, limit=2): 0.7147 (Base: 0.2611, DTW: 0.0970, TopK: 0.4647) | Val Mixed Loss (NoTrend, limit=2): 0.7386 (Base: 0.2817, DTW: 0.1309, TopK: 0.4759) | EMA NoTrend Loss: 0.744269 | LR: 4.89e-05
Epoch [52/100] | Train Mixed Loss (Trend, limit=2): 0.7102 (Base: 0.2598, DTW: 0.0961, TopK: 0.4617) | Val Mixed Loss (NoTrend, limit=2): 0.7516 (Base: 0.2901, DTW: 0.1351, TopK: 0.4577) | EMA NoTrend Loss: 0.746099 | LR: 4.74e-05
Epoch [53/100] | Train Mixed Loss (Trend, limit=2): 0.7091 (Base: 0.2599, DTW: 0.0957, TopK: 0.4594) | Val Mixed Loss (NoTrend, limit=2): 0.7327 (Base: 0.2818, DTW: 0.1291, TopK: 0.4706) | EMA NoTrend Loss: 0.742758 | LR: 4.58e-05
Epoch [54/100] | Train Mixed Loss (Trend, limit=2): 0.7050 (Base: 0.2584, DTW: 0.0948, TopK: 0.4593) | Val Mixed Loss (NoTrend, limit=2): 0.7280 (Base: 0.2794, DTW: 0.1286, TopK: 0.4665) | EMA NoTrend Loss: 0.739078 | LR: 4.43e-05
Epoch [55/100] | Train Mixed Loss (Trend, limit=2): 0.7035 (Base: 0.2579, DTW: 0.0944, TopK: 0.4586) | Val Mixed Loss (NoTrend, limit=2): 0.7526 (Base: 0.2899, DTW: 0.1347, TopK: 0.4649) | EMA NoTrend Loss: 0.742456 | LR: 4.28e-05
Epoch [56/100] | Train Mixed Loss (Trend, limit=2): 0.7042 (Base: 0.2583, DTW: 0.0944, TopK: 0.4580) | Val Mixed Loss (NoTrend, limit=2): 0.7465 (Base: 0.2873, DTW: 0.1335, TopK: 0.4626) | EMA NoTrend Loss: 0.743459 | LR: 4.12e-05
Epoch [57/100] | Train Mixed Loss (Trend, limit=2): 0.7026 (Base: 0.2577, DTW: 0.0942, TopK: 0.4573) | Val Mixed Loss (NoTrend, limit=2): 0.7408 (Base: 0.2854, DTW: 0.1317, TopK: 0.4648) | EMA NoTrend Loss: 0.742787 | LR: 3.97e-05
Epoch [58/100] | Train Mixed Loss (Trend, limit=2): 0.6967 (Base: 0.2564, DTW: 0.0925, TopK: 0.4552) | Val Mixed Loss (NoTrend, limit=2): 0.7464 (Base: 0.2879, DTW: 0.1324, TopK: 0.4692) | EMA NoTrend Loss: 0.743694 | LR: 3.82e-05
Epoch [59/100] | Train Mixed Loss (Trend, limit=2): 0.6978 (Base: 0.2562, DTW: 0.0930, TopK: 0.4556) | Val Mixed Loss (NoTrend, limit=2): 0.7426 (Base: 0.2853, DTW: 0.1324, TopK: 0.4652) | EMA NoTrend Loss: 0.743426 | LR: 3.67e-05
Epoch [60/100] | Train Mixed Loss (Trend, limit=2): 0.6929 (Base: 0.2546, DTW: 0.0922, TopK: 0.4513) | Val Mixed Loss (NoTrend, limit=2): 0.7422 (Base: 0.2860, DTW: 0.1323, TopK: 0.4626) | EMA NoTrend Loss: 0.743116 | LR: 3.52e-05
Epoch [61/100] | Train Mixed Loss (Trend, limit=2): 0.6888 (Base: 0.2540, DTW: 0.0912, TopK: 0.4487) | Val Mixed Loss (NoTrend, limit=2): 0.7352 (Base: 0.2849, DTW: 0.1302, TopK: 0.4592) | EMA NoTrend Loss: 0.741129 | LR: 3.37e-05
Epoch [62/100] | Train Mixed Loss (Trend, limit=2): 0.6918 (Base: 0.2553, DTW: 0.0912, TopK: 0.4521) | Val Mixed Loss (NoTrend, limit=2): 0.7390 (Base: 0.2846, DTW: 0.1317, TopK: 0.4609) | EMA NoTrend Loss: 0.740590 | LR: 3.23e-05
Epoch [63/100] | Train Mixed Loss (Trend, limit=2): 0.6852 (Base: 0.2531, DTW: 0.0900, TopK: 0.4478) | Val Mixed Loss (NoTrend, limit=2): 0.7467 (Base: 0.2875, DTW: 0.1338, TopK: 0.4608) | EMA NoTrend Loss: 0.742126 | LR: 3.08e-05
Epoch [64/100] | Train Mixed Loss (Trend, limit=2): 0.6883 (Base: 0.2535, DTW: 0.0908, TopK: 0.4497) | Val Mixed Loss (NoTrend, limit=2): 0.7538 (Base: 0.2901, DTW: 0.1351, TopK: 0.4645) | EMA NoTrend Loss: 0.745032 | LR: 2.94e-05
Epoch [65/100] | Train Mixed Loss (Trend, limit=2): 0.6852 (Base: 0.2528, DTW: 0.0902, TopK: 0.4464) | Val Mixed Loss (NoTrend, limit=2): 0.7422 (Base: 0.2856, DTW: 0.1325, TopK: 0.4619) | EMA NoTrend Loss: 0.744315 | LR: 2.80e-05
Epoch [66/100] | Train Mixed Loss (Trend, limit=2): 0.6783 (Base: 0.2510, DTW: 0.0887, TopK: 0.4432) | Val Mixed Loss (NoTrend, limit=2): 0.7421 (Base: 0.2854, DTW: 0.1323, TopK: 0.4639) | EMA NoTrend Loss: 0.743753 | LR: 2.67e-05
Epoch [67/100] | Train Mixed Loss (Trend, limit=2): 0.6808 (Base: 0.2512, DTW: 0.0890, TopK: 0.4464) | Val Mixed Loss (NoTrend, limit=2): 0.7383 (Base: 0.2853, DTW: 0.1313, TopK: 0.4593) | EMA NoTrend Loss: 0.742389 | LR: 2.53e-05
Epoch [68/100] | Train Mixed Loss (Trend, limit=2): 0.6799 (Base: 0.2510, DTW: 0.0889, TopK: 0.4458) | Val Mixed Loss (NoTrend, limit=2): 0.7366 (Base: 0.2847, DTW: 0.1309, TopK: 0.4591) | EMA NoTrend Loss: 0.740942 | LR: 2.40e-05
Epoch [69/100] | Train Mixed Loss (Trend, limit=2): 0.6731 (Base: 0.2493, DTW: 0.0875, TopK: 0.4411) | Val Mixed Loss (NoTrend, limit=2): 0.7382 (Base: 0.2860, DTW: 0.1314, TopK: 0.4560) | EMA NoTrend Loss: 0.740260 | LR: 2.27e-05
Epoch [70/100] | Train Mixed Loss (Trend, limit=2): 0.6785 (Base: 0.2513, DTW: 0.0882, TopK: 0.4439) | Val Mixed Loss (NoTrend, limit=2): 0.7332 (Base: 0.2814, DTW: 0.1297, TopK: 0.4682) | EMA NoTrend Loss: 0.738485 | LR: 2.14e-05
Epoch [71/100] | Train Mixed Loss (Trend, limit=2): 0.6786 (Base: 0.2510, DTW: 0.0883, TopK: 0.4449) | Val Mixed Loss (NoTrend, limit=2): 0.7385 (Base: 0.2839, DTW: 0.1316, TopK: 0.4625) | EMA NoTrend Loss: 0.738478 | LR: 2.02e-05
Epoch [72/100] | Train Mixed Loss (Trend, limit=2): 0.6759 (Base: 0.2499, DTW: 0.0878, TopK: 0.4434) | Val Mixed Loss (NoTrend, limit=2): 0.7368 (Base: 0.2849, DTW: 0.1302, TopK: 0.4648) | EMA NoTrend Loss: 0.738066 | LR: 1.89e-05
Epoch [73/100] | Train Mixed Loss (Trend, limit=2): 0.6716 (Base: 0.2487, DTW: 0.0870, TopK: 0.4400) | Val Mixed Loss (NoTrend, limit=2): 0.7451 (Base: 0.2868, DTW: 0.1328, TopK: 0.4655) | EMA NoTrend Loss: 0.739835 | LR: 1.78e-05
Epoch [74/100] | Train Mixed Loss (Trend, limit=2): 0.6715 (Base: 0.2489, DTW: 0.0871, TopK: 0.4392) | Val Mixed Loss (NoTrend, limit=2): 0.7415 (Base: 0.2860, DTW: 0.1320, TopK: 0.4620) | EMA NoTrend Loss: 0.740247 | LR: 1.66e-05
Epoch [75/100] | Train Mixed Loss (Trend, limit=2): 0.6679 (Base: 0.2485, DTW: 0.0857, TopK: 0.4379) | Val Mixed Loss (NoTrend, limit=2): 0.7482 (Base: 0.2880, DTW: 0.1328, TopK: 0.4714) | EMA NoTrend Loss: 0.742228 | LR: 1.55e-05
Epoch [76/100] | Train Mixed Loss (Trend, limit=2): 0.6718 (Base: 0.2490, DTW: 0.0868, TopK: 0.4408) | Val Mixed Loss (NoTrend, limit=2): 0.7417 (Base: 0.2849, DTW: 0.1324, TopK: 0.4629) | EMA NoTrend Loss: 0.742086 | LR: 1.44e-05
Epoch [77/100] | Train Mixed Loss (Trend, limit=2): 0.6677 (Base: 0.2477, DTW: 0.0862, TopK: 0.4374) | Val Mixed Loss (NoTrend, limit=2): 0.7427 (Base: 0.2860, DTW: 0.1328, TopK: 0.4597) | EMA NoTrend Loss: 0.742241 | LR: 1.34e-05
Epoch [78/100] | Train Mixed Loss (Trend, limit=2): 0.6647 (Base: 0.2465, DTW: 0.0856, TopK: 0.4375) | Val Mixed Loss (NoTrend, limit=2): 0.7446 (Base: 0.2878, DTW: 0.1329, TopK: 0.4600) | EMA NoTrend Loss: 0.742831 | LR: 1.24e-05
Epoch [79/100] | Train Mixed Loss (Trend, limit=2): 0.6653 (Base: 0.2475, DTW: 0.0853, TopK: 0.4364) | Val Mixed Loss (NoTrend, limit=2): 0.7448 (Base: 0.2859, DTW: 0.1327, TopK: 0.4678) | EMA NoTrend Loss: 0.743316 | LR: 1.14e-05
Epoch [80/100] | Train Mixed Loss (Trend, limit=2): 0.6607 (Base: 0.2460, DTW: 0.0846, TopK: 0.4329) | Val Mixed Loss (NoTrend, limit=2): 0.7419 (Base: 0.2846, DTW: 0.1317, TopK: 0.4711) | EMA NoTrend Loss: 0.742960 | LR: 1.05e-05
Epoch [81/100] | Train Mixed Loss (Trend, limit=2): 0.6640 (Base: 0.2467, DTW: 0.0853, TopK: 0.4346) | Val Mixed Loss (NoTrend, limit=2): 0.7324 (Base: 0.2819, DTW: 0.1295, TopK: 0.4658) | EMA NoTrend Loss: 0.740309 | LR: 9.56e-06
Epoch [82/100] | Train Mixed Loss (Trend, limit=2): 0.6643 (Base: 0.2466, DTW: 0.0852, TopK: 0.4367) | Val Mixed Loss (NoTrend, limit=2): 0.7431 (Base: 0.2871, DTW: 0.1323, TopK: 0.4620) | EMA NoTrend Loss: 0.741016 | LR: 8.71e-06
Epoch [83/100] | Train Mixed Loss (Trend, limit=2): 0.6582 (Base: 0.2445, DTW: 0.0842, TopK: 0.4328) | Val Mixed Loss (NoTrend, limit=2): 0.7461 (Base: 0.2870, DTW: 0.1332, TopK: 0.4643) | EMA NoTrend Loss: 0.742275 | LR: 7.89e-06
Epoch [84/100] | Train Mixed Loss (Trend, limit=2): 0.6642 (Base: 0.2463, DTW: 0.0853, TopK: 0.4364) | Val Mixed Loss (NoTrend, limit=2): 0.7397 (Base: 0.2825, DTW: 0.1314, TopK: 0.4733) | EMA NoTrend Loss: 0.741642 | LR: 7.12e-06
Epoch [85/100] | Train Mixed Loss (Trend, limit=2): 0.6599 (Base: 0.2456, DTW: 0.0843, TopK: 0.4324) | Val Mixed Loss (NoTrend, limit=2): 0.7438 (Base: 0.2857, DTW: 0.1328, TopK: 0.4651) | EMA NoTrend Loss: 0.742193 | LR: 6.40e-06
Epoch [86/100] | Train Mixed Loss (Trend, limit=2): 0.6632 (Base: 0.2462, DTW: 0.0849, TopK: 0.4362) | Val Mixed Loss (NoTrend, limit=2): 0.7441 (Base: 0.2875, DTW: 0.1332, TopK: 0.4563) | EMA NoTrend Loss: 0.742677 | LR: 5.71e-06
Epoch [87/100] | Train Mixed Loss (Trend, limit=2): 0.6560 (Base: 0.2441, DTW: 0.0834, TopK: 0.4327) | Val Mixed Loss (NoTrend, limit=2): 0.7411 (Base: 0.2863, DTW: 0.1324, TopK: 0.4567) | EMA NoTrend Loss: 0.742285 | LR: 5.07e-06
Epoch [88/100] | Train Mixed Loss (Trend, limit=2): 0.6608 (Base: 0.2457, DTW: 0.0844, TopK: 0.4335) | Val Mixed Loss (NoTrend, limit=2): 0.7376 (Base: 0.2842, DTW: 0.1310, TopK: 0.4635) | EMA NoTrend Loss: 0.741119 | LR: 4.48e-06
Epoch [89/100] | Train Mixed Loss (Trend, limit=2): 0.6618 (Base: 0.2458, DTW: 0.0847, TopK: 0.4342) | Val Mixed Loss (NoTrend, limit=2): 0.7406 (Base: 0.2848, DTW: 0.1314, TopK: 0.4684) | EMA NoTrend Loss: 0.740991 | LR: 3.93e-06
Epoch [90/100] | Train Mixed Loss (Trend, limit=2): 0.6575 (Base: 0.2448, DTW: 0.0837, TopK: 0.4319) | Val Mixed Loss (NoTrend, limit=2): 0.7419 (Base: 0.2854, DTW: 0.1319, TopK: 0.4662) | EMA NoTrend Loss: 0.741211 | LR: 3.42e-06
Epoch [91/100] | Train Mixed Loss (Trend, limit=2): 0.6588 (Base: 0.2450, DTW: 0.0839, TopK: 0.4342) | Val Mixed Loss (NoTrend, limit=2): 0.7391 (Base: 0.2839, DTW: 0.1315, TopK: 0.4653) | EMA NoTrend Loss: 0.740683 | LR: 2.97e-06
Epoch [92/100] | Train Mixed Loss (Trend, limit=2): 0.6594 (Base: 0.2450, DTW: 0.0842, TopK: 0.4335) | Val Mixed Loss (NoTrend, limit=2): 0.7431 (Base: 0.2864, DTW: 0.1327, TopK: 0.4603) | EMA NoTrend Loss: 0.741276 | LR: 2.56e-06
Epoch [93/100] | Train Mixed Loss (Trend, limit=2): 0.6593 (Base: 0.2451, DTW: 0.0838, TopK: 0.4353) | Val Mixed Loss (NoTrend, limit=2): 0.7433 (Base: 0.2862, DTW: 0.1322, TopK: 0.4658) | EMA NoTrend Loss: 0.741790 | LR: 2.19e-06
Epoch [94/100] | Train Mixed Loss (Trend, limit=2): 0.6608 (Base: 0.2451, DTW: 0.0845, TopK: 0.4344) | Val Mixed Loss (NoTrend, limit=2): 0.7404 (Base: 0.2854, DTW: 0.1317, TopK: 0.4632) | EMA NoTrend Loss: 0.741453 | LR: 1.88e-06
Epoch [95/100] | Train Mixed Loss (Trend, limit=2): 0.6592 (Base: 0.2446, DTW: 0.0841, TopK: 0.4341) | Val Mixed Loss (NoTrend, limit=2): 0.7447 (Base: 0.2860, DTW: 0.1332, TopK: 0.4633) | EMA NoTrend Loss: 0.742253 | LR: 1.61e-06
Epoch [96/100] | Train Mixed Loss (Trend, limit=2): 0.6591 (Base: 0.2448, DTW: 0.0840, TopK: 0.4341) | Val Mixed Loss (NoTrend, limit=2): 0.7529 (Base: 0.2892, DTW: 0.1350, TopK: 0.4654) | EMA NoTrend Loss: 0.744923 | LR: 1.39e-06
Epoch [97/100] | Train Mixed Loss (Trend, limit=2): 0.6558 (Base: 0.2443, DTW: 0.0832, TopK: 0.4314) | Val Mixed Loss (NoTrend, limit=2): 0.7427 (Base: 0.2858, DTW: 0.1326, TopK: 0.4618) | EMA NoTrend Loss: 0.744358 | LR: 1.22e-06
Epoch [98/100] | Train Mixed Loss (Trend, limit=2): 0.6573 (Base: 0.2447, DTW: 0.0835, TopK: 0.4324) | Val Mixed Loss (NoTrend, limit=2): 0.7423 (Base: 0.2860, DTW: 0.1320, TopK: 0.4647) | EMA NoTrend Loss: 0.743837 | LR: 1.10e-06
Epoch [99/100] | Train Mixed Loss (Trend, limit=2): 0.6582 (Base: 0.2444, DTW: 0.0840, TopK: 0.4333) | Val Mixed Loss (NoTrend, limit=2): 0.7406 (Base: 0.2859, DTW: 0.1322, TopK: 0.4582) | EMA NoTrend Loss: 0.743022 | LR: 1.02e-06
Epoch [100/100] | Train Mixed Loss (Trend, limit=2): 0.6554 (Base: 0.2443, DTW: 0.0834, TopK: 0.4293) | Val Mixed Loss (NoTrend, limit=2): 0.7532 (Base: 0.2904, DTW: 0.1349, TopK: 0.4636) | EMA NoTrend Loss: 0.745566 | LR: 1.00e-06
[*] Loaded best model from epoch 72 (EMA NoTrend Loss: 0.738066)
