[*] Process seed: 3
Building static profile features from historical data...
[*] Total trainable parameters: 2,431,233
Epoch [1/100] | Train Mixed Loss (Trend, limit=2): 1.0885 (Base: 0.3434, DTW: 0.1997, TopK: 0.6077) | Val Mixed Loss (NoTrend, limit=2): 0.8716 (Base: 0.3132, DTW: 0.1640, TopK: 0.5490) | EMA NoTrend Loss: 0.871566 | LR: 2.00e-04
Epoch [2/100] | Train Mixed Loss (Trend, limit=2): 0.9955 (Base: 0.3335, DTW: 0.1660, TopK: 0.5980) | Val Mixed Loss (NoTrend, limit=2): 0.8443 (Base: 0.3101, DTW: 0.1524, TopK: 0.5610) | EMA NoTrend Loss: 0.864738 | LR: 2.00e-04
Epoch [3/100] | Train Mixed Loss (Trend, limit=2): 0.9614 (Base: 0.3258, DTW: 0.1561, TopK: 0.5880) | Val Mixed Loss (NoTrend, limit=2): 0.8210 (Base: 0.3025, DTW: 0.1456, TopK: 0.5630) | EMA NoTrend Loss: 0.853796 | LR: 2.00e-04
Epoch [4/100] | Train Mixed Loss (Trend, limit=2): 0.9390 (Base: 0.3211, DTW: 0.1501, TopK: 0.5783) | Val Mixed Loss (NoTrend, limit=2): 0.8081 (Base: 0.3025, DTW: 0.1436, TopK: 0.5365) | EMA NoTrend Loss: 0.842383 | LR: 1.99e-04
Epoch [5/100] | Train Mixed Loss (Trend, limit=2): 0.9233 (Base: 0.3174, DTW: 0.1454, TopK: 0.5754) | Val Mixed Loss (NoTrend, limit=2): 0.8257 (Base: 0.3127, DTW: 0.1532, TopK: 0.4844) | EMA NoTrend Loss: 0.838212 | LR: 1.99e-04
Epoch [6/100] | Train Mixed Loss (Trend, limit=2): 0.9002 (Base: 0.3110, DTW: 0.1411, TopK: 0.5600) | Val Mixed Loss (NoTrend, limit=2): 0.7916 (Base: 0.3064, DTW: 0.1383, TopK: 0.5112) | EMA NoTrend Loss: 0.826551 | LR: 1.98e-04
Epoch [7/100] | Train Mixed Loss (Trend, limit=2): 0.8940 (Base: 0.3097, DTW: 0.1387, TopK: 0.5623) | Val Mixed Loss (NoTrend, limit=2): 0.7692 (Base: 0.2943, DTW: 0.1356, TopK: 0.4984) | EMA NoTrend Loss: 0.812211 | LR: 1.98e-04
Epoch [8/100] | Train Mixed Loss (Trend, limit=2): 0.8878 (Base: 0.3082, DTW: 0.1375, TopK: 0.5566) | Val Mixed Loss (NoTrend, limit=2): 0.7728 (Base: 0.2959, DTW: 0.1330, TopK: 0.5258) | EMA NoTrend Loss: 0.802363 | LR: 1.97e-04
Epoch [9/100] | Train Mixed Loss (Trend, limit=2): 0.8761 (Base: 0.3050, DTW: 0.1346, TopK: 0.5522) | Val Mixed Loss (NoTrend, limit=2): 0.7810 (Base: 0.3051, DTW: 0.1367, TopK: 0.4924) | EMA NoTrend Loss: 0.797033 | LR: 1.96e-04
Epoch [10/100] | Train Mixed Loss (Trend, limit=2): 0.8679 (Base: 0.3032, DTW: 0.1324, TopK: 0.5487) | Val Mixed Loss (NoTrend, limit=2): 0.7529 (Base: 0.2846, DTW: 0.1288, TopK: 0.5306) | EMA NoTrend Loss: 0.785992 | LR: 1.95e-04
Epoch [11/100] | Train Mixed Loss (Trend, limit=2): 0.8616 (Base: 0.3013, DTW: 0.1313, TopK: 0.5446) | Val Mixed Loss (NoTrend, limit=2): 0.7496 (Base: 0.2849, DTW: 0.1282, TopK: 0.5233) | EMA NoTrend Loss: 0.776903 | LR: 1.94e-04
Epoch [12/100] | Train Mixed Loss (Trend, limit=2): 0.8540 (Base: 0.2994, DTW: 0.1296, TopK: 0.5410) | Val Mixed Loss (NoTrend, limit=2): 0.7608 (Base: 0.2933, DTW: 0.1340, TopK: 0.4865) | EMA NoTrend Loss: 0.772887 | LR: 1.93e-04
Epoch [13/100] | Train Mixed Loss (Trend, limit=2): 0.8492 (Base: 0.2980, DTW: 0.1286, TopK: 0.5373) | Val Mixed Loss (NoTrend, limit=2): 0.7525 (Base: 0.2875, DTW: 0.1304, TopK: 0.5072) | EMA NoTrend Loss: 0.767792 | LR: 1.92e-04
Epoch [14/100] | Train Mixed Loss (Trend, limit=2): 0.8437 (Base: 0.2976, DTW: 0.1268, TopK: 0.5339) | Val Mixed Loss (NoTrend, limit=2): 0.7530 (Base: 0.2899, DTW: 0.1314, TopK: 0.4920) | EMA NoTrend Loss: 0.764098 | LR: 1.91e-04
Epoch [15/100] | Train Mixed Loss (Trend, limit=2): 0.8357 (Base: 0.2947, DTW: 0.1253, TopK: 0.5313) | Val Mixed Loss (NoTrend, limit=2): 0.7631 (Base: 0.2983, DTW: 0.1354, TopK: 0.4666) | EMA NoTrend Loss: 0.763858 | LR: 1.89e-04
Epoch [16/100] | Train Mixed Loss (Trend, limit=2): 0.8227 (Base: 0.2918, DTW: 0.1223, TopK: 0.5227) | Val Mixed Loss (NoTrend, limit=2): 0.7418 (Base: 0.2840, DTW: 0.1281, TopK: 0.5012) | EMA NoTrend Loss: 0.758336 | LR: 1.88e-04
Epoch [17/100] | Train Mixed Loss (Trend, limit=2): 0.8271 (Base: 0.2929, DTW: 0.1232, TopK: 0.5264) | Val Mixed Loss (NoTrend, limit=2): 0.7656 (Base: 0.2958, DTW: 0.1361, TopK: 0.4770) | EMA NoTrend Loss: 0.760144 | LR: 1.86e-04
Epoch [18/100] | Train Mixed Loss (Trend, limit=2): 0.8193 (Base: 0.2909, DTW: 0.1214, TopK: 0.5218) | Val Mixed Loss (NoTrend, limit=2): 0.7403 (Base: 0.2816, DTW: 0.1281, TopK: 0.5039) | EMA NoTrend Loss: 0.755179 | LR: 1.85e-04
Epoch [19/100] | Train Mixed Loss (Trend, limit=2): 0.8164 (Base: 0.2898, DTW: 0.1208, TopK: 0.5206) | Val Mixed Loss (NoTrend, limit=2): 0.7404 (Base: 0.2812, DTW: 0.1281, TopK: 0.5058) | EMA NoTrend Loss: 0.751482 | LR: 1.83e-04
Epoch [20/100] | Train Mixed Loss (Trend, limit=2): 0.8100 (Base: 0.2876, DTW: 0.1194, TopK: 0.5179) | Val Mixed Loss (NoTrend, limit=2): 0.7550 (Base: 0.2923, DTW: 0.1326, TopK: 0.4817) | EMA NoTrend Loss: 0.752366 | LR: 1.81e-04
Epoch [21/100] | Train Mixed Loss (Trend, limit=2): 0.8054 (Base: 0.2875, DTW: 0.1180, TopK: 0.5137) | Val Mixed Loss (NoTrend, limit=2): 0.7333 (Base: 0.2837, DTW: 0.1265, TopK: 0.4870) | EMA NoTrend Loss: 0.747601 | LR: 1.79e-04
Epoch [22/100] | Train Mixed Loss (Trend, limit=2): 0.7975 (Base: 0.2849, DTW: 0.1167, TopK: 0.5082) | Val Mixed Loss (NoTrend, limit=2): 0.7371 (Base: 0.2823, DTW: 0.1265, TopK: 0.5038) | EMA NoTrend Loss: 0.744966 | LR: 1.77e-04
Epoch [23/100] | Train Mixed Loss (Trend, limit=2): 0.7962 (Base: 0.2841, DTW: 0.1163, TopK: 0.5095) | Val Mixed Loss (NoTrend, limit=2): 0.7553 (Base: 0.2937, DTW: 0.1334, TopK: 0.4714) | EMA NoTrend Loss: 0.747557 | LR: 1.75e-04
Epoch [24/100] | Train Mixed Loss (Trend, limit=2): 0.7899 (Base: 0.2827, DTW: 0.1151, TopK: 0.5039) | Val Mixed Loss (NoTrend, limit=2): 0.7352 (Base: 0.2850, DTW: 0.1289, TopK: 0.4699) | EMA NoTrend Loss: 0.744473 | LR: 1.73e-04
Epoch [25/100] | Train Mixed Loss (Trend, limit=2): 0.7833 (Base: 0.2803, DTW: 0.1136, TopK: 0.5029) | Val Mixed Loss (NoTrend, limit=2): 0.7264 (Base: 0.2778, DTW: 0.1239, TopK: 0.5036) | EMA NoTrend Loss: 0.739944 | LR: 1.71e-04
Epoch [26/100] | Train Mixed Loss (Trend, limit=2): 0.7802 (Base: 0.2794, DTW: 0.1129, TopK: 0.5007) | Val Mixed Loss (NoTrend, limit=2): 0.7535 (Base: 0.2918, DTW: 0.1335, TopK: 0.4707) | EMA NoTrend Loss: 0.743325 | LR: 1.69e-04
Epoch [27/100] | Train Mixed Loss (Trend, limit=2): 0.7757 (Base: 0.2784, DTW: 0.1119, TopK: 0.4972) | Val Mixed Loss (NoTrend, limit=2): 0.7268 (Base: 0.2783, DTW: 0.1256, TopK: 0.4905) | EMA NoTrend Loss: 0.739186 | LR: 1.66e-04
Epoch [28/100] | Train Mixed Loss (Trend, limit=2): 0.7737 (Base: 0.2780, DTW: 0.1112, TopK: 0.4970) | Val Mixed Loss (NoTrend, limit=2): 0.7586 (Base: 0.2944, DTW: 0.1343, TopK: 0.4728) | EMA NoTrend Loss: 0.744043 | LR: 1.64e-04
Epoch [29/100] | Train Mixed Loss (Trend, limit=2): 0.7708 (Base: 0.2777, DTW: 0.1103, TopK: 0.4949) | Val Mixed Loss (NoTrend, limit=2): 0.7445 (Base: 0.2931, DTW: 0.1325, TopK: 0.4442) | EMA NoTrend Loss: 0.744145 | LR: 1.61e-04
Epoch [30/100] | Train Mixed Loss (Trend, limit=2): 0.7622 (Base: 0.2753, DTW: 0.1085, TopK: 0.4902) | Val Mixed Loss (NoTrend, limit=2): 0.7348 (Base: 0.2841, DTW: 0.1291, TopK: 0.4694) | EMA NoTrend Loss: 0.741808 | LR: 1.59e-04
Epoch [31/100] | Train Mixed Loss (Trend, limit=2): 0.7593 (Base: 0.2744, DTW: 0.1079, TopK: 0.4888) | Val Mixed Loss (NoTrend, limit=2): 0.7241 (Base: 0.2772, DTW: 0.1258, TopK: 0.4833) | EMA NoTrend Loss: 0.737373 | LR: 1.56e-04
Epoch [32/100] | Train Mixed Loss (Trend, limit=2): 0.7573 (Base: 0.2738, DTW: 0.1074, TopK: 0.4875) | Val Mixed Loss (NoTrend, limit=2): 0.7391 (Base: 0.2881, DTW: 0.1289, TopK: 0.4725) | EMA NoTrend Loss: 0.737802 | LR: 1.54e-04
Epoch [33/100] | Train Mixed Loss (Trend, limit=2): 0.7537 (Base: 0.2728, DTW: 0.1066, TopK: 0.4850) | Val Mixed Loss (NoTrend, limit=2): 0.7290 (Base: 0.2790, DTW: 0.1267, TopK: 0.4864) | EMA NoTrend Loss: 0.735604 | LR: 1.51e-04
Epoch [34/100] | Train Mixed Loss (Trend, limit=2): 0.7473 (Base: 0.2704, DTW: 0.1054, TopK: 0.4813) | Val Mixed Loss (NoTrend, limit=2): 0.7422 (Base: 0.2874, DTW: 0.1309, TopK: 0.4683) | EMA NoTrend Loss: 0.737244 | LR: 1.48e-04
Epoch [35/100] | Train Mixed Loss (Trend, limit=2): 0.7448 (Base: 0.2705, DTW: 0.1045, TopK: 0.4795) | Val Mixed Loss (NoTrend, limit=2): 0.7260 (Base: 0.2760, DTW: 0.1252, TopK: 0.4987) | EMA NoTrend Loss: 0.734426 | LR: 1.46e-04
Epoch [36/100] | Train Mixed Loss (Trend, limit=2): 0.7383 (Base: 0.2682, DTW: 0.1034, TopK: 0.4755) | Val Mixed Loss (NoTrend, limit=2): 0.7349 (Base: 0.2864, DTW: 0.1289, TopK: 0.4638) | EMA NoTrend Loss: 0.734539 | LR: 1.43e-04
Epoch [37/100] | Train Mixed Loss (Trend, limit=2): 0.7358 (Base: 0.2679, DTW: 0.1026, TopK: 0.4744) | Val Mixed Loss (NoTrend, limit=2): 0.7429 (Base: 0.2863, DTW: 0.1303, TopK: 0.4793) | EMA NoTrend Loss: 0.736618 | LR: 1.40e-04
Epoch [38/100] | Train Mixed Loss (Trend, limit=2): 0.7352 (Base: 0.2678, DTW: 0.1022, TopK: 0.4739) | Val Mixed Loss (NoTrend, limit=2): 0.7410 (Base: 0.2848, DTW: 0.1306, TopK: 0.4764) | EMA NoTrend Loss: 0.737722 | LR: 1.37e-04
Epoch [39/100] | Train Mixed Loss (Trend, limit=2): 0.7298 (Base: 0.2659, DTW: 0.1010, TopK: 0.4726) | Val Mixed Loss (NoTrend, limit=2): 0.7387 (Base: 0.2866, DTW: 0.1308, TopK: 0.4606) | EMA NoTrend Loss: 0.737974 | LR: 1.34e-04
Epoch [40/100] | Train Mixed Loss (Trend, limit=2): 0.7269 (Base: 0.2648, DTW: 0.1006, TopK: 0.4711) | Val Mixed Loss (NoTrend, limit=2): 0.7405 (Base: 0.2853, DTW: 0.1319, TopK: 0.4620) | EMA NoTrend Loss: 0.738607 | LR: 1.31e-04
Epoch [41/100] | Train Mixed Loss (Trend, limit=2): 0.7256 (Base: 0.2647, DTW: 0.1002, TopK: 0.4695) | Val Mixed Loss (NoTrend, limit=2): 0.7372 (Base: 0.2874, DTW: 0.1298, TopK: 0.4611) | EMA NoTrend Loss: 0.738260 | LR: 1.28e-04
Epoch [42/100] | Train Mixed Loss (Trend, limit=2): 0.7197 (Base: 0.2635, DTW: 0.0986, TopK: 0.4664) | Val Mixed Loss (NoTrend, limit=2): 0.7367 (Base: 0.2843, DTW: 0.1295, TopK: 0.4725) | EMA NoTrend Loss: 0.737876 | LR: 1.25e-04
Epoch [43/100] | Train Mixed Loss (Trend, limit=2): 0.7162 (Base: 0.2623, DTW: 0.0982, TopK: 0.4622) | Val Mixed Loss (NoTrend, limit=2): 0.7391 (Base: 0.2860, DTW: 0.1302, TopK: 0.4685) | EMA NoTrend Loss: 0.738180 | LR: 1.22e-04
Epoch [44/100] | Train Mixed Loss (Trend, limit=2): 0.7145 (Base: 0.2617, DTW: 0.0976, TopK: 0.4626) | Val Mixed Loss (NoTrend, limit=2): 0.7463 (Base: 0.2906, DTW: 0.1331, TopK: 0.4540) | EMA NoTrend Loss: 0.740222 | LR: 1.19e-04
Epoch [45/100] | Train Mixed Loss (Trend, limit=2): 0.7104 (Base: 0.2608, DTW: 0.0965, TopK: 0.4606) | Val Mixed Loss (NoTrend, limit=2): 0.7225 (Base: 0.2749, DTW: 0.1260, TopK: 0.4842) | EMA NoTrend Loss: 0.735791 | LR: 1.16e-04
Epoch [46/100] | Train Mixed Loss (Trend, limit=2): 0.7094 (Base: 0.2603, DTW: 0.0963, TopK: 0.4609) | Val Mixed Loss (NoTrend, limit=2): 0.7350 (Base: 0.2841, DTW: 0.1302, TopK: 0.4617) | EMA NoTrend Loss: 0.735601 | LR: 1.13e-04
Epoch [47/100] | Train Mixed Loss (Trend, limit=2): 0.7042 (Base: 0.2587, DTW: 0.0952, TopK: 0.4578) | Val Mixed Loss (NoTrend, limit=2): 0.7431 (Base: 0.2880, DTW: 0.1308, TopK: 0.4705) | EMA NoTrend Loss: 0.737482 | LR: 1.10e-04
Epoch [48/100] | Train Mixed Loss (Trend, limit=2): 0.6990 (Base: 0.2570, DTW: 0.0942, TopK: 0.4548) | Val Mixed Loss (NoTrend, limit=2): 0.7345 (Base: 0.2832, DTW: 0.1299, TopK: 0.4650) | EMA NoTrend Loss: 0.736731 | LR: 1.07e-04
Epoch [49/100] | Train Mixed Loss (Trend, limit=2): 0.6999 (Base: 0.2575, DTW: 0.0942, TopK: 0.4551) | Val Mixed Loss (NoTrend, limit=2): 0.7401 (Base: 0.2859, DTW: 0.1302, TopK: 0.4725) | EMA NoTrend Loss: 0.737576 | LR: 1.04e-04
Epoch [50/100] | Train Mixed Loss (Trend, limit=2): 0.7003 (Base: 0.2577, DTW: 0.0943, TopK: 0.4543) | Val Mixed Loss (NoTrend, limit=2): 0.7458 (Base: 0.2881, DTW: 0.1319, TopK: 0.4703) | EMA NoTrend Loss: 0.739625 | LR: 1.00e-04
Epoch [51/100] | Train Mixed Loss (Trend, limit=2): 0.6940 (Base: 0.2557, DTW: 0.0928, TopK: 0.4529) | Val Mixed Loss (NoTrend, limit=2): 0.7299 (Base: 0.2797, DTW: 0.1280, TopK: 0.4771) | EMA NoTrend Loss: 0.737194 | LR: 9.74e-05
Epoch [52/100] | Train Mixed Loss (Trend, limit=2): 0.6898 (Base: 0.2545, DTW: 0.0919, TopK: 0.4500) | Val Mixed Loss (NoTrend, limit=2): 0.7451 (Base: 0.2887, DTW: 0.1328, TopK: 0.4587) | EMA NoTrend Loss: 0.739175 | LR: 9.43e-05
Epoch [53/100] | Train Mixed Loss (Trend, limit=2): 0.6880 (Base: 0.2544, DTW: 0.0914, TopK: 0.4474) | Val Mixed Loss (NoTrend, limit=2): 0.7288 (Base: 0.2814, DTW: 0.1282, TopK: 0.4656) | EMA NoTrend Loss: 0.736585 | LR: 9.11e-05
Epoch [54/100] | Train Mixed Loss (Trend, limit=2): 0.6832 (Base: 0.2525, DTW: 0.0904, TopK: 0.4462) | Val Mixed Loss (NoTrend, limit=2): 0.7249 (Base: 0.2795, DTW: 0.1280, TopK: 0.4610) | EMA NoTrend Loss: 0.733676 | LR: 8.80e-05
Epoch [55/100] | Train Mixed Loss (Trend, limit=2): 0.6808 (Base: 0.2518, DTW: 0.0899, TopK: 0.4453) | Val Mixed Loss (NoTrend, limit=2): 0.7482 (Base: 0.2881, DTW: 0.1327, TopK: 0.4722) | EMA NoTrend Loss: 0.737301 | LR: 8.49e-05
Epoch [56/100] | Train Mixed Loss (Trend, limit=2): 0.6812 (Base: 0.2519, DTW: 0.0899, TopK: 0.4453) | Val Mixed Loss (NoTrend, limit=2): 0.7351 (Base: 0.2839, DTW: 0.1294, TopK: 0.4687) | EMA NoTrend Loss: 0.736739 | LR: 8.19e-05
Epoch [57/100] | Train Mixed Loss (Trend, limit=2): 0.6769 (Base: 0.2509, DTW: 0.0891, TopK: 0.4421) | Val Mixed Loss (NoTrend, limit=2): 0.7341 (Base: 0.2827, DTW: 0.1300, TopK: 0.4647) | EMA NoTrend Loss: 0.736078 | LR: 7.88e-05
Epoch [58/100] | Train Mixed Loss (Trend, limit=2): 0.6722 (Base: 0.2494, DTW: 0.0878, TopK: 0.4405) | Val Mixed Loss (NoTrend, limit=2): 0.7512 (Base: 0.2923, DTW: 0.1341, TopK: 0.4569) | EMA NoTrend Loss: 0.739852 | LR: 7.58e-05
Epoch [59/100] | Train Mixed Loss (Trend, limit=2): 0.6726 (Base: 0.2495, DTW: 0.0881, TopK: 0.4395) | Val Mixed Loss (NoTrend, limit=2): 0.7427 (Base: 0.2874, DTW: 0.1327, TopK: 0.4557) | EMA NoTrend Loss: 0.740552 | LR: 7.27e-05
Epoch [60/100] | Train Mixed Loss (Trend, limit=2): 0.6678 (Base: 0.2476, DTW: 0.0874, TopK: 0.4364) | Val Mixed Loss (NoTrend, limit=2): 0.7334 (Base: 0.2825, DTW: 0.1294, TopK: 0.4677) | EMA NoTrend Loss: 0.738764 | LR: 6.98e-05
Epoch [61/100] | Train Mixed Loss (Trend, limit=2): 0.6627 (Base: 0.2468, DTW: 0.0859, TopK: 0.4347) | Val Mixed Loss (NoTrend, limit=2): 0.7384 (Base: 0.2873, DTW: 0.1306, TopK: 0.4590) | EMA NoTrend Loss: 0.738675 | LR: 6.68e-05
Epoch [62/100] | Train Mixed Loss (Trend, limit=2): 0.6648 (Base: 0.2474, DTW: 0.0860, TopK: 0.4361) | Val Mixed Loss (NoTrend, limit=2): 0.7339 (Base: 0.2837, DTW: 0.1300, TopK: 0.4607) | EMA NoTrend Loss: 0.737491 | LR: 6.39e-05
Epoch [63/100] | Train Mixed Loss (Trend, limit=2): 0.6592 (Base: 0.2458, DTW: 0.0850, TopK: 0.4322) | Val Mixed Loss (NoTrend, limit=2): 0.7441 (Base: 0.2872, DTW: 0.1325, TopK: 0.4626) | EMA NoTrend Loss: 0.739143 | LR: 6.10e-05
Epoch [64/100] | Train Mixed Loss (Trend, limit=2): 0.6604 (Base: 0.2458, DTW: 0.0854, TopK: 0.4327) | Val Mixed Loss (NoTrend, limit=2): 0.7421 (Base: 0.2854, DTW: 0.1314, TopK: 0.4709) | EMA NoTrend Loss: 0.739872 | LR: 5.81e-05
Epoch [65/100] | Train Mixed Loss (Trend, limit=2): 0.6579 (Base: 0.2451, DTW: 0.0849, TopK: 0.4304) | Val Mixed Loss (NoTrend, limit=2): 0.7515 (Base: 0.2899, DTW: 0.1350, TopK: 0.4586) | EMA NoTrend Loss: 0.742786 | LR: 5.53e-05
Epoch [66/100] | Train Mixed Loss (Trend, limit=2): 0.6491 (Base: 0.2427, DTW: 0.0829, TopK: 0.4269) | Val Mixed Loss (NoTrend, limit=2): 0.7390 (Base: 0.2833, DTW: 0.1319, TopK: 0.4639) | EMA NoTrend Loss: 0.741838 | LR: 5.26e-05
Epoch [67/100] | Train Mixed Loss (Trend, limit=2): 0.6520 (Base: 0.2434, DTW: 0.0834, TopK: 0.4289) | Val Mixed Loss (NoTrend, limit=2): 0.7349 (Base: 0.2843, DTW: 0.1303, TopK: 0.4593) | EMA NoTrend Loss: 0.740095 | LR: 4.99e-05
Epoch [68/100] | Train Mixed Loss (Trend, limit=2): 0.6504 (Base: 0.2431, DTW: 0.0830, TopK: 0.4275) | Val Mixed Loss (NoTrend, limit=2): 0.7398 (Base: 0.2860, DTW: 0.1319, TopK: 0.4573) | EMA NoTrend Loss: 0.740031 | LR: 4.72e-05
Epoch [69/100] | Train Mixed Loss (Trend, limit=2): 0.6449 (Base: 0.2411, DTW: 0.0822, TopK: 0.4239) | Val Mixed Loss (NoTrend, limit=2): 0.7358 (Base: 0.2849, DTW: 0.1304, TopK: 0.4598) | EMA NoTrend Loss: 0.738972 | LR: 4.46e-05
Epoch [70/100] | Train Mixed Loss (Trend, limit=2): 0.6481 (Base: 0.2425, DTW: 0.0825, TopK: 0.4259) | Val Mixed Loss (NoTrend, limit=2): 0.7361 (Base: 0.2834, DTW: 0.1302, TopK: 0.4680) | EMA NoTrend Loss: 0.738259 | LR: 4.20e-05
Epoch [71/100] | Train Mixed Loss (Trend, limit=2): 0.6477 (Base: 0.2422, DTW: 0.0824, TopK: 0.4258) | Val Mixed Loss (NoTrend, limit=2): 0.7359 (Base: 0.2823, DTW: 0.1308, TopK: 0.4657) | EMA NoTrend Loss: 0.737661 | LR: 3.95e-05
Epoch [72/100] | Train Mixed Loss (Trend, limit=2): 0.6452 (Base: 0.2412, DTW: 0.0819, TopK: 0.4246) | Val Mixed Loss (NoTrend, limit=2): 0.7358 (Base: 0.2840, DTW: 0.1294, TopK: 0.4706) | EMA NoTrend Loss: 0.737193 | LR: 3.71e-05
Epoch [73/100] | Train Mixed Loss (Trend, limit=2): 0.6404 (Base: 0.2399, DTW: 0.0811, TopK: 0.4204) | Val Mixed Loss (NoTrend, limit=2): 0.7478 (Base: 0.2880, DTW: 0.1335, TopK: 0.4642) | EMA NoTrend Loss: 0.739835 | LR: 3.47e-05
Epoch [74/100] | Train Mixed Loss (Trend, limit=2): 0.6390 (Base: 0.2395, DTW: 0.0807, TopK: 0.4201) | Val Mixed Loss (NoTrend, limit=2): 0.7420 (Base: 0.2864, DTW: 0.1318, TopK: 0.4644) | EMA NoTrend Loss: 0.740379 | LR: 3.24e-05
Epoch [75/100] | Train Mixed Loss (Trend, limit=2): 0.6360 (Base: 0.2392, DTW: 0.0798, TopK: 0.4185) | Val Mixed Loss (NoTrend, limit=2): 0.7431 (Base: 0.2860, DTW: 0.1312, TopK: 0.4744) | EMA NoTrend Loss: 0.741050 | LR: 3.01e-05
Epoch [76/100] | Train Mixed Loss (Trend, limit=2): 0.6395 (Base: 0.2399, DTW: 0.0805, TopK: 0.4214) | Val Mixed Loss (NoTrend, limit=2): 0.7432 (Base: 0.2863, DTW: 0.1326, TopK: 0.4620) | EMA NoTrend Loss: 0.741588 | LR: 2.80e-05
Epoch [77/100] | Train Mixed Loss (Trend, limit=2): 0.6345 (Base: 0.2383, DTW: 0.0799, TopK: 0.4162) | Val Mixed Loss (NoTrend, limit=2): 0.7380 (Base: 0.2831, DTW: 0.1311, TopK: 0.4675) | EMA NoTrend Loss: 0.740682 | LR: 2.59e-05
Epoch [78/100] | Train Mixed Loss (Trend, limit=2): 0.6303 (Base: 0.2368, DTW: 0.0789, TopK: 0.4160) | Val Mixed Loss (NoTrend, limit=2): 0.7429 (Base: 0.2870, DTW: 0.1322, TopK: 0.4622) | EMA NoTrend Loss: 0.741241 | LR: 2.38e-05
Epoch [79/100] | Train Mixed Loss (Trend, limit=2): 0.6321 (Base: 0.2379, DTW: 0.0790, TopK: 0.4155) | Val Mixed Loss (NoTrend, limit=2): 0.7401 (Base: 0.2844, DTW: 0.1312, TopK: 0.4691) | EMA NoTrend Loss: 0.740946 | LR: 2.19e-05
Epoch [80/100] | Train Mixed Loss (Trend, limit=2): 0.6280 (Base: 0.2364, DTW: 0.0783, TopK: 0.4137) | Val Mixed Loss (NoTrend, limit=2): 0.7510 (Base: 0.2887, DTW: 0.1343, TopK: 0.4663) | EMA NoTrend Loss: 0.743451 | LR: 2.00e-05
Epoch [81/100] | Train Mixed Loss (Trend, limit=2): 0.6303 (Base: 0.2367, DTW: 0.0790, TopK: 0.4144) | Val Mixed Loss (NoTrend, limit=2): 0.7385 (Base: 0.2845, DTW: 0.1312, TopK: 0.4638) | EMA NoTrend Loss: 0.742208 | LR: 1.82e-05
Epoch [82/100] | Train Mixed Loss (Trend, limit=2): 0.6299 (Base: 0.2369, DTW: 0.0785, TopK: 0.4158) | Val Mixed Loss (NoTrend, limit=2): 0.7496 (Base: 0.2895, DTW: 0.1338, TopK: 0.4630) | EMA NoTrend Loss: 0.744051 | LR: 1.65e-05
Epoch [83/100] | Train Mixed Loss (Trend, limit=2): 0.6236 (Base: 0.2344, DTW: 0.0776, TopK: 0.4122) | Val Mixed Loss (NoTrend, limit=2): 0.7476 (Base: 0.2874, DTW: 0.1335, TopK: 0.4662) | EMA NoTrend Loss: 0.744938 | LR: 1.49e-05
Epoch [84/100] | Train Mixed Loss (Trend, limit=2): 0.6283 (Base: 0.2362, DTW: 0.0784, TopK: 0.4136) | Val Mixed Loss (NoTrend, limit=2): 0.7421 (Base: 0.2832, DTW: 0.1315, TopK: 0.4775) | EMA NoTrend Loss: 0.744234 | LR: 1.33e-05
Epoch [85/100] | Train Mixed Loss (Trend, limit=2): 0.6253 (Base: 0.2356, DTW: 0.0777, TopK: 0.4111) | Val Mixed Loss (NoTrend, limit=2): 0.7441 (Base: 0.2860, DTW: 0.1328, TopK: 0.4644) | EMA NoTrend Loss: 0.744193 | LR: 1.18e-05
Epoch [86/100] | Train Mixed Loss (Trend, limit=2): 0.6273 (Base: 0.2358, DTW: 0.0781, TopK: 0.4139) | Val Mixed Loss (NoTrend, limit=2): 0.7425 (Base: 0.2865, DTW: 0.1326, TopK: 0.4595) | EMA NoTrend Loss: 0.743764 | LR: 1.05e-05
Epoch [87/100] | Train Mixed Loss (Trend, limit=2): 0.6213 (Base: 0.2343, DTW: 0.0767, TopK: 0.4115) | Val Mixed Loss (NoTrend, limit=2): 0.7427 (Base: 0.2862, DTW: 0.1323, TopK: 0.4636) | EMA NoTrend Loss: 0.743492 | LR: 9.18e-06
Epoch [88/100] | Train Mixed Loss (Trend, limit=2): 0.6243 (Base: 0.2351, DTW: 0.0775, TopK: 0.4108) | Val Mixed Loss (NoTrend, limit=2): 0.7409 (Base: 0.2851, DTW: 0.1315, TopK: 0.4673) | EMA NoTrend Loss: 0.742853 | LR: 7.99e-06
Epoch [89/100] | Train Mixed Loss (Trend, limit=2): 0.6245 (Base: 0.2350, DTW: 0.0775, TopK: 0.4120) | Val Mixed Loss (NoTrend, limit=2): 0.7422 (Base: 0.2847, DTW: 0.1319, TopK: 0.4703) | EMA NoTrend Loss: 0.742698 | LR: 6.88e-06
Epoch [90/100] | Train Mixed Loss (Trend, limit=2): 0.6206 (Base: 0.2341, DTW: 0.0767, TopK: 0.4088) | Val Mixed Loss (NoTrend, limit=2): 0.7389 (Base: 0.2839, DTW: 0.1310, TopK: 0.4690) | EMA NoTrend Loss: 0.741761 | LR: 5.87e-06
Epoch [91/100] | Train Mixed Loss (Trend, limit=2): 0.6224 (Base: 0.2345, DTW: 0.0770, TopK: 0.4109) | Val Mixed Loss (NoTrend, limit=2): 0.7452 (Base: 0.2859, DTW: 0.1330, TopK: 0.4665) | EMA NoTrend Loss: 0.742609 | LR: 4.95e-06
Epoch [92/100] | Train Mixed Loss (Trend, limit=2): 0.6228 (Base: 0.2346, DTW: 0.0770, TopK: 0.4112) | Val Mixed Loss (NoTrend, limit=2): 0.7469 (Base: 0.2865, DTW: 0.1338, TopK: 0.4644) | EMA NoTrend Loss: 0.743675 | LR: 4.13e-06
Epoch [93/100] | Train Mixed Loss (Trend, limit=2): 0.6226 (Base: 0.2344, DTW: 0.0769, TopK: 0.4115) | Val Mixed Loss (NoTrend, limit=2): 0.7452 (Base: 0.2866, DTW: 0.1326, TopK: 0.4677) | EMA NoTrend Loss: 0.744045 | LR: 3.40e-06
Epoch [94/100] | Train Mixed Loss (Trend, limit=2): 0.6238 (Base: 0.2346, DTW: 0.0774, TopK: 0.4115) | Val Mixed Loss (NoTrend, limit=2): 0.7441 (Base: 0.2862, DTW: 0.1320, TopK: 0.4699) | EMA NoTrend Loss: 0.744053 | LR: 2.76e-06
Epoch [95/100] | Train Mixed Loss (Trend, limit=2): 0.6229 (Base: 0.2341, DTW: 0.0773, TopK: 0.4111) | Val Mixed Loss (NoTrend, limit=2): 0.7465 (Base: 0.2866, DTW: 0.1333, TopK: 0.4664) | EMA NoTrend Loss: 0.744668 | LR: 2.23e-06
Epoch [96/100] | Train Mixed Loss (Trend, limit=2): 0.6223 (Base: 0.2342, DTW: 0.0771, TopK: 0.4106) | Val Mixed Loss (NoTrend, limit=2): 0.7516 (Base: 0.2888, DTW: 0.1344, TopK: 0.4671) | EMA NoTrend Loss: 0.746390 | LR: 1.78e-06
Epoch [97/100] | Train Mixed Loss (Trend, limit=2): 0.6186 (Base: 0.2333, DTW: 0.0763, TopK: 0.4081) | Val Mixed Loss (NoTrend, limit=2): 0.7426 (Base: 0.2865, DTW: 0.1319, TopK: 0.4652) | EMA NoTrend Loss: 0.745452 | LR: 1.44e-06
Epoch [98/100] | Train Mixed Loss (Trend, limit=2): 0.6198 (Base: 0.2336, DTW: 0.0765, TopK: 0.4087) | Val Mixed Loss (NoTrend, limit=2): 0.7458 (Base: 0.2867, DTW: 0.1331, TopK: 0.4658) | EMA NoTrend Loss: 0.745532 | LR: 1.20e-06
Epoch [99/100] | Train Mixed Loss (Trend, limit=2): 0.6211 (Base: 0.2337, DTW: 0.0769, TopK: 0.4096) | Val Mixed Loss (NoTrend, limit=2): 0.7439 (Base: 0.2869, DTW: 0.1322, TopK: 0.4656) | EMA NoTrend Loss: 0.745124 | LR: 1.05e-06
Epoch [100/100] | Train Mixed Loss (Trend, limit=2): 0.6192 (Base: 0.2337, DTW: 0.0764, TopK: 0.4081) | Val Mixed Loss (NoTrend, limit=2): 0.7517 (Base: 0.2890, DTW: 0.1343, TopK: 0.4679) | EMA NoTrend Loss: 0.746763 | LR: 1.00e-06
[*] Loaded best model from epoch 54 (EMA NoTrend Loss: 0.733676)
