Starting Transformer experiment with seed 3 in /root/autodl-tmp/parallel_runs/worker_3_seed_3
Device: cuda
Data shape: (1029, 35040, 10)
Max PM2.5 value: 32768.0
Abnormal points (>1000): 636
Loaded cache: /root/autodl-tmp/parallel_runs/worker_3_seed_3/dataset_cache_train_2y_T144_P48_seed_3.pt (Eligible stations: 1029/1029)
Loaded cache: /root/autodl-tmp/parallel_runs/worker_3_seed_3/dataset_cache_val_1y_T144_P48_seed_3.pt (Eligible stations: 1029/1029)
Total trainable parameters: 2,259,201
Epoch [1/100] | Train Loss: 1.0925 (Base: 0.3476, Trend: 0.1787, DTW: 0.1964, TopK: 0.6137) | Val Loss: 0.900923 (Base: 0.3339, DTW: 0.1680, TopK: 0.5460) | EMA No-Trend Loss: 0.900923 | LR: 2.00e-04
Epoch [2/100] | Train Loss: 1.0261 (Base: 0.3400, Trend: 0.1765, DTW: 0.1729, TopK: 0.6099) | Val Loss: 0.866765 (Base: 0.3212, DTW: 0.1593, TopK: 0.5439) | EMA No-Trend Loss: 0.892383 | LR: 2.00e-04
Epoch [3/100] | Train Loss: 1.0017 (Base: 0.3354, Trend: 0.1746, DTW: 0.1654, TopK: 0.6068) | Val Loss: 0.844029 (Base: 0.3191, DTW: 0.1492, TopK: 0.5564) | EMA No-Trend Loss: 0.880295 | LR: 2.00e-04
Epoch [4/100] | Train Loss: 0.9788 (Base: 0.3301, Trend: 0.1728, DTW: 0.1594, TopK: 0.5988) | Val Loss: 0.842782 (Base: 0.3204, DTW: 0.1498, TopK: 0.5423) | EMA No-Trend Loss: 0.870916 | LR: 1.99e-04
Epoch [5/100] | Train Loss: 0.9718 (Base: 0.3291, Trend: 0.1724, DTW: 0.1572, TopK: 0.5973) | Val Loss: 0.819298 (Base: 0.3061, DTW: 0.1430, TopK: 0.5669) | EMA No-Trend Loss: 0.858012 | LR: 1.99e-04
Epoch [6/100] | Train Loss: 0.9597 (Base: 0.3272, Trend: 0.1712, DTW: 0.1541, TopK: 0.5900) | Val Loss: 0.832691 (Base: 0.3058, DTW: 0.1512, TopK: 0.5471) | EMA No-Trend Loss: 0.851682 | LR: 1.98e-04
Epoch [7/100] | Train Loss: 0.9452 (Base: 0.3234, Trend: 0.1699, DTW: 0.1505, TopK: 0.5853) | Val Loss: 0.819005 (Base: 0.3035, DTW: 0.1427, TopK: 0.5765) | EMA No-Trend Loss: 0.843512 | LR: 1.98e-04
Epoch [8/100] | Train Loss: 0.9382 (Base: 0.3212, Trend: 0.1687, DTW: 0.1491, TopK: 0.5829) | Val Loss: 0.819077 (Base: 0.3099, DTW: 0.1463, TopK: 0.5268) | EMA No-Trend Loss: 0.837403 | LR: 1.97e-04
Epoch [9/100] | Train Loss: 0.9308 (Base: 0.3201, Trend: 0.1682, DTW: 0.1466, TopK: 0.5823) | Val Loss: 0.830933 (Base: 0.3077, DTW: 0.1529, TopK: 0.5213) | EMA No-Trend Loss: 0.835786 | LR: 1.96e-04
Epoch [10/100] | Train Loss: 0.9286 (Base: 0.3195, Trend: 0.1679, DTW: 0.1464, TopK: 0.5793) | Val Loss: 0.829073 (Base: 0.3158, DTW: 0.1476, TopK: 0.5298) | EMA No-Trend Loss: 0.834108 | LR: 1.95e-04
Epoch [11/100] | Train Loss: 0.9169 (Base: 0.3160, Trend: 0.1666, DTW: 0.1441, TopK: 0.5726) | Val Loss: 0.813400 (Base: 0.3102, DTW: 0.1448, TopK: 0.5188) | EMA No-Trend Loss: 0.828931 | LR: 1.94e-04
Epoch [12/100] | Train Loss: 0.9178 (Base: 0.3175, Trend: 0.1666, DTW: 0.1438, TopK: 0.5731) | Val Loss: 0.827733 (Base: 0.3155, DTW: 0.1498, TopK: 0.5086) | EMA No-Trend Loss: 0.828631 | LR: 1.93e-04
Epoch [13/100] | Train Loss: 0.9176 (Base: 0.3169, Trend: 0.1673, DTW: 0.1437, TopK: 0.5742) | Val Loss: 0.803433 (Base: 0.3029, DTW: 0.1426, TopK: 0.5276) | EMA No-Trend Loss: 0.822332 | LR: 1.92e-04
Epoch [14/100] | Train Loss: 0.9076 (Base: 0.3142, Trend: 0.1661, DTW: 0.1417, TopK: 0.5673) | Val Loss: 0.804773 (Base: 0.3028, DTW: 0.1420, TopK: 0.5370) | EMA No-Trend Loss: 0.817942 | LR: 1.91e-04
Epoch [15/100] | Train Loss: 0.9033 (Base: 0.3133, Trend: 0.1658, DTW: 0.1405, TopK: 0.5662) | Val Loss: 0.804490 (Base: 0.3050, DTW: 0.1429, TopK: 0.5217) | EMA No-Trend Loss: 0.814579 | LR: 1.89e-04
Epoch [16/100] | Train Loss: 0.8953 (Base: 0.3112, Trend: 0.1651, DTW: 0.1388, TopK: 0.5616) | Val Loss: 0.799685 (Base: 0.2971, DTW: 0.1405, TopK: 0.5511) | EMA No-Trend Loss: 0.810855 | LR: 1.88e-04
Epoch [17/100] | Train Loss: 0.8962 (Base: 0.3119, Trend: 0.1661, DTW: 0.1388, TopK: 0.5601) | Val Loss: 0.792676 (Base: 0.2973, DTW: 0.1405, TopK: 0.5271) | EMA No-Trend Loss: 0.806311 | LR: 1.86e-04
Epoch [18/100] | Train Loss: 0.8919 (Base: 0.3098, Trend: 0.1651, DTW: 0.1381, TopK: 0.5606) | Val Loss: 0.797258 (Base: 0.2976, DTW: 0.1420, TopK: 0.5294) | EMA No-Trend Loss: 0.804047 | LR: 1.85e-04
Epoch [19/100] | Train Loss: 0.8864 (Base: 0.3091, Trend: 0.1651, DTW: 0.1363, TopK: 0.5585) | Val Loss: 0.796171 (Base: 0.3035, DTW: 0.1405, TopK: 0.5178) | EMA No-Trend Loss: 0.802078 | LR: 1.83e-04
Epoch [20/100] | Train Loss: 0.8802 (Base: 0.3068, Trend: 0.1644, DTW: 0.1353, TopK: 0.5547) | Val Loss: 0.793754 (Base: 0.2993, DTW: 0.1429, TopK: 0.5049) | EMA No-Trend Loss: 0.799997 | LR: 1.81e-04
Epoch [21/100] | Train Loss: 0.8843 (Base: 0.3088, Trend: 0.1652, DTW: 0.1360, TopK: 0.5554) | Val Loss: 0.801722 (Base: 0.3033, DTW: 0.1442, TopK: 0.5073) | EMA No-Trend Loss: 0.800428 | LR: 1.79e-04
Epoch [22/100] | Train Loss: 0.8758 (Base: 0.3061, Trend: 0.1641, DTW: 0.1338, TopK: 0.5546) | Val Loss: 0.797810 (Base: 0.3019, DTW: 0.1425, TopK: 0.5132) | EMA No-Trend Loss: 0.799774 | LR: 1.77e-04
Epoch [23/100] | Train Loss: 0.8793 (Base: 0.3076, Trend: 0.1655, DTW: 0.1342, TopK: 0.5560) | Val Loss: 0.802586 (Base: 0.3050, DTW: 0.1451, TopK: 0.4977) | EMA No-Trend Loss: 0.800477 | LR: 1.75e-04
Epoch [24/100] | Train Loss: 0.8681 (Base: 0.3043, Trend: 0.1635, DTW: 0.1323, TopK: 0.5484) | Val Loss: 0.802482 (Base: 0.3013, DTW: 0.1422, TopK: 0.5329) | EMA No-Trend Loss: 0.800978 | LR: 1.73e-04
Epoch [25/100] | Train Loss: 0.8635 (Base: 0.3028, Trend: 0.1632, DTW: 0.1315, TopK: 0.5454) | Val Loss: 0.793884 (Base: 0.3035, DTW: 0.1425, TopK: 0.4944) | EMA No-Trend Loss: 0.799205 | LR: 1.71e-04
Epoch [26/100] | Train Loss: 0.8624 (Base: 0.3025, Trend: 0.1637, DTW: 0.1308, TopK: 0.5469) | Val Loss: 0.791778 (Base: 0.3022, DTW: 0.1403, TopK: 0.5099) | EMA No-Trend Loss: 0.797348 | LR: 1.69e-04
Epoch [27/100] | Train Loss: 0.8598 (Base: 0.3017, Trend: 0.1638, DTW: 0.1304, TopK: 0.5441) | Val Loss: 0.810207 (Base: 0.3083, DTW: 0.1472, TopK: 0.4954) | EMA No-Trend Loss: 0.800563 | LR: 1.66e-04
Epoch [28/100] | Train Loss: 0.8530 (Base: 0.3003, Trend: 0.1629, DTW: 0.1289, TopK: 0.5396) | Val Loss: 0.782694 (Base: 0.2933, DTW: 0.1387, TopK: 0.5218) | EMA No-Trend Loss: 0.796095 | LR: 1.64e-04
Epoch [29/100] | Train Loss: 0.8518 (Base: 0.2997, Trend: 0.1623, DTW: 0.1288, TopK: 0.5392) | Val Loss: 0.806318 (Base: 0.3030, DTW: 0.1479, TopK: 0.4941) | EMA No-Trend Loss: 0.798651 | LR: 1.61e-04
Epoch [30/100] | Train Loss: 0.8489 (Base: 0.2992, Trend: 0.1630, DTW: 0.1277, TopK: 0.5389) | Val Loss: 0.790752 (Base: 0.2959, DTW: 0.1416, TopK: 0.5169) | EMA No-Trend Loss: 0.796676 | LR: 1.59e-04
Epoch [31/100] | Train Loss: 0.8433 (Base: 0.2977, Trend: 0.1623, DTW: 0.1267, TopK: 0.5350) | Val Loss: 0.793737 (Base: 0.2989, DTW: 0.1425, TopK: 0.5096) | EMA No-Trend Loss: 0.795941 | LR: 1.56e-04
Epoch [32/100] | Train Loss: 0.8415 (Base: 0.2973, Trend: 0.1627, DTW: 0.1260, TopK: 0.5348) | Val Loss: 0.789623 (Base: 0.2956, DTW: 0.1412, TopK: 0.5175) | EMA No-Trend Loss: 0.794362 | LR: 1.54e-04
Epoch [33/100] | Train Loss: 0.8414 (Base: 0.2974, Trend: 0.1633, DTW: 0.1257, TopK: 0.5359) | Val Loss: 0.791212 (Base: 0.2953, DTW: 0.1406, TopK: 0.5283) | EMA No-Trend Loss: 0.793574 | LR: 1.51e-04
Epoch [34/100] | Train Loss: 0.8348 (Base: 0.2951, Trend: 0.1624, DTW: 0.1247, TopK: 0.5308) | Val Loss: 0.799210 (Base: 0.3034, DTW: 0.1435, TopK: 0.5047) | EMA No-Trend Loss: 0.794983 | LR: 1.48e-04
Epoch [35/100] | Train Loss: 0.8365 (Base: 0.2963, Trend: 0.1633, DTW: 0.1244, TopK: 0.5335) | Val Loss: 0.792528 (Base: 0.2993, DTW: 0.1424, TopK: 0.5052) | EMA No-Trend Loss: 0.794369 | LR: 1.46e-04
Epoch [36/100] | Train Loss: 0.8283 (Base: 0.2939, Trend: 0.1619, DTW: 0.1230, TopK: 0.5274) | Val Loss: 0.791037 (Base: 0.2950, DTW: 0.1418, TopK: 0.5193) | EMA No-Trend Loss: 0.793536 | LR: 1.43e-04
Epoch [37/100] | Train Loss: 0.8265 (Base: 0.2939, Trend: 0.1626, DTW: 0.1222, TopK: 0.5270) | Val Loss: 0.785791 (Base: 0.2914, DTW: 0.1392, TopK: 0.5340) | EMA No-Trend Loss: 0.791600 | LR: 1.40e-04
Epoch [38/100] | Train Loss: 0.8256 (Base: 0.2928, Trend: 0.1625, DTW: 0.1220, TopK: 0.5296) | Val Loss: 0.799577 (Base: 0.3042, DTW: 0.1447, TopK: 0.4933) | EMA No-Trend Loss: 0.793594 | LR: 1.37e-04
Epoch [39/100] | Train Loss: 0.8202 (Base: 0.2923, Trend: 0.1618, DTW: 0.1210, TopK: 0.5217) | Val Loss: 0.785945 (Base: 0.2929, DTW: 0.1415, TopK: 0.5116) | EMA No-Trend Loss: 0.791682 | LR: 1.34e-04
Epoch [40/100] | Train Loss: 0.8173 (Base: 0.2911, Trend: 0.1616, DTW: 0.1204, TopK: 0.5215) | Val Loss: 0.784874 (Base: 0.2967, DTW: 0.1397, TopK: 0.5098) | EMA No-Trend Loss: 0.789980 | LR: 1.31e-04
Epoch [41/100] | Train Loss: 0.8146 (Base: 0.2903, Trend: 0.1614, DTW: 0.1198, TopK: 0.5205) | Val Loss: 0.801676 (Base: 0.3052, DTW: 0.1463, TopK: 0.4849) | EMA No-Trend Loss: 0.792904 | LR: 1.28e-04
Epoch [42/100] | Train Loss: 0.8135 (Base: 0.2897, Trend: 0.1613, DTW: 0.1197, TopK: 0.5198) | Val Loss: 0.788670 (Base: 0.2946, DTW: 0.1408, TopK: 0.5205) | EMA No-Trend Loss: 0.791846 | LR: 1.25e-04
Epoch [43/100] | Train Loss: 0.8082 (Base: 0.2887, Trend: 0.1616, DTW: 0.1181, TopK: 0.5176) | Val Loss: 0.795552 (Base: 0.3020, DTW: 0.1437, TopK: 0.4955) | EMA No-Trend Loss: 0.792772 | LR: 1.22e-04
Epoch [44/100] | Train Loss: 0.8128 (Base: 0.2898, Trend: 0.1623, DTW: 0.1191, TopK: 0.5201) | Val Loss: 0.795437 (Base: 0.2976, DTW: 0.1438, TopK: 0.5088) | EMA No-Trend Loss: 0.793438 | LR: 1.19e-04
Epoch [45/100] | Train Loss: 0.8040 (Base: 0.2871, Trend: 0.1610, DTW: 0.1177, TopK: 0.5134) | Val Loss: 0.780362 (Base: 0.2951, DTW: 0.1391, TopK: 0.5046) | EMA No-Trend Loss: 0.790169 | LR: 1.16e-04
Epoch [46/100] | Train Loss: 0.8034 (Base: 0.2866, Trend: 0.1616, DTW: 0.1173, TopK: 0.5152) | Val Loss: 0.796203 (Base: 0.2986, DTW: 0.1440, TopK: 0.5068) | EMA No-Trend Loss: 0.791678 | LR: 1.13e-04
Epoch [47/100] | Train Loss: 0.7975 (Base: 0.2853, Trend: 0.1612, DTW: 0.1157, TopK: 0.5129) | Val Loss: 0.790278 (Base: 0.2983, DTW: 0.1430, TopK: 0.4964) | EMA No-Trend Loss: 0.791328 | LR: 1.10e-04
Epoch [48/100] | Train Loss: 0.7958 (Base: 0.2851, Trend: 0.1613, DTW: 0.1153, TopK: 0.5110) | Val Loss: 0.799121 (Base: 0.3022, DTW: 0.1451, TopK: 0.4955) | EMA No-Trend Loss: 0.793276 | LR: 1.07e-04
Epoch [49/100] | Train Loss: 0.7954 (Base: 0.2846, Trend: 0.1614, DTW: 0.1152, TopK: 0.5124) | Val Loss: 0.795633 (Base: 0.2996, DTW: 0.1445, TopK: 0.4971) | EMA No-Trend Loss: 0.793865 | LR: 1.04e-04
Epoch [50/100] | Train Loss: 0.7934 (Base: 0.2845, Trend: 0.1621, DTW: 0.1144, TopK: 0.5107) | Val Loss: 0.792709 (Base: 0.2978, DTW: 0.1427, TopK: 0.5081) | EMA No-Trend Loss: 0.793576 | LR: 1.00e-04
Epoch [51/100] | Train Loss: 0.7872 (Base: 0.2833, Trend: 0.1610, DTW: 0.1132, TopK: 0.5059) | Val Loss: 0.798150 (Base: 0.2994, DTW: 0.1461, TopK: 0.4937) | EMA No-Trend Loss: 0.794720 | LR: 9.74e-05
Epoch [52/100] | Train Loss: 0.7833 (Base: 0.2816, Trend: 0.1614, DTW: 0.1123, TopK: 0.5045) | Val Loss: 0.797429 (Base: 0.3007, DTW: 0.1445, TopK: 0.5000) | EMA No-Trend Loss: 0.795397 | LR: 9.43e-05
Epoch [53/100] | Train Loss: 0.7795 (Base: 0.2805, Trend: 0.1609, DTW: 0.1117, TopK: 0.5018) | Val Loss: 0.791462 (Base: 0.2945, DTW: 0.1435, TopK: 0.5089) | EMA No-Trend Loss: 0.794413 | LR: 9.11e-05
Epoch [54/100] | Train Loss: 0.7806 (Base: 0.2811, Trend: 0.1609, DTW: 0.1117, TopK: 0.5035) | Val Loss: 0.789811 (Base: 0.2942, DTW: 0.1431, TopK: 0.5077) | EMA No-Trend Loss: 0.793263 | LR: 8.80e-05
Epoch [55/100] | Train Loss: 0.7721 (Base: 0.2784, Trend: 0.1604, DTW: 0.1099, TopK: 0.4991) | Val Loss: 0.798709 (Base: 0.3019, DTW: 0.1451, TopK: 0.4950) | EMA No-Trend Loss: 0.794624 | LR: 8.49e-05
Epoch [56/100] | Train Loss: 0.7762 (Base: 0.2797, Trend: 0.1607, DTW: 0.1106, TopK: 0.5026) | Val Loss: 0.793864 (Base: 0.2954, DTW: 0.1436, TopK: 0.5130) | EMA No-Trend Loss: 0.794434 | LR: 8.19e-05
Epoch [57/100] | Train Loss: 0.7746 (Base: 0.2791, Trend: 0.1612, DTW: 0.1102, TopK: 0.5015) | Val Loss: 0.797393 (Base: 0.2986, DTW: 0.1454, TopK: 0.4997) | EMA No-Trend Loss: 0.795174 | LR: 7.88e-05
Epoch [58/100] | Train Loss: 0.7707 (Base: 0.2786, Trend: 0.1608, DTW: 0.1095, TopK: 0.4966) | Val Loss: 0.805110 (Base: 0.2998, DTW: 0.1461, TopK: 0.5160) | EMA No-Trend Loss: 0.797658 | LR: 7.58e-05
Epoch [59/100] | Train Loss: 0.7670 (Base: 0.2776, Trend: 0.1606, DTW: 0.1084, TopK: 0.4962) | Val Loss: 0.796714 (Base: 0.2985, DTW: 0.1450, TopK: 0.5010) | EMA No-Trend Loss: 0.797422 | LR: 7.27e-05
Epoch [60/100] | Train Loss: 0.7674 (Base: 0.2774, Trend: 0.1612, DTW: 0.1086, TopK: 0.4964) | Val Loss: 0.793795 (Base: 0.2963, DTW: 0.1442, TopK: 0.5051) | EMA No-Trend Loss: 0.796515 | LR: 6.98e-05
Epoch [61/100] | Train Loss: 0.7654 (Base: 0.2767, Trend: 0.1612, DTW: 0.1081, TopK: 0.4952) | Val Loss: 0.786541 (Base: 0.2956, DTW: 0.1428, TopK: 0.4936) | EMA No-Trend Loss: 0.794022 | LR: 6.68e-05
Epoch [62/100] | Train Loss: 0.7594 (Base: 0.2749, Trend: 0.1607, DTW: 0.1070, TopK: 0.4912) | Val Loss: 0.803597 (Base: 0.2964, DTW: 0.1476, TopK: 0.5103) | EMA No-Trend Loss: 0.796416 | LR: 6.39e-05
Epoch [63/100] | Train Loss: 0.7569 (Base: 0.2743, Trend: 0.1603, DTW: 0.1064, TopK: 0.4902) | Val Loss: 0.792728 (Base: 0.2962, DTW: 0.1436, TopK: 0.5067) | EMA No-Trend Loss: 0.795494 | LR: 6.10e-05
Epoch [64/100] | Train Loss: 0.7588 (Base: 0.2748, Trend: 0.1609, DTW: 0.1066, TopK: 0.4926) | Val Loss: 0.791919 (Base: 0.2977, DTW: 0.1437, TopK: 0.4976) | EMA No-Trend Loss: 0.794600 | LR: 5.81e-05
Epoch [65/100] | Train Loss: 0.7545 (Base: 0.2737, Trend: 0.1608, DTW: 0.1058, TopK: 0.4884) | Val Loss: 0.786832 (Base: 0.2934, DTW: 0.1414, TopK: 0.5138) | EMA No-Trend Loss: 0.792658 | LR: 5.53e-05
Epoch [66/100] | Train Loss: 0.7538 (Base: 0.2730, Trend: 0.1610, DTW: 0.1055, TopK: 0.4902) | Val Loss: 0.787806 (Base: 0.2960, DTW: 0.1426, TopK: 0.4984) | EMA No-Trend Loss: 0.791445 | LR: 5.26e-05
Epoch [67/100] | Train Loss: 0.7495 (Base: 0.2720, Trend: 0.1605, DTW: 0.1046, TopK: 0.4878) | Val Loss: 0.789450 (Base: 0.2924, DTW: 0.1439, TopK: 0.5053) | EMA No-Trend Loss: 0.790946 | LR: 4.99e-05
Epoch [68/100] | Train Loss: 0.7490 (Base: 0.2720, Trend: 0.1603, DTW: 0.1046, TopK: 0.4858) | Val Loss: 0.794158 (Base: 0.2949, DTW: 0.1438, TopK: 0.5141) | EMA No-Trend Loss: 0.791749 | LR: 4.72e-05
Epoch [69/100] | Train Loss: 0.7454 (Base: 0.2708, Trend: 0.1605, DTW: 0.1038, TopK: 0.4843) | Val Loss: 0.791883 (Base: 0.2958, DTW: 0.1433, TopK: 0.5074) | EMA No-Trend Loss: 0.791783 | LR: 4.46e-05
Epoch [70/100] | Train Loss: 0.7456 (Base: 0.2713, Trend: 0.1606, DTW: 0.1036, TopK: 0.4846) | Val Loss: 0.798314 (Base: 0.2984, DTW: 0.1453, TopK: 0.5039) | EMA No-Trend Loss: 0.793416 | LR: 4.20e-05
Epoch [71/100] | Train Loss: 0.7438 (Base: 0.2702, Trend: 0.1602, DTW: 0.1034, TopK: 0.4845) | Val Loss: 0.799877 (Base: 0.2967, DTW: 0.1460, TopK: 0.5094) | EMA No-Trend Loss: 0.795031 | LR: 3.95e-05
Epoch [72/100] | Train Loss: 0.7408 (Base: 0.2693, Trend: 0.1598, DTW: 0.1028, TopK: 0.4828) | Val Loss: 0.793284 (Base: 0.2953, DTW: 0.1452, TopK: 0.4980) | EMA No-Trend Loss: 0.794594 | LR: 3.71e-05
Epoch [73/100] | Train Loss: 0.7417 (Base: 0.2701, Trend: 0.1609, DTW: 0.1026, TopK: 0.4829) | Val Loss: 0.806065 (Base: 0.2996, DTW: 0.1480, TopK: 0.5043) | EMA No-Trend Loss: 0.797462 | LR: 3.47e-05
Epoch [74/100] | Train Loss: 0.7452 (Base: 0.2712, Trend: 0.1616, DTW: 0.1032, TopK: 0.4851) | Val Loss: 0.794744 (Base: 0.2951, DTW: 0.1451, TopK: 0.5045) | EMA No-Trend Loss: 0.796783 | LR: 3.24e-05
Epoch [75/100] | Train Loss: 0.7385 (Base: 0.2697, Trend: 0.1613, DTW: 0.1016, TopK: 0.4807) | Val Loss: 0.800585 (Base: 0.2993, DTW: 0.1466, TopK: 0.4979) | EMA No-Trend Loss: 0.797733 | LR: 3.01e-05
Epoch [76/100] | Train Loss: 0.7383 (Base: 0.2694, Trend: 0.1615, DTW: 0.1018, TopK: 0.4794) | Val Loss: 0.794614 (Base: 0.2957, DTW: 0.1455, TopK: 0.4992) | EMA No-Trend Loss: 0.796953 | LR: 2.80e-05
Epoch [77/100] | Train Loss: 0.7401 (Base: 0.2695, Trend: 0.1613, DTW: 0.1019, TopK: 0.4842) | Val Loss: 0.801844 (Base: 0.2986, DTW: 0.1467, TopK: 0.5037) | EMA No-Trend Loss: 0.798176 | LR: 2.59e-05
Epoch [78/100] | Train Loss: 0.7329 (Base: 0.2674, Trend: 0.1606, DTW: 0.1007, TopK: 0.4790) | Val Loss: 0.805244 (Base: 0.2997, DTW: 0.1471, TopK: 0.5081) | EMA No-Trend Loss: 0.799943 | LR: 2.38e-05
Epoch [79/100] | Train Loss: 0.7320 (Base: 0.2673, Trend: 0.1604, DTW: 0.1006, TopK: 0.4770) | Val Loss: 0.796079 (Base: 0.2963, DTW: 0.1456, TopK: 0.5014) | EMA No-Trend Loss: 0.798977 | LR: 2.19e-05
Epoch [80/100] | Train Loss: 0.7274 (Base: 0.2657, Trend: 0.1602, DTW: 0.0995, TopK: 0.4757) | Val Loss: 0.804773 (Base: 0.3007, DTW: 0.1469, TopK: 0.5047) | EMA No-Trend Loss: 0.800426 | LR: 2.00e-05
Epoch [81/100] | Train Loss: 0.7260 (Base: 0.2650, Trend: 0.1597, DTW: 0.0994, TopK: 0.4753) | Val Loss: 0.798693 (Base: 0.2976, DTW: 0.1463, TopK: 0.5001) | EMA No-Trend Loss: 0.799993 | LR: 1.82e-05
Epoch [82/100] | Train Loss: 0.7286 (Base: 0.2664, Trend: 0.1603, DTW: 0.0997, TopK: 0.4756) | Val Loss: 0.793844 (Base: 0.2936, DTW: 0.1448, TopK: 0.5092) | EMA No-Trend Loss: 0.798456 | LR: 1.65e-05
Epoch [83/100] | Train Loss: 0.7263 (Base: 0.2655, Trend: 0.1599, DTW: 0.0994, TopK: 0.4741) | Val Loss: 0.803096 (Base: 0.3009, DTW: 0.1469, TopK: 0.4988) | EMA No-Trend Loss: 0.799616 | LR: 1.49e-05
Epoch [84/100] | Train Loss: 0.7251 (Base: 0.2654, Trend: 0.1603, DTW: 0.0988, TopK: 0.4744) | Val Loss: 0.802933 (Base: 0.2972, DTW: 0.1473, TopK: 0.5069) | EMA No-Trend Loss: 0.800445 | LR: 1.33e-05
Epoch [85/100] | Train Loss: 0.7274 (Base: 0.2658, Trend: 0.1605, DTW: 0.0994, TopK: 0.4759) | Val Loss: 0.805855 (Base: 0.2992, DTW: 0.1482, TopK: 0.5031) | EMA No-Trend Loss: 0.801797 | LR: 1.18e-05
Epoch [86/100] | Train Loss: 0.7222 (Base: 0.2648, Trend: 0.1606, DTW: 0.0981, TopK: 0.4724) | Val Loss: 0.804713 (Base: 0.2997, DTW: 0.1478, TopK: 0.5006) | EMA No-Trend Loss: 0.802526 | LR: 1.05e-05
Epoch [87/100] | Train Loss: 0.7181 (Base: 0.2628, Trend: 0.1599, DTW: 0.0977, TopK: 0.4693) | Val Loss: 0.796689 (Base: 0.2932, DTW: 0.1458, TopK: 0.5118) | EMA No-Trend Loss: 0.801067 | LR: 9.18e-06
Epoch [88/100] | Train Loss: 0.7249 (Base: 0.2655, Trend: 0.1611, DTW: 0.0985, TopK: 0.4748) | Val Loss: 0.809459 (Base: 0.2996, DTW: 0.1493, TopK: 0.5054) | EMA No-Trend Loss: 0.803165 | LR: 7.99e-06
Epoch [89/100] | Train Loss: 0.7249 (Base: 0.2653, Trend: 0.1613, DTW: 0.0986, TopK: 0.4746) | Val Loss: 0.799024 (Base: 0.2970, DTW: 0.1467, TopK: 0.4999) | EMA No-Trend Loss: 0.802130 | LR: 6.88e-06
Epoch [90/100] | Train Loss: 0.7171 (Base: 0.2629, Trend: 0.1600, DTW: 0.0974, TopK: 0.4682) | Val Loss: 0.795552 (Base: 0.2956, DTW: 0.1459, TopK: 0.4997) | EMA No-Trend Loss: 0.800485 | LR: 5.87e-06
Epoch [91/100] | Train Loss: 0.7232 (Base: 0.2647, Trend: 0.1611, DTW: 0.0984, TopK: 0.4728) | Val Loss: 0.804055 (Base: 0.2976, DTW: 0.1478, TopK: 0.5059) | EMA No-Trend Loss: 0.801378 | LR: 4.95e-06
Epoch [92/100] | Train Loss: 0.7192 (Base: 0.2634, Trend: 0.1598, DTW: 0.0976, TopK: 0.4725) | Val Loss: 0.810450 (Base: 0.2994, DTW: 0.1491, TopK: 0.5104) | EMA No-Trend Loss: 0.803646 | LR: 4.13e-06
Epoch [93/100] | Train Loss: 0.7229 (Base: 0.2643, Trend: 0.1610, DTW: 0.0984, TopK: 0.4733) | Val Loss: 0.798113 (Base: 0.2970, DTW: 0.1457, TopK: 0.5044) | EMA No-Trend Loss: 0.802263 | LR: 3.40e-06
Epoch [94/100] | Train Loss: 0.7182 (Base: 0.2630, Trend: 0.1604, DTW: 0.0975, TopK: 0.4698) | Val Loss: 0.800679 (Base: 0.2967, DTW: 0.1471, TopK: 0.5036) | EMA No-Trend Loss: 0.801867 | LR: 2.76e-06
Epoch [95/100] | Train Loss: 0.7244 (Base: 0.2651, Trend: 0.1614, DTW: 0.0985, TopK: 0.4740) | Val Loss: 0.802353 (Base: 0.2979, DTW: 0.1466, TopK: 0.5090) | EMA No-Trend Loss: 0.801988 | LR: 2.23e-06
Epoch [96/100] | Train Loss: 0.7230 (Base: 0.2649, Trend: 0.1612, DTW: 0.0983, TopK: 0.4720) | Val Loss: 0.799291 (Base: 0.2979, DTW: 0.1459, TopK: 0.5044) | EMA No-Trend Loss: 0.801314 | LR: 1.78e-06
Epoch [97/100] | Train Loss: 0.7229 (Base: 0.2647, Trend: 0.1607, DTW: 0.0983, TopK: 0.4727) | Val Loss: 0.799449 (Base: 0.2968, DTW: 0.1465, TopK: 0.5034) | EMA No-Trend Loss: 0.800848 | LR: 1.44e-06
Epoch [98/100] | Train Loss: 0.7228 (Base: 0.2640, Trend: 0.1608, DTW: 0.0986, TopK: 0.4731) | Val Loss: 0.811105 (Base: 0.2999, DTW: 0.1498, TopK: 0.5060) | EMA No-Trend Loss: 0.803412 | LR: 1.20e-06
Epoch [99/100] | Train Loss: 0.7224 (Base: 0.2642, Trend: 0.1611, DTW: 0.0982, TopK: 0.4729) | Val Loss: 0.799738 (Base: 0.2970, DTW: 0.1467, TopK: 0.5021) | EMA No-Trend Loss: 0.802493 | LR: 1.05e-06
Epoch [100/100] | Train Loss: 0.7186 (Base: 0.2630, Trend: 0.1605, DTW: 0.0974, TopK: 0.4716) | Val Loss: 0.801207 (Base: 0.2980, DTW: 0.1468, TopK: 0.5026) | EMA No-Trend Loss: 0.802172 | LR: 1.00e-06
