Starting experiment (seed=3)
Device: cuda
Building static profile features from historical data...
Loading lightweight encoder...
Total trainable parameters: 9,752,834
Epoch [1/100] | Total Loss: 1.3894 | Aux Loss: 0.3112 | Train Mixed Loss: 1.0782 (Base: 0.3507, Trend: 0.1899, DTW: 0.1888, TopK: 0.5982) | Val Mixed Loss (No Trend): 0.8439 (Base: 0.3010, DTW: 0.1577, TopK: 0.5480) | EMA Val Loss (No Trend): 0.843941 | LR: 2.00e-04
Saved new best weights to best_model_seed3.pth (EMA validation loss without trend: 0.843941).
Epoch [2/100] | Total Loss: 1.2344 | Aux Loss: 0.2333 | Train Mixed Loss: 1.0011 (Base: 0.3339, Trend: 0.1662, DTW: 0.1704, TopK: 0.5837) | Val Mixed Loss (No Trend): 0.8429 (Base: 0.3077, DTW: 0.1587, TopK: 0.5147) | EMA Val Loss (No Trend): 0.843688 | LR: 2.00e-04
Saved new best weights to best_model_seed3.pth (EMA validation loss without trend: 0.843688).
Epoch [3/100] | Total Loss: 1.1804 | Aux Loss: 0.2163 | Train Mixed Loss: 0.9641 (Base: 0.3267, Trend: 0.1648, DTW: 0.1599, TopK: 0.5707) | Val Mixed Loss (No Trend): 0.8552 (Base: 0.3259, DTW: 0.1540, TopK: 0.5327) | EMA Val Loss (No Trend): 0.846576 | LR: 2.00e-04
Epoch [4/100] | Total Loss: 1.1678 | Aux Loss: 0.2114 | Train Mixed Loss: 0.9564 (Base: 0.3242, Trend: 0.1644, DTW: 0.1576, TopK: 0.5721) | Val Mixed Loss (No Trend): 0.8167 (Base: 0.3051, DTW: 0.1465, TopK: 0.5331) | EMA Val Loss (No Trend): 0.839107 | LR: 1.99e-04
Saved new best weights to best_model_seed3.pth (EMA validation loss without trend: 0.839107).
Epoch [5/100] | Total Loss: 1.1472 | Aux Loss: 0.2085 | Train Mixed Loss: 0.9387 (Base: 0.3205, Trend: 0.1636, DTW: 0.1531, TopK: 0.5629) | Val Mixed Loss (No Trend): 0.8064 (Base: 0.3000, DTW: 0.1466, TopK: 0.5154) | EMA Val Loss (No Trend): 0.830932 | LR: 1.99e-04
Saved new best weights to best_model_seed3.pth (EMA validation loss without trend: 0.830932).
Epoch [6/100] | Total Loss: 1.1362 | Aux Loss: 0.2033 | Train Mixed Loss: 0.9329 (Base: 0.3186, Trend: 0.1635, DTW: 0.1515, TopK: 0.5626) | Val Mixed Loss (No Trend): 0.8002 (Base: 0.2991, DTW: 0.1421, TopK: 0.5342) | EMA Val Loss (No Trend): 0.823259 | LR: 1.98e-04
Saved new best weights to best_model_seed3.pth (EMA validation loss without trend: 0.823259).
Epoch [7/100] | Total Loss: 1.1265 | Aux Loss: 0.2001 | Train Mixed Loss: 0.9265 (Base: 0.3183, Trend: 0.1635, DTW: 0.1491, TopK: 0.5622) | Val Mixed Loss (No Trend): 0.7944 (Base: 0.2930, DTW: 0.1427, TopK: 0.5301) | EMA Val Loss (No Trend): 0.816047 | LR: 1.98e-04
Saved new best weights to best_model_seed3.pth (EMA validation loss without trend: 0.816047).
Epoch [8/100] | Total Loss: 1.1162 | Aux Loss: 0.1983 | Train Mixed Loss: 0.9179 (Base: 0.3153, Trend: 0.1631, DTW: 0.1473, TopK: 0.5584) | Val Mixed Loss (No Trend): 0.7572 (Base: 0.2831, DTW: 0.1330, TopK: 0.5166) | EMA Val Loss (No Trend): 0.801329 | LR: 1.97e-04
Saved new best weights to best_model_seed3.pth (EMA validation loss without trend: 0.801329).
Epoch [9/100] | Total Loss: 1.1016 | Aux Loss: 0.1969 | Train Mixed Loss: 0.9048 (Base: 0.3122, Trend: 0.1622, DTW: 0.1440, TopK: 0.5533) | Val Mixed Loss (No Trend): 0.7532 (Base: 0.2864, DTW: 0.1326, TopK: 0.4954) | EMA Val Loss (No Trend): 0.789297 | LR: 1.96e-04
Saved new best weights to best_model_seed3.pth (EMA validation loss without trend: 0.789297).
Epoch [10/100] | Total Loss: 1.0910 | Aux Loss: 0.1930 | Train Mixed Loss: 0.8980 (Base: 0.3105, Trend: 0.1619, DTW: 0.1422, TopK: 0.5513) | Val Mixed Loss (No Trend): 0.7760 (Base: 0.2909, DTW: 0.1371, TopK: 0.5205) | EMA Val Loss (No Trend): 0.785983 | LR: 1.95e-04
Saved new best weights to best_model_seed3.pth (EMA validation loss without trend: 0.785983).
Epoch [11/100] | Total Loss: 1.0885 | Aux Loss: 0.1950 | Train Mixed Loss: 0.8935 (Base: 0.3092, Trend: 0.1622, DTW: 0.1411, TopK: 0.5486) | Val Mixed Loss (No Trend): 0.7698 (Base: 0.2898, DTW: 0.1391, TopK: 0.4873) | EMA Val Loss (No Trend): 0.781940 | LR: 1.94e-04
Saved new best weights to best_model_seed3.pth (EMA validation loss without trend: 0.781940).
Epoch [12/100] | Total Loss: 1.0820 | Aux Loss: 0.1919 | Train Mixed Loss: 0.8901 (Base: 0.3093, Trend: 0.1622, DTW: 0.1400, TopK: 0.5454) | Val Mixed Loss (No Trend): 0.7627 (Base: 0.2880, DTW: 0.1354, TopK: 0.4989) | EMA Val Loss (No Trend): 0.777124 | LR: 1.93e-04
Saved new best weights to best_model_seed3.pth (EMA validation loss without trend: 0.777124).
Epoch [13/100] | Total Loss: 1.0650 | Aux Loss: 0.1878 | Train Mixed Loss: 0.8772 (Base: 0.3059, Trend: 0.1605, DTW: 0.1368, TopK: 0.5420) | Val Mixed Loss (No Trend): 0.7660 (Base: 0.2855, DTW: 0.1341, TopK: 0.5289) | EMA Val Loss (No Trend): 0.774330 | LR: 1.92e-04
Saved new best weights to best_model_seed3.pth (EMA validation loss without trend: 0.774330).
Epoch [14/100] | Total Loss: 1.0594 | Aux Loss: 0.1877 | Train Mixed Loss: 0.8716 (Base: 0.3038, Trend: 0.1598, DTW: 0.1360, TopK: 0.5381) | Val Mixed Loss (No Trend): 0.7585 (Base: 0.2955, DTW: 0.1339, TopK: 0.4721) | EMA Val Loss (No Trend): 0.770369 | LR: 1.91e-04
Saved new best weights to best_model_seed3.pth (EMA validation loss without trend: 0.770369).
Epoch [15/100] | Total Loss: 1.0629 | Aux Loss: 0.1904 | Train Mixed Loss: 0.8725 (Base: 0.3047, Trend: 0.1605, DTW: 0.1355, TopK: 0.5407) | Val Mixed Loss (No Trend): 0.7525 (Base: 0.2861, DTW: 0.1320, TopK: 0.4993) | EMA Val Loss (No Trend): 0.765913 | LR: 1.89e-04
Saved new best weights to best_model_seed3.pth (EMA validation loss without trend: 0.765913).
Epoch [16/100] | Total Loss: 1.0507 | Aux Loss: 0.1841 | Train Mixed Loss: 0.8666 (Base: 0.3041, Trend: 0.1593, DTW: 0.1338, TopK: 0.5389) | Val Mixed Loss (No Trend): 0.7746 (Base: 0.3020, DTW: 0.1387, TopK: 0.4661) | EMA Val Loss (No Trend): 0.768094 | LR: 1.88e-04
Epoch [17/100] | Total Loss: 1.0410 | Aux Loss: 0.1861 | Train Mixed Loss: 0.8549 (Base: 0.3006, Trend: 0.1585, DTW: 0.1319, TopK: 0.5283) | Val Mixed Loss (No Trend): 0.7505 (Base: 0.2883, DTW: 0.1319, TopK: 0.4855) | EMA Val Loss (No Trend): 0.763686 | LR: 1.86e-04
Saved new best weights to best_model_seed3.pth (EMA validation loss without trend: 0.763686).
Epoch [18/100] | Total Loss: 1.0389 | Aux Loss: 0.1863 | Train Mixed Loss: 0.8526 (Base: 0.2993, Trend: 0.1584, DTW: 0.1312, TopK: 0.5304) | Val Mixed Loss (No Trend): 0.7616 (Base: 0.2919, DTW: 0.1366, TopK: 0.4727) | EMA Val Loss (No Trend): 0.763164 | LR: 1.85e-04
Saved new best weights to best_model_seed3.pth (EMA validation loss without trend: 0.763164).
Epoch [19/100] | Total Loss: 1.0406 | Aux Loss: 0.1829 | Train Mixed Loss: 0.8577 (Base: 0.3016, Trend: 0.1594, DTW: 0.1318, TopK: 0.5338) | Val Mixed Loss (No Trend): 0.7455 (Base: 0.2855, DTW: 0.1285, TopK: 0.5055) | EMA Val Loss (No Trend): 0.758740 | LR: 1.83e-04
Saved new best weights to best_model_seed3.pth (EMA validation loss without trend: 0.758740).
Epoch [20/100] | Total Loss: 1.0371 | Aux Loss: 0.1835 | Train Mixed Loss: 0.8537 (Base: 0.3010, Trend: 0.1591, DTW: 0.1307, TopK: 0.5311) | Val Mixed Loss (No Trend): 0.7560 (Base: 0.2971, DTW: 0.1316, TopK: 0.4771) | EMA Val Loss (No Trend): 0.758048 | LR: 1.81e-04
Saved new best weights to best_model_seed3.pth (EMA validation loss without trend: 0.758048).
Epoch [21/100] | Total Loss: 1.0253 | Aux Loss: 0.1803 | Train Mixed Loss: 0.8449 (Base: 0.2980, Trend: 0.1585, DTW: 0.1288, TopK: 0.5284) | Val Mixed Loss (No Trend): 0.7397 (Base: 0.2880, DTW: 0.1289, TopK: 0.4747) | EMA Val Loss (No Trend): 0.753470 | LR: 1.79e-04
Saved new best weights to best_model_seed3.pth (EMA validation loss without trend: 0.753470).
Epoch [22/100] | Total Loss: 1.0362 | Aux Loss: 0.1826 | Train Mixed Loss: 0.8536 (Base: 0.3004, Trend: 0.1593, DTW: 0.1307, TopK: 0.5333) | Val Mixed Loss (No Trend): 0.7465 (Base: 0.2962, DTW: 0.1297, TopK: 0.4633) | EMA Val Loss (No Trend): 0.751729 | LR: 1.77e-04
Saved new best weights to best_model_seed3.pth (EMA validation loss without trend: 0.751729).
Epoch [23/100] | Total Loss: 1.0288 | Aux Loss: 0.1822 | Train Mixed Loss: 0.8466 (Base: 0.2983, Trend: 0.1578, DTW: 0.1294, TopK: 0.5291) | Val Mixed Loss (No Trend): 0.7490 (Base: 0.2919, DTW: 0.1305, TopK: 0.4796) | EMA Val Loss (No Trend): 0.751036 | LR: 1.75e-04
Saved new best weights to best_model_seed3.pth (EMA validation loss without trend: 0.751036).
Epoch [24/100] | Total Loss: 1.0168 | Aux Loss: 0.1800 | Train Mixed Loss: 0.8368 (Base: 0.2950, Trend: 0.1566, DTW: 0.1279, TopK: 0.5218) | Val Mixed Loss (No Trend): 0.7372 (Base: 0.2801, DTW: 0.1269, TopK: 0.5084) | EMA Val Loss (No Trend): 0.747590 | LR: 1.73e-04
Saved new best weights to best_model_seed3.pth (EMA validation loss without trend: 0.747590).
Epoch [25/100] | Total Loss: 1.0055 | Aux Loss: 0.1789 | Train Mixed Loss: 0.8266 (Base: 0.2925, Trend: 0.1559, DTW: 0.1252, TopK: 0.5188) | Val Mixed Loss (No Trend): 0.7360 (Base: 0.2882, DTW: 0.1293, TopK: 0.4580) | EMA Val Loss (No Trend): 0.744685 | LR: 1.71e-04
Saved new best weights to best_model_seed3.pth (EMA validation loss without trend: 0.744685).
Epoch [26/100] | Total Loss: 1.0066 | Aux Loss: 0.1788 | Train Mixed Loss: 0.8279 (Base: 0.2941, Trend: 0.1565, DTW: 0.1251, TopK: 0.5177) | Val Mixed Loss (No Trend): 0.7420 (Base: 0.2843, DTW: 0.1270, TopK: 0.5095) | EMA Val Loss (No Trend): 0.744015 | LR: 1.69e-04
Saved new best weights to best_model_seed3.pth (EMA validation loss without trend: 0.744015).
Epoch [27/100] | Total Loss: 1.0007 | Aux Loss: 0.1772 | Train Mixed Loss: 0.8235 (Base: 0.2921, Trend: 0.1565, DTW: 0.1241, TopK: 0.5175) | Val Mixed Loss (No Trend): 0.7314 (Base: 0.2781, DTW: 0.1246, TopK: 0.5138) | EMA Val Loss (No Trend): 0.740853 | LR: 1.66e-04
Saved new best weights to best_model_seed3.pth (EMA validation loss without trend: 0.740853).
Epoch [28/100] | Total Loss: 0.9938 | Aux Loss: 0.1769 | Train Mixed Loss: 0.8170 (Base: 0.2911, Trend: 0.1558, DTW: 0.1224, TopK: 0.5140) | Val Mixed Loss (No Trend): 0.7403 (Base: 0.2875, DTW: 0.1280, TopK: 0.4851) | EMA Val Loss (No Trend): 0.740707 | LR: 1.64e-04
Saved new best weights to best_model_seed3.pth (EMA validation loss without trend: 0.740707).
Epoch [29/100] | Total Loss: 1.0023 | Aux Loss: 0.1753 | Train Mixed Loss: 0.8270 (Base: 0.2942, Trend: 0.1564, DTW: 0.1246, TopK: 0.5186) | Val Mixed Loss (No Trend): 0.7445 (Base: 0.2864, DTW: 0.1317, TopK: 0.4730) | EMA Val Loss (No Trend): 0.741654 | LR: 1.61e-04
Epoch [30/100] | Total Loss: 0.9901 | Aux Loss: 0.1744 | Train Mixed Loss: 0.8157 (Base: 0.2900, Trend: 0.1548, DTW: 0.1224, TopK: 0.5151) | Val Mixed Loss (No Trend): 0.7275 (Base: 0.2779, DTW: 0.1247, TopK: 0.5008) | EMA Val Loss (No Trend): 0.738121 | LR: 1.59e-04
Saved new best weights to best_model_seed3.pth (EMA validation loss without trend: 0.738121).
Epoch [31/100] | Total Loss: 0.9901 | Aux Loss: 0.1764 | Train Mixed Loss: 0.8137 (Base: 0.2904, Trend: 0.1548, DTW: 0.1216, TopK: 0.5134) | Val Mixed Loss (No Trend): 0.7251 (Base: 0.2872, DTW: 0.1257, TopK: 0.4539) | EMA Val Loss (No Trend): 0.734876 | LR: 1.56e-04
Saved new best weights to best_model_seed3.pth (EMA validation loss without trend: 0.734876).
Epoch [32/100] | Total Loss: 0.9874 | Aux Loss: 0.1743 | Train Mixed Loss: 0.8132 (Base: 0.2900, Trend: 0.1550, DTW: 0.1219, TopK: 0.5106) | Val Mixed Loss (No Trend): 0.7219 (Base: 0.2775, DTW: 0.1247, TopK: 0.4835) | EMA Val Loss (No Trend): 0.731638 | LR: 1.54e-04
Saved new best weights to best_model_seed3.pth (EMA validation loss without trend: 0.731638).
Epoch [33/100] | Total Loss: 0.9781 | Aux Loss: 0.1748 | Train Mixed Loss: 0.8033 (Base: 0.2879, Trend: 0.1549, DTW: 0.1191, TopK: 0.5071) | Val Mixed Loss (No Trend): 0.7266 (Base: 0.2819, DTW: 0.1273, TopK: 0.4641) | EMA Val Loss (No Trend): 0.730378 | LR: 1.51e-04
Saved new best weights to best_model_seed3.pth (EMA validation loss without trend: 0.730378).
Epoch [34/100] | Total Loss: 0.9806 | Aux Loss: 0.1724 | Train Mixed Loss: 0.8082 (Base: 0.2888, Trend: 0.1552, DTW: 0.1200, TopK: 0.5129) | Val Mixed Loss (No Trend): 0.7344 (Base: 0.2842, DTW: 0.1261, TopK: 0.4919) | EMA Val Loss (No Trend): 0.731393 | LR: 1.48e-04
Epoch [35/100] | Total Loss: 0.9711 | Aux Loss: 0.1708 | Train Mixed Loss: 0.8003 (Base: 0.2864, Trend: 0.1542, DTW: 0.1187, TopK: 0.5064) | Val Mixed Loss (No Trend): 0.7295 (Base: 0.2847, DTW: 0.1283, TopK: 0.4557) | EMA Val Loss (No Trend): 0.730909 | LR: 1.46e-04
Epoch [36/100] | Total Loss: 0.9720 | Aux Loss: 0.1704 | Train Mixed Loss: 0.8017 (Base: 0.2878, Trend: 0.1553, DTW: 0.1184, TopK: 0.5071) | Val Mixed Loss (No Trend): 0.7195 (Base: 0.2776, DTW: 0.1236, TopK: 0.4842) | EMA Val Loss (No Trend): 0.728059 | LR: 1.43e-04
Saved new best weights to best_model_seed3.pth (EMA validation loss without trend: 0.728059).
Epoch [37/100] | Total Loss: 0.9716 | Aux Loss: 0.1717 | Train Mixed Loss: 0.7999 (Base: 0.2868, Trend: 0.1550, DTW: 0.1182, TopK: 0.5068) | Val Mixed Loss (No Trend): 0.7382 (Base: 0.2841, DTW: 0.1284, TopK: 0.4866) | EMA Val Loss (No Trend): 0.730603 | LR: 1.40e-04
Epoch [38/100] | Total Loss: 0.9648 | Aux Loss: 0.1688 | Train Mixed Loss: 0.7960 (Base: 0.2855, Trend: 0.1540, DTW: 0.1174, TopK: 0.5056) | Val Mixed Loss (No Trend): 0.7230 (Base: 0.2796, DTW: 0.1254, TopK: 0.4750) | EMA Val Loss (No Trend): 0.728713 | LR: 1.37e-04
Epoch [39/100] | Total Loss: 0.9652 | Aux Loss: 0.1697 | Train Mixed Loss: 0.7955 (Base: 0.2857, Trend: 0.1540, DTW: 0.1172, TopK: 0.5053) | Val Mixed Loss (No Trend): 0.7213 (Base: 0.2817, DTW: 0.1251, TopK: 0.4644) | EMA Val Loss (No Trend): 0.726861 | LR: 1.34e-04
Saved new best weights to best_model_seed3.pth (EMA validation loss without trend: 0.726861).
Epoch [40/100] | Total Loss: 0.9617 | Aux Loss: 0.1701 | Train Mixed Loss: 0.7916 (Base: 0.2853, Trend: 0.1538, DTW: 0.1164, TopK: 0.4996) | Val Mixed Loss (No Trend): 0.7332 (Base: 0.2860, DTW: 0.1281, TopK: 0.4655) | EMA Val Loss (No Trend): 0.728453 | LR: 1.31e-04
Epoch [41/100] | Total Loss: 0.9579 | Aux Loss: 0.1690 | Train Mixed Loss: 0.7889 (Base: 0.2836, Trend: 0.1536, DTW: 0.1156, TopK: 0.5037) | Val Mixed Loss (No Trend): 0.7252 (Base: 0.2860, DTW: 0.1259, TopK: 0.4568) | EMA Val Loss (No Trend): 0.727643 | LR: 1.28e-04
Epoch [42/100] | Total Loss: 0.9615 | Aux Loss: 0.1689 | Train Mixed Loss: 0.7926 (Base: 0.2848, Trend: 0.1540, DTW: 0.1163, TopK: 0.5054) | Val Mixed Loss (No Trend): 0.7361 (Base: 0.2886, DTW: 0.1276, TopK: 0.4705) | EMA Val Loss (No Trend): 0.729752 | LR: 1.25e-04
Epoch [43/100] | Total Loss: 0.9474 | Aux Loss: 0.1670 | Train Mixed Loss: 0.7804 (Base: 0.2814, Trend: 0.1531, DTW: 0.1139, TopK: 0.4970) | Val Mixed Loss (No Trend): 0.7135 (Base: 0.2799, DTW: 0.1241, TopK: 0.4524) | EMA Val Loss (No Trend): 0.725687 | LR: 1.22e-04
Saved new best weights to best_model_seed3.pth (EMA validation loss without trend: 0.725687).
Epoch [44/100] | Total Loss: 0.9483 | Aux Loss: 0.1679 | Train Mixed Loss: 0.7804 (Base: 0.2815, Trend: 0.1528, DTW: 0.1140, TopK: 0.4963) | Val Mixed Loss (No Trend): 0.7314 (Base: 0.2861, DTW: 0.1284, TopK: 0.4574) | EMA Val Loss (No Trend): 0.727110 | LR: 1.19e-04
Epoch [45/100] | Total Loss: 0.9419 | Aux Loss: 0.1657 | Train Mixed Loss: 0.7762 (Base: 0.2800, Trend: 0.1521, DTW: 0.1132, TopK: 0.4951) | Val Mixed Loss (No Trend): 0.7274 (Base: 0.2826, DTW: 0.1272, TopK: 0.4650) | EMA Val Loss (No Trend): 0.727190 | LR: 1.16e-04
Epoch [46/100] | Total Loss: 0.9364 | Aux Loss: 0.1655 | Train Mixed Loss: 0.7709 (Base: 0.2783, Trend: 0.1521, DTW: 0.1120, TopK: 0.4927) | Val Mixed Loss (No Trend): 0.7093 (Base: 0.2751, DTW: 0.1202, TopK: 0.4859) | EMA Val Loss (No Trend): 0.722729 | LR: 1.13e-04
Saved new best weights to best_model_seed3.pth (EMA validation loss without trend: 0.722729).
Epoch [47/100] | Total Loss: 0.9415 | Aux Loss: 0.1662 | Train Mixed Loss: 0.7753 (Base: 0.2799, Trend: 0.1531, DTW: 0.1128, TopK: 0.4936) | Val Mixed Loss (No Trend): 0.7346 (Base: 0.2894, DTW: 0.1281, TopK: 0.4589) | EMA Val Loss (No Trend): 0.725691 | LR: 1.10e-04
Epoch [48/100] | Total Loss: 0.9360 | Aux Loss: 0.1657 | Train Mixed Loss: 0.7703 (Base: 0.2782, Trend: 0.1523, DTW: 0.1116, TopK: 0.4932) | Val Mixed Loss (No Trend): 0.7237 (Base: 0.2839, DTW: 0.1255, TopK: 0.4616) | EMA Val Loss (No Trend): 0.725185 | LR: 1.07e-04
Epoch [49/100] | Total Loss: 0.9384 | Aux Loss: 0.1667 | Train Mixed Loss: 0.7716 (Base: 0.2791, Trend: 0.1536, DTW: 0.1117, TopK: 0.4924) | Val Mixed Loss (No Trend): 0.7321 (Base: 0.2849, DTW: 0.1252, TopK: 0.4893) | EMA Val Loss (No Trend): 0.726926 | LR: 1.04e-04
Epoch [50/100] | Total Loss: 0.9318 | Aux Loss: 0.1634 | Train Mixed Loss: 0.7684 (Base: 0.2771, Trend: 0.1528, DTW: 0.1112, TopK: 0.4936) | Val Mixed Loss (No Trend): 0.7131 (Base: 0.2786, DTW: 0.1222, TopK: 0.4707) | EMA Val Loss (No Trend): 0.723474 | LR: 1.01e-04
Epoch [51/100] | Total Loss: 0.9267 | Aux Loss: 0.1649 | Train Mixed Loss: 0.7618 (Base: 0.2762, Trend: 0.1520, DTW: 0.1097, TopK: 0.4875) | Val Mixed Loss (No Trend): 0.7184 (Base: 0.2786, DTW: 0.1232, TopK: 0.4803) | EMA Val Loss (No Trend): 0.722212 | LR: 9.74e-05
Saved new best weights to best_model_seed3.pth (EMA validation loss without trend: 0.722212).
Epoch [52/100] | Total Loss: 0.9257 | Aux Loss: 0.1636 | Train Mixed Loss: 0.7621 (Base: 0.2763, Trend: 0.1520, DTW: 0.1101, TopK: 0.4851) | Val Mixed Loss (No Trend): 0.7336 (Base: 0.2885, DTW: 0.1290, TopK: 0.4517) | EMA Val Loss (No Trend): 0.725067 | LR: 9.43e-05
Epoch [53/100] | Total Loss: 0.9237 | Aux Loss: 0.1632 | Train Mixed Loss: 0.7605 (Base: 0.2759, Trend: 0.1524, DTW: 0.1093, TopK: 0.4868) | Val Mixed Loss (No Trend): 0.7118 (Base: 0.2755, DTW: 0.1215, TopK: 0.4822) | EMA Val Loss (No Trend): 0.721744 | LR: 9.11e-05
Saved new best weights to best_model_seed3.pth (EMA validation loss without trend: 0.721744).
Epoch [54/100] | Total Loss: 0.9159 | Aux Loss: 0.1617 | Train Mixed Loss: 0.7542 (Base: 0.2739, Trend: 0.1515, DTW: 0.1080, TopK: 0.4843) | Val Mixed Loss (No Trend): 0.7249 (Base: 0.2870, DTW: 0.1252, TopK: 0.4581) | EMA Val Loss (No Trend): 0.722523 | LR: 8.80e-05
Epoch [55/100] | Total Loss: 0.9160 | Aux Loss: 0.1621 | Train Mixed Loss: 0.7540 (Base: 0.2740, Trend: 0.1515, DTW: 0.1077, TopK: 0.4863) | Val Mixed Loss (No Trend): 0.7267 (Base: 0.2847, DTW: 0.1257, TopK: 0.4678) | EMA Val Loss (No Trend): 0.723559 | LR: 8.49e-05
Epoch [56/100] | Total Loss: 0.9167 | Aux Loss: 0.1636 | Train Mixed Loss: 0.7530 (Base: 0.2744, Trend: 0.1515, DTW: 0.1077, TopK: 0.4816) | Val Mixed Loss (No Trend): 0.7178 (Base: 0.2793, DTW: 0.1223, TopK: 0.4836) | EMA Val Loss (No Trend): 0.722121 | LR: 8.19e-05
Epoch [57/100] | Total Loss: 0.9184 | Aux Loss: 0.1643 | Train Mixed Loss: 0.7541 (Base: 0.2744, Trend: 0.1524, DTW: 0.1078, TopK: 0.4825) | Val Mixed Loss (No Trend): 0.7309 (Base: 0.2878, DTW: 0.1271, TopK: 0.4605) | EMA Val Loss (No Trend): 0.724305 | LR: 7.88e-05
Epoch [58/100] | Total Loss: 0.9137 | Aux Loss: 0.1617 | Train Mixed Loss: 0.7521 (Base: 0.2739, Trend: 0.1523, DTW: 0.1072, TopK: 0.4823) | Val Mixed Loss (No Trend): 0.7267 (Base: 0.2815, DTW: 0.1284, TopK: 0.4567) | EMA Val Loss (No Trend): 0.724896 | LR: 7.58e-05
Epoch [59/100] | Total Loss: 0.9079 | Aux Loss: 0.1610 | Train Mixed Loss: 0.7469 (Base: 0.2725, Trend: 0.1520, DTW: 0.1059, TopK: 0.4805) | Val Mixed Loss (No Trend): 0.7163 (Base: 0.2776, DTW: 0.1238, TopK: 0.4723) | EMA Val Loss (No Trend): 0.722755 | LR: 7.27e-05
Epoch [60/100] | Total Loss: 0.8975 | Aux Loss: 0.1606 | Train Mixed Loss: 0.7370 (Base: 0.2697, Trend: 0.1501, DTW: 0.1042, TopK: 0.4737) | Val Mixed Loss (No Trend): 0.7196 (Base: 0.2833, DTW: 0.1249, TopK: 0.4555) | EMA Val Loss (No Trend): 0.721975 | LR: 6.98e-05
Epoch [61/100] | Total Loss: 0.9007 | Aux Loss: 0.1613 | Train Mixed Loss: 0.7395 (Base: 0.2702, Trend: 0.1506, DTW: 0.1048, TopK: 0.4750) | Val Mixed Loss (No Trend): 0.7269 (Base: 0.2867, DTW: 0.1264, TopK: 0.4565) | EMA Val Loss (No Trend): 0.723205 | LR: 6.68e-05
Epoch [62/100] | Total Loss: 0.8891 | Aux Loss: 0.1596 | Train Mixed Loss: 0.7295 (Base: 0.2666, Trend: 0.1501, DTW: 0.1025, TopK: 0.4731) | Val Mixed Loss (No Trend): 0.7256 (Base: 0.2863, DTW: 0.1271, TopK: 0.4481) | EMA Val Loss (No Trend): 0.723808 | LR: 6.39e-05
Epoch [63/100] | Total Loss: 0.8961 | Aux Loss: 0.1597 | Train Mixed Loss: 0.7365 (Base: 0.2688, Trend: 0.1498, DTW: 0.1040, TopK: 0.4776) | Val Mixed Loss (No Trend): 0.7176 (Base: 0.2850, DTW: 0.1240, TopK: 0.4502) | EMA Val Loss (No Trend): 0.722255 | LR: 6.10e-05
Epoch [64/100] | Total Loss: 0.8924 | Aux Loss: 0.1590 | Train Mixed Loss: 0.7334 (Base: 0.2678, Trend: 0.1508, DTW: 0.1031, TopK: 0.4753) | Val Mixed Loss (No Trend): 0.7315 (Base: 0.2841, DTW: 0.1262, TopK: 0.4821) | EMA Val Loss (No Trend): 0.724569 | LR: 5.81e-05
Epoch [65/100] | Total Loss: 0.8903 | Aux Loss: 0.1595 | Train Mixed Loss: 0.7308 (Base: 0.2686, Trend: 0.1516, DTW: 0.1020, TopK: 0.4716) | Val Mixed Loss (No Trend): 0.7092 (Base: 0.2768, DTW: 0.1222, TopK: 0.4641) | EMA Val Loss (No Trend): 0.720736 | LR: 5.53e-05
Saved new best weights to best_model_seed3.pth (EMA validation loss without trend: 0.720736).
Epoch [66/100] | Total Loss: 0.8960 | Aux Loss: 0.1600 | Train Mixed Loss: 0.7359 (Base: 0.2695, Trend: 0.1514, DTW: 0.1034, TopK: 0.4753) | Val Mixed Loss (No Trend): 0.7196 (Base: 0.2802, DTW: 0.1243, TopK: 0.4698) | EMA Val Loss (No Trend): 0.720456 | LR: 5.26e-05
Saved new best weights to best_model_seed3.pth (EMA validation loss without trend: 0.720456).
Epoch [67/100] | Total Loss: 0.8914 | Aux Loss: 0.1602 | Train Mixed Loss: 0.7313 (Base: 0.2679, Trend: 0.1513, DTW: 0.1026, TopK: 0.4715) | Val Mixed Loss (No Trend): 0.7313 (Base: 0.2849, DTW: 0.1271, TopK: 0.4710) | EMA Val Loss (No Trend): 0.723158 | LR: 4.99e-05
Epoch [68/100] | Total Loss: 0.8880 | Aux Loss: 0.1594 | Train Mixed Loss: 0.7286 (Base: 0.2673, Trend: 0.1515, DTW: 0.1017, TopK: 0.4712) | Val Mixed Loss (No Trend): 0.7330 (Base: 0.2906, DTW: 0.1286, TopK: 0.4461) | EMA Val Loss (No Trend): 0.725624 | LR: 4.72e-05
Epoch [69/100] | Total Loss: 0.8811 | Aux Loss: 0.1576 | Train Mixed Loss: 0.7234 (Base: 0.2652, Trend: 0.1494, DTW: 0.1016, TopK: 0.4660) | Val Mixed Loss (No Trend): 0.7323 (Base: 0.2876, DTW: 0.1287, TopK: 0.4527) | EMA Val Loss (No Trend): 0.727287 | LR: 4.46e-05
Epoch [70/100] | Total Loss: 0.8760 | Aux Loss: 0.1571 | Train Mixed Loss: 0.7188 (Base: 0.2648, Trend: 0.1497, DTW: 0.1002, TopK: 0.4628) | Val Mixed Loss (No Trend): 0.7203 (Base: 0.2829, DTW: 0.1250, TopK: 0.4581) | EMA Val Loss (No Trend): 0.725540 | LR: 4.20e-05
Epoch [71/100] | Total Loss: 0.8815 | Aux Loss: 0.1581 | Train Mixed Loss: 0.7234 (Base: 0.2663, Trend: 0.1508, DTW: 0.1005, TopK: 0.4683) | Val Mixed Loss (No Trend): 0.7172 (Base: 0.2816, DTW: 0.1245, TopK: 0.4563) | EMA Val Loss (No Trend): 0.723449 | LR: 3.95e-05
Epoch [72/100] | Total Loss: 0.8750 | Aux Loss: 0.1568 | Train Mixed Loss: 0.7181 (Base: 0.2632, Trend: 0.1500, DTW: 0.1001, TopK: 0.4657) | Val Mixed Loss (No Trend): 0.7233 (Base: 0.2827, DTW: 0.1251, TopK: 0.4677) | EMA Val Loss (No Trend): 0.723403 | LR: 3.71e-05
Epoch [73/100] | Total Loss: 0.8702 | Aux Loss: 0.1571 | Train Mixed Loss: 0.7131 (Base: 0.2626, Trend: 0.1488, DTW: 0.0989, TopK: 0.4625) | Val Mixed Loss (No Trend): 0.7227 (Base: 0.2831, DTW: 0.1266, TopK: 0.4527) | EMA Val Loss (No Trend): 0.723240 | LR: 3.47e-05
Epoch [74/100] | Total Loss: 0.8741 | Aux Loss: 0.1588 | Train Mixed Loss: 0.7153 (Base: 0.2632, Trend: 0.1497, DTW: 0.0993, TopK: 0.4634) | Val Mixed Loss (No Trend): 0.7082 (Base: 0.2786, DTW: 0.1212, TopK: 0.4625) | EMA Val Loss (No Trend): 0.719484 | LR: 3.24e-05
Saved new best weights to best_model_seed3.pth (EMA validation loss without trend: 0.719484).
Epoch [75/100] | Total Loss: 0.8687 | Aux Loss: 0.1576 | Train Mixed Loss: 0.7111 (Base: 0.2624, Trend: 0.1507, DTW: 0.0980, TopK: 0.4608) | Val Mixed Loss (No Trend): 0.7339 (Base: 0.2847, DTW: 0.1284, TopK: 0.4704) | EMA Val Loss (No Trend): 0.723089 | LR: 3.01e-05
Epoch [76/100] | Total Loss: 0.8718 | Aux Loss: 0.1570 | Train Mixed Loss: 0.7148 (Base: 0.2628, Trend: 0.1500, DTW: 0.0991, TopK: 0.4635) | Val Mixed Loss (No Trend): 0.7132 (Base: 0.2758, DTW: 0.1227, TopK: 0.4766) | EMA Val Loss (No Trend): 0.720627 | LR: 2.80e-05
Epoch [77/100] | Total Loss: 0.8700 | Aux Loss: 0.1581 | Train Mixed Loss: 0.7119 (Base: 0.2622, Trend: 0.1501, DTW: 0.0983, TopK: 0.4628) | Val Mixed Loss (No Trend): 0.7208 (Base: 0.2815, DTW: 0.1259, TopK: 0.4572) | EMA Val Loss (No Trend): 0.720674 | LR: 2.59e-05
Epoch [78/100] | Total Loss: 0.8661 | Aux Loss: 0.1558 | Train Mixed Loss: 0.7102 (Base: 0.2619, Trend: 0.1503, DTW: 0.0980, TopK: 0.4599) | Val Mixed Loss (No Trend): 0.7135 (Base: 0.2797, DTW: 0.1234, TopK: 0.4586) | EMA Val Loss (No Trend): 0.718893 | LR: 2.38e-05
Saved new best weights to best_model_seed3.pth (EMA validation loss without trend: 0.718893).
Epoch [79/100] | Total Loss: 0.8671 | Aux Loss: 0.1591 | Train Mixed Loss: 0.7080 (Base: 0.2614, Trend: 0.1500, DTW: 0.0975, TopK: 0.4588) | Val Mixed Loss (No Trend): 0.7244 (Base: 0.2847, DTW: 0.1265, TopK: 0.4539) | EMA Val Loss (No Trend): 0.720280 | LR: 2.19e-05
Epoch [80/100] | Total Loss: 0.8574 | Aux Loss: 0.1569 | Train Mixed Loss: 0.7005 (Base: 0.2592, Trend: 0.1491, DTW: 0.0959, TopK: 0.4554) | Val Mixed Loss (No Trend): 0.7205 (Base: 0.2803, DTW: 0.1257, TopK: 0.4618) | EMA Val Loss (No Trend): 0.720335 | LR: 2.00e-05
Epoch [81/100] | Total Loss: 0.8619 | Aux Loss: 0.1579 | Train Mixed Loss: 0.7040 (Base: 0.2597, Trend: 0.1492, DTW: 0.0970, TopK: 0.4566) | Val Mixed Loss (No Trend): 0.7326 (Base: 0.2887, DTW: 0.1286, TopK: 0.4509) | EMA Val Loss (No Trend): 0.723391 | LR: 1.82e-05
Epoch [82/100] | Total Loss: 0.8629 | Aux Loss: 0.1568 | Train Mixed Loss: 0.7061 (Base: 0.2610, Trend: 0.1501, DTW: 0.0968, TopK: 0.4591) | Val Mixed Loss (No Trend): 0.7143 (Base: 0.2799, DTW: 0.1230, TopK: 0.4645) | EMA Val Loss (No Trend): 0.721128 | LR: 1.65e-05
Epoch [83/100] | Total Loss: 0.8583 | Aux Loss: 0.1562 | Train Mixed Loss: 0.7022 (Base: 0.2603, Trend: 0.1498, DTW: 0.0962, TopK: 0.4536) | Val Mixed Loss (No Trend): 0.7056 (Base: 0.2767, DTW: 0.1218, TopK: 0.4550) | EMA Val Loss (No Trend): 0.717241 | LR: 1.49e-05
Saved new best weights to best_model_seed3.pth (EMA validation loss without trend: 0.717241).
Epoch [84/100] | Total Loss: 0.8500 | Aux Loss: 0.1543 | Train Mixed Loss: 0.6957 (Base: 0.2570, Trend: 0.1480, DTW: 0.0949, TopK: 0.4569) | Val Mixed Loss (No Trend): 0.7186 (Base: 0.2791, DTW: 0.1256, TopK: 0.4602) | EMA Val Loss (No Trend): 0.717587 | LR: 1.33e-05
Epoch [85/100] | Total Loss: 0.8596 | Aux Loss: 0.1572 | Train Mixed Loss: 0.7024 (Base: 0.2592, Trend: 0.1495, DTW: 0.0962, TopK: 0.4584) | Val Mixed Loss (No Trend): 0.7157 (Base: 0.2801, DTW: 0.1240, TopK: 0.4596) | EMA Val Loss (No Trend): 0.717105 | LR: 1.18e-05
Saved new best weights to best_model_seed3.pth (EMA validation loss without trend: 0.717105).
Epoch [86/100] | Total Loss: 0.8579 | Aux Loss: 0.1568 | Train Mixed Loss: 0.7010 (Base: 0.2602, Trend: 0.1497, DTW: 0.0954, TopK: 0.4565) | Val Mixed Loss (No Trend): 0.7328 (Base: 0.2847, DTW: 0.1289, TopK: 0.4627) | EMA Val Loss (No Trend): 0.721027 | LR: 1.05e-05
Epoch [87/100] | Total Loss: 0.8580 | Aux Loss: 0.1567 | Train Mixed Loss: 0.7013 (Base: 0.2593, Trend: 0.1501, DTW: 0.0959, TopK: 0.4559) | Val Mixed Loss (No Trend): 0.7135 (Base: 0.2793, DTW: 0.1233, TopK: 0.4610) | EMA Val Loss (No Trend): 0.719157 | LR: 9.18e-06
Epoch [88/100] | Total Loss: 0.8512 | Aux Loss: 0.1556 | Train Mixed Loss: 0.6956 (Base: 0.2566, Trend: 0.1485, DTW: 0.0953, TopK: 0.4536) | Val Mixed Loss (No Trend): 0.7252 (Base: 0.2834, DTW: 0.1267, TopK: 0.4588) | EMA Val Loss (No Trend): 0.720664 | LR: 7.99e-06
Epoch [89/100] | Total Loss: 0.8507 | Aux Loss: 0.1544 | Train Mixed Loss: 0.6963 (Base: 0.2580, Trend: 0.1492, DTW: 0.0949, TopK: 0.4533) | Val Mixed Loss (No Trend): 0.7111 (Base: 0.2770, DTW: 0.1221, TopK: 0.4701) | EMA Val Loss (No Trend): 0.718262 | LR: 6.88e-06
Epoch [90/100] | Total Loss: 0.8532 | Aux Loss: 0.1570 | Train Mixed Loss: 0.6962 (Base: 0.2576, Trend: 0.1492, DTW: 0.0951, TopK: 0.4527) | Val Mixed Loss (No Trend): 0.7153 (Base: 0.2798, DTW: 0.1238, TopK: 0.4613) | EMA Val Loss (No Trend): 0.717517 | LR: 5.87e-06
Epoch [91/100] | Total Loss: 0.8557 | Aux Loss: 0.1552 | Train Mixed Loss: 0.7006 (Base: 0.2585, Trend: 0.1503, DTW: 0.0957, TopK: 0.4577) | Val Mixed Loss (No Trend): 0.7215 (Base: 0.2824, DTW: 0.1259, TopK: 0.4563) | EMA Val Loss (No Trend): 0.718523 | LR: 4.95e-06
Epoch [92/100] | Total Loss: 0.8524 | Aux Loss: 0.1561 | Train Mixed Loss: 0.6963 (Base: 0.2576, Trend: 0.1492, DTW: 0.0949, TopK: 0.4544) | Val Mixed Loss (No Trend): 0.7183 (Base: 0.2810, DTW: 0.1247, TopK: 0.4601) | EMA Val Loss (No Trend): 0.718460 | LR: 4.13e-06
Epoch [93/100] | Total Loss: 0.8524 | Aux Loss: 0.1558 | Train Mixed Loss: 0.6966 (Base: 0.2585, Trend: 0.1501, DTW: 0.0945, TopK: 0.4544) | Val Mixed Loss (No Trend): 0.7049 (Base: 0.2775, DTW: 0.1210, TopK: 0.4570) | EMA Val Loss (No Trend): 0.715075 | LR: 3.40e-06
Saved new best weights to best_model_seed3.pth (EMA validation loss without trend: 0.715075).
Epoch [94/100] | Total Loss: 0.8504 | Aux Loss: 0.1558 | Train Mixed Loss: 0.6946 (Base: 0.2576, Trend: 0.1491, DTW: 0.0943, TopK: 0.4534) | Val Mixed Loss (No Trend): 0.7147 (Base: 0.2801, DTW: 0.1244, TopK: 0.4535) | EMA Val Loss (No Trend): 0.714981 | LR: 2.76e-06
Saved new best weights to best_model_seed3.pth (EMA validation loss without trend: 0.714981).
Epoch [95/100] | Total Loss: 0.8549 | Aux Loss: 0.1562 | Train Mixed Loss: 0.6987 (Base: 0.2584, Trend: 0.1494, DTW: 0.0953, TopK: 0.4562) | Val Mixed Loss (No Trend): 0.7243 (Base: 0.2846, DTW: 0.1262, TopK: 0.4562) | EMA Val Loss (No Trend): 0.717321 | LR: 2.23e-06
Epoch [96/100] | Total Loss: 0.8487 | Aux Loss: 0.1555 | Train Mixed Loss: 0.6933 (Base: 0.2573, Trend: 0.1493, DTW: 0.0942, TopK: 0.4508) | Val Mixed Loss (No Trend): 0.7115 (Base: 0.2786, DTW: 0.1225, TopK: 0.4628) | EMA Val Loss (No Trend): 0.715854 | LR: 1.78e-06
Epoch [97/100] | Total Loss: 0.8457 | Aux Loss: 0.1534 | Train Mixed Loss: 0.6923 (Base: 0.2565, Trend: 0.1488, DTW: 0.0940, TopK: 0.4528) | Val Mixed Loss (No Trend): 0.7292 (Base: 0.2848, DTW: 0.1275, TopK: 0.4611) | EMA Val Loss (No Trend): 0.719183 | LR: 1.44e-06
Epoch [98/100] | Total Loss: 0.8462 | Aux Loss: 0.1551 | Train Mixed Loss: 0.6911 (Base: 0.2555, Trend: 0.1482, DTW: 0.0940, TopK: 0.4530) | Val Mixed Loss (No Trend): 0.7137 (Base: 0.2797, DTW: 0.1238, TopK: 0.4565) | EMA Val Loss (No Trend): 0.717814 | LR: 1.20e-06
Epoch [99/100] | Total Loss: 0.8533 | Aux Loss: 0.1565 | Train Mixed Loss: 0.6968 (Base: 0.2578, Trend: 0.1496, DTW: 0.0952, TopK: 0.4523) | Val Mixed Loss (No Trend): 0.7237 (Base: 0.2827, DTW: 0.1256, TopK: 0.4652) | EMA Val Loss (No Trend): 0.719274 | LR: 1.05e-06
Epoch [100/100] | Total Loss: 0.8525 | Aux Loss: 0.1555 | Train Mixed Loss: 0.6970 (Base: 0.2572, Trend: 0.1490, DTW: 0.0955, TopK: 0.4536) | Val Mixed Loss (No Trend): 0.7268 (Base: 0.2841, DTW: 0.1257, TopK: 0.4699) | EMA Val Loss (No Trend): 0.721153 | LR: 2.00e-04
