Starting experiment (seed=4)
Device: cuda
Building static profile features from historical data...
Loading lightweight encoder...
Total trainable parameters: 5,010,690
Epoch [1/100] | Total Loss: 1.2795 | Aux Loss: 0.2630 | Train Mixed Loss: 1.0165 (Base: 0.3346, Trend: 0.1619, DTW: 0.1785, TopK: 0.5755) | Val Mixed Loss (No Trend): 0.8554 (Base: 0.3061, DTW: 0.1590, TopK: 0.5591) | EMA Val Loss (No Trend): 0.855398 | LR: 2.00e-04
Saved new best weights to best_model_seed4.pth (EMA validation loss without trend: 0.855398).
Epoch [2/100] | Total Loss: 1.1568 | Aux Loss: 0.2124 | Train Mixed Loss: 0.9444 (Base: 0.3189, Trend: 0.1521, DTW: 0.1582, TopK: 0.5657) | Val Mixed Loss (No Trend): 0.8445 (Base: 0.3132, DTW: 0.1526, TopK: 0.5499) | EMA Val Loss (No Trend): 0.852680 | LR: 2.00e-04
Saved new best weights to best_model_seed4.pth (EMA validation loss without trend: 0.852680).
Epoch [3/100] | Total Loss: 1.0962 | Aux Loss: 0.1983 | Train Mixed Loss: 0.8979 (Base: 0.3079, Trend: 0.1497, DTW: 0.1466, TopK: 0.5444) | Val Mixed Loss (No Trend): 0.8434 (Base: 0.3194, DTW: 0.1568, TopK: 0.4928) | EMA Val Loss (No Trend): 0.850365 | LR: 2.00e-04
Saved new best weights to best_model_seed4.pth (EMA validation loss without trend: 0.850365).
Epoch [4/100] | Total Loss: 1.0825 | Aux Loss: 0.1946 | Train Mixed Loss: 0.8880 (Base: 0.3072, Trend: 0.1512, DTW: 0.1428, TopK: 0.5412) | Val Mixed Loss (No Trend): 0.7957 (Base: 0.2946, DTW: 0.1420, TopK: 0.5341) | EMA Val Loss (No Trend): 0.836702 | LR: 1.99e-04
Saved new best weights to best_model_seed4.pth (EMA validation loss without trend: 0.836702).
Epoch [5/100] | Total Loss: 1.0595 | Aux Loss: 0.1903 | Train Mixed Loss: 0.8692 (Base: 0.3030, Trend: 0.1505, DTW: 0.1382, TopK: 0.5307) | Val Mixed Loss (No Trend): 0.8103 (Base: 0.3109, DTW: 0.1443, TopK: 0.5099) | EMA Val Loss (No Trend): 0.830104 | LR: 1.99e-04
Saved new best weights to best_model_seed4.pth (EMA validation loss without trend: 0.830104).
Epoch [6/100] | Total Loss: 1.0526 | Aux Loss: 0.1898 | Train Mixed Loss: 0.8628 (Base: 0.3008, Trend: 0.1518, DTW: 0.1366, TopK: 0.5277) | Val Mixed Loss (No Trend): 0.7895 (Base: 0.2859, DTW: 0.1397, TopK: 0.5607) | EMA Val Loss (No Trend): 0.819962 | LR: 1.98e-04
Saved new best weights to best_model_seed4.pth (EMA validation loss without trend: 0.819962).
Epoch [7/100] | Total Loss: 1.0320 | Aux Loss: 0.1853 | Train Mixed Loss: 0.8467 (Base: 0.2967, Trend: 0.1512, DTW: 0.1324, TopK: 0.5218) | Val Mixed Loss (No Trend): 0.7913 (Base: 0.3004, DTW: 0.1409, TopK: 0.5089) | EMA Val Loss (No Trend): 0.812791 | LR: 1.98e-04
Saved new best weights to best_model_seed4.pth (EMA validation loss without trend: 0.812791).
Epoch [8/100] | Total Loss: 1.0144 | Aux Loss: 0.1811 | Train Mixed Loss: 0.8333 (Base: 0.2941, Trend: 0.1497, DTW: 0.1291, TopK: 0.5149) | Val Mixed Loss (No Trend): 0.7702 (Base: 0.2945, DTW: 0.1385, TopK: 0.4777) | EMA Val Loss (No Trend): 0.802137 | LR: 1.97e-04
Saved new best weights to best_model_seed4.pth (EMA validation loss without trend: 0.802137).
Epoch [9/100] | Total Loss: 1.0229 | Aux Loss: 0.1854 | Train Mixed Loss: 0.8375 (Base: 0.2949, Trend: 0.1500, DTW: 0.1300, TopK: 0.5184) | Val Mixed Loss (No Trend): 0.7630 (Base: 0.2851, DTW: 0.1319, TopK: 0.5382) | EMA Val Loss (No Trend): 0.792345 | LR: 1.96e-04
Saved new best weights to best_model_seed4.pth (EMA validation loss without trend: 0.792345).
Epoch [10/100] | Total Loss: 1.0030 | Aux Loss: 0.1810 | Train Mixed Loss: 0.8220 (Base: 0.2913, Trend: 0.1495, DTW: 0.1260, TopK: 0.5120) | Val Mixed Loss (No Trend): 0.7900 (Base: 0.3005, DTW: 0.1441, TopK: 0.4785) | EMA Val Loss (No Trend): 0.791753 | LR: 1.95e-04
Saved new best weights to best_model_seed4.pth (EMA validation loss without trend: 0.791753).
Epoch [11/100] | Total Loss: 0.9944 | Aux Loss: 0.1807 | Train Mixed Loss: 0.8138 (Base: 0.2882, Trend: 0.1487, DTW: 0.1245, TopK: 0.5078) | Val Mixed Loss (No Trend): 0.7621 (Base: 0.2832, DTW: 0.1347, TopK: 0.5189) | EMA Val Loss (No Trend): 0.784344 | LR: 1.94e-04
Saved new best weights to best_model_seed4.pth (EMA validation loss without trend: 0.784344).
Epoch [12/100] | Total Loss: 0.9810 | Aux Loss: 0.1785 | Train Mixed Loss: 0.8024 (Base: 0.2860, Trend: 0.1479, DTW: 0.1216, TopK: 0.5018) | Val Mixed Loss (No Trend): 0.7831 (Base: 0.2960, DTW: 0.1430, TopK: 0.4796) | EMA Val Loss (No Trend): 0.784023 | LR: 1.93e-04
Saved new best weights to best_model_seed4.pth (EMA validation loss without trend: 0.784023).
Epoch [13/100] | Total Loss: 0.9749 | Aux Loss: 0.1784 | Train Mixed Loss: 0.7966 (Base: 0.2843, Trend: 0.1476, DTW: 0.1203, TopK: 0.4995) | Val Mixed Loss (No Trend): 0.7586 (Base: 0.2848, DTW: 0.1342, TopK: 0.5054) | EMA Val Loss (No Trend): 0.777679 | LR: 1.92e-04
Saved new best weights to best_model_seed4.pth (EMA validation loss without trend: 0.777679).
Epoch [14/100] | Total Loss: 0.9630 | Aux Loss: 0.1766 | Train Mixed Loss: 0.7864 (Base: 0.2819, Trend: 0.1475, DTW: 0.1175, TopK: 0.4959) | Val Mixed Loss (No Trend): 0.7586 (Base: 0.2892, DTW: 0.1343, TopK: 0.4901) | EMA Val Loss (No Trend): 0.772917 | LR: 1.91e-04
Saved new best weights to best_model_seed4.pth (EMA validation loss without trend: 0.772917).
Epoch [15/100] | Total Loss: 0.9646 | Aux Loss: 0.1766 | Train Mixed Loss: 0.7881 (Base: 0.2815, Trend: 0.1481, DTW: 0.1184, TopK: 0.4947) | Val Mixed Loss (No Trend): 0.7580 (Base: 0.2855, DTW: 0.1325, TopK: 0.5151) | EMA Val Loss (No Trend): 0.769195 | LR: 1.89e-04
Saved new best weights to best_model_seed4.pth (EMA validation loss without trend: 0.769195).
Epoch [16/100] | Total Loss: 0.9519 | Aux Loss: 0.1728 | Train Mixed Loss: 0.7791 (Base: 0.2802, Trend: 0.1468, DTW: 0.1160, TopK: 0.4905) | Val Mixed Loss (No Trend): 0.7732 (Base: 0.2967, DTW: 0.1396, TopK: 0.4711) | EMA Val Loss (No Trend): 0.770196 | LR: 1.88e-04
Epoch [17/100] | Total Loss: 0.9483 | Aux Loss: 0.1734 | Train Mixed Loss: 0.7749 (Base: 0.2781, Trend: 0.1471, DTW: 0.1151, TopK: 0.4905) | Val Mixed Loss (No Trend): 0.7401 (Base: 0.2773, DTW: 0.1288, TopK: 0.5120) | EMA Val Loss (No Trend): 0.762675 | LR: 1.86e-04
Saved new best weights to best_model_seed4.pth (EMA validation loss without trend: 0.762675).
Epoch [18/100] | Total Loss: 0.9449 | Aux Loss: 0.1729 | Train Mixed Loss: 0.7719 (Base: 0.2768, Trend: 0.1468, DTW: 0.1145, TopK: 0.4899) | Val Mixed Loss (No Trend): 0.7424 (Base: 0.2796, DTW: 0.1316, TopK: 0.4904) | EMA Val Loss (No Trend): 0.757618 | LR: 1.85e-04
Saved new best weights to best_model_seed4.pth (EMA validation loss without trend: 0.757618).
Epoch [19/100] | Total Loss: 0.9371 | Aux Loss: 0.1727 | Train Mixed Loss: 0.7643 (Base: 0.2759, Trend: 0.1468, DTW: 0.1127, TopK: 0.4818) | Val Mixed Loss (No Trend): 0.7548 (Base: 0.2876, DTW: 0.1323, TopK: 0.4992) | EMA Val Loss (No Trend): 0.756909 | LR: 1.83e-04
Saved new best weights to best_model_seed4.pth (EMA validation loss without trend: 0.756909).
Epoch [20/100] | Total Loss: 0.9330 | Aux Loss: 0.1705 | Train Mixed Loss: 0.7625 (Base: 0.2751, Trend: 0.1469, DTW: 0.1119, TopK: 0.4843) | Val Mixed Loss (No Trend): 0.7753 (Base: 0.2986, DTW: 0.1380, TopK: 0.4846) | EMA Val Loss (No Trend): 0.761495 | LR: 1.81e-04
Epoch [21/100] | Total Loss: 0.9280 | Aux Loss: 0.1704 | Train Mixed Loss: 0.7576 (Base: 0.2738, Trend: 0.1467, DTW: 0.1105, TopK: 0.4839) | Val Mixed Loss (No Trend): 0.7886 (Base: 0.3034, DTW: 0.1414, TopK: 0.4859) | EMA Val Loss (No Trend): 0.768283 | LR: 1.79e-04
Epoch [22/100] | Total Loss: 0.9189 | Aux Loss: 0.1696 | Train Mixed Loss: 0.7494 (Base: 0.2715, Trend: 0.1461, DTW: 0.1092, TopK: 0.4763) | Val Mixed Loss (No Trend): 0.7415 (Base: 0.2810, DTW: 0.1296, TopK: 0.4984) | EMA Val Loss (No Trend): 0.761588 | LR: 1.77e-04
Epoch [23/100] | Total Loss: 0.9160 | Aux Loss: 0.1680 | Train Mixed Loss: 0.7481 (Base: 0.2712, Trend: 0.1465, DTW: 0.1085, TopK: 0.4774) | Val Mixed Loss (No Trend): 0.7682 (Base: 0.3031, DTW: 0.1357, TopK: 0.4653) | EMA Val Loss (No Trend): 0.763252 | LR: 1.75e-04
Epoch [24/100] | Total Loss: 0.9179 | Aux Loss: 0.1696 | Train Mixed Loss: 0.7483 (Base: 0.2703, Trend: 0.1464, DTW: 0.1091, TopK: 0.4766) | Val Mixed Loss (No Trend): 0.7576 (Base: 0.2923, DTW: 0.1348, TopK: 0.4729) | EMA Val Loss (No Trend): 0.761839 | LR: 1.73e-04
Epoch [25/100] | Total Loss: 0.9072 | Aux Loss: 0.1677 | Train Mixed Loss: 0.7395 (Base: 0.2688, Trend: 0.1460, DTW: 0.1066, TopK: 0.4725) | Val Mixed Loss (No Trend): 0.7408 (Base: 0.2826, DTW: 0.1289, TopK: 0.4957) | EMA Val Loss (No Trend): 0.756576 | LR: 1.71e-04
Saved new best weights to best_model_seed4.pth (EMA validation loss without trend: 0.756576).
Epoch [26/100] | Total Loss: 0.9024 | Aux Loss: 0.1671 | Train Mixed Loss: 0.7353 (Base: 0.2678, Trend: 0.1459, DTW: 0.1057, TopK: 0.4698) | Val Mixed Loss (No Trend): 0.7368 (Base: 0.2769, DTW: 0.1278, TopK: 0.5110) | EMA Val Loss (No Trend): 0.751631 | LR: 1.69e-04
Saved new best weights to best_model_seed4.pth (EMA validation loss without trend: 0.751631).
Epoch [27/100] | Total Loss: 0.9082 | Aux Loss: 0.1689 | Train Mixed Loss: 0.7393 (Base: 0.2696, Trend: 0.1470, DTW: 0.1061, TopK: 0.4722) | Val Mixed Loss (No Trend): 0.7485 (Base: 0.2848, DTW: 0.1339, TopK: 0.4750) | EMA Val Loss (No Trend): 0.750851 | LR: 1.66e-04
Saved new best weights to best_model_seed4.pth (EMA validation loss without trend: 0.750851).
Epoch [28/100] | Total Loss: 0.8889 | Aux Loss: 0.1660 | Train Mixed Loss: 0.7229 (Base: 0.2642, Trend: 0.1450, DTW: 0.1029, TopK: 0.4643) | Val Mixed Loss (No Trend): 0.7332 (Base: 0.2809, DTW: 0.1282, TopK: 0.4821) | EMA Val Loss (No Trend): 0.746436 | LR: 1.64e-04
Saved new best weights to best_model_seed4.pth (EMA validation loss without trend: 0.746436).
Epoch [29/100] | Total Loss: 0.8883 | Aux Loss: 0.1659 | Train Mixed Loss: 0.7224 (Base: 0.2640, Trend: 0.1454, DTW: 0.1029, TopK: 0.4628) | Val Mixed Loss (No Trend): 0.7464 (Base: 0.2870, DTW: 0.1321, TopK: 0.4748) | EMA Val Loss (No Trend): 0.746439 | LR: 1.61e-04
Epoch [30/100] | Total Loss: 0.8827 | Aux Loss: 0.1643 | Train Mixed Loss: 0.7184 (Base: 0.2631, Trend: 0.1444, DTW: 0.1020, TopK: 0.4612) | Val Mixed Loss (No Trend): 0.7603 (Base: 0.2917, DTW: 0.1355, TopK: 0.4783) | EMA Val Loss (No Trend): 0.749910 | LR: 1.59e-04
Epoch [31/100] | Total Loss: 0.8843 | Aux Loss: 0.1664 | Train Mixed Loss: 0.7179 (Base: 0.2632, Trend: 0.1461, DTW: 0.1014, TopK: 0.4615) | Val Mixed Loss (No Trend): 0.7371 (Base: 0.2763, DTW: 0.1295, TopK: 0.5000) | EMA Val Loss (No Trend): 0.746718 | LR: 1.56e-04
Epoch [32/100] | Total Loss: 0.8765 | Aux Loss: 0.1640 | Train Mixed Loss: 0.7126 (Base: 0.2619, Trend: 0.1454, DTW: 0.1004, TopK: 0.4564) | Val Mixed Loss (No Trend): 0.7466 (Base: 0.2847, DTW: 0.1316, TopK: 0.4871) | EMA Val Loss (No Trend): 0.746683 | LR: 1.54e-04
Epoch [33/100] | Total Loss: 0.8782 | Aux Loss: 0.1657 | Train Mixed Loss: 0.7125 (Base: 0.2617, Trend: 0.1458, DTW: 0.1004, TopK: 0.4564) | Val Mixed Loss (No Trend): 0.7420 (Base: 0.2827, DTW: 0.1309, TopK: 0.4840) | EMA Val Loss (No Trend): 0.745508 | LR: 1.51e-04
Saved new best weights to best_model_seed4.pth (EMA validation loss without trend: 0.745508).
Epoch [34/100] | Total Loss: 0.8701 | Aux Loss: 0.1640 | Train Mixed Loss: 0.7060 (Base: 0.2590, Trend: 0.1451, DTW: 0.0994, TopK: 0.4534) | Val Mixed Loss (No Trend): 0.7350 (Base: 0.2789, DTW: 0.1286, TopK: 0.4919) | EMA Val Loss (No Trend): 0.742889 | LR: 1.48e-04
Saved new best weights to best_model_seed4.pth (EMA validation loss without trend: 0.742889).
Epoch [35/100] | Total Loss: 0.8602 | Aux Loss: 0.1634 | Train Mixed Loss: 0.6968 (Base: 0.2570, Trend: 0.1440, DTW: 0.0972, TopK: 0.4482) | Val Mixed Loss (No Trend): 0.7371 (Base: 0.2814, DTW: 0.1294, TopK: 0.4842) | EMA Val Loss (No Trend): 0.741449 | LR: 1.46e-04
Saved new best weights to best_model_seed4.pth (EMA validation loss without trend: 0.741449).
Epoch [36/100] | Total Loss: 0.8693 | Aux Loss: 0.1645 | Train Mixed Loss: 0.7048 (Base: 0.2594, Trend: 0.1449, DTW: 0.0987, TopK: 0.4536) | Val Mixed Loss (No Trend): 0.7570 (Base: 0.2876, DTW: 0.1339, TopK: 0.4933) | EMA Val Loss (No Trend): 0.745341 | LR: 1.43e-04
Epoch [37/100] | Total Loss: 0.8477 | Aux Loss: 0.1596 | Train Mixed Loss: 0.6881 (Base: 0.2544, Trend: 0.1439, DTW: 0.0951, TopK: 0.4454) | Val Mixed Loss (No Trend): 0.7457 (Base: 0.2843, DTW: 0.1326, TopK: 0.4770) | EMA Val Loss (No Trend): 0.745429 | LR: 1.40e-04
Epoch [38/100] | Total Loss: 0.8506 | Aux Loss: 0.1610 | Train Mixed Loss: 0.6897 (Base: 0.2548, Trend: 0.1447, DTW: 0.0953, TopK: 0.4455) | Val Mixed Loss (No Trend): 0.7444 (Base: 0.2881, DTW: 0.1326, TopK: 0.4601) | EMA Val Loss (No Trend): 0.745169 | LR: 1.37e-04
Epoch [39/100] | Total Loss: 0.8505 | Aux Loss: 0.1608 | Train Mixed Loss: 0.6897 (Base: 0.2547, Trend: 0.1443, DTW: 0.0956, TopK: 0.4444) | Val Mixed Loss (No Trend): 0.7426 (Base: 0.2858, DTW: 0.1314, TopK: 0.4715) | EMA Val Loss (No Trend): 0.744520 | LR: 1.34e-04
Epoch [40/100] | Total Loss: 0.8394 | Aux Loss: 0.1612 | Train Mixed Loss: 0.6782 (Base: 0.2516, Trend: 0.1434, DTW: 0.0932, TopK: 0.4373) | Val Mixed Loss (No Trend): 0.7470 (Base: 0.2849, DTW: 0.1325, TopK: 0.4805) | EMA Val Loss (No Trend): 0.745141 | LR: 1.31e-04
Epoch [41/100] | Total Loss: 0.8465 | Aux Loss: 0.1630 | Train Mixed Loss: 0.6835 (Base: 0.2530, Trend: 0.1442, DTW: 0.0945, TopK: 0.4392) | Val Mixed Loss (No Trend): 0.7475 (Base: 0.2907, DTW: 0.1342, TopK: 0.4492) | EMA Val Loss (No Trend): 0.745741 | LR: 1.28e-04
Epoch [42/100] | Total Loss: 0.8398 | Aux Loss: 0.1613 | Train Mixed Loss: 0.6785 (Base: 0.2517, Trend: 0.1444, DTW: 0.0929, TopK: 0.4387) | Val Mixed Loss (No Trend): 0.7430 (Base: 0.2850, DTW: 0.1317, TopK: 0.4726) | EMA Val Loss (No Trend): 0.745048 | LR: 1.25e-04
Epoch [43/100] | Total Loss: 0.8368 | Aux Loss: 0.1610 | Train Mixed Loss: 0.6758 (Base: 0.2505, Trend: 0.1438, DTW: 0.0926, TopK: 0.4374) | Val Mixed Loss (No Trend): 0.7545 (Base: 0.2893, DTW: 0.1332, TopK: 0.4846) | EMA Val Loss (No Trend): 0.747402 | LR: 1.22e-04
Epoch [44/100] | Total Loss: 0.8305 | Aux Loss: 0.1587 | Train Mixed Loss: 0.6718 (Base: 0.2494, Trend: 0.1437, DTW: 0.0915, TopK: 0.4361) | Val Mixed Loss (No Trend): 0.7548 (Base: 0.2888, DTW: 0.1359, TopK: 0.4663) | EMA Val Loss (No Trend): 0.749261 | LR: 1.19e-04
Epoch [45/100] | Total Loss: 0.8242 | Aux Loss: 0.1581 | Train Mixed Loss: 0.6660 (Base: 0.2480, Trend: 0.1435, DTW: 0.0901, TopK: 0.4334) | Val Mixed Loss (No Trend): 0.7300 (Base: 0.2788, DTW: 0.1287, TopK: 0.4742) | EMA Val Loss (No Trend): 0.744453 | LR: 1.16e-04
Epoch [46/100] | Total Loss: 0.8303 | Aux Loss: 0.1604 | Train Mixed Loss: 0.6698 (Base: 0.2488, Trend: 0.1441, DTW: 0.0911, TopK: 0.4344) | Val Mixed Loss (No Trend): 0.7493 (Base: 0.2892, DTW: 0.1351, TopK: 0.4529) | EMA Val Loss (No Trend): 0.745675 | LR: 1.13e-04
Epoch [47/100] | Total Loss: 0.8161 | Aux Loss: 0.1598 | Train Mixed Loss: 0.6563 (Base: 0.2454, Trend: 0.1432, DTW: 0.0880, TopK: 0.4271) | Val Mixed Loss (No Trend): 0.7381 (Base: 0.2808, DTW: 0.1291, TopK: 0.4917) | EMA Val Loss (No Trend): 0.743786 | LR: 1.10e-04
Epoch [48/100] | Total Loss: 0.8176 | Aux Loss: 0.1601 | Train Mixed Loss: 0.6575 (Base: 0.2460, Trend: 0.1434, DTW: 0.0885, TopK: 0.4245) | Val Mixed Loss (No Trend): 0.7361 (Base: 0.2764, DTW: 0.1294, TopK: 0.4971) | EMA Val Loss (No Trend): 0.741863 | LR: 1.07e-04
Epoch [49/100] | Total Loss: 0.8073 | Aux Loss: 0.1569 | Train Mixed Loss: 0.6504 (Base: 0.2429, Trend: 0.1432, DTW: 0.0867, TopK: 0.4266) | Val Mixed Loss (No Trend): 0.7357 (Base: 0.2828, DTW: 0.1298, TopK: 0.4716) | EMA Val Loss (No Trend): 0.740314 | LR: 1.04e-04
Saved new best weights to best_model_seed4.pth (EMA validation loss without trend: 0.740314).
Epoch [50/100] | Total Loss: 0.8099 | Aux Loss: 0.1588 | Train Mixed Loss: 0.6511 (Base: 0.2445, Trend: 0.1433, DTW: 0.0868, TopK: 0.4222) | Val Mixed Loss (No Trend): 0.7585 (Base: 0.2925, DTW: 0.1348, TopK: 0.4750) | EMA Val Loss (No Trend): 0.744867 | LR: 1.01e-04
Epoch [51/100] | Total Loss: 0.8044 | Aux Loss: 0.1581 | Train Mixed Loss: 0.6463 (Base: 0.2425, Trend: 0.1435, DTW: 0.0857, TopK: 0.4213) | Val Mixed Loss (No Trend): 0.7458 (Base: 0.2855, DTW: 0.1315, TopK: 0.4824) | EMA Val Loss (No Trend): 0.745111 | LR: 9.74e-05
Epoch [52/100] | Total Loss: 0.8014 | Aux Loss: 0.1578 | Train Mixed Loss: 0.6436 (Base: 0.2415, Trend: 0.1424, DTW: 0.0853, TopK: 0.4203) | Val Mixed Loss (No Trend): 0.7403 (Base: 0.2834, DTW: 0.1313, TopK: 0.4727) | EMA Val Loss (No Trend): 0.743910 | LR: 9.43e-05
Epoch [53/100] | Total Loss: 0.7959 | Aux Loss: 0.1561 | Train Mixed Loss: 0.6399 (Base: 0.2399, Trend: 0.1421, DTW: 0.0849, TopK: 0.4167) | Val Mixed Loss (No Trend): 0.7417 (Base: 0.2870, DTW: 0.1313, TopK: 0.4653) | EMA Val Loss (No Trend): 0.743368 | LR: 9.11e-05
Epoch [54/100] | Total Loss: 0.7936 | Aux Loss: 0.1569 | Train Mixed Loss: 0.6367 (Base: 0.2394, Trend: 0.1428, DTW: 0.0840, TopK: 0.4145) | Val Mixed Loss (No Trend): 0.7601 (Base: 0.2906, DTW: 0.1374, TopK: 0.4659) | EMA Val Loss (No Trend): 0.747543 | LR: 8.80e-05
Epoch [55/100] | Total Loss: 0.7930 | Aux Loss: 0.1559 | Train Mixed Loss: 0.6371 (Base: 0.2393, Trend: 0.1433, DTW: 0.0840, TopK: 0.4156) | Val Mixed Loss (No Trend): 0.7488 (Base: 0.2842, DTW: 0.1330, TopK: 0.4845) | EMA Val Loss (No Trend): 0.747864 | LR: 8.49e-05
Epoch [56/100] | Total Loss: 0.7840 | Aux Loss: 0.1554 | Train Mixed Loss: 0.6286 (Base: 0.2363, Trend: 0.1416, DTW: 0.0825, TopK: 0.4114) | Val Mixed Loss (No Trend): 0.7383 (Base: 0.2840, DTW: 0.1306, TopK: 0.4698) | EMA Val Loss (No Trend): 0.745481 | LR: 8.19e-05
Epoch [57/100] | Total Loss: 0.7834 | Aux Loss: 0.1544 | Train Mixed Loss: 0.6290 (Base: 0.2367, Trend: 0.1424, DTW: 0.0824, TopK: 0.4114) | Val Mixed Loss (No Trend): 0.7573 (Base: 0.2932, DTW: 0.1358, TopK: 0.4607) | EMA Val Loss (No Trend): 0.748444 | LR: 7.88e-05
Epoch [58/100] | Total Loss: 0.7786 | Aux Loss: 0.1549 | Train Mixed Loss: 0.6237 (Base: 0.2356, Trend: 0.1425, DTW: 0.0810, TopK: 0.4085) | Val Mixed Loss (No Trend): 0.7474 (Base: 0.2841, DTW: 0.1337, TopK: 0.4748) | EMA Val Loss (No Trend): 0.748183 | LR: 7.58e-05
Epoch [59/100] | Total Loss: 0.7828 | Aux Loss: 0.1568 | Train Mixed Loss: 0.6260 (Base: 0.2363, Trend: 0.1429, DTW: 0.0816, TopK: 0.4084) | Val Mixed Loss (No Trend): 0.7454 (Base: 0.2843, DTW: 0.1325, TopK: 0.4772) | EMA Val Loss (No Trend): 0.747491 | LR: 7.27e-05
Epoch [60/100] | Total Loss: 0.7823 | Aux Loss: 0.1567 | Train Mixed Loss: 0.6256 (Base: 0.2359, Trend: 0.1433, DTW: 0.0811, TopK: 0.4116) | Val Mixed Loss (No Trend): 0.7506 (Base: 0.2877, DTW: 0.1347, TopK: 0.4657) | EMA Val Loss (No Trend): 0.748266 | LR: 6.98e-05
Epoch [61/100] | Total Loss: 0.7701 | Aux Loss: 0.1540 | Train Mixed Loss: 0.6161 (Base: 0.2337, Trend: 0.1412, DTW: 0.0796, TopK: 0.4024) | Val Mixed Loss (No Trend): 0.7372 (Base: 0.2829, DTW: 0.1299, TopK: 0.4756) | EMA Val Loss (No Trend): 0.745507 | LR: 6.68e-05
Epoch [62/100] | Total Loss: 0.7656 | Aux Loss: 0.1535 | Train Mixed Loss: 0.6121 (Base: 0.2319, Trend: 0.1409, DTW: 0.0791, TopK: 0.3996) | Val Mixed Loss (No Trend): 0.7505 (Base: 0.2876, DTW: 0.1338, TopK: 0.4726) | EMA Val Loss (No Trend): 0.746761 | LR: 6.39e-05
Epoch [63/100] | Total Loss: 0.7658 | Aux Loss: 0.1533 | Train Mixed Loss: 0.6126 (Base: 0.2310, Trend: 0.1413, DTW: 0.0790, TopK: 0.4047) | Val Mixed Loss (No Trend): 0.7388 (Base: 0.2792, DTW: 0.1306, TopK: 0.4871) | EMA Val Loss (No Trend): 0.744779 | LR: 6.10e-05
Epoch [64/100] | Total Loss: 0.7706 | Aux Loss: 0.1546 | Train Mixed Loss: 0.6160 (Base: 0.2325, Trend: 0.1427, DTW: 0.0795, TopK: 0.4050) | Val Mixed Loss (No Trend): 0.7433 (Base: 0.2827, DTW: 0.1313, TopK: 0.4847) | EMA Val Loss (No Trend): 0.744406 | LR: 5.81e-05
Epoch [65/100] | Total Loss: 0.7624 | Aux Loss: 0.1552 | Train Mixed Loss: 0.6072 (Base: 0.2311, Trend: 0.1417, DTW: 0.0776, TopK: 0.3968) | Val Mixed Loss (No Trend): 0.7434 (Base: 0.2840, DTW: 0.1312, TopK: 0.4820) | EMA Val Loss (No Trend): 0.744151 | LR: 5.53e-05
Epoch [66/100] | Total Loss: 0.7539 | Aux Loss: 0.1538 | Train Mixed Loss: 0.6001 (Base: 0.2286, Trend: 0.1412, DTW: 0.0761, TopK: 0.3943) | Val Mixed Loss (No Trend): 0.7358 (Base: 0.2832, DTW: 0.1305, TopK: 0.4649) | EMA Val Loss (No Trend): 0.742072 | LR: 5.26e-05
Epoch [67/100] | Total Loss: 0.7535 | Aux Loss: 0.1519 | Train Mixed Loss: 0.6016 (Base: 0.2286, Trend: 0.1407, DTW: 0.0765, TopK: 0.3969) | Val Mixed Loss (No Trend): 0.7431 (Base: 0.2828, DTW: 0.1315, TopK: 0.4826) | EMA Val Loss (No Trend): 0.742338 | LR: 4.99e-05
Epoch [68/100] | Total Loss: 0.7515 | Aux Loss: 0.1522 | Train Mixed Loss: 0.5993 (Base: 0.2280, Trend: 0.1409, DTW: 0.0761, TopK: 0.3940) | Val Mixed Loss (No Trend): 0.7448 (Base: 0.2828, DTW: 0.1318, TopK: 0.4860) | EMA Val Loss (No Trend): 0.742952 | LR: 4.72e-05
Epoch [69/100] | Total Loss: 0.7494 | Aux Loss: 0.1525 | Train Mixed Loss: 0.5969 (Base: 0.2275, Trend: 0.1409, DTW: 0.0757, TopK: 0.3912) | Val Mixed Loss (No Trend): 0.7542 (Base: 0.2875, DTW: 0.1354, TopK: 0.4720) | EMA Val Loss (No Trend): 0.745759 | LR: 4.46e-05
Epoch [70/100] | Total Loss: 0.7473 | Aux Loss: 0.1525 | Train Mixed Loss: 0.5948 (Base: 0.2264, Trend: 0.1409, DTW: 0.0754, TopK: 0.3900) | Val Mixed Loss (No Trend): 0.7387 (Base: 0.2840, DTW: 0.1298, TopK: 0.4773) | EMA Val Loss (No Trend): 0.743993 | LR: 4.20e-05
Epoch [71/100] | Total Loss: 0.7467 | Aux Loss: 0.1536 | Train Mixed Loss: 0.5931 (Base: 0.2263, Trend: 0.1416, DTW: 0.0747, TopK: 0.3885) | Val Mixed Loss (No Trend): 0.7521 (Base: 0.2870, DTW: 0.1347, TopK: 0.4724) | EMA Val Loss (No Trend): 0.746013 | LR: 3.95e-05
Epoch [72/100] | Total Loss: 0.7416 | Aux Loss: 0.1512 | Train Mixed Loss: 0.5903 (Base: 0.2252, Trend: 0.1407, DTW: 0.0743, TopK: 0.3881) | Val Mixed Loss (No Trend): 0.7627 (Base: 0.2897, DTW: 0.1361, TopK: 0.4873) | EMA Val Loss (No Trend): 0.750175 | LR: 3.71e-05
Epoch [73/100] | Total Loss: 0.7402 | Aux Loss: 0.1523 | Train Mixed Loss: 0.5879 (Base: 0.2238, Trend: 0.1411, DTW: 0.0739, TopK: 0.3873) | Val Mixed Loss (No Trend): 0.7440 (Base: 0.2836, DTW: 0.1323, TopK: 0.4762) | EMA Val Loss (No Trend): 0.748635 | LR: 3.47e-05
Epoch [74/100] | Total Loss: 0.7449 | Aux Loss: 0.1528 | Train Mixed Loss: 0.5921 (Base: 0.2261, Trend: 0.1413, DTW: 0.0743, TopK: 0.3898) | Val Mixed Loss (No Trend): 0.7491 (Base: 0.2897, DTW: 0.1327, TopK: 0.4701) | EMA Val Loss (No Trend): 0.748749 | LR: 3.24e-05
Epoch [75/100] | Total Loss: 0.7464 | Aux Loss: 0.1536 | Train Mixed Loss: 0.5927 (Base: 0.2260, Trend: 0.1417, DTW: 0.0745, TopK: 0.3907) | Val Mixed Loss (No Trend): 0.7396 (Base: 0.2834, DTW: 0.1300, TopK: 0.4810) | EMA Val Loss (No Trend): 0.746467 | LR: 3.01e-05
Epoch [76/100] | Total Loss: 0.7398 | Aux Loss: 0.1545 | Train Mixed Loss: 0.5852 (Base: 0.2240, Trend: 0.1416, DTW: 0.0727, TopK: 0.3862) | Val Mixed Loss (No Trend): 0.7410 (Base: 0.2832, DTW: 0.1312, TopK: 0.4762) | EMA Val Loss (No Trend): 0.745097 | LR: 2.80e-05
Epoch [77/100] | Total Loss: 0.7322 | Aux Loss: 0.1508 | Train Mixed Loss: 0.5814 (Base: 0.2223, Trend: 0.1399, DTW: 0.0725, TopK: 0.3835) | Val Mixed Loss (No Trend): 0.7475 (Base: 0.2876, DTW: 0.1333, TopK: 0.4664) | EMA Val Loss (No Trend): 0.745686 | LR: 2.59e-05
Epoch [78/100] | Total Loss: 0.7303 | Aux Loss: 0.1518 | Train Mixed Loss: 0.5785 (Base: 0.2217, Trend: 0.1410, DTW: 0.0716, TopK: 0.3815) | Val Mixed Loss (No Trend): 0.7505 (Base: 0.2874, DTW: 0.1332, TopK: 0.4781) | EMA Val Loss (No Trend): 0.746880 | LR: 2.38e-05
Epoch [79/100] | Total Loss: 0.7343 | Aux Loss: 0.1512 | Train Mixed Loss: 0.5831 (Base: 0.2230, Trend: 0.1407, DTW: 0.0727, TopK: 0.3842) | Val Mixed Loss (No Trend): 0.7501 (Base: 0.2863, DTW: 0.1339, TopK: 0.4747) | EMA Val Loss (No Trend): 0.747674 | LR: 2.19e-05
Epoch [80/100] | Total Loss: 0.7328 | Aux Loss: 0.1529 | Train Mixed Loss: 0.5799 (Base: 0.2227, Trend: 0.1418, DTW: 0.0716, TopK: 0.3814) | Val Mixed Loss (No Trend): 0.7571 (Base: 0.2856, DTW: 0.1345, TopK: 0.4954) | EMA Val Loss (No Trend): 0.750032 | LR: 2.00e-05
Epoch [81/100] | Total Loss: 0.7272 | Aux Loss: 0.1519 | Train Mixed Loss: 0.5752 (Base: 0.2203, Trend: 0.1407, DTW: 0.0711, TopK: 0.3799) | Val Mixed Loss (No Trend): 0.7587 (Base: 0.2910, DTW: 0.1359, TopK: 0.4723) | EMA Val Loss (No Trend): 0.752202 | LR: 1.82e-05
Epoch [82/100] | Total Loss: 0.7319 | Aux Loss: 0.1522 | Train Mixed Loss: 0.5798 (Base: 0.2221, Trend: 0.1413, DTW: 0.0720, TopK: 0.3808) | Val Mixed Loss (No Trend): 0.7462 (Base: 0.2840, DTW: 0.1323, TopK: 0.4822) | EMA Val Loss (No Trend): 0.750695 | LR: 1.65e-05
Epoch [83/100] | Total Loss: 0.7213 | Aux Loss: 0.1527 | Train Mixed Loss: 0.5686 (Base: 0.2187, Trend: 0.1396, DTW: 0.0697, TopK: 0.3757) | Val Mixed Loss (No Trend): 0.7558 (Base: 0.2887, DTW: 0.1343, TopK: 0.4829) | EMA Val Loss (No Trend): 0.751975 | LR: 1.49e-05
Epoch [84/100] | Total Loss: 0.7275 | Aux Loss: 0.1518 | Train Mixed Loss: 0.5758 (Base: 0.2203, Trend: 0.1410, DTW: 0.0713, TopK: 0.3793) | Val Mixed Loss (No Trend): 0.7460 (Base: 0.2856, DTW: 0.1321, TopK: 0.4776) | EMA Val Loss (No Trend): 0.750493 | LR: 1.33e-05
Epoch [85/100] | Total Loss: 0.7216 | Aux Loss: 0.1517 | Train Mixed Loss: 0.5699 (Base: 0.2186, Trend: 0.1401, DTW: 0.0700, TopK: 0.3773) | Val Mixed Loss (No Trend): 0.7358 (Base: 0.2820, DTW: 0.1299, TopK: 0.4737) | EMA Val Loss (No Trend): 0.746829 | LR: 1.18e-05
Epoch [86/100] | Total Loss: 0.7241 | Aux Loss: 0.1516 | Train Mixed Loss: 0.5725 (Base: 0.2199, Trend: 0.1408, DTW: 0.0704, TopK: 0.3775) | Val Mixed Loss (No Trend): 0.7510 (Base: 0.2850, DTW: 0.1343, TopK: 0.4792) | EMA Val Loss (No Trend): 0.747865 | LR: 1.05e-05
Epoch [87/100] | Total Loss: 0.7255 | Aux Loss: 0.1515 | Train Mixed Loss: 0.5740 (Base: 0.2204, Trend: 0.1416, DTW: 0.0707, TopK: 0.3772) | Val Mixed Loss (No Trend): 0.7551 (Base: 0.2861, DTW: 0.1348, TopK: 0.4847) | EMA Val Loss (No Trend): 0.749664 | LR: 9.18e-06
Epoch [88/100] | Total Loss: 0.7212 | Aux Loss: 0.1526 | Train Mixed Loss: 0.5686 (Base: 0.2186, Trend: 0.1403, DTW: 0.0696, TopK: 0.3762) | Val Mixed Loss (No Trend): 0.7470 (Base: 0.2839, DTW: 0.1324, TopK: 0.4842) | EMA Val Loss (No Trend): 0.749007 | LR: 7.99e-06
Epoch [89/100] | Total Loss: 0.7199 | Aux Loss: 0.1507 | Train Mixed Loss: 0.5692 (Base: 0.2185, Trend: 0.1402, DTW: 0.0698, TopK: 0.3765) | Val Mixed Loss (No Trend): 0.7466 (Base: 0.2860, DTW: 0.1331, TopK: 0.4710) | EMA Val Loss (No Trend): 0.748415 | LR: 6.88e-06
Epoch [90/100] | Total Loss: 0.7141 | Aux Loss: 0.1505 | Train Mixed Loss: 0.5636 (Base: 0.2169, Trend: 0.1399, DTW: 0.0687, TopK: 0.3731) | Val Mixed Loss (No Trend): 0.7446 (Base: 0.2839, DTW: 0.1321, TopK: 0.4792) | EMA Val Loss (No Trend): 0.747470 | LR: 5.87e-06
Epoch [91/100] | Total Loss: 0.7157 | Aux Loss: 0.1513 | Train Mixed Loss: 0.5643 (Base: 0.2176, Trend: 0.1401, DTW: 0.0687, TopK: 0.3727) | Val Mixed Loss (No Trend): 0.7418 (Base: 0.2848, DTW: 0.1306, TopK: 0.4780) | EMA Val Loss (No Trend): 0.746045 | LR: 4.95e-06
Epoch [92/100] | Total Loss: 0.7178 | Aux Loss: 0.1508 | Train Mixed Loss: 0.5670 (Base: 0.2176, Trend: 0.1405, DTW: 0.0695, TopK: 0.3747) | Val Mixed Loss (No Trend): 0.7461 (Base: 0.2852, DTW: 0.1325, TopK: 0.4767) | EMA Val Loss (No Trend): 0.746066 | LR: 4.13e-06
Epoch [93/100] | Total Loss: 0.7170 | Aux Loss: 0.1514 | Train Mixed Loss: 0.5656 (Base: 0.2178, Trend: 0.1410, DTW: 0.0689, TopK: 0.3728) | Val Mixed Loss (No Trend): 0.7531 (Base: 0.2874, DTW: 0.1344, TopK: 0.4768) | EMA Val Loss (No Trend): 0.747813 | LR: 3.40e-06
Epoch [94/100] | Total Loss: 0.7149 | Aux Loss: 0.1509 | Train Mixed Loss: 0.5640 (Base: 0.2166, Trend: 0.1401, DTW: 0.0690, TopK: 0.3722) | Val Mixed Loss (No Trend): 0.7587 (Base: 0.2891, DTW: 0.1351, TopK: 0.4845) | EMA Val Loss (No Trend): 0.750545 | LR: 2.76e-06
Epoch [95/100] | Total Loss: 0.7116 | Aux Loss: 0.1497 | Train Mixed Loss: 0.5620 (Base: 0.2165, Trend: 0.1403, DTW: 0.0682, TopK: 0.3721) | Val Mixed Loss (No Trend): 0.7426 (Base: 0.2847, DTW: 0.1317, TopK: 0.4725) | EMA Val Loss (No Trend): 0.748557 | LR: 2.23e-06
Epoch [96/100] | Total Loss: 0.7114 | Aux Loss: 0.1492 | Train Mixed Loss: 0.5622 (Base: 0.2162, Trend: 0.1399, DTW: 0.0684, TopK: 0.3732) | Val Mixed Loss (No Trend): 0.7532 (Base: 0.2882, DTW: 0.1344, TopK: 0.4745) | EMA Val Loss (No Trend): 0.749714 | LR: 1.78e-06
Epoch [97/100] | Total Loss: 0.7170 | Aux Loss: 0.1516 | Train Mixed Loss: 0.5654 (Base: 0.2172, Trend: 0.1400, DTW: 0.0690, TopK: 0.3750) | Val Mixed Loss (No Trend): 0.7567 (Base: 0.2889, DTW: 0.1352, TopK: 0.4778) | EMA Val Loss (No Trend): 0.751468 | LR: 1.44e-06
Epoch [98/100] | Total Loss: 0.7133 | Aux Loss: 0.1511 | Train Mixed Loss: 0.5622 (Base: 0.2167, Trend: 0.1399, DTW: 0.0684, TopK: 0.3714) | Val Mixed Loss (No Trend): 0.7477 (Base: 0.2864, DTW: 0.1330, TopK: 0.4739) | EMA Val Loss (No Trend): 0.750535 | LR: 1.20e-06
Epoch [99/100] | Total Loss: 0.7184 | Aux Loss: 0.1513 | Train Mixed Loss: 0.5670 (Base: 0.2182, Trend: 0.1408, DTW: 0.0695, TopK: 0.3722) | Val Mixed Loss (No Trend): 0.7513 (Base: 0.2862, DTW: 0.1333, TopK: 0.4841) | EMA Val Loss (No Trend): 0.750720 | LR: 1.05e-06
Epoch [100/100] | Total Loss: 0.7141 | Aux Loss: 0.1515 | Train Mixed Loss: 0.5626 (Base: 0.2161, Trend: 0.1396, DTW: 0.0686, TopK: 0.3734) | Val Mixed Loss (No Trend): 0.7506 (Base: 0.2877, DTW: 0.1338, TopK: 0.4727) | EMA Val Loss (No Trend): 0.750682 | LR: 2.00e-04
