Starting Transformer experiment with seed 1 in /root/autodl-tmp/parallel_runs/worker_1_seed_1
Device: cuda
Data shape: (1029, 35040, 10)
Max PM2.5 value: 32768.0
Abnormal points (>1000): 636
Loaded cache: /root/autodl-tmp/parallel_runs/worker_1_seed_1/dataset_cache_train_2y_T144_P48_seed_1.pt (Eligible stations: 1029/1029)
Loaded cache: /root/autodl-tmp/parallel_runs/worker_1_seed_1/dataset_cache_val_1y_T144_P48_seed_1.pt (Eligible stations: 1029/1029)
Total trainable parameters: 4,367,617
Epoch [1/100] | Train Loss: 1.1190 (Base: 0.3560, Trend: 0.1970, DTW: 0.1999, TopK: 0.6158) | Val Loss: 1.073250 (Base: 0.3639, DTW: 0.2047, TopK: 0.7271) | EMA No-Trend Loss: 1.073250 | LR: 2.00e-04
Epoch [2/100] | Train Loss: 1.0354 (Base: 0.3420, Trend: 0.1753, DTW: 0.1768, TopK: 0.6046) | Val Loss: 0.876519 (Base: 0.3196, DTW: 0.1633, TopK: 0.5497) | EMA No-Trend Loss: 1.024067 | LR: 2.00e-04
Epoch [3/100] | Train Loss: 0.9975 (Base: 0.3349, Trend: 0.1762, DTW: 0.1651, TopK: 0.5943) | Val Loss: 0.870332 (Base: 0.3325, DTW: 0.1616, TopK: 0.4998) | EMA No-Trend Loss: 0.985633 | LR: 2.00e-04
Epoch [4/100] | Train Loss: 0.9800 (Base: 0.3314, Trend: 0.1760, DTW: 0.1595, TopK: 0.5925) | Val Loss: 0.820630 (Base: 0.3019, DTW: 0.1489, TopK: 0.5376) | EMA No-Trend Loss: 0.944383 | LR: 1.99e-04
Epoch [5/100] | Train Loss: 0.9663 (Base: 0.3281, Trend: 0.1750, DTW: 0.1562, TopK: 0.5857) | Val Loss: 0.813216 (Base: 0.3034, DTW: 0.1446, TopK: 0.5426) | EMA No-Trend Loss: 0.911591 | LR: 1.99e-04
Epoch [6/100] | Train Loss: 0.9538 (Base: 0.3251, Trend: 0.1737, DTW: 0.1530, TopK: 0.5823) | Val Loss: 0.834442 (Base: 0.3154, DTW: 0.1480, TopK: 0.5460) | EMA No-Trend Loss: 0.892304 | LR: 1.98e-04
Epoch [7/100] | Train Loss: 0.9418 (Base: 0.3223, Trend: 0.1731, DTW: 0.1499, TopK: 0.5772) | Val Loss: 0.806607 (Base: 0.2970, DTW: 0.1467, TopK: 0.5249) | EMA No-Trend Loss: 0.870879 | LR: 1.98e-04
Epoch [8/100] | Train Loss: 0.9321 (Base: 0.3198, Trend: 0.1717, DTW: 0.1476, TopK: 0.5742) | Val Loss: 0.799858 (Base: 0.2965, DTW: 0.1422, TopK: 0.5406) | EMA No-Trend Loss: 0.853124 | LR: 1.97e-04
Epoch [9/100] | Train Loss: 0.9278 (Base: 0.3187, Trend: 0.1712, DTW: 0.1464, TopK: 0.5742) | Val Loss: 0.793871 (Base: 0.3041, DTW: 0.1397, TopK: 0.5150) | EMA No-Trend Loss: 0.838311 | LR: 1.96e-04
Epoch [10/100] | Train Loss: 0.9237 (Base: 0.3178, Trend: 0.1717, DTW: 0.1453, TopK: 0.5712) | Val Loss: 0.797574 (Base: 0.3029, DTW: 0.1403, TopK: 0.5265) | EMA No-Trend Loss: 0.828127 | LR: 1.95e-04
Epoch [11/100] | Train Loss: 0.9115 (Base: 0.3152, Trend: 0.1708, DTW: 0.1424, TopK: 0.5643) | Val Loss: 0.807729 (Base: 0.3096, DTW: 0.1424, TopK: 0.5215) | EMA No-Trend Loss: 0.823027 | LR: 1.94e-04
Epoch [12/100] | Train Loss: 0.9105 (Base: 0.3148, Trend: 0.1711, DTW: 0.1418, TopK: 0.5662) | Val Loss: 0.796167 (Base: 0.3025, DTW: 0.1408, TopK: 0.5189) | EMA No-Trend Loss: 0.816312 | LR: 1.93e-04
Epoch [13/100] | Train Loss: 0.9052 (Base: 0.3133, Trend: 0.1706, DTW: 0.1405, TopK: 0.5645) | Val Loss: 0.786144 (Base: 0.2984, DTW: 0.1407, TopK: 0.5001) | EMA No-Trend Loss: 0.808770 | LR: 1.92e-04
Epoch [14/100] | Train Loss: 0.8985 (Base: 0.3112, Trend: 0.1695, DTW: 0.1394, TopK: 0.5600) | Val Loss: 0.793706 (Base: 0.2988, DTW: 0.1447, TopK: 0.4926) | EMA No-Trend Loss: 0.805004 | LR: 1.91e-04
Epoch [15/100] | Train Loss: 0.8934 (Base: 0.3099, Trend: 0.1702, DTW: 0.1377, TopK: 0.5604) | Val Loss: 0.795978 (Base: 0.3041, DTW: 0.1422, TopK: 0.5015) | EMA No-Trend Loss: 0.802748 | LR: 1.89e-04
Epoch [16/100] | Train Loss: 0.8887 (Base: 0.3089, Trend: 0.1700, DTW: 0.1363, TopK: 0.5589) | Val Loss: 0.794522 (Base: 0.3071, DTW: 0.1420, TopK: 0.4890) | EMA No-Trend Loss: 0.800691 | LR: 1.88e-04
Epoch [17/100] | Train Loss: 0.8828 (Base: 0.3076, Trend: 0.1693, DTW: 0.1348, TopK: 0.5567) | Val Loss: 0.788720 (Base: 0.3016, DTW: 0.1385, TopK: 0.5154) | EMA No-Trend Loss: 0.797699 | LR: 1.86e-04
Epoch [18/100] | Train Loss: 0.8813 (Base: 0.3077, Trend: 0.1693, DTW: 0.1344, TopK: 0.5550) | Val Loss: 0.781699 (Base: 0.2951, DTW: 0.1400, TopK: 0.5024) | EMA No-Trend Loss: 0.793699 | LR: 1.85e-04
Epoch [19/100] | Train Loss: 0.8778 (Base: 0.3059, Trend: 0.1692, DTW: 0.1340, TopK: 0.5525) | Val Loss: 0.786666 (Base: 0.2982, DTW: 0.1392, TopK: 0.5148) | EMA No-Trend Loss: 0.791941 | LR: 1.83e-04
Epoch [20/100] | Train Loss: 0.8692 (Base: 0.3036, Trend: 0.1685, DTW: 0.1317, TopK: 0.5511) | Val Loss: 0.784424 (Base: 0.2953, DTW: 0.1387, TopK: 0.5208) | EMA No-Trend Loss: 0.790061 | LR: 1.81e-04
Epoch [21/100] | Train Loss: 0.8737 (Base: 0.3051, Trend: 0.1693, DTW: 0.1326, TopK: 0.5529) | Val Loss: 0.777010 (Base: 0.2860, DTW: 0.1370, TopK: 0.5404) | EMA No-Trend Loss: 0.786799 | LR: 1.79e-04
Epoch [22/100] | Train Loss: 0.8627 (Base: 0.3029, Trend: 0.1681, DTW: 0.1303, TopK: 0.5436) | Val Loss: 0.781378 (Base: 0.2932, DTW: 0.1377, TopK: 0.5259) | EMA No-Trend Loss: 0.785443 | LR: 1.77e-04
Epoch [23/100] | Train Loss: 0.8601 (Base: 0.3010, Trend: 0.1678, DTW: 0.1301, TopK: 0.5435) | Val Loss: 0.808760 (Base: 0.3099, DTW: 0.1480, TopK: 0.4783) | EMA No-Trend Loss: 0.791273 | LR: 1.75e-04
Epoch [24/100] | Train Loss: 0.8513 (Base: 0.2989, Trend: 0.1667, DTW: 0.1278, TopK: 0.5405) | Val Loss: 0.786216 (Base: 0.2942, DTW: 0.1401, TopK: 0.5196) | EMA No-Trend Loss: 0.790008 | LR: 1.73e-04
Epoch [25/100] | Train Loss: 0.8542 (Base: 0.3000, Trend: 0.1679, DTW: 0.1282, TopK: 0.5424) | Val Loss: 0.772486 (Base: 0.2886, DTW: 0.1366, TopK: 0.5200) | EMA No-Trend Loss: 0.785628 | LR: 1.71e-04
Epoch [26/100] | Train Loss: 0.8485 (Base: 0.2979, Trend: 0.1670, DTW: 0.1272, TopK: 0.5396) | Val Loss: 0.789362 (Base: 0.3006, DTW: 0.1402, TopK: 0.5078) | EMA No-Trend Loss: 0.786561 | LR: 1.69e-04
Epoch [27/100] | Train Loss: 0.8476 (Base: 0.2985, Trend: 0.1678, DTW: 0.1264, TopK: 0.5394) | Val Loss: 0.779728 (Base: 0.2960, DTW: 0.1377, TopK: 0.5107) | EMA No-Trend Loss: 0.784853 | LR: 1.66e-04
Epoch [28/100] | Train Loss: 0.8416 (Base: 0.2964, Trend: 0.1674, DTW: 0.1251, TopK: 0.5379) | Val Loss: 0.775757 (Base: 0.2915, DTW: 0.1373, TopK: 0.5155) | EMA No-Trend Loss: 0.782579 | LR: 1.64e-04
Epoch [29/100] | Train Loss: 0.8387 (Base: 0.2958, Trend: 0.1672, DTW: 0.1245, TopK: 0.5349) | Val Loss: 0.762928 (Base: 0.2869, DTW: 0.1344, TopK: 0.5112) | EMA No-Trend Loss: 0.777666 | LR: 1.61e-04
Epoch [30/100] | Train Loss: 0.8337 (Base: 0.2944, Trend: 0.1673, DTW: 0.1232, TopK: 0.5337) | Val Loss: 0.775222 (Base: 0.2967, DTW: 0.1385, TopK: 0.4871) | EMA No-Trend Loss: 0.777055 | LR: 1.59e-04
Epoch [31/100] | Train Loss: 0.8320 (Base: 0.2945, Trend: 0.1667, DTW: 0.1230, TopK: 0.5300) | Val Loss: 0.785477 (Base: 0.2989, DTW: 0.1405, TopK: 0.4980) | EMA No-Trend Loss: 0.779161 | LR: 1.56e-04
Epoch [32/100] | Train Loss: 0.8289 (Base: 0.2932, Trend: 0.1666, DTW: 0.1226, TopK: 0.5277) | Val Loss: 0.778758 (Base: 0.2969, DTW: 0.1389, TopK: 0.4947) | EMA No-Trend Loss: 0.779060 | LR: 1.54e-04
Epoch [33/100] | Train Loss: 0.8243 (Base: 0.2913, Trend: 0.1656, DTW: 0.1215, TopK: 0.5283) | Val Loss: 0.771099 (Base: 0.2901, DTW: 0.1373, TopK: 0.5049) | EMA No-Trend Loss: 0.777070 | LR: 1.51e-04
Epoch [34/100] | Train Loss: 0.8214 (Base: 0.2907, Trend: 0.1656, DTW: 0.1209, TopK: 0.5258) | Val Loss: 0.776827 (Base: 0.2933, DTW: 0.1395, TopK: 0.4954) | EMA No-Trend Loss: 0.777009 | LR: 1.48e-04
Epoch [35/100] | Train Loss: 0.8181 (Base: 0.2901, Trend: 0.1658, DTW: 0.1198, TopK: 0.5254) | Val Loss: 0.770609 (Base: 0.2922, DTW: 0.1376, TopK: 0.4934) | EMA No-Trend Loss: 0.775409 | LR: 1.46e-04
Epoch [36/100] | Train Loss: 0.8083 (Base: 0.2875, Trend: 0.1650, DTW: 0.1177, TopK: 0.5193) | Val Loss: 0.769538 (Base: 0.2883, DTW: 0.1378, TopK: 0.5022) | EMA No-Trend Loss: 0.773941 | LR: 1.43e-04
Epoch [37/100] | Train Loss: 0.8086 (Base: 0.2877, Trend: 0.1653, DTW: 0.1180, TopK: 0.5171) | Val Loss: 0.774021 (Base: 0.2945, DTW: 0.1376, TopK: 0.4974) | EMA No-Trend Loss: 0.773961 | LR: 1.40e-04
Epoch [38/100] | Train Loss: 0.8079 (Base: 0.2882, Trend: 0.1663, DTW: 0.1171, TopK: 0.5184) | Val Loss: 0.777187 (Base: 0.2946, DTW: 0.1395, TopK: 0.4928) | EMA No-Trend Loss: 0.774768 | LR: 1.37e-04
Epoch [39/100] | Train Loss: 0.8025 (Base: 0.2862, Trend: 0.1652, DTW: 0.1163, TopK: 0.5154) | Val Loss: 0.764165 (Base: 0.2894, DTW: 0.1359, TopK: 0.4957) | EMA No-Trend Loss: 0.772117 | LR: 1.34e-04
Epoch [40/100] | Train Loss: 0.8022 (Base: 0.2865, Trend: 0.1659, DTW: 0.1159, TopK: 0.5154) | Val Loss: 0.774623 (Base: 0.2958, DTW: 0.1392, TopK: 0.4822) | EMA No-Trend Loss: 0.772743 | LR: 1.31e-04
Epoch [41/100] | Train Loss: 0.7976 (Base: 0.2845, Trend: 0.1652, DTW: 0.1153, TopK: 0.5126) | Val Loss: 0.774353 (Base: 0.2890, DTW: 0.1377, TopK: 0.5162) | EMA No-Trend Loss: 0.773146 | LR: 1.28e-04
Epoch [42/100] | Train Loss: 0.7977 (Base: 0.2850, Trend: 0.1654, DTW: 0.1151, TopK: 0.5121) | Val Loss: 0.767172 (Base: 0.2847, DTW: 0.1352, TopK: 0.5264) | EMA No-Trend Loss: 0.771652 | LR: 1.25e-04
Epoch [43/100] | Train Loss: 0.7969 (Base: 0.2839, Trend: 0.1648, DTW: 0.1154, TopK: 0.5119) | Val Loss: 0.778797 (Base: 0.2944, DTW: 0.1400, TopK: 0.4948) | EMA No-Trend Loss: 0.773438 | LR: 1.22e-04
Epoch [44/100] | Train Loss: 0.7856 (Base: 0.2809, Trend: 0.1638, DTW: 0.1129, TopK: 0.5066) | Val Loss: 0.764986 (Base: 0.2881, DTW: 0.1373, TopK: 0.4913) | EMA No-Trend Loss: 0.771325 | LR: 1.19e-04
Epoch [45/100] | Train Loss: 0.7877 (Base: 0.2824, Trend: 0.1649, DTW: 0.1129, TopK: 0.5068) | Val Loss: 0.773313 (Base: 0.2918, DTW: 0.1391, TopK: 0.4925) | EMA No-Trend Loss: 0.771822 | LR: 1.16e-04
Epoch [46/100] | Train Loss: 0.7796 (Base: 0.2797, Trend: 0.1639, DTW: 0.1114, TopK: 0.5023) | Val Loss: 0.773998 (Base: 0.2906, DTW: 0.1388, TopK: 0.5012) | EMA No-Trend Loss: 0.772366 | LR: 1.13e-04
Epoch [47/100] | Train Loss: 0.7799 (Base: 0.2798, Trend: 0.1645, DTW: 0.1112, TopK: 0.5031) | Val Loss: 0.770694 (Base: 0.2917, DTW: 0.1393, TopK: 0.4827) | EMA No-Trend Loss: 0.771948 | LR: 1.10e-04
Epoch [48/100] | Train Loss: 0.7687 (Base: 0.2766, Trend: 0.1626, DTW: 0.1091, TopK: 0.4966) | Val Loss: 0.782542 (Base: 0.2978, DTW: 0.1408, TopK: 0.4896) | EMA No-Trend Loss: 0.774597 | LR: 1.07e-04
Epoch [49/100] | Train Loss: 0.7713 (Base: 0.2770, Trend: 0.1630, DTW: 0.1098, TopK: 0.4977) | Val Loss: 0.758991 (Base: 0.2838, DTW: 0.1350, TopK: 0.5035) | EMA No-Trend Loss: 0.770695 | LR: 1.04e-04
Epoch [50/100] | Train Loss: 0.7706 (Base: 0.2771, Trend: 0.1635, DTW: 0.1093, TopK: 0.4978) | Val Loss: 0.774135 (Base: 0.2933, DTW: 0.1398, TopK: 0.4844) | EMA No-Trend Loss: 0.771555 | LR: 1.00e-04
Epoch [51/100] | Train Loss: 0.7680 (Base: 0.2762, Trend: 0.1635, DTW: 0.1087, TopK: 0.4973) | Val Loss: 0.777690 (Base: 0.2956, DTW: 0.1390, TopK: 0.4951) | EMA No-Trend Loss: 0.773089 | LR: 9.74e-05
Epoch [52/100] | Train Loss: 0.7594 (Base: 0.2739, Trend: 0.1625, DTW: 0.1069, TopK: 0.4925) | Val Loss: 0.792573 (Base: 0.2988, DTW: 0.1443, TopK: 0.4914) | EMA No-Trend Loss: 0.777960 | LR: 9.43e-05
Epoch [53/100] | Train Loss: 0.7627 (Base: 0.2751, Trend: 0.1634, DTW: 0.1075, TopK: 0.4928) | Val Loss: 0.789307 (Base: 0.3010, DTW: 0.1429, TopK: 0.4841) | EMA No-Trend Loss: 0.780797 | LR: 9.11e-05
Epoch [54/100] | Train Loss: 0.7584 (Base: 0.2735, Trend: 0.1628, DTW: 0.1069, TopK: 0.4903) | Val Loss: 0.769329 (Base: 0.2868, DTW: 0.1384, TopK: 0.5014) | EMA No-Trend Loss: 0.777930 | LR: 8.80e-05
Epoch [55/100] | Train Loss: 0.7528 (Base: 0.2729, Trend: 0.1627, DTW: 0.1051, TopK: 0.4877) | Val Loss: 0.778777 (Base: 0.2911, DTW: 0.1391, TopK: 0.5125) | EMA No-Trend Loss: 0.778142 | LR: 8.49e-05
Epoch [56/100] | Train Loss: 0.7573 (Base: 0.2732, Trend: 0.1629, DTW: 0.1065, TopK: 0.4900) | Val Loss: 0.785241 (Base: 0.2988, DTW: 0.1419, TopK: 0.4864) | EMA No-Trend Loss: 0.779916 | LR: 8.19e-05
Epoch [57/100] | Train Loss: 0.7501 (Base: 0.2715, Trend: 0.1629, DTW: 0.1045, TopK: 0.4873) | Val Loss: 0.774605 (Base: 0.2910, DTW: 0.1379, TopK: 0.5087) | EMA No-Trend Loss: 0.778589 | LR: 7.88e-05
Epoch [58/100] | Train Loss: 0.7477 (Base: 0.2710, Trend: 0.1623, DTW: 0.1041, TopK: 0.4856) | Val Loss: 0.774017 (Base: 0.2913, DTW: 0.1386, TopK: 0.5000) | EMA No-Trend Loss: 0.777446 | LR: 7.58e-05
Epoch [59/100] | Train Loss: 0.7411 (Base: 0.2686, Trend: 0.1616, DTW: 0.1031, TopK: 0.4808) | Val Loss: 0.784270 (Base: 0.2929, DTW: 0.1425, TopK: 0.4975) | EMA No-Trend Loss: 0.779152 | LR: 7.27e-05
Epoch [60/100] | Train Loss: 0.7456 (Base: 0.2701, Trend: 0.1629, DTW: 0.1035, TopK: 0.4856) | Val Loss: 0.789783 (Base: 0.2993, DTW: 0.1442, TopK: 0.4811) | EMA No-Trend Loss: 0.781809 | LR: 6.98e-05
Epoch [61/100] | Train Loss: 0.7428 (Base: 0.2695, Trend: 0.1631, DTW: 0.1028, TopK: 0.4836) | Val Loss: 0.773709 (Base: 0.2905, DTW: 0.1389, TopK: 0.4998) | EMA No-Trend Loss: 0.779784 | LR: 6.68e-05
Epoch [62/100] | Train Loss: 0.7378 (Base: 0.2679, Trend: 0.1622, DTW: 0.1019, TopK: 0.4809) | Val Loss: 0.775500 (Base: 0.2927, DTW: 0.1400, TopK: 0.4896) | EMA No-Trend Loss: 0.778713 | LR: 6.39e-05
Epoch [63/100] | Train Loss: 0.7354 (Base: 0.2667, Trend: 0.1621, DTW: 0.1016, TopK: 0.4795) | Val Loss: 0.778949 (Base: 0.2941, DTW: 0.1409, TopK: 0.4890) | EMA No-Trend Loss: 0.778772 | LR: 6.10e-05
Epoch [64/100] | Train Loss: 0.7340 (Base: 0.2669, Trend: 0.1618, DTW: 0.1012, TopK: 0.4781) | Val Loss: 0.781580 (Base: 0.2944, DTW: 0.1405, TopK: 0.4998) | EMA No-Trend Loss: 0.779474 | LR: 5.81e-05
Epoch [65/100] | Train Loss: 0.7271 (Base: 0.2654, Trend: 0.1612, DTW: 0.0995, TopK: 0.4745) | Val Loss: 0.780437 (Base: 0.2949, DTW: 0.1411, TopK: 0.4896) | EMA No-Trend Loss: 0.779715 | LR: 5.53e-05
Epoch [66/100] | Train Loss: 0.7263 (Base: 0.2646, Trend: 0.1616, DTW: 0.0994, TopK: 0.4747) | Val Loss: 0.788050 (Base: 0.2996, DTW: 0.1442, TopK: 0.4749) | EMA No-Trend Loss: 0.781799 | LR: 5.26e-05
Epoch [67/100] | Train Loss: 0.7256 (Base: 0.2644, Trend: 0.1616, DTW: 0.0992, TopK: 0.4741) | Val Loss: 0.779008 (Base: 0.2931, DTW: 0.1413, TopK: 0.4890) | EMA No-Trend Loss: 0.781101 | LR: 4.99e-05
Epoch [68/100] | Train Loss: 0.7211 (Base: 0.2628, Trend: 0.1608, DTW: 0.0988, TopK: 0.4696) | Val Loss: 0.782934 (Base: 0.2955, DTW: 0.1420, TopK: 0.4884) | EMA No-Trend Loss: 0.781559 | LR: 4.72e-05
Epoch [69/100] | Train Loss: 0.7198 (Base: 0.2627, Trend: 0.1609, DTW: 0.0982, TopK: 0.4701) | Val Loss: 0.779023 (Base: 0.2907, DTW: 0.1413, TopK: 0.4975) | EMA No-Trend Loss: 0.780925 | LR: 4.46e-05
Epoch [70/100] | Train Loss: 0.7183 (Base: 0.2623, Trend: 0.1614, DTW: 0.0975, TopK: 0.4706) | Val Loss: 0.780540 (Base: 0.2953, DTW: 0.1416, TopK: 0.4846) | EMA No-Trend Loss: 0.780829 | LR: 4.20e-05
Epoch [71/100] | Train Loss: 0.7192 (Base: 0.2629, Trend: 0.1617, DTW: 0.0978, TopK: 0.4691) | Val Loss: 0.788468 (Base: 0.2956, DTW: 0.1437, TopK: 0.4932) | EMA No-Trend Loss: 0.782739 | LR: 3.95e-05
Epoch [72/100] | Train Loss: 0.7157 (Base: 0.2614, Trend: 0.1613, DTW: 0.0969, TopK: 0.4704) | Val Loss: 0.778646 (Base: 0.2920, DTW: 0.1407, TopK: 0.4967) | EMA No-Trend Loss: 0.781715 | LR: 3.71e-05
Epoch [73/100] | Train Loss: 0.7145 (Base: 0.2613, Trend: 0.1613, DTW: 0.0970, TopK: 0.4659) | Val Loss: 0.780729 (Base: 0.2935, DTW: 0.1413, TopK: 0.4935) | EMA No-Trend Loss: 0.781469 | LR: 3.47e-05
Epoch [74/100] | Train Loss: 0.7136 (Base: 0.2609, Trend: 0.1609, DTW: 0.0967, TopK: 0.4668) | Val Loss: 0.785710 (Base: 0.2954, DTW: 0.1430, TopK: 0.4903) | EMA No-Trend Loss: 0.782529 | LR: 3.24e-05
Epoch [75/100] | Train Loss: 0.7087 (Base: 0.2595, Trend: 0.1610, DTW: 0.0955, TopK: 0.4657) | Val Loss: 0.781310 (Base: 0.2912, DTW: 0.1415, TopK: 0.5013) | EMA No-Trend Loss: 0.782224 | LR: 3.01e-05
Epoch [76/100] | Train Loss: 0.7078 (Base: 0.2595, Trend: 0.1605, DTW: 0.0955, TopK: 0.4632) | Val Loss: 0.769144 (Base: 0.2900, DTW: 0.1386, TopK: 0.4887) | EMA No-Trend Loss: 0.778954 | LR: 2.80e-05
Epoch [77/100] | Train Loss: 0.7075 (Base: 0.2590, Trend: 0.1608, DTW: 0.0954, TopK: 0.4636) | Val Loss: 0.784478 (Base: 0.2959, DTW: 0.1426, TopK: 0.4880) | EMA No-Trend Loss: 0.780335 | LR: 2.59e-05
Epoch [78/100] | Train Loss: 0.7074 (Base: 0.2591, Trend: 0.1609, DTW: 0.0953, TopK: 0.4635) | Val Loss: 0.773182 (Base: 0.2922, DTW: 0.1392, TopK: 0.4896) | EMA No-Trend Loss: 0.778547 | LR: 2.38e-05
Epoch [79/100] | Train Loss: 0.7028 (Base: 0.2578, Trend: 0.1607, DTW: 0.0943, TopK: 0.4609) | Val Loss: 0.782708 (Base: 0.2960, DTW: 0.1418, TopK: 0.4883) | EMA No-Trend Loss: 0.779587 | LR: 2.19e-05
Epoch [80/100] | Train Loss: 0.6992 (Base: 0.2569, Trend: 0.1602, DTW: 0.0937, TopK: 0.4576) | Val Loss: 0.783212 (Base: 0.2945, DTW: 0.1423, TopK: 0.4904) | EMA No-Trend Loss: 0.780493 | LR: 2.00e-05
Epoch [81/100] | Train Loss: 0.7013 (Base: 0.2575, Trend: 0.1608, DTW: 0.0942, TopK: 0.4582) | Val Loss: 0.789941 (Base: 0.2971, DTW: 0.1442, TopK: 0.4890) | EMA No-Trend Loss: 0.782855 | LR: 1.82e-05
Epoch [82/100] | Train Loss: 0.6975 (Base: 0.2565, Trend: 0.1601, DTW: 0.0932, TopK: 0.4571) | Val Loss: 0.783373 (Base: 0.2939, DTW: 0.1429, TopK: 0.4883) | EMA No-Trend Loss: 0.782985 | LR: 1.65e-05
Epoch [83/100] | Train Loss: 0.7003 (Base: 0.2577, Trend: 0.1609, DTW: 0.0937, TopK: 0.4577) | Val Loss: 0.780454 (Base: 0.2929, DTW: 0.1415, TopK: 0.4933) | EMA No-Trend Loss: 0.782352 | LR: 1.49e-05
Epoch [84/100] | Train Loss: 0.6951 (Base: 0.2559, Trend: 0.1602, DTW: 0.0926, TopK: 0.4560) | Val Loss: 0.789285 (Base: 0.2965, DTW: 0.1434, TopK: 0.4958) | EMA No-Trend Loss: 0.784085 | LR: 1.33e-05
Epoch [85/100] | Train Loss: 0.6946 (Base: 0.2557, Trend: 0.1603, DTW: 0.0924, TopK: 0.4571) | Val Loss: 0.779206 (Base: 0.2917, DTW: 0.1420, TopK: 0.4891) | EMA No-Trend Loss: 0.782865 | LR: 1.18e-05
Epoch [86/100] | Train Loss: 0.6959 (Base: 0.2562, Trend: 0.1605, DTW: 0.0927, TopK: 0.4563) | Val Loss: 0.786491 (Base: 0.2947, DTW: 0.1437, TopK: 0.4897) | EMA No-Trend Loss: 0.783772 | LR: 1.05e-05
Epoch [87/100] | Train Loss: 0.6944 (Base: 0.2553, Trend: 0.1605, DTW: 0.0926, TopK: 0.4554) | Val Loss: 0.784677 (Base: 0.2966, DTW: 0.1429, TopK: 0.4837) | EMA No-Trend Loss: 0.783998 | LR: 9.18e-06
Epoch [88/100] | Train Loss: 0.6958 (Base: 0.2559, Trend: 0.1607, DTW: 0.0927, TopK: 0.4565) | Val Loss: 0.781823 (Base: 0.2951, DTW: 0.1427, TopK: 0.4810) | EMA No-Trend Loss: 0.783454 | LR: 7.99e-06
Epoch [89/100] | Train Loss: 0.6982 (Base: 0.2571, Trend: 0.1613, DTW: 0.0930, TopK: 0.4572) | Val Loss: 0.787732 (Base: 0.2951, DTW: 0.1438, TopK: 0.4915) | EMA No-Trend Loss: 0.784524 | LR: 6.88e-06
Epoch [90/100] | Train Loss: 0.6913 (Base: 0.2547, Trend: 0.1602, DTW: 0.0919, TopK: 0.4534) | Val Loss: 0.790763 (Base: 0.2978, DTW: 0.1441, TopK: 0.4905) | EMA No-Trend Loss: 0.786084 | LR: 5.87e-06
Epoch [91/100] | Train Loss: 0.6938 (Base: 0.2555, Trend: 0.1607, DTW: 0.0922, TopK: 0.4551) | Val Loss: 0.789478 (Base: 0.2971, DTW: 0.1440, TopK: 0.4894) | EMA No-Trend Loss: 0.786932 | LR: 4.95e-06
Epoch [92/100] | Train Loss: 0.6935 (Base: 0.2555, Trend: 0.1608, DTW: 0.0922, TopK: 0.4544) | Val Loss: 0.784252 (Base: 0.2949, DTW: 0.1434, TopK: 0.4836) | EMA No-Trend Loss: 0.786262 | LR: 4.13e-06
Epoch [93/100] | Train Loss: 0.6858 (Base: 0.2534, Trend: 0.1597, DTW: 0.0908, TopK: 0.4489) | Val Loss: 0.783164 (Base: 0.2946, DTW: 0.1423, TopK: 0.4902) | EMA No-Trend Loss: 0.785488 | LR: 3.40e-06
Epoch [94/100] | Train Loss: 0.6911 (Base: 0.2546, Trend: 0.1607, DTW: 0.0917, TopK: 0.4536) | Val Loss: 0.784421 (Base: 0.2947, DTW: 0.1431, TopK: 0.4872) | EMA No-Trend Loss: 0.785221 | LR: 2.76e-06
Epoch [95/100] | Train Loss: 0.6895 (Base: 0.2537, Trend: 0.1599, DTW: 0.0915, TopK: 0.4536) | Val Loss: 0.790185 (Base: 0.2958, DTW: 0.1443, TopK: 0.4934) | EMA No-Trend Loss: 0.786462 | LR: 2.23e-06
Epoch [96/100] | Train Loss: 0.6866 (Base: 0.2535, Trend: 0.1600, DTW: 0.0909, TopK: 0.4502) | Val Loss: 0.790021 (Base: 0.2981, DTW: 0.1446, TopK: 0.4833) | EMA No-Trend Loss: 0.787352 | LR: 1.78e-06
Epoch [97/100] | Train Loss: 0.6863 (Base: 0.2532, Trend: 0.1597, DTW: 0.0908, TopK: 0.4508) | Val Loss: 0.785508 (Base: 0.2959, DTW: 0.1429, TopK: 0.4888) | EMA No-Trend Loss: 0.786891 | LR: 1.44e-06
Epoch [98/100] | Train Loss: 0.6946 (Base: 0.2551, Trend: 0.1610, DTW: 0.0925, TopK: 0.4568) | Val Loss: 0.779822 (Base: 0.2933, DTW: 0.1418, TopK: 0.4874) | EMA No-Trend Loss: 0.785124 | LR: 1.20e-06
Epoch [99/100] | Train Loss: 0.6850 (Base: 0.2529, Trend: 0.1590, DTW: 0.0907, TopK: 0.4500) | Val Loss: 0.792572 (Base: 0.2974, DTW: 0.1447, TopK: 0.4931) | EMA No-Trend Loss: 0.786986 | LR: 1.05e-06
Epoch [100/100] | Train Loss: 0.6867 (Base: 0.2534, Trend: 0.1598, DTW: 0.0910, TopK: 0.4503) | Val Loss: 0.789825 (Base: 0.2961, DTW: 0.1437, TopK: 0.4958) | EMA No-Trend Loss: 0.787696 | LR: 1.00e-06
