Starting experiment (seed=4)
Device: cuda
Building static profile features from historical data...
Loading lightweight encoder...
Total trainable parameters: 7,381,762
Epoch [1/100] | Total Loss: 1.3499 | Aux Loss: 0.2909 | Train Mixed Loss: 1.0591 (Base: 0.3463, Trend: 0.1868, DTW: 0.1840, TopK: 0.5930) | Val Mixed Loss (No Trend): 0.8832 (Base: 0.3121, DTW: 0.1653, TopK: 0.5813) | EMA Val Loss (No Trend): 0.883191 | LR: 2.00e-04
Saved new best weights to best_model_seed4.pth (EMA validation loss without trend: 0.883191).
Epoch [2/100] | Total Loss: 1.2186 | Aux Loss: 0.2261 | Train Mixed Loss: 0.9925 (Base: 0.3319, Trend: 0.1644, DTW: 0.1684, TopK: 0.5807) | Val Mixed Loss (No Trend): 0.8961 (Base: 0.3435, DTW: 0.1693, TopK: 0.4880) | EMA Val Loss (No Trend): 0.886431 | LR: 2.00e-04
Epoch [3/100] | Total Loss: 1.1934 | Aux Loss: 0.2145 | Train Mixed Loss: 0.9789 (Base: 0.3302, Trend: 0.1658, DTW: 0.1630, TopK: 0.5817) | Val Mixed Loss (No Trend): 0.8110 (Base: 0.2992, DTW: 0.1467, TopK: 0.5323) | EMA Val Loss (No Trend): 0.867576 | LR: 2.00e-04
Saved new best weights to best_model_seed4.pth (EMA validation loss without trend: 0.867576).
Epoch [4/100] | Total Loss: 1.1645 | Aux Loss: 0.2081 | Train Mixed Loss: 0.9564 (Base: 0.3243, Trend: 0.1638, DTW: 0.1579, TopK: 0.5710) | Val Mixed Loss (No Trend): 0.7983 (Base: 0.3006, DTW: 0.1406, TopK: 0.5340) | EMA Val Loss (No Trend): 0.850266 | LR: 1.99e-04
Saved new best weights to best_model_seed4.pth (EMA validation loss without trend: 0.850266).
Epoch [5/100] | Total Loss: 1.1306 | Aux Loss: 0.2025 | Train Mixed Loss: 0.9281 (Base: 0.3169, Trend: 0.1618, DTW: 0.1507, TopK: 0.5623) | Val Mixed Loss (No Trend): 0.8314 (Base: 0.3122, DTW: 0.1559, TopK: 0.4840) | EMA Val Loss (No Trend): 0.845551 | LR: 1.99e-04
Saved new best weights to best_model_seed4.pth (EMA validation loss without trend: 0.845551).
Epoch [6/100] | Total Loss: 1.1247 | Aux Loss: 0.2001 | Train Mixed Loss: 0.9246 (Base: 0.3160, Trend: 0.1610, DTW: 0.1502, TopK: 0.5587) | Val Mixed Loss (No Trend): 0.7940 (Base: 0.2979, DTW: 0.1431, TopK: 0.5087) | EMA Val Loss (No Trend): 0.832664 | LR: 1.98e-04
Saved new best weights to best_model_seed4.pth (EMA validation loss without trend: 0.832664).
Epoch [7/100] | Total Loss: 1.1125 | Aux Loss: 0.1970 | Train Mixed Loss: 0.9154 (Base: 0.3149, Trend: 0.1620, DTW: 0.1470, TopK: 0.5557) | Val Mixed Loss (No Trend): 0.8020 (Base: 0.3074, DTW: 0.1446, TopK: 0.4920) | EMA Val Loss (No Trend): 0.825005 | LR: 1.98e-04
Saved new best weights to best_model_seed4.pth (EMA validation loss without trend: 0.825005).
Epoch [8/100] | Total Loss: 1.1073 | Aux Loss: 0.1955 | Train Mixed Loss: 0.9118 (Base: 0.3140, Trend: 0.1622, DTW: 0.1463, TopK: 0.5523) | Val Mixed Loss (No Trend): 0.7890 (Base: 0.2951, DTW: 0.1423, TopK: 0.5080) | EMA Val Loss (No Trend): 0.816005 | LR: 1.97e-04
Saved new best weights to best_model_seed4.pth (EMA validation loss without trend: 0.816005).
Epoch [9/100] | Total Loss: 1.0970 | Aux Loss: 0.1962 | Train Mixed Loss: 0.9008 (Base: 0.3109, Trend: 0.1616, DTW: 0.1432, TopK: 0.5513) | Val Mixed Loss (No Trend): 0.8049 (Base: 0.3119, DTW: 0.1466, TopK: 0.4707) | EMA Val Loss (No Trend): 0.813238 | LR: 1.96e-04
Saved new best weights to best_model_seed4.pth (EMA validation loss without trend: 0.813238).
Epoch [10/100] | Total Loss: 1.0874 | Aux Loss: 0.1921 | Train Mixed Loss: 0.8953 (Base: 0.3101, Trend: 0.1612, DTW: 0.1419, TopK: 0.5467) | Val Mixed Loss (No Trend): 0.7770 (Base: 0.2971, DTW: 0.1393, TopK: 0.4857) | EMA Val Loss (No Trend): 0.804181 | LR: 1.95e-04
Saved new best weights to best_model_seed4.pth (EMA validation loss without trend: 0.804181).
Epoch [11/100] | Total Loss: 1.0793 | Aux Loss: 0.1910 | Train Mixed Loss: 0.8883 (Base: 0.3089, Trend: 0.1606, DTW: 0.1397, TopK: 0.5460) | Val Mixed Loss (No Trend): 0.7693 (Base: 0.2906, DTW: 0.1359, TopK: 0.5087) | EMA Val Loss (No Trend): 0.795467 | LR: 1.94e-04
Saved new best weights to best_model_seed4.pth (EMA validation loss without trend: 0.795467).
Epoch [12/100] | Total Loss: 1.0680 | Aux Loss: 0.1899 | Train Mixed Loss: 0.8782 (Base: 0.3065, Trend: 0.1596, DTW: 0.1376, TopK: 0.5387) | Val Mixed Loss (No Trend): 0.7658 (Base: 0.2864, DTW: 0.1330, TopK: 0.5343) | EMA Val Loss (No Trend): 0.788056 | LR: 1.93e-04
Saved new best weights to best_model_seed4.pth (EMA validation loss without trend: 0.788056).
Epoch [13/100] | Total Loss: 1.0639 | Aux Loss: 0.1877 | Train Mixed Loss: 0.8762 (Base: 0.3056, Trend: 0.1600, DTW: 0.1369, TopK: 0.5407) | Val Mixed Loss (No Trend): 0.7430 (Base: 0.2835, DTW: 0.1307, TopK: 0.4860) | EMA Val Loss (No Trend): 0.776785 | LR: 1.92e-04
Saved new best weights to best_model_seed4.pth (EMA validation loss without trend: 0.776785).
Epoch [14/100] | Total Loss: 1.0578 | Aux Loss: 0.1869 | Train Mixed Loss: 0.8709 (Base: 0.3035, Trend: 0.1588, DTW: 0.1363, TopK: 0.5370) | Val Mixed Loss (No Trend): 0.7646 (Base: 0.2912, DTW: 0.1378, TopK: 0.4760) | EMA Val Loss (No Trend): 0.773733 | LR: 1.91e-04
Saved new best weights to best_model_seed4.pth (EMA validation loss without trend: 0.773733).
Epoch [15/100] | Total Loss: 1.0557 | Aux Loss: 0.1865 | Train Mixed Loss: 0.8692 (Base: 0.3036, Trend: 0.1590, DTW: 0.1353, TopK: 0.5380) | Val Mixed Loss (No Trend): 0.7565 (Base: 0.2871, DTW: 0.1303, TopK: 0.5223) | EMA Val Loss (No Trend): 0.769428 | LR: 1.89e-04
Saved new best weights to best_model_seed4.pth (EMA validation loss without trend: 0.769428).
Epoch [16/100] | Total Loss: 1.0427 | Aux Loss: 0.1848 | Train Mixed Loss: 0.8579 (Base: 0.3006, Trend: 0.1582, DTW: 0.1325, TopK: 0.5337) | Val Mixed Loss (No Trend): 0.7491 (Base: 0.2865, DTW: 0.1303, TopK: 0.4993) | EMA Val Loss (No Trend): 0.764358 | LR: 1.88e-04
Saved new best weights to best_model_seed4.pth (EMA validation loss without trend: 0.764358).
Epoch [17/100] | Total Loss: 1.0438 | Aux Loss: 0.1860 | Train Mixed Loss: 0.8578 (Base: 0.3011, Trend: 0.1584, DTW: 0.1326, TopK: 0.5310) | Val Mixed Loss (No Trend): 0.7718 (Base: 0.2923, DTW: 0.1405, TopK: 0.4740) | EMA Val Loss (No Trend): 0.766216 | LR: 1.86e-04
Epoch [18/100] | Total Loss: 1.0379 | Aux Loss: 0.1851 | Train Mixed Loss: 0.8529 (Base: 0.3001, Trend: 0.1582, DTW: 0.1313, TopK: 0.5287) | Val Mixed Loss (No Trend): 0.7540 (Base: 0.2911, DTW: 0.1302, TopK: 0.5013) | EMA Val Loss (No Trend): 0.763154 | LR: 1.85e-04
Saved new best weights to best_model_seed4.pth (EMA validation loss without trend: 0.763154).
Epoch [19/100] | Total Loss: 1.0394 | Aux Loss: 0.1853 | Train Mixed Loss: 0.8541 (Base: 0.2999, Trend: 0.1584, DTW: 0.1313, TopK: 0.5327) | Val Mixed Loss (No Trend): 0.7374 (Base: 0.2813, DTW: 0.1274, TopK: 0.5010) | EMA Val Loss (No Trend): 0.756712 | LR: 1.83e-04
Saved new best weights to best_model_seed4.pth (EMA validation loss without trend: 0.756712).
Epoch [20/100] | Total Loss: 1.0296 | Aux Loss: 0.1826 | Train Mixed Loss: 0.8470 (Base: 0.2986, Trend: 0.1578, DTW: 0.1298, TopK: 0.5270) | Val Mixed Loss (No Trend): 0.7524 (Base: 0.2882, DTW: 0.1327, TopK: 0.4863) | EMA Val Loss (No Trend): 0.755643 | LR: 1.81e-04
Saved new best weights to best_model_seed4.pth (EMA validation loss without trend: 0.755643).
Epoch [21/100] | Total Loss: 1.0343 | Aux Loss: 0.1834 | Train Mixed Loss: 0.8509 (Base: 0.2998, Trend: 0.1580, DTW: 0.1310, TopK: 0.5257) | Val Mixed Loss (No Trend): 0.7519 (Base: 0.2877, DTW: 0.1324, TopK: 0.4880) | EMA Val Loss (No Trend): 0.754706 | LR: 1.79e-04
Saved new best weights to best_model_seed4.pth (EMA validation loss without trend: 0.754706).
Epoch [22/100] | Total Loss: 1.0288 | Aux Loss: 0.1815 | Train Mixed Loss: 0.8473 (Base: 0.2987, Trend: 0.1588, DTW: 0.1296, TopK: 0.5277) | Val Mixed Loss (No Trend): 0.7237 (Base: 0.2778, DTW: 0.1239, TopK: 0.4953) | EMA Val Loss (No Trend): 0.746946 | LR: 1.77e-04
Saved new best weights to best_model_seed4.pth (EMA validation loss without trend: 0.746946).
Epoch [23/100] | Total Loss: 1.0143 | Aux Loss: 0.1812 | Train Mixed Loss: 0.8331 (Base: 0.2943, Trend: 0.1562, DTW: 0.1269, TopK: 0.5203) | Val Mixed Loss (No Trend): 0.7559 (Base: 0.2867, DTW: 0.1312, TopK: 0.5150) | EMA Val Loss (No Trend): 0.749191 | LR: 1.75e-04
Epoch [24/100] | Total Loss: 1.0176 | Aux Loss: 0.1807 | Train Mixed Loss: 0.8370 (Base: 0.2968, Trend: 0.1576, DTW: 0.1270, TopK: 0.5220) | Val Mixed Loss (No Trend): 0.7363 (Base: 0.2841, DTW: 0.1284, TopK: 0.4800) | EMA Val Loss (No Trend): 0.745963 | LR: 1.73e-04
Saved new best weights to best_model_seed4.pth (EMA validation loss without trend: 0.745963).
Epoch [25/100] | Total Loss: 1.0160 | Aux Loss: 0.1796 | Train Mixed Loss: 0.8364 (Base: 0.2962, Trend: 0.1572, DTW: 0.1270, TopK: 0.5233) | Val Mixed Loss (No Trend): 0.7652 (Base: 0.2966, DTW: 0.1363, TopK: 0.4713) | EMA Val Loss (No Trend): 0.750761 | LR: 1.71e-04
Epoch [26/100] | Total Loss: 1.0087 | Aux Loss: 0.1784 | Train Mixed Loss: 0.8303 (Base: 0.2939, Trend: 0.1566, DTW: 0.1257, TopK: 0.5217) | Val Mixed Loss (No Trend): 0.7483 (Base: 0.2830, DTW: 0.1296, TopK: 0.5140) | EMA Val Loss (No Trend): 0.750140 | LR: 1.69e-04
Epoch [27/100] | Total Loss: 0.9995 | Aux Loss: 0.1776 | Train Mixed Loss: 0.8219 (Base: 0.2924, Trend: 0.1560, DTW: 0.1238, TopK: 0.5150) | Val Mixed Loss (No Trend): 0.7356 (Base: 0.2835, DTW: 0.1273, TopK: 0.4890) | EMA Val Loss (No Trend): 0.746493 | LR: 1.66e-04
Epoch [28/100] | Total Loss: 1.0046 | Aux Loss: 0.1769 | Train Mixed Loss: 0.8277 (Base: 0.2935, Trend: 0.1568, DTW: 0.1247, TopK: 0.5213) | Val Mixed Loss (No Trend): 0.7337 (Base: 0.2844, DTW: 0.1263, TopK: 0.4870) | EMA Val Loss (No Trend): 0.743284 | LR: 1.64e-04
Saved new best weights to best_model_seed4.pth (EMA validation loss without trend: 0.743284).
Epoch [29/100] | Total Loss: 0.9911 | Aux Loss: 0.1774 | Train Mixed Loss: 0.8138 (Base: 0.2891, Trend: 0.1548, DTW: 0.1224, TopK: 0.5113) | Val Mixed Loss (No Trend): 0.7417 (Base: 0.2838, DTW: 0.1290, TopK: 0.4947) | EMA Val Loss (No Trend): 0.742900 | LR: 1.61e-04
Saved new best weights to best_model_seed4.pth (EMA validation loss without trend: 0.742900).
Epoch [30/100] | Total Loss: 0.9830 | Aux Loss: 0.1747 | Train Mixed Loss: 0.8084 (Base: 0.2882, Trend: 0.1538, DTW: 0.1213, TopK: 0.5070) | Val Mixed Loss (No Trend): 0.7422 (Base: 0.2875, DTW: 0.1304, TopK: 0.4720) | EMA Val Loss (No Trend): 0.742719 | LR: 1.59e-04
Saved new best weights to best_model_seed4.pth (EMA validation loss without trend: 0.742719).
Epoch [31/100] | Total Loss: 0.9917 | Aux Loss: 0.1769 | Train Mixed Loss: 0.8148 (Base: 0.2901, Trend: 0.1556, DTW: 0.1224, TopK: 0.5103) | Val Mixed Loss (No Trend): 0.7459 (Base: 0.2840, DTW: 0.1319, TopK: 0.4843) | EMA Val Loss (No Trend): 0.743507 | LR: 1.56e-04
Epoch [32/100] | Total Loss: 0.9877 | Aux Loss: 0.1764 | Train Mixed Loss: 0.8114 (Base: 0.2892, Trend: 0.1556, DTW: 0.1209, TopK: 0.5143) | Val Mixed Loss (No Trend): 0.7201 (Base: 0.2755, DTW: 0.1244, TopK: 0.4870) | EMA Val Loss (No Trend): 0.737656 | LR: 1.54e-04
Saved new best weights to best_model_seed4.pth (EMA validation loss without trend: 0.737656).
Epoch [33/100] | Total Loss: 0.9861 | Aux Loss: 0.1766 | Train Mixed Loss: 0.8095 (Base: 0.2887, Trend: 0.1548, DTW: 0.1210, TopK: 0.5097) | Val Mixed Loss (No Trend): 0.7349 (Base: 0.2862, DTW: 0.1282, TopK: 0.4703) | EMA Val Loss (No Trend): 0.736975 | LR: 1.51e-04
Saved new best weights to best_model_seed4.pth (EMA validation loss without trend: 0.736975).
Epoch [34/100] | Total Loss: 0.9748 | Aux Loss: 0.1728 | Train Mixed Loss: 0.8019 (Base: 0.2858, Trend: 0.1544, DTW: 0.1193, TopK: 0.5087) | Val Mixed Loss (No Trend): 0.7401 (Base: 0.2873, DTW: 0.1308, TopK: 0.4630) | EMA Val Loss (No Trend): 0.737754 | LR: 1.48e-04
Epoch [35/100] | Total Loss: 0.9676 | Aux Loss: 0.1730 | Train Mixed Loss: 0.7946 (Base: 0.2851, Trend: 0.1540, DTW: 0.1175, TopK: 0.5010) | Val Mixed Loss (No Trend): 0.7205 (Base: 0.2804, DTW: 0.1261, TopK: 0.4583) | EMA Val Loss (No Trend): 0.733436 | LR: 1.46e-04
Saved new best weights to best_model_seed4.pth (EMA validation loss without trend: 0.733436).
Epoch [36/100] | Total Loss: 0.9689 | Aux Loss: 0.1710 | Train Mixed Loss: 0.7979 (Base: 0.2857, Trend: 0.1540, DTW: 0.1183, TopK: 0.5033) | Val Mixed Loss (No Trend): 0.7118 (Base: 0.2737, DTW: 0.1229, TopK: 0.4770) | EMA Val Loss (No Trend): 0.728015 | LR: 1.43e-04
Saved new best weights to best_model_seed4.pth (EMA validation loss without trend: 0.728015).
Epoch [37/100] | Total Loss: 0.9675 | Aux Loss: 0.1716 | Train Mixed Loss: 0.7959 (Base: 0.2849, Trend: 0.1540, DTW: 0.1178, TopK: 0.5047) | Val Mixed Loss (No Trend): 0.7293 (Base: 0.2739, DTW: 0.1256, TopK: 0.5133) | EMA Val Loss (No Trend): 0.728324 | LR: 1.40e-04
Epoch [38/100] | Total Loss: 0.9677 | Aux Loss: 0.1720 | Train Mixed Loss: 0.7957 (Base: 0.2853, Trend: 0.1554, DTW: 0.1173, TopK: 0.5043) | Val Mixed Loss (No Trend): 0.7240 (Base: 0.2834, DTW: 0.1270, TopK: 0.4523) | EMA Val Loss (No Trend): 0.727247 | LR: 1.37e-04
Saved new best weights to best_model_seed4.pth (EMA validation loss without trend: 0.727247).
Epoch [39/100] | Total Loss: 0.9560 | Aux Loss: 0.1698 | Train Mixed Loss: 0.7861 (Base: 0.2825, Trend: 0.1534, DTW: 0.1156, TopK: 0.4983) | Val Mixed Loss (No Trend): 0.7241 (Base: 0.2755, DTW: 0.1259, TopK: 0.4877) | EMA Val Loss (No Trend): 0.726450 | LR: 1.34e-04
Saved new best weights to best_model_seed4.pth (EMA validation loss without trend: 0.726450).
Epoch [40/100] | Total Loss: 0.9599 | Aux Loss: 0.1731 | Train Mixed Loss: 0.7868 (Base: 0.2830, Trend: 0.1540, DTW: 0.1158, TopK: 0.4967) | Val Mixed Loss (No Trend): 0.7300 (Base: 0.2874, DTW: 0.1257, TopK: 0.4700) | EMA Val Loss (No Trend): 0.727344 | LR: 1.31e-04
Epoch [41/100] | Total Loss: 0.9607 | Aux Loss: 0.1718 | Train Mixed Loss: 0.7889 (Base: 0.2832, Trend: 0.1536, DTW: 0.1165, TopK: 0.4980) | Val Mixed Loss (No Trend): 0.7255 (Base: 0.2802, DTW: 0.1252, TopK: 0.4833) | EMA Val Loss (No Trend): 0.726893 | LR: 1.28e-04
Epoch [42/100] | Total Loss: 0.9600 | Aux Loss: 0.1711 | Train Mixed Loss: 0.7888 (Base: 0.2838, Trend: 0.1550, DTW: 0.1158, TopK: 0.4983) | Val Mixed Loss (No Trend): 0.7350 (Base: 0.2804, DTW: 0.1288, TopK: 0.4857) | EMA Val Loss (No Trend): 0.728922 | LR: 1.25e-04
Epoch [43/100] | Total Loss: 0.9446 | Aux Loss: 0.1680 | Train Mixed Loss: 0.7766 (Base: 0.2799, Trend: 0.1524, DTW: 0.1136, TopK: 0.4933) | Val Mixed Loss (No Trend): 0.7219 (Base: 0.2786, DTW: 0.1263, TopK: 0.4673) | EMA Val Loss (No Trend): 0.727167 | LR: 1.22e-04
Epoch [44/100] | Total Loss: 0.9437 | Aux Loss: 0.1688 | Train Mixed Loss: 0.7749 (Base: 0.2796, Trend: 0.1532, DTW: 0.1129, TopK: 0.4930) | Val Mixed Loss (No Trend): 0.7186 (Base: 0.2769, DTW: 0.1228, TopK: 0.4900) | EMA Val Loss (No Trend): 0.725015 | LR: 1.19e-04
Saved new best weights to best_model_seed4.pth (EMA validation loss without trend: 0.725015).
Epoch [45/100] | Total Loss: 0.9415 | Aux Loss: 0.1665 | Train Mixed Loss: 0.7749 (Base: 0.2799, Trend: 0.1538, DTW: 0.1128, TopK: 0.4913) | Val Mixed Loss (No Trend): 0.7196 (Base: 0.2800, DTW: 0.1254, TopK: 0.4620) | EMA Val Loss (No Trend): 0.723668 | LR: 1.16e-04
Saved new best weights to best_model_seed4.pth (EMA validation loss without trend: 0.723668).
Epoch [46/100] | Total Loss: 0.9392 | Aux Loss: 0.1669 | Train Mixed Loss: 0.7723 (Base: 0.2790, Trend: 0.1530, DTW: 0.1122, TopK: 0.4920) | Val Mixed Loss (No Trend): 0.7196 (Base: 0.2792, DTW: 0.1242, TopK: 0.4740) | EMA Val Loss (No Trend): 0.722639 | LR: 1.13e-04
Saved new best weights to best_model_seed4.pth (EMA validation loss without trend: 0.722639).
Epoch [47/100] | Total Loss: 0.9385 | Aux Loss: 0.1676 | Train Mixed Loss: 0.7708 (Base: 0.2782, Trend: 0.1538, DTW: 0.1118, TopK: 0.4910) | Val Mixed Loss (No Trend): 0.7440 (Base: 0.2933, DTW: 0.1320, TopK: 0.4463) | EMA Val Loss (No Trend): 0.727981 | LR: 1.10e-04
Epoch [48/100] | Total Loss: 0.9422 | Aux Loss: 0.1675 | Train Mixed Loss: 0.7747 (Base: 0.2807, Trend: 0.1546, DTW: 0.1124, TopK: 0.4900) | Val Mixed Loss (No Trend): 0.7286 (Base: 0.2810, DTW: 0.1253, TopK: 0.4897) | EMA Val Loss (No Trend): 0.728132 | LR: 1.07e-04
Epoch [49/100] | Total Loss: 0.9360 | Aux Loss: 0.1673 | Train Mixed Loss: 0.7686 (Base: 0.2783, Trend: 0.1534, DTW: 0.1112, TopK: 0.4893) | Val Mixed Loss (No Trend): 0.7224 (Base: 0.2803, DTW: 0.1247, TopK: 0.4760) | EMA Val Loss (No Trend): 0.726698 | LR: 1.04e-04
Epoch [50/100] | Total Loss: 0.9312 | Aux Loss: 0.1653 | Train Mixed Loss: 0.7659 (Base: 0.2764, Trend: 0.1530, DTW: 0.1109, TopK: 0.4890) | Val Mixed Loss (No Trend): 0.7168 (Base: 0.2796, DTW: 0.1241, TopK: 0.4643) | EMA Val Loss (No Trend): 0.724234 | LR: 1.01e-04
Epoch [51/100] | Total Loss: 0.9292 | Aux Loss: 0.1661 | Train Mixed Loss: 0.7631 (Base: 0.2764, Trend: 0.1540, DTW: 0.1097, TopK: 0.4880) | Val Mixed Loss (No Trend): 0.7247 (Base: 0.2823, DTW: 0.1249, TopK: 0.4753) | EMA Val Loss (No Trend): 0.724357 | LR: 9.74e-05
Epoch [52/100] | Total Loss: 0.9278 | Aux Loss: 0.1670 | Train Mixed Loss: 0.7608 (Base: 0.2753, Trend: 0.1536, DTW: 0.1098, TopK: 0.4840) | Val Mixed Loss (No Trend): 0.7155 (Base: 0.2779, DTW: 0.1238, TopK: 0.4680) | EMA Val Loss (No Trend): 0.722154 | LR: 9.43e-05
Saved new best weights to best_model_seed4.pth (EMA validation loss without trend: 0.722154).
Epoch [53/100] | Total Loss: 0.9225 | Aux Loss: 0.1654 | Train Mixed Loss: 0.7571 (Base: 0.2748, Trend: 0.1528, DTW: 0.1088, TopK: 0.4827) | Val Mixed Loss (No Trend): 0.7202 (Base: 0.2817, DTW: 0.1250, TopK: 0.4620) | EMA Val Loss (No Trend): 0.721674 | LR: 9.11e-05
Saved new best weights to best_model_seed4.pth (EMA validation loss without trend: 0.721674).
Epoch [54/100] | Total Loss: 0.9226 | Aux Loss: 0.1664 | Train Mixed Loss: 0.7562 (Base: 0.2747, Trend: 0.1530, DTW: 0.1082, TopK: 0.4843) | Val Mixed Loss (No Trend): 0.7091 (Base: 0.2752, DTW: 0.1208, TopK: 0.4797) | EMA Val Loss (No Trend): 0.718539 | LR: 8.80e-05
Saved new best weights to best_model_seed4.pth (EMA validation loss without trend: 0.718539).
Epoch [55/100] | Total Loss: 0.9156 | Aux Loss: 0.1644 | Train Mixed Loss: 0.7512 (Base: 0.2731, Trend: 0.1520, DTW: 0.1075, TopK: 0.4803) | Val Mixed Loss (No Trend): 0.7209 (Base: 0.2798, DTW: 0.1258, TopK: 0.4640) | EMA Val Loss (No Trend): 0.719133 | LR: 8.49e-05
Epoch [56/100] | Total Loss: 0.9093 | Aux Loss: 0.1638 | Train Mixed Loss: 0.7456 (Base: 0.2717, Trend: 0.1520, DTW: 0.1062, TopK: 0.4770) | Val Mixed Loss (No Trend): 0.7295 (Base: 0.2806, DTW: 0.1285, TopK: 0.4680) | EMA Val Loss (No Trend): 0.721730 | LR: 8.19e-05
Epoch [57/100] | Total Loss: 0.9078 | Aux Loss: 0.1634 | Train Mixed Loss: 0.7444 (Base: 0.2721, Trend: 0.1516, DTW: 0.1057, TopK: 0.4763) | Val Mixed Loss (No Trend): 0.7347 (Base: 0.2900, DTW: 0.1288, TopK: 0.4517) | EMA Val Loss (No Trend): 0.724970 | LR: 7.88e-05
Epoch [58/100] | Total Loss: 0.9109 | Aux Loss: 0.1647 | Train Mixed Loss: 0.7463 (Base: 0.2714, Trend: 0.1522, DTW: 0.1068, TopK: 0.4753) | Val Mixed Loss (No Trend): 0.7125 (Base: 0.2783, DTW: 0.1224, TopK: 0.4680) | EMA Val Loss (No Trend): 0.721852 | LR: 7.58e-05
Epoch [59/100] | Total Loss: 0.9088 | Aux Loss: 0.1646 | Train Mixed Loss: 0.7442 (Base: 0.2708, Trend: 0.1524, DTW: 0.1060, TopK: 0.4763) | Val Mixed Loss (No Trend): 0.7248 (Base: 0.2839, DTW: 0.1263, TopK: 0.4600) | EMA Val Loss (No Trend): 0.722592 | LR: 7.27e-05
Epoch [60/100] | Total Loss: 0.9025 | Aux Loss: 0.1638 | Train Mixed Loss: 0.7387 (Base: 0.2694, Trend: 0.1522, DTW: 0.1042, TopK: 0.4770) | Val Mixed Loss (No Trend): 0.7257 (Base: 0.2847, DTW: 0.1273, TopK: 0.4520) | EMA Val Loss (No Trend): 0.723378 | LR: 6.98e-05
Epoch [61/100] | Total Loss: 0.9000 | Aux Loss: 0.1629 | Train Mixed Loss: 0.7371 (Base: 0.2692, Trend: 0.1516, DTW: 0.1044, TopK: 0.4723) | Val Mixed Loss (No Trend): 0.7233 (Base: 0.2818, DTW: 0.1268, TopK: 0.4570) | EMA Val Loss (No Trend): 0.723354 | LR: 6.68e-05
Epoch [62/100] | Total Loss: 0.9043 | Aux Loss: 0.1650 | Train Mixed Loss: 0.7393 (Base: 0.2704, Trend: 0.1526, DTW: 0.1043, TopK: 0.4743) | Val Mixed Loss (No Trend): 0.7261 (Base: 0.2868, DTW: 0.1269, TopK: 0.4490) | EMA Val Loss (No Trend): 0.724050 | LR: 6.39e-05
Epoch [63/100] | Total Loss: 0.8935 | Aux Loss: 0.1624 | Train Mixed Loss: 0.7311 (Base: 0.2673, Trend: 0.1512, DTW: 0.1030, TopK: 0.4697) | Val Mixed Loss (No Trend): 0.7092 (Base: 0.2737, DTW: 0.1220, TopK: 0.4760) | EMA Val Loss (No Trend): 0.720342 | LR: 6.10e-05
Epoch [64/100] | Total Loss: 0.8911 | Aux Loss: 0.1613 | Train Mixed Loss: 0.7297 (Base: 0.2666, Trend: 0.1516, DTW: 0.1025, TopK: 0.4713) | Val Mixed Loss (No Trend): 0.7170 (Base: 0.2790, DTW: 0.1233, TopK: 0.4740) | EMA Val Loss (No Trend): 0.719517 | LR: 5.81e-05
Epoch [65/100] | Total Loss: 0.8900 | Aux Loss: 0.1623 | Train Mixed Loss: 0.7277 (Base: 0.2666, Trend: 0.1514, DTW: 0.1021, TopK: 0.4677) | Val Mixed Loss (No Trend): 0.7140 (Base: 0.2782, DTW: 0.1242, TopK: 0.4593) | EMA Val Loss (No Trend): 0.718140 | LR: 5.53e-05
Saved new best weights to best_model_seed4.pth (EMA validation loss without trend: 0.718140).
Epoch [66/100] | Total Loss: 0.8873 | Aux Loss: 0.1611 | Train Mixed Loss: 0.7262 (Base: 0.2654, Trend: 0.1514, DTW: 0.1017, TopK: 0.4697) | Val Mixed Loss (No Trend): 0.7130 (Base: 0.2794, DTW: 0.1243, TopK: 0.4517) | EMA Val Loss (No Trend): 0.716864 | LR: 5.26e-05
Saved new best weights to best_model_seed4.pth (EMA validation loss without trend: 0.716864).
Epoch [67/100] | Total Loss: 0.8798 | Aux Loss: 0.1612 | Train Mixed Loss: 0.7186 (Base: 0.2636, Trend: 0.1504, DTW: 0.1002, TopK: 0.4647) | Val Mixed Loss (No Trend): 0.7119 (Base: 0.2773, DTW: 0.1238, TopK: 0.4583) | EMA Val Loss (No Trend): 0.715620 | LR: 4.99e-05
Saved new best weights to best_model_seed4.pth (EMA validation loss without trend: 0.715620).
Epoch [68/100] | Total Loss: 0.8859 | Aux Loss: 0.1607 | Train Mixed Loss: 0.7252 (Base: 0.2661, Trend: 0.1516, DTW: 0.1014, TopK: 0.4670) | Val Mixed Loss (No Trend): 0.7184 (Base: 0.2771, DTW: 0.1248, TopK: 0.4723) | EMA Val Loss (No Trend): 0.716310 | LR: 4.72e-05
Epoch [69/100] | Total Loss: 0.8836 | Aux Loss: 0.1621 | Train Mixed Loss: 0.7215 (Base: 0.2651, Trend: 0.1514, DTW: 0.1007, TopK: 0.4633) | Val Mixed Loss (No Trend): 0.7220 (Base: 0.2834, DTW: 0.1263, TopK: 0.4510) | EMA Val Loss (No Trend): 0.717724 | LR: 4.46e-05
Epoch [70/100] | Total Loss: 0.8831 | Aux Loss: 0.1603 | Train Mixed Loss: 0.7228 (Base: 0.2651, Trend: 0.1522, DTW: 0.1005, TopK: 0.4680) | Val Mixed Loss (No Trend): 0.7119 (Base: 0.2764, DTW: 0.1234, TopK: 0.4647) | EMA Val Loss (No Trend): 0.716280 | LR: 4.20e-05
Epoch [71/100] | Total Loss: 0.8773 | Aux Loss: 0.1603 | Train Mixed Loss: 0.7170 (Base: 0.2633, Trend: 0.1506, DTW: 0.0997, TopK: 0.4643) | Val Mixed Loss (No Trend): 0.7183 (Base: 0.2805, DTW: 0.1249, TopK: 0.4597) | EMA Val Loss (No Trend): 0.716775 | LR: 3.95e-05
Epoch [72/100] | Total Loss: 0.8774 | Aux Loss: 0.1601 | Train Mixed Loss: 0.7173 (Base: 0.2636, Trend: 0.1516, DTW: 0.0994, TopK: 0.4640) | Val Mixed Loss (No Trend): 0.7063 (Base: 0.2742, DTW: 0.1208, TopK: 0.4747) | EMA Val Loss (No Trend): 0.714166 | LR: 3.71e-05
Saved new best weights to best_model_seed4.pth (EMA validation loss without trend: 0.714166).
Epoch [73/100] | Total Loss: 0.8669 | Aux Loss: 0.1591 | Train Mixed Loss: 0.7078 (Base: 0.2612, Trend: 0.1504, DTW: 0.0977, TopK: 0.4567) | Val Mixed Loss (No Trend): 0.7283 (Base: 0.2835, DTW: 0.1275, TopK: 0.4627) | EMA Val Loss (No Trend): 0.717690 | LR: 3.47e-05
Epoch [74/100] | Total Loss: 0.8673 | Aux Loss: 0.1592 | Train Mixed Loss: 0.7081 (Base: 0.2607, Trend: 0.1498, DTW: 0.0983, TopK: 0.4557) | Val Mixed Loss (No Trend): 0.7224 (Base: 0.2827, DTW: 0.1256, TopK: 0.4607) | EMA Val Loss (No Trend): 0.718877 | LR: 3.24e-05
Epoch [75/100] | Total Loss: 0.8758 | Aux Loss: 0.1615 | Train Mixed Loss: 0.7144 (Base: 0.2622, Trend: 0.1512, DTW: 0.0993, TopK: 0.4607) | Val Mixed Loss (No Trend): 0.7275 (Base: 0.2849, DTW: 0.1274, TopK: 0.4560) | EMA Val Loss (No Trend): 0.721032 | LR: 3.01e-05
Epoch [76/100] | Total Loss: 0.8755 | Aux Loss: 0.1606 | Train Mixed Loss: 0.7149 (Base: 0.2626, Trend: 0.1512, DTW: 0.0990, TopK: 0.4630) | Val Mixed Loss (No Trend): 0.7264 (Base: 0.2854, DTW: 0.1279, TopK: 0.4470) | EMA Val Loss (No Trend): 0.722379 | LR: 2.80e-05
Epoch [77/100] | Total Loss: 0.8688 | Aux Loss: 0.1610 | Train Mixed Loss: 0.7078 (Base: 0.2611, Trend: 0.1514, DTW: 0.0972, TopK: 0.4587) | Val Mixed Loss (No Trend): 0.7204 (Base: 0.2820, DTW: 0.1255, TopK: 0.4573) | EMA Val Loss (No Trend): 0.721880 | LR: 2.59e-05
Epoch [78/100] | Total Loss: 0.8652 | Aux Loss: 0.1592 | Train Mixed Loss: 0.7060 (Base: 0.2604, Trend: 0.1506, DTW: 0.0968, TopK: 0.4597) | Val Mixed Loss (No Trend): 0.7154 (Base: 0.2775, DTW: 0.1244, TopK: 0.4643) | EMA Val Loss (No Trend): 0.720271 | LR: 2.38e-05
Epoch [79/100] | Total Loss: 0.8654 | Aux Loss: 0.1594 | Train Mixed Loss: 0.7060 (Base: 0.2600, Trend: 0.1508, DTW: 0.0973, TopK: 0.4570) | Val Mixed Loss (No Trend): 0.7152 (Base: 0.2833, DTW: 0.1250, TopK: 0.4400) | EMA Val Loss (No Trend): 0.719006 | LR: 2.19e-05
Epoch [80/100] | Total Loss: 0.8595 | Aux Loss: 0.1578 | Train Mixed Loss: 0.7017 (Base: 0.2593, Trend: 0.1504, DTW: 0.0964, TopK: 0.4530) | Val Mixed Loss (No Trend): 0.7055 (Base: 0.2763, DTW: 0.1218, TopK: 0.4563) | EMA Val Loss (No Trend): 0.715622 | LR: 2.00e-05
Epoch [81/100] | Total Loss: 0.8547 | Aux Loss: 0.1564 | Train Mixed Loss: 0.6984 (Base: 0.2577, Trend: 0.1498, DTW: 0.0958, TopK: 0.4527) | Val Mixed Loss (No Trend): 0.7105 (Base: 0.2804, DTW: 0.1231, TopK: 0.4490) | EMA Val Loss (No Trend): 0.714347 | LR: 1.82e-05
Epoch [82/100] | Total Loss: 0.8606 | Aux Loss: 0.1590 | Train Mixed Loss: 0.7016 (Base: 0.2591, Trend: 0.1512, DTW: 0.0960, TopK: 0.4550) | Val Mixed Loss (No Trend): 0.7212 (Base: 0.2800, DTW: 0.1249, TopK: 0.4717) | EMA Val Loss (No Trend): 0.716049 | LR: 1.65e-05
Epoch [83/100] | Total Loss: 0.8669 | Aux Loss: 0.1608 | Train Mixed Loss: 0.7061 (Base: 0.2602, Trend: 0.1516, DTW: 0.0970, TopK: 0.4570) | Val Mixed Loss (No Trend): 0.7284 (Base: 0.2860, DTW: 0.1272, TopK: 0.4573) | EMA Val Loss (No Trend): 0.719137 | LR: 1.49e-05
Epoch [84/100] | Total Loss: 0.8612 | Aux Loss: 0.1603 | Train Mixed Loss: 0.7009 (Base: 0.2581, Trend: 0.1510, DTW: 0.0959, TopK: 0.4567) | Val Mixed Loss (No Trend): 0.7167 (Base: 0.2833, DTW: 0.1242, TopK: 0.4513) | EMA Val Loss (No Trend): 0.718540 | LR: 1.33e-05
Epoch [85/100] | Total Loss: 0.8552 | Aux Loss: 0.1574 | Train Mixed Loss: 0.6978 (Base: 0.2577, Trend: 0.1506, DTW: 0.0953, TopK: 0.4540) | Val Mixed Loss (No Trend): 0.7219 (Base: 0.2807, DTW: 0.1265, TopK: 0.4593) | EMA Val Loss (No Trend): 0.719377 | LR: 1.18e-05
Epoch [86/100] | Total Loss: 0.8561 | Aux Loss: 0.1589 | Train Mixed Loss: 0.6971 (Base: 0.2580, Trend: 0.1510, DTW: 0.0949, TopK: 0.4527) | Val Mixed Loss (No Trend): 0.7241 (Base: 0.2837, DTW: 0.1269, TopK: 0.4527) | EMA Val Loss (No Trend): 0.720566 | LR: 1.05e-05
Epoch [87/100] | Total Loss: 0.8525 | Aux Loss: 0.1599 | Train Mixed Loss: 0.6926 (Base: 0.2566, Trend: 0.1500, DTW: 0.0940, TopK: 0.4517) | Val Mixed Loss (No Trend): 0.7171 (Base: 0.2799, DTW: 0.1249, TopK: 0.4583) | EMA Val Loss (No Trend): 0.719709 | LR: 9.18e-06
Epoch [88/100] | Total Loss: 0.8510 | Aux Loss: 0.1586 | Train Mixed Loss: 0.6923 (Base: 0.2568, Trend: 0.1502, DTW: 0.0940, TopK: 0.4497) | Val Mixed Loss (No Trend): 0.7181 (Base: 0.2805, DTW: 0.1253, TopK: 0.4563) | EMA Val Loss (No Trend): 0.719302 | LR: 7.99e-06
Epoch [89/100] | Total Loss: 0.8567 | Aux Loss: 0.1589 | Train Mixed Loss: 0.6978 (Base: 0.2579, Trend: 0.1514, DTW: 0.0952, TopK: 0.4530) | Val Mixed Loss (No Trend): 0.7248 (Base: 0.2814, DTW: 0.1275, TopK: 0.4577) | EMA Val Loss (No Trend): 0.720664 | LR: 6.88e-06
Epoch [90/100] | Total Loss: 0.8551 | Aux Loss: 0.1585 | Train Mixed Loss: 0.6966 (Base: 0.2565, Trend: 0.1502, DTW: 0.0953, TopK: 0.4537) | Val Mixed Loss (No Trend): 0.7096 (Base: 0.2766, DTW: 0.1233, TopK: 0.4567) | EMA Val Loss (No Trend): 0.717898 | LR: 5.87e-06
Epoch [91/100] | Total Loss: 0.8496 | Aux Loss: 0.1572 | Train Mixed Loss: 0.6924 (Base: 0.2561, Trend: 0.1504, DTW: 0.0941, TopK: 0.4510) | Val Mixed Loss (No Trend): 0.7100 (Base: 0.2786, DTW: 0.1230, TopK: 0.4537) | EMA Val Loss (No Trend): 0.715916 | LR: 4.95e-06
Epoch [92/100] | Total Loss: 0.8486 | Aux Loss: 0.1582 | Train Mixed Loss: 0.6904 (Base: 0.2558, Trend: 0.1500, DTW: 0.0938, TopK: 0.4483) | Val Mixed Loss (No Trend): 0.7272 (Base: 0.2842, DTW: 0.1278, TopK: 0.4543) | EMA Val Loss (No Trend): 0.718747 | LR: 4.13e-06
Epoch [93/100] | Total Loss: 0.8537 | Aux Loss: 0.1583 | Train Mixed Loss: 0.6954 (Base: 0.2563, Trend: 0.1504, DTW: 0.0951, TopK: 0.4523) | Val Mixed Loss (No Trend): 0.7271 (Base: 0.2842, DTW: 0.1273, TopK: 0.4583) | EMA Val Loss (No Trend): 0.720846 | LR: 3.40e-06
Epoch [94/100] | Total Loss: 0.8526 | Aux Loss: 0.1575 | Train Mixed Loss: 0.6951 (Base: 0.2568, Trend: 0.1502, DTW: 0.0949, TopK: 0.4513) | Val Mixed Loss (No Trend): 0.7204 (Base: 0.2827, DTW: 0.1248, TopK: 0.4610) | EMA Val Loss (No Trend): 0.720724 | LR: 2.76e-06
Epoch [95/100] | Total Loss: 0.8538 | Aux Loss: 0.1583 | Train Mixed Loss: 0.6955 (Base: 0.2575, Trend: 0.1516, DTW: 0.0942, TopK: 0.4537) | Val Mixed Loss (No Trend): 0.7186 (Base: 0.2815, DTW: 0.1257, TopK: 0.4517) | EMA Val Loss (No Trend): 0.720205 | LR: 2.23e-06
Epoch [96/100] | Total Loss: 0.8523 | Aux Loss: 0.1591 | Train Mixed Loss: 0.6932 (Base: 0.2565, Trend: 0.1506, DTW: 0.0944, TopK: 0.4497) | Val Mixed Loss (No Trend): 0.7206 (Base: 0.2821, DTW: 0.1246, TopK: 0.4647) | EMA Val Loss (No Trend): 0.720308 | LR: 1.78e-06
Epoch [97/100] | Total Loss: 0.8554 | Aux Loss: 0.1581 | Train Mixed Loss: 0.6973 (Base: 0.2574, Trend: 0.1504, DTW: 0.0953, TopK: 0.4537) | Val Mixed Loss (No Trend): 0.7197 (Base: 0.2826, DTW: 0.1261, TopK: 0.4480) | EMA Val Loss (No Trend): 0.720156 | LR: 1.44e-06
Epoch [98/100] | Total Loss: 0.8463 | Aux Loss: 0.1568 | Train Mixed Loss: 0.6895 (Base: 0.2559, Trend: 0.1500, DTW: 0.0935, TopK: 0.4467) | Val Mixed Loss (No Trend): 0.7196 (Base: 0.2800, DTW: 0.1268, TopK: 0.4517) | EMA Val Loss (No Trend): 0.720027 | LR: 1.20e-06
Epoch [99/100] | Total Loss: 0.8526 | Aux Loss: 0.1583 | Train Mixed Loss: 0.6943 (Base: 0.2566, Trend: 0.1506, DTW: 0.0947, TopK: 0.4510) | Val Mixed Loss (No Trend): 0.7218 (Base: 0.2819, DTW: 0.1265, TopK: 0.4540) | EMA Val Loss (No Trend): 0.720471 | LR: 1.05e-06
Epoch [100/100] | Total Loss: 0.8483 | Aux Loss: 0.1590 | Train Mixed Loss: 0.6893 (Base: 0.2551, Trend: 0.1500, DTW: 0.0935, TopK: 0.4490) | Val Mixed Loss (No Trend): 0.7093 (Base: 0.2782, DTW: 0.1236, TopK: 0.4480) | EMA Val Loss (No Trend): 0.717691 | LR: 2.00e-04
