Starting experiment (seed=1)
Device: cuda
Building static profile features from historical data...
Loading lightweight encoder...
Total trainable parameters: 4,485,378
Epoch [1/100] | Total Loss: 1.3411 | Aux Loss: 0.2810 | Train Mixed Loss: 1.0601 (Base: 0.3435, Trend: 0.1695, DTW: 0.1889, TopK: 0.5946) | Val Mixed Loss (No Trend): 0.8693 (Base: 0.3188, DTW: 0.1629, TopK: 0.5318) | EMA Val Loss (No Trend): 0.869288 | LR: 2.00e-04
Saved new best weights to best_model_seed1.pth (EMA validation loss without trend: 0.869288).
Epoch [2/100] | Total Loss: 1.2064 | Aux Loss: 0.2200 | Train Mixed Loss: 0.9864 (Base: 0.3302, Trend: 0.1578, DTW: 0.1675, TopK: 0.5838) | Val Mixed Loss (No Trend): 0.8193 (Base: 0.3025, DTW: 0.1492, TopK: 0.5286) | EMA Val Loss (No Trend): 0.856783 | LR: 2.00e-04
Saved new best weights to best_model_seed1.pth (EMA validation loss without trend: 0.856783).
Epoch [3/100] | Total Loss: 1.1669 | Aux Loss: 0.2074 | Train Mixed Loss: 0.9595 (Base: 0.3251, Trend: 0.1576, DTW: 0.1602, TopK: 0.5704) | Val Mixed Loss (No Trend): 0.8453 (Base: 0.3242, DTW: 0.1538, TopK: 0.5064) | EMA Val Loss (No Trend): 0.853905 | LR: 2.00e-04
Saved new best weights to best_model_seed1.pth (EMA validation loss without trend: 0.853905).
Epoch [4/100] | Total Loss: 1.1493 | Aux Loss: 0.2052 | Train Mixed Loss: 0.9441 (Base: 0.3222, Trend: 0.1581, DTW: 0.1556, TopK: 0.5652) | Val Mixed Loss (No Trend): 0.7700 (Base: 0.2937, DTW: 0.1342, TopK: 0.5142) | EMA Val Loss (No Trend): 0.832934 | LR: 1.99e-04
Saved new best weights to best_model_seed1.pth (EMA validation loss without trend: 0.832934).
Epoch [5/100] | Total Loss: 1.1240 | Aux Loss: 0.1993 | Train Mixed Loss: 0.9246 (Base: 0.3173, Trend: 0.1572, DTW: 0.1504, TopK: 0.5592) | Val Mixed Loss (No Trend): 0.8124 (Base: 0.3105, DTW: 0.1444, TopK: 0.5178) | EMA Val Loss (No Trend): 0.827806 | LR: 1.99e-04
Saved new best weights to best_model_seed1.pth (EMA validation loss without trend: 0.827806).
Epoch [6/100] | Total Loss: 1.1120 | Aux Loss: 0.1962 | Train Mixed Loss: 0.9158 (Base: 0.3148, Trend: 0.1572, DTW: 0.1483, TopK: 0.5551) | Val Mixed Loss (No Trend): 0.7905 (Base: 0.2969, DTW: 0.1414, TopK: 0.5141) | EMA Val Loss (No Trend): 0.818487 | LR: 1.98e-04
Saved new best weights to best_model_seed1.pth (EMA validation loss without trend: 0.818487).
Epoch [7/100] | Total Loss: 1.1061 | Aux Loss: 0.1938 | Train Mixed Loss: 0.9124 (Base: 0.3133, Trend: 0.1564, DTW: 0.1479, TopK: 0.5533) | Val Mixed Loss (No Trend): 0.8018 (Base: 0.3126, DTW: 0.1460, TopK: 0.4623) | EMA Val Loss (No Trend): 0.814322 | LR: 1.98e-04
Saved new best weights to best_model_seed1.pth (EMA validation loss without trend: 0.814322).
Epoch [8/100] | Total Loss: 1.0868 | Aux Loss: 0.1919 | Train Mixed Loss: 0.8948 (Base: 0.3104, Trend: 0.1560, DTW: 0.1426, TopK: 0.5474) | Val Mixed Loss (No Trend): 0.7743 (Base: 0.2942, DTW: 0.1395, TopK: 0.4840) | EMA Val Loss (No Trend): 0.804311 | LR: 1.97e-04
Saved new best weights to best_model_seed1.pth (EMA validation loss without trend: 0.804311).
Epoch [9/100] | Total Loss: 1.0744 | Aux Loss: 0.1907 | Train Mixed Loss: 0.8837 (Base: 0.3072, Trend: 0.1545, DTW: 0.1403, TopK: 0.5420) | Val Mixed Loss (No Trend): 0.7556 (Base: 0.2804, DTW: 0.1341, TopK: 0.5108) | EMA Val Loss (No Trend): 0.792135 | LR: 1.96e-04
Saved new best weights to best_model_seed1.pth (EMA validation loss without trend: 0.792135).
Epoch [10/100] | Total Loss: 1.0717 | Aux Loss: 0.1881 | Train Mixed Loss: 0.8837 (Base: 0.3067, Trend: 0.1549, DTW: 0.1403, TopK: 0.5426) | Val Mixed Loss (No Trend): 0.7526 (Base: 0.2839, DTW: 0.1313, TopK: 0.5124) | EMA Val Loss (No Trend): 0.782250 | LR: 1.95e-04
Saved new best weights to best_model_seed1.pth (EMA validation loss without trend: 0.782250).
Epoch [11/100] | Total Loss: 1.0580 | Aux Loss: 0.1874 | Train Mixed Loss: 0.8706 (Base: 0.3043, Trend: 0.1544, DTW: 0.1369, TopK: 0.5355) | Val Mixed Loss (No Trend): 0.7670 (Base: 0.2954, DTW: 0.1376, TopK: 0.4710) | EMA Val Loss (No Trend): 0.778432 | LR: 1.94e-04
Saved new best weights to best_model_seed1.pth (EMA validation loss without trend: 0.778432).
Epoch [12/100] | Total Loss: 1.0518 | Aux Loss: 0.1884 | Train Mixed Loss: 0.8634 (Base: 0.3020, Trend: 0.1534, DTW: 0.1356, TopK: 0.5311) | Val Mixed Loss (No Trend): 0.7581 (Base: 0.2862, DTW: 0.1366, TopK: 0.4799) | EMA Val Loss (No Trend): 0.773359 | LR: 1.93e-04
Saved new best weights to best_model_seed1.pth (EMA validation loss without trend: 0.773359).
Epoch [13/100] | Total Loss: 1.0458 | Aux Loss: 0.1867 | Train Mixed Loss: 0.8591 (Base: 0.3006, Trend: 0.1523, DTW: 0.1350, TopK: 0.5282) | Val Mixed Loss (No Trend): 0.7514 (Base: 0.2912, DTW: 0.1311, TopK: 0.4851) | EMA Val Loss (No Trend): 0.767859 | LR: 1.92e-04
Saved new best weights to best_model_seed1.pth (EMA validation loss without trend: 0.767859).
Epoch [14/100] | Total Loss: 1.0420 | Aux Loss: 0.1865 | Train Mixed Loss: 0.8555 (Base: 0.3002, Trend: 0.1526, DTW: 0.1334, TopK: 0.5292) | Val Mixed Loss (No Trend): 0.7518 (Base: 0.2835, DTW: 0.1295, TopK: 0.5249) | EMA Val Loss (No Trend): 0.763835 | LR: 1.91e-04
Saved new best weights to best_model_seed1.pth (EMA validation loss without trend: 0.763835).
Epoch [15/100] | Total Loss: 1.0372 | Aux Loss: 0.1846 | Train Mixed Loss: 0.8526 (Base: 0.2998, Trend: 0.1527, DTW: 0.1325, TopK: 0.5281) | Val Mixed Loss (No Trend): 0.7497 (Base: 0.2897, DTW: 0.1313, TopK: 0.4827) | EMA Val Loss (No Trend): 0.760295 | LR: 1.89e-04
Saved new best weights to best_model_seed1.pth (EMA validation loss without trend: 0.760295).
Epoch [16/100] | Total Loss: 1.0373 | Aux Loss: 0.1848 | Train Mixed Loss: 0.8526 (Base: 0.2999, Trend: 0.1536, DTW: 0.1322, TopK: 0.5288) | Val Mixed Loss (No Trend): 0.7547 (Base: 0.2900, DTW: 0.1323, TopK: 0.4904) | EMA Val Loss (No Trend): 0.758908 | LR: 1.88e-04
Saved new best weights to best_model_seed1.pth (EMA validation loss without trend: 0.758908).
Epoch [17/100] | Total Loss: 1.0270 | Aux Loss: 0.1825 | Train Mixed Loss: 0.8444 (Base: 0.2985, Trend: 0.1526, DTW: 0.1306, TopK: 0.5209) | Val Mixed Loss (No Trend): 0.7541 (Base: 0.2927, DTW: 0.1343, TopK: 0.4640) | EMA Val Loss (No Trend): 0.757705 | LR: 1.86e-04
Saved new best weights to best_model_seed1.pth (EMA validation loss without trend: 0.757705).
Epoch [18/100] | Total Loss: 1.0237 | Aux Loss: 0.1821 | Train Mixed Loss: 0.8416 (Base: 0.2965, Trend: 0.1525, DTW: 0.1301, TopK: 0.5219) | Val Mixed Loss (No Trend): 0.7436 (Base: 0.2844, DTW: 0.1299, TopK: 0.4915) | EMA Val Loss (No Trend): 0.754179 | LR: 1.85e-04
Saved new best weights to best_model_seed1.pth (EMA validation loss without trend: 0.754179).
Epoch [19/100] | Total Loss: 1.0147 | Aux Loss: 0.1802 | Train Mixed Loss: 0.8345 (Base: 0.2954, Trend: 0.1517, DTW: 0.1279, TopK: 0.5215) | Val Mixed Loss (No Trend): 0.7421 (Base: 0.2803, DTW: 0.1260, TopK: 0.5313) | EMA Val Loss (No Trend): 0.751159 | LR: 1.83e-04
Saved new best weights to best_model_seed1.pth (EMA validation loss without trend: 0.751159).
Epoch [20/100] | Total Loss: 1.0145 | Aux Loss: 0.1799 | Train Mixed Loss: 0.8346 (Base: 0.2960, Trend: 0.1523, DTW: 0.1278, TopK: 0.5191) | Val Mixed Loss (No Trend): 0.7192 (Base: 0.2727, DTW: 0.1257, TopK: 0.4832) | EMA Val Loss (No Trend): 0.743176 | LR: 1.81e-04
Saved new best weights to best_model_seed1.pth (EMA validation loss without trend: 0.743176).
Epoch [21/100] | Total Loss: 1.0032 | Aux Loss: 0.1791 | Train Mixed Loss: 0.8241 (Base: 0.2917, Trend: 0.1508, DTW: 0.1262, TopK: 0.5140) | Val Mixed Loss (No Trend): 0.7532 (Base: 0.2931, DTW: 0.1346, TopK: 0.4571) | EMA Val Loss (No Trend): 0.745686 | LR: 1.79e-04
Epoch [22/100] | Total Loss: 1.0070 | Aux Loss: 0.1783 | Train Mixed Loss: 0.8287 (Base: 0.2933, Trend: 0.1511, DTW: 0.1269, TopK: 0.5175) | Val Mixed Loss (No Trend): 0.7407 (Base: 0.2865, DTW: 0.1284, TopK: 0.4865) | EMA Val Loss (No Trend): 0.744436 | LR: 1.77e-04
Epoch [23/100] | Total Loss: 1.0013 | Aux Loss: 0.1775 | Train Mixed Loss: 0.8238 (Base: 0.2931, Trend: 0.1517, DTW: 0.1251, TopK: 0.5151) | Val Mixed Loss (No Trend): 0.7404 (Base: 0.2878, DTW: 0.1299, TopK: 0.4698) | EMA Val Loss (No Trend): 0.743420 | LR: 1.75e-04
Epoch [24/100] | Total Loss: 0.9998 | Aux Loss: 0.1775 | Train Mixed Loss: 0.8222 (Base: 0.2922, Trend: 0.1514, DTW: 0.1251, TopK: 0.5135) | Val Mixed Loss (No Trend): 0.7239 (Base: 0.2817, DTW: 0.1235, TopK: 0.4860) | EMA Val Loss (No Trend): 0.738543 | LR: 1.73e-04
Saved new best weights to best_model_seed1.pth (EMA validation loss without trend: 0.738543).
Epoch [25/100] | Total Loss: 0.9969 | Aux Loss: 0.1793 | Train Mixed Loss: 0.8176 (Base: 0.2905, Trend: 0.1518, DTW: 0.1238, TopK: 0.5138) | Val Mixed Loss (No Trend): 0.7397 (Base: 0.2877, DTW: 0.1309, TopK: 0.4594) | EMA Val Loss (No Trend): 0.738842 | LR: 1.71e-04
Epoch [26/100] | Total Loss: 0.9836 | Aux Loss: 0.1750 | Train Mixed Loss: 0.8087 (Base: 0.2895, Trend: 0.1501, DTW: 0.1216, TopK: 0.5074) | Val Mixed Loss (No Trend): 0.7284 (Base: 0.2797, DTW: 0.1272, TopK: 0.4779) | EMA Val Loss (No Trend): 0.736226 | LR: 1.69e-04
Saved new best weights to best_model_seed1.pth (EMA validation loss without trend: 0.736226).
Epoch [27/100] | Total Loss: 0.9823 | Aux Loss: 0.1738 | Train Mixed Loss: 0.8084 (Base: 0.2891, Trend: 0.1505, DTW: 0.1218, TopK: 0.5056) | Val Mixed Loss (No Trend): 0.7219 (Base: 0.2758, DTW: 0.1236, TopK: 0.4978) | EMA Val Loss (No Trend): 0.732633 | LR: 1.66e-04
Saved new best weights to best_model_seed1.pth (EMA validation loss without trend: 0.732633).
Epoch [28/100] | Total Loss: 0.9831 | Aux Loss: 0.1743 | Train Mixed Loss: 0.8089 (Base: 0.2891, Trend: 0.1504, DTW: 0.1218, TopK: 0.5079) | Val Mixed Loss (No Trend): 0.7410 (Base: 0.2928, DTW: 0.1308, TopK: 0.4472) | EMA Val Loss (No Trend): 0.734720 | LR: 1.64e-04
Epoch [29/100] | Total Loss: 0.9753 | Aux Loss: 0.1737 | Train Mixed Loss: 0.8016 (Base: 0.2864, Trend: 0.1492, DTW: 0.1206, TopK: 0.5039) | Val Mixed Loss (No Trend): 0.7139 (Base: 0.2733, DTW: 0.1228, TopK: 0.4868) | EMA Val Loss (No Trend): 0.729522 | LR: 1.61e-04
Saved new best weights to best_model_seed1.pth (EMA validation loss without trend: 0.729522).
Epoch [30/100] | Total Loss: 0.9803 | Aux Loss: 0.1749 | Train Mixed Loss: 0.8054 (Base: 0.2879, Trend: 0.1513, DTW: 0.1207, TopK: 0.5076) | Val Mixed Loss (No Trend): 0.7377 (Base: 0.2868, DTW: 0.1273, TopK: 0.4848) | EMA Val Loss (No Trend): 0.731576 | LR: 1.59e-04
Epoch [31/100] | Total Loss: 0.9774 | Aux Loss: 0.1750 | Train Mixed Loss: 0.8025 (Base: 0.2868, Trend: 0.1510, DTW: 0.1204, TopK: 0.5040) | Val Mixed Loss (No Trend): 0.7273 (Base: 0.2815, DTW: 0.1272, TopK: 0.4684) | EMA Val Loss (No Trend): 0.730496 | LR: 1.56e-04
Epoch [32/100] | Total Loss: 0.9679 | Aux Loss: 0.1725 | Train Mixed Loss: 0.7955 (Base: 0.2863, Trend: 0.1509, DTW: 0.1180, TopK: 0.5016) | Val Mixed Loss (No Trend): 0.7331 (Base: 0.2803, DTW: 0.1271, TopK: 0.4925) | EMA Val Loss (No Trend): 0.731137 | LR: 1.54e-04
Epoch [33/100] | Total Loss: 0.9571 | Aux Loss: 0.1704 | Train Mixed Loss: 0.7867 (Base: 0.2829, Trend: 0.1493, DTW: 0.1164, TopK: 0.4999) | Val Mixed Loss (No Trend): 0.7286 (Base: 0.2860, DTW: 0.1274, TopK: 0.4559) | EMA Val Loss (No Trend): 0.730506 | LR: 1.51e-04
Epoch [34/100] | Total Loss: 0.9569 | Aux Loss: 0.1712 | Train Mixed Loss: 0.7857 (Base: 0.2831, Trend: 0.1496, DTW: 0.1163, TopK: 0.4953) | Val Mixed Loss (No Trend): 0.7370 (Base: 0.2882, DTW: 0.1316, TopK: 0.4434) | EMA Val Loss (No Trend): 0.732127 | LR: 1.48e-04
Epoch [35/100] | Total Loss: 0.9603 | Aux Loss: 0.1724 | Train Mixed Loss: 0.7879 (Base: 0.2837, Trend: 0.1501, DTW: 0.1169, TopK: 0.4950) | Val Mixed Loss (No Trend): 0.7166 (Base: 0.2786, DTW: 0.1238, TopK: 0.4699) | EMA Val Loss (No Trend): 0.728253 | LR: 1.46e-04
Saved new best weights to best_model_seed1.pth (EMA validation loss without trend: 0.728253).
Epoch [36/100] | Total Loss: 0.9522 | Aux Loss: 0.1698 | Train Mixed Loss: 0.7824 (Base: 0.2821, Trend: 0.1494, DTW: 0.1154, TopK: 0.4952) | Val Mixed Loss (No Trend): 0.7291 (Base: 0.2839, DTW: 0.1281, TopK: 0.4596) | EMA Val Loss (No Trend): 0.728467 | LR: 1.43e-04
Epoch [37/100] | Total Loss: 0.9543 | Aux Loss: 0.1717 | Train Mixed Loss: 0.7826 (Base: 0.2814, Trend: 0.1495, DTW: 0.1153, TopK: 0.4989) | Val Mixed Loss (No Trend): 0.7387 (Base: 0.2897, DTW: 0.1296, TopK: 0.4598) | EMA Val Loss (No Trend): 0.731032 | LR: 1.40e-04
Epoch [38/100] | Total Loss: 0.9483 | Aux Loss: 0.1703 | Train Mixed Loss: 0.7781 (Base: 0.2808, Trend: 0.1498, DTW: 0.1146, TopK: 0.4913) | Val Mixed Loss (No Trend): 0.7078 (Base: 0.2731, DTW: 0.1219, TopK: 0.4741) | EMA Val Loss (No Trend): 0.725214 | LR: 1.37e-04
Saved new best weights to best_model_seed1.pth (EMA validation loss without trend: 0.725214).
Epoch [39/100] | Total Loss: 0.9448 | Aux Loss: 0.1692 | Train Mixed Loss: 0.7756 (Base: 0.2806, Trend: 0.1501, DTW: 0.1136, TopK: 0.4909) | Val Mixed Loss (No Trend): 0.7306 (Base: 0.2851, DTW: 0.1275, TopK: 0.4653) | EMA Val Loss (No Trend): 0.726570 | LR: 1.34e-04
Epoch [40/100] | Total Loss: 0.9420 | Aux Loss: 0.1697 | Train Mixed Loss: 0.7722 (Base: 0.2789, Trend: 0.1489, DTW: 0.1134, TopK: 0.4892) | Val Mixed Loss (No Trend): 0.7313 (Base: 0.2830, DTW: 0.1274, TopK: 0.4756) | EMA Val Loss (No Trend): 0.727760 | LR: 1.31e-04
Epoch [41/100] | Total Loss: 0.9432 | Aux Loss: 0.1700 | Train Mixed Loss: 0.7732 (Base: 0.2790, Trend: 0.1497, DTW: 0.1135, TopK: 0.4897) | Val Mixed Loss (No Trend): 0.7401 (Base: 0.2887, DTW: 0.1302, TopK: 0.4632) | EMA Val Loss (No Trend): 0.730844 | LR: 1.28e-04
Epoch [42/100] | Total Loss: 0.9334 | Aux Loss: 0.1685 | Train Mixed Loss: 0.7648 (Base: 0.2770, Trend: 0.1496, DTW: 0.1116, TopK: 0.4839) | Val Mixed Loss (No Trend): 0.7278 (Base: 0.2830, DTW: 0.1264, TopK: 0.4710) | EMA Val Loss (No Trend): 0.730078 | LR: 1.25e-04
Epoch [43/100] | Total Loss: 0.9311 | Aux Loss: 0.1689 | Train Mixed Loss: 0.7622 (Base: 0.2762, Trend: 0.1492, DTW: 0.1109, TopK: 0.4843) | Val Mixed Loss (No Trend): 0.7298 (Base: 0.2825, DTW: 0.1294, TopK: 0.4561) | EMA Val Loss (No Trend): 0.729998 | LR: 1.22e-04
Epoch [44/100] | Total Loss: 0.9320 | Aux Loss: 0.1678 | Train Mixed Loss: 0.7642 (Base: 0.2761, Trend: 0.1500, DTW: 0.1113, TopK: 0.4867) | Val Mixed Loss (No Trend): 0.7415 (Base: 0.2944, DTW: 0.1311, TopK: 0.4414) | EMA Val Loss (No Trend): 0.732883 | LR: 1.19e-04
Epoch [45/100] | Total Loss: 0.9285 | Aux Loss: 0.1665 | Train Mixed Loss: 0.7621 (Base: 0.2766, Trend: 0.1497, DTW: 0.1107, TopK: 0.4833) | Val Mixed Loss (No Trend): 0.7465 (Base: 0.2930, DTW: 0.1332, TopK: 0.4459) | EMA Val Loss (No Trend): 0.736288 | LR: 1.16e-04
Epoch [46/100] | Total Loss: 0.9266 | Aux Loss: 0.1662 | Train Mixed Loss: 0.7604 (Base: 0.2756, Trend: 0.1497, DTW: 0.1103, TopK: 0.4837) | Val Mixed Loss (No Trend): 0.7231 (Base: 0.2790, DTW: 0.1264, TopK: 0.4691) | EMA Val Loss (No Trend): 0.732990 | LR: 1.13e-04
Epoch [47/100] | Total Loss: 0.9298 | Aux Loss: 0.1674 | Train Mixed Loss: 0.7624 (Base: 0.2752, Trend: 0.1503, DTW: 0.1106, TopK: 0.4884) | Val Mixed Loss (No Trend): 0.7259 (Base: 0.2804, DTW: 0.1285, TopK: 0.4568) | EMA Val Loss (No Trend): 0.731209 | LR: 1.10e-04
Epoch [48/100] | Total Loss: 0.9155 | Aux Loss: 0.1657 | Train Mixed Loss: 0.7498 (Base: 0.2724, Trend: 0.1491, DTW: 0.1080, TopK: 0.4789) | Val Mixed Loss (No Trend): 0.7188 (Base: 0.2799, DTW: 0.1248, TopK: 0.4647) | EMA Val Loss (No Trend): 0.728117 | LR: 1.07e-04
Epoch [49/100] | Total Loss: 0.9190 | Aux Loss: 0.1672 | Train Mixed Loss: 0.7518 (Base: 0.2733, Trend: 0.1501, DTW: 0.1082, TopK: 0.4788) | Val Mixed Loss (No Trend): 0.7319 (Base: 0.2821, DTW: 0.1281, TopK: 0.4743) | EMA Val Loss (No Trend): 0.729059 | LR: 1.04e-04
Epoch [50/100] | Total Loss: 0.9187 | Aux Loss: 0.1662 | Train Mixed Loss: 0.7525 (Base: 0.2735, Trend: 0.1495, DTW: 0.1083, TopK: 0.4806) | Val Mixed Loss (No Trend): 0.7175 (Base: 0.2785, DTW: 0.1265, TopK: 0.4516) | EMA Val Loss (No Trend): 0.726173 | LR: 1.01e-04
Epoch [51/100] | Total Loss: 0.9027 | Aux Loss: 0.1650 | Train Mixed Loss: 0.7377 (Base: 0.2698, Trend: 0.1488, DTW: 0.1050, TopK: 0.4719) | Val Mixed Loss (No Trend): 0.7356 (Base: 0.2835, DTW: 0.1315, TopK: 0.4548) | EMA Val Loss (No Trend): 0.728526 | LR: 9.74e-05
Epoch [52/100] | Total Loss: 0.9066 | Aux Loss: 0.1649 | Train Mixed Loss: 0.7417 (Base: 0.2705, Trend: 0.1489, DTW: 0.1060, TopK: 0.4747) | Val Mixed Loss (No Trend): 0.7163 (Base: 0.2785, DTW: 0.1239, TopK: 0.4684) | EMA Val Loss (No Trend): 0.725473 | LR: 9.43e-05
Epoch [53/100] | Total Loss: 0.9042 | Aux Loss: 0.1638 | Train Mixed Loss: 0.7404 (Base: 0.2702, Trend: 0.1492, DTW: 0.1056, TopK: 0.4738) | Val Mixed Loss (No Trend): 0.7219 (Base: 0.2785, DTW: 0.1263, TopK: 0.4676) | EMA Val Loss (No Trend): 0.724576 | LR: 9.11e-05
Saved new best weights to best_model_seed1.pth (EMA validation loss without trend: 0.724576).
Epoch [54/100] | Total Loss: 0.8975 | Aux Loss: 0.1657 | Train Mixed Loss: 0.7318 (Base: 0.2678, Trend: 0.1484, DTW: 0.1038, TopK: 0.4690) | Val Mixed Loss (No Trend): 0.7200 (Base: 0.2783, DTW: 0.1253, TopK: 0.4700) | EMA Val Loss (No Trend): 0.723427 | LR: 8.80e-05
Saved new best weights to best_model_seed1.pth (EMA validation loss without trend: 0.723427).
Epoch [55/100] | Total Loss: 0.8953 | Aux Loss: 0.1632 | Train Mixed Loss: 0.7321 (Base: 0.2678, Trend: 0.1491, DTW: 0.1037, TopK: 0.4695) | Val Mixed Loss (No Trend): 0.7172 (Base: 0.2776, DTW: 0.1238, TopK: 0.4748) | EMA Val Loss (No Trend): 0.721871 | LR: 8.49e-05
Saved new best weights to best_model_seed1.pth (EMA validation loss without trend: 0.721871).
Epoch [56/100] | Total Loss: 0.8934 | Aux Loss: 0.1617 | Train Mixed Loss: 0.7317 (Base: 0.2671, Trend: 0.1489, DTW: 0.1042, TopK: 0.4672) | Val Mixed Loss (No Trend): 0.7142 (Base: 0.2769, DTW: 0.1237, TopK: 0.4682) | EMA Val Loss (No Trend): 0.719948 | LR: 8.19e-05
Saved new best weights to best_model_seed1.pth (EMA validation loss without trend: 0.719948).
Epoch [57/100] | Total Loss: 0.8967 | Aux Loss: 0.1629 | Train Mixed Loss: 0.7338 (Base: 0.2693, Trend: 0.1494, DTW: 0.1035, TopK: 0.4712) | Val Mixed Loss (No Trend): 0.7193 (Base: 0.2784, DTW: 0.1249, TopK: 0.4701) | EMA Val Loss (No Trend): 0.719797 | LR: 7.88e-05
Saved new best weights to best_model_seed1.pth (EMA validation loss without trend: 0.719797).
Epoch [58/100] | Total Loss: 0.8873 | Aux Loss: 0.1616 | Train Mixed Loss: 0.7258 (Base: 0.2660, Trend: 0.1483, DTW: 0.1025, TopK: 0.4654) | Val Mixed Loss (No Trend): 0.7222 (Base: 0.2780, DTW: 0.1265, TopK: 0.4682) | EMA Val Loss (No Trend): 0.720393 | LR: 7.58e-05
Epoch [59/100] | Total Loss: 0.8806 | Aux Loss: 0.1616 | Train Mixed Loss: 0.7191 (Base: 0.2645, Trend: 0.1486, DTW: 0.1006, TopK: 0.4624) | Val Mixed Loss (No Trend): 0.7205 (Base: 0.2816, DTW: 0.1269, TopK: 0.4480) | EMA Val Loss (No Trend): 0.720422 | LR: 7.27e-05
Epoch [60/100] | Total Loss: 0.8843 | Aux Loss: 0.1613 | Train Mixed Loss: 0.7230 (Base: 0.2653, Trend: 0.1483, DTW: 0.1015, TopK: 0.4662) | Val Mixed Loss (No Trend): 0.7385 (Base: 0.2895, DTW: 0.1305, TopK: 0.4526) | EMA Val Loss (No Trend): 0.724947 | LR: 6.98e-05
Epoch [61/100] | Total Loss: 0.8841 | Aux Loss: 0.1615 | Train Mixed Loss: 0.7226 (Base: 0.2646, Trend: 0.1497, DTW: 0.1014, TopK: 0.4660) | Val Mixed Loss (No Trend): 0.7282 (Base: 0.2849, DTW: 0.1287, TopK: 0.4485) | EMA Val Loss (No Trend): 0.725773 | LR: 6.68e-05
Epoch [62/100] | Total Loss: 0.8841 | Aux Loss: 0.1629 | Train Mixed Loss: 0.7213 (Base: 0.2637, Trend: 0.1491, DTW: 0.1015, TopK: 0.4651) | Val Mixed Loss (No Trend): 0.7216 (Base: 0.2841, DTW: 0.1261, TopK: 0.4500) | EMA Val Loss (No Trend): 0.724741 | LR: 6.39e-05
Epoch [63/100] | Total Loss: 0.8851 | Aux Loss: 0.1635 | Train Mixed Loss: 0.7216 (Base: 0.2647, Trend: 0.1498, DTW: 0.1011, TopK: 0.4643) | Val Mixed Loss (No Trend): 0.7356 (Base: 0.2890, DTW: 0.1298, TopK: 0.4500) | EMA Val Loss (No Trend): 0.727459 | LR: 6.10e-05
Epoch [64/100] | Total Loss: 0.8752 | Aux Loss: 0.1621 | Train Mixed Loss: 0.7132 (Base: 0.2622, Trend: 0.1489, DTW: 0.0995, TopK: 0.4593) | Val Mixed Loss (No Trend): 0.7243 (Base: 0.2837, DTW: 0.1273, TopK: 0.4499) | EMA Val Loss (No Trend): 0.726659 | LR: 5.81e-05
Epoch [65/100] | Total Loss: 0.8745 | Aux Loss: 0.1604 | Train Mixed Loss: 0.7141 (Base: 0.2629, Trend: 0.1489, DTW: 0.0993, TopK: 0.4616) | Val Mixed Loss (No Trend): 0.7274 (Base: 0.2877, DTW: 0.1270, TopK: 0.4495) | EMA Val Loss (No Trend): 0.726855 | LR: 5.53e-05
Epoch [66/100] | Total Loss: 0.8742 | Aux Loss: 0.1612 | Train Mixed Loss: 0.7130 (Base: 0.2623, Trend: 0.1491, DTW: 0.0991, TopK: 0.4611) | Val Mixed Loss (No Trend): 0.7205 (Base: 0.2822, DTW: 0.1261, TopK: 0.4526) | EMA Val Loss (No Trend): 0.725265 | LR: 5.26e-05
Epoch [67/100] | Total Loss: 0.8712 | Aux Loss: 0.1620 | Train Mixed Loss: 0.7092 (Base: 0.2615, Trend: 0.1488, DTW: 0.0984, TopK: 0.4572) | Val Mixed Loss (No Trend): 0.7132 (Base: 0.2785, DTW: 0.1236, TopK: 0.4603) | EMA Val Loss (No Trend): 0.722239 | LR: 4.99e-05
Epoch [68/100] | Total Loss: 0.8697 | Aux Loss: 0.1592 | Train Mixed Loss: 0.7105 (Base: 0.2616, Trend: 0.1504, DTW: 0.0983, TopK: 0.4596) | Val Mixed Loss (No Trend): 0.7243 (Base: 0.2813, DTW: 0.1263, TopK: 0.4665) | EMA Val Loss (No Trend): 0.722756 | LR: 4.72e-05
Epoch [69/100] | Total Loss: 0.8793 | Aux Loss: 0.1624 | Train Mixed Loss: 0.7169 (Base: 0.2635, Trend: 0.1509, DTW: 0.0998, TopK: 0.4611) | Val Mixed Loss (No Trend): 0.7110 (Base: 0.2761, DTW: 0.1224, TopK: 0.4706) | EMA Val Loss (No Trend): 0.719820 | LR: 4.46e-05
Epoch [70/100] | Total Loss: 0.8657 | Aux Loss: 0.1612 | Train Mixed Loss: 0.7045 (Base: 0.2603, Trend: 0.1487, DTW: 0.0971, TopK: 0.4555) | Val Mixed Loss (No Trend): 0.7252 (Base: 0.2819, DTW: 0.1269, TopK: 0.4631) | EMA Val Loss (No Trend): 0.721174 | LR: 4.20e-05
Epoch [71/100] | Total Loss: 0.8675 | Aux Loss: 0.1612 | Train Mixed Loss: 0.7063 (Base: 0.2603, Trend: 0.1494, DTW: 0.0977, TopK: 0.4563) | Val Mixed Loss (No Trend): 0.7284 (Base: 0.2866, DTW: 0.1284, TopK: 0.4457) | EMA Val Loss (No Trend): 0.722990 | LR: 3.95e-05
Epoch [72/100] | Total Loss: 0.8632 | Aux Loss: 0.1610 | Train Mixed Loss: 0.7022 (Base: 0.2599, Trend: 0.1494, DTW: 0.0965, TopK: 0.4534) | Val Mixed Loss (No Trend): 0.7301 (Base: 0.2842, DTW: 0.1285, TopK: 0.4584) | EMA Val Loss (No Trend): 0.724777 | LR: 3.71e-05
Epoch [73/100] | Total Loss: 0.8579 | Aux Loss: 0.1595 | Train Mixed Loss: 0.6984 (Base: 0.2584, Trend: 0.1488, DTW: 0.0958, TopK: 0.4526) | Val Mixed Loss (No Trend): 0.7161 (Base: 0.2771, DTW: 0.1252, TopK: 0.4616) | EMA Val Loss (No Trend): 0.722597 | LR: 3.47e-05
Epoch [74/100] | Total Loss: 0.8587 | Aux Loss: 0.1600 | Train Mixed Loss: 0.6987 (Base: 0.2582, Trend: 0.1500, DTW: 0.0957, TopK: 0.4530) | Val Mixed Loss (No Trend): 0.7212 (Base: 0.2815, DTW: 0.1260, TopK: 0.4579) | EMA Val Loss (No Trend): 0.722257 | LR: 3.24e-05
Epoch [75/100] | Total Loss: 0.8497 | Aux Loss: 0.1580 | Train Mixed Loss: 0.6916 (Base: 0.2564, Trend: 0.1484, DTW: 0.0945, TopK: 0.4476) | Val Mixed Loss (No Trend): 0.7211 (Base: 0.2805, DTW: 0.1251, TopK: 0.4676) | EMA Val Loss (No Trend): 0.721969 | LR: 3.01e-05
Epoch [76/100] | Total Loss: 0.8557 | Aux Loss: 0.1598 | Train Mixed Loss: 0.6959 (Base: 0.2575, Trend: 0.1488, DTW: 0.0951, TopK: 0.4526) | Val Mixed Loss (No Trend): 0.7213 (Base: 0.2798, DTW: 0.1264, TopK: 0.4603) | EMA Val Loss (No Trend): 0.721803 | LR: 2.80e-05
Epoch [77/100] | Total Loss: 0.8509 | Aux Loss: 0.1599 | Train Mixed Loss: 0.6910 (Base: 0.2561, Trend: 0.1491, DTW: 0.0941, TopK: 0.4483) | Val Mixed Loss (No Trend): 0.7170 (Base: 0.2782, DTW: 0.1254, TopK: 0.4595) | EMA Val Loss (No Trend): 0.720594 | LR: 2.59e-05
Epoch [78/100] | Total Loss: 0.8473 | Aux Loss: 0.1579 | Train Mixed Loss: 0.6894 (Base: 0.2553, Trend: 0.1488, DTW: 0.0939, TopK: 0.4479) | Val Mixed Loss (No Trend): 0.7232 (Base: 0.2818, DTW: 0.1260, TopK: 0.4639) | EMA Val Loss (No Trend): 0.721250 | LR: 2.38e-05
Epoch [79/100] | Total Loss: 0.8508 | Aux Loss: 0.1591 | Train Mixed Loss: 0.6918 (Base: 0.2560, Trend: 0.1488, DTW: 0.0945, TopK: 0.4483) | Val Mixed Loss (No Trend): 0.7176 (Base: 0.2794, DTW: 0.1247, TopK: 0.4632) | EMA Val Loss (No Trend): 0.720338 | LR: 2.19e-05
Epoch [80/100] | Total Loss: 0.8420 | Aux Loss: 0.1571 | Train Mixed Loss: 0.6849 (Base: 0.2547, Trend: 0.1480, DTW: 0.0930, TopK: 0.4435) | Val Mixed Loss (No Trend): 0.7198 (Base: 0.2807, DTW: 0.1258, TopK: 0.4578) | EMA Val Loss (No Trend): 0.720214 | LR: 2.00e-05
Epoch [81/100] | Total Loss: 0.8428 | Aux Loss: 0.1575 | Train Mixed Loss: 0.6853 (Base: 0.2548, Trend: 0.1487, DTW: 0.0929, TopK: 0.4439) | Val Mixed Loss (No Trend): 0.7029 (Base: 0.2755, DTW: 0.1215, TopK: 0.4529) | EMA Val Loss (No Trend): 0.715877 | LR: 1.82e-05
Saved new best weights to best_model_seed1.pth (EMA validation loss without trend: 0.715877).
Epoch [82/100] | Total Loss: 0.8405 | Aux Loss: 0.1577 | Train Mixed Loss: 0.6828 (Base: 0.2539, Trend: 0.1478, DTW: 0.0926, TopK: 0.4428) | Val Mixed Loss (No Trend): 0.7219 (Base: 0.2785, DTW: 0.1255, TopK: 0.4745) | EMA Val Loss (No Trend): 0.717395 | LR: 1.65e-05
Epoch [83/100] | Total Loss: 0.8390 | Aux Loss: 0.1581 | Train Mixed Loss: 0.6810 (Base: 0.2529, Trend: 0.1473, DTW: 0.0925, TopK: 0.4416) | Val Mixed Loss (No Trend): 0.7172 (Base: 0.2805, DTW: 0.1252, TopK: 0.4538) | EMA Val Loss (No Trend): 0.717349 | LR: 1.49e-05
Epoch [84/100] | Total Loss: 0.8472 | Aux Loss: 0.1587 | Train Mixed Loss: 0.6885 (Base: 0.2553, Trend: 0.1489, DTW: 0.0938, TopK: 0.4452) | Val Mixed Loss (No Trend): 0.7182 (Base: 0.2786, DTW: 0.1248, TopK: 0.4670) | EMA Val Loss (No Trend): 0.717549 | LR: 1.33e-05
Epoch [85/100] | Total Loss: 0.8413 | Aux Loss: 0.1574 | Train Mixed Loss: 0.6840 (Base: 0.2539, Trend: 0.1487, DTW: 0.0926, TopK: 0.4452) | Val Mixed Loss (No Trend): 0.7238 (Base: 0.2824, DTW: 0.1255, TopK: 0.4674) | EMA Val Loss (No Trend): 0.719124 | LR: 1.18e-05
Epoch [86/100] | Total Loss: 0.8469 | Aux Loss: 0.1583 | Train Mixed Loss: 0.6886 (Base: 0.2543, Trend: 0.1491, DTW: 0.0939, TopK: 0.4481) | Val Mixed Loss (No Trend): 0.7216 (Base: 0.2818, DTW: 0.1261, TopK: 0.4573) | EMA Val Loss (No Trend): 0.719731 | LR: 1.05e-05
Epoch [87/100] | Total Loss: 0.8410 | Aux Loss: 0.1578 | Train Mixed Loss: 0.6832 (Base: 0.2546, Trend: 0.1488, DTW: 0.0923, TopK: 0.4422) | Val Mixed Loss (No Trend): 0.7182 (Base: 0.2802, DTW: 0.1243, TopK: 0.4657) | EMA Val Loss (No Trend): 0.719343 | LR: 9.18e-06
Epoch [88/100] | Total Loss: 0.8342 | Aux Loss: 0.1579 | Train Mixed Loss: 0.6763 (Base: 0.2511, Trend: 0.1475, DTW: 0.0913, TopK: 0.4410) | Val Mixed Loss (No Trend): 0.7225 (Base: 0.2822, DTW: 0.1270, TopK: 0.4519) | EMA Val Loss (No Trend): 0.720140 | LR: 7.99e-06
Epoch [89/100] | Total Loss: 0.8322 | Aux Loss: 0.1572 | Train Mixed Loss: 0.6750 (Base: 0.2512, Trend: 0.1475, DTW: 0.0909, TopK: 0.4393) | Val Mixed Loss (No Trend): 0.7198 (Base: 0.2796, DTW: 0.1256, TopK: 0.4622) | EMA Val Loss (No Trend): 0.720043 | LR: 6.88e-06
Epoch [90/100] | Total Loss: 0.8372 | Aux Loss: 0.1590 | Train Mixed Loss: 0.6782 (Base: 0.2523, Trend: 0.1480, DTW: 0.0912, TopK: 0.4435) | Val Mixed Loss (No Trend): 0.7146 (Base: 0.2795, DTW: 0.1248, TopK: 0.4517) | EMA Val Loss (No Trend): 0.718692 | LR: 5.87e-06
Epoch [91/100] | Total Loss: 0.8322 | Aux Loss: 0.1566 | Train Mixed Loss: 0.6756 (Base: 0.2515, Trend: 0.1485, DTW: 0.0906, TopK: 0.4415) | Val Mixed Loss (No Trend): 0.7185 (Base: 0.2809, DTW: 0.1252, TopK: 0.4573) | EMA Val Loss (No Trend): 0.718654 | LR: 4.95e-06
Epoch [92/100] | Total Loss: 0.8391 | Aux Loss: 0.1589 | Train Mixed Loss: 0.6803 (Base: 0.2530, Trend: 0.1492, DTW: 0.0915, TopK: 0.4433) | Val Mixed Loss (No Trend): 0.7205 (Base: 0.2812, DTW: 0.1254, TopK: 0.4610) | EMA Val Loss (No Trend): 0.719111 | LR: 4.13e-06
Epoch [93/100] | Total Loss: 0.8376 | Aux Loss: 0.1577 | Train Mixed Loss: 0.6798 (Base: 0.2524, Trend: 0.1485, DTW: 0.0916, TopK: 0.4439) | Val Mixed Loss (No Trend): 0.7158 (Base: 0.2793, DTW: 0.1253, TopK: 0.4527) | EMA Val Loss (No Trend): 0.718281 | LR: 3.40e-06
Epoch [94/100] | Total Loss: 0.8448 | Aux Loss: 0.1598 | Train Mixed Loss: 0.6850 (Base: 0.2536, Trend: 0.1498, DTW: 0.0930, TopK: 0.4445) | Val Mixed Loss (No Trend): 0.7191 (Base: 0.2800, DTW: 0.1253, TopK: 0.4612) | EMA Val Loss (No Trend): 0.718496 | LR: 2.76e-06
Epoch [95/100] | Total Loss: 0.8346 | Aux Loss: 0.1579 | Train Mixed Loss: 0.6767 (Base: 0.2516, Trend: 0.1480, DTW: 0.0912, TopK: 0.4407) | Val Mixed Loss (No Trend): 0.7271 (Base: 0.2830, DTW: 0.1275, TopK: 0.4602) | EMA Val Loss (No Trend): 0.720648 | LR: 2.23e-06
Epoch [96/100] | Total Loss: 0.8373 | Aux Loss: 0.1581 | Train Mixed Loss: 0.6792 (Base: 0.2524, Trend: 0.1489, DTW: 0.0917, TopK: 0.4413) | Val Mixed Loss (No Trend): 0.7267 (Base: 0.2822, DTW: 0.1277, TopK: 0.4597) | EMA Val Loss (No Trend): 0.722154 | LR: 1.78e-06
Epoch [97/100] | Total Loss: 0.8391 | Aux Loss: 0.1591 | Train Mixed Loss: 0.6799 (Base: 0.2537, Trend: 0.1492, DTW: 0.0915, TopK: 0.4398) | Val Mixed Loss (No Trend): 0.7166 (Base: 0.2805, DTW: 0.1248, TopK: 0.4554) | EMA Val Loss (No Trend): 0.720762 | LR: 1.44e-06
Epoch [98/100] | Total Loss: 0.8312 | Aux Loss: 0.1567 | Train Mixed Loss: 0.6745 (Base: 0.2517, Trend: 0.1480, DTW: 0.0905, TopK: 0.4385) | Val Mixed Loss (No Trend): 0.7202 (Base: 0.2811, DTW: 0.1254, TopK: 0.4605) | EMA Val Loss (No Trend): 0.720629 | LR: 1.20e-06
Epoch [99/100] | Total Loss: 0.8378 | Aux Loss: 0.1594 | Train Mixed Loss: 0.6784 (Base: 0.2526, Trend: 0.1490, DTW: 0.0911, TopK: 0.4418) | Val Mixed Loss (No Trend): 0.7061 (Base: 0.2758, DTW: 0.1229, TopK: 0.4510) | EMA Val Loss (No Trend): 0.717001 | LR: 1.05e-06
Epoch [100/100] | Total Loss: 0.8293 | Aux Loss: 0.1567 | Train Mixed Loss: 0.6726 (Base: 0.2511, Trend: 0.1480, DTW: 0.0903, TopK: 0.4362) | Val Mixed Loss (No Trend): 0.7180 (Base: 0.2803, DTW: 0.1246, TopK: 0.4623) | EMA Val Loss (No Trend): 0.717262 | LR: 2.00e-04
