[*] Process seed: 1
Building static profile features from historical data...
[*] Total trainable parameters: 4,539,649
Epoch [1/100] | Train Mixed Loss (Trend, limit=2): 1.1236 (Base: 0.3570, DTW: 0.2014, TopK: 0.6151) | Val Mixed Loss (NoTrend, limit=2): 0.9635 (Base: 0.3506, DTW: 0.1948, TopK: 0.4843) | EMA NoTrend Loss: 0.963481 | LR: 2.00e-04
Epoch [2/100] | Train Mixed Loss (Trend, limit=2): 1.0290 (Base: 0.3394, DTW: 0.1751, TopK: 0.6044) | Val Mixed Loss (NoTrend, limit=2): 0.8559 (Base: 0.3078, DTW: 0.1586, TopK: 0.5584) | EMA NoTrend Loss: 0.936586 | LR: 2.00e-04
Epoch [3/100] | Train Mixed Loss (Trend, limit=2): 0.9888 (Base: 0.3318, DTW: 0.1633, TopK: 0.5931) | Val Mixed Loss (NoTrend, limit=2): 0.8209 (Base: 0.2976, DTW: 0.1486, TopK: 0.5558) | EMA NoTrend Loss: 0.907670 | LR: 2.00e-04
Epoch [4/100] | Train Mixed Loss (Trend, limit=2): 0.9697 (Base: 0.3291, DTW: 0.1569, TopK: 0.5876) | Val Mixed Loss (NoTrend, limit=2): 0.8493 (Base: 0.3155, DTW: 0.1543, TopK: 0.5448) | EMA NoTrend Loss: 0.893077 | LR: 1.99e-04
Epoch [5/100] | Train Mixed Loss (Trend, limit=2): 0.9535 (Base: 0.3252, DTW: 0.1525, TopK: 0.5815) | Val Mixed Loss (NoTrend, limit=2): 0.7996 (Base: 0.3034, DTW: 0.1419, TopK: 0.5187) | EMA NoTrend Loss: 0.869697 | LR: 1.99e-04
Epoch [6/100] | Train Mixed Loss (Trend, limit=2): 0.9370 (Base: 0.3211, DTW: 0.1484, TopK: 0.5761) | Val Mixed Loss (NoTrend, limit=2): 0.8102 (Base: 0.2963, DTW: 0.1403, TopK: 0.5905) | EMA NoTrend Loss: 0.854827 | LR: 1.98e-04
Epoch [7/100] | Train Mixed Loss (Trend, limit=2): 0.9271 (Base: 0.3188, DTW: 0.1458, TopK: 0.5714) | Val Mixed Loss (NoTrend, limit=2): 0.8018 (Base: 0.3069, DTW: 0.1422, TopK: 0.5120) | EMA NoTrend Loss: 0.841561 | LR: 1.98e-04
Epoch [8/100] | Train Mixed Loss (Trend, limit=2): 0.9141 (Base: 0.3148, DTW: 0.1431, TopK: 0.5660) | Val Mixed Loss (NoTrend, limit=2): 0.7894 (Base: 0.2990, DTW: 0.1418, TopK: 0.5005) | EMA NoTrend Loss: 0.828525 | LR: 1.97e-04
Epoch [9/100] | Train Mixed Loss (Trend, limit=2): 0.9033 (Base: 0.3124, DTW: 0.1401, TopK: 0.5624) | Val Mixed Loss (NoTrend, limit=2): 0.7755 (Base: 0.2982, DTW: 0.1368, TopK: 0.4967) | EMA NoTrend Loss: 0.815272 | LR: 1.96e-04
Epoch [10/100] | Train Mixed Loss (Trend, limit=2): 0.8936 (Base: 0.3090, DTW: 0.1379, TopK: 0.5602) | Val Mixed Loss (NoTrend, limit=2): 0.7712 (Base: 0.2879, DTW: 0.1335, TopK: 0.5428) | EMA NoTrend Loss: 0.804260 | LR: 1.95e-04
Epoch [11/100] | Train Mixed Loss (Trend, limit=2): 0.8863 (Base: 0.3079, DTW: 0.1360, TopK: 0.5556) | Val Mixed Loss (NoTrend, limit=2): 0.7664 (Base: 0.2890, DTW: 0.1351, TopK: 0.5101) | EMA NoTrend Loss: 0.794797 | LR: 1.94e-04
Epoch [12/100] | Train Mixed Loss (Trend, limit=2): 0.8866 (Base: 0.3077, DTW: 0.1364, TopK: 0.5557) | Val Mixed Loss (NoTrend, limit=2): 0.7594 (Base: 0.2826, DTW: 0.1331, TopK: 0.5242) | EMA NoTrend Loss: 0.785942 | LR: 1.93e-04
Epoch [13/100] | Train Mixed Loss (Trend, limit=2): 0.8708 (Base: 0.3038, DTW: 0.1321, TopK: 0.5511) | Val Mixed Loss (NoTrend, limit=2): 0.7608 (Base: 0.2952, DTW: 0.1333, TopK: 0.4854) | EMA NoTrend Loss: 0.779659 | LR: 1.92e-04
Epoch [14/100] | Train Mixed Loss (Trend, limit=2): 0.8654 (Base: 0.3028, DTW: 0.1312, TopK: 0.5447) | Val Mixed Loss (NoTrend, limit=2): 0.7754 (Base: 0.2997, DTW: 0.1380, TopK: 0.4816) | EMA NoTrend Loss: 0.778598 | LR: 1.91e-04
Epoch [15/100] | Train Mixed Loss (Trend, limit=2): 0.8646 (Base: 0.3022, DTW: 0.1307, TopK: 0.5467) | Val Mixed Loss (NoTrend, limit=2): 0.7675 (Base: 0.2937, DTW: 0.1362, TopK: 0.4898) | EMA NoTrend Loss: 0.775824 | LR: 1.89e-04
Epoch [16/100] | Train Mixed Loss (Trend, limit=2): 0.8561 (Base: 0.3001, DTW: 0.1287, TopK: 0.5422) | Val Mixed Loss (NoTrend, limit=2): 0.7569 (Base: 0.2887, DTW: 0.1333, TopK: 0.4939) | EMA NoTrend Loss: 0.771093 | LR: 1.88e-04
Epoch [17/100] | Train Mixed Loss (Trend, limit=2): 0.8473 (Base: 0.2974, DTW: 0.1271, TopK: 0.5372) | Val Mixed Loss (NoTrend, limit=2): 0.7526 (Base: 0.2840, DTW: 0.1314, TopK: 0.5109) | EMA NoTrend Loss: 0.766479 | LR: 1.86e-04
Epoch [18/100] | Train Mixed Loss (Trend, limit=2): 0.8415 (Base: 0.2962, DTW: 0.1259, TopK: 0.5331) | Val Mixed Loss (NoTrend, limit=2): 0.7471 (Base: 0.2856, DTW: 0.1303, TopK: 0.4963) | EMA NoTrend Loss: 0.761633 | LR: 1.85e-04
Epoch [19/100] | Train Mixed Loss (Trend, limit=2): 0.8385 (Base: 0.2954, DTW: 0.1251, TopK: 0.5318) | Val Mixed Loss (NoTrend, limit=2): 0.7746 (Base: 0.2994, DTW: 0.1389, TopK: 0.4727) | EMA NoTrend Loss: 0.764884 | LR: 1.83e-04
Epoch [20/100] | Train Mixed Loss (Trend, limit=2): 0.8374 (Base: 0.2948, DTW: 0.1246, TopK: 0.5335) | Val Mixed Loss (NoTrend, limit=2): 0.7578 (Base: 0.2956, DTW: 0.1334, TopK: 0.4736) | EMA NoTrend Loss: 0.763122 | LR: 1.81e-04
Epoch [21/100] | Train Mixed Loss (Trend, limit=2): 0.8261 (Base: 0.2917, DTW: 0.1223, TopK: 0.5279) | Val Mixed Loss (NoTrend, limit=2): 0.7589 (Base: 0.2943, DTW: 0.1334, TopK: 0.4813) | EMA NoTrend Loss: 0.762069 | LR: 1.79e-04
Epoch [22/100] | Train Mixed Loss (Trend, limit=2): 0.8310 (Base: 0.2936, DTW: 0.1231, TopK: 0.5285) | Val Mixed Loss (NoTrend, limit=2): 0.7545 (Base: 0.2816, DTW: 0.1340, TopK: 0.5039) | EMA NoTrend Loss: 0.760165 | LR: 1.77e-04
Epoch [23/100] | Train Mixed Loss (Trend, limit=2): 0.8239 (Base: 0.2910, DTW: 0.1216, TopK: 0.5270) | Val Mixed Loss (NoTrend, limit=2): 0.7439 (Base: 0.2819, DTW: 0.1317, TopK: 0.4866) | EMA NoTrend Loss: 0.756088 | LR: 1.75e-04
Epoch [24/100] | Train Mixed Loss (Trend, limit=2): 0.8223 (Base: 0.2916, DTW: 0.1212, TopK: 0.5232) | Val Mixed Loss (NoTrend, limit=2): 0.7543 (Base: 0.2805, DTW: 0.1306, TopK: 0.5345) | EMA NoTrend Loss: 0.755634 | LR: 1.73e-04
Epoch [25/100] | Train Mixed Loss (Trend, limit=2): 0.8160 (Base: 0.2899, DTW: 0.1197, TopK: 0.5208) | Val Mixed Loss (NoTrend, limit=2): 0.7484 (Base: 0.2883, DTW: 0.1311, TopK: 0.4851) | EMA NoTrend Loss: 0.753820 | LR: 1.71e-04
Epoch [26/100] | Train Mixed Loss (Trend, limit=2): 0.8096 (Base: 0.2883, DTW: 0.1182, TopK: 0.5173) | Val Mixed Loss (NoTrend, limit=2): 0.7395 (Base: 0.2867, DTW: 0.1285, TopK: 0.4816) | EMA NoTrend Loss: 0.750233 | LR: 1.69e-04
Epoch [27/100] | Train Mixed Loss (Trend, limit=2): 0.8078 (Base: 0.2876, DTW: 0.1178, TopK: 0.5175) | Val Mixed Loss (NoTrend, limit=2): 0.7428 (Base: 0.2844, DTW: 0.1307, TopK: 0.4821) | EMA NoTrend Loss: 0.748365 | LR: 1.66e-04
Epoch [28/100] | Train Mixed Loss (Trend, limit=2): 0.8018 (Base: 0.2860, DTW: 0.1163, TopK: 0.5157) | Val Mixed Loss (NoTrend, limit=2): 0.7543 (Base: 0.2915, DTW: 0.1326, TopK: 0.4825) | EMA NoTrend Loss: 0.749861 | LR: 1.64e-04
Epoch [29/100] | Train Mixed Loss (Trend, limit=2): 0.7985 (Base: 0.2848, DTW: 0.1157, TopK: 0.5129) | Val Mixed Loss (NoTrend, limit=2): 0.7213 (Base: 0.2759, DTW: 0.1234, TopK: 0.4975) | EMA NoTrend Loss: 0.742723 | LR: 1.61e-04
Epoch [30/100] | Train Mixed Loss (Trend, limit=2): 0.7958 (Base: 0.2840, DTW: 0.1154, TopK: 0.5101) | Val Mixed Loss (NoTrend, limit=2): 0.7317 (Base: 0.2792, DTW: 0.1262, TopK: 0.4987) | EMA NoTrend Loss: 0.739968 | LR: 1.59e-04
Epoch [31/100] | Train Mixed Loss (Trend, limit=2): 0.7913 (Base: 0.2831, DTW: 0.1142, TopK: 0.5079) | Val Mixed Loss (NoTrend, limit=2): 0.7314 (Base: 0.2844, DTW: 0.1265, TopK: 0.4783) | EMA NoTrend Loss: 0.737830 | LR: 1.56e-04
Epoch [32/100] | Train Mixed Loss (Trend, limit=2): 0.7875 (Base: 0.2826, DTW: 0.1130, TopK: 0.5067) | Val Mixed Loss (NoTrend, limit=2): 0.7480 (Base: 0.2918, DTW: 0.1316, TopK: 0.4681) | EMA NoTrend Loss: 0.740383 | LR: 1.54e-04
Epoch [33/100] | Train Mixed Loss (Trend, limit=2): 0.7827 (Base: 0.2804, DTW: 0.1123, TopK: 0.5044) | Val Mixed Loss (NoTrend, limit=2): 0.7456 (Base: 0.2895, DTW: 0.1327, TopK: 0.4583) | EMA NoTrend Loss: 0.741687 | LR: 1.51e-04
Epoch [34/100] | Train Mixed Loss (Trend, limit=2): 0.7809 (Base: 0.2801, DTW: 0.1121, TopK: 0.5018) | Val Mixed Loss (NoTrend, limit=2): 0.7409 (Base: 0.2860, DTW: 0.1291, TopK: 0.4833) | EMA NoTrend Loss: 0.741478 | LR: 1.48e-04
Epoch [35/100] | Train Mixed Loss (Trend, limit=2): 0.7780 (Base: 0.2793, DTW: 0.1114, TopK: 0.5006) | Val Mixed Loss (NoTrend, limit=2): 0.7469 (Base: 0.2885, DTW: 0.1322, TopK: 0.4705) | EMA NoTrend Loss: 0.742830 | LR: 1.46e-04
Epoch [36/100] | Train Mixed Loss (Trend, limit=2): 0.7744 (Base: 0.2785, DTW: 0.1103, TopK: 0.4998) | Val Mixed Loss (NoTrend, limit=2): 0.7382 (Base: 0.2845, DTW: 0.1289, TopK: 0.4807) | EMA NoTrend Loss: 0.741666 | LR: 1.43e-04
Epoch [37/100] | Train Mixed Loss (Trend, limit=2): 0.7678 (Base: 0.2770, DTW: 0.1091, TopK: 0.4946) | Val Mixed Loss (NoTrend, limit=2): 0.7266 (Base: 0.2798, DTW: 0.1264, TopK: 0.4784) | EMA NoTrend Loss: 0.737911 | LR: 1.40e-04
Epoch [38/100] | Train Mixed Loss (Trend, limit=2): 0.7724 (Base: 0.2782, DTW: 0.1100, TopK: 0.4960) | Val Mixed Loss (NoTrend, limit=2): 0.7621 (Base: 0.2969, DTW: 0.1357, TopK: 0.4656) | EMA NoTrend Loss: 0.743961 | LR: 1.37e-04
Epoch [39/100] | Train Mixed Loss (Trend, limit=2): 0.7621 (Base: 0.2749, DTW: 0.1080, TopK: 0.4909) | Val Mixed Loss (NoTrend, limit=2): 0.7343 (Base: 0.2835, DTW: 0.1288, TopK: 0.4720) | EMA NoTrend Loss: 0.741544 | LR: 1.34e-04
Epoch [40/100] | Train Mixed Loss (Trend, limit=2): 0.7585 (Base: 0.2739, DTW: 0.1072, TopK: 0.4902) | Val Mixed Loss (NoTrend, limit=2): 0.7345 (Base: 0.2839, DTW: 0.1284, TopK: 0.4745) | EMA NoTrend Loss: 0.739780 | LR: 1.31e-04
Epoch [41/100] | Train Mixed Loss (Trend, limit=2): 0.7554 (Base: 0.2723, DTW: 0.1069, TopK: 0.4882) | Val Mixed Loss (NoTrend, limit=2): 0.7402 (Base: 0.2862, DTW: 0.1310, TopK: 0.4650) | EMA NoTrend Loss: 0.739883 | LR: 1.28e-04
Epoch [42/100] | Train Mixed Loss (Trend, limit=2): 0.7544 (Base: 0.2730, DTW: 0.1062, TopK: 0.4867) | Val Mixed Loss (NoTrend, limit=2): 0.7456 (Base: 0.2875, DTW: 0.1320, TopK: 0.4714) | EMA NoTrend Loss: 0.741307 | LR: 1.25e-04
Epoch [43/100] | Train Mixed Loss (Trend, limit=2): 0.7470 (Base: 0.2707, DTW: 0.1046, TopK: 0.4832) | Val Mixed Loss (NoTrend, limit=2): 0.7413 (Base: 0.2883, DTW: 0.1298, TopK: 0.4711) | EMA NoTrend Loss: 0.741298 | LR: 1.22e-04
Epoch [44/100] | Train Mixed Loss (Trend, limit=2): 0.7448 (Base: 0.2705, DTW: 0.1039, TopK: 0.4821) | Val Mixed Loss (NoTrend, limit=2): 0.7401 (Base: 0.2810, DTW: 0.1295, TopK: 0.4942) | EMA NoTrend Loss: 0.740987 | LR: 1.19e-04
Epoch [45/100] | Train Mixed Loss (Trend, limit=2): 0.7458 (Base: 0.2705, DTW: 0.1043, TopK: 0.4819) | Val Mixed Loss (NoTrend, limit=2): 0.7323 (Base: 0.2855, DTW: 0.1278, TopK: 0.4668) | EMA NoTrend Loss: 0.738824 | LR: 1.16e-04
Epoch [46/100] | Train Mixed Loss (Trend, limit=2): 0.7381 (Base: 0.2683, DTW: 0.1026, TopK: 0.4790) | Val Mixed Loss (NoTrend, limit=2): 0.7396 (Base: 0.2856, DTW: 0.1307, TopK: 0.4674) | EMA NoTrend Loss: 0.739012 | LR: 1.13e-04
Epoch [47/100] | Train Mixed Loss (Trend, limit=2): 0.7364 (Base: 0.2679, DTW: 0.1020, TopK: 0.4789) | Val Mixed Loss (NoTrend, limit=2): 0.7299 (Base: 0.2813, DTW: 0.1275, TopK: 0.4755) | EMA NoTrend Loss: 0.736724 | LR: 1.10e-04
Epoch [48/100] | Train Mixed Loss (Trend, limit=2): 0.7328 (Base: 0.2668, DTW: 0.1016, TopK: 0.4749) | Val Mixed Loss (NoTrend, limit=2): 0.7307 (Base: 0.2814, DTW: 0.1285, TopK: 0.4699) | EMA NoTrend Loss: 0.735226 | LR: 1.07e-04
Epoch [49/100] | Train Mixed Loss (Trend, limit=2): 0.7314 (Base: 0.2659, DTW: 0.1014, TopK: 0.4747) | Val Mixed Loss (NoTrend, limit=2): 0.7311 (Base: 0.2806, DTW: 0.1282, TopK: 0.4764) | EMA NoTrend Loss: 0.734191 | LR: 1.04e-04
Epoch [50/100] | Train Mixed Loss (Trend, limit=2): 0.7250 (Base: 0.2648, DTW: 0.0996, TopK: 0.4713) | Val Mixed Loss (NoTrend, limit=2): 0.7379 (Base: 0.2824, DTW: 0.1300, TopK: 0.4782) | EMA NoTrend Loss: 0.735116 | LR: 1.00e-04
Epoch [51/100] | Train Mixed Loss (Trend, limit=2): 0.7226 (Base: 0.2646, DTW: 0.0990, TopK: 0.4688) | Val Mixed Loss (NoTrend, limit=2): 0.7330 (Base: 0.2844, DTW: 0.1290, TopK: 0.4632) | EMA NoTrend Loss: 0.734586 | LR: 9.74e-05
Epoch [52/100] | Train Mixed Loss (Trend, limit=2): 0.7206 (Base: 0.2635, DTW: 0.0986, TopK: 0.4696) | Val Mixed Loss (NoTrend, limit=2): 0.7300 (Base: 0.2815, DTW: 0.1282, TopK: 0.4696) | EMA NoTrend Loss: 0.733434 | LR: 9.43e-05
Epoch [53/100] | Train Mixed Loss (Trend, limit=2): 0.7181 (Base: 0.2625, DTW: 0.0980, TopK: 0.4695) | Val Mixed Loss (NoTrend, limit=2): 0.7233 (Base: 0.2744, DTW: 0.1266, TopK: 0.4834) | EMA NoTrend Loss: 0.730894 | LR: 9.11e-05
Epoch [54/100] | Train Mixed Loss (Trend, limit=2): 0.7156 (Base: 0.2619, DTW: 0.0978, TopK: 0.4657) | Val Mixed Loss (NoTrend, limit=2): 0.7497 (Base: 0.2901, DTW: 0.1334, TopK: 0.4646) | EMA NoTrend Loss: 0.735584 | LR: 8.80e-05
Epoch [55/100] | Train Mixed Loss (Trend, limit=2): 0.7118 (Base: 0.2610, DTW: 0.0970, TopK: 0.4627) | Val Mixed Loss (NoTrend, limit=2): 0.7369 (Base: 0.2842, DTW: 0.1296, TopK: 0.4726) | EMA NoTrend Loss: 0.735920 | LR: 8.49e-05
Epoch [56/100] | Train Mixed Loss (Trend, limit=2): 0.7168 (Base: 0.2622, DTW: 0.0978, TopK: 0.4666) | Val Mixed Loss (NoTrend, limit=2): 0.7280 (Base: 0.2823, DTW: 0.1270, TopK: 0.4697) | EMA NoTrend Loss: 0.733930 | LR: 8.19e-05
Epoch [57/100] | Train Mixed Loss (Trend, limit=2): 0.7098 (Base: 0.2601, DTW: 0.0964, TopK: 0.4631) | Val Mixed Loss (NoTrend, limit=2): 0.7396 (Base: 0.2847, DTW: 0.1299, TopK: 0.4776) | EMA NoTrend Loss: 0.735338 | LR: 7.88e-05
Epoch [58/100] | Train Mixed Loss (Trend, limit=2): 0.7041 (Base: 0.2588, DTW: 0.0953, TopK: 0.4584) | Val Mixed Loss (NoTrend, limit=2): 0.7287 (Base: 0.2800, DTW: 0.1271, TopK: 0.4789) | EMA NoTrend Loss: 0.733672 | LR: 7.58e-05
Epoch [59/100] | Train Mixed Loss (Trend, limit=2): 0.7021 (Base: 0.2579, DTW: 0.0948, TopK: 0.4579) | Val Mixed Loss (NoTrend, limit=2): 0.7239 (Base: 0.2787, DTW: 0.1269, TopK: 0.4684) | EMA NoTrend Loss: 0.731222 | LR: 7.27e-05
Epoch [60/100] | Train Mixed Loss (Trend, limit=2): 0.7030 (Base: 0.2580, DTW: 0.0948, TopK: 0.4601) | Val Mixed Loss (NoTrend, limit=2): 0.7330 (Base: 0.2827, DTW: 0.1299, TopK: 0.4620) | EMA NoTrend Loss: 0.731658 | LR: 6.98e-05
Epoch [61/100] | Train Mixed Loss (Trend, limit=2): 0.6978 (Base: 0.2568, DTW: 0.0939, TopK: 0.4554) | Val Mixed Loss (NoTrend, limit=2): 0.7288 (Base: 0.2816, DTW: 0.1278, TopK: 0.4686) | EMA NoTrend Loss: 0.730950 | LR: 6.68e-05
Epoch [62/100] | Train Mixed Loss (Trend, limit=2): 0.6950 (Base: 0.2555, DTW: 0.0932, TopK: 0.4553) | Val Mixed Loss (NoTrend, limit=2): 0.7400 (Base: 0.2871, DTW: 0.1318, TopK: 0.4554) | EMA NoTrend Loss: 0.733208 | LR: 6.39e-05
Epoch [63/100] | Train Mixed Loss (Trend, limit=2): 0.6968 (Base: 0.2566, DTW: 0.0936, TopK: 0.4534) | Val Mixed Loss (NoTrend, limit=2): 0.7304 (Base: 0.2840, DTW: 0.1288, TopK: 0.4573) | EMA NoTrend Loss: 0.732516 | LR: 6.10e-05
Epoch [64/100] | Train Mixed Loss (Trend, limit=2): 0.6915 (Base: 0.2549, DTW: 0.0924, TopK: 0.4526) | Val Mixed Loss (NoTrend, limit=2): 0.7385 (Base: 0.2854, DTW: 0.1303, TopK: 0.4677) | EMA NoTrend Loss: 0.734008 | LR: 5.81e-05
Epoch [65/100] | Train Mixed Loss (Trend, limit=2): 0.6912 (Base: 0.2549, DTW: 0.0923, TopK: 0.4520) | Val Mixed Loss (NoTrend, limit=2): 0.7482 (Base: 0.2910, DTW: 0.1335, TopK: 0.4565) | EMA NoTrend Loss: 0.737561 | LR: 5.53e-05
Epoch [66/100] | Train Mixed Loss (Trend, limit=2): 0.6910 (Base: 0.2552, DTW: 0.0920, TopK: 0.4523) | Val Mixed Loss (NoTrend, limit=2): 0.7387 (Base: 0.2853, DTW: 0.1307, TopK: 0.4659) | EMA NoTrend Loss: 0.737852 | LR: 5.26e-05
Epoch [67/100] | Train Mixed Loss (Trend, limit=2): 0.6839 (Base: 0.2532, DTW: 0.0908, TopK: 0.4465) | Val Mixed Loss (NoTrend, limit=2): 0.7290 (Base: 0.2798, DTW: 0.1278, TopK: 0.4749) | EMA NoTrend Loss: 0.735627 | LR: 4.99e-05
Epoch [68/100] | Train Mixed Loss (Trend, limit=2): 0.6821 (Base: 0.2516, DTW: 0.0906, TopK: 0.4477) | Val Mixed Loss (NoTrend, limit=2): 0.7404 (Base: 0.2855, DTW: 0.1306, TopK: 0.4713) | EMA NoTrend Loss: 0.736812 | LR: 4.72e-05
Epoch [69/100] | Train Mixed Loss (Trend, limit=2): 0.6787 (Base: 0.2515, DTW: 0.0898, TopK: 0.4433) | Val Mixed Loss (NoTrend, limit=2): 0.7438 (Base: 0.2876, DTW: 0.1324, TopK: 0.4617) | EMA NoTrend Loss: 0.738560 | LR: 4.46e-05
Epoch [70/100] | Train Mixed Loss (Trend, limit=2): 0.6739 (Base: 0.2504, DTW: 0.0887, TopK: 0.4407) | Val Mixed Loss (NoTrend, limit=2): 0.7183 (Base: 0.2750, DTW: 0.1253, TopK: 0.4750) | EMA NoTrend Loss: 0.733491 | LR: 4.20e-05
Epoch [71/100] | Train Mixed Loss (Trend, limit=2): 0.6747 (Base: 0.2499, DTW: 0.0890, TopK: 0.4421) | Val Mixed Loss (NoTrend, limit=2): 0.7462 (Base: 0.2883, DTW: 0.1327, TopK: 0.4650) | EMA NoTrend Loss: 0.736669 | LR: 3.95e-05
Epoch [72/100] | Train Mixed Loss (Trend, limit=2): 0.6741 (Base: 0.2499, DTW: 0.0889, TopK: 0.4405) | Val Mixed Loss (NoTrend, limit=2): 0.7447 (Base: 0.2880, DTW: 0.1317, TopK: 0.4685) | EMA NoTrend Loss: 0.738671 | LR: 3.71e-05
Epoch [73/100] | Train Mixed Loss (Trend, limit=2): 0.6719 (Base: 0.2495, DTW: 0.0881, TopK: 0.4405) | Val Mixed Loss (NoTrend, limit=2): 0.7456 (Base: 0.2847, DTW: 0.1319, TopK: 0.4811) | EMA NoTrend Loss: 0.740401 | LR: 3.47e-05
Epoch [74/100] | Train Mixed Loss (Trend, limit=2): 0.6702 (Base: 0.2491, DTW: 0.0879, TopK: 0.4386) | Val Mixed Loss (NoTrend, limit=2): 0.7319 (Base: 0.2824, DTW: 0.1288, TopK: 0.4683) | EMA NoTrend Loss: 0.738277 | LR: 3.24e-05
Epoch [75/100] | Train Mixed Loss (Trend, limit=2): 0.6701 (Base: 0.2486, DTW: 0.0878, TopK: 0.4401) | Val Mixed Loss (NoTrend, limit=2): 0.7429 (Base: 0.2864, DTW: 0.1314, TopK: 0.4706) | EMA NoTrend Loss: 0.739432 | LR: 3.01e-05
Epoch [76/100] | Train Mixed Loss (Trend, limit=2): 0.6688 (Base: 0.2487, DTW: 0.0874, TopK: 0.4386) | Val Mixed Loss (NoTrend, limit=2): 0.7368 (Base: 0.2842, DTW: 0.1304, TopK: 0.4653) | EMA NoTrend Loss: 0.738776 | LR: 2.80e-05
Epoch [77/100] | Train Mixed Loss (Trend, limit=2): 0.6696 (Base: 0.2489, DTW: 0.0876, TopK: 0.4391) | Val Mixed Loss (NoTrend, limit=2): 0.7363 (Base: 0.2823, DTW: 0.1301, TopK: 0.4728) | EMA NoTrend Loss: 0.738148 | LR: 2.59e-05
Epoch [78/100] | Train Mixed Loss (Trend, limit=2): 0.6640 (Base: 0.2471, DTW: 0.0865, TopK: 0.4360) | Val Mixed Loss (NoTrend, limit=2): 0.7328 (Base: 0.2822, DTW: 0.1294, TopK: 0.4665) | EMA NoTrend Loss: 0.736813 | LR: 2.38e-05
Epoch [79/100] | Train Mixed Loss (Trend, limit=2): 0.6658 (Base: 0.2478, DTW: 0.0867, TopK: 0.4363) | Val Mixed Loss (NoTrend, limit=2): 0.7356 (Base: 0.2842, DTW: 0.1302, TopK: 0.4634) | EMA NoTrend Loss: 0.736510 | LR: 2.19e-05
Epoch [80/100] | Train Mixed Loss (Trend, limit=2): 0.6632 (Base: 0.2468, DTW: 0.0861, TopK: 0.4360) | Val Mixed Loss (NoTrend, limit=2): 0.7398 (Base: 0.2836, DTW: 0.1313, TopK: 0.4699) | EMA NoTrend Loss: 0.737324 | LR: 2.00e-05
Epoch [81/100] | Train Mixed Loss (Trend, limit=2): 0.6669 (Base: 0.2480, DTW: 0.0868, TopK: 0.4381) | Val Mixed Loss (NoTrend, limit=2): 0.7428 (Base: 0.2855, DTW: 0.1321, TopK: 0.4678) | EMA NoTrend Loss: 0.738691 | LR: 1.82e-05
Epoch [82/100] | Train Mixed Loss (Trend, limit=2): 0.6632 (Base: 0.2466, DTW: 0.0863, TopK: 0.4360) | Val Mixed Loss (NoTrend, limit=2): 0.7356 (Base: 0.2842, DTW: 0.1304, TopK: 0.4617) | EMA NoTrend Loss: 0.737920 | LR: 1.65e-05
Epoch [83/100] | Train Mixed Loss (Trend, limit=2): 0.6640 (Base: 0.2469, DTW: 0.0865, TopK: 0.4352) | Val Mixed Loss (NoTrend, limit=2): 0.7327 (Base: 0.2820, DTW: 0.1293, TopK: 0.4680) | EMA NoTrend Loss: 0.736622 | LR: 1.49e-05
Epoch [84/100] | Train Mixed Loss (Trend, limit=2): 0.6583 (Base: 0.2455, DTW: 0.0851, TopK: 0.4328) | Val Mixed Loss (NoTrend, limit=2): 0.7430 (Base: 0.2854, DTW: 0.1323, TopK: 0.4673) | EMA NoTrend Loss: 0.738227 | LR: 1.33e-05
Epoch [85/100] | Train Mixed Loss (Trend, limit=2): 0.6587 (Base: 0.2455, DTW: 0.0853, TopK: 0.4331) | Val Mixed Loss (NoTrend, limit=2): 0.7438 (Base: 0.2869, DTW: 0.1321, TopK: 0.4667) | EMA NoTrend Loss: 0.739625 | LR: 1.18e-05
Epoch [86/100] | Train Mixed Loss (Trend, limit=2): 0.6598 (Base: 0.2456, DTW: 0.0855, TopK: 0.4335) | Val Mixed Loss (NoTrend, limit=2): 0.7390 (Base: 0.2841, DTW: 0.1309, TopK: 0.4690) | EMA NoTrend Loss: 0.739461 | LR: 1.05e-05
Epoch [87/100] | Train Mixed Loss (Trend, limit=2): 0.6533 (Base: 0.2441, DTW: 0.0841, TopK: 0.4299) | Val Mixed Loss (NoTrend, limit=2): 0.7494 (Base: 0.2864, DTW: 0.1339, TopK: 0.4722) | EMA NoTrend Loss: 0.741951 | LR: 9.18e-06
Epoch [88/100] | Train Mixed Loss (Trend, limit=2): 0.6591 (Base: 0.2459, DTW: 0.0849, TopK: 0.4343) | Val Mixed Loss (NoTrend, limit=2): 0.7467 (Base: 0.2872, DTW: 0.1331, TopK: 0.4675) | EMA NoTrend Loss: 0.743148 | LR: 7.99e-06
Epoch [89/100] | Train Mixed Loss (Trend, limit=2): 0.6587 (Base: 0.2461, DTW: 0.0848, TopK: 0.4333) | Val Mixed Loss (NoTrend, limit=2): 0.7391 (Base: 0.2840, DTW: 0.1311, TopK: 0.4680) | EMA NoTrend Loss: 0.742143 | LR: 6.88e-06
Epoch [90/100] | Train Mixed Loss (Trend, limit=2): 0.6598 (Base: 0.2461, DTW: 0.0853, TopK: 0.4331) | Val Mixed Loss (NoTrend, limit=2): 0.7406 (Base: 0.2842, DTW: 0.1312, TopK: 0.4717) | EMA NoTrend Loss: 0.741752 | LR: 5.87e-06
Epoch [91/100] | Train Mixed Loss (Trend, limit=2): 0.6545 (Base: 0.2445, DTW: 0.0841, TopK: 0.4305) | Val Mixed Loss (NoTrend, limit=2): 0.7363 (Base: 0.2836, DTW: 0.1302, TopK: 0.4676) | EMA NoTrend Loss: 0.740397 | LR: 4.95e-06
Epoch [92/100] | Train Mixed Loss (Trend, limit=2): 0.6539 (Base: 0.2436, DTW: 0.0844, TopK: 0.4304) | Val Mixed Loss (NoTrend, limit=2): 0.7376 (Base: 0.2841, DTW: 0.1306, TopK: 0.4666) | EMA NoTrend Loss: 0.739705 | LR: 4.13e-06
Epoch [93/100] | Train Mixed Loss (Trend, limit=2): 0.6534 (Base: 0.2441, DTW: 0.0839, TopK: 0.4307) | Val Mixed Loss (NoTrend, limit=2): 0.7302 (Base: 0.2822, DTW: 0.1293, TopK: 0.4587) | EMA NoTrend Loss: 0.737316 | LR: 3.40e-06
Epoch [94/100] | Train Mixed Loss (Trend, limit=2): 0.6571 (Base: 0.2445, DTW: 0.0851, TopK: 0.4315) | Val Mixed Loss (NoTrend, limit=2): 0.7390 (Base: 0.2842, DTW: 0.1313, TopK: 0.4654) | EMA NoTrend Loss: 0.737729 | LR: 2.76e-06
Epoch [95/100] | Train Mixed Loss (Trend, limit=2): 0.6527 (Base: 0.2433, DTW: 0.0843, TopK: 0.4287) | Val Mixed Loss (NoTrend, limit=2): 0.7372 (Base: 0.2852, DTW: 0.1305, TopK: 0.4626) | EMA NoTrend Loss: 0.737601 | LR: 2.23e-06
Epoch [96/100] | Train Mixed Loss (Trend, limit=2): 0.6557 (Base: 0.2445, DTW: 0.0845, TopK: 0.4317) | Val Mixed Loss (NoTrend, limit=2): 0.7435 (Base: 0.2863, DTW: 0.1319, TopK: 0.4690) | EMA NoTrend Loss: 0.739078 | LR: 1.78e-06
Epoch [97/100] | Train Mixed Loss (Trend, limit=2): 0.6509 (Base: 0.2430, DTW: 0.0836, TopK: 0.4299) | Val Mixed Loss (NoTrend, limit=2): 0.7436 (Base: 0.2853, DTW: 0.1324, TopK: 0.4687) | EMA NoTrend Loss: 0.740217 | LR: 1.44e-06
Epoch [98/100] | Train Mixed Loss (Trend, limit=2): 0.6517 (Base: 0.2432, DTW: 0.0838, TopK: 0.4296) | Val Mixed Loss (NoTrend, limit=2): 0.7403 (Base: 0.2854, DTW: 0.1314, TopK: 0.4650) | EMA NoTrend Loss: 0.740233 | LR: 1.20e-06
Epoch [99/100] | Train Mixed Loss (Trend, limit=2): 0.6541 (Base: 0.2444, DTW: 0.0841, TopK: 0.4303) | Val Mixed Loss (NoTrend, limit=2): 0.7405 (Base: 0.2856, DTW: 0.1315, TopK: 0.4645) | EMA NoTrend Loss: 0.740296 | LR: 1.05e-06
Epoch [100/100] | Train Mixed Loss (Trend, limit=2): 0.6486 (Base: 0.2422, DTW: 0.0834, TopK: 0.4270) | Val Mixed Loss (NoTrend, limit=2): 0.7381 (Base: 0.2853, DTW: 0.1309, TopK: 0.4620) | EMA NoTrend Loss: 0.739754 | LR: 1.00e-06
[*] Loaded best model from epoch 53 (EMA NoTrend Loss: 0.730894)
