Starting Transformer experiment with seed 4 in /root/autodl-tmp/parallel_runs/worker_4_seed_4
Device: cuda
Data shape: (1029, 35040, 10)
Max PM2.5 value: 32768.0
Abnormal points (>1000): 636
Loaded cache: /root/autodl-tmp/parallel_runs/worker_4_seed_4/dataset_cache_train_2y_T144_P48_seed_4.pt (Eligible stations: 1029/1029)
Loaded cache: /root/autodl-tmp/parallel_runs/worker_4_seed_4/dataset_cache_val_1y_T144_P48_seed_4.pt (Eligible stations: 1029/1029)
Total trainable parameters: 4,367,617
Epoch [1/100] | Train Loss: 1.1184 (Base: 0.3561, Trend: 0.1946, DTW: 0.2003, TopK: 0.6148) | Val Loss: 0.926757 (Base: 0.3331, DTW: 0.1818, TopK: 0.5244) | EMA No-Trend Loss: 0.926757 | LR: 2.00e-04
Epoch [2/100] | Train Loss: 1.0282 (Base: 0.3396, Trend: 0.1758, DTW: 0.1752, TopK: 0.6006) | Val Loss: 0.863410 (Base: 0.3189, DTW: 0.1539, TopK: 0.5834) | EMA No-Trend Loss: 0.910920 | LR: 2.00e-04
Epoch [3/100] | Train Loss: 0.9992 (Base: 0.3348, Trend: 0.1755, DTW: 0.1660, TopK: 0.5943) | Val Loss: 0.841454 (Base: 0.3126, DTW: 0.1502, TopK: 0.5612) | EMA No-Trend Loss: 0.893553 | LR: 2.00e-04
Epoch [4/100] | Train Loss: 0.9761 (Base: 0.3294, Trend: 0.1741, DTW: 0.1599, TopK: 0.5866) | Val Loss: 0.829190 (Base: 0.3101, DTW: 0.1439, TopK: 0.5788) | EMA No-Trend Loss: 0.877462 | LR: 1.99e-04
Epoch [5/100] | Train Loss: 0.9632 (Base: 0.3269, Trend: 0.1740, DTW: 0.1561, TopK: 0.5824) | Val Loss: 0.820047 (Base: 0.3105, DTW: 0.1464, TopK: 0.5275) | EMA No-Trend Loss: 0.863109 | LR: 1.99e-04
Epoch [6/100] | Train Loss: 0.9500 (Base: 0.3239, Trend: 0.1726, DTW: 0.1529, TopK: 0.5763) | Val Loss: 0.807263 (Base: 0.3016, DTW: 0.1456, TopK: 0.5205) | EMA No-Trend Loss: 0.849147 | LR: 1.98e-04
Epoch [7/100] | Train Loss: 0.9394 (Base: 0.3210, Trend: 0.1718, DTW: 0.1502, TopK: 0.5734) | Val Loss: 0.825823 (Base: 0.3103, DTW: 0.1467, TopK: 0.5449) | EMA No-Trend Loss: 0.843316 | LR: 1.98e-04
Epoch [8/100] | Train Loss: 0.9323 (Base: 0.3195, Trend: 0.1715, DTW: 0.1482, TopK: 0.5712) | Val Loss: 0.817043 (Base: 0.3092, DTW: 0.1469, TopK: 0.5179) | EMA No-Trend Loss: 0.836748 | LR: 1.97e-04
Epoch [9/100] | Train Loss: 0.9239 (Base: 0.3172, Trend: 0.1709, DTW: 0.1459, TopK: 0.5702) | Val Loss: 0.805400 (Base: 0.2999, DTW: 0.1453, TopK: 0.5226) | EMA No-Trend Loss: 0.828911 | LR: 1.96e-04
Epoch [10/100] | Train Loss: 0.9165 (Base: 0.3151, Trend: 0.1702, DTW: 0.1441, TopK: 0.5686) | Val Loss: 0.797642 (Base: 0.2987, DTW: 0.1433, TopK: 0.5167) | EMA No-Trend Loss: 0.821094 | LR: 1.95e-04
Epoch [11/100] | Train Loss: 0.9133 (Base: 0.3154, Trend: 0.1715, DTW: 0.1426, TopK: 0.5668) | Val Loss: 0.798467 (Base: 0.3036, DTW: 0.1431, TopK: 0.5045) | EMA No-Trend Loss: 0.815437 | LR: 1.94e-04
Epoch [12/100] | Train Loss: 0.9094 (Base: 0.3138, Trend: 0.1706, DTW: 0.1421, TopK: 0.5645) | Val Loss: 0.796891 (Base: 0.3022, DTW: 0.1442, TopK: 0.4956) | EMA No-Trend Loss: 0.810801 | LR: 1.93e-04
Epoch [13/100] | Train Loss: 0.9054 (Base: 0.3124, Trend: 0.1707, DTW: 0.1410, TopK: 0.5647) | Val Loss: 0.801296 (Base: 0.3022, DTW: 0.1412, TopK: 0.5343) | EMA No-Trend Loss: 0.808424 | LR: 1.92e-04
Epoch [14/100] | Train Loss: 0.9012 (Base: 0.3116, Trend: 0.1703, DTW: 0.1396, TopK: 0.5641) | Val Loss: 0.793740 (Base: 0.2942, DTW: 0.1395, TopK: 0.5494) | EMA No-Trend Loss: 0.804753 | LR: 1.91e-04
Epoch [15/100] | Train Loss: 0.8936 (Base: 0.3094, Trend: 0.1702, DTW: 0.1379, TopK: 0.5605) | Val Loss: 0.794516 (Base: 0.3036, DTW: 0.1437, TopK: 0.4864) | EMA No-Trend Loss: 0.802194 | LR: 1.89e-04
Epoch [16/100] | Train Loss: 0.8895 (Base: 0.3089, Trend: 0.1699, DTW: 0.1366, TopK: 0.5591) | Val Loss: 0.781846 (Base: 0.2958, DTW: 0.1367, TopK: 0.5266) | EMA No-Trend Loss: 0.797107 | LR: 1.88e-04
Epoch [17/100] | Train Loss: 0.8919 (Base: 0.3098, Trend: 0.1708, DTW: 0.1367, TopK: 0.5616) | Val Loss: 0.806824 (Base: 0.2975, DTW: 0.1427, TopK: 0.5559) | EMA No-Trend Loss: 0.799536 | LR: 1.86e-04
Epoch [18/100] | Train Loss: 0.8800 (Base: 0.3060, Trend: 0.1695, DTW: 0.1345, TopK: 0.5545) | Val Loss: 0.778722 (Base: 0.2912, DTW: 0.1377, TopK: 0.5234) | EMA No-Trend Loss: 0.794333 | LR: 1.85e-04
Epoch [19/100] | Train Loss: 0.8786 (Base: 0.3060, Trend: 0.1689, DTW: 0.1342, TopK: 0.5533) | Val Loss: 0.773604 (Base: 0.2918, DTW: 0.1368, TopK: 0.5115) | EMA No-Trend Loss: 0.789150 | LR: 1.83e-04
Epoch [20/100] | Train Loss: 0.8707 (Base: 0.3041, Trend: 0.1693, DTW: 0.1321, TopK: 0.5496) | Val Loss: 0.776036 (Base: 0.2938, DTW: 0.1379, TopK: 0.5047) | EMA No-Trend Loss: 0.785872 | LR: 1.81e-04
Epoch [21/100] | Train Loss: 0.8722 (Base: 0.3047, Trend: 0.1692, DTW: 0.1323, TopK: 0.5513) | Val Loss: 0.785259 (Base: 0.3012, DTW: 0.1391, TopK: 0.5009) | EMA No-Trend Loss: 0.785719 | LR: 1.79e-04
Epoch [22/100] | Train Loss: 0.8681 (Base: 0.3033, Trend: 0.1688, DTW: 0.1314, TopK: 0.5501) | Val Loss: 0.771798 (Base: 0.2914, DTW: 0.1356, TopK: 0.5165) | EMA No-Trend Loss: 0.782238 | LR: 1.77e-04
Epoch [23/100] | Train Loss: 0.8587 (Base: 0.3004, Trend: 0.1679, DTW: 0.1297, TopK: 0.5436) | Val Loss: 0.777485 (Base: 0.2942, DTW: 0.1375, TopK: 0.5113) | EMA No-Trend Loss: 0.781050 | LR: 1.75e-04
Epoch [24/100] | Train Loss: 0.8625 (Base: 0.3015, Trend: 0.1685, DTW: 0.1303, TopK: 0.5469) | Val Loss: 0.766486 (Base: 0.2959, DTW: 0.1347, TopK: 0.4909) | EMA No-Trend Loss: 0.777409 | LR: 1.73e-04
Epoch [25/100] | Train Loss: 0.8572 (Base: 0.3006, Trend: 0.1687, DTW: 0.1285, TopK: 0.5466) | Val Loss: 0.806052 (Base: 0.3081, DTW: 0.1469, TopK: 0.4845) | EMA No-Trend Loss: 0.784570 | LR: 1.71e-04
Epoch [26/100] | Train Loss: 0.8545 (Base: 0.2998, Trend: 0.1676, DTW: 0.1282, TopK: 0.5441) | Val Loss: 0.780449 (Base: 0.2966, DTW: 0.1393, TopK: 0.4985) | EMA No-Trend Loss: 0.783540 | LR: 1.69e-04
Epoch [27/100] | Train Loss: 0.8504 (Base: 0.2987, Trend: 0.1674, DTW: 0.1276, TopK: 0.5396) | Val Loss: 0.801742 (Base: 0.3069, DTW: 0.1455, TopK: 0.4858) | EMA No-Trend Loss: 0.788090 | LR: 1.66e-04
Epoch [28/100] | Train Loss: 0.8453 (Base: 0.2975, Trend: 0.1667, DTW: 0.1263, TopK: 0.5378) | Val Loss: 0.772583 (Base: 0.2894, DTW: 0.1369, TopK: 0.5154) | EMA No-Trend Loss: 0.784214 | LR: 1.64e-04
Epoch [29/100] | Train Loss: 0.8394 (Base: 0.2961, Trend: 0.1662, DTW: 0.1248, TopK: 0.5355) | Val Loss: 0.794465 (Base: 0.2986, DTW: 0.1431, TopK: 0.5082) | EMA No-Trend Loss: 0.786776 | LR: 1.61e-04
Epoch [30/100] | Train Loss: 0.8413 (Base: 0.2960, Trend: 0.1668, DTW: 0.1255, TopK: 0.5358) | Val Loss: 0.791175 (Base: 0.2996, DTW: 0.1438, TopK: 0.4887) | EMA No-Trend Loss: 0.787876 | LR: 1.59e-04
Epoch [31/100] | Train Loss: 0.8357 (Base: 0.2947, Trend: 0.1664, DTW: 0.1242, TopK: 0.5325) | Val Loss: 0.778947 (Base: 0.2971, DTW: 0.1392, TopK: 0.4922) | EMA No-Trend Loss: 0.785644 | LR: 1.56e-04
Epoch [32/100] | Train Loss: 0.8290 (Base: 0.2934, Trend: 0.1655, DTW: 0.1228, TopK: 0.5267) | Val Loss: 0.777328 (Base: 0.2968, DTW: 0.1382, TopK: 0.4960) | EMA No-Trend Loss: 0.783565 | LR: 1.54e-04
Epoch [33/100] | Train Loss: 0.8294 (Base: 0.2938, Trend: 0.1663, DTW: 0.1224, TopK: 0.5285) | Val Loss: 0.779427 (Base: 0.2936, DTW: 0.1387, TopK: 0.5098) | EMA No-Trend Loss: 0.782530 | LR: 1.51e-04
Epoch [34/100] | Train Loss: 0.8266 (Base: 0.2920, Trend: 0.1660, DTW: 0.1218, TopK: 0.5307) | Val Loss: 0.786099 (Base: 0.2956, DTW: 0.1398, TopK: 0.5168) | EMA No-Trend Loss: 0.783422 | LR: 1.48e-04
Epoch [35/100] | Train Loss: 0.8198 (Base: 0.2910, Trend: 0.1651, DTW: 0.1206, TopK: 0.5231) | Val Loss: 0.781763 (Base: 0.2966, DTW: 0.1388, TopK: 0.5071) | EMA No-Trend Loss: 0.783007 | LR: 1.46e-04
Epoch [36/100] | Train Loss: 0.8121 (Base: 0.2883, Trend: 0.1643, DTW: 0.1189, TopK: 0.5212) | Val Loss: 0.767943 (Base: 0.2931, DTW: 0.1362, TopK: 0.4931) | EMA No-Trend Loss: 0.779241 | LR: 1.43e-04
Epoch [37/100] | Train Loss: 0.8147 (Base: 0.2896, Trend: 0.1651, DTW: 0.1189, TopK: 0.5238) | Val Loss: 0.779063 (Base: 0.2948, DTW: 0.1400, TopK: 0.4940) | EMA No-Trend Loss: 0.779197 | LR: 1.40e-04
Epoch [38/100] | Train Loss: 0.8118 (Base: 0.2881, Trend: 0.1641, DTW: 0.1187, TopK: 0.5229) | Val Loss: 0.768639 (Base: 0.2902, DTW: 0.1359, TopK: 0.5078) | EMA No-Trend Loss: 0.776557 | LR: 1.37e-04
Epoch [39/100] | Train Loss: 0.8121 (Base: 0.2883, Trend: 0.1649, DTW: 0.1187, TopK: 0.5215) | Val Loss: 0.769112 (Base: 0.2929, DTW: 0.1361, TopK: 0.4985) | EMA No-Trend Loss: 0.774696 | LR: 1.34e-04
Epoch [40/100] | Train Loss: 0.8037 (Base: 0.2862, Trend: 0.1643, DTW: 0.1169, TopK: 0.5161) | Val Loss: 0.787191 (Base: 0.2959, DTW: 0.1414, TopK: 0.5060) | EMA No-Trend Loss: 0.777820 | LR: 1.31e-04
Epoch [41/100] | Train Loss: 0.8057 (Base: 0.2866, Trend: 0.1650, DTW: 0.1171, TopK: 0.5183) | Val Loss: 0.769703 (Base: 0.2917, DTW: 0.1377, TopK: 0.4916) | EMA No-Trend Loss: 0.775790 | LR: 1.28e-04
Epoch [42/100] | Train Loss: 0.7993 (Base: 0.2851, Trend: 0.1641, DTW: 0.1157, TopK: 0.5147) | Val Loss: 0.781657 (Base: 0.2936, DTW: 0.1420, TopK: 0.4907) | EMA No-Trend Loss: 0.777257 | LR: 1.25e-04
Epoch [43/100] | Train Loss: 0.7958 (Base: 0.2840, Trend: 0.1643, DTW: 0.1151, TopK: 0.5117) | Val Loss: 0.771095 (Base: 0.2915, DTW: 0.1376, TopK: 0.4979) | EMA No-Trend Loss: 0.775717 | LR: 1.22e-04
Epoch [44/100] | Train Loss: 0.7892 (Base: 0.2825, Trend: 0.1634, DTW: 0.1136, TopK: 0.5077) | Val Loss: 0.781709 (Base: 0.2969, DTW: 0.1405, TopK: 0.4921) | EMA No-Trend Loss: 0.777215 | LR: 1.19e-04
Epoch [45/100] | Train Loss: 0.7921 (Base: 0.2827, Trend: 0.1640, DTW: 0.1143, TopK: 0.5101) | Val Loss: 0.774985 (Base: 0.2916, DTW: 0.1382, TopK: 0.5055) | EMA No-Trend Loss: 0.776657 | LR: 1.16e-04
Epoch [46/100] | Train Loss: 0.7822 (Base: 0.2801, Trend: 0.1635, DTW: 0.1122, TopK: 0.5040) | Val Loss: 0.767643 (Base: 0.2900, DTW: 0.1364, TopK: 0.5012) | EMA No-Trend Loss: 0.774404 | LR: 1.13e-04
Epoch [47/100] | Train Loss: 0.7834 (Base: 0.2811, Trend: 0.1633, DTW: 0.1122, TopK: 0.5046) | Val Loss: 0.778624 (Base: 0.2961, DTW: 0.1406, TopK: 0.4832) | EMA No-Trend Loss: 0.775459 | LR: 1.10e-04
Epoch [48/100] | Train Loss: 0.7817 (Base: 0.2802, Trend: 0.1633, DTW: 0.1119, TopK: 0.5044) | Val Loss: 0.789350 (Base: 0.2999, DTW: 0.1429, TopK: 0.4881) | EMA No-Trend Loss: 0.778932 | LR: 1.07e-04
Epoch [49/100] | Train Loss: 0.7745 (Base: 0.2785, Trend: 0.1632, DTW: 0.1102, TopK: 0.4995) | Val Loss: 0.763235 (Base: 0.2883, DTW: 0.1359, TopK: 0.4960) | EMA No-Trend Loss: 0.775008 | LR: 1.04e-04
Epoch [50/100] | Train Loss: 0.7772 (Base: 0.2786, Trend: 0.1629, DTW: 0.1112, TopK: 0.5010) | Val Loss: 0.760332 (Base: 0.2850, DTW: 0.1354, TopK: 0.5016) | EMA No-Trend Loss: 0.771339 | LR: 1.00e-04
Epoch [51/100] | Train Loss: 0.7710 (Base: 0.2778, Trend: 0.1633, DTW: 0.1090, TopK: 0.4995) | Val Loss: 0.771838 (Base: 0.2915, DTW: 0.1388, TopK: 0.4907) | EMA No-Trend Loss: 0.771463 | LR: 9.74e-05
Epoch [52/100] | Train Loss: 0.7688 (Base: 0.2760, Trend: 0.1628, DTW: 0.1088, TopK: 0.5007) | Val Loss: 0.789460 (Base: 0.2997, DTW: 0.1434, TopK: 0.4857) | EMA No-Trend Loss: 0.775963 | LR: 9.43e-05
Epoch [53/100] | Train Loss: 0.7660 (Base: 0.2754, Trend: 0.1629, DTW: 0.1086, TopK: 0.4946) | Val Loss: 0.783290 (Base: 0.2948, DTW: 0.1413, TopK: 0.4974) | EMA No-Trend Loss: 0.777795 | LR: 9.11e-05
Epoch [54/100] | Train Loss: 0.7587 (Base: 0.2740, Trend: 0.1624, DTW: 0.1067, TopK: 0.4914) | Val Loss: 0.773060 (Base: 0.2908, DTW: 0.1390, TopK: 0.4957) | EMA No-Trend Loss: 0.776611 | LR: 8.80e-05
Epoch [55/100] | Train Loss: 0.7570 (Base: 0.2733, Trend: 0.1619, DTW: 0.1065, TopK: 0.4906) | Val Loss: 0.767113 (Base: 0.2897, DTW: 0.1375, TopK: 0.4914) | EMA No-Trend Loss: 0.774236 | LR: 8.49e-05
Epoch [56/100] | Train Loss: 0.7551 (Base: 0.2725, Trend: 0.1621, DTW: 0.1058, TopK: 0.4919) | Val Loss: 0.791113 (Base: 0.3011, DTW: 0.1445, TopK: 0.4776) | EMA No-Trend Loss: 0.778455 | LR: 8.19e-05
Epoch [57/100] | Train Loss: 0.7558 (Base: 0.2735, Trend: 0.1629, DTW: 0.1059, TopK: 0.4893) | Val Loss: 0.775607 (Base: 0.2912, DTW: 0.1399, TopK: 0.4955) | EMA No-Trend Loss: 0.777743 | LR: 7.88e-05
Epoch [58/100] | Train Loss: 0.7538 (Base: 0.2726, Trend: 0.1625, DTW: 0.1055, TopK: 0.4889) | Val Loss: 0.779835 (Base: 0.2943, DTW: 0.1404, TopK: 0.4950) | EMA No-Trend Loss: 0.778266 | LR: 7.58e-05
Epoch [59/100] | Train Loss: 0.7518 (Base: 0.2721, Trend: 0.1625, DTW: 0.1050, TopK: 0.4878) | Val Loss: 0.783367 (Base: 0.2991, DTW: 0.1418, TopK: 0.4797) | EMA No-Trend Loss: 0.779541 | LR: 7.27e-05
Epoch [60/100] | Train Loss: 0.7484 (Base: 0.2714, Trend: 0.1625, DTW: 0.1045, TopK: 0.4836) | Val Loss: 0.785478 (Base: 0.2964, DTW: 0.1418, TopK: 0.4957) | EMA No-Trend Loss: 0.781025 | LR: 6.98e-05
Epoch [61/100] | Train Loss: 0.7465 (Base: 0.2709, Trend: 0.1626, DTW: 0.1038, TopK: 0.4842) | Val Loss: 0.771588 (Base: 0.2915, DTW: 0.1380, TopK: 0.4963) | EMA No-Trend Loss: 0.778666 | LR: 6.68e-05
Epoch [62/100] | Train Loss: 0.7396 (Base: 0.2686, Trend: 0.1617, DTW: 0.1025, TopK: 0.4806) | Val Loss: 0.785811 (Base: 0.2952, DTW: 0.1421, TopK: 0.4990) | EMA No-Trend Loss: 0.780452 | LR: 6.39e-05
Epoch [63/100] | Train Loss: 0.7326 (Base: 0.2661, Trend: 0.1608, DTW: 0.1013, TopK: 0.4769) | Val Loss: 0.781265 (Base: 0.2949, DTW: 0.1418, TopK: 0.4867) | EMA No-Trend Loss: 0.780655 | LR: 6.10e-05
Epoch [64/100] | Train Loss: 0.7333 (Base: 0.2663, Trend: 0.1612, DTW: 0.1010, TopK: 0.4801) | Val Loss: 0.775323 (Base: 0.2926, DTW: 0.1403, TopK: 0.4870) | EMA No-Trend Loss: 0.779322 | LR: 5.81e-05
Epoch [65/100] | Train Loss: 0.7320 (Base: 0.2664, Trend: 0.1615, DTW: 0.1009, TopK: 0.4754) | Val Loss: 0.765125 (Base: 0.2876, DTW: 0.1369, TopK: 0.4968) | EMA No-Trend Loss: 0.775773 | LR: 5.53e-05
Epoch [66/100] | Train Loss: 0.7335 (Base: 0.2666, Trend: 0.1611, DTW: 0.1013, TopK: 0.4774) | Val Loss: 0.776292 (Base: 0.2911, DTW: 0.1396, TopK: 0.5007) | EMA No-Trend Loss: 0.775903 | LR: 5.26e-05
Epoch [67/100] | Train Loss: 0.7313 (Base: 0.2668, Trend: 0.1616, DTW: 0.1004, TopK: 0.4759) | Val Loss: 0.769958 (Base: 0.2885, DTW: 0.1381, TopK: 0.4999) | EMA No-Trend Loss: 0.774417 | LR: 4.99e-05
Epoch [68/100] | Train Loss: 0.7266 (Base: 0.2655, Trend: 0.1617, DTW: 0.0993, TopK: 0.4730) | Val Loss: 0.776113 (Base: 0.2922, DTW: 0.1395, TopK: 0.4973) | EMA No-Trend Loss: 0.774841 | LR: 4.72e-05
Epoch [69/100] | Train Loss: 0.7289 (Base: 0.2652, Trend: 0.1618, DTW: 0.0998, TopK: 0.4774) | Val Loss: 0.779990 (Base: 0.2972, DTW: 0.1410, TopK: 0.4815) | EMA No-Trend Loss: 0.776128 | LR: 4.46e-05
Epoch [70/100] | Train Loss: 0.7217 (Base: 0.2636, Trend: 0.1615, DTW: 0.0984, TopK: 0.4709) | Val Loss: 0.777643 (Base: 0.2909, DTW: 0.1401, TopK: 0.5014) | EMA No-Trend Loss: 0.776507 | LR: 4.20e-05
Epoch [71/100] | Train Loss: 0.7224 (Base: 0.2638, Trend: 0.1615, DTW: 0.0985, TopK: 0.4715) | Val Loss: 0.783161 (Base: 0.2954, DTW: 0.1413, TopK: 0.4956) | EMA No-Trend Loss: 0.778170 | LR: 3.95e-05
Epoch [72/100] | Train Loss: 0.7166 (Base: 0.2618, Trend: 0.1603, DTW: 0.0975, TopK: 0.4690) | Val Loss: 0.780838 (Base: 0.2919, DTW: 0.1417, TopK: 0.4963) | EMA No-Trend Loss: 0.778837 | LR: 3.71e-05
Epoch [73/100] | Train Loss: 0.7194 (Base: 0.2632, Trend: 0.1616, DTW: 0.0975, TopK: 0.4710) | Val Loss: 0.776199 (Base: 0.2916, DTW: 0.1399, TopK: 0.4959) | EMA No-Trend Loss: 0.778178 | LR: 3.47e-05
Epoch [74/100] | Train Loss: 0.7168 (Base: 0.2623, Trend: 0.1615, DTW: 0.0973, TopK: 0.4675) | Val Loss: 0.781264 (Base: 0.2955, DTW: 0.1417, TopK: 0.4853) | EMA No-Trend Loss: 0.778949 | LR: 3.24e-05
Epoch [75/100] | Train Loss: 0.7120 (Base: 0.2608, Trend: 0.1607, DTW: 0.0965, TopK: 0.4647) | Val Loss: 0.788972 (Base: 0.2977, DTW: 0.1440, TopK: 0.4856) | EMA No-Trend Loss: 0.781455 | LR: 3.01e-05
Epoch [76/100] | Train Loss: 0.7135 (Base: 0.2608, Trend: 0.1612, DTW: 0.0967, TopK: 0.4668) | Val Loss: 0.781336 (Base: 0.2929, DTW: 0.1408, TopK: 0.5014) | EMA No-Trend Loss: 0.781425 | LR: 2.80e-05
Epoch [77/100] | Train Loss: 0.7114 (Base: 0.2599, Trend: 0.1611, DTW: 0.0963, TopK: 0.4663) | Val Loss: 0.776976 (Base: 0.2933, DTW: 0.1398, TopK: 0.4943) | EMA No-Trend Loss: 0.780313 | LR: 2.59e-05
Epoch [78/100] | Train Loss: 0.7079 (Base: 0.2599, Trend: 0.1613, DTW: 0.0952, TopK: 0.4627) | Val Loss: 0.789838 (Base: 0.2954, DTW: 0.1434, TopK: 0.5011) | EMA No-Trend Loss: 0.782694 | LR: 2.38e-05
Epoch [79/100] | Train Loss: 0.7119 (Base: 0.2603, Trend: 0.1615, DTW: 0.0962, TopK: 0.4667) | Val Loss: 0.782148 (Base: 0.2955, DTW: 0.1416, TopK: 0.4897) | EMA No-Trend Loss: 0.782557 | LR: 2.19e-05
Epoch [80/100] | Train Loss: 0.7091 (Base: 0.2597, Trend: 0.1609, DTW: 0.0956, TopK: 0.4648) | Val Loss: 0.778417 (Base: 0.2938, DTW: 0.1408, TopK: 0.4891) | EMA No-Trend Loss: 0.781522 | LR: 2.00e-05
Epoch [81/100] | Train Loss: 0.7029 (Base: 0.2585, Trend: 0.1605, DTW: 0.0942, TopK: 0.4603) | Val Loss: 0.783139 (Base: 0.2943, DTW: 0.1415, TopK: 0.4974) | EMA No-Trend Loss: 0.781926 | LR: 1.82e-05
Epoch [82/100] | Train Loss: 0.7004 (Base: 0.2575, Trend: 0.1603, DTW: 0.0938, TopK: 0.4591) | Val Loss: 0.775774 (Base: 0.2936, DTW: 0.1408, TopK: 0.4808) | EMA No-Trend Loss: 0.780388 | LR: 1.65e-05
Epoch [83/100] | Train Loss: 0.7038 (Base: 0.2585, Trend: 0.1608, DTW: 0.0944, TopK: 0.4613) | Val Loss: 0.791956 (Base: 0.2970, DTW: 0.1438, TopK: 0.4993) | EMA No-Trend Loss: 0.783280 | LR: 1.49e-05
Epoch [84/100] | Train Loss: 0.7004 (Base: 0.2571, Trend: 0.1600, DTW: 0.0940, TopK: 0.4594) | Val Loss: 0.777188 (Base: 0.2916, DTW: 0.1405, TopK: 0.4947) | EMA No-Trend Loss: 0.781757 | LR: 1.33e-05
Epoch [85/100] | Train Loss: 0.6989 (Base: 0.2566, Trend: 0.1603, DTW: 0.0935, TopK: 0.4591) | Val Loss: 0.786935 (Base: 0.2942, DTW: 0.1430, TopK: 0.4986) | EMA No-Trend Loss: 0.783052 | LR: 1.18e-05
Epoch [86/100] | Train Loss: 0.6986 (Base: 0.2570, Trend: 0.1609, DTW: 0.0933, TopK: 0.4572) | Val Loss: 0.787715 (Base: 0.2938, DTW: 0.1424, TopK: 0.5072) | EMA No-Trend Loss: 0.784218 | LR: 1.05e-05
Epoch [87/100] | Train Loss: 0.6979 (Base: 0.2565, Trend: 0.1603, DTW: 0.0932, TopK: 0.4581) | Val Loss: 0.787713 (Base: 0.2955, DTW: 0.1428, TopK: 0.4985) | EMA No-Trend Loss: 0.785091 | LR: 9.18e-06
Epoch [88/100] | Train Loss: 0.6980 (Base: 0.2562, Trend: 0.1603, DTW: 0.0934, TopK: 0.4584) | Val Loss: 0.781466 (Base: 0.2942, DTW: 0.1422, TopK: 0.4870) | EMA No-Trend Loss: 0.784185 | LR: 7.99e-06
Epoch [89/100] | Train Loss: 0.6952 (Base: 0.2558, Trend: 0.1604, DTW: 0.0926, TopK: 0.4563) | Val Loss: 0.789392 (Base: 0.2952, DTW: 0.1434, TopK: 0.5000) | EMA No-Trend Loss: 0.785487 | LR: 6.88e-06
Epoch [90/100] | Train Loss: 0.6943 (Base: 0.2554, Trend: 0.1607, DTW: 0.0923, TopK: 0.4564) | Val Loss: 0.782223 (Base: 0.2941, DTW: 0.1418, TopK: 0.4923) | EMA No-Trend Loss: 0.784671 | LR: 5.87e-06
Epoch [91/100] | Train Loss: 0.6930 (Base: 0.2553, Trend: 0.1602, DTW: 0.0920, TopK: 0.4559) | Val Loss: 0.781034 (Base: 0.2938, DTW: 0.1413, TopK: 0.4938) | EMA No-Trend Loss: 0.783762 | LR: 4.95e-06
Epoch [92/100] | Train Loss: 0.6959 (Base: 0.2556, Trend: 0.1608, DTW: 0.0926, TopK: 0.4585) | Val Loss: 0.782308 (Base: 0.2943, DTW: 0.1416, TopK: 0.4941) | EMA No-Trend Loss: 0.783398 | LR: 4.13e-06
Epoch [93/100] | Train Loss: 0.6946 (Base: 0.2558, Trend: 0.1602, DTW: 0.0924, TopK: 0.4562) | Val Loss: 0.775575 (Base: 0.2936, DTW: 0.1400, TopK: 0.4866) | EMA No-Trend Loss: 0.781442 | LR: 3.40e-06
Epoch [94/100] | Train Loss: 0.6914 (Base: 0.2544, Trend: 0.1600, DTW: 0.0920, TopK: 0.4539) | Val Loss: 0.785605 (Base: 0.2950, DTW: 0.1428, TopK: 0.4930) | EMA No-Trend Loss: 0.782483 | LR: 2.76e-06
Epoch [95/100] | Train Loss: 0.6960 (Base: 0.2564, Trend: 0.1610, DTW: 0.0924, TopK: 0.4579) | Val Loss: 0.785657 (Base: 0.2945, DTW: 0.1428, TopK: 0.4945) | EMA No-Trend Loss: 0.783276 | LR: 2.23e-06
Epoch [96/100] | Train Loss: 0.6926 (Base: 0.2554, Trend: 0.1606, DTW: 0.0921, TopK: 0.4533) | Val Loss: 0.781462 (Base: 0.2936, DTW: 0.1419, TopK: 0.4908) | EMA No-Trend Loss: 0.782823 | LR: 1.78e-06
Epoch [97/100] | Train Loss: 0.6931 (Base: 0.2547, Trend: 0.1603, DTW: 0.0923, TopK: 0.4557) | Val Loss: 0.781860 (Base: 0.2935, DTW: 0.1419, TopK: 0.4930) | EMA No-Trend Loss: 0.782582 | LR: 1.44e-06
Epoch [98/100] | Train Loss: 0.6929 (Base: 0.2551, Trend: 0.1602, DTW: 0.0921, TopK: 0.4561) | Val Loss: 0.792178 (Base: 0.2955, DTW: 0.1441, TopK: 0.5031) | EMA No-Trend Loss: 0.784981 | LR: 1.20e-06
Epoch [99/100] | Train Loss: 0.6917 (Base: 0.2550, Trend: 0.1597, DTW: 0.0918, TopK: 0.4547) | Val Loss: 0.789271 (Base: 0.2960, DTW: 0.1435, TopK: 0.4962) | EMA No-Trend Loss: 0.786054 | LR: 1.05e-06
Epoch [100/100] | Train Loss: 0.6962 (Base: 0.2564, Trend: 0.1610, DTW: 0.0925, TopK: 0.4575) | Val Loss: 0.785664 (Base: 0.2957, DTW: 0.1421, TopK: 0.4962) | EMA No-Trend Loss: 0.785956 | LR: 1.00e-06
