Starting experiment (seed=1)
Device: cuda
Building static profile features from historical data...
Loading lightweight encoder...
Total trainable parameters: 7,381,762
Epoch [1/100] | Total Loss: 1.3660 | Aux Loss: 0.2964 | Train Mixed Loss: 1.0696 (Base: 0.3477, Trend: 0.1880, DTW: 0.1871, TopK: 0.5960) | Val Mixed Loss (No Trend): 0.8531 (Base: 0.3146, DTW: 0.1597, TopK: 0.5177) | EMA Val Loss (No Trend): 0.853091 | LR: 2.00e-04
Saved new best weights to best_model_seed1.pth (EMA validation loss without trend: 0.853091).
Epoch [2/100] | Total Loss: 1.2163 | Aux Loss: 0.2276 | Train Mixed Loss: 0.9888 (Base: 0.3307, Trend: 0.1644, DTW: 0.1673, TopK: 0.5807) | Val Mixed Loss (No Trend): 0.8243 (Base: 0.3102, DTW: 0.1478, TopK: 0.5317) | EMA Val Loss (No Trend): 0.845894 | LR: 2.00e-04
Saved new best weights to best_model_seed1.pth (EMA validation loss without trend: 0.845894).
Epoch [3/100] | Total Loss: 1.1735 | Aux Loss: 0.2132 | Train Mixed Loss: 0.9603 (Base: 0.3256, Trend: 0.1636, DTW: 0.1588, TopK: 0.5723) | Val Mixed Loss (No Trend): 0.8563 (Base: 0.3290, DTW: 0.1561, TopK: 0.5090) | EMA Val Loss (No Trend): 0.848507 | LR: 2.00e-04
Epoch [4/100] | Total Loss: 1.1607 | Aux Loss: 0.2067 | Train Mixed Loss: 0.9540 (Base: 0.3238, Trend: 0.1644, DTW: 0.1570, TopK: 0.5707) | Val Mixed Loss (No Trend): 0.8103 (Base: 0.2971, DTW: 0.1478, TopK: 0.5287) | EMA Val Loss (No Trend): 0.838958 | LR: 1.99e-04
Saved new best weights to best_model_seed1.pth (EMA validation loss without trend: 0.838958).
Epoch [5/100] | Total Loss: 1.1422 | Aux Loss: 0.2047 | Train Mixed Loss: 0.9374 (Base: 0.3204, Trend: 0.1626, DTW: 0.1531, TopK: 0.5610) | Val Mixed Loss (No Trend): 0.7955 (Base: 0.2981, DTW: 0.1438, TopK: 0.5080) | EMA Val Loss (No Trend): 0.828098 | LR: 1.99e-04
Saved new best weights to best_model_seed1.pth (EMA validation loss without trend: 0.828098).
Epoch [6/100] | Total Loss: 1.1244 | Aux Loss: 0.2007 | Train Mixed Loss: 0.9238 (Base: 0.3159, Trend: 0.1622, DTW: 0.1496, TopK: 0.5590) | Val Mixed Loss (No Trend): 0.7988 (Base: 0.3044, DTW: 0.1451, TopK: 0.4870) | EMA Val Loss (No Trend): 0.820762 | LR: 1.98e-04
Saved new best weights to best_model_seed1.pth (EMA validation loss without trend: 0.820762).
Epoch [7/100] | Total Loss: 1.1261 | Aux Loss: 0.2015 | Train Mixed Loss: 0.9246 (Base: 0.3175, Trend: 0.1634, DTW: 0.1488, TopK: 0.5610) | Val Mixed Loss (No Trend): 0.8135 (Base: 0.3074, DTW: 0.1493, TopK: 0.4927) | EMA Val Loss (No Trend): 0.818936 | LR: 1.98e-04
Saved new best weights to best_model_seed1.pth (EMA validation loss without trend: 0.818936).
Epoch [8/100] | Total Loss: 1.1066 | Aux Loss: 0.1956 | Train Mixed Loss: 0.9110 (Base: 0.3143, Trend: 0.1622, DTW: 0.1460, TopK: 0.5507) | Val Mixed Loss (No Trend): 0.7927 (Base: 0.3052, DTW: 0.1435, TopK: 0.4773) | EMA Val Loss (No Trend): 0.812383 | LR: 1.97e-04
Saved new best weights to best_model_seed1.pth (EMA validation loss without trend: 0.812383).
Epoch [9/100] | Total Loss: 1.0982 | Aux Loss: 0.1968 | Train Mixed Loss: 0.9014 (Base: 0.3114, Trend: 0.1610, DTW: 0.1439, TopK: 0.5470) | Val Mixed Loss (No Trend): 0.7728 (Base: 0.2992, DTW: 0.1380, TopK: 0.4750) | EMA Val Loss (No Trend): 0.802489 | LR: 1.96e-04
Saved new best weights to best_model_seed1.pth (EMA validation loss without trend: 0.802489).
Epoch [10/100] | Total Loss: 1.0948 | Aux Loss: 0.1950 | Train Mixed Loss: 0.8997 (Base: 0.3107, Trend: 0.1622, DTW: 0.1427, TopK: 0.5517) | Val Mixed Loss (No Trend): 0.7841 (Base: 0.3023, DTW: 0.1416, TopK: 0.4733) | EMA Val Loss (No Trend): 0.797884 | LR: 1.95e-04
Saved new best weights to best_model_seed1.pth (EMA validation loss without trend: 0.797884).
Epoch [11/100] | Total Loss: 1.0846 | Aux Loss: 0.1956 | Train Mixed Loss: 0.8890 (Base: 0.3084, Trend: 0.1610, DTW: 0.1400, TopK: 0.5473) | Val Mixed Loss (No Trend): 0.7832 (Base: 0.2973, DTW: 0.1410, TopK: 0.4920) | EMA Val Loss (No Trend): 0.794210 | LR: 1.94e-04
Saved new best weights to best_model_seed1.pth (EMA validation loss without trend: 0.794210).
Epoch [12/100] | Total Loss: 1.0725 | Aux Loss: 0.1913 | Train Mixed Loss: 0.8812 (Base: 0.3064, Trend: 0.1602, DTW: 0.1386, TopK: 0.5403) | Val Mixed Loss (No Trend): 0.8691 (Base: 0.3340, DTW: 0.1650, TopK: 0.4640) | EMA Val Loss (No Trend): 0.812922 | LR: 1.93e-04
Epoch [13/100] | Total Loss: 1.0639 | Aux Loss: 0.1903 | Train Mixed Loss: 0.8736 (Base: 0.3054, Trend: 0.1606, DTW: 0.1364, TopK: 0.5350) | Val Mixed Loss (No Trend): 0.7490 (Base: 0.2822, DTW: 0.1328, TopK: 0.4937) | EMA Val Loss (No Trend): 0.796941 | LR: 1.92e-04
Epoch [14/100] | Total Loss: 1.0648 | Aux Loss: 0.1895 | Train Mixed Loss: 0.8753 (Base: 0.3062, Trend: 0.1604, DTW: 0.1363, TopK: 0.5397) | Val Mixed Loss (No Trend): 0.7842 (Base: 0.3044, DTW: 0.1420, TopK: 0.4633) | EMA Val Loss (No Trend): 0.793760 | LR: 1.91e-04
Saved new best weights to best_model_seed1.pth (EMA validation loss without trend: 0.793760).
Epoch [15/100] | Total Loss: 1.0535 | Aux Loss: 0.1885 | Train Mixed Loss: 0.8650 (Base: 0.3028, Trend: 0.1596, DTW: 0.1342, TopK: 0.5350) | Val Mixed Loss (No Trend): 0.7576 (Base: 0.2932, DTW: 0.1333, TopK: 0.4813) | EMA Val Loss (No Trend): 0.784714 | LR: 1.89e-04
Saved new best weights to best_model_seed1.pth (EMA validation loss without trend: 0.784714).
Epoch [16/100] | Total Loss: 1.0413 | Aux Loss: 0.1855 | Train Mixed Loss: 0.8558 (Base: 0.3005, Trend: 0.1582, DTW: 0.1319, TopK: 0.5323) | Val Mixed Loss (No Trend): 0.7406 (Base: 0.2775, DTW: 0.1297, TopK: 0.5060) | EMA Val Loss (No Trend): 0.773679 | LR: 1.88e-04
Saved new best weights to best_model_seed1.pth (EMA validation loss without trend: 0.773679).
Epoch [17/100] | Total Loss: 1.0416 | Aux Loss: 0.1850 | Train Mixed Loss: 0.8566 (Base: 0.3007, Trend: 0.1578, DTW: 0.1326, TopK: 0.5293) | Val Mixed Loss (No Trend): 0.7550 (Base: 0.2899, DTW: 0.1353, TopK: 0.4680) | EMA Val Loss (No Trend): 0.769001 | LR: 1.86e-04
Saved new best weights to best_model_seed1.pth (EMA validation loss without trend: 0.769001).
Epoch [18/100] | Total Loss: 1.0409 | Aux Loss: 0.1847 | Train Mixed Loss: 0.8562 (Base: 0.3007, Trend: 0.1578, DTW: 0.1322, TopK: 0.5310) | Val Mixed Loss (No Trend): 0.7664 (Base: 0.2978, DTW: 0.1360, TopK: 0.4737) | EMA Val Loss (No Trend): 0.768339 | LR: 1.85e-04
Saved new best weights to best_model_seed1.pth (EMA validation loss without trend: 0.768339).
Epoch [19/100] | Total Loss: 1.0357 | Aux Loss: 0.1829 | Train Mixed Loss: 0.8529 (Base: 0.2999, Trend: 0.1580, DTW: 0.1313, TopK: 0.5290) | Val Mixed Loss (No Trend): 0.7454 (Base: 0.2839, DTW: 0.1310, TopK: 0.4907) | EMA Val Loss (No Trend): 0.762598 | LR: 1.83e-04
Saved new best weights to best_model_seed1.pth (EMA validation loss without trend: 0.762598).
Epoch [20/100] | Total Loss: 1.0224 | Aux Loss: 0.1811 | Train Mixed Loss: 0.8412 (Base: 0.2968, Trend: 0.1568, DTW: 0.1284, TopK: 0.5267) | Val Mixed Loss (No Trend): 0.7560 (Base: 0.2917, DTW: 0.1330, TopK: 0.4840) | EMA Val Loss (No Trend): 0.760947 | LR: 1.81e-04
Saved new best weights to best_model_seed1.pth (EMA validation loss without trend: 0.760947).
Epoch [21/100] | Total Loss: 1.0246 | Aux Loss: 0.1815 | Train Mixed Loss: 0.8431 (Base: 0.2978, Trend: 0.1568, DTW: 0.1290, TopK: 0.5243) | Val Mixed Loss (No Trend): 0.7412 (Base: 0.2884, DTW: 0.1284, TopK: 0.4827) | EMA Val Loss (No Trend): 0.756014 | LR: 1.79e-04
Saved new best weights to best_model_seed1.pth (EMA validation loss without trend: 0.756014).
Epoch [22/100] | Total Loss: 1.0259 | Aux Loss: 0.1804 | Train Mixed Loss: 0.8456 (Base: 0.2985, Trend: 0.1574, DTW: 0.1293, TopK: 0.5270) | Val Mixed Loss (No Trend): 0.7412 (Base: 0.2891, DTW: 0.1282, TopK: 0.4817) | EMA Val Loss (No Trend): 0.752322 | LR: 1.77e-04
Saved new best weights to best_model_seed1.pth (EMA validation loss without trend: 0.752322).
Epoch [23/100] | Total Loss: 1.0071 | Aux Loss: 0.1785 | Train Mixed Loss: 0.8286 (Base: 0.2933, Trend: 0.1566, DTW: 0.1255, TopK: 0.5190) | Val Mixed Loss (No Trend): 0.7333 (Base: 0.2844, DTW: 0.1255, TopK: 0.4923) | EMA Val Loss (No Trend): 0.747573 | LR: 1.75e-04
Saved new best weights to best_model_seed1.pth (EMA validation loss without trend: 0.747573).
Epoch [24/100] | Total Loss: 1.0059 | Aux Loss: 0.1768 | Train Mixed Loss: 0.8291 (Base: 0.2943, Trend: 0.1566, DTW: 0.1255, TopK: 0.5177) | Val Mixed Loss (No Trend): 0.7326 (Base: 0.2827, DTW: 0.1255, TopK: 0.4950) | EMA Val Loss (No Trend): 0.743835 | LR: 1.73e-04
Saved new best weights to best_model_seed1.pth (EMA validation loss without trend: 0.743835).
Epoch [25/100] | Total Loss: 1.0084 | Aux Loss: 0.1780 | Train Mixed Loss: 0.8304 (Base: 0.2947, Trend: 0.1566, DTW: 0.1258, TopK: 0.5177) | Val Mixed Loss (No Trend): 0.7531 (Base: 0.2955, DTW: 0.1348, TopK: 0.4470) | EMA Val Loss (No Trend): 0.746141 | LR: 1.71e-04
Epoch [26/100] | Total Loss: 0.9956 | Aux Loss: 0.1756 | Train Mixed Loss: 0.8200 (Base: 0.2919, Trend: 0.1550, DTW: 0.1235, TopK: 0.5137) | Val Mixed Loss (No Trend): 0.7222 (Base: 0.2760, DTW: 0.1245, TopK: 0.4913) | EMA Val Loss (No Trend): 0.740164 | LR: 1.69e-04
Saved new best weights to best_model_seed1.pth (EMA validation loss without trend: 0.740164).
Epoch [27/100] | Total Loss: 1.0016 | Aux Loss: 0.1775 | Train Mixed Loss: 0.8241 (Base: 0.2931, Trend: 0.1554, DTW: 0.1243, TopK: 0.5167) | Val Mixed Loss (No Trend): 0.7157 (Base: 0.2769, DTW: 0.1218, TopK: 0.4890) | EMA Val Loss (No Trend): 0.734057 | LR: 1.66e-04
Saved new best weights to best_model_seed1.pth (EMA validation loss without trend: 0.734057).
Epoch [28/100] | Total Loss: 0.9941 | Aux Loss: 0.1749 | Train Mixed Loss: 0.8191 (Base: 0.2914, Trend: 0.1554, DTW: 0.1231, TopK: 0.5150) | Val Mixed Loss (No Trend): 0.7205 (Base: 0.2790, DTW: 0.1250, TopK: 0.4720) | EMA Val Loss (No Trend): 0.730658 | LR: 1.64e-04
Saved new best weights to best_model_seed1.pth (EMA validation loss without trend: 0.730658).
