Starting experiment (seed=3)
Device: cuda
Building static profile features from historical data...
Loading lightweight encoder...
Total trainable parameters: 5,010,690
Epoch [1/100] | Total Loss: 1.2830 | Aux Loss: 0.2667 | Train Mixed Loss: 1.0164 (Base: 0.3339, Trend: 0.1601, DTW: 0.1792, TopK: 0.5747) | Val Mixed Loss (No Trend): 0.8690 (Base: 0.3176, DTW: 0.1628, TopK: 0.5355) | EMA Val Loss (No Trend): 0.868952 | LR: 2.00e-04
Saved new best weights to best_model_seed3.pth (EMA validation loss without trend: 0.868952).
Epoch [2/100] | Total Loss: 1.1471 | Aux Loss: 0.2096 | Train Mixed Loss: 0.9375 (Base: 0.3188, Trend: 0.1511, DTW: 0.1569, TopK: 0.5553) | Val Mixed Loss (No Trend): 0.8210 (Base: 0.2974, DTW: 0.1497, TopK: 0.5474) | EMA Val Loss (No Trend): 0.856969 | LR: 2.00e-04
Saved new best weights to best_model_seed3.pth (EMA validation loss without trend: 0.856969).
Epoch [3/100] | Total Loss: 1.0976 | Aux Loss: 0.1955 | Train Mixed Loss: 0.9021 (Base: 0.3105, Trend: 0.1515, DTW: 0.1468, TopK: 0.5449) | Val Mixed Loss (No Trend): 0.8126 (Base: 0.3001, DTW: 0.1499, TopK: 0.5089) | EMA Val Loss (No Trend): 0.845870 | LR: 2.00e-04
Saved new best weights to best_model_seed3.pth (EMA validation loss without trend: 0.845870).
Epoch [4/100] | Total Loss: 1.0736 | Aux Loss: 0.1915 | Train Mixed Loss: 0.8821 (Base: 0.3049, Trend: 0.1514, DTW: 0.1418, TopK: 0.5377) | Val Mixed Loss (No Trend): 0.8130 (Base: 0.3090, DTW: 0.1469, TopK: 0.5048) | EMA Val Loss (No Trend): 0.837657 | LR: 1.99e-04
Saved new best weights to best_model_seed3.pth (EMA validation loss without trend: 0.837657).
Epoch [5/100] | Total Loss: 1.0655 | Aux Loss: 0.1900 | Train Mixed Loss: 0.8756 (Base: 0.3046, Trend: 0.1521, DTW: 0.1394, TopK: 0.5349) | Val Mixed Loss (No Trend): 0.7761 (Base: 0.2889, DTW: 0.1371, TopK: 0.5274) | EMA Val Loss (No Trend): 0.822280 | LR: 1.99e-04
Saved new best weights to best_model_seed3.pth (EMA validation loss without trend: 0.822280).
Epoch [6/100] | Total Loss: 1.0422 | Aux Loss: 0.1858 | Train Mixed Loss: 0.8564 (Base: 0.2986, Trend: 0.1515, DTW: 0.1346, TopK: 0.5299) | Val Mixed Loss (No Trend): 0.7808 (Base: 0.2896, DTW: 0.1389, TopK: 0.5263) | EMA Val Loss (No Trend): 0.811909 | LR: 1.98e-04
Saved new best weights to best_model_seed3.pth (EMA validation loss without trend: 0.811909).
Epoch [7/100] | Total Loss: 1.0367 | Aux Loss: 0.1843 | Train Mixed Loss: 0.8523 (Base: 0.2987, Trend: 0.1519, DTW: 0.1333, TopK: 0.5256) | Val Mixed Loss (No Trend): 0.7711 (Base: 0.2878, DTW: 0.1370, TopK: 0.5150) | EMA Val Loss (No Trend): 0.801712 | LR: 1.98e-04
Saved new best weights to best_model_seed3.pth (EMA validation loss without trend: 0.801712).
Epoch [8/100] | Total Loss: 1.0125 | Aux Loss: 0.1822 | Train Mixed Loss: 0.8303 (Base: 0.2925, Trend: 0.1499, DTW: 0.1284, TopK: 0.5157) | Val Mixed Loss (No Trend): 0.7765 (Base: 0.2895, DTW: 0.1390, TopK: 0.5111) | EMA Val Loss (No Trend): 0.795412 | LR: 1.97e-04
Saved new best weights to best_model_seed3.pth (EMA validation loss without trend: 0.795412).
Epoch [9/100] | Total Loss: 1.0102 | Aux Loss: 0.1822 | Train Mixed Loss: 0.8280 (Base: 0.2921, Trend: 0.1503, DTW: 0.1276, TopK: 0.5150) | Val Mixed Loss (No Trend): 0.7649 (Base: 0.2904, DTW: 0.1333, TopK: 0.5153) | EMA Val Loss (No Trend): 0.787787 | LR: 1.96e-04
Saved new best weights to best_model_seed3.pth (EMA validation loss without trend: 0.787787).
Epoch [10/100] | Total Loss: 0.9910 | Aux Loss: 0.1796 | Train Mixed Loss: 0.8114 (Base: 0.2878, Trend: 0.1483, DTW: 0.1242, TopK: 0.5050) | Val Mixed Loss (No Trend): 0.7532 (Base: 0.2880, DTW: 0.1345, TopK: 0.4741) | EMA Val Loss (No Trend): 0.779130 | LR: 1.95e-04
Saved new best weights to best_model_seed3.pth (EMA validation loss without trend: 0.779130).
Epoch [11/100] | Total Loss: 0.9917 | Aux Loss: 0.1785 | Train Mixed Loss: 0.8131 (Base: 0.2879, Trend: 0.1482, DTW: 0.1248, TopK: 0.5057) | Val Mixed Loss (No Trend): 0.7596 (Base: 0.2902, DTW: 0.1340, TopK: 0.4927) | EMA Val Loss (No Trend): 0.774253 | LR: 1.94e-04
Saved new best weights to best_model_seed3.pth (EMA validation loss without trend: 0.774253).
Epoch [12/100] | Total Loss: 0.9781 | Aux Loss: 0.1763 | Train Mixed Loss: 0.8018 (Base: 0.2849, Trend: 0.1477, DTW: 0.1220, TopK: 0.5007) | Val Mixed Loss (No Trend): 0.7586 (Base: 0.2869, DTW: 0.1357, TopK: 0.4865) | EMA Val Loss (No Trend): 0.770338 | LR: 1.93e-04
Saved new best weights to best_model_seed3.pth (EMA validation loss without trend: 0.770338).
Epoch [13/100] | Total Loss: 0.9701 | Aux Loss: 0.1757 | Train Mixed Loss: 0.7944 (Base: 0.2829, Trend: 0.1467, DTW: 0.1204, TopK: 0.4977) | Val Mixed Loss (No Trend): 0.7782 (Base: 0.2982, DTW: 0.1420, TopK: 0.4636) | EMA Val Loss (No Trend): 0.772294 | LR: 1.92e-04
Epoch [14/100] | Total Loss: 0.9620 | Aux Loss: 0.1738 | Train Mixed Loss: 0.7883 (Base: 0.2818, Trend: 0.1465, DTW: 0.1185, TopK: 0.4961) | Val Mixed Loss (No Trend): 0.7670 (Base: 0.2931, DTW: 0.1354, TopK: 0.4965) | EMA Val Loss (No Trend): 0.770978 | LR: 1.91e-04
Epoch [15/100] | Total Loss: 0.9543 | Aux Loss: 0.1742 | Train Mixed Loss: 0.7801 (Base: 0.2800, Trend: 0.1467, DTW: 0.1165, TopK: 0.4906) | Val Mixed Loss (No Trend): 0.7531 (Base: 0.2782, DTW: 0.1320, TopK: 0.5268) | EMA Val Loss (No Trend): 0.766504 | LR: 1.89e-04
Saved new best weights to best_model_seed3.pth (EMA validation loss without trend: 0.766504).
Epoch [16/100] | Total Loss: 0.9550 | Aux Loss: 0.1735 | Train Mixed Loss: 0.7815 (Base: 0.2805, Trend: 0.1463, DTW: 0.1167, TopK: 0.4922) | Val Mixed Loss (No Trend): 0.7521 (Base: 0.2777, DTW: 0.1323, TopK: 0.5229) | EMA Val Loss (No Trend): 0.762909 | LR: 1.88e-04
Saved new best weights to best_model_seed3.pth (EMA validation loss without trend: 0.762909).
Epoch [17/100] | Total Loss: 0.9448 | Aux Loss: 0.1724 | Train Mixed Loss: 0.7724 (Base: 0.2789, Trend: 0.1469, DTW: 0.1142, TopK: 0.4867) | Val Mixed Loss (No Trend): 0.7509 (Base: 0.2828, DTW: 0.1322, TopK: 0.5028) | EMA Val Loss (No Trend): 0.759902 | LR: 1.86e-04
Saved new best weights to best_model_seed3.pth (EMA validation loss without trend: 0.759902).
Epoch [18/100] | Total Loss: 0.9404 | Aux Loss: 0.1706 | Train Mixed Loss: 0.7698 (Base: 0.2767, Trend: 0.1460, DTW: 0.1141, TopK: 0.4881) | Val Mixed Loss (No Trend): 0.7435 (Base: 0.2833, DTW: 0.1311, TopK: 0.4850) | EMA Val Loss (No Trend): 0.755798 | LR: 1.85e-04
Saved new best weights to best_model_seed3.pth (EMA validation loss without trend: 0.755798).
Epoch [19/100] | Total Loss: 0.9420 | Aux Loss: 0.1727 | Train Mixed Loss: 0.7693 (Base: 0.2768, Trend: 0.1464, DTW: 0.1138, TopK: 0.4873) | Val Mixed Loss (No Trend): 0.7509 (Base: 0.2870, DTW: 0.1343, TopK: 0.4719) | EMA Val Loss (No Trend): 0.754584 | LR: 1.83e-04
Saved new best weights to best_model_seed3.pth (EMA validation loss without trend: 0.754584).
Epoch [20/100] | Total Loss: 0.9294 | Aux Loss: 0.1713 | Train Mixed Loss: 0.7581 (Base: 0.2744, Trend: 0.1462, DTW: 0.1109, TopK: 0.4815) | Val Mixed Loss (No Trend): 0.7924 (Base: 0.3050, DTW: 0.1444, TopK: 0.4690) | EMA Val Loss (No Trend): 0.764031 | LR: 1.81e-04
Epoch [21/100] | Total Loss: 0.9234 | Aux Loss: 0.1681 | Train Mixed Loss: 0.7553 (Base: 0.2734, Trend: 0.1457, DTW: 0.1105, TopK: 0.4796) | Val Mixed Loss (No Trend): 0.7534 (Base: 0.2836, DTW: 0.1343, TopK: 0.4917) | EMA Val Loss (No Trend): 0.761376 | LR: 1.79e-04
Epoch [22/100] | Total Loss: 0.9173 | Aux Loss: 0.1685 | Train Mixed Loss: 0.7488 (Base: 0.2708, Trend: 0.1448, DTW: 0.1094, TopK: 0.4771) | Val Mixed Loss (No Trend): 0.7525 (Base: 0.2844, DTW: 0.1328, TopK: 0.4979) | EMA Val Loss (No Trend): 0.759156 | LR: 1.77e-04
Epoch [23/100] | Total Loss: 0.9176 | Aux Loss: 0.1697 | Train Mixed Loss: 0.7480 (Base: 0.2712, Trend: 0.1456, DTW: 0.1089, TopK: 0.4755) | Val Mixed Loss (No Trend): 0.7477 (Base: 0.2799, DTW: 0.1319, TopK: 0.5043) | EMA Val Loss (No Trend): 0.756287 | LR: 1.75e-04
Epoch [24/100] | Total Loss: 0.9081 | Aux Loss: 0.1671 | Train Mixed Loss: 0.7410 (Base: 0.2693, Trend: 0.1449, DTW: 0.1074, TopK: 0.4720) | Val Mixed Loss (No Trend): 0.7260 (Base: 0.2730, DTW: 0.1260, TopK: 0.5025) | EMA Val Loss (No Trend): 0.748726 | LR: 1.73e-04
Saved new best weights to best_model_seed3.pth (EMA validation loss without trend: 0.748726).
Epoch [25/100] | Total Loss: 0.9071 | Aux Loss: 0.1676 | Train Mixed Loss: 0.7395 (Base: 0.2688, Trend: 0.1453, DTW: 0.1070, TopK: 0.4705) | Val Mixed Loss (No Trend): 0.7399 (Base: 0.2779, DTW: 0.1305, TopK: 0.4960) | EMA Val Loss (No Trend): 0.746522 | LR: 1.71e-04
Saved new best weights to best_model_seed3.pth (EMA validation loss without trend: 0.746522).
Epoch [26/100] | Total Loss: 0.9051 | Aux Loss: 0.1668 | Train Mixed Loss: 0.7383 (Base: 0.2685, Trend: 0.1453, DTW: 0.1067, TopK: 0.4704) | Val Mixed Loss (No Trend): 0.7326 (Base: 0.2825, DTW: 0.1287, TopK: 0.4707) | EMA Val Loss (No Trend): 0.743038 | LR: 1.69e-04
Saved new best weights to best_model_seed3.pth (EMA validation loss without trend: 0.743038).
Epoch [27/100] | Total Loss: 0.8977 | Aux Loss: 0.1650 | Train Mixed Loss: 0.7327 (Base: 0.2672, Trend: 0.1453, DTW: 0.1051, TopK: 0.4686) | Val Mixed Loss (No Trend): 0.7445 (Base: 0.2802, DTW: 0.1306, TopK: 0.5024) | EMA Val Loss (No Trend): 0.743399 | LR: 1.66e-04
Epoch [28/100] | Total Loss: 0.8928 | Aux Loss: 0.1669 | Train Mixed Loss: 0.7259 (Base: 0.2652, Trend: 0.1447, DTW: 0.1039, TopK: 0.4631) | Val Mixed Loss (No Trend): 0.7484 (Base: 0.2853, DTW: 0.1335, TopK: 0.4757) | EMA Val Loss (No Trend): 0.744648 | LR: 1.64e-04
Epoch [29/100] | Total Loss: 0.8834 | Aux Loss: 0.1653 | Train Mixed Loss: 0.7181 (Base: 0.2632, Trend: 0.1443, DTW: 0.1023, TopK: 0.4577) | Val Mixed Loss (No Trend): 0.7549 (Base: 0.2943, DTW: 0.1346, TopK: 0.4583) | EMA Val Loss (No Trend): 0.747219 | LR: 1.61e-04
Epoch [30/100] | Total Loss: 0.8830 | Aux Loss: 0.1645 | Train Mixed Loss: 0.7185 (Base: 0.2628, Trend: 0.1445, DTW: 0.1022, TopK: 0.4607) | Val Mixed Loss (No Trend): 0.7448 (Base: 0.2869, DTW: 0.1303, TopK: 0.4836) | EMA Val Loss (No Trend): 0.746603 | LR: 1.59e-04
Epoch [31/100] | Total Loss: 0.8823 | Aux Loss: 0.1647 | Train Mixed Loss: 0.7176 (Base: 0.2625, Trend: 0.1455, DTW: 0.1017, TopK: 0.4606) | Val Mixed Loss (No Trend): 0.7452 (Base: 0.2841, DTW: 0.1310, TopK: 0.4894) | EMA Val Loss (No Trend): 0.746258 | LR: 1.56e-04
Epoch [32/100] | Total Loss: 0.8760 | Aux Loss: 0.1639 | Train Mixed Loss: 0.7121 (Base: 0.2611, Trend: 0.1447, DTW: 0.1008, TopK: 0.4563) | Val Mixed Loss (No Trend): 0.7699 (Base: 0.2980, DTW: 0.1388, TopK: 0.4628) | EMA Val Loss (No Trend): 0.752161 | LR: 1.54e-04
Epoch [33/100] | Total Loss: 0.8647 | Aux Loss: 0.1636 | Train Mixed Loss: 0.7011 (Base: 0.2576, Trend: 0.1432, DTW: 0.0987, TopK: 0.4503) | Val Mixed Loss (No Trend): 0.7322 (Base: 0.2770, DTW: 0.1282, TopK: 0.4917) | EMA Val Loss (No Trend): 0.747183 | LR: 1.51e-04
Epoch [34/100] | Total Loss: 0.8665 | Aux Loss: 0.1625 | Train Mixed Loss: 0.7041 (Base: 0.2592, Trend: 0.1447, DTW: 0.0990, TopK: 0.4503) | Val Mixed Loss (No Trend): 0.7422 (Base: 0.2777, DTW: 0.1316, TopK: 0.4956) | EMA Val Loss (No Trend): 0.745947 | LR: 1.48e-04
Epoch [35/100] | Total Loss: 0.8660 | Aux Loss: 0.1626 | Train Mixed Loss: 0.7034 (Base: 0.2594, Trend: 0.1450, DTW: 0.0984, TopK: 0.4510) | Val Mixed Loss (No Trend): 0.7499 (Base: 0.2910, DTW: 0.1327, TopK: 0.4677) | EMA Val Loss (No Trend): 0.746931 | LR: 1.46e-04
Epoch [36/100] | Total Loss: 0.8580 | Aux Loss: 0.1617 | Train Mixed Loss: 0.6963 (Base: 0.2575, Trend: 0.1448, DTW: 0.0966, TopK: 0.4485) | Val Mixed Loss (No Trend): 0.7494 (Base: 0.2859, DTW: 0.1342, TopK: 0.4713) | EMA Val Loss (No Trend): 0.747555 | LR: 1.43e-04
Epoch [37/100] | Total Loss: 0.8545 | Aux Loss: 0.1609 | Train Mixed Loss: 0.6936 (Base: 0.2557, Trend: 0.1440, DTW: 0.0966, TopK: 0.4467) | Val Mixed Loss (No Trend): 0.7369 (Base: 0.2790, DTW: 0.1303, TopK: 0.4836) | EMA Val Loss (No Trend): 0.744898 | LR: 1.40e-04
Epoch [38/100] | Total Loss: 0.8496 | Aux Loss: 0.1606 | Train Mixed Loss: 0.6890 (Base: 0.2549, Trend: 0.1436, DTW: 0.0955, TopK: 0.4438) | Val Mixed Loss (No Trend): 0.7452 (Base: 0.2851, DTW: 0.1306, TopK: 0.4889) | EMA Val Loss (No Trend): 0.744985 | LR: 1.37e-04
Epoch [39/100] | Total Loss: 0.8410 | Aux Loss: 0.1601 | Train Mixed Loss: 0.6810 (Base: 0.2520, Trend: 0.1432, DTW: 0.0940, TopK: 0.4388) | Val Mixed Loss (No Trend): 0.7467 (Base: 0.2849, DTW: 0.1319, TopK: 0.4841) | EMA Val Loss (No Trend): 0.745425 | LR: 1.34e-04
Epoch [40/100] | Total Loss: 0.8485 | Aux Loss: 0.1620 | Train Mixed Loss: 0.6866 (Base: 0.2541, Trend: 0.1447, DTW: 0.0949, TopK: 0.4411) | Val Mixed Loss (No Trend): 0.7468 (Base: 0.2863, DTW: 0.1322, TopK: 0.4774) | EMA Val Loss (No Trend): 0.745769 | LR: 1.31e-04
Epoch [41/100] | Total Loss: 0.8295 | Aux Loss: 0.1574 | Train Mixed Loss: 0.6721 (Base: 0.2494, Trend: 0.1422, DTW: 0.0923, TopK: 0.4338) | Val Mixed Loss (No Trend): 0.7648 (Base: 0.2966, DTW: 0.1368, TopK: 0.4662) | EMA Val Loss (No Trend): 0.750529 | LR: 1.28e-04
Epoch [42/100] | Total Loss: 0.8383 | Aux Loss: 0.1599 | Train Mixed Loss: 0.6784 (Base: 0.2518, Trend: 0.1444, DTW: 0.0928, TopK: 0.4390) | Val Mixed Loss (No Trend): 0.7336 (Base: 0.2781, DTW: 0.1310, TopK: 0.4704) | EMA Val Loss (No Trend): 0.746285 | LR: 1.25e-04
Epoch [43/100] | Total Loss: 0.8352 | Aux Loss: 0.1604 | Train Mixed Loss: 0.6747 (Base: 0.2498, Trend: 0.1440, DTW: 0.0922, TopK: 0.4387) | Val Mixed Loss (No Trend): 0.7382 (Base: 0.2830, DTW: 0.1308, TopK: 0.4712) | EMA Val Loss (No Trend): 0.744258 | LR: 1.22e-04
Epoch [44/100] | Total Loss: 0.8323 | Aux Loss: 0.1590 | Train Mixed Loss: 0.6733 (Base: 0.2505, Trend: 0.1440, DTW: 0.0918, TopK: 0.4348) | Val Mixed Loss (No Trend): 0.7431 (Base: 0.2814, DTW: 0.1315, TopK: 0.4875) | EMA Val Loss (No Trend): 0.743979 | LR: 1.19e-04
Epoch [45/100] | Total Loss: 0.8193 | Aux Loss: 0.1575 | Train Mixed Loss: 0.6618 (Base: 0.2470, Trend: 0.1435, DTW: 0.0893, TopK: 0.4293) | Val Mixed Loss (No Trend): 0.7323 (Base: 0.2829, DTW: 0.1290, TopK: 0.4663) | EMA Val Loss (No Trend): 0.741047 | LR: 1.16e-04
Saved new best weights to best_model_seed3.pth (EMA validation loss without trend: 0.741047).
Epoch [46/100] | Total Loss: 0.8231 | Aux Loss: 0.1581 | Train Mixed Loss: 0.6651 (Base: 0.2478, Trend: 0.1442, DTW: 0.0899, TopK: 0.4312) | Val Mixed Loss (No Trend): 0.7319 (Base: 0.2769, DTW: 0.1298, TopK: 0.4783) | EMA Val Loss (No Trend): 0.738763 | LR: 1.13e-04
Saved new best weights to best_model_seed3.pth (EMA validation loss without trend: 0.738763).
Epoch [47/100] | Total Loss: 0.8169 | Aux Loss: 0.1568 | Train Mixed Loss: 0.6601 (Base: 0.2461, Trend: 0.1440, DTW: 0.0893, TopK: 0.4260) | Val Mixed Loss (No Trend): 0.7448 (Base: 0.2830, DTW: 0.1312, TopK: 0.4896) | EMA Val Loss (No Trend): 0.740263 | LR: 1.10e-04
Epoch [48/100] | Total Loss: 0.8182 | Aux Loss: 0.1574 | Train Mixed Loss: 0.6608 (Base: 0.2465, Trend: 0.1438, DTW: 0.0891, TopK: 0.4287) | Val Mixed Loss (No Trend): 0.7461 (Base: 0.2843, DTW: 0.1346, TopK: 0.4628) | EMA Val Loss (No Trend): 0.741732 | LR: 1.07e-04
Epoch [49/100] | Total Loss: 0.8099 | Aux Loss: 0.1568 | Train Mixed Loss: 0.6531 (Base: 0.2440, Trend: 0.1433, DTW: 0.0874, TopK: 0.4254) | Val Mixed Loss (No Trend): 0.7510 (Base: 0.2860, DTW: 0.1329, TopK: 0.4868) | EMA Val Loss (No Trend): 0.744059 | LR: 1.04e-04
Epoch [50/100] | Total Loss: 0.8054 | Aux Loss: 0.1570 | Train Mixed Loss: 0.6484 (Base: 0.2427, Trend: 0.1426, DTW: 0.0867, TopK: 0.4209) | Val Mixed Loss (No Trend): 0.7565 (Base: 0.2887, DTW: 0.1355, TopK: 0.4757) | EMA Val Loss (No Trend): 0.747180 | LR: 1.01e-04
Epoch [51/100] | Total Loss: 0.7977 | Aux Loss: 0.1552 | Train Mixed Loss: 0.6425 (Base: 0.2416, Trend: 0.1429, DTW: 0.0848, TopK: 0.4200) | Val Mixed Loss (No Trend): 0.7339 (Base: 0.2806, DTW: 0.1289, TopK: 0.4800) | EMA Val Loss (No Trend): 0.743854 | LR: 9.74e-05
Epoch [52/100] | Total Loss: 0.7972 | Aux Loss: 0.1565 | Train Mixed Loss: 0.6407 (Base: 0.2408, Trend: 0.1427, DTW: 0.0846, TopK: 0.4187) | Val Mixed Loss (No Trend): 0.7436 (Base: 0.2855, DTW: 0.1307, TopK: 0.4813) | EMA Val Loss (No Trend): 0.743782 | LR: 9.43e-05
Epoch [53/100] | Total Loss: 0.7925 | Aux Loss: 0.1559 | Train Mixed Loss: 0.6365 (Base: 0.2390, Trend: 0.1422, DTW: 0.0839, TopK: 0.4165) | Val Mixed Loss (No Trend): 0.7587 (Base: 0.2928, DTW: 0.1352, TopK: 0.4713) | EMA Val Loss (No Trend): 0.747509 | LR: 9.11e-05
Epoch [54/100] | Total Loss: 0.7984 | Aux Loss: 0.1566 | Train Mixed Loss: 0.6418 (Base: 0.2412, Trend: 0.1437, DTW: 0.0850, TopK: 0.4163) | Val Mixed Loss (No Trend): 0.7392 (Base: 0.2821, DTW: 0.1314, TopK: 0.4721) | EMA Val Loss (No Trend): 0.745425 | LR: 8.80e-05
Epoch [55/100] | Total Loss: 0.7918 | Aux Loss: 0.1561 | Train Mixed Loss: 0.6357 (Base: 0.2393, Trend: 0.1426, DTW: 0.0835, TopK: 0.4152) | Val Mixed Loss (No Trend): 0.7587 (Base: 0.2932, DTW: 0.1373, TopK: 0.4534) | EMA Val Loss (No Trend): 0.748741 | LR: 8.49e-05
Epoch [56/100] | Total Loss: 0.7840 | Aux Loss: 0.1541 | Train Mixed Loss: 0.6299 (Base: 0.2370, Trend: 0.1423, DTW: 0.0827, TopK: 0.4111) | Val Mixed Loss (No Trend): 0.7530 (Base: 0.2892, DTW: 0.1345, TopK: 0.4695) | EMA Val Loss (No Trend): 0.749807 | LR: 8.19e-05
Epoch [57/100] | Total Loss: 0.7825 | Aux Loss: 0.1544 | Train Mixed Loss: 0.6281 (Base: 0.2372, Trend: 0.1429, DTW: 0.0820, TopK: 0.4091) | Val Mixed Loss (No Trend): 0.7396 (Base: 0.2825, DTW: 0.1312, TopK: 0.4741) | EMA Val Loss (No Trend): 0.747266 | LR: 7.88e-05
Epoch [58/100] | Total Loss: 0.7797 | Aux Loss: 0.1546 | Train Mixed Loss: 0.6251 (Base: 0.2359, Trend: 0.1430, DTW: 0.0814, TopK: 0.4076) | Val Mixed Loss (No Trend): 0.7366 (Base: 0.2828, DTW: 0.1299, TopK: 0.4730) | EMA Val Loss (No Trend): 0.744588 | LR: 7.58e-05
Epoch [59/100] | Total Loss: 0.7754 | Aux Loss: 0.1540 | Train Mixed Loss: 0.6214 (Base: 0.2354, Trend: 0.1432, DTW: 0.0804, TopK: 0.4049) | Val Mixed Loss (No Trend): 0.7448 (Base: 0.2816, DTW: 0.1321, TopK: 0.4876) | EMA Val Loss (No Trend): 0.744652 | LR: 7.27e-05
Epoch [60/100] | Total Loss: 0.7764 | Aux Loss: 0.1540 | Train Mixed Loss: 0.6224 (Base: 0.2352, Trend: 0.1430, DTW: 0.0808, TopK: 0.4056) | Val Mixed Loss (No Trend): 0.7546 (Base: 0.2868, DTW: 0.1338, TopK: 0.4884) | EMA Val Loss (No Trend): 0.747134 | LR: 6.98e-05
Epoch [61/100] | Total Loss: 0.7729 | Aux Loss: 0.1548 | Train Mixed Loss: 0.6181 (Base: 0.2335, Trend: 0.1431, DTW: 0.0797, TopK: 0.4060) | Val Mixed Loss (No Trend): 0.7353 (Base: 0.2814, DTW: 0.1297, TopK: 0.4756) | EMA Val Loss (No Trend): 0.744187 | LR: 6.68e-05
Epoch [62/100] | Total Loss: 0.7704 | Aux Loss: 0.1549 | Train Mixed Loss: 0.6155 (Base: 0.2332, Trend: 0.1425, DTW: 0.0793, TopK: 0.4024) | Val Mixed Loss (No Trend): 0.7458 (Base: 0.2859, DTW: 0.1321, TopK: 0.4761) | EMA Val Loss (No Trend): 0.744587 | LR: 6.39e-05
Epoch [63/100] | Total Loss: 0.7689 | Aux Loss: 0.1540 | Train Mixed Loss: 0.6149 (Base: 0.2327, Trend: 0.1432, DTW: 0.0791, TopK: 0.4026) | Val Mixed Loss (No Trend): 0.7404 (Base: 0.2847, DTW: 0.1318, TopK: 0.4644) | EMA Val Loss (No Trend): 0.743531 | LR: 6.10e-05
Epoch [64/100] | Total Loss: 0.7704 | Aux Loss: 0.1545 | Train Mixed Loss: 0.6159 (Base: 0.2328, Trend: 0.1434, DTW: 0.0793, TopK: 0.4035) | Val Mixed Loss (No Trend): 0.7514 (Base: 0.2864, DTW: 0.1338, TopK: 0.4795) | EMA Val Loss (No Trend): 0.745494 | LR: 5.81e-05
Epoch [65/100] | Total Loss: 0.7588 | Aux Loss: 0.1525 | Train Mixed Loss: 0.6063 (Base: 0.2299, Trend: 0.1422, DTW: 0.0774, TopK: 0.3981) | Val Mixed Loss (No Trend): 0.7462 (Base: 0.2859, DTW: 0.1317, TopK: 0.4809) | EMA Val Loss (No Trend): 0.745683 | LR: 5.53e-05
Epoch [66/100] | Total Loss: 0.7552 | Aux Loss: 0.1527 | Train Mixed Loss: 0.6025 (Base: 0.2287, Trend: 0.1421, DTW: 0.0769, TopK: 0.3943) | Val Mixed Loss (No Trend): 0.7445 (Base: 0.2811, DTW: 0.1317, TopK: 0.4912) | EMA Val Loss (No Trend): 0.745398 | LR: 5.26e-05
Epoch [67/100] | Total Loss: 0.7554 | Aux Loss: 0.1525 | Train Mixed Loss: 0.6029 (Base: 0.2299, Trend: 0.1424, DTW: 0.0765, TopK: 0.3938) | Val Mixed Loss (No Trend): 0.7304 (Base: 0.2798, DTW: 0.1289, TopK: 0.4704) | EMA Val Loss (No Trend): 0.741642 | LR: 4.99e-05
Epoch [68/100] | Total Loss: 0.7490 | Aux Loss: 0.1518 | Train Mixed Loss: 0.5972 (Base: 0.2274, Trend: 0.1417, DTW: 0.0755, TopK: 0.3925) | Val Mixed Loss (No Trend): 0.7459 (Base: 0.2821, DTW: 0.1329, TopK: 0.4832) | EMA Val Loss (No Trend): 0.742707 | LR: 4.72e-05
Epoch [69/100] | Total Loss: 0.7506 | Aux Loss: 0.1536 | Train Mixed Loss: 0.5970 (Base: 0.2280, Trend: 0.1423, DTW: 0.0753, TopK: 0.3906) | Val Mixed Loss (No Trend): 0.7347 (Base: 0.2790, DTW: 0.1295, TopK: 0.4826) | EMA Val Loss (No Trend): 0.740699 | LR: 4.46e-05
Epoch [70/100] | Total Loss: 0.7487 | Aux Loss: 0.1526 | Train Mixed Loss: 0.5961 (Base: 0.2265, Trend: 0.1425, DTW: 0.0754, TopK: 0.3915) | Val Mixed Loss (No Trend): 0.7465 (Base: 0.2862, DTW: 0.1323, TopK: 0.4758) | EMA Val Loss (No Trend): 0.742142 | LR: 4.20e-05
Epoch [71/100] | Total Loss: 0.7466 | Aux Loss: 0.1513 | Train Mixed Loss: 0.5952 (Base: 0.2268, Trend: 0.1421, DTW: 0.0751, TopK: 0.3910) | Val Mixed Loss (No Trend): 0.7409 (Base: 0.2836, DTW: 0.1308, TopK: 0.4780) | EMA Val Loss (No Trend): 0.741820 | LR: 3.95e-05
Epoch [72/100] | Total Loss: 0.7450 | Aux Loss: 0.1519 | Train Mixed Loss: 0.5932 (Base: 0.2263, Trend: 0.1425, DTW: 0.0744, TopK: 0.3901) | Val Mixed Loss (No Trend): 0.7572 (Base: 0.2875, DTW: 0.1350, TopK: 0.4857) | EMA Val Loss (No Trend): 0.745668 | LR: 3.71e-05
Epoch [73/100] | Total Loss: 0.7410 | Aux Loss: 0.1521 | Train Mixed Loss: 0.5889 (Base: 0.2248, Trend: 0.1418, DTW: 0.0736, TopK: 0.3884) | Val Mixed Loss (No Trend): 0.7435 (Base: 0.2833, DTW: 0.1320, TopK: 0.4781) | EMA Val Loss (No Trend): 0.745133 | LR: 3.47e-05
Epoch [74/100] | Total Loss: 0.7406 | Aux Loss: 0.1512 | Train Mixed Loss: 0.5893 (Base: 0.2248, Trend: 0.1419, DTW: 0.0738, TopK: 0.3885) | Val Mixed Loss (No Trend): 0.7515 (Base: 0.2862, DTW: 0.1347, TopK: 0.4740) | EMA Val Loss (No Trend): 0.746734 | LR: 3.24e-05
Epoch [75/100] | Total Loss: 0.7382 | Aux Loss: 0.1528 | Train Mixed Loss: 0.5855 (Base: 0.2238, Trend: 0.1420, DTW: 0.0733, TopK: 0.3830) | Val Mixed Loss (No Trend): 0.7406 (Base: 0.2813, DTW: 0.1323, TopK: 0.4730) | EMA Val Loss (No Trend): 0.745201 | LR: 3.01e-05
Epoch [76/100] | Total Loss: 0.7364 | Aux Loss: 0.1520 | Train Mixed Loss: 0.5844 (Base: 0.2234, Trend: 0.1420, DTW: 0.0727, TopK: 0.3847) | Val Mixed Loss (No Trend): 0.7418 (Base: 0.2857, DTW: 0.1313, TopK: 0.4697) | EMA Val Loss (No Trend): 0.744344 | LR: 2.80e-05
Epoch [77/100] | Total Loss: 0.7342 | Aux Loss: 0.1510 | Train Mixed Loss: 0.5832 (Base: 0.2230, Trend: 0.1421, DTW: 0.0723, TopK: 0.3855) | Val Mixed Loss (No Trend): 0.7557 (Base: 0.2886, DTW: 0.1350, TopK: 0.4768) | EMA Val Loss (No Trend): 0.747183 | LR: 2.59e-05
Epoch [78/100] | Total Loss: 0.7312 | Aux Loss: 0.1520 | Train Mixed Loss: 0.5792 (Base: 0.2220, Trend: 0.1420, DTW: 0.0714, TopK: 0.3824) | Val Mixed Loss (No Trend): 0.7434 (Base: 0.2835, DTW: 0.1316, TopK: 0.4802) | EMA Val Loss (No Trend): 0.746245 | LR: 2.38e-05
Epoch [79/100] | Total Loss: 0.7329 | Aux Loss: 0.1510 | Train Mixed Loss: 0.5819 (Base: 0.2233, Trend: 0.1420, DTW: 0.0719, TopK: 0.3839) | Val Mixed Loss (No Trend): 0.7466 (Base: 0.2848, DTW: 0.1332, TopK: 0.4734) | EMA Val Loss (No Trend): 0.746326 | LR: 2.19e-05
Epoch [80/100] | Total Loss: 0.7259 | Aux Loss: 0.1505 | Train Mixed Loss: 0.5753 (Base: 0.2203, Trend: 0.1415, DTW: 0.0709, TopK: 0.3801) | Val Mixed Loss (No Trend): 0.7558 (Base: 0.2905, DTW: 0.1356, TopK: 0.4664) | EMA Val Loss (No Trend): 0.748701 | LR: 2.00e-05
Epoch [81/100] | Total Loss: 0.7266 | Aux Loss: 0.1512 | Train Mixed Loss: 0.5753 (Base: 0.2204, Trend: 0.1418, DTW: 0.0708, TopK: 0.3803) | Val Mixed Loss (No Trend): 0.7549 (Base: 0.2886, DTW: 0.1344, TopK: 0.4786) | EMA Val Loss (No Trend): 0.750238 | LR: 1.82e-05
Epoch [82/100] | Total Loss: 0.7266 | Aux Loss: 0.1512 | Train Mixed Loss: 0.5754 (Base: 0.2209, Trend: 0.1422, DTW: 0.0709, TopK: 0.3772) | Val Mixed Loss (No Trend): 0.7566 (Base: 0.2869, DTW: 0.1348, TopK: 0.4877) | EMA Val Loss (No Trend): 0.751825 | LR: 1.65e-05
Epoch [83/100] | Total Loss: 0.7252 | Aux Loss: 0.1514 | Train Mixed Loss: 0.5737 (Base: 0.2200, Trend: 0.1419, DTW: 0.0703, TopK: 0.3805) | Val Mixed Loss (No Trend): 0.7430 (Base: 0.2843, DTW: 0.1334, TopK: 0.4619) | EMA Val Loss (No Trend): 0.749631 | LR: 1.49e-05
Epoch [84/100] | Total Loss: 0.7230 | Aux Loss: 0.1512 | Train Mixed Loss: 0.5719 (Base: 0.2194, Trend: 0.1411, DTW: 0.0706, TopK: 0.3753) | Val Mixed Loss (No Trend): 0.7516 (Base: 0.2879, DTW: 0.1337, TopK: 0.4758) | EMA Val Loss (No Trend): 0.750128 | LR: 1.33e-05
Epoch [85/100] | Total Loss: 0.7190 | Aux Loss: 0.1499 | Train Mixed Loss: 0.5691 (Base: 0.2185, Trend: 0.1412, DTW: 0.0697, TopK: 0.3754) | Val Mixed Loss (No Trend): 0.7526 (Base: 0.2878, DTW: 0.1350, TopK: 0.4691) | EMA Val Loss (No Trend): 0.750753 | LR: 1.18e-05
Epoch [86/100] | Total Loss: 0.7238 | Aux Loss: 0.1508 | Train Mixed Loss: 0.5730 (Base: 0.2192, Trend: 0.1418, DTW: 0.0705, TopK: 0.3793) | Val Mixed Loss (No Trend): 0.7448 (Base: 0.2841, DTW: 0.1324, TopK: 0.4761) | EMA Val Loss (No Trend): 0.749261 | LR: 1.05e-05
Epoch [87/100] | Total Loss: 0.7248 | Aux Loss: 0.1515 | Train Mixed Loss: 0.5734 (Base: 0.2204, Trend: 0.1422, DTW: 0.0704, TopK: 0.3758) | Val Mixed Loss (No Trend): 0.7409 (Base: 0.2836, DTW: 0.1313, TopK: 0.4740) | EMA Val Loss (No Trend): 0.747177 | LR: 9.18e-06
Epoch [88/100] | Total Loss: 0.7258 | Aux Loss: 0.1515 | Train Mixed Loss: 0.5743 (Base: 0.2200, Trend: 0.1421, DTW: 0.0709, TopK: 0.3771) | Val Mixed Loss (No Trend): 0.7503 (Base: 0.2859, DTW: 0.1342, TopK: 0.4740) | EMA Val Loss (No Trend): 0.747956 | LR: 7.99e-06
Epoch [89/100] | Total Loss: 0.7224 | Aux Loss: 0.1508 | Train Mixed Loss: 0.5715 (Base: 0.2186, Trend: 0.1415, DTW: 0.0703, TopK: 0.3784) | Val Mixed Loss (No Trend): 0.7554 (Base: 0.2885, DTW: 0.1357, TopK: 0.4711) | EMA Val Loss (No Trend): 0.749821 | LR: 6.88e-06
Epoch [90/100] | Total Loss: 0.7218 | Aux Loss: 0.1521 | Train Mixed Loss: 0.5697 (Base: 0.2186, Trend: 0.1424, DTW: 0.0694, TopK: 0.3781) | Val Mixed Loss (No Trend): 0.7424 (Base: 0.2829, DTW: 0.1324, TopK: 0.4724) | EMA Val Loss (No Trend): 0.747970 | LR: 5.87e-06
Epoch [91/100] | Total Loss: 0.7214 | Aux Loss: 0.1526 | Train Mixed Loss: 0.5687 (Base: 0.2183, Trend: 0.1419, DTW: 0.0695, TopK: 0.3755) | Val Mixed Loss (No Trend): 0.7534 (Base: 0.2878, DTW: 0.1349, TopK: 0.4729) | EMA Val Loss (No Trend): 0.749330 | LR: 4.95e-06
Epoch [92/100] | Total Loss: 0.7234 | Aux Loss: 0.1521 | Train Mixed Loss: 0.5713 (Base: 0.2193, Trend: 0.1427, DTW: 0.0699, TopK: 0.3764) | Val Mixed Loss (No Trend): 0.7464 (Base: 0.2864, DTW: 0.1323, TopK: 0.4749) | EMA Val Loss (No Trend): 0.748601 | LR: 4.13e-06
Epoch [93/100] | Total Loss: 0.7174 | Aux Loss: 0.1499 | Train Mixed Loss: 0.5674 (Base: 0.2186, Trend: 0.1418, DTW: 0.0692, TopK: 0.3731) | Val Mixed Loss (No Trend): 0.7443 (Base: 0.2862, DTW: 0.1320, TopK: 0.4708) | EMA Val Loss (No Trend): 0.747533 | LR: 3.40e-06
Epoch [94/100] | Total Loss: 0.7154 | Aux Loss: 0.1496 | Train Mixed Loss: 0.5658 (Base: 0.2173, Trend: 0.1411, DTW: 0.0688, TopK: 0.3755) | Val Mixed Loss (No Trend): 0.7416 (Base: 0.2829, DTW: 0.1314, TopK: 0.4779) | EMA Val Loss (No Trend): 0.746048 | LR: 2.76e-06
Epoch [95/100] | Total Loss: 0.7129 | Aux Loss: 0.1500 | Train Mixed Loss: 0.5629 (Base: 0.2171, Trend: 0.1412, DTW: 0.0683, TopK: 0.3714) | Val Mixed Loss (No Trend): 0.7465 (Base: 0.2857, DTW: 0.1331, TopK: 0.4712) | EMA Val Loss (No Trend): 0.746151 | LR: 2.23e-06
Epoch [96/100] | Total Loss: 0.7167 | Aux Loss: 0.1507 | Train Mixed Loss: 0.5660 (Base: 0.2180, Trend: 0.1419, DTW: 0.0688, TopK: 0.3728) | Val Mixed Loss (No Trend): 0.7430 (Base: 0.2840, DTW: 0.1316, TopK: 0.4770) | EMA Val Loss (No Trend): 0.745359 | LR: 1.78e-06
Epoch [97/100] | Total Loss: 0.7168 | Aux Loss: 0.1504 | Train Mixed Loss: 0.5665 (Base: 0.2176, Trend: 0.1417, DTW: 0.0691, TopK: 0.3739) | Val Mixed Loss (No Trend): 0.7495 (Base: 0.2872, DTW: 0.1333, TopK: 0.4752) | EMA Val Loss (No Trend): 0.746400 | LR: 1.44e-06
Epoch [98/100] | Total Loss: 0.7193 | Aux Loss: 0.1510 | Train Mixed Loss: 0.5682 (Base: 0.2181, Trend: 0.1423, DTW: 0.0694, TopK: 0.3747) | Val Mixed Loss (No Trend): 0.7523 (Base: 0.2870, DTW: 0.1344, TopK: 0.4763) | EMA Val Loss (No Trend): 0.747875 | LR: 1.20e-06
Epoch [99/100] | Total Loss: 0.7186 | Aux Loss: 0.1512 | Train Mixed Loss: 0.5675 (Base: 0.2181, Trend: 0.1423, DTW: 0.0690, TopK: 0.3754) | Val Mixed Loss (No Trend): 0.7447 (Base: 0.2845, DTW: 0.1324, TopK: 0.4747) | EMA Val Loss (No Trend): 0.747081 | LR: 1.05e-06
Epoch [100/100] | Total Loss: 0.7178 | Aux Loss: 0.1502 | Train Mixed Loss: 0.5676 (Base: 0.2184, Trend: 0.1419, DTW: 0.0692, TopK: 0.3735) | Val Mixed Loss (No Trend): 0.7538 (Base: 0.2885, DTW: 0.1342, TopK: 0.4772) | EMA Val Loss (No Trend): 0.748769 | LR: 2.00e-04
