[*] Process seed: 2
Building static profile features from historical data...
[*] Total trainable parameters: 3,485,441
Epoch [1/100] | Train Mixed Loss (Trend, limit=2): 1.1030 (Base: 0.3508, DTW: 0.1970, TopK: 0.6149) | Val Mixed Loss (NoTrend, limit=2): 0.9373 (Base: 0.3470, DTW: 0.1815, TopK: 0.5155) | EMA NoTrend Loss: 0.937267 | LR: 2.00e-04
Epoch [2/100] | Train Mixed Loss (Trend, limit=2): 1.0056 (Base: 0.3353, DTW: 0.1675, TopK: 0.6012) | Val Mixed Loss (NoTrend, limit=2): 0.8428 (Base: 0.3141, DTW: 0.1520, TopK: 0.5460) | EMA NoTrend Loss: 0.913644 | LR: 2.00e-04
Epoch [3/100] | Train Mixed Loss (Trend, limit=2): 0.9787 (Base: 0.3298, DTW: 0.1594, TopK: 0.5954) | Val Mixed Loss (NoTrend, limit=2): 0.8162 (Base: 0.3038, DTW: 0.1448, TopK: 0.5496) | EMA NoTrend Loss: 0.889271 | LR: 2.00e-04
Epoch [4/100] | Train Mixed Loss (Trend, limit=2): 0.9537 (Base: 0.3247, DTW: 0.1526, TopK: 0.5846) | Val Mixed Loss (NoTrend, limit=2): 0.8123 (Base: 0.3080, DTW: 0.1465, TopK: 0.5093) | EMA NoTrend Loss: 0.870037 | LR: 1.99e-04
Epoch [5/100] | Train Mixed Loss (Trend, limit=2): 0.9339 (Base: 0.3199, DTW: 0.1480, TopK: 0.5747) | Val Mixed Loss (NoTrend, limit=2): 0.7929 (Base: 0.2993, DTW: 0.1405, TopK: 0.5214) | EMA NoTrend Loss: 0.850741 | LR: 1.99e-04
Epoch [6/100] | Train Mixed Loss (Trend, limit=2): 0.9251 (Base: 0.3179, DTW: 0.1457, TopK: 0.5712) | Val Mixed Loss (NoTrend, limit=2): 0.7882 (Base: 0.2960, DTW: 0.1394, TopK: 0.5254) | EMA NoTrend Loss: 0.835107 | LR: 1.98e-04
Epoch [7/100] | Train Mixed Loss (Trend, limit=2): 0.9135 (Base: 0.3138, DTW: 0.1432, TopK: 0.5680) | Val Mixed Loss (NoTrend, limit=2): 0.7796 (Base: 0.2991, DTW: 0.1362, TopK: 0.5121) | EMA NoTrend Loss: 0.821224 | LR: 1.98e-04
Epoch [8/100] | Train Mixed Loss (Trend, limit=2): 0.9043 (Base: 0.3120, DTW: 0.1410, TopK: 0.5628) | Val Mixed Loss (NoTrend, limit=2): 0.7846 (Base: 0.3022, DTW: 0.1391, TopK: 0.4951) | EMA NoTrend Loss: 0.812063 | LR: 1.97e-04
Epoch [9/100] | Train Mixed Loss (Trend, limit=2): 0.8908 (Base: 0.3082, DTW: 0.1380, TopK: 0.5567) | Val Mixed Loss (NoTrend, limit=2): 0.7611 (Base: 0.2880, DTW: 0.1331, TopK: 0.5123) | EMA NoTrend Loss: 0.799330 | LR: 1.96e-04
Epoch [10/100] | Train Mixed Loss (Trend, limit=2): 0.8859 (Base: 0.3073, DTW: 0.1363, TopK: 0.5556) | Val Mixed Loss (NoTrend, limit=2): 0.7593 (Base: 0.2879, DTW: 0.1330, TopK: 0.5073) | EMA NoTrend Loss: 0.789330 | LR: 1.95e-04
Epoch [11/100] | Train Mixed Loss (Trend, limit=2): 0.8789 (Base: 0.3061, DTW: 0.1346, TopK: 0.5519) | Val Mixed Loss (NoTrend, limit=2): 0.7693 (Base: 0.2890, DTW: 0.1351, TopK: 0.5197) | EMA NoTrend Loss: 0.784320 | LR: 1.94e-04
Epoch [12/100] | Train Mixed Loss (Trend, limit=2): 0.8720 (Base: 0.3039, DTW: 0.1327, TopK: 0.5515) | Val Mixed Loss (NoTrend, limit=2): 0.7863 (Base: 0.2990, DTW: 0.1430, TopK: 0.4801) | EMA NoTrend Loss: 0.784821 | LR: 1.93e-04
Epoch [13/100] | Train Mixed Loss (Trend, limit=2): 0.8652 (Base: 0.3019, DTW: 0.1317, TopK: 0.5448) | Val Mixed Loss (NoTrend, limit=2): 0.7646 (Base: 0.2871, DTW: 0.1352, TopK: 0.5102) | EMA NoTrend Loss: 0.779769 | LR: 1.92e-04
Epoch [14/100] | Train Mixed Loss (Trend, limit=2): 0.8622 (Base: 0.3017, DTW: 0.1305, TopK: 0.5451) | Val Mixed Loss (NoTrend, limit=2): 0.7389 (Base: 0.2777, DTW: 0.1277, TopK: 0.5159) | EMA NoTrend Loss: 0.769546 | LR: 1.91e-04
Epoch [15/100] | Train Mixed Loss (Trend, limit=2): 0.8564 (Base: 0.3005, DTW: 0.1289, TopK: 0.5425) | Val Mixed Loss (NoTrend, limit=2): 0.7555 (Base: 0.2881, DTW: 0.1317, TopK: 0.5047) | EMA NoTrend Loss: 0.766039 | LR: 1.89e-04
Epoch [16/100] | Train Mixed Loss (Trend, limit=2): 0.8511 (Base: 0.2985, DTW: 0.1280, TopK: 0.5394) | Val Mixed Loss (NoTrend, limit=2): 0.7420 (Base: 0.2873, DTW: 0.1272, TopK: 0.4976) | EMA NoTrend Loss: 0.760037 | LR: 1.88e-04
Epoch [17/100] | Train Mixed Loss (Trend, limit=2): 0.8464 (Base: 0.2979, DTW: 0.1268, TopK: 0.5360) | Val Mixed Loss (NoTrend, limit=2): 0.7383 (Base: 0.2784, DTW: 0.1278, TopK: 0.5103) | EMA NoTrend Loss: 0.754595 | LR: 1.86e-04
Epoch [18/100] | Train Mixed Loss (Trend, limit=2): 0.8442 (Base: 0.2969, DTW: 0.1260, TopK: 0.5381) | Val Mixed Loss (NoTrend, limit=2): 0.7556 (Base: 0.2899, DTW: 0.1309, TopK: 0.5051) | EMA NoTrend Loss: 0.754849 | LR: 1.85e-04
Epoch [19/100] | Train Mixed Loss (Trend, limit=2): 0.8338 (Base: 0.2944, DTW: 0.1240, TopK: 0.5300) | Val Mixed Loss (NoTrend, limit=2): 0.7576 (Base: 0.2985, DTW: 0.1343, TopK: 0.4559) | EMA NoTrend Loss: 0.755543 | LR: 1.83e-04
Epoch [20/100] | Train Mixed Loss (Trend, limit=2): 0.8303 (Base: 0.2928, DTW: 0.1233, TopK: 0.5294) | Val Mixed Loss (NoTrend, limit=2): 0.7555 (Base: 0.2909, DTW: 0.1343, TopK: 0.4743) | EMA NoTrend Loss: 0.755540 | LR: 1.81e-04
Epoch [21/100] | Train Mixed Loss (Trend, limit=2): 0.8286 (Base: 0.2931, DTW: 0.1228, TopK: 0.5265) | Val Mixed Loss (NoTrend, limit=2): 0.7500 (Base: 0.2877, DTW: 0.1329, TopK: 0.4782) | EMA NoTrend Loss: 0.754155 | LR: 1.79e-04
Epoch [22/100] | Train Mixed Loss (Trend, limit=2): 0.8288 (Base: 0.2941, DTW: 0.1221, TopK: 0.5280) | Val Mixed Loss (NoTrend, limit=2): 0.7457 (Base: 0.2864, DTW: 0.1321, TopK: 0.4737) | EMA NoTrend Loss: 0.752029 | LR: 1.77e-04
Epoch [23/100] | Train Mixed Loss (Trend, limit=2): 0.8189 (Base: 0.2897, DTW: 0.1210, TopK: 0.5219) | Val Mixed Loss (NoTrend, limit=2): 0.7366 (Base: 0.2834, DTW: 0.1279, TopK: 0.4875) | EMA NoTrend Loss: 0.748168 | LR: 1.75e-04
Epoch [24/100] | Train Mixed Loss (Trend, limit=2): 0.8128 (Base: 0.2881, DTW: 0.1196, TopK: 0.5197) | Val Mixed Loss (NoTrend, limit=2): 0.7346 (Base: 0.2794, DTW: 0.1289, TopK: 0.4861) | EMA NoTrend Loss: 0.744778 | LR: 1.73e-04
Epoch [25/100] | Train Mixed Loss (Trend, limit=2): 0.8102 (Base: 0.2884, DTW: 0.1187, TopK: 0.5168) | Val Mixed Loss (NoTrend, limit=2): 0.7387 (Base: 0.2852, DTW: 0.1289, TopK: 0.4809) | EMA NoTrend Loss: 0.743261 | LR: 1.71e-04
Epoch [26/100] | Train Mixed Loss (Trend, limit=2): 0.8036 (Base: 0.2862, DTW: 0.1173, TopK: 0.5143) | Val Mixed Loss (NoTrend, limit=2): 0.7317 (Base: 0.2822, DTW: 0.1271, TopK: 0.4812) | EMA NoTrend Loss: 0.740364 | LR: 1.69e-04
Epoch [27/100] | Train Mixed Loss (Trend, limit=2): 0.8027 (Base: 0.2860, DTW: 0.1168, TopK: 0.5145) | Val Mixed Loss (NoTrend, limit=2): 0.7635 (Base: 0.3007, DTW: 0.1369, TopK: 0.4476) | EMA NoTrend Loss: 0.746150 | LR: 1.66e-04
Epoch [28/100] | Train Mixed Loss (Trend, limit=2): 0.7992 (Base: 0.2848, DTW: 0.1161, TopK: 0.5134) | Val Mixed Loss (NoTrend, limit=2): 0.7286 (Base: 0.2786, DTW: 0.1253, TopK: 0.4977) | EMA NoTrend Loss: 0.741765 | LR: 1.64e-04
Epoch [29/100] | Train Mixed Loss (Trend, limit=2): 0.7941 (Base: 0.2842, DTW: 0.1146, TopK: 0.5099) | Val Mixed Loss (NoTrend, limit=2): 0.7337 (Base: 0.2830, DTW: 0.1277, TopK: 0.4809) | EMA NoTrend Loss: 0.739755 | LR: 1.61e-04
Epoch [30/100] | Train Mixed Loss (Trend, limit=2): 0.7942 (Base: 0.2833, DTW: 0.1150, TopK: 0.5103) | Val Mixed Loss (NoTrend, limit=2): 0.7301 (Base: 0.2802, DTW: 0.1265, TopK: 0.4880) | EMA NoTrend Loss: 0.737333 | LR: 1.59e-04
Epoch [31/100] | Train Mixed Loss (Trend, limit=2): 0.7904 (Base: 0.2832, DTW: 0.1138, TopK: 0.5075) | Val Mixed Loss (NoTrend, limit=2): 0.7439 (Base: 0.2887, DTW: 0.1320, TopK: 0.4616) | EMA NoTrend Loss: 0.738977 | LR: 1.56e-04
Epoch [32/100] | Train Mixed Loss (Trend, limit=2): 0.7881 (Base: 0.2825, DTW: 0.1134, TopK: 0.5051) | Val Mixed Loss (NoTrend, limit=2): 0.7257 (Base: 0.2771, DTW: 0.1268, TopK: 0.4807) | EMA NoTrend Loss: 0.735650 | LR: 1.54e-04
Epoch [33/100] | Train Mixed Loss (Trend, limit=2): 0.7818 (Base: 0.2803, DTW: 0.1120, TopK: 0.5037) | Val Mixed Loss (NoTrend, limit=2): 0.7344 (Base: 0.2855, DTW: 0.1290, TopK: 0.4640) | EMA NoTrend Loss: 0.735332 | LR: 1.51e-04
Epoch [34/100] | Train Mixed Loss (Trend, limit=2): 0.7792 (Base: 0.2798, DTW: 0.1116, TopK: 0.5017) | Val Mixed Loss (NoTrend, limit=2): 0.7206 (Base: 0.2726, DTW: 0.1244, TopK: 0.4983) | EMA NoTrend Loss: 0.731646 | LR: 1.48e-04
Epoch [35/100] | Train Mixed Loss (Trend, limit=2): 0.7771 (Base: 0.2791, DTW: 0.1112, TopK: 0.4997) | Val Mixed Loss (NoTrend, limit=2): 0.7319 (Base: 0.2843, DTW: 0.1295, TopK: 0.4559) | EMA NoTrend Loss: 0.731716 | LR: 1.46e-04
Epoch [36/100] | Train Mixed Loss (Trend, limit=2): 0.7714 (Base: 0.2776, DTW: 0.1096, TopK: 0.4990) | Val Mixed Loss (NoTrend, limit=2): 0.7382 (Base: 0.2872, DTW: 0.1290, TopK: 0.4714) | EMA NoTrend Loss: 0.733328 | LR: 1.43e-04
Epoch [37/100] | Train Mixed Loss (Trend, limit=2): 0.7676 (Base: 0.2773, DTW: 0.1089, TopK: 0.4936) | Val Mixed Loss (NoTrend, limit=2): 0.7264 (Base: 0.2789, DTW: 0.1274, TopK: 0.4724) | EMA NoTrend Loss: 0.731593 | LR: 1.40e-04
Epoch [38/100] | Train Mixed Loss (Trend, limit=2): 0.7629 (Base: 0.2752, DTW: 0.1081, TopK: 0.4928) | Val Mixed Loss (NoTrend, limit=2): 0.7366 (Base: 0.2847, DTW: 0.1295, TopK: 0.4705) | EMA NoTrend Loss: 0.732846 | LR: 1.37e-04
Epoch [39/100] | Train Mixed Loss (Trend, limit=2): 0.7642 (Base: 0.2756, DTW: 0.1080, TopK: 0.4941) | Val Mixed Loss (NoTrend, limit=2): 0.7242 (Base: 0.2824, DTW: 0.1273, TopK: 0.4545) | EMA NoTrend Loss: 0.730692 | LR: 1.34e-04
Epoch [40/100] | Train Mixed Loss (Trend, limit=2): 0.7614 (Base: 0.2750, DTW: 0.1072, TopK: 0.4927) | Val Mixed Loss (NoTrend, limit=2): 0.7386 (Base: 0.2864, DTW: 0.1295, TopK: 0.4715) | EMA NoTrend Loss: 0.732669 | LR: 1.31e-04
Epoch [41/100] | Train Mixed Loss (Trend, limit=2): 0.7544 (Base: 0.2727, DTW: 0.1062, TopK: 0.4872) | Val Mixed Loss (NoTrend, limit=2): 0.7291 (Base: 0.2849, DTW: 0.1280, TopK: 0.4567) | EMA NoTrend Loss: 0.731788 | LR: 1.28e-04
Epoch [42/100] | Train Mixed Loss (Trend, limit=2): 0.7546 (Base: 0.2729, DTW: 0.1061, TopK: 0.4877) | Val Mixed Loss (NoTrend, limit=2): 0.7433 (Base: 0.2874, DTW: 0.1309, TopK: 0.4727) | EMA NoTrend Loss: 0.734675 | LR: 1.25e-04
Epoch [43/100] | Train Mixed Loss (Trend, limit=2): 0.7498 (Base: 0.2717, DTW: 0.1051, TopK: 0.4849) | Val Mixed Loss (NoTrend, limit=2): 0.7269 (Base: 0.2766, DTW: 0.1266, TopK: 0.4883) | EMA NoTrend Loss: 0.732732 | LR: 1.22e-04
Epoch [44/100] | Train Mixed Loss (Trend, limit=2): 0.7477 (Base: 0.2711, DTW: 0.1044, TopK: 0.4851) | Val Mixed Loss (NoTrend, limit=2): 0.7231 (Base: 0.2781, DTW: 0.1258, TopK: 0.4768) | EMA NoTrend Loss: 0.730312 | LR: 1.19e-04
Epoch [45/100] | Train Mixed Loss (Trend, limit=2): 0.7420 (Base: 0.2693, DTW: 0.1035, TopK: 0.4812) | Val Mixed Loss (NoTrend, limit=2): 0.7370 (Base: 0.2852, DTW: 0.1297, TopK: 0.4684) | EMA NoTrend Loss: 0.731985 | LR: 1.16e-04
Epoch [46/100] | Train Mixed Loss (Trend, limit=2): 0.7419 (Base: 0.2699, DTW: 0.1032, TopK: 0.4804) | Val Mixed Loss (NoTrend, limit=2): 0.7333 (Base: 0.2846, DTW: 0.1286, TopK: 0.4675) | EMA NoTrend Loss: 0.732326 | LR: 1.13e-04
Epoch [47/100] | Train Mixed Loss (Trend, limit=2): 0.7376 (Base: 0.2686, DTW: 0.1021, TopK: 0.4791) | Val Mixed Loss (NoTrend, limit=2): 0.7322 (Base: 0.2833, DTW: 0.1287, TopK: 0.4666) | EMA NoTrend Loss: 0.732285 | LR: 1.10e-04
Epoch [48/100] | Train Mixed Loss (Trend, limit=2): 0.7363 (Base: 0.2678, DTW: 0.1020, TopK: 0.4790) | Val Mixed Loss (NoTrend, limit=2): 0.7264 (Base: 0.2820, DTW: 0.1256, TopK: 0.4766) | EMA NoTrend Loss: 0.730805 | LR: 1.07e-04
Epoch [49/100] | Train Mixed Loss (Trend, limit=2): 0.7302 (Base: 0.2662, DTW: 0.1010, TopK: 0.4732) | Val Mixed Loss (NoTrend, limit=2): 0.7394 (Base: 0.2874, DTW: 0.1301, TopK: 0.4656) | EMA NoTrend Loss: 0.732953 | LR: 1.04e-04
Epoch [50/100] | Train Mixed Loss (Trend, limit=2): 0.7330 (Base: 0.2674, DTW: 0.1009, TopK: 0.4774) | Val Mixed Loss (NoTrend, limit=2): 0.7348 (Base: 0.2837, DTW: 0.1289, TopK: 0.4724) | EMA NoTrend Loss: 0.733410 | LR: 1.00e-04
Epoch [51/100] | Train Mixed Loss (Trend, limit=2): 0.7207 (Base: 0.2637, DTW: 0.0987, TopK: 0.4697) | Val Mixed Loss (NoTrend, limit=2): 0.7165 (Base: 0.2756, DTW: 0.1244, TopK: 0.4742) | EMA NoTrend Loss: 0.729193 | LR: 9.74e-05
Epoch [52/100] | Train Mixed Loss (Trend, limit=2): 0.7237 (Base: 0.2638, DTW: 0.0997, TopK: 0.4712) | Val Mixed Loss (NoTrend, limit=2): 0.7335 (Base: 0.2818, DTW: 0.1283, TopK: 0.4797) | EMA NoTrend Loss: 0.730277 | LR: 9.43e-05
Epoch [53/100] | Train Mixed Loss (Trend, limit=2): 0.7194 (Base: 0.2637, DTW: 0.0983, TopK: 0.4672) | Val Mixed Loss (NoTrend, limit=2): 0.7387 (Base: 0.2836, DTW: 0.1297, TopK: 0.4795) | EMA NoTrend Loss: 0.732379 | LR: 9.11e-05
Epoch [54/100] | Train Mixed Loss (Trend, limit=2): 0.7244 (Base: 0.2643, DTW: 0.0994, TopK: 0.4718) | Val Mixed Loss (NoTrend, limit=2): 0.7411 (Base: 0.2903, DTW: 0.1306, TopK: 0.4580) | EMA NoTrend Loss: 0.734570 | LR: 8.80e-05
Epoch [55/100] | Train Mixed Loss (Trend, limit=2): 0.7154 (Base: 0.2622, DTW: 0.0976, TopK: 0.4658) | Val Mixed Loss (NoTrend, limit=2): 0.7372 (Base: 0.2853, DTW: 0.1299, TopK: 0.4674) | EMA NoTrend Loss: 0.735228 | LR: 8.49e-05
Epoch [56/100] | Train Mixed Loss (Trend, limit=2): 0.7158 (Base: 0.2623, DTW: 0.0975, TopK: 0.4669) | Val Mixed Loss (NoTrend, limit=2): 0.7320 (Base: 0.2837, DTW: 0.1288, TopK: 0.4643) | EMA NoTrend Loss: 0.734420 | LR: 8.19e-05
Epoch [57/100] | Train Mixed Loss (Trend, limit=2): 0.7101 (Base: 0.2609, DTW: 0.0963, TopK: 0.4633) | Val Mixed Loss (NoTrend, limit=2): 0.7347 (Base: 0.2827, DTW: 0.1298, TopK: 0.4680) | EMA NoTrend Loss: 0.734493 | LR: 7.88e-05
Epoch [58/100] | Train Mixed Loss (Trend, limit=2): 0.7063 (Base: 0.2597, DTW: 0.0954, TopK: 0.4617) | Val Mixed Loss (NoTrend, limit=2): 0.7349 (Base: 0.2864, DTW: 0.1287, TopK: 0.4652) | EMA NoTrend Loss: 0.734601 | LR: 7.58e-05
Epoch [59/100] | Train Mixed Loss (Trend, limit=2): 0.7022 (Base: 0.2586, DTW: 0.0948, TopK: 0.4577) | Val Mixed Loss (NoTrend, limit=2): 0.7357 (Base: 0.2858, DTW: 0.1305, TopK: 0.4556) | EMA NoTrend Loss: 0.734875 | LR: 7.27e-05
Epoch [60/100] | Train Mixed Loss (Trend, limit=2): 0.7034 (Base: 0.2587, DTW: 0.0951, TopK: 0.4573) | Val Mixed Loss (NoTrend, limit=2): 0.7280 (Base: 0.2845, DTW: 0.1277, TopK: 0.4563) | EMA NoTrend Loss: 0.733157 | LR: 6.98e-05
Epoch [61/100] | Train Mixed Loss (Trend, limit=2): 0.7045 (Base: 0.2593, DTW: 0.0951, TopK: 0.4585) | Val Mixed Loss (NoTrend, limit=2): 0.7320 (Base: 0.2830, DTW: 0.1283, TopK: 0.4698) | EMA NoTrend Loss: 0.732856 | LR: 6.68e-05
Epoch [62/100] | Train Mixed Loss (Trend, limit=2): 0.6959 (Base: 0.2563, DTW: 0.0934, TopK: 0.4555) | Val Mixed Loss (NoTrend, limit=2): 0.7365 (Base: 0.2858, DTW: 0.1301, TopK: 0.4619) | EMA NoTrend Loss: 0.733773 | LR: 6.39e-05
Epoch [63/100] | Train Mixed Loss (Trend, limit=2): 0.6970 (Base: 0.2571, DTW: 0.0936, TopK: 0.4549) | Val Mixed Loss (NoTrend, limit=2): 0.7381 (Base: 0.2861, DTW: 0.1314, TopK: 0.4557) | EMA NoTrend Loss: 0.734852 | LR: 6.10e-05
Epoch [64/100] | Train Mixed Loss (Trend, limit=2): 0.6967 (Base: 0.2570, DTW: 0.0934, TopK: 0.4553) | Val Mixed Loss (NoTrend, limit=2): 0.7346 (Base: 0.2830, DTW: 0.1300, TopK: 0.4656) | EMA NoTrend Loss: 0.734789 | LR: 5.81e-05
Epoch [65/100] | Train Mixed Loss (Trend, limit=2): 0.6920 (Base: 0.2558, DTW: 0.0922, TopK: 0.4527) | Val Mixed Loss (NoTrend, limit=2): 0.7342 (Base: 0.2855, DTW: 0.1296, TopK: 0.4589) | EMA NoTrend Loss: 0.734650 | LR: 5.53e-05
Epoch [66/100] | Train Mixed Loss (Trend, limit=2): 0.6918 (Base: 0.2554, DTW: 0.0925, TopK: 0.4510) | Val Mixed Loss (NoTrend, limit=2): 0.7374 (Base: 0.2856, DTW: 0.1305, TopK: 0.4621) | EMA NoTrend Loss: 0.735336 | LR: 5.26e-05
Epoch [67/100] | Train Mixed Loss (Trend, limit=2): 0.6889 (Base: 0.2549, DTW: 0.0919, TopK: 0.4493) | Val Mixed Loss (NoTrend, limit=2): 0.7414 (Base: 0.2863, DTW: 0.1323, TopK: 0.4584) | EMA NoTrend Loss: 0.736844 | LR: 4.99e-05
Epoch [68/100] | Train Mixed Loss (Trend, limit=2): 0.6909 (Base: 0.2558, DTW: 0.0917, TopK: 0.4525) | Val Mixed Loss (NoTrend, limit=2): 0.7349 (Base: 0.2817, DTW: 0.1293, TopK: 0.4761) | EMA NoTrend Loss: 0.736358 | LR: 4.72e-05
Epoch [69/100] | Train Mixed Loss (Trend, limit=2): 0.6838 (Base: 0.2533, DTW: 0.0906, TopK: 0.4476) | Val Mixed Loss (NoTrend, limit=2): 0.7405 (Base: 0.2859, DTW: 0.1316, TopK: 0.4630) | EMA NoTrend Loss: 0.737404 | LR: 4.46e-05
Epoch [70/100] | Train Mixed Loss (Trend, limit=2): 0.6796 (Base: 0.2518, DTW: 0.0899, TopK: 0.4454) | Val Mixed Loss (NoTrend, limit=2): 0.7450 (Base: 0.2864, DTW: 0.1317, TopK: 0.4750) | EMA NoTrend Loss: 0.739296 | LR: 4.20e-05
Epoch [71/100] | Train Mixed Loss (Trend, limit=2): 0.6827 (Base: 0.2530, DTW: 0.0905, TopK: 0.4470) | Val Mixed Loss (NoTrend, limit=2): 0.7365 (Base: 0.2852, DTW: 0.1303, TopK: 0.4622) | EMA NoTrend Loss: 0.738606 | LR: 3.95e-05
Epoch [72/100] | Train Mixed Loss (Trend, limit=2): 0.6767 (Base: 0.2510, DTW: 0.0894, TopK: 0.4429) | Val Mixed Loss (NoTrend, limit=2): 0.7426 (Base: 0.2879, DTW: 0.1318, TopK: 0.4610) | EMA NoTrend Loss: 0.739592 | LR: 3.71e-05
Epoch [73/100] | Train Mixed Loss (Trend, limit=2): 0.6787 (Base: 0.2515, DTW: 0.0896, TopK: 0.4460) | Val Mixed Loss (NoTrend, limit=2): 0.7401 (Base: 0.2891, DTW: 0.1314, TopK: 0.4525) | EMA NoTrend Loss: 0.739728 | LR: 3.47e-05
Epoch [74/100] | Train Mixed Loss (Trend, limit=2): 0.6763 (Base: 0.2509, DTW: 0.0890, TopK: 0.4434) | Val Mixed Loss (NoTrend, limit=2): 0.7364 (Base: 0.2848, DTW: 0.1305, TopK: 0.4616) | EMA NoTrend Loss: 0.738892 | LR: 3.24e-05
Epoch [75/100] | Train Mixed Loss (Trend, limit=2): 0.6748 (Base: 0.2502, DTW: 0.0890, TopK: 0.4427) | Val Mixed Loss (NoTrend, limit=2): 0.7454 (Base: 0.2885, DTW: 0.1325, TopK: 0.4627) | EMA NoTrend Loss: 0.740517 | LR: 3.01e-05
Epoch [76/100] | Train Mixed Loss (Trend, limit=2): 0.6728 (Base: 0.2495, DTW: 0.0884, TopK: 0.4423) | Val Mixed Loss (NoTrend, limit=2): 0.7434 (Base: 0.2879, DTW: 0.1327, TopK: 0.4563) | EMA NoTrend Loss: 0.741229 | LR: 2.80e-05
Epoch [77/100] | Train Mixed Loss (Trend, limit=2): 0.6711 (Base: 0.2495, DTW: 0.0880, TopK: 0.4405) | Val Mixed Loss (NoTrend, limit=2): 0.7467 (Base: 0.2875, DTW: 0.1329, TopK: 0.4676) | EMA NoTrend Loss: 0.742595 | LR: 2.59e-05
Epoch [78/100] | Train Mixed Loss (Trend, limit=2): 0.6700 (Base: 0.2492, DTW: 0.0875, TopK: 0.4400) | Val Mixed Loss (NoTrend, limit=2): 0.7377 (Base: 0.2857, DTW: 0.1308, TopK: 0.4601) | EMA NoTrend Loss: 0.741369 | LR: 2.38e-05
Epoch [79/100] | Train Mixed Loss (Trend, limit=2): 0.6673 (Base: 0.2484, DTW: 0.0872, TopK: 0.4378) | Val Mixed Loss (NoTrend, limit=2): 0.7322 (Base: 0.2819, DTW: 0.1283, TopK: 0.4746) | EMA NoTrend Loss: 0.739088 | LR: 2.19e-05
Epoch [80/100] | Train Mixed Loss (Trend, limit=2): 0.6661 (Base: 0.2472, DTW: 0.0874, TopK: 0.4368) | Val Mixed Loss (NoTrend, limit=2): 0.7419 (Base: 0.2874, DTW: 0.1313, TopK: 0.4643) | EMA NoTrend Loss: 0.739779 | LR: 2.00e-05
Epoch [81/100] | Train Mixed Loss (Trend, limit=2): 0.6652 (Base: 0.2475, DTW: 0.0868, TopK: 0.4374) | Val Mixed Loss (NoTrend, limit=2): 0.7379 (Base: 0.2864, DTW: 0.1313, TopK: 0.4552) | EMA NoTrend Loss: 0.739320 | LR: 1.82e-05
Epoch [82/100] | Train Mixed Loss (Trend, limit=2): 0.6653 (Base: 0.2479, DTW: 0.0868, TopK: 0.4360) | Val Mixed Loss (NoTrend, limit=2): 0.7388 (Base: 0.2852, DTW: 0.1307, TopK: 0.4659) | EMA NoTrend Loss: 0.739188 | LR: 1.65e-05
Epoch [83/100] | Train Mixed Loss (Trend, limit=2): 0.6650 (Base: 0.2474, DTW: 0.0868, TopK: 0.4367) | Val Mixed Loss (NoTrend, limit=2): 0.7466 (Base: 0.2877, DTW: 0.1340, TopK: 0.4577) | EMA NoTrend Loss: 0.741033 | LR: 1.49e-05
Epoch [84/100] | Train Mixed Loss (Trend, limit=2): 0.6625 (Base: 0.2467, DTW: 0.0862, TopK: 0.4357) | Val Mixed Loss (NoTrend, limit=2): 0.7446 (Base: 0.2875, DTW: 0.1321, TopK: 0.4671) | EMA NoTrend Loss: 0.741929 | LR: 1.33e-05
Epoch [85/100] | Train Mixed Loss (Trend, limit=2): 0.6656 (Base: 0.2475, DTW: 0.0868, TopK: 0.4372) | Val Mixed Loss (NoTrend, limit=2): 0.7353 (Base: 0.2838, DTW: 0.1296, TopK: 0.4681) | EMA NoTrend Loss: 0.740282 | LR: 1.18e-05
Epoch [86/100] | Train Mixed Loss (Trend, limit=2): 0.6594 (Base: 0.2458, DTW: 0.0855, TopK: 0.4346) | Val Mixed Loss (NoTrend, limit=2): 0.7457 (Base: 0.2878, DTW: 0.1327, TopK: 0.4646) | EMA NoTrend Loss: 0.741645 | LR: 1.05e-05
Epoch [87/100] | Train Mixed Loss (Trend, limit=2): 0.6614 (Base: 0.2466, DTW: 0.0859, TopK: 0.4346) | Val Mixed Loss (NoTrend, limit=2): 0.7385 (Base: 0.2876, DTW: 0.1304, TopK: 0.4595) | EMA NoTrend Loss: 0.740849 | LR: 9.18e-06
Epoch [88/100] | Train Mixed Loss (Trend, limit=2): 0.6610 (Base: 0.2462, DTW: 0.0859, TopK: 0.4343) | Val Mixed Loss (NoTrend, limit=2): 0.7364 (Base: 0.2847, DTW: 0.1299, TopK: 0.4664) | EMA NoTrend Loss: 0.739739 | LR: 7.99e-06
Epoch [89/100] | Train Mixed Loss (Trend, limit=2): 0.6608 (Base: 0.2460, DTW: 0.0857, TopK: 0.4359) | Val Mixed Loss (NoTrend, limit=2): 0.7389 (Base: 0.2855, DTW: 0.1313, TopK: 0.4604) | EMA NoTrend Loss: 0.739525 | LR: 6.88e-06
Epoch [90/100] | Train Mixed Loss (Trend, limit=2): 0.6652 (Base: 0.2472, DTW: 0.0865, TopK: 0.4377) | Val Mixed Loss (NoTrend, limit=2): 0.7350 (Base: 0.2855, DTW: 0.1294, TopK: 0.4632) | EMA NoTrend Loss: 0.738393 | LR: 5.87e-06
Epoch [91/100] | Train Mixed Loss (Trend, limit=2): 0.6610 (Base: 0.2464, DTW: 0.0856, TopK: 0.4352) | Val Mixed Loss (NoTrend, limit=2): 0.7363 (Base: 0.2849, DTW: 0.1309, TopK: 0.4576) | EMA NoTrend Loss: 0.737861 | LR: 4.95e-06
Epoch [92/100] | Train Mixed Loss (Trend, limit=2): 0.6587 (Base: 0.2456, DTW: 0.0854, TopK: 0.4326) | Val Mixed Loss (NoTrend, limit=2): 0.7460 (Base: 0.2889, DTW: 0.1322, TopK: 0.4659) | EMA NoTrend Loss: 0.739892 | LR: 4.13e-06
Epoch [93/100] | Train Mixed Loss (Trend, limit=2): 0.6603 (Base: 0.2461, DTW: 0.0855, TopK: 0.4355) | Val Mixed Loss (NoTrend, limit=2): 0.7388 (Base: 0.2866, DTW: 0.1312, TopK: 0.4581) | EMA NoTrend Loss: 0.739624 | LR: 3.40e-06
Epoch [94/100] | Train Mixed Loss (Trend, limit=2): 0.6616 (Base: 0.2465, DTW: 0.0858, TopK: 0.4348) | Val Mixed Loss (NoTrend, limit=2): 0.7408 (Base: 0.2853, DTW: 0.1319, TopK: 0.4635) | EMA NoTrend Loss: 0.739924 | LR: 2.76e-06
Epoch [95/100] | Train Mixed Loss (Trend, limit=2): 0.6564 (Base: 0.2454, DTW: 0.0847, TopK: 0.4311) | Val Mixed Loss (NoTrend, limit=2): 0.7346 (Base: 0.2836, DTW: 0.1301, TopK: 0.4626) | EMA NoTrend Loss: 0.738605 | LR: 2.23e-06
Epoch [96/100] | Train Mixed Loss (Trend, limit=2): 0.6571 (Base: 0.2454, DTW: 0.0849, TopK: 0.4322) | Val Mixed Loss (NoTrend, limit=2): 0.7408 (Base: 0.2867, DTW: 0.1311, TopK: 0.4647) | EMA NoTrend Loss: 0.739161 | LR: 1.78e-06
Epoch [97/100] | Train Mixed Loss (Trend, limit=2): 0.6587 (Base: 0.2455, DTW: 0.0854, TopK: 0.4326) | Val Mixed Loss (NoTrend, limit=2): 0.7481 (Base: 0.2865, DTW: 0.1337, TopK: 0.4688) | EMA NoTrend Loss: 0.741397 | LR: 1.44e-06
Epoch [98/100] | Train Mixed Loss (Trend, limit=2): 0.6573 (Base: 0.2452, DTW: 0.0850, TopK: 0.4325) | Val Mixed Loss (NoTrend, limit=2): 0.7336 (Base: 0.2840, DTW: 0.1293, TopK: 0.4648) | EMA NoTrend Loss: 0.739456 | LR: 1.20e-06
Epoch [99/100] | Train Mixed Loss (Trend, limit=2): 0.6561 (Base: 0.2449, DTW: 0.0848, TopK: 0.4321) | Val Mixed Loss (NoTrend, limit=2): 0.7459 (Base: 0.2861, DTW: 0.1330, TopK: 0.4687) | EMA NoTrend Loss: 0.741073 | LR: 1.05e-06
Epoch [100/100] | Train Mixed Loss (Trend, limit=2): 0.6550 (Base: 0.2446, DTW: 0.0846, TopK: 0.4312) | Val Mixed Loss (NoTrend, limit=2): 0.7380 (Base: 0.2849, DTW: 0.1312, TopK: 0.4603) | EMA NoTrend Loss: 0.740295 | LR: 1.00e-06
[*] Loaded best model from epoch 51 (EMA NoTrend Loss: 0.729193)
