Starting Transformer experiment with seed 4 in /root/autodl-tmp/parallel_runs/worker_4_seed_4
Device: cuda
Data shape: (1029, 35040, 10)
Max PM2.5 value: 32768.0
Abnormal points (>1000): 636
Loaded cache: /root/autodl-tmp/parallel_runs/worker_4_seed_4/dataset_cache_train_2y_T144_P48_seed_4.pt (Eligible stations: 1029/1029)
Loaded cache: /root/autodl-tmp/parallel_runs/worker_4_seed_4/dataset_cache_val_1y_T144_P48_seed_4.pt (Eligible stations: 1029/1029)
Total trainable parameters: 1,732,097
Epoch [1/100] | Train Loss: 1.0766 (Base: 0.3393, Trend: 0.1644, DTW: 0.1972, TopK: 0.6059) | Val Loss: 0.885651 (Base: 0.3127, DTW: 0.1685, TopK: 0.5617) | EMA No-Trend Loss: 0.885651 | LR: 1.00e-04
Epoch [2/100] | Train Loss: 0.9954 (Base: 0.3321, Trend: 0.1724, DTW: 0.1662, TopK: 0.5941) | Val Loss: 0.842096 (Base: 0.3132, DTW: 0.1490, TopK: 0.5709) | EMA No-Trend Loss: 0.874763 | LR: 9.99e-05
Epoch [3/100] | Train Loss: 0.9706 (Base: 0.3279, Trend: 0.1726, DTW: 0.1582, TopK: 0.5892) | Val Loss: 0.818901 (Base: 0.2967, DTW: 0.1468, TopK: 0.5663) | EMA No-Trend Loss: 0.860797 | LR: 9.98e-05
Epoch [4/100] | Train Loss: 0.9496 (Base: 0.3228, Trend: 0.1711, DTW: 0.1529, TopK: 0.5808) | Val Loss: 0.822657 (Base: 0.3114, DTW: 0.1443, TopK: 0.5496) | EMA No-Trend Loss: 0.851262 | LR: 9.96e-05
Epoch [5/100] | Train Loss: 0.9368 (Base: 0.3198, Trend: 0.1702, DTW: 0.1496, TopK: 0.5762) | Val Loss: 0.799326 (Base: 0.2969, DTW: 0.1405, TopK: 0.5510) | EMA No-Trend Loss: 0.838278 | LR: 9.94e-05
Epoch [6/100] | Train Loss: 0.9235 (Base: 0.3171, Trend: 0.1693, DTW: 0.1461, TopK: 0.5703) | Val Loss: 0.799657 (Base: 0.3002, DTW: 0.1428, TopK: 0.5220) | EMA No-Trend Loss: 0.828623 | LR: 9.91e-05
Epoch [7/100] | Train Loss: 0.9119 (Base: 0.3138, Trend: 0.1689, DTW: 0.1434, TopK: 0.5646) | Val Loss: 0.802763 (Base: 0.2994, DTW: 0.1412, TopK: 0.5480) | EMA No-Trend Loss: 0.822158 | LR: 9.88e-05
Epoch [8/100] | Train Loss: 0.9027 (Base: 0.3117, Trend: 0.1679, DTW: 0.1411, TopK: 0.5614) | Val Loss: 0.797318 (Base: 0.3016, DTW: 0.1420, TopK: 0.5160) | EMA No-Trend Loss: 0.815948 | LR: 9.84e-05
Epoch [9/100] | Train Loss: 0.8960 (Base: 0.3102, Trend: 0.1680, DTW: 0.1392, TopK: 0.5594) | Val Loss: 0.787082 (Base: 0.2966, DTW: 0.1391, TopK: 0.5223) | EMA No-Trend Loss: 0.808732 | LR: 9.80e-05
Epoch [10/100] | Train Loss: 0.8873 (Base: 0.3077, Trend: 0.1677, DTW: 0.1371, TopK: 0.5557) | Val Loss: 0.799346 (Base: 0.3048, DTW: 0.1439, TopK: 0.4974) | EMA No-Trend Loss: 0.806385 | LR: 9.76e-05
Epoch [11/100] | Train Loss: 0.8840 (Base: 0.3073, Trend: 0.1680, DTW: 0.1359, TopK: 0.5551) | Val Loss: 0.793377 (Base: 0.3031, DTW: 0.1414, TopK: 0.5029) | EMA No-Trend Loss: 0.803133 | LR: 9.71e-05
Epoch [12/100] | Train Loss: 0.8777 (Base: 0.3054, Trend: 0.1675, DTW: 0.1348, TopK: 0.5506) | Val Loss: 0.797263 (Base: 0.3023, DTW: 0.1445, TopK: 0.4936) | EMA No-Trend Loss: 0.801666 | LR: 9.65e-05
Epoch [13/100] | Train Loss: 0.8756 (Base: 0.3050, Trend: 0.1677, DTW: 0.1341, TopK: 0.5494) | Val Loss: 0.796326 (Base: 0.3019, DTW: 0.1411, TopK: 0.5194) | EMA No-Trend Loss: 0.800331 | LR: 9.59e-05
Epoch [14/100] | Train Loss: 0.8688 (Base: 0.3027, Trend: 0.1665, DTW: 0.1326, TopK: 0.5481) | Val Loss: 0.789135 (Base: 0.2947, DTW: 0.1403, TopK: 0.5257) | EMA No-Trend Loss: 0.797532 | LR: 9.53e-05
Epoch [15/100] | Train Loss: 0.8590 (Base: 0.3003, Trend: 0.1660, DTW: 0.1304, TopK: 0.5421) | Val Loss: 0.779627 (Base: 0.2940, DTW: 0.1393, TopK: 0.5041) | EMA No-Trend Loss: 0.793056 | LR: 9.46e-05
Epoch [16/100] | Train Loss: 0.8550 (Base: 0.2997, Trend: 0.1657, DTW: 0.1294, TopK: 0.5397) | Val Loss: 0.781900 (Base: 0.2953, DTW: 0.1384, TopK: 0.5145) | EMA No-Trend Loss: 0.790267 | LR: 9.39e-05
Epoch [17/100] | Train Loss: 0.8545 (Base: 0.2996, Trend: 0.1660, DTW: 0.1290, TopK: 0.5408) | Val Loss: 0.788759 (Base: 0.2960, DTW: 0.1390, TopK: 0.5301) | EMA No-Trend Loss: 0.789890 | LR: 9.31e-05
Epoch [18/100] | Train Loss: 0.8447 (Base: 0.2969, Trend: 0.1653, DTW: 0.1270, TopK: 0.5347) | Val Loss: 0.780573 (Base: 0.2933, DTW: 0.1390, TopK: 0.5125) | EMA No-Trend Loss: 0.787561 | LR: 9.23e-05
Epoch [19/100] | Train Loss: 0.8414 (Base: 0.2959, Trend: 0.1649, DTW: 0.1264, TopK: 0.5323) | Val Loss: 0.775610 (Base: 0.2928, DTW: 0.1382, TopK: 0.5040) | EMA No-Trend Loss: 0.784573 | LR: 9.14e-05
Epoch [20/100] | Train Loss: 0.8352 (Base: 0.2945, Trend: 0.1649, DTW: 0.1247, TopK: 0.5298) | Val Loss: 0.770169 (Base: 0.2900, DTW: 0.1358, TopK: 0.5140) | EMA No-Trend Loss: 0.780972 | LR: 9.05e-05
Epoch [21/100] | Train Loss: 0.8356 (Base: 0.2944, Trend: 0.1647, DTW: 0.1251, TopK: 0.5285) | Val Loss: 0.778498 (Base: 0.2983, DTW: 0.1385, TopK: 0.4925) | EMA No-Trend Loss: 0.780354 | LR: 8.96e-05
Epoch [22/100] | Train Loss: 0.8300 (Base: 0.2928, Trend: 0.1651, DTW: 0.1234, TopK: 0.5279) | Val Loss: 0.777110 (Base: 0.2913, DTW: 0.1391, TopK: 0.5068) | EMA No-Trend Loss: 0.779543 | LR: 8.86e-05
Epoch [23/100] | Train Loss: 0.8192 (Base: 0.2897, Trend: 0.1637, DTW: 0.1215, TopK: 0.5201) | Val Loss: 0.782062 (Base: 0.2953, DTW: 0.1401, TopK: 0.5015) | EMA No-Trend Loss: 0.780172 | LR: 8.76e-05
Epoch [24/100] | Train Loss: 0.8245 (Base: 0.2914, Trend: 0.1653, DTW: 0.1222, TopK: 0.5239) | Val Loss: 0.765684 (Base: 0.2907, DTW: 0.1363, TopK: 0.4933) | EMA No-Trend Loss: 0.776550 | LR: 8.66e-05
Epoch [25/100] | Train Loss: 0.8167 (Base: 0.2894, Trend: 0.1650, DTW: 0.1201, TopK: 0.5216) | Val Loss: 0.802440 (Base: 0.3055, DTW: 0.1471, TopK: 0.4793) | EMA No-Trend Loss: 0.783023 | LR: 8.55e-05
Epoch [26/100] | Train Loss: 0.8148 (Base: 0.2888, Trend: 0.1646, DTW: 0.1199, TopK: 0.5194) | Val Loss: 0.791040 (Base: 0.2998, DTW: 0.1438, TopK: 0.4867) | EMA No-Trend Loss: 0.785027 | LR: 8.44e-05
Epoch [27/100] | Train Loss: 0.8104 (Base: 0.2877, Trend: 0.1645, DTW: 0.1192, TopK: 0.5149) | Val Loss: 0.786381 (Base: 0.2999, DTW: 0.1418, TopK: 0.4869) | EMA No-Trend Loss: 0.785366 | LR: 8.32e-05
Epoch [28/100] | Train Loss: 0.8055 (Base: 0.2866, Trend: 0.1645, DTW: 0.1176, TopK: 0.5148) | Val Loss: 0.777719 (Base: 0.2928, DTW: 0.1405, TopK: 0.4928) | EMA No-Trend Loss: 0.783454 | LR: 8.21e-05
Epoch [29/100] | Train Loss: 0.8006 (Base: 0.2852, Trend: 0.1641, DTW: 0.1166, TopK: 0.5117) | Val Loss: 0.794724 (Base: 0.2997, DTW: 0.1446, TopK: 0.4936) | EMA No-Trend Loss: 0.786271 | LR: 8.08e-05
Epoch [30/100] | Train Loss: 0.8025 (Base: 0.2850, Trend: 0.1651, DTW: 0.1171, TopK: 0.5128) | Val Loss: 0.791357 (Base: 0.2989, DTW: 0.1437, TopK: 0.4918) | EMA No-Trend Loss: 0.787543 | LR: 7.96e-05
Epoch [31/100] | Train Loss: 0.7971 (Base: 0.2838, Trend: 0.1643, DTW: 0.1159, TopK: 0.5094) | Val Loss: 0.793703 (Base: 0.3040, DTW: 0.1446, TopK: 0.4756) | EMA No-Trend Loss: 0.789083 | LR: 7.83e-05
Epoch [32/100] | Train Loss: 0.7904 (Base: 0.2825, Trend: 0.1640, DTW: 0.1144, TopK: 0.5047) | Val Loss: 0.788582 (Base: 0.2996, DTW: 0.1430, TopK: 0.4864) | EMA No-Trend Loss: 0.788958 | LR: 7.70e-05
Epoch [33/100] | Train Loss: 0.7902 (Base: 0.2827, Trend: 0.1647, DTW: 0.1141, TopK: 0.5045) | Val Loss: 0.784024 (Base: 0.2945, DTW: 0.1409, TopK: 0.5043) | EMA No-Trend Loss: 0.787724 | LR: 7.57e-05
Epoch [34/100] | Train Loss: 0.7891 (Base: 0.2815, Trend: 0.1647, DTW: 0.1138, TopK: 0.5069) | Val Loss: 0.791394 (Base: 0.2997, DTW: 0.1431, TopK: 0.4944) | EMA No-Trend Loss: 0.788642 | LR: 7.43e-05
Epoch [35/100] | Train Loss: 0.7822 (Base: 0.2805, Trend: 0.1647, DTW: 0.1120, TopK: 0.5017) | Val Loss: 0.781036 (Base: 0.2944, DTW: 0.1402, TopK: 0.5006) | EMA No-Trend Loss: 0.786740 | LR: 7.30e-05
Epoch [36/100] | Train Loss: 0.7741 (Base: 0.2779, Trend: 0.1636, DTW: 0.1104, TopK: 0.4980) | Val Loss: 0.782105 (Base: 0.2974, DTW: 0.1417, TopK: 0.4823) | EMA No-Trend Loss: 0.785582 | LR: 7.16e-05
Epoch [37/100] | Train Loss: 0.7776 (Base: 0.2791, Trend: 0.1644, DTW: 0.1110, TopK: 0.4997) | Val Loss: 0.781816 (Base: 0.2950, DTW: 0.1418, TopK: 0.4884) | EMA No-Trend Loss: 0.784640 | LR: 7.02e-05
Epoch [38/100] | Train Loss: 0.7743 (Base: 0.2775, Trend: 0.1637, DTW: 0.1104, TopK: 0.5001) | Val Loss: 0.777762 (Base: 0.2917, DTW: 0.1399, TopK: 0.5007) | EMA No-Trend Loss: 0.782921 | LR: 6.87e-05
Epoch [39/100] | Train Loss: 0.7755 (Base: 0.2779, Trend: 0.1648, DTW: 0.1105, TopK: 0.5001) | Val Loss: 0.777313 (Base: 0.2925, DTW: 0.1399, TopK: 0.4970) | EMA No-Trend Loss: 0.781519 | LR: 6.73e-05
Epoch [40/100] | Train Loss: 0.7669 (Base: 0.2759, Trend: 0.1646, DTW: 0.1085, TopK: 0.4945) | Val Loss: 0.781390 (Base: 0.2908, DTW: 0.1407, TopK: 0.5094) | EMA No-Trend Loss: 0.781487 | LR: 6.58e-05
Epoch [41/100] | Train Loss: 0.7685 (Base: 0.2761, Trend: 0.1654, DTW: 0.1087, TopK: 0.4961) | Val Loss: 0.788404 (Base: 0.2996, DTW: 0.1437, TopK: 0.4798) | EMA No-Trend Loss: 0.783216 | LR: 6.43e-05
Epoch [42/100] | Train Loss: 0.7650 (Base: 0.2751, Trend: 0.1646, DTW: 0.1081, TopK: 0.4939) | Val Loss: 0.790276 (Base: 0.2966, DTW: 0.1440, TopK: 0.4934) | EMA No-Trend Loss: 0.784981 | LR: 6.28e-05
Epoch [43/100] | Train Loss: 0.7603 (Base: 0.2740, Trend: 0.1649, DTW: 0.1070, TopK: 0.4898) | Val Loss: 0.777324 (Base: 0.2931, DTW: 0.1405, TopK: 0.4902) | EMA No-Trend Loss: 0.783067 | LR: 6.13e-05
Epoch [44/100] | Train Loss: 0.7547 (Base: 0.2726, Trend: 0.1642, DTW: 0.1058, TopK: 0.4874) | Val Loss: 0.781846 (Base: 0.2940, DTW: 0.1419, TopK: 0.4910) | EMA No-Trend Loss: 0.782762 | LR: 5.98e-05
Epoch [45/100] | Train Loss: 0.7566 (Base: 0.2726, Trend: 0.1648, DTW: 0.1063, TopK: 0.4885) | Val Loss: 0.783241 (Base: 0.2949, DTW: 0.1419, TopK: 0.4923) | EMA No-Trend Loss: 0.782881 | LR: 5.82e-05
Epoch [46/100] | Train Loss: 0.7478 (Base: 0.2704, Trend: 0.1642, DTW: 0.1044, TopK: 0.4826) | Val Loss: 0.774590 (Base: 0.2915, DTW: 0.1387, TopK: 0.5009) | EMA No-Trend Loss: 0.780809 | LR: 5.67e-05
Epoch [47/100] | Train Loss: 0.7488 (Base: 0.2711, Trend: 0.1653, DTW: 0.1040, TopK: 0.4850) | Val Loss: 0.782679 (Base: 0.2962, DTW: 0.1415, TopK: 0.4896) | EMA No-Trend Loss: 0.781276 | LR: 5.52e-05
Epoch [48/100] | Train Loss: 0.7480 (Base: 0.2704, Trend: 0.1645, DTW: 0.1042, TopK: 0.4840) | Val Loss: 0.797904 (Base: 0.3004, DTW: 0.1453, TopK: 0.4959) | EMA No-Trend Loss: 0.785433 | LR: 5.36e-05
Epoch [49/100] | Train Loss: 0.7440 (Base: 0.2697, Trend: 0.1645, DTW: 0.1033, TopK: 0.4806) | Val Loss: 0.774352 (Base: 0.2903, DTW: 0.1391, TopK: 0.5006) | EMA No-Trend Loss: 0.782663 | LR: 5.21e-05
Epoch [50/100] | Train Loss: 0.7460 (Base: 0.2697, Trend: 0.1648, DTW: 0.1039, TopK: 0.4819) | Val Loss: 0.777976 (Base: 0.2904, DTW: 0.1399, TopK: 0.5059) | EMA No-Trend Loss: 0.781491 | LR: 5.05e-05
Epoch [51/100] | Train Loss: 0.7389 (Base: 0.2681, Trend: 0.1648, DTW: 0.1019, TopK: 0.4793) | Val Loss: 0.780188 (Base: 0.2929, DTW: 0.1415, TopK: 0.4924) | EMA No-Trend Loss: 0.781165 | LR: 4.89e-05
Epoch [52/100] | Train Loss: 0.7392 (Base: 0.2676, Trend: 0.1648, DTW: 0.1020, TopK: 0.4818) | Val Loss: 0.799474 (Base: 0.3009, DTW: 0.1467, TopK: 0.4882) | EMA No-Trend Loss: 0.785742 | LR: 4.74e-05
Epoch [53/100] | Train Loss: 0.7352 (Base: 0.2668, Trend: 0.1655, DTW: 0.1012, TopK: 0.4763) | Val Loss: 0.785524 (Base: 0.2896, DTW: 0.1423, TopK: 0.5148) | EMA No-Trend Loss: 0.785688 | LR: 4.58e-05
Epoch [54/100] | Train Loss: 0.7303 (Base: 0.2659, Trend: 0.1645, DTW: 0.1000, TopK: 0.4743) | Val Loss: 0.784172 (Base: 0.2943, DTW: 0.1426, TopK: 0.4924) | EMA No-Trend Loss: 0.785309 | LR: 4.43e-05
Epoch [55/100] | Train Loss: 0.7276 (Base: 0.2649, Trend: 0.1649, DTW: 0.0995, TopK: 0.4718) | Val Loss: 0.770630 (Base: 0.2866, DTW: 0.1393, TopK: 0.4986) | EMA No-Trend Loss: 0.781639 | LR: 4.28e-05
Epoch [56/100] | Train Loss: 0.7264 (Base: 0.2643, Trend: 0.1650, DTW: 0.0989, TopK: 0.4736) | Val Loss: 0.800669 (Base: 0.3047, DTW: 0.1471, TopK: 0.4763) | EMA No-Trend Loss: 0.786397 | LR: 4.12e-05
Epoch [57/100] | Train Loss: 0.7275 (Base: 0.2651, Trend: 0.1659, DTW: 0.0991, TopK: 0.4721) | Val Loss: 0.785394 (Base: 0.2930, DTW: 0.1431, TopK: 0.4964) | EMA No-Trend Loss: 0.786146 | LR: 3.97e-05
Epoch [58/100] | Train Loss: 0.7256 (Base: 0.2645, Trend: 0.1659, DTW: 0.0986, TopK: 0.4717) | Val Loss: 0.783417 (Base: 0.2922, DTW: 0.1422, TopK: 0.4995) | EMA No-Trend Loss: 0.785464 | LR: 3.82e-05
Epoch [59/100] | Train Loss: 0.7243 (Base: 0.2642, Trend: 0.1660, DTW: 0.0981, TopK: 0.4720) | Val Loss: 0.785049 (Base: 0.2959, DTW: 0.1429, TopK: 0.4870) | EMA No-Trend Loss: 0.785360 | LR: 3.67e-05
Epoch [60/100] | Train Loss: 0.7228 (Base: 0.2638, Trend: 0.1660, DTW: 0.0981, TopK: 0.4684) | Val Loss: 0.786336 (Base: 0.2938, DTW: 0.1426, TopK: 0.5014) | EMA No-Trend Loss: 0.785604 | LR: 3.52e-05
Epoch [61/100] | Train Loss: 0.7218 (Base: 0.2637, Trend: 0.1667, DTW: 0.0975, TopK: 0.4695) | Val Loss: 0.779675 (Base: 0.2926, DTW: 0.1409, TopK: 0.4966) | EMA No-Trend Loss: 0.784122 | LR: 3.37e-05
Epoch [62/100] | Train Loss: 0.7150 (Base: 0.2613, Trend: 0.1655, DTW: 0.0963, TopK: 0.4661) | Val Loss: 0.793379 (Base: 0.2961, DTW: 0.1448, TopK: 0.4993) | EMA No-Trend Loss: 0.786436 | LR: 3.23e-05
Epoch [63/100] | Train Loss: 0.7088 (Base: 0.2592, Trend: 0.1648, DTW: 0.0951, TopK: 0.4632) | Val Loss: 0.784727 (Base: 0.2946, DTW: 0.1428, TopK: 0.4914) | EMA No-Trend Loss: 0.786009 | LR: 3.08e-05
Epoch [64/100] | Train Loss: 0.7100 (Base: 0.2593, Trend: 0.1653, DTW: 0.0953, TopK: 0.4647) | Val Loss: 0.779218 (Base: 0.2922, DTW: 0.1420, TopK: 0.4870) | EMA No-Trend Loss: 0.784311 | LR: 2.94e-05
Epoch [65/100] | Train Loss: 0.7101 (Base: 0.2599, Trend: 0.1659, DTW: 0.0952, TopK: 0.4625) | Val Loss: 0.768163 (Base: 0.2871, DTW: 0.1382, TopK: 0.4981) | EMA No-Trend Loss: 0.780274 | LR: 2.80e-05
Epoch [66/100] | Train Loss: 0.7111 (Base: 0.2604, Trend: 0.1660, DTW: 0.0954, TopK: 0.4630) | Val Loss: 0.778492 (Base: 0.2903, DTW: 0.1403, TopK: 0.5051) | EMA No-Trend Loss: 0.779828 | LR: 2.67e-05
Epoch [67/100] | Train Loss: 0.7087 (Base: 0.2602, Trend: 0.1665, DTW: 0.0943, TopK: 0.4628) | Val Loss: 0.777074 (Base: 0.2891, DTW: 0.1406, TopK: 0.5021) | EMA No-Trend Loss: 0.779140 | LR: 2.53e-05
Epoch [68/100] | Train Loss: 0.7061 (Base: 0.2592, Trend: 0.1664, DTW: 0.0939, TopK: 0.4610) | Val Loss: 0.782850 (Base: 0.2932, DTW: 0.1426, TopK: 0.4912) | EMA No-Trend Loss: 0.780067 | LR: 2.40e-05
Epoch [69/100] | Train Loss: 0.7076 (Base: 0.2590, Trend: 0.1672, DTW: 0.0940, TopK: 0.4647) | Val Loss: 0.778585 (Base: 0.2932, DTW: 0.1415, TopK: 0.4856) | EMA No-Trend Loss: 0.779697 | LR: 2.27e-05
Epoch [70/100] | Train Loss: 0.7013 (Base: 0.2573, Trend: 0.1665, DTW: 0.0930, TopK: 0.4590) | Val Loss: 0.777317 (Base: 0.2896, DTW: 0.1404, TopK: 0.5024) | EMA No-Trend Loss: 0.779102 | LR: 2.14e-05
Epoch [71/100] | Train Loss: 0.7029 (Base: 0.2579, Trend: 0.1665, DTW: 0.0933, TopK: 0.4594) | Val Loss: 0.782637 (Base: 0.2926, DTW: 0.1418, TopK: 0.4991) | EMA No-Trend Loss: 0.779985 | LR: 2.02e-05
Epoch [72/100] | Train Loss: 0.6972 (Base: 0.2561, Trend: 0.1656, DTW: 0.0921, TopK: 0.4580) | Val Loss: 0.779448 (Base: 0.2895, DTW: 0.1417, TopK: 0.4993) | EMA No-Trend Loss: 0.779851 | LR: 1.89e-05
Epoch [73/100] | Train Loss: 0.7023 (Base: 0.2581, Trend: 0.1673, DTW: 0.0927, TopK: 0.4599) | Val Loss: 0.785046 (Base: 0.2931, DTW: 0.1428, TopK: 0.4976) | EMA No-Trend Loss: 0.781150 | LR: 1.78e-05
Epoch [74/100] | Train Loss: 0.6993 (Base: 0.2568, Trend: 0.1669, DTW: 0.0924, TopK: 0.4576) | Val Loss: 0.783354 (Base: 0.2933, DTW: 0.1427, TopK: 0.4918) | EMA No-Trend Loss: 0.781701 | LR: 1.66e-05
Epoch [75/100] | Train Loss: 0.6942 (Base: 0.2553, Trend: 0.1663, DTW: 0.0913, TopK: 0.4555) | Val Loss: 0.787862 (Base: 0.2941, DTW: 0.1442, TopK: 0.4918) | EMA No-Trend Loss: 0.783241 | LR: 1.55e-05
Epoch [76/100] | Train Loss: 0.6953 (Base: 0.2557, Trend: 0.1668, DTW: 0.0915, TopK: 0.4556) | Val Loss: 0.786549 (Base: 0.2933, DTW: 0.1427, TopK: 0.5025) | EMA No-Trend Loss: 0.784068 | LR: 1.44e-05
Epoch [77/100] | Train Loss: 0.6948 (Base: 0.2554, Trend: 0.1667, DTW: 0.0913, TopK: 0.4567) | Val Loss: 0.778772 (Base: 0.2913, DTW: 0.1412, TopK: 0.4955) | EMA No-Trend Loss: 0.782744 | LR: 1.34e-05
Epoch [78/100] | Train Loss: 0.6925 (Base: 0.2552, Trend: 0.1670, DTW: 0.0906, TopK: 0.4544) | Val Loss: 0.786839 (Base: 0.2931, DTW: 0.1425, TopK: 0.5056) | EMA No-Trend Loss: 0.783768 | LR: 1.24e-05
Epoch [79/100] | Train Loss: 0.6955 (Base: 0.2556, Trend: 0.1678, DTW: 0.0912, TopK: 0.4572) | Val Loss: 0.779834 (Base: 0.2924, DTW: 0.1406, TopK: 0.4997) | EMA No-Trend Loss: 0.782784 | LR: 1.14e-05
Epoch [80/100] | Train Loss: 0.6934 (Base: 0.2550, Trend: 0.1673, DTW: 0.0908, TopK: 0.4559) | Val Loss: 0.777300 (Base: 0.2905, DTW: 0.1408, TopK: 0.4965) | EMA No-Trend Loss: 0.781413 | LR: 1.05e-05
Epoch [81/100] | Train Loss: 0.6881 (Base: 0.2540, Trend: 0.1666, DTW: 0.0897, TopK: 0.4517) | Val Loss: 0.782700 (Base: 0.2926, DTW: 0.1419, TopK: 0.4983) | EMA No-Trend Loss: 0.781735 | LR: 9.56e-06
Epoch [82/100] | Train Loss: 0.6848 (Base: 0.2527, Trend: 0.1662, DTW: 0.0893, TopK: 0.4493) | Val Loss: 0.773445 (Base: 0.2902, DTW: 0.1404, TopK: 0.4874) | EMA No-Trend Loss: 0.779662 | LR: 8.71e-06
Epoch [83/100] | Train Loss: 0.6883 (Base: 0.2541, Trend: 0.1672, DTW: 0.0897, TopK: 0.4509) | Val Loss: 0.791686 (Base: 0.2947, DTW: 0.1443, TopK: 0.5020) | EMA No-Trend Loss: 0.782668 | LR: 7.89e-06
Epoch [84/100] | Train Loss: 0.6851 (Base: 0.2528, Trend: 0.1664, DTW: 0.0893, TopK: 0.4493) | Val Loss: 0.784114 (Base: 0.2918, DTW: 0.1426, TopK: 0.5005) | EMA No-Trend Loss: 0.783030 | LR: 7.12e-06
Epoch [85/100] | Train Loss: 0.6854 (Base: 0.2526, Trend: 0.1666, DTW: 0.0892, TopK: 0.4510) | Val Loss: 0.788026 (Base: 0.2925, DTW: 0.1432, TopK: 0.5059) | EMA No-Trend Loss: 0.784279 | LR: 6.40e-06
Epoch [86/100] | Train Loss: 0.6858 (Base: 0.2529, Trend: 0.1671, DTW: 0.0892, TopK: 0.4507) | Val Loss: 0.788452 (Base: 0.2921, DTW: 0.1433, TopK: 0.5079) | EMA No-Trend Loss: 0.785322 | LR: 5.71e-06
Epoch [87/100] | Train Loss: 0.6853 (Base: 0.2525, Trend: 0.1671, DTW: 0.0891, TopK: 0.4509) | Val Loss: 0.787430 (Base: 0.2940, DTW: 0.1429, TopK: 0.5015) | EMA No-Trend Loss: 0.785849 | LR: 5.07e-06
Epoch [88/100] | Train Loss: 0.6844 (Base: 0.2522, Trend: 0.1668, DTW: 0.0891, TopK: 0.4503) | Val Loss: 0.784473 (Base: 0.2937, DTW: 0.1430, TopK: 0.4917) | EMA No-Trend Loss: 0.785505 | LR: 4.48e-06
Epoch [89/100] | Train Loss: 0.6824 (Base: 0.2522, Trend: 0.1672, DTW: 0.0884, TopK: 0.4483) | Val Loss: 0.789959 (Base: 0.2938, DTW: 0.1438, TopK: 0.5036) | EMA No-Trend Loss: 0.786619 | LR: 3.93e-06
Epoch [90/100] | Train Loss: 0.6831 (Base: 0.2523, Trend: 0.1670, DTW: 0.0886, TopK: 0.4486) | Val Loss: 0.779863 (Base: 0.2910, DTW: 0.1412, TopK: 0.4997) | EMA No-Trend Loss: 0.784930 | LR: 3.42e-06
Epoch [91/100] | Train Loss: 0.6797 (Base: 0.2517, Trend: 0.1671, DTW: 0.0876, TopK: 0.4475) | Val Loss: 0.780856 (Base: 0.2925, DTW: 0.1416, TopK: 0.4948) | EMA No-Trend Loss: 0.783911 | LR: 2.97e-06
Epoch [92/100] | Train Loss: 0.6834 (Base: 0.2519, Trend: 0.1674, DTW: 0.0884, TopK: 0.4517) | Val Loss: 0.784031 (Base: 0.2934, DTW: 0.1421, TopK: 0.4988) | EMA No-Trend Loss: 0.783941 | LR: 2.56e-06
Epoch [93/100] | Train Loss: 0.6831 (Base: 0.2524, Trend: 0.1671, DTW: 0.0885, TopK: 0.4497) | Val Loss: 0.778997 (Base: 0.2934, DTW: 0.1408, TopK: 0.4923) | EMA No-Trend Loss: 0.782705 | LR: 2.19e-06
Epoch [94/100] | Train Loss: 0.6803 (Base: 0.2510, Trend: 0.1668, DTW: 0.0880, TopK: 0.4487) | Val Loss: 0.785747 (Base: 0.2933, DTW: 0.1430, TopK: 0.4975) | EMA No-Trend Loss: 0.783466 | LR: 1.88e-06
Epoch [95/100] | Train Loss: 0.6836 (Base: 0.2525, Trend: 0.1676, DTW: 0.0884, TopK: 0.4503) | Val Loss: 0.782380 (Base: 0.2924, DTW: 0.1418, TopK: 0.4985) | EMA No-Trend Loss: 0.783194 | LR: 1.61e-06
Epoch [96/100] | Train Loss: 0.6806 (Base: 0.2516, Trend: 0.1673, DTW: 0.0879, TopK: 0.4476) | Val Loss: 0.781490 (Base: 0.2918, DTW: 0.1421, TopK: 0.4953) | EMA No-Trend Loss: 0.782768 | LR: 1.39e-06
Epoch [97/100] | Train Loss: 0.6810 (Base: 0.2512, Trend: 0.1669, DTW: 0.0884, TopK: 0.4472) | Val Loss: 0.782967 (Base: 0.2918, DTW: 0.1426, TopK: 0.4966) | EMA No-Trend Loss: 0.782818 | LR: 1.22e-06
Epoch [98/100] | Train Loss: 0.6804 (Base: 0.2516, Trend: 0.1672, DTW: 0.0879, TopK: 0.4477) | Val Loss: 0.793633 (Base: 0.2937, DTW: 0.1449, TopK: 0.5073) | EMA No-Trend Loss: 0.785522 | LR: 1.10e-06
Epoch [99/100] | Train Loss: 0.6798 (Base: 0.2514, Trend: 0.1667, DTW: 0.0878, TopK: 0.4480) | Val Loss: 0.788154 (Base: 0.2941, DTW: 0.1433, TopK: 0.5006) | EMA No-Trend Loss: 0.786180 | LR: 1.02e-06
Epoch [100/100] | Train Loss: 0.6832 (Base: 0.2526, Trend: 0.1679, DTW: 0.0883, TopK: 0.4490) | Val Loss: 0.787048 (Base: 0.2938, DTW: 0.1430, TopK: 0.5006) | EMA No-Trend Loss: 0.786397 | LR: 1.00e-06
