Starting experiment (seed=3)
Device: cuda
Building static profile features from historical data...
Loading lightweight encoder...
Total trainable parameters: 4,485,378
Epoch [1/100] | Total Loss: 1.3281 | Aux Loss: 0.2754 | Train Mixed Loss: 1.0527 (Base: 0.3421, Trend: 0.1690, DTW: 0.1872, TopK: 0.5899) | Val Mixed Loss (No Trend): 0.8738 (Base: 0.3303, DTW: 0.1598, TopK: 0.5329) | EMA Val Loss (No Trend): 0.873759 | LR: 2.00e-04
Saved new best weights to best_model_seed3.pth (EMA validation loss without trend: 0.873759).
Epoch [2/100] | Total Loss: 1.2037 | Aux Loss: 0.2184 | Train Mixed Loss: 0.9853 (Base: 0.3304, Trend: 0.1578, DTW: 0.1674, TopK: 0.5805) | Val Mixed Loss (No Trend): 0.8283 (Base: 0.3158, DTW: 0.1500, TopK: 0.5084) | EMA Val Loss (No Trend): 0.862406 | LR: 2.00e-04
Saved new best weights to best_model_seed3.pth (EMA validation loss without trend: 0.862406).
Epoch [3/100] | Total Loss: 1.1534 | Aux Loss: 0.2045 | Train Mixed Loss: 0.9489 (Base: 0.3231, Trend: 0.1576, DTW: 0.1566, TopK: 0.5704) | Val Mixed Loss (No Trend): 0.8199 (Base: 0.3103, DTW: 0.1485, TopK: 0.5109) | EMA Val Loss (No Trend): 0.851768 | LR: 2.00e-04
Saved new best weights to best_model_seed3.pth (EMA validation loss without trend: 0.851768).
Epoch [4/100] | Total Loss: 1.1262 | Aux Loss: 0.1992 | Train Mixed Loss: 0.9270 (Base: 0.3177, Trend: 0.1564, DTW: 0.1518, TopK: 0.5558) | Val Mixed Loss (No Trend): 0.8577 (Base: 0.3252, DTW: 0.1643, TopK: 0.4604) | EMA Val Loss (No Trend): 0.853248 | LR: 1.99e-04
Epoch [5/100] | Total Loss: 1.1328 | Aux Loss: 0.2005 | Train Mixed Loss: 0.9323 (Base: 0.3193, Trend: 0.1581, DTW: 0.1524, TopK: 0.5609) | Val Mixed Loss (No Trend): 0.8348 (Base: 0.3132, DTW: 0.1566, TopK: 0.4856) | EMA Val Loss (No Trend): 0.848631 | LR: 1.99e-04
Saved new best weights to best_model_seed3.pth (EMA validation loss without trend: 0.848631).
Epoch [6/100] | Total Loss: 1.1194 | Aux Loss: 0.1953 | Train Mixed Loss: 0.9240 (Base: 0.3173, Trend: 0.1580, DTW: 0.1501, TopK: 0.5584) | Val Mixed Loss (No Trend): 0.7992 (Base: 0.2993, DTW: 0.1442, TopK: 0.5131) | EMA Val Loss (No Trend): 0.836277 | LR: 1.98e-04
Saved new best weights to best_model_seed3.pth (EMA validation loss without trend: 0.836277).
Epoch [7/100] | Total Loss: 1.0944 | Aux Loss: 0.1920 | Train Mixed Loss: 0.9024 (Base: 0.3112, Trend: 0.1558, DTW: 0.1449, TopK: 0.5517) | Val Mixed Loss (No Trend): 0.7938 (Base: 0.2965, DTW: 0.1415, TopK: 0.5257) | EMA Val Loss (No Trend): 0.825662 | LR: 1.98e-04
Saved new best weights to best_model_seed3.pth (EMA validation loss without trend: 0.825662).
Epoch [8/100] | Total Loss: 1.0812 | Aux Loss: 0.1885 | Train Mixed Loss: 0.8928 (Base: 0.3088, Trend: 0.1552, DTW: 0.1428, TopK: 0.5458) | Val Mixed Loss (No Trend): 0.7650 (Base: 0.2883, DTW: 0.1351, TopK: 0.5084) | EMA Val Loss (No Trend): 0.810501 | LR: 1.97e-04
Saved new best weights to best_model_seed3.pth (EMA validation loss without trend: 0.810501).
Epoch [9/100] | Total Loss: 1.0725 | Aux Loss: 0.1898 | Train Mixed Loss: 0.8827 (Base: 0.3065, Trend: 0.1550, DTW: 0.1403, TopK: 0.5399) | Val Mixed Loss (No Trend): 0.7848 (Base: 0.3035, DTW: 0.1385, TopK: 0.4966) | EMA Val Loss (No Trend): 0.804082 | LR: 1.96e-04
Saved new best weights to best_model_seed3.pth (EMA validation loss without trend: 0.804082).
Epoch [10/100] | Total Loss: 1.0695 | Aux Loss: 0.1876 | Train Mixed Loss: 0.8819 (Base: 0.3064, Trend: 0.1544, DTW: 0.1402, TopK: 0.5398) | Val Mixed Loss (No Trend): 0.7544 (Base: 0.2886, DTW: 0.1313, TopK: 0.5021) | EMA Val Loss (No Trend): 0.791673 | LR: 1.95e-04
Saved new best weights to best_model_seed3.pth (EMA validation loss without trend: 0.791673).
Epoch [11/100] | Total Loss: 1.0568 | Aux Loss: 0.1867 | Train Mixed Loss: 0.8700 (Base: 0.3045, Trend: 0.1539, DTW: 0.1363, TopK: 0.5379) | Val Mixed Loss (No Trend): 0.7564 (Base: 0.2861, DTW: 0.1318, TopK: 0.5133) | EMA Val Loss (No Trend): 0.782849 | LR: 1.94e-04
Saved new best weights to best_model_seed3.pth (EMA validation loss without trend: 0.782849).
Epoch [12/100] | Total Loss: 1.0534 | Aux Loss: 0.1867 | Train Mixed Loss: 0.8668 (Base: 0.3038, Trend: 0.1541, DTW: 0.1358, TopK: 0.5334) | Val Mixed Loss (No Trend): 0.7607 (Base: 0.2945, DTW: 0.1332, TopK: 0.4882) | EMA Val Loss (No Trend): 0.777314 | LR: 1.93e-04
Saved new best weights to best_model_seed3.pth (EMA validation loss without trend: 0.777314).
Epoch [13/100] | Total Loss: 1.0366 | Aux Loss: 0.1816 | Train Mixed Loss: 0.8550 (Base: 0.3004, Trend: 0.1534, DTW: 0.1330, TopK: 0.5293) | Val Mixed Loss (No Trend): 0.7570 (Base: 0.2930, DTW: 0.1342, TopK: 0.4729) | EMA Val Loss (No Trend): 0.772230 | LR: 1.92e-04
Saved new best weights to best_model_seed3.pth (EMA validation loss without trend: 0.772230).
Epoch [14/100] | Total Loss: 1.0407 | Aux Loss: 0.1864 | Train Mixed Loss: 0.8543 (Base: 0.3007, Trend: 0.1535, DTW: 0.1330, TopK: 0.5257) | Val Mixed Loss (No Trend): 0.7281 (Base: 0.2826, DTW: 0.1263, TopK: 0.4746) | EMA Val Loss (No Trend): 0.761187 | LR: 1.91e-04
Saved new best weights to best_model_seed3.pth (EMA validation loss without trend: 0.761187).
Epoch [15/100] | Total Loss: 1.0282 | Aux Loss: 0.1803 | Train Mixed Loss: 0.8479 (Base: 0.2986, Trend: 0.1528, DTW: 0.1315, TopK: 0.5241) | Val Mixed Loss (No Trend): 0.7367 (Base: 0.2822, DTW: 0.1273, TopK: 0.4969) | EMA Val Loss (No Trend): 0.755073 | LR: 1.89e-04
Saved new best weights to best_model_seed3.pth (EMA validation loss without trend: 0.755073).
Epoch [16/100] | Total Loss: 1.0222 | Aux Loss: 0.1809 | Train Mixed Loss: 0.8413 (Base: 0.2970, Trend: 0.1522, DTW: 0.1295, TopK: 0.5249) | Val Mixed Loss (No Trend): 0.7556 (Base: 0.2935, DTW: 0.1335, TopK: 0.4724) | EMA Val Loss (No Trend): 0.755216 | LR: 1.88e-04
Epoch [17/100] | Total Loss: 1.0200 | Aux Loss: 0.1810 | Train Mixed Loss: 0.8390 (Base: 0.2960, Trend: 0.1522, DTW: 0.1292, TopK: 0.5230) | Val Mixed Loss (No Trend): 0.7496 (Base: 0.2916, DTW: 0.1311, TopK: 0.4776) | EMA Val Loss (No Trend): 0.753812 | LR: 1.86e-04
Saved new best weights to best_model_seed3.pth (EMA validation loss without trend: 0.753812).
Epoch [18/100] | Total Loss: 1.0185 | Aux Loss: 0.1815 | Train Mixed Loss: 0.8371 (Base: 0.2960, Trend: 0.1519, DTW: 0.1290, TopK: 0.5186) | Val Mixed Loss (No Trend): 0.7427 (Base: 0.2853, DTW: 0.1308, TopK: 0.4781) | EMA Val Loss (No Trend): 0.751025 | LR: 1.85e-04
Saved new best weights to best_model_seed3.pth (EMA validation loss without trend: 0.751025).
Epoch [19/100] | Total Loss: 1.0067 | Aux Loss: 0.1797 | Train Mixed Loss: 0.8270 (Base: 0.2939, Trend: 0.1513, DTW: 0.1263, TopK: 0.5143) | Val Mixed Loss (No Trend): 0.7314 (Base: 0.2799, DTW: 0.1277, TopK: 0.4835) | EMA Val Loss (No Trend): 0.746120 | LR: 1.83e-04
Saved new best weights to best_model_seed3.pth (EMA validation loss without trend: 0.746120).
Epoch [20/100] | Total Loss: 1.0084 | Aux Loss: 0.1776 | Train Mixed Loss: 0.8309 (Base: 0.2945, Trend: 0.1518, DTW: 0.1270, TopK: 0.5190) | Val Mixed Loss (No Trend): 0.7350 (Base: 0.2825, DTW: 0.1273, TopK: 0.4900) | EMA Val Loss (No Trend): 0.743348 | LR: 1.81e-04
Saved new best weights to best_model_seed3.pth (EMA validation loss without trend: 0.743348).
Epoch [21/100] | Total Loss: 0.9988 | Aux Loss: 0.1765 | Train Mixed Loss: 0.8223 (Base: 0.2910, Trend: 0.1506, DTW: 0.1259, TopK: 0.5130) | Val Mixed Loss (No Trend): 0.7451 (Base: 0.2875, DTW: 0.1317, TopK: 0.4721) | EMA Val Loss (No Trend): 0.743786 | LR: 1.79e-04
Epoch [22/100] | Total Loss: 0.9901 | Aux Loss: 0.1742 | Train Mixed Loss: 0.8159 (Base: 0.2900, Trend: 0.1508, DTW: 0.1236, TopK: 0.5126) | Val Mixed Loss (No Trend): 0.7171 (Base: 0.2730, DTW: 0.1233, TopK: 0.4938) | EMA Val Loss (No Trend): 0.737116 | LR: 1.77e-04
Saved new best weights to best_model_seed3.pth (EMA validation loss without trend: 0.737116).
Epoch [23/100] | Total Loss: 0.9921 | Aux Loss: 0.1750 | Train Mixed Loss: 0.8172 (Base: 0.2906, Trend: 0.1511, DTW: 0.1240, TopK: 0.5114) | Val Mixed Loss (No Trend): 0.7254 (Base: 0.2784, DTW: 0.1254, TopK: 0.4871) | EMA Val Loss (No Trend): 0.734195 | LR: 1.75e-04
Saved new best weights to best_model_seed3.pth (EMA validation loss without trend: 0.734195).
Epoch [24/100] | Total Loss: 0.9972 | Aux Loss: 0.1760 | Train Mixed Loss: 0.8212 (Base: 0.2919, Trend: 0.1522, DTW: 0.1244, TopK: 0.5151) | Val Mixed Loss (No Trend): 0.7411 (Base: 0.2868, DTW: 0.1296, TopK: 0.4776) | EMA Val Loss (No Trend): 0.735910 | LR: 1.73e-04
Epoch [25/100] | Total Loss: 0.9876 | Aux Loss: 0.1770 | Train Mixed Loss: 0.8106 (Base: 0.2879, Trend: 0.1506, DTW: 0.1231, TopK: 0.5067) | Val Mixed Loss (No Trend): 0.7295 (Base: 0.2812, DTW: 0.1267, TopK: 0.4803) | EMA Val Loss (No Trend): 0.734299 | LR: 1.71e-04
Epoch [26/100] | Total Loss: 0.9913 | Aux Loss: 0.1758 | Train Mixed Loss: 0.8155 (Base: 0.2910, Trend: 0.1518, DTW: 0.1227, TopK: 0.5134) | Val Mixed Loss (No Trend): 0.7223 (Base: 0.2763, DTW: 0.1237, TopK: 0.4971) | EMA Val Loss (No Trend): 0.731297 | LR: 1.69e-04
Saved new best weights to best_model_seed3.pth (EMA validation loss without trend: 0.731297).
Epoch [27/100] | Total Loss: 0.9825 | Aux Loss: 0.1740 | Train Mixed Loss: 0.8084 (Base: 0.2891, Trend: 0.1514, DTW: 0.1214, TopK: 0.5078) | Val Mixed Loss (No Trend): 0.7346 (Base: 0.2813, DTW: 0.1292, TopK: 0.4777) | EMA Val Loss (No Trend): 0.732123 | LR: 1.66e-04
Epoch [28/100] | Total Loss: 0.9848 | Aux Loss: 0.1749 | Train Mixed Loss: 0.8099 (Base: 0.2889, Trend: 0.1511, DTW: 0.1219, TopK: 0.5095) | Val Mixed Loss (No Trend): 0.7399 (Base: 0.2874, DTW: 0.1283, TopK: 0.4821) | EMA Val Loss (No Trend): 0.734063 | LR: 1.64e-04
Epoch [29/100] | Total Loss: 0.9773 | Aux Loss: 0.1732 | Train Mixed Loss: 0.8041 (Base: 0.2877, Trend: 0.1513, DTW: 0.1207, TopK: 0.5034) | Val Mixed Loss (No Trend): 0.7262 (Base: 0.2827, DTW: 0.1254, TopK: 0.4748) | EMA Val Loss (No Trend): 0.732088 | LR: 1.61e-04
Epoch [30/100] | Total Loss: 0.9651 | Aux Loss: 0.1706 | Train Mixed Loss: 0.7945 (Base: 0.2858, Trend: 0.1505, DTW: 0.1182, TopK: 0.4993) | Val Mixed Loss (No Trend): 0.7294 (Base: 0.2797, DTW: 0.1274, TopK: 0.4799) | EMA Val Loss (No Trend): 0.731417 | LR: 1.59e-04
Epoch [31/100] | Total Loss: 0.9654 | Aux Loss: 0.1708 | Train Mixed Loss: 0.7945 (Base: 0.2847, Trend: 0.1503, DTW: 0.1185, TopK: 0.5007) | Val Mixed Loss (No Trend): 0.7178 (Base: 0.2810, DTW: 0.1252, TopK: 0.4541) | EMA Val Loss (No Trend): 0.728001 | LR: 1.56e-04
Saved new best weights to best_model_seed3.pth (EMA validation loss without trend: 0.728001).
Epoch [32/100] | Total Loss: 0.9596 | Aux Loss: 0.1705 | Train Mixed Loss: 0.7891 (Base: 0.2841, Trend: 0.1501, DTW: 0.1173, TopK: 0.4951) | Val Mixed Loss (No Trend): 0.7298 (Base: 0.2827, DTW: 0.1262, TopK: 0.4810) | EMA Val Loss (No Trend): 0.728452 | LR: 1.54e-04
Epoch [33/100] | Total Loss: 0.9636 | Aux Loss: 0.1723 | Train Mixed Loss: 0.7914 (Base: 0.2847, Trend: 0.1508, DTW: 0.1172, TopK: 0.4998) | Val Mixed Loss (No Trend): 0.7304 (Base: 0.2824, DTW: 0.1264, TopK: 0.4822) | EMA Val Loss (No Trend): 0.728928 | LR: 1.51e-04
Epoch [34/100] | Total Loss: 0.9599 | Aux Loss: 0.1700 | Train Mixed Loss: 0.7899 (Base: 0.2834, Trend: 0.1498, DTW: 0.1175, TopK: 0.4988) | Val Mixed Loss (No Trend): 0.7210 (Base: 0.2824, DTW: 0.1253, TopK: 0.4599) | EMA Val Loss (No Trend): 0.726951 | LR: 1.48e-04
Saved new best weights to best_model_seed3.pth (EMA validation loss without trend: 0.726951).
Epoch [35/100] | Total Loss: 0.9494 | Aux Loss: 0.1700 | Train Mixed Loss: 0.7794 (Base: 0.2810, Trend: 0.1490, DTW: 0.1153, TopK: 0.4901) | Val Mixed Loss (No Trend): 0.7185 (Base: 0.2758, DTW: 0.1248, TopK: 0.4770) | EMA Val Loss (No Trend): 0.724833 | LR: 1.46e-04
Saved new best weights to best_model_seed3.pth (EMA validation loss without trend: 0.724833).
Epoch [36/100] | Total Loss: 0.9551 | Aux Loss: 0.1717 | Train Mixed Loss: 0.7834 (Base: 0.2826, Trend: 0.1502, DTW: 0.1159, TopK: 0.4919) | Val Mixed Loss (No Trend): 0.7359 (Base: 0.2825, DTW: 0.1289, TopK: 0.4799) | EMA Val Loss (No Trend): 0.727597 | LR: 1.43e-04
Epoch [37/100] | Total Loss: 0.9508 | Aux Loss: 0.1694 | Train Mixed Loss: 0.7814 (Base: 0.2815, Trend: 0.1504, DTW: 0.1153, TopK: 0.4928) | Val Mixed Loss (No Trend): 0.7341 (Base: 0.2863, DTW: 0.1282, TopK: 0.4670) | EMA Val Loss (No Trend): 0.729217 | LR: 1.40e-04
Epoch [38/100] | Total Loss: 0.9439 | Aux Loss: 0.1695 | Train Mixed Loss: 0.7744 (Base: 0.2805, Trend: 0.1507, DTW: 0.1128, TopK: 0.4924) | Val Mixed Loss (No Trend): 0.7332 (Base: 0.2873, DTW: 0.1292, TopK: 0.4532) | EMA Val Loss (No Trend): 0.730216 | LR: 1.37e-04
Epoch [39/100] | Total Loss: 0.9419 | Aux Loss: 0.1672 | Train Mixed Loss: 0.7747 (Base: 0.2796, Trend: 0.1504, DTW: 0.1135, TopK: 0.4915) | Val Mixed Loss (No Trend): 0.7105 (Base: 0.2793, DTW: 0.1224, TopK: 0.4578) | EMA Val Loss (No Trend): 0.725279 | LR: 1.34e-04
Epoch [40/100] | Total Loss: 0.9371 | Aux Loss: 0.1666 | Train Mixed Loss: 0.7705 (Base: 0.2788, Trend: 0.1501, DTW: 0.1123, TopK: 0.4901) | Val Mixed Loss (No Trend): 0.7268 (Base: 0.2863, DTW: 0.1266, TopK: 0.4555) | EMA Val Loss (No Trend): 0.725661 | LR: 1.31e-04
Epoch [41/100] | Total Loss: 0.9363 | Aux Loss: 0.1670 | Train Mixed Loss: 0.7693 (Base: 0.2781, Trend: 0.1497, DTW: 0.1125, TopK: 0.4883) | Val Mixed Loss (No Trend): 0.7159 (Base: 0.2784, DTW: 0.1249, TopK: 0.4591) | EMA Val Loss (No Trend): 0.723209 | LR: 1.28e-04
Saved new best weights to best_model_seed3.pth (EMA validation loss without trend: 0.723209).
Epoch [42/100] | Total Loss: 0.9356 | Aux Loss: 0.1666 | Train Mixed Loss: 0.7691 (Base: 0.2779, Trend: 0.1499, DTW: 0.1123, TopK: 0.4893) | Val Mixed Loss (No Trend): 0.7342 (Base: 0.2863, DTW: 0.1285, TopK: 0.4650) | EMA Val Loss (No Trend): 0.725961 | LR: 1.25e-04
Epoch [43/100] | Total Loss: 0.9343 | Aux Loss: 0.1670 | Train Mixed Loss: 0.7673 (Base: 0.2776, Trend: 0.1502, DTW: 0.1116, TopK: 0.4890) | Val Mixed Loss (No Trend): 0.7126 (Base: 0.2717, DTW: 0.1244, TopK: 0.4744) | EMA Val Loss (No Trend): 0.722612 | LR: 1.22e-04
Saved new best weights to best_model_seed3.pth (EMA validation loss without trend: 0.722612).
Epoch [44/100] | Total Loss: 0.9287 | Aux Loss: 0.1656 | Train Mixed Loss: 0.7631 (Base: 0.2758, Trend: 0.1500, DTW: 0.1110, TopK: 0.4859) | Val Mixed Loss (No Trend): 0.7299 (Base: 0.2871, DTW: 0.1279, TopK: 0.4530) | EMA Val Loss (No Trend): 0.724442 | LR: 1.19e-04
Epoch [45/100] | Total Loss: 0.9248 | Aux Loss: 0.1657 | Train Mixed Loss: 0.7591 (Base: 0.2758, Trend: 0.1501, DTW: 0.1096, TopK: 0.4845) | Val Mixed Loss (No Trend): 0.7344 (Base: 0.2878, DTW: 0.1293, TopK: 0.4543) | EMA Val Loss (No Trend): 0.726933 | LR: 1.16e-04
Epoch [46/100] | Total Loss: 0.9117 | Aux Loss: 0.1633 | Train Mixed Loss: 0.7484 (Base: 0.2724, Trend: 0.1479, DTW: 0.1080, TopK: 0.4760) | Val Mixed Loss (No Trend): 0.7214 (Base: 0.2766, DTW: 0.1271, TopK: 0.4659) | EMA Val Loss (No Trend): 0.725552 | LR: 1.13e-04
Epoch [47/100] | Total Loss: 0.9132 | Aux Loss: 0.1636 | Train Mixed Loss: 0.7496 (Base: 0.2727, Trend: 0.1484, DTW: 0.1084, TopK: 0.4756) | Val Mixed Loss (No Trend): 0.7191 (Base: 0.2789, DTW: 0.1256, TopK: 0.4624) | EMA Val Loss (No Trend): 0.723941 | LR: 1.10e-04
Epoch [48/100] | Total Loss: 0.9111 | Aux Loss: 0.1629 | Train Mixed Loss: 0.7482 (Base: 0.2728, Trend: 0.1492, DTW: 0.1071, TopK: 0.4793) | Val Mixed Loss (No Trend): 0.7228 (Base: 0.2822, DTW: 0.1265, TopK: 0.4572) | EMA Val Loss (No Trend): 0.723659 | LR: 1.07e-04
Epoch [49/100] | Total Loss: 0.9131 | Aux Loss: 0.1655 | Train Mixed Loss: 0.7476 (Base: 0.2720, Trend: 0.1487, DTW: 0.1077, TopK: 0.4759) | Val Mixed Loss (No Trend): 0.7290 (Base: 0.2837, DTW: 0.1273, TopK: 0.4656) | EMA Val Loss (No Trend): 0.725006 | LR: 1.04e-04
Epoch [50/100] | Total Loss: 0.9096 | Aux Loss: 0.1635 | Train Mixed Loss: 0.7461 (Base: 0.2720, Trend: 0.1496, DTW: 0.1070, TopK: 0.4749) | Val Mixed Loss (No Trend): 0.7386 (Base: 0.2900, DTW: 0.1309, TopK: 0.4478) | EMA Val Loss (No Trend): 0.728403 | LR: 1.01e-04
Epoch [51/100] | Total Loss: 0.9073 | Aux Loss: 0.1634 | Train Mixed Loss: 0.7439 (Base: 0.2714, Trend: 0.1491, DTW: 0.1066, TopK: 0.4738) | Val Mixed Loss (No Trend): 0.7262 (Base: 0.2792, DTW: 0.1268, TopK: 0.4758) | EMA Val Loss (No Trend): 0.727847 | LR: 9.74e-05
Epoch [52/100] | Total Loss: 0.8962 | Aux Loss: 0.1615 | Train Mixed Loss: 0.7346 (Base: 0.2678, Trend: 0.1477, DTW: 0.1050, TopK: 0.4702) | Val Mixed Loss (No Trend): 0.7307 (Base: 0.2864, DTW: 0.1296, TopK: 0.4438) | EMA Val Loss (No Trend): 0.728549 | LR: 9.43e-05
Epoch [53/100] | Total Loss: 0.9065 | Aux Loss: 0.1644 | Train Mixed Loss: 0.7421 (Base: 0.2708, Trend: 0.1494, DTW: 0.1061, TopK: 0.4730) | Val Mixed Loss (No Trend): 0.7138 (Base: 0.2758, DTW: 0.1235, TopK: 0.4721) | EMA Val Loss (No Trend): 0.724871 | LR: 9.11e-05
Epoch [54/100] | Total Loss: 0.8849 | Aux Loss: 0.1600 | Train Mixed Loss: 0.7249 (Base: 0.2653, Trend: 0.1471, DTW: 0.1027, TopK: 0.4651) | Val Mixed Loss (No Trend): 0.7110 (Base: 0.2741, DTW: 0.1232, TopK: 0.4709) | EMA Val Loss (No Trend): 0.721403 | LR: 8.80e-05
Saved new best weights to best_model_seed3.pth (EMA validation loss without trend: 0.721403).
Epoch [55/100] | Total Loss: 0.8917 | Aux Loss: 0.1637 | Train Mixed Loss: 0.7280 (Base: 0.2661, Trend: 0.1476, DTW: 0.1033, TopK: 0.4673) | Val Mixed Loss (No Trend): 0.7376 (Base: 0.2888, DTW: 0.1304, TopK: 0.4527) | EMA Val Loss (No Trend): 0.725463 | LR: 8.49e-05
Epoch [56/100] | Total Loss: 0.8931 | Aux Loss: 0.1616 | Train Mixed Loss: 0.7315 (Base: 0.2674, Trend: 0.1492, DTW: 0.1038, TopK: 0.4674) | Val Mixed Loss (No Trend): 0.7085 (Base: 0.2761, DTW: 0.1224, TopK: 0.4623) | EMA Val Loss (No Trend): 0.721224 | LR: 8.19e-05
Saved new best weights to best_model_seed3.pth (EMA validation loss without trend: 0.721224).
Epoch [57/100] | Total Loss: 0.8910 | Aux Loss: 0.1613 | Train Mixed Loss: 0.7297 (Base: 0.2670, Trend: 0.1479, DTW: 0.1034, TopK: 0.4686) | Val Mixed Loss (No Trend): 0.7170 (Base: 0.2798, DTW: 0.1245, TopK: 0.4615) | EMA Val Loss (No Trend): 0.720161 | LR: 7.88e-05
Saved new best weights to best_model_seed3.pth (EMA validation loss without trend: 0.720161).
Epoch [58/100] | Total Loss: 0.8876 | Aux Loss: 0.1622 | Train Mixed Loss: 0.7254 (Base: 0.2663, Trend: 0.1487, DTW: 0.1025, TopK: 0.4625) | Val Mixed Loss (No Trend): 0.7292 (Base: 0.2831, DTW: 0.1287, TopK: 0.4569) | EMA Val Loss (No Trend): 0.722424 | LR: 7.58e-05
Epoch [59/100] | Total Loss: 0.8877 | Aux Loss: 0.1613 | Train Mixed Loss: 0.7264 (Base: 0.2663, Trend: 0.1490, DTW: 0.1024, TopK: 0.4666) | Val Mixed Loss (No Trend): 0.7218 (Base: 0.2793, DTW: 0.1249, TopK: 0.4759) | EMA Val Loss (No Trend): 0.722277 | LR: 7.27e-05
Epoch [60/100] | Total Loss: 0.8808 | Aux Loss: 0.1607 | Train Mixed Loss: 0.7201 (Base: 0.2640, Trend: 0.1488, DTW: 0.1010, TopK: 0.4643) | Val Mixed Loss (No Trend): 0.7169 (Base: 0.2820, DTW: 0.1237, TopK: 0.4603) | EMA Val Loss (No Trend): 0.720927 | LR: 6.98e-05
Epoch [61/100] | Total Loss: 0.8740 | Aux Loss: 0.1606 | Train Mixed Loss: 0.7133 (Base: 0.2628, Trend: 0.1480, DTW: 0.0997, TopK: 0.4577) | Val Mixed Loss (No Trend): 0.7140 (Base: 0.2750, DTW: 0.1239, TopK: 0.4726) | EMA Val Loss (No Trend): 0.719188 | LR: 6.68e-05
Saved new best weights to best_model_seed3.pth (EMA validation loss without trend: 0.719188).
Epoch [62/100] | Total Loss: 0.8781 | Aux Loss: 0.1602 | Train Mixed Loss: 0.7179 (Base: 0.2637, Trend: 0.1483, DTW: 0.1011, TopK: 0.4580) | Val Mixed Loss (No Trend): 0.7261 (Base: 0.2818, DTW: 0.1267, TopK: 0.4670) | EMA Val Loss (No Trend): 0.720908 | LR: 6.39e-05
Epoch [63/100] | Total Loss: 0.8728 | Aux Loss: 0.1589 | Train Mixed Loss: 0.7138 (Base: 0.2626, Trend: 0.1479, DTW: 0.0999, TopK: 0.4586) | Val Mixed Loss (No Trend): 0.7090 (Base: 0.2745, DTW: 0.1227, TopK: 0.4667) | EMA Val Loss (No Trend): 0.717920 | LR: 6.10e-05
Saved new best weights to best_model_seed3.pth (EMA validation loss without trend: 0.717920).
Epoch [64/100] | Total Loss: 0.8656 | Aux Loss: 0.1582 | Train Mixed Loss: 0.7074 (Base: 0.2606, Trend: 0.1471, DTW: 0.0987, TopK: 0.4544) | Val Mixed Loss (No Trend): 0.7138 (Base: 0.2787, DTW: 0.1242, TopK: 0.4564) | EMA Val Loss (No Trend): 0.716887 | LR: 5.81e-05
Saved new best weights to best_model_seed3.pth (EMA validation loss without trend: 0.716887).
Epoch [65/100] | Total Loss: 0.8738 | Aux Loss: 0.1600 | Train Mixed Loss: 0.7137 (Base: 0.2633, Trend: 0.1486, DTW: 0.0993, TopK: 0.4596) | Val Mixed Loss (No Trend): 0.7222 (Base: 0.2826, DTW: 0.1266, TopK: 0.4530) | EMA Val Loss (No Trend): 0.718219 | LR: 5.53e-05
Epoch [66/100] | Total Loss: 0.8655 | Aux Loss: 0.1596 | Train Mixed Loss: 0.7059 (Base: 0.2604, Trend: 0.1477, DTW: 0.0981, TopK: 0.4539) | Val Mixed Loss (No Trend): 0.7220 (Base: 0.2823, DTW: 0.1268, TopK: 0.4509) | EMA Val Loss (No Trend): 0.719172 | LR: 5.26e-05
Epoch [67/100] | Total Loss: 0.8676 | Aux Loss: 0.1602 | Train Mixed Loss: 0.7073 (Base: 0.2605, Trend: 0.1477, DTW: 0.0986, TopK: 0.4543) | Val Mixed Loss (No Trend): 0.7153 (Base: 0.2796, DTW: 0.1240, TopK: 0.4602) | EMA Val Loss (No Trend): 0.718215 | LR: 4.99e-05
Epoch [68/100] | Total Loss: 0.8646 | Aux Loss: 0.1597 | Train Mixed Loss: 0.7050 (Base: 0.2605, Trend: 0.1479, DTW: 0.0976, TopK: 0.4540) | Val Mixed Loss (No Trend): 0.7138 (Base: 0.2778, DTW: 0.1242, TopK: 0.4600) | EMA Val Loss (No Trend): 0.717109 | LR: 4.72e-05
Epoch [69/100] | Total Loss: 0.8555 | Aux Loss: 0.1591 | Train Mixed Loss: 0.6964 (Base: 0.2578, Trend: 0.1477, DTW: 0.0958, TopK: 0.4489) | Val Mixed Loss (No Trend): 0.7137 (Base: 0.2797, DTW: 0.1242, TopK: 0.4528) | EMA Val Loss (No Trend): 0.716263 | LR: 4.46e-05
Saved new best weights to best_model_seed3.pth (EMA validation loss without trend: 0.716263).
Epoch [70/100] | Total Loss: 0.8563 | Aux Loss: 0.1594 | Train Mixed Loss: 0.6968 (Base: 0.2574, Trend: 0.1467, DTW: 0.0964, TopK: 0.4490) | Val Mixed Loss (No Trend): 0.7143 (Base: 0.2788, DTW: 0.1250, TopK: 0.4517) | EMA Val Loss (No Trend): 0.715769 | LR: 4.20e-05
Saved new best weights to best_model_seed3.pth (EMA validation loss without trend: 0.715769).
Epoch [71/100] | Total Loss: 0.8555 | Aux Loss: 0.1583 | Train Mixed Loss: 0.6972 (Base: 0.2577, Trend: 0.1472, DTW: 0.0963, TopK: 0.4488) | Val Mixed Loss (No Trend): 0.7155 (Base: 0.2793, DTW: 0.1251, TopK: 0.4531) | EMA Val Loss (No Trend): 0.715704 | LR: 3.95e-05
Saved new best weights to best_model_seed3.pth (EMA validation loss without trend: 0.715704).
Epoch [72/100] | Total Loss: 0.8529 | Aux Loss: 0.1581 | Train Mixed Loss: 0.6948 (Base: 0.2572, Trend: 0.1479, DTW: 0.0954, TopK: 0.4489) | Val Mixed Loss (No Trend): 0.7281 (Base: 0.2848, DTW: 0.1277, TopK: 0.4557) | EMA Val Loss (No Trend): 0.718813 | LR: 3.71e-05
Epoch [73/100] | Total Loss: 0.8556 | Aux Loss: 0.1590 | Train Mixed Loss: 0.6966 (Base: 0.2576, Trend: 0.1477, DTW: 0.0961, TopK: 0.4486) | Val Mixed Loss (No Trend): 0.7313 (Base: 0.2865, DTW: 0.1291, TopK: 0.4500) | EMA Val Loss (No Trend): 0.721941 | LR: 3.47e-05
Epoch [74/100] | Total Loss: 0.8451 | Aux Loss: 0.1574 | Train Mixed Loss: 0.6877 (Base: 0.2550, Trend: 0.1470, DTW: 0.0941, TopK: 0.4446) | Val Mixed Loss (No Trend): 0.7172 (Base: 0.2786, DTW: 0.1248, TopK: 0.4633) | EMA Val Loss (No Trend): 0.720754 | LR: 3.24e-05
Epoch [75/100] | Total Loss: 0.8430 | Aux Loss: 0.1575 | Train Mixed Loss: 0.6855 (Base: 0.2541, Trend: 0.1471, DTW: 0.0936, TopK: 0.4435) | Val Mixed Loss (No Trend): 0.7185 (Base: 0.2793, DTW: 0.1256, TopK: 0.4594) | EMA Val Loss (No Trend): 0.720197 | LR: 3.01e-05
Epoch [76/100] | Total Loss: 0.8428 | Aux Loss: 0.1569 | Train Mixed Loss: 0.6858 (Base: 0.2544, Trend: 0.1468, DTW: 0.0935, TopK: 0.4451) | Val Mixed Loss (No Trend): 0.7145 (Base: 0.2784, DTW: 0.1241, TopK: 0.4607) | EMA Val Loss (No Trend): 0.718777 | LR: 2.80e-05
Epoch [77/100] | Total Loss: 0.8445 | Aux Loss: 0.1591 | Train Mixed Loss: 0.6855 (Base: 0.2543, Trend: 0.1474, DTW: 0.0935, TopK: 0.4434) | Val Mixed Loss (No Trend): 0.7276 (Base: 0.2846, DTW: 0.1275, TopK: 0.4569) | EMA Val Loss (No Trend): 0.720979 | LR: 2.59e-05
Epoch [78/100] | Total Loss: 0.8368 | Aux Loss: 0.1554 | Train Mixed Loss: 0.6814 (Base: 0.2530, Trend: 0.1463, DTW: 0.0929, TopK: 0.4404) | Val Mixed Loss (No Trend): 0.7158 (Base: 0.2775, DTW: 0.1247, TopK: 0.4629) | EMA Val Loss (No Trend): 0.719685 | LR: 2.38e-05
Epoch [79/100] | Total Loss: 0.8360 | Aux Loss: 0.1555 | Train Mixed Loss: 0.6805 (Base: 0.2529, Trend: 0.1466, DTW: 0.0924, TopK: 0.4417) | Val Mixed Loss (No Trend): 0.7209 (Base: 0.2833, DTW: 0.1251, TopK: 0.4581) | EMA Val Loss (No Trend): 0.719982 | LR: 2.19e-05
Epoch [80/100] | Total Loss: 0.8372 | Aux Loss: 0.1573 | Train Mixed Loss: 0.6799 (Base: 0.2532, Trend: 0.1472, DTW: 0.0922, TopK: 0.4393) | Val Mixed Loss (No Trend): 0.7131 (Base: 0.2798, DTW: 0.1239, TopK: 0.4536) | EMA Val Loss (No Trend): 0.718260 | LR: 2.00e-05
Epoch [81/100] | Total Loss: 0.8332 | Aux Loss: 0.1570 | Train Mixed Loss: 0.6762 (Base: 0.2514, Trend: 0.1465, DTW: 0.0915, TopK: 0.4394) | Val Mixed Loss (No Trend): 0.7121 (Base: 0.2772, DTW: 0.1232, TopK: 0.4639) | EMA Val Loss (No Trend): 0.716716 | LR: 1.82e-05
Epoch [82/100] | Total Loss: 0.8343 | Aux Loss: 0.1562 | Train Mixed Loss: 0.6781 (Base: 0.2528, Trend: 0.1475, DTW: 0.0915, TopK: 0.4397) | Val Mixed Loss (No Trend): 0.7296 (Base: 0.2850, DTW: 0.1287, TopK: 0.4523) | EMA Val Loss (No Trend): 0.719947 | LR: 1.65e-05
Epoch [83/100] | Total Loss: 0.8349 | Aux Loss: 0.1559 | Train Mixed Loss: 0.6790 (Base: 0.2518, Trend: 0.1470, DTW: 0.0925, TopK: 0.4388) | Val Mixed Loss (No Trend): 0.7188 (Base: 0.2824, DTW: 0.1257, TopK: 0.4494) | EMA Val Loss (No Trend): 0.719661 | LR: 1.49e-05
Epoch [84/100] | Total Loss: 0.8358 | Aux Loss: 0.1575 | Train Mixed Loss: 0.6782 (Base: 0.2531, Trend: 0.1475, DTW: 0.0915, TopK: 0.4393) | Val Mixed Loss (No Trend): 0.7059 (Base: 0.2768, DTW: 0.1227, TopK: 0.4485) | EMA Val Loss (No Trend): 0.716209 | LR: 1.33e-05
Epoch [85/100] | Total Loss: 0.8338 | Aux Loss: 0.1569 | Train Mixed Loss: 0.6768 (Base: 0.2524, Trend: 0.1476, DTW: 0.0912, TopK: 0.4392) | Val Mixed Loss (No Trend): 0.7220 (Base: 0.2810, DTW: 0.1262, TopK: 0.4604) | EMA Val Loss (No Trend): 0.717662 | LR: 1.18e-05
Epoch [86/100] | Total Loss: 0.8269 | Aux Loss: 0.1548 | Train Mixed Loss: 0.6721 (Base: 0.2508, Trend: 0.1467, DTW: 0.0905, TopK: 0.4363) | Val Mixed Loss (No Trend): 0.7183 (Base: 0.2809, DTW: 0.1259, TopK: 0.4509) | EMA Val Loss (No Trend): 0.717833 | LR: 1.05e-05
Epoch [87/100] | Total Loss: 0.8281 | Aux Loss: 0.1545 | Train Mixed Loss: 0.6736 (Base: 0.2507, Trend: 0.1468, DTW: 0.0908, TopK: 0.4383) | Val Mixed Loss (No Trend): 0.7149 (Base: 0.2790, DTW: 0.1242, TopK: 0.4592) | EMA Val Loss (No Trend): 0.717103 | LR: 9.18e-06
Epoch [88/100] | Total Loss: 0.8285 | Aux Loss: 0.1564 | Train Mixed Loss: 0.6721 (Base: 0.2508, Trend: 0.1473, DTW: 0.0901, TopK: 0.4376) | Val Mixed Loss (No Trend): 0.7249 (Base: 0.2830, DTW: 0.1269, TopK: 0.4580) | EMA Val Loss (No Trend): 0.719052 | LR: 7.99e-06
Epoch [89/100] | Total Loss: 0.8311 | Aux Loss: 0.1570 | Train Mixed Loss: 0.6741 (Base: 0.2515, Trend: 0.1471, DTW: 0.0909, TopK: 0.4368) | Val Mixed Loss (No Trend): 0.7105 (Base: 0.2786, DTW: 0.1232, TopK: 0.4543) | EMA Val Loss (No Trend): 0.716918 | LR: 6.88e-06
Epoch [90/100] | Total Loss: 0.8318 | Aux Loss: 0.1558 | Train Mixed Loss: 0.6761 (Base: 0.2521, Trend: 0.1475, DTW: 0.0912, TopK: 0.4380) | Val Mixed Loss (No Trend): 0.7171 (Base: 0.2788, DTW: 0.1251, TopK: 0.4599) | EMA Val Loss (No Trend): 0.716965 | LR: 5.87e-06
Epoch [91/100] | Total Loss: 0.8253 | Aux Loss: 0.1546 | Train Mixed Loss: 0.6707 (Base: 0.2499, Trend: 0.1466, DTW: 0.0904, TopK: 0.4356) | Val Mixed Loss (No Trend): 0.7190 (Base: 0.2811, DTW: 0.1259, TopK: 0.4529) | EMA Val Loss (No Trend): 0.717471 | LR: 4.95e-06
Epoch [92/100] | Total Loss: 0.8297 | Aux Loss: 0.1573 | Train Mixed Loss: 0.6724 (Base: 0.2506, Trend: 0.1475, DTW: 0.0904, TopK: 0.4368) | Val Mixed Loss (No Trend): 0.7138 (Base: 0.2788, DTW: 0.1240, TopK: 0.4579) | EMA Val Loss (No Trend): 0.716563 | LR: 4.13e-06
Epoch [93/100] | Total Loss: 0.8339 | Aux Loss: 0.1567 | Train Mixed Loss: 0.6772 (Base: 0.2521, Trend: 0.1482, DTW: 0.0912, TopK: 0.4401) | Val Mixed Loss (No Trend): 0.7188 (Base: 0.2805, DTW: 0.1261, TopK: 0.4520) | EMA Val Loss (No Trend): 0.717119 | LR: 3.40e-06
Epoch [94/100] | Total Loss: 0.8261 | Aux Loss: 0.1553 | Train Mixed Loss: 0.6708 (Base: 0.2502, Trend: 0.1468, DTW: 0.0902, TopK: 0.4359) | Val Mixed Loss (No Trend): 0.7160 (Base: 0.2798, DTW: 0.1248, TopK: 0.4556) | EMA Val Loss (No Trend): 0.716835 | LR: 2.76e-06
Epoch [95/100] | Total Loss: 0.8279 | Aux Loss: 0.1553 | Train Mixed Loss: 0.6726 (Base: 0.2510, Trend: 0.1472, DTW: 0.0904, TopK: 0.4367) | Val Mixed Loss (No Trend): 0.7142 (Base: 0.2786, DTW: 0.1246, TopK: 0.4552) | EMA Val Loss (No Trend): 0.716176 | LR: 2.23e-06
Epoch [96/100] | Total Loss: 0.8292 | Aux Loss: 0.1556 | Train Mixed Loss: 0.6737 (Base: 0.2509, Trend: 0.1476, DTW: 0.0906, TopK: 0.4385) | Val Mixed Loss (No Trend): 0.7249 (Base: 0.2825, DTW: 0.1266, TopK: 0.4620) | EMA Val Loss (No Trend): 0.718356 | LR: 1.78e-06
Epoch [97/100] | Total Loss: 0.8289 | Aux Loss: 0.1566 | Train Mixed Loss: 0.6723 (Base: 0.2504, Trend: 0.1478, DTW: 0.0902, TopK: 0.4386) | Val Mixed Loss (No Trend): 0.7084 (Base: 0.2767, DTW: 0.1238, TopK: 0.4490) | EMA Val Loss (No Trend): 0.715864 | LR: 1.44e-06
Epoch [98/100] | Total Loss: 0.8147 | Aux Loss: 0.1531 | Train Mixed Loss: 0.6616 (Base: 0.2474, Trend: 0.1457, DTW: 0.0881, TopK: 0.4332) | Val Mixed Loss (No Trend): 0.7125 (Base: 0.2782, DTW: 0.1240, TopK: 0.4561) | EMA Val Loss (No Trend): 0.715029 | LR: 1.20e-06
Saved new best weights to best_model_seed3.pth (EMA validation loss without trend: 0.715029).
Epoch [99/100] | Total Loss: 0.8277 | Aux Loss: 0.1557 | Train Mixed Loss: 0.6720 (Base: 0.2505, Trend: 0.1474, DTW: 0.0903, TopK: 0.4371) | Val Mixed Loss (No Trend): 0.7169 (Base: 0.2802, DTW: 0.1246, TopK: 0.4585) | EMA Val Loss (No Trend): 0.715485 | LR: 1.05e-06
Epoch [100/100] | Total Loss: 0.8237 | Aux Loss: 0.1563 | Train Mixed Loss: 0.6674 (Base: 0.2492, Trend: 0.1466, DTW: 0.0897, TopK: 0.4323) | Val Mixed Loss (No Trend): 0.7230 (Base: 0.2811, DTW: 0.1267, TopK: 0.4595) | EMA Val Loss (No Trend): 0.717361 | LR: 2.00e-04
