Starting Transformer experiment with seed 2 in /root/autodl-tmp/parallel_runs/worker_2_seed_2
Device: cuda
Data shape: (1029, 35040, 10)
Max PM2.5 value: 32768.0
Abnormal points (>1000): 636
Loaded cache: /root/autodl-tmp/parallel_runs/worker_2_seed_2/dataset_cache_train_2y_T144_P48_seed_2.pt (Eligible stations: 1029/1029)
Loaded cache: /root/autodl-tmp/parallel_runs/worker_2_seed_2/dataset_cache_val_1y_T144_P48_seed_2.pt (Eligible stations: 1029/1029)
Total trainable parameters: 4,367,617
Epoch [1/100] | Train Loss: 1.1254 (Base: 0.3584, Trend: 0.1988, DTW: 0.2009, TopK: 0.6181) | Val Loss: 0.920732 (Base: 0.3295, DTW: 0.1805, TopK: 0.5263) | EMA No-Trend Loss: 0.920732 | LR: 2.00e-04
Epoch [2/100] | Train Loss: 1.0338 (Base: 0.3408, Trend: 0.1744, DTW: 0.1773, TopK: 0.6016) | Val Loss: 0.885664 (Base: 0.3312, DTW: 0.1665, TopK: 0.5160) | EMA No-Trend Loss: 0.911965 | LR: 2.00e-04
Epoch [3/100] | Train Loss: 1.0010 (Base: 0.3350, Trend: 0.1736, DTW: 0.1670, TopK: 0.5951) | Val Loss: 0.838950 (Base: 0.3139, DTW: 0.1536, TopK: 0.5219) | EMA No-Trend Loss: 0.893711 | LR: 2.00e-04
Epoch [4/100] | Train Loss: 0.9865 (Base: 0.3320, Trend: 0.1739, DTW: 0.1626, TopK: 0.5914) | Val Loss: 0.838130 (Base: 0.3090, DTW: 0.1542, TopK: 0.5299) | EMA No-Trend Loss: 0.879816 | LR: 1.99e-04
Epoch [5/100] | Train Loss: 0.9653 (Base: 0.3280, Trend: 0.1735, DTW: 0.1569, TopK: 0.5800) | Val Loss: 0.833057 (Base: 0.3165, DTW: 0.1515, TopK: 0.5095) | EMA No-Trend Loss: 0.868126 | LR: 1.99e-04
Epoch [6/100] | Train Loss: 0.9570 (Base: 0.3249, Trend: 0.1732, DTW: 0.1547, TopK: 0.5805) | Val Loss: 0.822639 (Base: 0.3084, DTW: 0.1508, TopK: 0.5080) | EMA No-Trend Loss: 0.856754 | LR: 1.98e-04
Epoch [7/100] | Train Loss: 0.9433 (Base: 0.3223, Trend: 0.1722, DTW: 0.1506, TopK: 0.5778) | Val Loss: 0.813114 (Base: 0.3045, DTW: 0.1475, TopK: 0.5156) | EMA No-Trend Loss: 0.845844 | LR: 1.98e-04
Epoch [8/100] | Train Loss: 0.9309 (Base: 0.3195, Trend: 0.1715, DTW: 0.1476, TopK: 0.5718) | Val Loss: 0.807226 (Base: 0.2988, DTW: 0.1479, TopK: 0.5114) | EMA No-Trend Loss: 0.836190 | LR: 1.97e-04
Epoch [9/100] | Train Loss: 0.9252 (Base: 0.3181, Trend: 0.1709, DTW: 0.1461, TopK: 0.5705) | Val Loss: 0.797630 (Base: 0.2998, DTW: 0.1428, TopK: 0.5171) | EMA No-Trend Loss: 0.826550 | LR: 1.96e-04
Epoch [10/100] | Train Loss: 0.9196 (Base: 0.3170, Trend: 0.1709, DTW: 0.1443, TopK: 0.5694) | Val Loss: 0.787982 (Base: 0.2967, DTW: 0.1398, TopK: 0.5188) | EMA No-Trend Loss: 0.816908 | LR: 1.95e-04
Epoch [11/100] | Train Loss: 0.9109 (Base: 0.3142, Trend: 0.1709, DTW: 0.1421, TopK: 0.5668) | Val Loss: 0.796389 (Base: 0.3031, DTW: 0.1396, TopK: 0.5278) | EMA No-Trend Loss: 0.811778 | LR: 1.94e-04
Epoch [12/100] | Train Loss: 0.9046 (Base: 0.3121, Trend: 0.1701, DTW: 0.1409, TopK: 0.5644) | Val Loss: 0.808552 (Base: 0.3091, DTW: 0.1453, TopK: 0.5023) | EMA No-Trend Loss: 0.810972 | LR: 1.93e-04
Epoch [13/100] | Train Loss: 0.8964 (Base: 0.3109, Trend: 0.1700, DTW: 0.1387, TopK: 0.5587) | Val Loss: 0.791310 (Base: 0.2979, DTW: 0.1400, TopK: 0.5247) | EMA No-Trend Loss: 0.806056 | LR: 1.92e-04
Epoch [14/100] | Train Loss: 0.8963 (Base: 0.3110, Trend: 0.1703, DTW: 0.1383, TopK: 0.5605) | Val Loss: 0.809793 (Base: 0.3077, DTW: 0.1464, TopK: 0.5025) | EMA No-Trend Loss: 0.806990 | LR: 1.91e-04
Epoch [15/100] | Train Loss: 0.8942 (Base: 0.3103, Trend: 0.1705, DTW: 0.1378, TopK: 0.5601) | Val Loss: 0.800214 (Base: 0.3047, DTW: 0.1437, TopK: 0.5024) | EMA No-Trend Loss: 0.805296 | LR: 1.89e-04
Epoch [16/100] | Train Loss: 0.8888 (Base: 0.3086, Trend: 0.1702, DTW: 0.1366, TopK: 0.5575) | Val Loss: 0.789615 (Base: 0.3005, DTW: 0.1408, TopK: 0.5037) | EMA No-Trend Loss: 0.801376 | LR: 1.88e-04
Epoch [17/100] | Train Loss: 0.8833 (Base: 0.3069, Trend: 0.1702, DTW: 0.1350, TopK: 0.5571) | Val Loss: 0.789595 (Base: 0.3008, DTW: 0.1386, TopK: 0.5202) | EMA No-Trend Loss: 0.798431 | LR: 1.86e-04
Epoch [18/100] | Train Loss: 0.8829 (Base: 0.3069, Trend: 0.1698, DTW: 0.1349, TopK: 0.5576) | Val Loss: 0.797922 (Base: 0.2992, DTW: 0.1442, TopK: 0.5086) | EMA No-Trend Loss: 0.798304 | LR: 1.85e-04
Epoch [19/100] | Train Loss: 0.8766 (Base: 0.3054, Trend: 0.1692, DTW: 0.1333, TopK: 0.5554) | Val Loss: 0.803858 (Base: 0.3088, DTW: 0.1458, TopK: 0.4839) | EMA No-Trend Loss: 0.799692 | LR: 1.83e-04
Epoch [20/100] | Train Loss: 0.8717 (Base: 0.3041, Trend: 0.1690, DTW: 0.1323, TopK: 0.5522) | Val Loss: 0.777100 (Base: 0.2878, DTW: 0.1389, TopK: 0.5201) | EMA No-Trend Loss: 0.794044 | LR: 1.81e-04
Epoch [21/100] | Train Loss: 0.8675 (Base: 0.3034, Trend: 0.1690, DTW: 0.1312, TopK: 0.5494) | Val Loss: 0.775864 (Base: 0.2928, DTW: 0.1393, TopK: 0.4960) | EMA No-Trend Loss: 0.789499 | LR: 1.79e-04
Epoch [22/100] | Train Loss: 0.8700 (Base: 0.3038, Trend: 0.1690, DTW: 0.1321, TopK: 0.5485) | Val Loss: 0.782826 (Base: 0.2976, DTW: 0.1398, TopK: 0.4995) | EMA No-Trend Loss: 0.787831 | LR: 1.77e-04
Epoch [23/100] | Train Loss: 0.8627 (Base: 0.3019, Trend: 0.1684, DTW: 0.1302, TopK: 0.5473) | Val Loss: 0.783242 (Base: 0.2966, DTW: 0.1391, TopK: 0.5098) | EMA No-Trend Loss: 0.786684 | LR: 1.75e-04
Epoch [24/100] | Train Loss: 0.8610 (Base: 0.3015, Trend: 0.1689, DTW: 0.1297, TopK: 0.5456) | Val Loss: 0.784734 (Base: 0.2974, DTW: 0.1399, TopK: 0.5053) | EMA No-Trend Loss: 0.786196 | LR: 1.73e-04
Epoch [25/100] | Train Loss: 0.8598 (Base: 0.3015, Trend: 0.1685, DTW: 0.1297, TopK: 0.5429) | Val Loss: 0.780129 (Base: 0.2894, DTW: 0.1373, TopK: 0.5373) | EMA No-Trend Loss: 0.784679 | LR: 1.71e-04
Epoch [26/100] | Train Loss: 0.8526 (Base: 0.2990, Trend: 0.1686, DTW: 0.1276, TopK: 0.5434) | Val Loss: 0.767633 (Base: 0.2869, DTW: 0.1366, TopK: 0.5099) | EMA No-Trend Loss: 0.780418 | LR: 1.69e-04
Epoch [27/100] | Train Loss: 0.8490 (Base: 0.2980, Trend: 0.1681, DTW: 0.1270, TopK: 0.5403) | Val Loss: 0.766595 (Base: 0.2871, DTW: 0.1342, TopK: 0.5252) | EMA No-Trend Loss: 0.776962 | LR: 1.66e-04
Epoch [28/100] | Train Loss: 0.8445 (Base: 0.2972, Trend: 0.1675, DTW: 0.1257, TopK: 0.5392) | Val Loss: 0.793303 (Base: 0.3011, DTW: 0.1447, TopK: 0.4829) | EMA No-Trend Loss: 0.781047 | LR: 1.64e-04
Epoch [29/100] | Train Loss: 0.8463 (Base: 0.2978, Trend: 0.1681, DTW: 0.1261, TopK: 0.5389) | Val Loss: 0.764256 (Base: 0.2871, DTW: 0.1338, TopK: 0.5200) | EMA No-Trend Loss: 0.776850 | LR: 1.61e-04
Epoch [30/100] | Train Loss: 0.8409 (Base: 0.2961, Trend: 0.1677, DTW: 0.1248, TopK: 0.5383) | Val Loss: 0.775026 (Base: 0.2952, DTW: 0.1377, TopK: 0.4976) | EMA No-Trend Loss: 0.776394 | LR: 1.59e-04
Epoch [31/100] | Train Loss: 0.8354 (Base: 0.2947, Trend: 0.1672, DTW: 0.1238, TopK: 0.5334) | Val Loss: 0.777218 (Base: 0.2948, DTW: 0.1389, TopK: 0.4969) | EMA No-Trend Loss: 0.776600 | LR: 1.56e-04
Epoch [32/100] | Train Loss: 0.8341 (Base: 0.2945, Trend: 0.1677, DTW: 0.1234, TopK: 0.5318) | Val Loss: 0.775100 (Base: 0.2906, DTW: 0.1390, TopK: 0.5030) | EMA No-Trend Loss: 0.776225 | LR: 1.54e-04
Epoch [33/100] | Train Loss: 0.8308 (Base: 0.2936, Trend: 0.1674, DTW: 0.1227, TopK: 0.5305) | Val Loss: 0.779958 (Base: 0.2961, DTW: 0.1405, TopK: 0.4893) | EMA No-Trend Loss: 0.777158 | LR: 1.51e-04
Epoch [34/100] | Train Loss: 0.8268 (Base: 0.2927, Trend: 0.1666, DTW: 0.1219, TopK: 0.5273) | Val Loss: 0.780469 (Base: 0.2916, DTW: 0.1412, TopK: 0.5001) | EMA No-Trend Loss: 0.777986 | LR: 1.48e-04
Epoch [35/100] | Train Loss: 0.8205 (Base: 0.2904, Trend: 0.1665, DTW: 0.1206, TopK: 0.5249) | Val Loss: 0.787449 (Base: 0.2996, DTW: 0.1434, TopK: 0.4787) | EMA No-Trend Loss: 0.780352 | LR: 1.46e-04
Epoch [36/100] | Train Loss: 0.8178 (Base: 0.2901, Trend: 0.1664, DTW: 0.1198, TopK: 0.5237) | Val Loss: 0.781607 (Base: 0.2956, DTW: 0.1406, TopK: 0.4953) | EMA No-Trend Loss: 0.780665 | LR: 1.43e-04
Epoch [37/100] | Train Loss: 0.8180 (Base: 0.2898, Trend: 0.1664, DTW: 0.1197, TopK: 0.5255) | Val Loss: 0.774153 (Base: 0.2899, DTW: 0.1396, TopK: 0.4976) | EMA No-Trend Loss: 0.779037 | LR: 1.40e-04
Epoch [38/100] | Train Loss: 0.8098 (Base: 0.2879, Trend: 0.1662, DTW: 0.1179, TopK: 0.5197) | Val Loss: 0.785986 (Base: 0.2961, DTW: 0.1430, TopK: 0.4885) | EMA No-Trend Loss: 0.780774 | LR: 1.37e-04
Epoch [39/100] | Train Loss: 0.8103 (Base: 0.2883, Trend: 0.1661, DTW: 0.1181, TopK: 0.5183) | Val Loss: 0.784431 (Base: 0.2987, DTW: 0.1406, TopK: 0.4942) | EMA No-Trend Loss: 0.781688 | LR: 1.34e-04
Epoch [40/100] | Train Loss: 0.8087 (Base: 0.2877, Trend: 0.1658, DTW: 0.1179, TopK: 0.5168) | Val Loss: 0.769502 (Base: 0.2881, DTW: 0.1382, TopK: 0.4993) | EMA No-Trend Loss: 0.778642 | LR: 1.31e-04
Epoch [41/100] | Train Loss: 0.8063 (Base: 0.2871, Trend: 0.1660, DTW: 0.1172, TopK: 0.5162) | Val Loss: 0.777349 (Base: 0.2935, DTW: 0.1388, TopK: 0.5027) | EMA No-Trend Loss: 0.778319 | LR: 1.28e-04
Epoch [42/100] | Train Loss: 0.8002 (Base: 0.2849, Trend: 0.1654, DTW: 0.1160, TopK: 0.5140) | Val Loss: 0.775958 (Base: 0.2951, DTW: 0.1380, TopK: 0.4988) | EMA No-Trend Loss: 0.777728 | LR: 1.25e-04
Epoch [43/100] | Train Loss: 0.7956 (Base: 0.2843, Trend: 0.1657, DTW: 0.1147, TopK: 0.5109) | Val Loss: 0.770056 (Base: 0.2876, DTW: 0.1384, TopK: 0.5013) | EMA No-Trend Loss: 0.775810 | LR: 1.22e-04
Epoch [44/100] | Train Loss: 0.7976 (Base: 0.2847, Trend: 0.1657, DTW: 0.1152, TopK: 0.5117) | Val Loss: 0.781293 (Base: 0.2944, DTW: 0.1418, TopK: 0.4882) | EMA No-Trend Loss: 0.777181 | LR: 1.19e-04
Epoch [45/100] | Train Loss: 0.7893 (Base: 0.2823, Trend: 0.1651, DTW: 0.1134, TopK: 0.5079) | Val Loss: 0.775299 (Base: 0.2897, DTW: 0.1399, TopK: 0.4997) | EMA No-Trend Loss: 0.776710 | LR: 1.16e-04
Epoch [46/100] | Train Loss: 0.7842 (Base: 0.2815, Trend: 0.1644, DTW: 0.1122, TopK: 0.5041) | Val Loss: 0.779141 (Base: 0.2943, DTW: 0.1412, TopK: 0.4867) | EMA No-Trend Loss: 0.777318 | LR: 1.13e-04
Epoch [47/100] | Train Loss: 0.7830 (Base: 0.2802, Trend: 0.1645, DTW: 0.1121, TopK: 0.5052) | Val Loss: 0.764683 (Base: 0.2881, DTW: 0.1378, TopK: 0.4859) | EMA No-Trend Loss: 0.774159 | LR: 1.10e-04
Epoch [48/100] | Train Loss: 0.7820 (Base: 0.2806, Trend: 0.1651, DTW: 0.1113, TopK: 0.5054) | Val Loss: 0.774786 (Base: 0.2896, DTW: 0.1399, TopK: 0.4980) | EMA No-Trend Loss: 0.774316 | LR: 1.07e-04
Epoch [49/100] | Train Loss: 0.7755 (Base: 0.2789, Trend: 0.1643, DTW: 0.1103, TopK: 0.4989) | Val Loss: 0.782186 (Base: 0.2913, DTW: 0.1413, TopK: 0.5061) | EMA No-Trend Loss: 0.776284 | LR: 1.04e-04
Epoch [50/100] | Train Loss: 0.7762 (Base: 0.2798, Trend: 0.1650, DTW: 0.1100, TopK: 0.4997) | Val Loss: 0.776253 (Base: 0.2938, DTW: 0.1401, TopK: 0.4874) | EMA No-Trend Loss: 0.776276 | LR: 1.00e-04
Epoch [51/100] | Train Loss: 0.7716 (Base: 0.2779, Trend: 0.1639, DTW: 0.1094, TopK: 0.4973) | Val Loss: 0.770285 (Base: 0.2904, DTW: 0.1384, TopK: 0.4920) | EMA No-Trend Loss: 0.774778 | LR: 9.74e-05
Epoch [52/100] | Train Loss: 0.7638 (Base: 0.2755, Trend: 0.1626, DTW: 0.1080, TopK: 0.4926) | Val Loss: 0.764749 (Base: 0.2874, DTW: 0.1368, TopK: 0.4968) | EMA No-Trend Loss: 0.772271 | LR: 9.43e-05
Epoch [53/100] | Train Loss: 0.7641 (Base: 0.2755, Trend: 0.1637, DTW: 0.1080, TopK: 0.4921) | Val Loss: 0.779391 (Base: 0.2935, DTW: 0.1424, TopK: 0.4805) | EMA No-Trend Loss: 0.774051 | LR: 9.11e-05
Epoch [54/100] | Train Loss: 0.7620 (Base: 0.2750, Trend: 0.1635, DTW: 0.1075, TopK: 0.4909) | Val Loss: 0.765356 (Base: 0.2860, DTW: 0.1371, TopK: 0.5014) | EMA No-Trend Loss: 0.771877 | LR: 8.80e-05
Epoch [55/100] | Train Loss: 0.7593 (Base: 0.2740, Trend: 0.1632, DTW: 0.1068, TopK: 0.4915) | Val Loss: 0.774056 (Base: 0.2908, DTW: 0.1402, TopK: 0.4894) | EMA No-Trend Loss: 0.772422 | LR: 8.49e-05
Epoch [56/100] | Train Loss: 0.7576 (Base: 0.2737, Trend: 0.1635, DTW: 0.1063, TopK: 0.4901) | Val Loss: 0.776804 (Base: 0.2916, DTW: 0.1423, TopK: 0.4790) | EMA No-Trend Loss: 0.773518 | LR: 8.19e-05
Epoch [57/100] | Train Loss: 0.7517 (Base: 0.2721, Trend: 0.1628, DTW: 0.1051, TopK: 0.4869) | Val Loss: 0.782640 (Base: 0.2956, DTW: 0.1422, TopK: 0.4857) | EMA No-Trend Loss: 0.775798 | LR: 7.88e-05
Epoch [58/100] | Train Loss: 0.7487 (Base: 0.2713, Trend: 0.1629, DTW: 0.1044, TopK: 0.4844) | Val Loss: 0.780048 (Base: 0.2914, DTW: 0.1418, TopK: 0.4947) | EMA No-Trend Loss: 0.776861 | LR: 7.58e-05
Epoch [59/100] | Train Loss: 0.7473 (Base: 0.2710, Trend: 0.1625, DTW: 0.1042, TopK: 0.4833) | Val Loss: 0.789070 (Base: 0.2975, DTW: 0.1442, TopK: 0.4852) | EMA No-Trend Loss: 0.779913 | LR: 7.27e-05
Epoch [60/100] | Train Loss: 0.7441 (Base: 0.2697, Trend: 0.1618, DTW: 0.1037, TopK: 0.4819) | Val Loss: 0.774463 (Base: 0.2931, DTW: 0.1398, TopK: 0.4864) | EMA No-Trend Loss: 0.778551 | LR: 6.98e-05
Epoch [61/100] | Train Loss: 0.7438 (Base: 0.2697, Trend: 0.1626, DTW: 0.1034, TopK: 0.4818) | Val Loss: 0.774589 (Base: 0.2899, DTW: 0.1400, TopK: 0.4960) | EMA No-Trend Loss: 0.777560 | LR: 6.68e-05
Epoch [62/100] | Train Loss: 0.7413 (Base: 0.2692, Trend: 0.1623, DTW: 0.1027, TopK: 0.4812) | Val Loss: 0.781189 (Base: 0.2939, DTW: 0.1420, TopK: 0.4882) | EMA No-Trend Loss: 0.778467 | LR: 6.39e-05
Epoch [63/100] | Train Loss: 0.7365 (Base: 0.2677, Trend: 0.1621, DTW: 0.1018, TopK: 0.4782) | Val Loss: 0.777801 (Base: 0.2907, DTW: 0.1417, TopK: 0.4897) | EMA No-Trend Loss: 0.778301 | LR: 6.10e-05
Epoch [64/100] | Train Loss: 0.7361 (Base: 0.2678, Trend: 0.1619, DTW: 0.1017, TopK: 0.4779) | Val Loss: 0.777369 (Base: 0.2927, DTW: 0.1407, TopK: 0.4900) | EMA No-Trend Loss: 0.778068 | LR: 5.81e-05
Epoch [65/100] | Train Loss: 0.7300 (Base: 0.2661, Trend: 0.1615, DTW: 0.1004, TopK: 0.4743) | Val Loss: 0.767266 (Base: 0.2870, DTW: 0.1384, TopK: 0.4935) | EMA No-Trend Loss: 0.775367 | LR: 5.53e-05
Epoch [66/100] | Train Loss: 0.7282 (Base: 0.2655, Trend: 0.1617, DTW: 0.0998, TopK: 0.4743) | Val Loss: 0.790497 (Base: 0.2949, DTW: 0.1450, TopK: 0.4922) | EMA No-Trend Loss: 0.779150 | LR: 5.26e-05
Epoch [67/100] | Train Loss: 0.7269 (Base: 0.2650, Trend: 0.1610, DTW: 0.1000, TopK: 0.4714) | Val Loss: 0.777259 (Base: 0.2922, DTW: 0.1407, TopK: 0.4914) | EMA No-Trend Loss: 0.778677 | LR: 4.99e-05
Epoch [68/100] | Train Loss: 0.7241 (Base: 0.2643, Trend: 0.1614, DTW: 0.0990, TopK: 0.4715) | Val Loss: 0.784046 (Base: 0.2918, DTW: 0.1424, TopK: 0.5018) | EMA No-Trend Loss: 0.780019 | LR: 4.72e-05
Epoch [69/100] | Train Loss: 0.7256 (Base: 0.2652, Trend: 0.1618, DTW: 0.0994, TopK: 0.4697) | Val Loss: 0.779502 (Base: 0.2932, DTW: 0.1417, TopK: 0.4876) | EMA No-Trend Loss: 0.779890 | LR: 4.46e-05
Epoch [70/100] | Train Loss: 0.7195 (Base: 0.2631, Trend: 0.1611, DTW: 0.0982, TopK: 0.4675) | Val Loss: 0.776507 (Base: 0.2927, DTW: 0.1406, TopK: 0.4880) | EMA No-Trend Loss: 0.779044 | LR: 4.20e-05
Epoch [71/100] | Train Loss: 0.7165 (Base: 0.2626, Trend: 0.1612, DTW: 0.0972, TopK: 0.4668) | Val Loss: 0.772275 (Base: 0.2915, DTW: 0.1401, TopK: 0.4818) | EMA No-Trend Loss: 0.777352 | LR: 3.95e-05
Epoch [72/100] | Train Loss: 0.7152 (Base: 0.2615, Trend: 0.1606, DTW: 0.0974, TopK: 0.4657) | Val Loss: 0.788026 (Base: 0.2944, DTW: 0.1440, TopK: 0.4937) | EMA No-Trend Loss: 0.780020 | LR: 3.71e-05
Epoch [73/100] | Train Loss: 0.7163 (Base: 0.2623, Trend: 0.1609, DTW: 0.0975, TopK: 0.4652) | Val Loss: 0.783071 (Base: 0.2930, DTW: 0.1433, TopK: 0.4872) | EMA No-Trend Loss: 0.780783 | LR: 3.47e-05
Epoch [74/100] | Train Loss: 0.7095 (Base: 0.2599, Trend: 0.1606, DTW: 0.0959, TopK: 0.4637) | Val Loss: 0.781177 (Base: 0.2939, DTW: 0.1423, TopK: 0.4859) | EMA No-Trend Loss: 0.780882 | LR: 3.24e-05
Epoch [75/100] | Train Loss: 0.7079 (Base: 0.2597, Trend: 0.1600, DTW: 0.0956, TopK: 0.4628) | Val Loss: 0.782861 (Base: 0.2932, DTW: 0.1427, TopK: 0.4908) | EMA No-Trend Loss: 0.781377 | LR: 3.01e-05
Epoch [76/100] | Train Loss: 0.7105 (Base: 0.2605, Trend: 0.1611, DTW: 0.0960, TopK: 0.4635) | Val Loss: 0.781001 (Base: 0.2937, DTW: 0.1421, TopK: 0.4876) | EMA No-Trend Loss: 0.781283 | LR: 2.80e-05
Epoch [77/100] | Train Loss: 0.7049 (Base: 0.2590, Trend: 0.1603, DTW: 0.0949, TopK: 0.4602) | Val Loss: 0.782264 (Base: 0.2933, DTW: 0.1429, TopK: 0.4865) | EMA No-Trend Loss: 0.781528 | LR: 2.59e-05
Epoch [78/100] | Train Loss: 0.7069 (Base: 0.2593, Trend: 0.1603, DTW: 0.0955, TopK: 0.4612) | Val Loss: 0.792621 (Base: 0.2973, DTW: 0.1459, TopK: 0.4841) | EMA No-Trend Loss: 0.784301 | LR: 2.38e-05
Epoch [79/100] | Train Loss: 0.7023 (Base: 0.2580, Trend: 0.1598, DTW: 0.0945, TopK: 0.4588) | Val Loss: 0.789504 (Base: 0.2950, DTW: 0.1448, TopK: 0.4898) | EMA No-Trend Loss: 0.785602 | LR: 2.19e-05
Epoch [80/100] | Train Loss: 0.7053 (Base: 0.2587, Trend: 0.1607, DTW: 0.0949, TopK: 0.4612) | Val Loss: 0.787944 (Base: 0.2958, DTW: 0.1443, TopK: 0.4858) | EMA No-Trend Loss: 0.786188 | LR: 2.00e-05
Epoch [81/100] | Train Loss: 0.7033 (Base: 0.2589, Trend: 0.1610, DTW: 0.0942, TopK: 0.4594) | Val Loss: 0.783895 (Base: 0.2937, DTW: 0.1437, TopK: 0.4842) | EMA No-Trend Loss: 0.785615 | LR: 1.82e-05
Epoch [82/100] | Train Loss: 0.7011 (Base: 0.2576, Trend: 0.1603, DTW: 0.0940, TopK: 0.4592) | Val Loss: 0.781336 (Base: 0.2934, DTW: 0.1423, TopK: 0.4875) | EMA No-Trend Loss: 0.784545 | LR: 1.65e-05
Epoch [83/100] | Train Loss: 0.6968 (Base: 0.2565, Trend: 0.1597, DTW: 0.0935, TopK: 0.4535) | Val Loss: 0.780936 (Base: 0.2930, DTW: 0.1433, TopK: 0.4802) | EMA No-Trend Loss: 0.783643 | LR: 1.49e-05
Epoch [84/100] | Train Loss: 0.6971 (Base: 0.2565, Trend: 0.1597, DTW: 0.0933, TopK: 0.4567) | Val Loss: 0.777855 (Base: 0.2914, DTW: 0.1416, TopK: 0.4885) | EMA No-Trend Loss: 0.782196 | LR: 1.33e-05
Epoch [85/100] | Train Loss: 0.7005 (Base: 0.2580, Trend: 0.1611, DTW: 0.0936, TopK: 0.4577) | Val Loss: 0.781127 (Base: 0.2915, DTW: 0.1431, TopK: 0.4878) | EMA No-Trend Loss: 0.781929 | LR: 1.18e-05
Epoch [86/100] | Train Loss: 0.6920 (Base: 0.2555, Trend: 0.1590, DTW: 0.0922, TopK: 0.4521) | Val Loss: 0.785802 (Base: 0.2939, DTW: 0.1444, TopK: 0.4847) | EMA No-Trend Loss: 0.782897 | LR: 1.05e-05
Epoch [87/100] | Train Loss: 0.6964 (Base: 0.2564, Trend: 0.1602, DTW: 0.0931, TopK: 0.4551) | Val Loss: 0.785813 (Base: 0.2938, DTW: 0.1435, TopK: 0.4920) | EMA No-Trend Loss: 0.783626 | LR: 9.18e-06
Epoch [88/100] | Train Loss: 0.6977 (Base: 0.2566, Trend: 0.1606, DTW: 0.0933, TopK: 0.4566) | Val Loss: 0.786719 (Base: 0.2945, DTW: 0.1445, TopK: 0.4843) | EMA No-Trend Loss: 0.784399 | LR: 7.99e-06
Epoch [89/100] | Train Loss: 0.6946 (Base: 0.2553, Trend: 0.1598, DTW: 0.0930, TopK: 0.4538) | Val Loss: 0.784963 (Base: 0.2931, DTW: 0.1434, TopK: 0.4923) | EMA No-Trend Loss: 0.784540 | LR: 6.88e-06
Epoch [90/100] | Train Loss: 0.6964 (Base: 0.2570, Trend: 0.1608, DTW: 0.0927, TopK: 0.4552) | Val Loss: 0.783994 (Base: 0.2934, DTW: 0.1432, TopK: 0.4895) | EMA No-Trend Loss: 0.784404 | LR: 5.87e-06
Epoch [91/100] | Train Loss: 0.6944 (Base: 0.2561, Trend: 0.1605, DTW: 0.0923, TopK: 0.4546) | Val Loss: 0.787117 (Base: 0.2949, DTW: 0.1438, TopK: 0.4907) | EMA No-Trend Loss: 0.785082 | LR: 4.95e-06
Epoch [92/100] | Train Loss: 0.6901 (Base: 0.2547, Trend: 0.1598, DTW: 0.0916, TopK: 0.4518) | Val Loss: 0.789251 (Base: 0.2955, DTW: 0.1439, TopK: 0.4947) | EMA No-Trend Loss: 0.786124 | LR: 4.13e-06
Epoch [93/100] | Train Loss: 0.6889 (Base: 0.2543, Trend: 0.1596, DTW: 0.0915, TopK: 0.4506) | Val Loss: 0.787563 (Base: 0.2947, DTW: 0.1440, TopK: 0.4907) | EMA No-Trend Loss: 0.786484 | LR: 3.40e-06
Epoch [94/100] | Train Loss: 0.6916 (Base: 0.2550, Trend: 0.1601, DTW: 0.0921, TopK: 0.4520) | Val Loss: 0.784168 (Base: 0.2922, DTW: 0.1437, TopK: 0.4904) | EMA No-Trend Loss: 0.785905 | LR: 2.76e-06
Epoch [95/100] | Train Loss: 0.6897 (Base: 0.2545, Trend: 0.1596, DTW: 0.0918, TopK: 0.4504) | Val Loss: 0.788775 (Base: 0.2960, DTW: 0.1442, TopK: 0.4887) | EMA No-Trend Loss: 0.786622 | LR: 2.23e-06
Epoch [96/100] | Train Loss: 0.6870 (Base: 0.2538, Trend: 0.1593, DTW: 0.0911, TopK: 0.4498) | Val Loss: 0.785953 (Base: 0.2926, DTW: 0.1445, TopK: 0.4881) | EMA No-Trend Loss: 0.786455 | LR: 1.78e-06
Epoch [97/100] | Train Loss: 0.6929 (Base: 0.2552, Trend: 0.1602, DTW: 0.0921, TopK: 0.4550) | Val Loss: 0.783076 (Base: 0.2945, DTW: 0.1432, TopK: 0.4829) | EMA No-Trend Loss: 0.785610 | LR: 1.44e-06
Epoch [98/100] | Train Loss: 0.6953 (Base: 0.2558, Trend: 0.1610, DTW: 0.0927, TopK: 0.4546) | Val Loss: 0.788859 (Base: 0.2961, DTW: 0.1446, TopK: 0.4854) | EMA No-Trend Loss: 0.786422 | LR: 1.20e-06
Epoch [99/100] | Train Loss: 0.6923 (Base: 0.2558, Trend: 0.1605, DTW: 0.0919, TopK: 0.4527) | Val Loss: 0.783888 (Base: 0.2943, DTW: 0.1430, TopK: 0.4882) | EMA No-Trend Loss: 0.785789 | LR: 1.05e-06
Epoch [100/100] | Train Loss: 0.6884 (Base: 0.2542, Trend: 0.1599, DTW: 0.0912, TopK: 0.4515) | Val Loss: 0.785453 (Base: 0.2932, DTW: 0.1435, TopK: 0.4931) | EMA No-Trend Loss: 0.785705 | LR: 1.00e-06
