Starting Transformer experiment with seed 1 in /root/autodl-tmp/parallel_runs/worker_1_seed_1
Device: cuda
Data shape: (1029, 35040, 10)
Max PM2.5 value: 32768.0
Abnormal points (>1000): 636
Loaded cache: /root/autodl-tmp/parallel_runs/worker_1_seed_1/dataset_cache_train_2y_T144_P48_seed_1.pt (Eligible stations: 1029/1029)
Loaded cache: /root/autodl-tmp/parallel_runs/worker_1_seed_1/dataset_cache_val_1y_T144_P48_seed_1.pt (Eligible stations: 1029/1029)
Total trainable parameters: 2,259,201
Epoch [1/100] | Train Loss: 1.0958 (Base: 0.3464, Trend: 0.1765, DTW: 0.1986, TopK: 0.6153) | Val Loss: 0.902793 (Base: 0.3185, DTW: 0.1671, TopK: 0.6108) | EMA No-Trend Loss: 0.902793 | LR: 2.00e-04
Epoch [2/100] | Train Loss: 1.0237 (Base: 0.3392, Trend: 0.1733, DTW: 0.1735, TopK: 0.6052) | Val Loss: 0.877218 (Base: 0.3283, DTW: 0.1617, TopK: 0.5364) | EMA No-Trend Loss: 0.896399 | LR: 2.00e-04
Epoch [3/100] | Train Loss: 0.9976 (Base: 0.3346, Trend: 0.1725, DTW: 0.1655, TopK: 0.5987) | Val Loss: 0.894392 (Base: 0.3403, DTW: 0.1703, TopK: 0.4848) | EMA No-Trend Loss: 0.895898 | LR: 2.00e-04
Epoch [4/100] | Train Loss: 0.9841 (Base: 0.3323, Trend: 0.1721, DTW: 0.1613, TopK: 0.5952) | Val Loss: 0.838843 (Base: 0.3126, DTW: 0.1528, TopK: 0.5319) | EMA No-Trend Loss: 0.881634 | LR: 1.99e-04
Epoch [5/100] | Train Loss: 0.9710 (Base: 0.3291, Trend: 0.1705, DTW: 0.1585, TopK: 0.5871) | Val Loss: 0.831099 (Base: 0.3150, DTW: 0.1499, TopK: 0.5210) | EMA No-Trend Loss: 0.869000 | LR: 1.99e-04
Epoch [6/100] | Train Loss: 0.9604 (Base: 0.3264, Trend: 0.1693, DTW: 0.1556, TopK: 0.5860) | Val Loss: 0.839953 (Base: 0.3198, DTW: 0.1491, TopK: 0.5412) | EMA No-Trend Loss: 0.861739 | LR: 1.98e-04
Epoch [7/100] | Train Loss: 0.9495 (Base: 0.3247, Trend: 0.1685, DTW: 0.1528, TopK: 0.5798) | Val Loss: 0.820422 (Base: 0.3025, DTW: 0.1481, TopK: 0.5420) | EMA No-Trend Loss: 0.851410 | LR: 1.98e-04
Epoch [8/100] | Train Loss: 0.9409 (Base: 0.3225, Trend: 0.1681, DTW: 0.1502, TopK: 0.5796) | Val Loss: 0.808366 (Base: 0.3042, DTW: 0.1449, TopK: 0.5217) | EMA No-Trend Loss: 0.840649 | LR: 1.97e-04
Epoch [9/100] | Train Loss: 0.9368 (Base: 0.3219, Trend: 0.1674, DTW: 0.1489, TopK: 0.5791) | Val Loss: 0.814701 (Base: 0.3096, DTW: 0.1446, TopK: 0.5271) | EMA No-Trend Loss: 0.834162 | LR: 1.96e-04
Epoch [10/100] | Train Loss: 0.9325 (Base: 0.3207, Trend: 0.1673, DTW: 0.1479, TopK: 0.5777) | Val Loss: 0.818691 (Base: 0.3115, DTW: 0.1469, TopK: 0.5153) | EMA No-Trend Loss: 0.830294 | LR: 1.95e-04
Epoch [11/100] | Train Loss: 0.9196 (Base: 0.3178, Trend: 0.1659, DTW: 0.1450, TopK: 0.5697) | Val Loss: 0.818853 (Base: 0.3129, DTW: 0.1449, TopK: 0.5277) | EMA No-Trend Loss: 0.827434 | LR: 1.94e-04
Epoch [12/100] | Train Loss: 0.9195 (Base: 0.3175, Trend: 0.1667, DTW: 0.1444, TopK: 0.5732) | Val Loss: 0.812917 (Base: 0.3104, DTW: 0.1452, TopK: 0.5136) | EMA No-Trend Loss: 0.823804 | LR: 1.93e-04
Epoch [13/100] | Train Loss: 0.9138 (Base: 0.3163, Trend: 0.1665, DTW: 0.1431, TopK: 0.5691) | Val Loss: 0.808625 (Base: 0.3087, DTW: 0.1458, TopK: 0.5001) | EMA No-Trend Loss: 0.820010 | LR: 1.92e-04
Epoch [14/100] | Train Loss: 0.9075 (Base: 0.3147, Trend: 0.1660, DTW: 0.1418, TopK: 0.5651) | Val Loss: 0.809332 (Base: 0.3066, DTW: 0.1466, TopK: 0.5029) | EMA No-Trend Loss: 0.817340 | LR: 1.91e-04
Epoch [15/100] | Train Loss: 0.9015 (Base: 0.3133, Trend: 0.1655, DTW: 0.1402, TopK: 0.5636) | Val Loss: 0.803591 (Base: 0.3103, DTW: 0.1421, TopK: 0.5073) | EMA No-Trend Loss: 0.813903 | LR: 1.89e-04
Epoch [16/100] | Train Loss: 0.8971 (Base: 0.3124, Trend: 0.1650, DTW: 0.1391, TopK: 0.5615) | Val Loss: 0.812784 (Base: 0.3147, DTW: 0.1462, TopK: 0.4905) | EMA No-Trend Loss: 0.813623 | LR: 1.88e-04
Epoch [17/100] | Train Loss: 0.8934 (Base: 0.3117, Trend: 0.1653, DTW: 0.1378, TopK: 0.5608) | Val Loss: 0.800475 (Base: 0.3077, DTW: 0.1409, TopK: 0.5149) | EMA No-Trend Loss: 0.810336 | LR: 1.86e-04
Epoch [18/100] | Train Loss: 0.8895 (Base: 0.3113, Trend: 0.1651, DTW: 0.1368, TopK: 0.5574) | Val Loss: 0.793389 (Base: 0.2962, DTW: 0.1407, TopK: 0.5313) | EMA No-Trend Loss: 0.806099 | LR: 1.85e-04
Epoch [19/100] | Train Loss: 0.8903 (Base: 0.3108, Trend: 0.1650, DTW: 0.1373, TopK: 0.5583) | Val Loss: 0.806877 (Base: 0.3051, DTW: 0.1444, TopK: 0.5172) | EMA No-Trend Loss: 0.806294 | LR: 1.83e-04
Epoch [20/100] | Train Loss: 0.8813 (Base: 0.3082, Trend: 0.1640, DTW: 0.1350, TopK: 0.5569) | Val Loss: 0.790192 (Base: 0.2996, DTW: 0.1400, TopK: 0.5156) | EMA No-Trend Loss: 0.802268 | LR: 1.81e-04
Epoch [21/100] | Train Loss: 0.8836 (Base: 0.3090, Trend: 0.1643, DTW: 0.1357, TopK: 0.5557) | Val Loss: 0.788584 (Base: 0.2948, DTW: 0.1374, TopK: 0.5470) | EMA No-Trend Loss: 0.798847 | LR: 1.79e-04
Epoch [22/100] | Train Loss: 0.8729 (Base: 0.3067, Trend: 0.1630, DTW: 0.1334, TopK: 0.5486) | Val Loss: 0.809935 (Base: 0.3046, DTW: 0.1454, TopK: 0.5210) | EMA No-Trend Loss: 0.801619 | LR: 1.77e-04
Epoch [23/100] | Train Loss: 0.8710 (Base: 0.3056, Trend: 0.1628, DTW: 0.1333, TopK: 0.5472) | Val Loss: 0.802398 (Base: 0.3054, DTW: 0.1423, TopK: 0.5184) | EMA No-Trend Loss: 0.801814 | LR: 1.75e-04
Epoch [24/100] | Train Loss: 0.8624 (Base: 0.3029, Trend: 0.1614, DTW: 0.1314, TopK: 0.5447) | Val Loss: 0.800475 (Base: 0.3003, DTW: 0.1428, TopK: 0.5249) | EMA No-Trend Loss: 0.801479 | LR: 1.73e-04
Epoch [25/100] | Train Loss: 0.8649 (Base: 0.3041, Trend: 0.1631, DTW: 0.1313, TopK: 0.5470) | Val Loss: 0.789549 (Base: 0.2969, DTW: 0.1402, TopK: 0.5210) | EMA No-Trend Loss: 0.798497 | LR: 1.71e-04
Epoch [26/100] | Train Loss: 0.8583 (Base: 0.3015, Trend: 0.1618, DTW: 0.1302, TopK: 0.5453) | Val Loss: 0.803144 (Base: 0.3065, DTW: 0.1433, TopK: 0.5090) | EMA No-Trend Loss: 0.799658 | LR: 1.69e-04
Epoch [27/100] | Train Loss: 0.8588 (Base: 0.3024, Trend: 0.1627, DTW: 0.1298, TopK: 0.5449) | Val Loss: 0.791699 (Base: 0.2974, DTW: 0.1396, TopK: 0.5311) | EMA No-Trend Loss: 0.797669 | LR: 1.66e-04
Epoch [28/100] | Train Loss: 0.8534 (Base: 0.3010, Trend: 0.1619, DTW: 0.1288, TopK: 0.5411) | Val Loss: 0.794895 (Base: 0.3017, DTW: 0.1401, TopK: 0.5229) | EMA No-Trend Loss: 0.796975 | LR: 1.64e-04
Epoch [29/100] | Train Loss: 0.8520 (Base: 0.3009, Trend: 0.1624, DTW: 0.1283, TopK: 0.5399) | Val Loss: 0.790512 (Base: 0.3013, DTW: 0.1411, TopK: 0.5017) | EMA No-Trend Loss: 0.795359 | LR: 1.61e-04
Epoch [30/100] | Train Loss: 0.8473 (Base: 0.2997, Trend: 0.1618, DTW: 0.1271, TopK: 0.5391) | Val Loss: 0.785359 (Base: 0.2989, DTW: 0.1392, TopK: 0.5078) | EMA No-Trend Loss: 0.792859 | LR: 1.59e-04
Epoch [31/100] | Train Loss: 0.8441 (Base: 0.2988, Trend: 0.1614, DTW: 0.1265, TopK: 0.5367) | Val Loss: 0.799717 (Base: 0.3049, DTW: 0.1440, TopK: 0.4978) | EMA No-Trend Loss: 0.794573 | LR: 1.56e-04
Epoch [32/100] | Train Loss: 0.8424 (Base: 0.2983, Trend: 0.1617, DTW: 0.1263, TopK: 0.5339) | Val Loss: 0.798290 (Base: 0.3032, DTW: 0.1434, TopK: 0.5028) | EMA No-Trend Loss: 0.795503 | LR: 1.54e-04
Epoch [33/100] | Train Loss: 0.8389 (Base: 0.2966, Trend: 0.1605, DTW: 0.1256, TopK: 0.5350) | Val Loss: 0.797315 (Base: 0.3043, DTW: 0.1439, TopK: 0.4918) | EMA No-Trend Loss: 0.795956 | LR: 1.51e-04
Epoch [34/100] | Train Loss: 0.8347 (Base: 0.2960, Trend: 0.1608, DTW: 0.1247, TopK: 0.5305) | Val Loss: 0.794919 (Base: 0.3027, DTW: 0.1431, TopK: 0.4957) | EMA No-Trend Loss: 0.795697 | LR: 1.48e-04
Epoch [35/100] | Train Loss: 0.8323 (Base: 0.2953, Trend: 0.1606, DTW: 0.1241, TopK: 0.5295) | Val Loss: 0.796188 (Base: 0.3020, DTW: 0.1423, TopK: 0.5091) | EMA No-Trend Loss: 0.795819 | LR: 1.46e-04
Epoch [36/100] | Train Loss: 0.8246 (Base: 0.2930, Trend: 0.1601, DTW: 0.1222, TopK: 0.5277) | Val Loss: 0.790396 (Base: 0.2937, DTW: 0.1411, TopK: 0.5271) | EMA No-Trend Loss: 0.794463 | LR: 1.43e-04
Epoch [37/100] | Train Loss: 0.8236 (Base: 0.2928, Trend: 0.1601, DTW: 0.1222, TopK: 0.5248) | Val Loss: 0.786053 (Base: 0.2970, DTW: 0.1394, TopK: 0.5151) | EMA No-Trend Loss: 0.792361 | LR: 1.40e-04
Epoch [38/100] | Train Loss: 0.8238 (Base: 0.2938, Trend: 0.1607, DTW: 0.1216, TopK: 0.5264) | Val Loss: 0.793912 (Base: 0.2998, DTW: 0.1425, TopK: 0.5065) | EMA No-Trend Loss: 0.792749 | LR: 1.37e-04
Epoch [39/100] | Train Loss: 0.8177 (Base: 0.2913, Trend: 0.1597, DTW: 0.1208, TopK: 0.5220) | Val Loss: 0.790195 (Base: 0.2973, DTW: 0.1421, TopK: 0.5060) | EMA No-Trend Loss: 0.792110 | LR: 1.34e-04
Epoch [40/100] | Train Loss: 0.8184 (Base: 0.2922, Trend: 0.1606, DTW: 0.1203, TopK: 0.5238) | Val Loss: 0.799942 (Base: 0.3040, DTW: 0.1441, TopK: 0.5002) | EMA No-Trend Loss: 0.794068 | LR: 1.31e-04
Epoch [41/100] | Train Loss: 0.8160 (Base: 0.2905, Trend: 0.1604, DTW: 0.1202, TopK: 0.5227) | Val Loss: 0.787145 (Base: 0.2931, DTW: 0.1404, TopK: 0.5240) | EMA No-Trend Loss: 0.792337 | LR: 1.28e-04
Epoch [42/100] | Train Loss: 0.8132 (Base: 0.2908, Trend: 0.1604, DTW: 0.1193, TopK: 0.5195) | Val Loss: 0.792142 (Base: 0.2947, DTW: 0.1415, TopK: 0.5266) | EMA No-Trend Loss: 0.792288 | LR: 1.25e-04
Epoch [43/100] | Train Loss: 0.8160 (Base: 0.2907, Trend: 0.1604, DTW: 0.1202, TopK: 0.5220) | Val Loss: 0.794809 (Base: 0.3003, DTW: 0.1430, TopK: 0.5045) | EMA No-Trend Loss: 0.792919 | LR: 1.22e-04
Epoch [44/100] | Train Loss: 0.8023 (Base: 0.2870, Trend: 0.1593, DTW: 0.1170, TopK: 0.5156) | Val Loss: 0.787741 (Base: 0.2957, DTW: 0.1421, TopK: 0.5036) | EMA No-Trend Loss: 0.791624 | LR: 1.19e-04
Epoch [45/100] | Train Loss: 0.8040 (Base: 0.2881, Trend: 0.1595, DTW: 0.1174, TopK: 0.5144) | Val Loss: 0.787762 (Base: 0.2941, DTW: 0.1418, TopK: 0.5109) | EMA No-Trend Loss: 0.790659 | LR: 1.16e-04
Epoch [46/100] | Train Loss: 0.7966 (Base: 0.2853, Trend: 0.1586, DTW: 0.1162, TopK: 0.5107) | Val Loss: 0.791379 (Base: 0.2962, DTW: 0.1423, TopK: 0.5126) | EMA No-Trend Loss: 0.790839 | LR: 1.13e-04
Epoch [47/100] | Train Loss: 0.7960 (Base: 0.2859, Trend: 0.1597, DTW: 0.1155, TopK: 0.5099) | Val Loss: 0.789752 (Base: 0.2981, DTW: 0.1433, TopK: 0.4923) | EMA No-Trend Loss: 0.790567 | LR: 1.10e-04
Epoch [48/100] | Train Loss: 0.7865 (Base: 0.2825, Trend: 0.1576, DTW: 0.1140, TopK: 0.5050) | Val Loss: 0.796083 (Base: 0.3023, DTW: 0.1433, TopK: 0.4997) | EMA No-Trend Loss: 0.791946 | LR: 1.07e-04
Epoch [49/100] | Train Loss: 0.7893 (Base: 0.2831, Trend: 0.1585, DTW: 0.1144, TopK: 0.5080) | Val Loss: 0.777464 (Base: 0.2893, DTW: 0.1389, TopK: 0.5159) | EMA No-Trend Loss: 0.788326 | LR: 1.04e-04
Epoch [50/100] | Train Loss: 0.7888 (Base: 0.2833, Trend: 0.1595, DTW: 0.1140, TopK: 0.5074) | Val Loss: 0.795234 (Base: 0.2975, DTW: 0.1454, TopK: 0.4961) | EMA No-Trend Loss: 0.790053 | LR: 1.00e-04
Epoch [51/100] | Train Loss: 0.7865 (Base: 0.2828, Trend: 0.1592, DTW: 0.1135, TopK: 0.5059) | Val Loss: 0.796552 (Base: 0.3000, DTW: 0.1440, TopK: 0.5029) | EMA No-Trend Loss: 0.791677 | LR: 9.74e-05
Epoch [52/100] | Train Loss: 0.7799 (Base: 0.2809, Trend: 0.1581, DTW: 0.1122, TopK: 0.5020) | Val Loss: 0.803716 (Base: 0.3012, DTW: 0.1468, TopK: 0.5008) | EMA No-Trend Loss: 0.794687 | LR: 9.43e-05
Epoch [53/100] | Train Loss: 0.7814 (Base: 0.2811, Trend: 0.1588, DTW: 0.1125, TopK: 0.5028) | Val Loss: 0.801003 (Base: 0.3025, DTW: 0.1455, TopK: 0.4977) | EMA No-Trend Loss: 0.796266 | LR: 9.11e-05
Epoch [54/100] | Train Loss: 0.7797 (Base: 0.2807, Trend: 0.1588, DTW: 0.1122, TopK: 0.5007) | Val Loss: 0.792348 (Base: 0.2953, DTW: 0.1441, TopK: 0.5044) | EMA No-Trend Loss: 0.795287 | LR: 8.80e-05
Epoch [55/100] | Train Loss: 0.7728 (Base: 0.2794, Trend: 0.1585, DTW: 0.1104, TopK: 0.4972) | Val Loss: 0.800371 (Base: 0.2964, DTW: 0.1451, TopK: 0.5193) | EMA No-Trend Loss: 0.796558 | LR: 8.49e-05
Epoch [56/100] | Train Loss: 0.7783 (Base: 0.2805, Trend: 0.1592, DTW: 0.1118, TopK: 0.4995) | Val Loss: 0.793552 (Base: 0.2969, DTW: 0.1430, TopK: 0.5112) | EMA No-Trend Loss: 0.795807 | LR: 8.19e-05
Epoch [57/100] | Train Loss: 0.7739 (Base: 0.2794, Trend: 0.1591, DTW: 0.1104, TopK: 0.5002) | Val Loss: 0.795372 (Base: 0.2954, DTW: 0.1435, TopK: 0.5187) | EMA No-Trend Loss: 0.795698 | LR: 7.88e-05
Epoch [58/100] | Train Loss: 0.7690 (Base: 0.2779, Trend: 0.1585, DTW: 0.1094, TopK: 0.4979) | Val Loss: 0.791530 (Base: 0.2963, DTW: 0.1422, TopK: 0.5130) | EMA No-Trend Loss: 0.794656 | LR: 7.58e-05
Epoch [59/100] | Train Loss: 0.7629 (Base: 0.2756, Trend: 0.1578, DTW: 0.1085, TopK: 0.4936) | Val Loss: 0.801641 (Base: 0.2978, DTW: 0.1459, TopK: 0.5123) | EMA No-Trend Loss: 0.796402 | LR: 7.27e-05
Epoch [60/100] | Train Loss: 0.7675 (Base: 0.2770, Trend: 0.1587, DTW: 0.1093, TopK: 0.4965) | Val Loss: 0.799369 (Base: 0.3001, DTW: 0.1460, TopK: 0.4962) | EMA No-Trend Loss: 0.797144 | LR: 6.98e-05
Epoch [61/100] | Train Loss: 0.7647 (Base: 0.2771, Trend: 0.1592, DTW: 0.1082, TopK: 0.4947) | Val Loss: 0.803056 (Base: 0.2982, DTW: 0.1458, TopK: 0.5164) | EMA No-Trend Loss: 0.798622 | LR: 6.68e-05
Epoch [62/100] | Train Loss: 0.7610 (Base: 0.2755, Trend: 0.1584, DTW: 0.1077, TopK: 0.4926) | Val Loss: 0.795126 (Base: 0.2964, DTW: 0.1448, TopK: 0.5043) | EMA No-Trend Loss: 0.797748 | LR: 6.39e-05
Epoch [63/100] | Train Loss: 0.7596 (Base: 0.2746, Trend: 0.1583, DTW: 0.1076, TopK: 0.4923) | Val Loss: 0.793933 (Base: 0.2957, DTW: 0.1440, TopK: 0.5089) | EMA No-Trend Loss: 0.796794 | LR: 6.10e-05
Epoch [64/100] | Train Loss: 0.7589 (Base: 0.2751, Trend: 0.1582, DTW: 0.1074, TopK: 0.4901) | Val Loss: 0.793850 (Base: 0.2981, DTW: 0.1436, TopK: 0.5039) | EMA No-Trend Loss: 0.796058 | LR: 5.81e-05
Epoch [65/100] | Train Loss: 0.7515 (Base: 0.2730, Trend: 0.1576, DTW: 0.1057, TopK: 0.4866) | Val Loss: 0.804234 (Base: 0.3017, DTW: 0.1474, TopK: 0.4961) | EMA No-Trend Loss: 0.798102 | LR: 5.53e-05
Epoch [66/100] | Train Loss: 0.7499 (Base: 0.2720, Trend: 0.1579, DTW: 0.1054, TopK: 0.4864) | Val Loss: 0.801327 (Base: 0.3016, DTW: 0.1469, TopK: 0.4904) | EMA No-Trend Loss: 0.798908 | LR: 5.26e-05
Epoch [67/100] | Train Loss: 0.7509 (Base: 0.2724, Trend: 0.1583, DTW: 0.1053, TopK: 0.4883) | Val Loss: 0.791155 (Base: 0.2964, DTW: 0.1436, TopK: 0.5008) | EMA No-Trend Loss: 0.796970 | LR: 4.99e-05
Epoch [68/100] | Train Loss: 0.7461 (Base: 0.2710, Trend: 0.1582, DTW: 0.1047, TopK: 0.4827) | Val Loss: 0.802305 (Base: 0.3004, DTW: 0.1463, TopK: 0.5022) | EMA No-Trend Loss: 0.798304 | LR: 4.72e-05
Epoch [69/100] | Train Loss: 0.7456 (Base: 0.2712, Trend: 0.1583, DTW: 0.1041, TopK: 0.4849) | Val Loss: 0.791983 (Base: 0.2948, DTW: 0.1439, TopK: 0.5063) | EMA No-Trend Loss: 0.796724 | LR: 4.46e-05
Epoch [70/100] | Train Loss: 0.7432 (Base: 0.2707, Trend: 0.1583, DTW: 0.1035, TopK: 0.4831) | Val Loss: 0.799409 (Base: 0.2970, DTW: 0.1462, TopK: 0.5055) | EMA No-Trend Loss: 0.797395 | LR: 4.20e-05
Epoch [71/100] | Train Loss: 0.7445 (Base: 0.2711, Trend: 0.1586, DTW: 0.1040, TopK: 0.4820) | Val Loss: 0.807036 (Base: 0.2979, DTW: 0.1483, TopK: 0.5111) | EMA No-Trend Loss: 0.799805 | LR: 3.95e-05
Epoch [72/100] | Train Loss: 0.7413 (Base: 0.2697, Trend: 0.1581, DTW: 0.1031, TopK: 0.4834) | Val Loss: 0.797750 (Base: 0.2959, DTW: 0.1454, TopK: 0.5096) | EMA No-Trend Loss: 0.799291 | LR: 3.71e-05
Epoch [73/100] | Train Loss: 0.7406 (Base: 0.2695, Trend: 0.1583, DTW: 0.1034, TopK: 0.4792) | Val Loss: 0.800718 (Base: 0.2974, DTW: 0.1466, TopK: 0.5052) | EMA No-Trend Loss: 0.799648 | LR: 3.47e-05
Epoch [74/100] | Train Loss: 0.7386 (Base: 0.2691, Trend: 0.1585, DTW: 0.1026, TopK: 0.4803) | Val Loss: 0.798033 (Base: 0.2978, DTW: 0.1458, TopK: 0.5013) | EMA No-Trend Loss: 0.799244 | LR: 3.24e-05
Epoch [75/100] | Train Loss: 0.7364 (Base: 0.2687, Trend: 0.1584, DTW: 0.1020, TopK: 0.4791) | Val Loss: 0.799595 (Base: 0.2963, DTW: 0.1455, TopK: 0.5136) | EMA No-Trend Loss: 0.799332 | LR: 3.01e-05
Epoch [76/100] | Train Loss: 0.7325 (Base: 0.2675, Trend: 0.1578, DTW: 0.1014, TopK: 0.4764) | Val Loss: 0.787797 (Base: 0.2916, DTW: 0.1435, TopK: 0.5061) | EMA No-Trend Loss: 0.796448 | LR: 2.80e-05
Epoch [77/100] | Train Loss: 0.7345 (Base: 0.2681, Trend: 0.1582, DTW: 0.1016, TopK: 0.4782) | Val Loss: 0.801169 (Base: 0.2954, DTW: 0.1465, TopK: 0.5133) | EMA No-Trend Loss: 0.797628 | LR: 2.59e-05
Epoch [78/100] | Train Loss: 0.7343 (Base: 0.2678, Trend: 0.1585, DTW: 0.1015, TopK: 0.4793) | Val Loss: 0.792264 (Base: 0.2969, DTW: 0.1436, TopK: 0.5027) | EMA No-Trend Loss: 0.796287 | LR: 2.38e-05
Epoch [79/100] | Train Loss: 0.7288 (Base: 0.2661, Trend: 0.1579, DTW: 0.1004, TopK: 0.4755) | Val Loss: 0.800015 (Base: 0.2988, DTW: 0.1455, TopK: 0.5063) | EMA No-Trend Loss: 0.797219 | LR: 2.19e-05
Epoch [80/100] | Train Loss: 0.7261 (Base: 0.2656, Trend: 0.1576, DTW: 0.1000, TopK: 0.4721) | Val Loss: 0.802498 (Base: 0.2979, DTW: 0.1466, TopK: 0.5093) | EMA No-Trend Loss: 0.798539 | LR: 2.00e-05
Epoch [81/100] | Train Loss: 0.7279 (Base: 0.2661, Trend: 0.1584, DTW: 0.1002, TopK: 0.4739) | Val Loss: 0.801433 (Base: 0.2972, DTW: 0.1470, TopK: 0.5047) | EMA No-Trend Loss: 0.799262 | LR: 1.82e-05
Epoch [82/100] | Train Loss: 0.7250 (Base: 0.2653, Trend: 0.1577, DTW: 0.0995, TopK: 0.4736) | Val Loss: 0.802346 (Base: 0.2977, DTW: 0.1470, TopK: 0.5064) | EMA No-Trend Loss: 0.800033 | LR: 1.65e-05
Epoch [83/100] | Train Loss: 0.7266 (Base: 0.2663, Trend: 0.1585, DTW: 0.0997, TopK: 0.4724) | Val Loss: 0.799117 (Base: 0.2970, DTW: 0.1460, TopK: 0.5057) | EMA No-Trend Loss: 0.799804 | LR: 1.49e-05
Epoch [84/100] | Train Loss: 0.7228 (Base: 0.2650, Trend: 0.1584, DTW: 0.0990, TopK: 0.4701) | Val Loss: 0.809728 (Base: 0.3011, DTW: 0.1484, TopK: 0.5079) | EMA No-Trend Loss: 0.802285 | LR: 1.33e-05
Epoch [85/100] | Train Loss: 0.7234 (Base: 0.2654, Trend: 0.1579, DTW: 0.0989, TopK: 0.4721) | Val Loss: 0.798329 (Base: 0.2958, DTW: 0.1464, TopK: 0.5038) | EMA No-Trend Loss: 0.801296 | LR: 1.18e-05
Epoch [86/100] | Train Loss: 0.7235 (Base: 0.2649, Trend: 0.1582, DTW: 0.0992, TopK: 0.4714) | Val Loss: 0.807581 (Base: 0.2997, DTW: 0.1487, TopK: 0.5036) | EMA No-Trend Loss: 0.802867 | LR: 1.05e-05
Epoch [87/100] | Train Loss: 0.7213 (Base: 0.2638, Trend: 0.1582, DTW: 0.0987, TopK: 0.4718) | Val Loss: 0.798591 (Base: 0.2975, DTW: 0.1457, TopK: 0.5045) | EMA No-Trend Loss: 0.801798 | LR: 9.18e-06
Epoch [88/100] | Train Loss: 0.7239 (Base: 0.2650, Trend: 0.1586, DTW: 0.0991, TopK: 0.4729) | Val Loss: 0.796389 (Base: 0.2968, DTW: 0.1467, TopK: 0.4917) | EMA No-Trend Loss: 0.800446 | LR: 7.99e-06
Epoch [89/100] | Train Loss: 0.7261 (Base: 0.2657, Trend: 0.1591, DTW: 0.0995, TopK: 0.4734) | Val Loss: 0.800900 (Base: 0.2975, DTW: 0.1466, TopK: 0.5052) | EMA No-Trend Loss: 0.800559 | LR: 6.88e-06
Epoch [90/100] | Train Loss: 0.7184 (Base: 0.2635, Trend: 0.1584, DTW: 0.0979, TopK: 0.4692) | Val Loss: 0.807185 (Base: 0.2996, DTW: 0.1479, TopK: 0.5092) | EMA No-Trend Loss: 0.802216 | LR: 5.87e-06
Epoch [91/100] | Train Loss: 0.7219 (Base: 0.2646, Trend: 0.1588, DTW: 0.0984, TopK: 0.4728) | Val Loss: 0.807909 (Base: 0.2997, DTW: 0.1486, TopK: 0.5051) | EMA No-Trend Loss: 0.803639 | LR: 4.95e-06
Epoch [92/100] | Train Loss: 0.7206 (Base: 0.2642, Trend: 0.1587, DTW: 0.0984, TopK: 0.4696) | Val Loss: 0.802657 (Base: 0.2976, DTW: 0.1474, TopK: 0.5041) | EMA No-Trend Loss: 0.803394 | LR: 4.13e-06
Epoch [93/100] | Train Loss: 0.7140 (Base: 0.2623, Trend: 0.1575, DTW: 0.0972, TopK: 0.4656) | Val Loss: 0.800351 (Base: 0.2980, DTW: 0.1463, TopK: 0.5044) | EMA No-Trend Loss: 0.802633 | LR: 3.40e-06
Epoch [94/100] | Train Loss: 0.7203 (Base: 0.2640, Trend: 0.1586, DTW: 0.0983, TopK: 0.4703) | Val Loss: 0.798500 (Base: 0.2958, DTW: 0.1464, TopK: 0.5040) | EMA No-Trend Loss: 0.801600 | LR: 2.76e-06
Epoch [95/100] | Train Loss: 0.7169 (Base: 0.2627, Trend: 0.1582, DTW: 0.0976, TopK: 0.4693) | Val Loss: 0.805115 (Base: 0.2985, DTW: 0.1477, TopK: 0.5070) | EMA No-Trend Loss: 0.802479 | LR: 2.23e-06
Epoch [96/100] | Train Loss: 0.7147 (Base: 0.2623, Trend: 0.1582, DTW: 0.0971, TopK: 0.4675) | Val Loss: 0.802830 (Base: 0.2992, DTW: 0.1471, TopK: 0.5015) | EMA No-Trend Loss: 0.802567 | LR: 1.78e-06
Epoch [97/100] | Train Loss: 0.7139 (Base: 0.2621, Trend: 0.1579, DTW: 0.0969, TopK: 0.4676) | Val Loss: 0.803086 (Base: 0.2984, DTW: 0.1470, TopK: 0.5062) | EMA No-Trend Loss: 0.802696 | LR: 1.44e-06
Epoch [98/100] | Train Loss: 0.7217 (Base: 0.2639, Trend: 0.1590, DTW: 0.0987, TopK: 0.4714) | Val Loss: 0.799937 (Base: 0.2981, DTW: 0.1465, TopK: 0.5010) | EMA No-Trend Loss: 0.802007 | LR: 1.20e-06
Epoch [99/100] | Train Loss: 0.7132 (Base: 0.2622, Trend: 0.1574, DTW: 0.0969, TopK: 0.4659) | Val Loss: 0.811708 (Base: 0.3013, DTW: 0.1491, TopK: 0.5086) | EMA No-Trend Loss: 0.804432 | LR: 1.05e-06
Epoch [100/100] | Train Loss: 0.7133 (Base: 0.2621, Trend: 0.1578, DTW: 0.0969, TopK: 0.4658) | Val Loss: 0.807704 (Base: 0.2994, DTW: 0.1482, TopK: 0.5088) | EMA No-Trend Loss: 0.805250 | LR: 1.00e-06
