Starting experiment (seed=3)
Device: cuda:0
Building static profile features from historical data...
Total trainable parameters: 5,010,690
Epoch [1/100] | Total Loss: 1.3456 | Aux Loss: 0.2848 | Train Mixed Loss: 1.0609 (Base: 0.3437, Trend: 0.1668, DTW: 0.1901, TopK: 0.5913) | Val Mixed Loss (No Trend): 0.8918 (Base: 0.3319, DTW: 0.1685, TopK: 0.5183) | EMA Val Loss (No Trend): 0.891798 | LR: 2.00e-04
Saved new best weights to best_model_seed3.pth (EMA validation loss without trend: 0.891798).
Epoch [2/100] | Total Loss: 1.2152 | Aux Loss: 0.2342 | Train Mixed Loss: 0.9810 (Base: 0.3308, Trend: 0.1596, DTW: 0.1656, TopK: 0.5761) | Val Mixed Loss (No Trend): 0.8108 (Base: 0.2987, DTW: 0.1487, TopK: 0.5171) | EMA Val Loss (No Trend): 0.871547 | LR: 2.00e-04
Saved new best weights to best_model_seed3.pth (EMA validation loss without trend: 0.871547).
Epoch [3/100] | Total Loss: 1.1817 | Aux Loss: 0.2236 | Train Mixed Loss: 0.9581 (Base: 0.3251, Trend: 0.1586, DTW: 0.1592, TopK: 0.5722) | Val Mixed Loss (No Trend): 0.8005 (Base: 0.3027, DTW: 0.1432, TopK: 0.5136) | EMA Val Loss (No Trend): 0.853785 | LR: 2.00e-04
Saved new best weights to best_model_seed3.pth (EMA validation loss without trend: 0.853785).
Epoch [4/100] | Total Loss: 1.1634 | Aux Loss: 0.2219 | Train Mixed Loss: 0.9415 (Base: 0.3214, Trend: 0.1581, DTW: 0.1545, TopK: 0.5678) | Val Mixed Loss (No Trend): 0.8021 (Base: 0.3070, DTW: 0.1443, TopK: 0.4960) | EMA Val Loss (No Trend): 0.840875 | LR: 1.99e-04
Saved new best weights to best_model_seed3.pth (EMA validation loss without trend: 0.840875).
Epoch [5/100] | Total Loss: 1.1384 | Aux Loss: 0.2168 | Train Mixed Loss: 0.9216 (Base: 0.3167, Trend: 0.1574, DTW: 0.1494, TopK: 0.5590) | Val Mixed Loss (No Trend): 0.8091 (Base: 0.3007, DTW: 0.1501, TopK: 0.4935) | EMA Val Loss (No Trend): 0.832933 | LR: 1.99e-04
Saved new best weights to best_model_seed3.pth (EMA validation loss without trend: 0.832933).
Epoch [6/100] | Total Loss: 1.1284 | Aux Loss: 0.2150 | Train Mixed Loss: 0.9133 (Base: 0.3145, Trend: 0.1564, DTW: 0.1475, TopK: 0.5553) | Val Mixed Loss (No Trend): 0.7923 (Base: 0.2979, DTW: 0.1396, TopK: 0.5316) | EMA Val Loss (No Trend): 0.822781 | LR: 1.98e-04
Saved new best weights to best_model_seed3.pth (EMA validation loss without trend: 0.822781).
Epoch [7/100] | Total Loss: 1.1178 | Aux Loss: 0.2137 | Train Mixed Loss: 0.9041 (Base: 0.3123, Trend: 0.1568, DTW: 0.1451, TopK: 0.5506) | Val Mixed Loss (No Trend): 0.7666 (Base: 0.2834, DTW: 0.1352, TopK: 0.5293) | EMA Val Loss (No Trend): 0.808741 | LR: 1.98e-04
Saved new best weights to best_model_seed3.pth (EMA validation loss without trend: 0.808741).
Epoch [8/100] | Total Loss: 1.0977 | Aux Loss: 0.2115 | Train Mixed Loss: 0.8862 (Base: 0.3073, Trend: 0.1553, DTW: 0.1410, TopK: 0.5424) | Val Mixed Loss (No Trend): 0.7852 (Base: 0.2997, DTW: 0.1430, TopK: 0.4740) | EMA Val Loss (No Trend): 0.802848 | LR: 1.97e-04
Saved new best weights to best_model_seed3.pth (EMA validation loss without trend: 0.802848).
Epoch [9/100] | Total Loss: 1.0999 | Aux Loss: 0.2098 | Train Mixed Loss: 0.8901 (Base: 0.3088, Trend: 0.1556, DTW: 0.1417, TopK: 0.5448) | Val Mixed Loss (No Trend): 0.7686 (Base: 0.2897, DTW: 0.1384, TopK: 0.4893) | EMA Val Loss (No Trend): 0.794282 | LR: 1.96e-04
Saved new best weights to best_model_seed3.pth (EMA validation loss without trend: 0.794282).
Epoch [10/100] | Total Loss: 1.0904 | Aux Loss: 0.2098 | Train Mixed Loss: 0.8806 (Base: 0.3062, Trend: 0.1543, DTW: 0.1393, TopK: 0.5432) | Val Mixed Loss (No Trend): 0.7630 (Base: 0.2889, DTW: 0.1376, TopK: 0.4795) | EMA Val Loss (No Trend): 0.786473 | LR: 1.95e-04
Saved new best weights to best_model_seed3.pth (EMA validation loss without trend: 0.786473).
Epoch [11/100] | Total Loss: 1.0727 | Aux Loss: 0.2062 | Train Mixed Loss: 0.8665 (Base: 0.3019, Trend: 0.1535, DTW: 0.1364, TopK: 0.5350) | Val Mixed Loss (No Trend): 0.7470 (Base: 0.2811, DTW: 0.1321, TopK: 0.4962) | EMA Val Loss (No Trend): 0.776607 | LR: 1.94e-04
Saved new best weights to best_model_seed3.pth (EMA validation loss without trend: 0.776607).
Epoch [12/100] | Total Loss: 1.0643 | Aux Loss: 0.2035 | Train Mixed Loss: 0.8608 (Base: 0.3013, Trend: 0.1536, DTW: 0.1345, TopK: 0.5328) | Val Mixed Loss (No Trend): 0.7559 (Base: 0.2839, DTW: 0.1304, TopK: 0.5300) | EMA Val Loss (No Trend): 0.771430 | LR: 1.93e-04
Saved new best weights to best_model_seed3.pth (EMA validation loss without trend: 0.771430).
Epoch [13/100] | Total Loss: 1.0638 | Aux Loss: 0.2044 | Train Mixed Loss: 0.8594 (Base: 0.3014, Trend: 0.1548, DTW: 0.1338, TopK: 0.5321) | Val Mixed Loss (No Trend): 0.7563 (Base: 0.2930, DTW: 0.1345, TopK: 0.4681) | EMA Val Loss (No Trend): 0.767658 | LR: 1.92e-04
Saved new best weights to best_model_seed3.pth (EMA validation loss without trend: 0.767658).
Epoch [14/100] | Total Loss: 1.0517 | Aux Loss: 0.2038 | Train Mixed Loss: 0.8479 (Base: 0.2985, Trend: 0.1522, DTW: 0.1316, TopK: 0.5248) | Val Mixed Loss (No Trend): 0.7321 (Base: 0.2766, DTW: 0.1258, TopK: 0.5120) | EMA Val Loss (No Trend): 0.758770 | LR: 1.91e-04
Saved new best weights to best_model_seed3.pth (EMA validation loss without trend: 0.758770).
Epoch [15/100] | Total Loss: 1.0489 | Aux Loss: 0.2008 | Train Mixed Loss: 0.8481 (Base: 0.2981, Trend: 0.1537, DTW: 0.1311, TopK: 0.5281) | Val Mixed Loss (No Trend): 0.7639 (Base: 0.2965, DTW: 0.1352, TopK: 0.4766) | EMA Val Loss (No Trend): 0.760046 | LR: 1.89e-04
Epoch [16/100] | Total Loss: 1.0390 | Aux Loss: 0.1986 | Train Mixed Loss: 0.8404 (Base: 0.2966, Trend: 0.1525, DTW: 0.1293, TopK: 0.5243) | Val Mixed Loss (No Trend): 0.7335 (Base: 0.2824, DTW: 0.1268, TopK: 0.4891) | EMA Val Loss (No Trend): 0.753408 | LR: 1.88e-04
Saved new best weights to best_model_seed3.pth (EMA validation loss without trend: 0.753408).
Epoch [17/100] | Total Loss: 1.0380 | Aux Loss: 0.2009 | Train Mixed Loss: 0.8371 (Base: 0.2962, Trend: 0.1526, DTW: 0.1287, TopK: 0.5193) | Val Mixed Loss (No Trend): 0.7419 (Base: 0.2815, DTW: 0.1279, TopK: 0.5112) | EMA Val Loss (No Trend): 0.750538 | LR: 1.86e-04
Saved new best weights to best_model_seed3.pth (EMA validation loss without trend: 0.750538).
Epoch [18/100] | Total Loss: 1.0353 | Aux Loss: 0.1977 | Train Mixed Loss: 0.8376 (Base: 0.2955, Trend: 0.1517, DTW: 0.1291, TopK: 0.5211) | Val Mixed Loss (No Trend): 0.7296 (Base: 0.2835, DTW: 0.1244, TopK: 0.4918) | EMA Val Loss (No Trend): 0.745292 | LR: 1.85e-04
Saved new best weights to best_model_seed3.pth (EMA validation loss without trend: 0.745292).
Epoch [19/100] | Total Loss: 1.0342 | Aux Loss: 0.1989 | Train Mixed Loss: 0.8353 (Base: 0.2954, Trend: 0.1531, DTW: 0.1279, TopK: 0.5213) | Val Mixed Loss (No Trend): 0.7293 (Base: 0.2792, DTW: 0.1262, TopK: 0.4907) | EMA Val Loss (No Trend): 0.741299 | LR: 1.83e-04
Saved new best weights to best_model_seed3.pth (EMA validation loss without trend: 0.741299).
Epoch [20/100] | Total Loss: 1.0306 | Aux Loss: 0.1974 | Train Mixed Loss: 0.8332 (Base: 0.2949, Trend: 0.1534, DTW: 0.1271, TopK: 0.5215) | Val Mixed Loss (No Trend): 0.7382 (Base: 0.2834, DTW: 0.1280, TopK: 0.4919) | EMA Val Loss (No Trend): 0.740530 | LR: 1.81e-04
Saved new best weights to best_model_seed3.pth (EMA validation loss without trend: 0.740530).
Epoch [21/100] | Total Loss: 1.0224 | Aux Loss: 0.1984 | Train Mixed Loss: 0.8239 (Base: 0.2917, Trend: 0.1516, DTW: 0.1259, TopK: 0.5145) | Val Mixed Loss (No Trend): 0.7470 (Base: 0.2873, DTW: 0.1318, TopK: 0.4781) | EMA Val Loss (No Trend): 0.742138 | LR: 1.79e-04
Epoch [22/100] | Total Loss: 1.0088 | Aux Loss: 0.1954 | Train Mixed Loss: 0.8134 (Base: 0.2898, Trend: 0.1513, DTW: 0.1228, TopK: 0.5102) | Val Mixed Loss (No Trend): 0.7301 (Base: 0.2816, DTW: 0.1273, TopK: 0.4762) | EMA Val Loss (No Trend): 0.739121 | LR: 1.77e-04
Saved new best weights to best_model_seed3.pth (EMA validation loss without trend: 0.739121).
Epoch [23/100] | Total Loss: 1.0048 | Aux Loss: 0.1955 | Train Mixed Loss: 0.8093 (Base: 0.2882, Trend: 0.1505, DTW: 0.1220, TopK: 0.5101) | Val Mixed Loss (No Trend): 0.7594 (Base: 0.2946, DTW: 0.1340, TopK: 0.4771) | EMA Val Loss (No Trend): 0.744182 | LR: 1.75e-04
Epoch [24/100] | Total Loss: 1.0067 | Aux Loss: 0.1933 | Train Mixed Loss: 0.8133 (Base: 0.2902, Trend: 0.1514, DTW: 0.1229, TopK: 0.5083) | Val Mixed Loss (No Trend): 0.7434 (Base: 0.2858, DTW: 0.1300, TopK: 0.4852) | EMA Val Loss (No Trend): 0.743991 | LR: 1.73e-04
Epoch [25/100] | Total Loss: 0.9981 | Aux Loss: 0.1922 | Train Mixed Loss: 0.8060 (Base: 0.2874, Trend: 0.1512, DTW: 0.1212, TopK: 0.5069) | Val Mixed Loss (No Trend): 0.7295 (Base: 0.2824, DTW: 0.1278, TopK: 0.4682) | EMA Val Loss (No Trend): 0.740362 | LR: 1.71e-04
Epoch [26/100] | Total Loss: 0.9978 | Aux Loss: 0.1921 | Train Mixed Loss: 0.8057 (Base: 0.2870, Trend: 0.1516, DTW: 0.1212, TopK: 0.5069) | Val Mixed Loss (No Trend): 0.7437 (Base: 0.2808, DTW: 0.1299, TopK: 0.5042) | EMA Val Loss (No Trend): 0.741206 | LR: 1.69e-04
Epoch [27/100] | Total Loss: 1.0017 | Aux Loss: 0.1921 | Train Mixed Loss: 0.8096 (Base: 0.2885, Trend: 0.1521, DTW: 0.1216, TopK: 0.5104) | Val Mixed Loss (No Trend): 0.7085 (Base: 0.2734, DTW: 0.1210, TopK: 0.4821) | EMA Val Loss (No Trend): 0.733031 | LR: 1.66e-04
Saved new best weights to best_model_seed3.pth (EMA validation loss without trend: 0.733031).
Epoch [28/100] | Total Loss: 0.9940 | Aux Loss: 0.1911 | Train Mixed Loss: 0.8030 (Base: 0.2872, Trend: 0.1509, DTW: 0.1204, TopK: 0.5043) | Val Mixed Loss (No Trend): 0.7333 (Base: 0.2837, DTW: 0.1273, TopK: 0.4799) | EMA Val Loss (No Trend): 0.733104 | LR: 1.64e-04
Epoch [29/100] | Total Loss: 0.9967 | Aux Loss: 0.1905 | Train Mixed Loss: 0.8062 (Base: 0.2873, Trend: 0.1518, DTW: 0.1212, TopK: 0.5070) | Val Mixed Loss (No Trend): 0.7466 (Base: 0.2898, DTW: 0.1312, TopK: 0.4729) | EMA Val Loss (No Trend): 0.736486 | LR: 1.61e-04
Epoch [30/100] | Total Loss: 0.9840 | Aux Loss: 0.1899 | Train Mixed Loss: 0.7941 (Base: 0.2844, Trend: 0.1508, DTW: 0.1181, TopK: 0.5029) | Val Mixed Loss (No Trend): 0.7305 (Base: 0.2828, DTW: 0.1264, TopK: 0.4810) | EMA Val Loss (No Trend): 0.734980 | LR: 1.59e-04
Epoch [31/100] | Total Loss: 0.9901 | Aux Loss: 0.1895 | Train Mixed Loss: 0.8006 (Base: 0.2868, Trend: 0.1522, DTW: 0.1192, TopK: 0.5054) | Val Mixed Loss (No Trend): 0.7445 (Base: 0.2887, DTW: 0.1306, TopK: 0.4747) | EMA Val Loss (No Trend): 0.737369 | LR: 1.56e-04
Epoch [32/100] | Total Loss: 0.9794 | Aux Loss: 0.1899 | Train Mixed Loss: 0.7895 (Base: 0.2841, Trend: 0.1516, DTW: 0.1166, TopK: 0.4991) | Val Mixed Loss (No Trend): 0.7435 (Base: 0.2899, DTW: 0.1302, TopK: 0.4703) | EMA Val Loss (No Trend): 0.738907 | LR: 1.54e-04
Epoch [33/100] | Total Loss: 0.9780 | Aux Loss: 0.1886 | Train Mixed Loss: 0.7894 (Base: 0.2842, Trend: 0.1514, DTW: 0.1168, TopK: 0.4969) | Val Mixed Loss (No Trend): 0.7339 (Base: 0.2865, DTW: 0.1293, TopK: 0.4568) | EMA Val Loss (No Trend): 0.737666 | LR: 1.51e-04
Epoch [34/100] | Total Loss: 0.9736 | Aux Loss: 0.1870 | Train Mixed Loss: 0.7866 (Base: 0.2830, Trend: 0.1507, DTW: 0.1163, TopK: 0.4973) | Val Mixed Loss (No Trend): 0.7585 (Base: 0.2988, DTW: 0.1346, TopK: 0.4556) | EMA Val Loss (No Trend): 0.742886 | LR: 1.48e-04
Epoch [35/100] | Total Loss: 0.9767 | Aux Loss: 0.1876 | Train Mixed Loss: 0.7891 (Base: 0.2841, Trend: 0.1514, DTW: 0.1166, TopK: 0.4988) | Val Mixed Loss (No Trend): 0.7379 (Base: 0.2860, DTW: 0.1284, TopK: 0.4792) | EMA Val Loss (No Trend): 0.741641 | LR: 1.46e-04
Epoch [36/100] | Total Loss: 0.9578 | Aux Loss: 0.1853 | Train Mixed Loss: 0.7724 (Base: 0.2790, Trend: 0.1496, DTW: 0.1136, TopK: 0.4871) | Val Mixed Loss (No Trend): 0.7261 (Base: 0.2788, DTW: 0.1271, TopK: 0.4740) | EMA Val Loss (No Trend): 0.737751 | LR: 1.43e-04
Epoch [37/100] | Total Loss: 0.9622 | Aux Loss: 0.1865 | Train Mixed Loss: 0.7757 (Base: 0.2793, Trend: 0.1502, DTW: 0.1140, TopK: 0.4919) | Val Mixed Loss (No Trend): 0.7165 (Base: 0.2792, DTW: 0.1238, TopK: 0.4674) | EMA Val Loss (No Trend): 0.732427 | LR: 1.40e-04
Saved new best weights to best_model_seed3.pth (EMA validation loss without trend: 0.732427).
Epoch [38/100] | Total Loss: 0.9574 | Aux Loss: 0.1838 | Train Mixed Loss: 0.7736 (Base: 0.2790, Trend: 0.1509, DTW: 0.1133, TopK: 0.4913) | Val Mixed Loss (No Trend): 0.7362 (Base: 0.2868, DTW: 0.1286, TopK: 0.4691) | EMA Val Loss (No Trend): 0.733370 | LR: 1.37e-04
Epoch [39/100] | Total Loss: 0.9577 | Aux Loss: 0.1847 | Train Mixed Loss: 0.7730 (Base: 0.2794, Trend: 0.1507, DTW: 0.1130, TopK: 0.4901) | Val Mixed Loss (No Trend): 0.7325 (Base: 0.2839, DTW: 0.1272, TopK: 0.4776) | EMA Val Loss (No Trend): 0.733157 | LR: 1.34e-04
Epoch [40/100] | Total Loss: 0.9471 | Aux Loss: 0.1839 | Train Mixed Loss: 0.7632 (Base: 0.2763, Trend: 0.1493, DTW: 0.1115, TopK: 0.4826) | Val Mixed Loss (No Trend): 0.7282 (Base: 0.2791, DTW: 0.1265, TopK: 0.4849) | EMA Val Loss (No Trend): 0.731918 | LR: 1.31e-04
Saved new best weights to best_model_seed3.pth (EMA validation loss without trend: 0.731918).
Epoch [41/100] | Total Loss: 0.9476 | Aux Loss: 0.1837 | Train Mixed Loss: 0.7639 (Base: 0.2763, Trend: 0.1500, DTW: 0.1112, TopK: 0.4858) | Val Mixed Loss (No Trend): 0.7079 (Base: 0.2691, DTW: 0.1216, TopK: 0.4897) | EMA Val Loss (No Trend): 0.725905 | LR: 1.28e-04
Saved new best weights to best_model_seed3.pth (EMA validation loss without trend: 0.725905).
Epoch [42/100] | Total Loss: 0.9429 | Aux Loss: 0.1833 | Train Mixed Loss: 0.7595 (Base: 0.2755, Trend: 0.1504, DTW: 0.1098, TopK: 0.4845) | Val Mixed Loss (No Trend): 0.7395 (Base: 0.2864, DTW: 0.1316, TopK: 0.4576) | EMA Val Loss (No Trend): 0.729308 | LR: 1.25e-04
Epoch [43/100] | Total Loss: 0.9430 | Aux Loss: 0.1831 | Train Mixed Loss: 0.7598 (Base: 0.2753, Trend: 0.1499, DTW: 0.1099, TopK: 0.4864) | Val Mixed Loss (No Trend): 0.7267 (Base: 0.2867, DTW: 0.1275, TopK: 0.4462) | EMA Val Loss (No Trend): 0.728652 | LR: 1.22e-04
Epoch [44/100] | Total Loss: 0.9432 | Aux Loss: 0.1826 | Train Mixed Loss: 0.7606 (Base: 0.2756, Trend: 0.1503, DTW: 0.1103, TopK: 0.4839) | Val Mixed Loss (No Trend): 0.7505 (Base: 0.2957, DTW: 0.1327, TopK: 0.4550) | EMA Val Loss (No Trend): 0.734123 | LR: 1.19e-04
Epoch [45/100] | Total Loss: 0.9393 | Aux Loss: 0.1823 | Train Mixed Loss: 0.7570 (Base: 0.2751, Trend: 0.1502, DTW: 0.1094, TopK: 0.4805) | Val Mixed Loss (No Trend): 0.7160 (Base: 0.2753, DTW: 0.1229, TopK: 0.4861) | EMA Val Loss (No Trend): 0.729599 | LR: 1.16e-04
Epoch [46/100] | Total Loss: 0.9397 | Aux Loss: 0.1827 | Train Mixed Loss: 0.7570 (Base: 0.2749, Trend: 0.1508, DTW: 0.1091, TopK: 0.4829) | Val Mixed Loss (No Trend): 0.7046 (Base: 0.2718, DTW: 0.1207, TopK: 0.4774) | EMA Val Loss (No Trend): 0.723347 | LR: 1.13e-04
Saved new best weights to best_model_seed3.pth (EMA validation loss without trend: 0.723347).
Epoch [47/100] | Total Loss: 0.9254 | Aux Loss: 0.1817 | Train Mixed Loss: 0.7436 (Base: 0.2714, Trend: 0.1500, DTW: 0.1061, TopK: 0.4751) | Val Mixed Loss (No Trend): 0.7160 (Base: 0.2783, DTW: 0.1235, TopK: 0.4708) | EMA Val Loss (No Trend): 0.721512 | LR: 1.10e-04
Saved new best weights to best_model_seed3.pth (EMA validation loss without trend: 0.721512).
Epoch [48/100] | Total Loss: 0.9269 | Aux Loss: 0.1803 | Train Mixed Loss: 0.7465 (Base: 0.2714, Trend: 0.1502, DTW: 0.1069, TopK: 0.4780) | Val Mixed Loss (No Trend): 0.7152 (Base: 0.2778, DTW: 0.1245, TopK: 0.4616) | EMA Val Loss (No Trend): 0.719944 | LR: 1.07e-04
Saved new best weights to best_model_seed3.pth (EMA validation loss without trend: 0.719944).
Epoch [49/100] | Total Loss: 0.9241 | Aux Loss: 0.1796 | Train Mixed Loss: 0.7445 (Base: 0.2712, Trend: 0.1497, DTW: 0.1067, TopK: 0.4749) | Val Mixed Loss (No Trend): 0.7197 (Base: 0.2825, DTW: 0.1257, TopK: 0.4522) | EMA Val Loss (No Trend): 0.719895 | LR: 1.04e-04
Saved new best weights to best_model_seed3.pth (EMA validation loss without trend: 0.719895).
Epoch [50/100] | Total Loss: 0.9250 | Aux Loss: 0.1805 | Train Mixed Loss: 0.7445 (Base: 0.2720, Trend: 0.1509, DTW: 0.1059, TopK: 0.4765) | Val Mixed Loss (No Trend): 0.7217 (Base: 0.2825, DTW: 0.1262, TopK: 0.4544) | EMA Val Loss (No Trend): 0.720334 | LR: 1.01e-04
Epoch [51/100] | Total Loss: 0.9235 | Aux Loss: 0.1806 | Train Mixed Loss: 0.7429 (Base: 0.2715, Trend: 0.1508, DTW: 0.1059, TopK: 0.4734) | Val Mixed Loss (No Trend): 0.7181 (Base: 0.2778, DTW: 0.1246, TopK: 0.4704) | EMA Val Loss (No Trend): 0.719771 | LR: 9.74e-05
Saved new best weights to best_model_seed3.pth (EMA validation loss without trend: 0.719771).
Epoch [52/100] | Total Loss: 0.9104 | Aux Loss: 0.1787 | Train Mixed Loss: 0.7318 (Base: 0.2678, Trend: 0.1490, DTW: 0.1037, TopK: 0.4685) | Val Mixed Loss (No Trend): 0.7246 (Base: 0.2845, DTW: 0.1277, TopK: 0.4454) | EMA Val Loss (No Trend): 0.720975 | LR: 9.43e-05
Epoch [53/100] | Total Loss: 0.9072 | Aux Loss: 0.1787 | Train Mixed Loss: 0.7285 (Base: 0.2666, Trend: 0.1485, DTW: 0.1033, TopK: 0.4659) | Val Mixed Loss (No Trend): 0.7173 (Base: 0.2788, DTW: 0.1247, TopK: 0.4641) | EMA Val Loss (No Trend): 0.720053 | LR: 9.11e-05
Epoch [54/100] | Total Loss: 0.9133 | Aux Loss: 0.1791 | Train Mixed Loss: 0.7342 (Base: 0.2682, Trend: 0.1495, DTW: 0.1041, TopK: 0.4717) | Val Mixed Loss (No Trend): 0.7277 (Base: 0.2836, DTW: 0.1285, TopK: 0.4521) | EMA Val Loss (No Trend): 0.721964 | LR: 8.80e-05
Epoch [55/100] | Total Loss: 0.9055 | Aux Loss: 0.1777 | Train Mixed Loss: 0.7279 (Base: 0.2661, Trend: 0.1488, DTW: 0.1030, TopK: 0.4668) | Val Mixed Loss (No Trend): 0.7260 (Base: 0.2852, DTW: 0.1276, TopK: 0.4486) | EMA Val Loss (No Trend): 0.722962 | LR: 8.49e-05
Epoch [56/100] | Total Loss: 0.8953 | Aux Loss: 0.1766 | Train Mixed Loss: 0.7187 (Base: 0.2634, Trend: 0.1487, DTW: 0.1010, TopK: 0.4619) | Val Mixed Loss (No Trend): 0.7154 (Base: 0.2780, DTW: 0.1231, TopK: 0.4732) | EMA Val Loss (No Trend): 0.721063 | LR: 8.19e-05
Epoch [57/100] | Total Loss: 0.9027 | Aux Loss: 0.1786 | Train Mixed Loss: 0.7241 (Base: 0.2658, Trend: 0.1492, DTW: 0.1018, TopK: 0.4650) | Val Mixed Loss (No Trend): 0.7308 (Base: 0.2853, DTW: 0.1283, TopK: 0.4585) | EMA Val Loss (No Trend): 0.723506 | LR: 7.88e-05
Epoch [58/100] | Total Loss: 0.8950 | Aux Loss: 0.1790 | Train Mixed Loss: 0.7160 (Base: 0.2632, Trend: 0.1487, DTW: 0.1002, TopK: 0.4600) | Val Mixed Loss (No Trend): 0.7313 (Base: 0.2874, DTW: 0.1277, TopK: 0.4579) | EMA Val Loss (No Trend): 0.725447 | LR: 7.58e-05
Epoch [59/100] | Total Loss: 0.8963 | Aux Loss: 0.1771 | Train Mixed Loss: 0.7191 (Base: 0.2642, Trend: 0.1498, DTW: 0.1002, TopK: 0.4648) | Val Mixed Loss (No Trend): 0.7304 (Base: 0.2828, DTW: 0.1272, TopK: 0.4743) | EMA Val Loss (No Trend): 0.726686 | LR: 7.27e-05
Epoch [60/100] | Total Loss: 0.8887 | Aux Loss: 0.1767 | Train Mixed Loss: 0.7120 (Base: 0.2625, Trend: 0.1489, DTW: 0.0988, TopK: 0.4601) | Val Mixed Loss (No Trend): 0.7141 (Base: 0.2785, DTW: 0.1235, TopK: 0.4640) | EMA Val Loss (No Trend): 0.723539 | LR: 6.98e-05
Epoch [61/100] | Total Loss: 0.8900 | Aux Loss: 0.1768 | Train Mixed Loss: 0.7132 (Base: 0.2625, Trend: 0.1489, DTW: 0.0992, TopK: 0.4605) | Val Mixed Loss (No Trend): 0.7201 (Base: 0.2821, DTW: 0.1259, TopK: 0.4526) | EMA Val Loss (No Trend): 0.722675 | LR: 6.68e-05
Epoch [62/100] | Total Loss: 0.8890 | Aux Loss: 0.1779 | Train Mixed Loss: 0.7111 (Base: 0.2612, Trend: 0.1492, DTW: 0.0989, TopK: 0.4602) | Val Mixed Loss (No Trend): 0.7242 (Base: 0.2853, DTW: 0.1275, TopK: 0.4427) | EMA Val Loss (No Trend): 0.723044 | LR: 6.39e-05
Epoch [63/100] | Total Loss: 0.8828 | Aux Loss: 0.1760 | Train Mixed Loss: 0.7069 (Base: 0.2605, Trend: 0.1492, DTW: 0.0980, TopK: 0.4551) | Val Mixed Loss (No Trend): 0.7074 (Base: 0.2734, DTW: 0.1221, TopK: 0.4698) | EMA Val Loss (No Trend): 0.719127 | LR: 6.10e-05
Saved new best weights to best_model_seed3.pth (EMA validation loss without trend: 0.719127).
Epoch [64/100] | Total Loss: 0.8844 | Aux Loss: 0.1757 | Train Mixed Loss: 0.7087 (Base: 0.2615, Trend: 0.1496, DTW: 0.0982, TopK: 0.4561) | Val Mixed Loss (No Trend): 0.7099 (Base: 0.2749, DTW: 0.1228, TopK: 0.4676) | EMA Val Loss (No Trend): 0.716818 | LR: 5.81e-05
Saved new best weights to best_model_seed3.pth (EMA validation loss without trend: 0.716818).
Epoch [65/100] | Total Loss: 0.8735 | Aux Loss: 0.1757 | Train Mixed Loss: 0.6979 (Base: 0.2577, Trend: 0.1478, DTW: 0.0965, TopK: 0.4495) | Val Mixed Loss (No Trend): 0.7297 (Base: 0.2867, DTW: 0.1281, TopK: 0.4525) | EMA Val Loss (No Trend): 0.720049 | LR: 5.53e-05
Epoch [66/100] | Total Loss: 0.8776 | Aux Loss: 0.1766 | Train Mixed Loss: 0.7010 (Base: 0.2593, Trend: 0.1497, DTW: 0.0963, TopK: 0.4525) | Val Mixed Loss (No Trend): 0.7184 (Base: 0.2772, DTW: 0.1240, TopK: 0.4785) | EMA Val Loss (No Trend): 0.719624 | LR: 5.26e-05
Epoch [67/100] | Total Loss: 0.8732 | Aux Loss: 0.1744 | Train Mixed Loss: 0.6988 (Base: 0.2579, Trend: 0.1488, DTW: 0.0964, TopK: 0.4508) | Val Mixed Loss (No Trend): 0.7246 (Base: 0.2847, DTW: 0.1272, TopK: 0.4483) | EMA Val Loss (No Trend): 0.720871 | LR: 4.99e-05
Epoch [68/100] | Total Loss: 0.8748 | Aux Loss: 0.1751 | Train Mixed Loss: 0.6997 (Base: 0.2581, Trend: 0.1495, DTW: 0.0965, TopK: 0.4511) | Val Mixed Loss (No Trend): 0.7330 (Base: 0.2846, DTW: 0.1286, TopK: 0.4658) | EMA Val Loss (No Trend): 0.723893 | LR: 4.72e-05
Epoch [69/100] | Total Loss: 0.8674 | Aux Loss: 0.1752 | Train Mixed Loss: 0.6922 (Base: 0.2559, Trend: 0.1488, DTW: 0.0947, TopK: 0.4491) | Val Mixed Loss (No Trend): 0.7342 (Base: 0.2848, DTW: 0.1285, TopK: 0.4704) | EMA Val Loss (No Trend): 0.726461 | LR: 4.46e-05
Epoch [70/100] | Total Loss: 0.8680 | Aux Loss: 0.1743 | Train Mixed Loss: 0.6937 (Base: 0.2562, Trend: 0.1488, DTW: 0.0951, TopK: 0.4493) | Val Mixed Loss (No Trend): 0.7211 (Base: 0.2818, DTW: 0.1269, TopK: 0.4488) | EMA Val Loss (No Trend): 0.725110 | LR: 4.20e-05
Epoch [71/100] | Total Loss: 0.8644 | Aux Loss: 0.1748 | Train Mixed Loss: 0.6897 (Base: 0.2550, Trend: 0.1490, DTW: 0.0945, TopK: 0.4450) | Val Mixed Loss (No Trend): 0.7078 (Base: 0.2751, DTW: 0.1212, TopK: 0.4728) | EMA Val Loss (No Trend): 0.720786 | LR: 3.95e-05
Epoch [72/100] | Total Loss: 0.8682 | Aux Loss: 0.1752 | Train Mixed Loss: 0.6930 (Base: 0.2566, Trend: 0.1489, DTW: 0.0947, TopK: 0.4491) | Val Mixed Loss (No Trend): 0.7308 (Base: 0.2849, DTW: 0.1293, TopK: 0.4520) | EMA Val Loss (No Trend): 0.723298 | LR: 3.71e-05
Epoch [73/100] | Total Loss: 0.8615 | Aux Loss: 0.1746 | Train Mixed Loss: 0.6869 (Base: 0.2556, Trend: 0.1494, DTW: 0.0930, TopK: 0.4444) | Val Mixed Loss (No Trend): 0.7220 (Base: 0.2832, DTW: 0.1265, TopK: 0.4511) | EMA Val Loss (No Trend): 0.722986 | LR: 3.47e-05
Epoch [74/100] | Total Loss: 0.8564 | Aux Loss: 0.1742 | Train Mixed Loss: 0.6822 (Base: 0.2529, Trend: 0.1481, DTW: 0.0927, TopK: 0.4429) | Val Mixed Loss (No Trend): 0.7118 (Base: 0.2775, DTW: 0.1244, TopK: 0.4527) | EMA Val Loss (No Trend): 0.720200 | LR: 3.24e-05
Epoch [75/100] | Total Loss: 0.8627 | Aux Loss: 0.1756 | Train Mixed Loss: 0.6870 (Base: 0.2544, Trend: 0.1487, DTW: 0.0933, TopK: 0.4477) | Val Mixed Loss (No Trend): 0.7266 (Base: 0.2817, DTW: 0.1282, TopK: 0.4573) | EMA Val Loss (No Trend): 0.721807 | LR: 3.01e-05
Epoch [76/100] | Total Loss: 0.8590 | Aux Loss: 0.1727 | Train Mixed Loss: 0.6863 (Base: 0.2539, Trend: 0.1489, DTW: 0.0936, TopK: 0.4442) | Val Mixed Loss (No Trend): 0.7269 (Base: 0.2832, DTW: 0.1273, TopK: 0.4608) | EMA Val Loss (No Trend): 0.723080 | LR: 2.80e-05
Epoch [77/100] | Total Loss: 0.8563 | Aux Loss: 0.1744 | Train Mixed Loss: 0.6818 (Base: 0.2527, Trend: 0.1485, DTW: 0.0924, TopK: 0.4440) | Val Mixed Loss (No Trend): 0.7215 (Base: 0.2803, DTW: 0.1252, TopK: 0.4692) | EMA Val Loss (No Trend): 0.722676 | LR: 2.59e-05
Epoch [78/100] | Total Loss: 0.8535 | Aux Loss: 0.1724 | Train Mixed Loss: 0.6811 (Base: 0.2532, Trend: 0.1489, DTW: 0.0920, TopK: 0.4423) | Val Mixed Loss (No Trend): 0.7217 (Base: 0.2807, DTW: 0.1266, TopK: 0.4576) | EMA Val Loss (No Trend): 0.722443 | LR: 2.38e-05
Epoch [79/100] | Total Loss: 0.8525 | Aux Loss: 0.1743 | Train Mixed Loss: 0.6782 (Base: 0.2522, Trend: 0.1484, DTW: 0.0913, TopK: 0.4422) | Val Mixed Loss (No Trend): 0.7076 (Base: 0.2749, DTW: 0.1227, TopK: 0.4608) | EMA Val Loss (No Trend): 0.718739 | LR: 2.19e-05
Epoch [80/100] | Total Loss: 0.8455 | Aux Loss: 0.1720 | Train Mixed Loss: 0.6735 (Base: 0.2505, Trend: 0.1479, DTW: 0.0905, TopK: 0.4393) | Val Mixed Loss (No Trend): 0.7075 (Base: 0.2771, DTW: 0.1223, TopK: 0.4559) | EMA Val Loss (No Trend): 0.715917 | LR: 2.00e-05
Saved new best weights to best_model_seed3.pth (EMA validation loss without trend: 0.715917).
Epoch [81/100] | Total Loss: 0.8452 | Aux Loss: 0.1723 | Train Mixed Loss: 0.6729 (Base: 0.2506, Trend: 0.1480, DTW: 0.0906, TopK: 0.4360) | Val Mixed Loss (No Trend): 0.7209 (Base: 0.2830, DTW: 0.1256, TopK: 0.4549) | EMA Val Loss (No Trend): 0.717166 | LR: 1.82e-05
Epoch [82/100] | Total Loss: 0.8474 | Aux Loss: 0.1730 | Train Mixed Loss: 0.6743 (Base: 0.2506, Trend: 0.1484, DTW: 0.0909, TopK: 0.4379) | Val Mixed Loss (No Trend): 0.7115 (Base: 0.2775, DTW: 0.1238, TopK: 0.4559) | EMA Val Loss (No Trend): 0.715753 | LR: 1.65e-05
Saved new best weights to best_model_seed3.pth (EMA validation loss without trend: 0.715753).
Epoch [83/100] | Total Loss: 0.8459 | Aux Loss: 0.1719 | Train Mixed Loss: 0.6740 (Base: 0.2508, Trend: 0.1480, DTW: 0.0907, TopK: 0.4381) | Val Mixed Loss (No Trend): 0.7266 (Base: 0.2842, DTW: 0.1275, TopK: 0.4543) | EMA Val Loss (No Trend): 0.718470 | LR: 1.49e-05
Epoch [84/100] | Total Loss: 0.8420 | Aux Loss: 0.1711 | Train Mixed Loss: 0.6708 (Base: 0.2497, Trend: 0.1483, DTW: 0.0898, TopK: 0.4384) | Val Mixed Loss (No Trend): 0.7095 (Base: 0.2781, DTW: 0.1227, TopK: 0.4561) | EMA Val Loss (No Trend): 0.716227 | LR: 1.33e-05
Epoch [85/100] | Total Loss: 0.8505 | Aux Loss: 0.1735 | Train Mixed Loss: 0.6770 (Base: 0.2516, Trend: 0.1489, DTW: 0.0915, TopK: 0.4384) | Val Mixed Loss (No Trend): 0.7234 (Base: 0.2815, DTW: 0.1263, TopK: 0.4626) | EMA Val Loss (No Trend): 0.718014 | LR: 1.18e-05
Epoch [86/100] | Total Loss: 0.8444 | Aux Loss: 0.1716 | Train Mixed Loss: 0.6729 (Base: 0.2503, Trend: 0.1491, DTW: 0.0903, TopK: 0.4379) | Val Mixed Loss (No Trend): 0.7350 (Base: 0.2831, DTW: 0.1299, TopK: 0.4667) | EMA Val Loss (No Trend): 0.722252 | LR: 1.05e-05
Epoch [87/100] | Total Loss: 0.8389 | Aux Loss: 0.1725 | Train Mixed Loss: 0.6663 (Base: 0.2486, Trend: 0.1480, DTW: 0.0891, TopK: 0.4330) | Val Mixed Loss (No Trend): 0.7265 (Base: 0.2831, DTW: 0.1275, TopK: 0.4583) | EMA Val Loss (No Trend): 0.723304 | LR: 9.18e-06
Epoch [88/100] | Total Loss: 0.8434 | Aux Loss: 0.1728 | Train Mixed Loss: 0.6705 (Base: 0.2501, Trend: 0.1489, DTW: 0.0894, TopK: 0.4381) | Val Mixed Loss (No Trend): 0.7330 (Base: 0.2864, DTW: 0.1289, TopK: 0.4569) | EMA Val Loss (No Trend): 0.725720 | LR: 7.99e-06
Epoch [89/100] | Total Loss: 0.8390 | Aux Loss: 0.1707 | Train Mixed Loss: 0.6683 (Base: 0.2485, Trend: 0.1483, DTW: 0.0896, TopK: 0.4353) | Val Mixed Loss (No Trend): 0.7186 (Base: 0.2817, DTW: 0.1257, TopK: 0.4513) | EMA Val Loss (No Trend): 0.723947 | LR: 6.88e-06
Epoch [90/100] | Total Loss: 0.8417 | Aux Loss: 0.1719 | Train Mixed Loss: 0.6698 (Base: 0.2493, Trend: 0.1486, DTW: 0.0901, TopK: 0.4336) | Val Mixed Loss (No Trend): 0.7257 (Base: 0.2803, DTW: 0.1275, TopK: 0.4647) | EMA Val Loss (No Trend): 0.724380 | LR: 5.87e-06
Epoch [91/100] | Total Loss: 0.8346 | Aux Loss: 0.1720 | Train Mixed Loss: 0.6627 (Base: 0.2473, Trend: 0.1477, DTW: 0.0884, TopK: 0.4310) | Val Mixed Loss (No Trend): 0.7304 (Base: 0.2838, DTW: 0.1278, TopK: 0.4666) | EMA Val Loss (No Trend): 0.725897 | LR: 4.95e-06
Epoch [92/100] | Total Loss: 0.8300 | Aux Loss: 0.1712 | Train Mixed Loss: 0.6589 (Base: 0.2458, Trend: 0.1471, DTW: 0.0877, TopK: 0.4305) | Val Mixed Loss (No Trend): 0.7180 (Base: 0.2817, DTW: 0.1241, TopK: 0.4614) | EMA Val Loss (No Trend): 0.723920 | LR: 4.13e-06
Epoch [93/100] | Total Loss: 0.8422 | Aux Loss: 0.1717 | Train Mixed Loss: 0.6705 (Base: 0.2490, Trend: 0.1487, DTW: 0.0898, TopK: 0.4388) | Val Mixed Loss (No Trend): 0.7241 (Base: 0.2815, DTW: 0.1266, TopK: 0.4626) | EMA Val Loss (No Trend): 0.723970 | LR: 3.40e-06
Epoch [94/100] | Total Loss: 0.8392 | Aux Loss: 0.1720 | Train Mixed Loss: 0.6672 (Base: 0.2488, Trend: 0.1484, DTW: 0.0890, TopK: 0.4358) | Val Mixed Loss (No Trend): 0.7208 (Base: 0.2800, DTW: 0.1261, TopK: 0.4608) | EMA Val Loss (No Trend): 0.723180 | LR: 2.76e-06
Epoch [95/100] | Total Loss: 0.8384 | Aux Loss: 0.1736 | Train Mixed Loss: 0.6649 (Base: 0.2477, Trend: 0.1478, DTW: 0.0889, TopK: 0.4335) | Val Mixed Loss (No Trend): 0.7260 (Base: 0.2827, DTW: 0.1269, TopK: 0.4621) | EMA Val Loss (No Trend): 0.723892 | LR: 2.23e-06
Epoch [96/100] | Total Loss: 0.8393 | Aux Loss: 0.1731 | Train Mixed Loss: 0.6662 (Base: 0.2488, Trend: 0.1485, DTW: 0.0887, TopK: 0.4340) | Val Mixed Loss (No Trend): 0.7325 (Base: 0.2851, DTW: 0.1291, TopK: 0.4585) | EMA Val Loss (No Trend): 0.726042 | LR: 1.78e-06
Epoch [97/100] | Total Loss: 0.8341 | Aux Loss: 0.1727 | Train Mixed Loss: 0.6615 (Base: 0.2470, Trend: 0.1479, DTW: 0.0880, TopK: 0.4316) | Val Mixed Loss (No Trend): 0.7189 (Base: 0.2798, DTW: 0.1255, TopK: 0.4594) | EMA Val Loss (No Trend): 0.724255 | LR: 1.44e-06
Epoch [98/100] | Total Loss: 0.8351 | Aux Loss: 0.1718 | Train Mixed Loss: 0.6633 (Base: 0.2475, Trend: 0.1479, DTW: 0.0882, TopK: 0.4344) | Val Mixed Loss (No Trend): 0.7227 (Base: 0.2823, DTW: 0.1260, TopK: 0.4595) | EMA Val Loss (No Trend): 0.723864 | LR: 1.20e-06
Epoch [99/100] | Total Loss: 0.8349 | Aux Loss: 0.1707 | Train Mixed Loss: 0.6642 (Base: 0.2477, Trend: 0.1487, DTW: 0.0882, TopK: 0.4348) | Val Mixed Loss (No Trend): 0.7190 (Base: 0.2808, DTW: 0.1259, TopK: 0.4534) | EMA Val Loss (No Trend): 0.722649 | LR: 1.05e-06
Epoch [100/100] | Total Loss: 0.8383 | Aux Loss: 0.1723 | Train Mixed Loss: 0.6659 (Base: 0.2483, Trend: 0.1487, DTW: 0.0887, TopK: 0.4344) | Val Mixed Loss (No Trend): 0.7238 (Base: 0.2819, DTW: 0.1268, TopK: 0.4587) | EMA Val Loss (No Trend): 0.722948 | LR: 2.00e-04
