Starting experiment (seed=2)
Device: cuda:0
Building static profile features from historical data...
Total trainable parameters: 5,010,690
Epoch [1/100] | Total Loss: 1.3428 | Aux Loss: 0.2858 | Train Mixed Loss: 1.0569 (Base: 0.3418, Trend: 0.1657, DTW: 0.1890, TopK: 0.5960) | Val Mixed Loss (No Trend): 0.8545 (Base: 0.3125, DTW: 0.1561, TopK: 0.5577) | EMA Val Loss (No Trend): 0.854480 | LR: 2.00e-04
Saved new best weights to best_model_seed2.pth (EMA validation loss without trend: 0.854480).
Epoch [2/100] | Total Loss: 1.2240 | Aux Loss: 0.2355 | Train Mixed Loss: 0.9884 (Base: 0.3321, Trend: 0.1599, DTW: 0.1675, TopK: 0.5810) | Val Mixed Loss (No Trend): 0.8189 (Base: 0.3025, DTW: 0.1471, TopK: 0.5448) | EMA Val Loss (No Trend): 0.845597 | LR: 2.00e-04
Saved new best weights to best_model_seed2.pth (EMA validation loss without trend: 0.845597).
Epoch [3/100] | Total Loss: 1.1809 | Aux Loss: 0.2258 | Train Mixed Loss: 0.9551 (Base: 0.3251, Trend: 0.1595, DTW: 0.1580, TopK: 0.5701) | Val Mixed Loss (No Trend): 0.8616 (Base: 0.3305, DTW: 0.1600, TopK: 0.4906) | EMA Val Loss (No Trend): 0.849594 | LR: 2.00e-04
Epoch [4/100] | Total Loss: 1.1598 | Aux Loss: 0.2184 | Train Mixed Loss: 0.9414 (Base: 0.3219, Trend: 0.1601, DTW: 0.1536, TopK: 0.5690) | Val Mixed Loss (No Trend): 0.8283 (Base: 0.3157, DTW: 0.1544, TopK: 0.4736) | EMA Val Loss (No Trend): 0.844270 | LR: 1.99e-04
Saved new best weights to best_model_seed2.pth (EMA validation loss without trend: 0.844270).
Epoch [5/100] | Total Loss: 1.1413 | Aux Loss: 0.2165 | Train Mixed Loss: 0.9248 (Base: 0.3176, Trend: 0.1585, DTW: 0.1502, TopK: 0.5588) | Val Mixed Loss (No Trend): 0.8006 (Base: 0.2962, DTW: 0.1418, TopK: 0.5471) | EMA Val Loss (No Trend): 0.833362 | LR: 1.99e-04
Saved new best weights to best_model_seed2.pth (EMA validation loss without trend: 0.833362).
Epoch [6/100] | Total Loss: 1.1344 | Aux Loss: 0.2125 | Train Mixed Loss: 0.9219 (Base: 0.3168, Trend: 0.1590, DTW: 0.1491, TopK: 0.5594) | Val Mixed Loss (No Trend): 0.8071 (Base: 0.3031, DTW: 0.1511, TopK: 0.4710) | EMA Val Loss (No Trend): 0.826795 | LR: 1.98e-04
Saved new best weights to best_model_seed2.pth (EMA validation loss without trend: 0.826795).
Epoch [7/100] | Total Loss: 1.1153 | Aux Loss: 0.2125 | Train Mixed Loss: 0.9028 (Base: 0.3112, Trend: 0.1564, DTW: 0.1452, TopK: 0.5498) | Val Mixed Loss (No Trend): 0.7937 (Base: 0.3042, DTW: 0.1429, TopK: 0.4883) | EMA Val Loss (No Trend): 0.818512 | LR: 1.98e-04
Saved new best weights to best_model_seed2.pth (EMA validation loss without trend: 0.818512).
Epoch [8/100] | Total Loss: 1.0989 | Aux Loss: 0.2103 | Train Mixed Loss: 0.8886 (Base: 0.3077, Trend: 0.1555, DTW: 0.1416, TopK: 0.5446) | Val Mixed Loss (No Trend): 0.7738 (Base: 0.2911, DTW: 0.1400, TopK: 0.4893) | EMA Val Loss (No Trend): 0.807341 | LR: 1.97e-04
Saved new best weights to best_model_seed2.pth (EMA validation loss without trend: 0.807341).
Epoch [9/100] | Total Loss: 1.0956 | Aux Loss: 0.2098 | Train Mixed Loss: 0.8858 (Base: 0.3078, Trend: 0.1561, DTW: 0.1405, TopK: 0.5421) | Val Mixed Loss (No Trend): 0.7588 (Base: 0.2892, DTW: 0.1303, TopK: 0.5230) | EMA Val Loss (No Trend): 0.795218 | LR: 1.96e-04
Saved new best weights to best_model_seed2.pth (EMA validation loss without trend: 0.795218).
Epoch [10/100] | Total Loss: 1.0818 | Aux Loss: 0.2077 | Train Mixed Loss: 0.8741 (Base: 0.3050, Trend: 0.1550, DTW: 0.1380, TopK: 0.5347) | Val Mixed Loss (No Trend): 0.7674 (Base: 0.2902, DTW: 0.1348, TopK: 0.5123) | EMA Val Loss (No Trend): 0.788251 | LR: 1.95e-04
Saved new best weights to best_model_seed2.pth (EMA validation loss without trend: 0.788251).
Epoch [11/100] | Total Loss: 1.0783 | Aux Loss: 0.2052 | Train Mixed Loss: 0.8731 (Base: 0.3039, Trend: 0.1552, DTW: 0.1377, TopK: 0.5374) | Val Mixed Loss (No Trend): 0.7513 (Base: 0.2894, DTW: 0.1313, TopK: 0.4893) | EMA Val Loss (No Trend): 0.779012 | LR: 1.94e-04
Saved new best weights to best_model_seed2.pth (EMA validation loss without trend: 0.779012).
Epoch [12/100] | Total Loss: 1.0704 | Aux Loss: 0.2046 | Train Mixed Loss: 0.8658 (Base: 0.3034, Trend: 0.1548, DTW: 0.1354, TopK: 0.5337) | Val Mixed Loss (No Trend): 0.7476 (Base: 0.2895, DTW: 0.1316, TopK: 0.4740) | EMA Val Loss (No Trend): 0.771161 | LR: 1.93e-04
Saved new best weights to best_model_seed2.pth (EMA validation loss without trend: 0.771161).
Epoch [13/100] | Total Loss: 1.0650 | Aux Loss: 0.2035 | Train Mixed Loss: 0.8616 (Base: 0.3019, Trend: 0.1548, DTW: 0.1343, TopK: 0.5332) | Val Mixed Loss (No Trend): 0.7547 (Base: 0.2910, DTW: 0.1326, TopK: 0.4853) | EMA Val Loss (No Trend): 0.767054 | LR: 1.92e-04
Saved new best weights to best_model_seed2.pth (EMA validation loss without trend: 0.767054).
Epoch [14/100] | Total Loss: 1.0566 | Aux Loss: 0.2015 | Train Mixed Loss: 0.8551 (Base: 0.3000, Trend: 0.1548, DTW: 0.1327, TopK: 0.5311) | Val Mixed Loss (No Trend): 0.7650 (Base: 0.2925, DTW: 0.1364, TopK: 0.4839) | EMA Val Loss (No Trend): 0.766541 | LR: 1.91e-04
Saved new best weights to best_model_seed2.pth (EMA validation loss without trend: 0.766541).
Epoch [15/100] | Total Loss: 1.0578 | Aux Loss: 0.2021 | Train Mixed Loss: 0.8557 (Base: 0.3001, Trend: 0.1546, DTW: 0.1333, TopK: 0.5277) | Val Mixed Loss (No Trend): 0.7537 (Base: 0.2914, DTW: 0.1323, TopK: 0.4826) | EMA Val Loss (No Trend): 0.763321 | LR: 1.89e-04
Saved new best weights to best_model_seed2.pth (EMA validation loss without trend: 0.763321).
Epoch [16/100] | Total Loss: 1.0438 | Aux Loss: 0.2014 | Train Mixed Loss: 0.8424 (Base: 0.2971, Trend: 0.1534, DTW: 0.1303, TopK: 0.5197) | Val Mixed Loss (No Trend): 0.7629 (Base: 0.2938, DTW: 0.1358, TopK: 0.4773) | EMA Val Loss (No Trend): 0.763222 | LR: 1.88e-04
Saved new best weights to best_model_seed2.pth (EMA validation loss without trend: 0.763222).
Epoch [17/100] | Total Loss: 1.0347 | Aux Loss: 0.1997 | Train Mixed Loss: 0.8350 (Base: 0.2954, Trend: 0.1536, DTW: 0.1282, TopK: 0.5171) | Val Mixed Loss (No Trend): 0.7516 (Base: 0.2877, DTW: 0.1350, TopK: 0.4662) | EMA Val Loss (No Trend): 0.760320 | LR: 1.86e-04
Saved new best weights to best_model_seed2.pth (EMA validation loss without trend: 0.760320).
Epoch [18/100] | Total Loss: 1.0390 | Aux Loss: 0.1977 | Train Mixed Loss: 0.8413 (Base: 0.2969, Trend: 0.1541, DTW: 0.1294, TopK: 0.5226) | Val Mixed Loss (No Trend): 0.7448 (Base: 0.2820, DTW: 0.1324, TopK: 0.4836) | EMA Val Loss (No Trend): 0.756433 | LR: 1.85e-04
Saved new best weights to best_model_seed2.pth (EMA validation loss without trend: 0.756433).
Epoch [19/100] | Total Loss: 1.0318 | Aux Loss: 0.1975 | Train Mixed Loss: 0.8343 (Base: 0.2955, Trend: 0.1527, DTW: 0.1277, TopK: 0.5201) | Val Mixed Loss (No Trend): 0.7390 (Base: 0.2859, DTW: 0.1279, TopK: 0.4868) | EMA Val Loss (No Trend): 0.752077 | LR: 1.83e-04
Saved new best weights to best_model_seed2.pth (EMA validation loss without trend: 0.752077).
Epoch [20/100] | Total Loss: 1.0255 | Aux Loss: 0.1955 | Train Mixed Loss: 0.8300 (Base: 0.2944, Trend: 0.1529, DTW: 0.1265, TopK: 0.5186) | Val Mixed Loss (No Trend): 0.7364 (Base: 0.2807, DTW: 0.1283, TopK: 0.4925) | EMA Val Loss (No Trend): 0.748152 | LR: 1.81e-04
Saved new best weights to best_model_seed2.pth (EMA validation loss without trend: 0.748152).
Epoch [21/100] | Total Loss: 1.0209 | Aux Loss: 0.1937 | Train Mixed Loss: 0.8272 (Base: 0.2937, Trend: 0.1539, DTW: 0.1258, TopK: 0.5159) | Val Mixed Loss (No Trend): 0.7265 (Base: 0.2804, DTW: 0.1284, TopK: 0.4601) | EMA Val Loss (No Trend): 0.742748 | LR: 1.79e-04
Saved new best weights to best_model_seed2.pth (EMA validation loss without trend: 0.742748).
Epoch [22/100] | Total Loss: 1.0239 | Aux Loss: 0.1935 | Train Mixed Loss: 0.8304 (Base: 0.2942, Trend: 0.1541, DTW: 0.1266, TopK: 0.5180) | Val Mixed Loss (No Trend): 0.7609 (Base: 0.2979, DTW: 0.1360, TopK: 0.4553) | EMA Val Loss (No Trend): 0.747281 | LR: 1.77e-04
Epoch [23/100] | Total Loss: 1.0113 | Aux Loss: 0.1931 | Train Mixed Loss: 0.8182 (Base: 0.2908, Trend: 0.1524, DTW: 0.1245, TopK: 0.5080) | Val Mixed Loss (No Trend): 0.7415 (Base: 0.2848, DTW: 0.1299, TopK: 0.4836) | EMA Val Loss (No Trend): 0.745842 | LR: 1.75e-04
Epoch [24/100] | Total Loss: 1.0095 | Aux Loss: 0.1937 | Train Mixed Loss: 0.8158 (Base: 0.2908, Trend: 0.1533, DTW: 0.1228, TopK: 0.5122) | Val Mixed Loss (No Trend): 0.7594 (Base: 0.2965, DTW: 0.1360, TopK: 0.4549) | EMA Val Loss (No Trend): 0.749232 | LR: 1.73e-04
Epoch [25/100] | Total Loss: 1.0039 | Aux Loss: 0.1915 | Train Mixed Loss: 0.8124 (Base: 0.2900, Trend: 0.1529, DTW: 0.1226, TopK: 0.5059) | Val Mixed Loss (No Trend): 0.7265 (Base: 0.2815, DTW: 0.1251, TopK: 0.4829) | EMA Val Loss (No Trend): 0.743538 | LR: 1.71e-04
Epoch [26/100] | Total Loss: 0.9969 | Aux Loss: 0.1928 | Train Mixed Loss: 0.8041 (Base: 0.2874, Trend: 0.1523, DTW: 0.1206, TopK: 0.5034) | Val Mixed Loss (No Trend): 0.7402 (Base: 0.2909, DTW: 0.1312, TopK: 0.4481) | EMA Val Loss (No Trend): 0.742712 | LR: 1.69e-04
Saved new best weights to best_model_seed2.pth (EMA validation loss without trend: 0.742712).
Epoch [27/100] | Total Loss: 0.9975 | Aux Loss: 0.1892 | Train Mixed Loss: 0.8083 (Base: 0.2886, Trend: 0.1524, DTW: 0.1213, TopK: 0.5077) | Val Mixed Loss (No Trend): 0.7581 (Base: 0.2956, DTW: 0.1360, TopK: 0.4540) | EMA Val Loss (No Trend): 0.746570 | LR: 1.66e-04
Epoch [28/100] | Total Loss: 0.9944 | Aux Loss: 0.1904 | Train Mixed Loss: 0.8040 (Base: 0.2881, Trend: 0.1525, DTW: 0.1200, TopK: 0.5056) | Val Mixed Loss (No Trend): 0.7532 (Base: 0.2947, DTW: 0.1358, TopK: 0.4422) | EMA Val Loss (No Trend): 0.748235 | LR: 1.64e-04
Epoch [29/100] | Total Loss: 0.9982 | Aux Loss: 0.1897 | Train Mixed Loss: 0.8084 (Base: 0.2895, Trend: 0.1532, DTW: 0.1211, TopK: 0.5053) | Val Mixed Loss (No Trend): 0.7230 (Base: 0.2740, DTW: 0.1252, TopK: 0.4953) | EMA Val Loss (No Trend): 0.741919 | LR: 1.61e-04
Saved new best weights to best_model_seed2.pth (EMA validation loss without trend: 0.741919).
Epoch [30/100] | Total Loss: 0.9920 | Aux Loss: 0.1899 | Train Mixed Loss: 0.8021 (Base: 0.2869, Trend: 0.1520, DTW: 0.1197, TopK: 0.5062) | Val Mixed Loss (No Trend): 0.7411 (Base: 0.2888, DTW: 0.1311, TopK: 0.4590) | EMA Val Loss (No Trend): 0.741716 | LR: 1.59e-04
Saved new best weights to best_model_seed2.pth (EMA validation loss without trend: 0.741716).
Epoch [31/100] | Total Loss: 0.9852 | Aux Loss: 0.1882 | Train Mixed Loss: 0.7970 (Base: 0.2857, Trend: 0.1522, DTW: 0.1186, TopK: 0.5020) | Val Mixed Loss (No Trend): 0.7217 (Base: 0.2786, DTW: 0.1248, TopK: 0.4784) | EMA Val Loss (No Trend): 0.736712 | LR: 1.56e-04
Saved new best weights to best_model_seed2.pth (EMA validation loss without trend: 0.736712).
Epoch [32/100] | Total Loss: 0.9823 | Aux Loss: 0.1897 | Train Mixed Loss: 0.7926 (Base: 0.2836, Trend: 0.1523, DTW: 0.1178, TopK: 0.5005) | Val Mixed Loss (No Trend): 0.7270 (Base: 0.2829, DTW: 0.1294, TopK: 0.4452) | EMA Val Loss (No Trend): 0.734285 | LR: 1.54e-04
Saved new best weights to best_model_seed2.pth (EMA validation loss without trend: 0.734285).
Epoch [33/100] | Total Loss: 0.9734 | Aux Loss: 0.1861 | Train Mixed Loss: 0.7873 (Base: 0.2825, Trend: 0.1521, DTW: 0.1165, TopK: 0.4973) | Val Mixed Loss (No Trend): 0.7379 (Base: 0.2875, DTW: 0.1305, TopK: 0.4571) | EMA Val Loss (No Trend): 0.735183 | LR: 1.51e-04
Epoch [34/100] | Total Loss: 0.9759 | Aux Loss: 0.1867 | Train Mixed Loss: 0.7892 (Base: 0.2831, Trend: 0.1526, DTW: 0.1170, TopK: 0.4966) | Val Mixed Loss (No Trend): 0.7383 (Base: 0.2894, DTW: 0.1305, TopK: 0.4520) | EMA Val Loss (No Trend): 0.735958 | LR: 1.48e-04
Epoch [35/100] | Total Loss: 0.9704 | Aux Loss: 0.1875 | Train Mixed Loss: 0.7830 (Base: 0.2815, Trend: 0.1515, DTW: 0.1154, TopK: 0.4964) | Val Mixed Loss (No Trend): 0.7301 (Base: 0.2869, DTW: 0.1277, TopK: 0.4556) | EMA Val Loss (No Trend): 0.734499 | LR: 1.46e-04
Epoch [36/100] | Total Loss: 0.9696 | Aux Loss: 0.1865 | Train Mixed Loss: 0.7830 (Base: 0.2818, Trend: 0.1525, DTW: 0.1152, TopK: 0.4952) | Val Mixed Loss (No Trend): 0.7356 (Base: 0.2877, DTW: 0.1306, TopK: 0.4486) | EMA Val Loss (No Trend): 0.734783 | LR: 1.43e-04
Epoch [37/100] | Total Loss: 0.9592 | Aux Loss: 0.1841 | Train Mixed Loss: 0.7751 (Base: 0.2794, Trend: 0.1516, DTW: 0.1136, TopK: 0.4909) | Val Mixed Loss (No Trend): 0.7322 (Base: 0.2804, DTW: 0.1293, TopK: 0.4713) | EMA Val Loss (No Trend): 0.734138 | LR: 1.40e-04
Saved new best weights to best_model_seed2.pth (EMA validation loss without trend: 0.734138).
Epoch [38/100] | Total Loss: 0.9601 | Aux Loss: 0.1847 | Train Mixed Loss: 0.7754 (Base: 0.2795, Trend: 0.1509, DTW: 0.1137, TopK: 0.4917) | Val Mixed Loss (No Trend): 0.7250 (Base: 0.2858, DTW: 0.1262, TopK: 0.4546) | EMA Val Loss (No Trend): 0.731852 | LR: 1.37e-04
Saved new best weights to best_model_seed2.pth (EMA validation loss without trend: 0.731852).
Epoch [39/100] | Total Loss: 0.9521 | Aux Loss: 0.1827 | Train Mixed Loss: 0.7694 (Base: 0.2782, Trend: 0.1504, DTW: 0.1122, TopK: 0.4888) | Val Mixed Loss (No Trend): 0.7205 (Base: 0.2779, DTW: 0.1248, TopK: 0.4769) | EMA Val Loss (No Trend): 0.729023 | LR: 1.34e-04
Saved new best weights to best_model_seed2.pth (EMA validation loss without trend: 0.729023).
Epoch [40/100] | Total Loss: 0.9545 | Aux Loss: 0.1824 | Train Mixed Loss: 0.7722 (Base: 0.2784, Trend: 0.1515, DTW: 0.1126, TopK: 0.4923) | Val Mixed Loss (No Trend): 0.7338 (Base: 0.2798, DTW: 0.1299, TopK: 0.4742) | EMA Val Loss (No Trend): 0.730220 | LR: 1.31e-04
Epoch [41/100] | Total Loss: 0.9512 | Aux Loss: 0.1834 | Train Mixed Loss: 0.7677 (Base: 0.2774, Trend: 0.1513, DTW: 0.1117, TopK: 0.4887) | Val Mixed Loss (No Trend): 0.7389 (Base: 0.2876, DTW: 0.1309, TopK: 0.4569) | EMA Val Loss (No Trend): 0.732381 | LR: 1.28e-04
Epoch [42/100] | Total Loss: 0.9467 | Aux Loss: 0.1831 | Train Mixed Loss: 0.7637 (Base: 0.2760, Trend: 0.1509, DTW: 0.1111, TopK: 0.4855) | Val Mixed Loss (No Trend): 0.7203 (Base: 0.2776, DTW: 0.1254, TopK: 0.4724) | EMA Val Loss (No Trend): 0.729369 | LR: 1.25e-04
Epoch [43/100] | Total Loss: 0.9462 | Aux Loss: 0.1833 | Train Mixed Loss: 0.7629 (Base: 0.2758, Trend: 0.1520, DTW: 0.1108, TopK: 0.4840) | Val Mixed Loss (No Trend): 0.7206 (Base: 0.2812, DTW: 0.1248, TopK: 0.4662) | EMA Val Loss (No Trend): 0.727182 | LR: 1.22e-04
Saved new best weights to best_model_seed2.pth (EMA validation loss without trend: 0.727182).
Epoch [44/100] | Total Loss: 0.9407 | Aux Loss: 0.1831 | Train Mixed Loss: 0.7576 (Base: 0.2747, Trend: 0.1513, DTW: 0.1093, TopK: 0.4834) | Val Mixed Loss (No Trend): 0.7159 (Base: 0.2772, DTW: 0.1240, TopK: 0.4702) | EMA Val Loss (No Trend): 0.724355 | LR: 1.19e-04
Saved new best weights to best_model_seed2.pth (EMA validation loss without trend: 0.724355).
Epoch [45/100] | Total Loss: 0.9366 | Aux Loss: 0.1800 | Train Mixed Loss: 0.7566 (Base: 0.2749, Trend: 0.1514, DTW: 0.1089, TopK: 0.4818) | Val Mixed Loss (No Trend): 0.7256 (Base: 0.2853, DTW: 0.1281, TopK: 0.4434) | EMA Val Loss (No Trend): 0.724678 | LR: 1.16e-04
Epoch [46/100] | Total Loss: 0.9308 | Aux Loss: 0.1796 | Train Mixed Loss: 0.7512 (Base: 0.2722, Trend: 0.1511, DTW: 0.1079, TopK: 0.4815) | Val Mixed Loss (No Trend): 0.7245 (Base: 0.2785, DTW: 0.1262, TopK: 0.4769) | EMA Val Loss (No Trend): 0.724628 | LR: 1.13e-04
Epoch [47/100] | Total Loss: 0.9323 | Aux Loss: 0.1809 | Train Mixed Loss: 0.7514 (Base: 0.2728, Trend: 0.1519, DTW: 0.1076, TopK: 0.4814) | Val Mixed Loss (No Trend): 0.7364 (Base: 0.2892, DTW: 0.1300, TopK: 0.4507) | EMA Val Loss (No Trend): 0.727561 | LR: 1.10e-04
Epoch [48/100] | Total Loss: 0.9339 | Aux Loss: 0.1795 | Train Mixed Loss: 0.7544 (Base: 0.2735, Trend: 0.1519, DTW: 0.1084, TopK: 0.4826) | Val Mixed Loss (No Trend): 0.7222 (Base: 0.2803, DTW: 0.1260, TopK: 0.4648) | EMA Val Loss (No Trend): 0.726214 | LR: 1.07e-04
Epoch [49/100] | Total Loss: 0.9264 | Aux Loss: 0.1806 | Train Mixed Loss: 0.7459 (Base: 0.2708, Trend: 0.1509, DTW: 0.1069, TopK: 0.4767) | Val Mixed Loss (No Trend): 0.7165 (Base: 0.2794, DTW: 0.1243, TopK: 0.4628) | EMA Val Loss (No Trend): 0.723796 | LR: 1.04e-04
Saved new best weights to best_model_seed2.pth (EMA validation loss without trend: 0.723796).
Epoch [50/100] | Total Loss: 0.9264 | Aux Loss: 0.1778 | Train Mixed Loss: 0.7486 (Base: 0.2722, Trend: 0.1514, DTW: 0.1071, TopK: 0.4794) | Val Mixed Loss (No Trend): 0.7334 (Base: 0.2835, DTW: 0.1282, TopK: 0.4742) | EMA Val Loss (No Trend): 0.726193 | LR: 1.01e-04
Epoch [51/100] | Total Loss: 0.9132 | Aux Loss: 0.1781 | Train Mixed Loss: 0.7352 (Base: 0.2685, Trend: 0.1508, DTW: 0.1041, TopK: 0.4714) | Val Mixed Loss (No Trend): 0.7283 (Base: 0.2842, DTW: 0.1279, TopK: 0.4574) | EMA Val Loss (No Trend): 0.726730 | LR: 9.74e-05
Epoch [52/100] | Total Loss: 0.9212 | Aux Loss: 0.1783 | Train Mixed Loss: 0.7429 (Base: 0.2710, Trend: 0.1519, DTW: 0.1056, TopK: 0.4752) | Val Mixed Loss (No Trend): 0.7137 (Base: 0.2755, DTW: 0.1235, TopK: 0.4728) | EMA Val Loss (No Trend): 0.723470 | LR: 9.43e-05
Saved new best weights to best_model_seed2.pth (EMA validation loss without trend: 0.723470).
Epoch [53/100] | Total Loss: 0.9146 | Aux Loss: 0.1802 | Train Mixed Loss: 0.7343 (Base: 0.2682, Trend: 0.1502, DTW: 0.1042, TopK: 0.4694) | Val Mixed Loss (No Trend): 0.7363 (Base: 0.2845, DTW: 0.1300, TopK: 0.4662) | EMA Val Loss (No Trend): 0.726682 | LR: 9.11e-05
Epoch [54/100] | Total Loss: 0.9161 | Aux Loss: 0.1776 | Train Mixed Loss: 0.7385 (Base: 0.2693, Trend: 0.1523, DTW: 0.1047, TopK: 0.4724) | Val Mixed Loss (No Trend): 0.7194 (Base: 0.2830, DTW: 0.1250, TopK: 0.4544) | EMA Val Loss (No Trend): 0.724857 | LR: 8.80e-05
Epoch [55/100] | Total Loss: 0.9081 | Aux Loss: 0.1752 | Train Mixed Loss: 0.7329 (Base: 0.2672, Trend: 0.1517, DTW: 0.1037, TopK: 0.4699) | Val Mixed Loss (No Trend): 0.7211 (Base: 0.2802, DTW: 0.1260, TopK: 0.4616) | EMA Val Loss (No Trend): 0.723917 | LR: 8.49e-05
Epoch [56/100] | Total Loss: 0.9056 | Aux Loss: 0.1748 | Train Mixed Loss: 0.7308 (Base: 0.2672, Trend: 0.1513, DTW: 0.1030, TopK: 0.4692) | Val Mixed Loss (No Trend): 0.7231 (Base: 0.2820, DTW: 0.1259, TopK: 0.4631) | EMA Val Loss (No Trend): 0.723710 | LR: 8.19e-05
Epoch [57/100] | Total Loss: 0.9066 | Aux Loss: 0.1767 | Train Mixed Loss: 0.7299 (Base: 0.2669, Trend: 0.1514, DTW: 0.1028, TopK: 0.4682) | Val Mixed Loss (No Trend): 0.7277 (Base: 0.2830, DTW: 0.1262, TopK: 0.4728) | EMA Val Loss (No Trend): 0.724707 | LR: 7.88e-05
Epoch [58/100] | Total Loss: 0.9011 | Aux Loss: 0.1754 | Train Mixed Loss: 0.7256 (Base: 0.2654, Trend: 0.1506, DTW: 0.1020, TopK: 0.4672) | Val Mixed Loss (No Trend): 0.7182 (Base: 0.2799, DTW: 0.1250, TopK: 0.4610) | EMA Val Loss (No Trend): 0.723074 | LR: 7.58e-05
Saved new best weights to best_model_seed2.pth (EMA validation loss without trend: 0.723074).
Epoch [59/100] | Total Loss: 0.9010 | Aux Loss: 0.1756 | Train Mixed Loss: 0.7254 (Base: 0.2656, Trend: 0.1514, DTW: 0.1015, TopK: 0.4679) | Val Mixed Loss (No Trend): 0.7501 (Base: 0.2934, DTW: 0.1342, TopK: 0.4490) | EMA Val Loss (No Trend): 0.729826 | LR: 7.27e-05
Epoch [60/100] | Total Loss: 0.8961 | Aux Loss: 0.1736 | Train Mixed Loss: 0.7226 (Base: 0.2652, Trend: 0.1508, DTW: 0.1009, TopK: 0.4665) | Val Mixed Loss (No Trend): 0.7179 (Base: 0.2801, DTW: 0.1247, TopK: 0.4616) | EMA Val Loss (No Trend): 0.726849 | LR: 6.98e-05
Epoch [61/100] | Total Loss: 0.8969 | Aux Loss: 0.1760 | Train Mixed Loss: 0.7208 (Base: 0.2640, Trend: 0.1508, DTW: 0.1008, TopK: 0.4653) | Val Mixed Loss (No Trend): 0.7398 (Base: 0.2866, DTW: 0.1301, TopK: 0.4699) | EMA Val Loss (No Trend): 0.730090 | LR: 6.68e-05
Epoch [62/100] | Total Loss: 0.8966 | Aux Loss: 0.1757 | Train Mixed Loss: 0.7209 (Base: 0.2642, Trend: 0.1518, DTW: 0.1005, TopK: 0.4652) | Val Mixed Loss (No Trend): 0.7215 (Base: 0.2795, DTW: 0.1255, TopK: 0.4694) | EMA Val Loss (No Trend): 0.727952 | LR: 6.39e-05
Epoch [63/100] | Total Loss: 0.8908 | Aux Loss: 0.1744 | Train Mixed Loss: 0.7164 (Base: 0.2624, Trend: 0.1502, DTW: 0.1004, TopK: 0.4596) | Val Mixed Loss (No Trend): 0.7240 (Base: 0.2803, DTW: 0.1257, TopK: 0.4732) | EMA Val Loss (No Trend): 0.726956 | LR: 6.10e-05
Epoch [64/100] | Total Loss: 0.8907 | Aux Loss: 0.1754 | Train Mixed Loss: 0.7153 (Base: 0.2633, Trend: 0.1514, DTW: 0.0993, TopK: 0.4597) | Val Mixed Loss (No Trend): 0.7205 (Base: 0.2798, DTW: 0.1268, TopK: 0.4549) | EMA Val Loss (No Trend): 0.725336 | LR: 5.81e-05
Epoch [65/100] | Total Loss: 0.8819 | Aux Loss: 0.1738 | Train Mixed Loss: 0.7081 (Base: 0.2603, Trend: 0.1509, DTW: 0.0979, TopK: 0.4579) | Val Mixed Loss (No Trend): 0.7210 (Base: 0.2812, DTW: 0.1273, TopK: 0.4472) | EMA Val Loss (No Trend): 0.724243 | LR: 5.53e-05
Epoch [66/100] | Total Loss: 0.8846 | Aux Loss: 0.1750 | Train Mixed Loss: 0.7096 (Base: 0.2616, Trend: 0.1518, DTW: 0.0979, TopK: 0.4569) | Val Mixed Loss (No Trend): 0.7200 (Base: 0.2841, DTW: 0.1253, TopK: 0.4509) | EMA Val Loss (No Trend): 0.723188 | LR: 5.26e-05
Epoch [67/100] | Total Loss: 0.8747 | Aux Loss: 0.1723 | Train Mixed Loss: 0.7024 (Base: 0.2599, Trend: 0.1508, DTW: 0.0963, TopK: 0.4534) | Val Mixed Loss (No Trend): 0.7218 (Base: 0.2816, DTW: 0.1260, TopK: 0.4595) | EMA Val Loss (No Trend): 0.722845 | LR: 4.99e-05
Saved new best weights to best_model_seed2.pth (EMA validation loss without trend: 0.722845).
Epoch [68/100] | Total Loss: 0.8733 | Aux Loss: 0.1738 | Train Mixed Loss: 0.6995 (Base: 0.2588, Trend: 0.1509, DTW: 0.0962, TopK: 0.4484) | Val Mixed Loss (No Trend): 0.7229 (Base: 0.2822, DTW: 0.1262, TopK: 0.4599) | EMA Val Loss (No Trend): 0.722860 | LR: 4.72e-05
Epoch [69/100] | Total Loss: 0.8831 | Aux Loss: 0.1754 | Train Mixed Loss: 0.7077 (Base: 0.2602, Trend: 0.1515, DTW: 0.0977, TopK: 0.4580) | Val Mixed Loss (No Trend): 0.7244 (Base: 0.2828, DTW: 0.1274, TopK: 0.4525) | EMA Val Loss (No Trend): 0.723235 | LR: 4.46e-05
Epoch [70/100] | Total Loss: 0.8749 | Aux Loss: 0.1753 | Train Mixed Loss: 0.6996 (Base: 0.2577, Trend: 0.1510, DTW: 0.0960, TopK: 0.4532) | Val Mixed Loss (No Trend): 0.7254 (Base: 0.2843, DTW: 0.1264, TopK: 0.4588) | EMA Val Loss (No Trend): 0.723766 | LR: 4.20e-05
Epoch [71/100] | Total Loss: 0.8735 | Aux Loss: 0.1728 | Train Mixed Loss: 0.7006 (Base: 0.2585, Trend: 0.1513, DTW: 0.0960, TopK: 0.4539) | Val Mixed Loss (No Trend): 0.7155 (Base: 0.2785, DTW: 0.1242, TopK: 0.4629) | EMA Val Loss (No Trend): 0.721693 | LR: 3.95e-05
Saved new best weights to best_model_seed2.pth (EMA validation loss without trend: 0.721693).
Epoch [72/100] | Total Loss: 0.8686 | Aux Loss: 0.1734 | Train Mixed Loss: 0.6952 (Base: 0.2568, Trend: 0.1501, DTW: 0.0951, TopK: 0.4507) | Val Mixed Loss (No Trend): 0.7178 (Base: 0.2804, DTW: 0.1253, TopK: 0.4557) | EMA Val Loss (No Trend): 0.720728 | LR: 3.71e-05
Saved new best weights to best_model_seed2.pth (EMA validation loss without trend: 0.720728).
Epoch [73/100] | Total Loss: 0.8699 | Aux Loss: 0.1752 | Train Mixed Loss: 0.6947 (Base: 0.2572, Trend: 0.1518, DTW: 0.0946, TopK: 0.4484) | Val Mixed Loss (No Trend): 0.7311 (Base: 0.2867, DTW: 0.1293, TopK: 0.4473) | EMA Val Loss (No Trend): 0.723323 | LR: 3.47e-05
Epoch [74/100] | Total Loss: 0.8669 | Aux Loss: 0.1727 | Train Mixed Loss: 0.6942 (Base: 0.2564, Trend: 0.1507, DTW: 0.0949, TopK: 0.4489) | Val Mixed Loss (No Trend): 0.7170 (Base: 0.2788, DTW: 0.1255, TopK: 0.4562) | EMA Val Loss (No Trend): 0.721736 | LR: 3.24e-05
Epoch [75/100] | Total Loss: 0.8654 | Aux Loss: 0.1734 | Train Mixed Loss: 0.6920 (Base: 0.2563, Trend: 0.1504, DTW: 0.0942, TopK: 0.4482) | Val Mixed Loss (No Trend): 0.7306 (Base: 0.2844, DTW: 0.1302, TopK: 0.4459) | EMA Val Loss (No Trend): 0.723964 | LR: 3.01e-05
Epoch [76/100] | Total Loss: 0.8610 | Aux Loss: 0.1724 | Train Mixed Loss: 0.6886 (Base: 0.2550, Trend: 0.1509, DTW: 0.0934, TopK: 0.4463) | Val Mixed Loss (No Trend): 0.7171 (Base: 0.2769, DTW: 0.1250, TopK: 0.4670) | EMA Val Loss (No Trend): 0.722251 | LR: 2.80e-05
Epoch [77/100] | Total Loss: 0.8590 | Aux Loss: 0.1729 | Train Mixed Loss: 0.6862 (Base: 0.2541, Trend: 0.1504, DTW: 0.0930, TopK: 0.4458) | Val Mixed Loss (No Trend): 0.7241 (Base: 0.2837, DTW: 0.1276, TopK: 0.4475) | EMA Val Loss (No Trend): 0.722720 | LR: 2.59e-05
Epoch [78/100] | Total Loss: 0.8570 | Aux Loss: 0.1728 | Train Mixed Loss: 0.6842 (Base: 0.2535, Trend: 0.1505, DTW: 0.0925, TopK: 0.4448) | Val Mixed Loss (No Trend): 0.7250 (Base: 0.2807, DTW: 0.1272, TopK: 0.4632) | EMA Val Loss (No Trend): 0.723296 | LR: 2.38e-05
Epoch [79/100] | Total Loss: 0.8611 | Aux Loss: 0.1729 | Train Mixed Loss: 0.6882 (Base: 0.2551, Trend: 0.1512, DTW: 0.0931, TopK: 0.4470) | Val Mixed Loss (No Trend): 0.7247 (Base: 0.2798, DTW: 0.1276, TopK: 0.4622) | EMA Val Loss (No Trend): 0.723659 | LR: 2.19e-05
Epoch [80/100] | Total Loss: 0.8523 | Aux Loss: 0.1731 | Train Mixed Loss: 0.6792 (Base: 0.2525, Trend: 0.1507, DTW: 0.0912, TopK: 0.4414) | Val Mixed Loss (No Trend): 0.7205 (Base: 0.2796, DTW: 0.1266, TopK: 0.4567) | EMA Val Loss (No Trend): 0.722866 | LR: 2.00e-05
Epoch [81/100] | Total Loss: 0.8595 | Aux Loss: 0.1719 | Train Mixed Loss: 0.6876 (Base: 0.2552, Trend: 0.1513, DTW: 0.0928, TopK: 0.4467) | Val Mixed Loss (No Trend): 0.7211 (Base: 0.2798, DTW: 0.1252, TopK: 0.4695) | EMA Val Loss (No Trend): 0.722429 | LR: 1.82e-05
Epoch [82/100] | Total Loss: 0.8486 | Aux Loss: 0.1708 | Train Mixed Loss: 0.6779 (Base: 0.2516, Trend: 0.1503, DTW: 0.0910, TopK: 0.4422) | Val Mixed Loss (No Trend): 0.7314 (Base: 0.2839, DTW: 0.1289, TopK: 0.4608) | EMA Val Loss (No Trend): 0.724675 | LR: 1.65e-05
Epoch [83/100] | Total Loss: 0.8538 | Aux Loss: 0.1733 | Train Mixed Loss: 0.6805 (Base: 0.2528, Trend: 0.1513, DTW: 0.0914, TopK: 0.4427) | Val Mixed Loss (No Trend): 0.7258 (Base: 0.2847, DTW: 0.1276, TopK: 0.4498) | EMA Val Loss (No Trend): 0.724945 | LR: 1.49e-05
Epoch [84/100] | Total Loss: 0.8528 | Aux Loss: 0.1722 | Train Mixed Loss: 0.6806 (Base: 0.2522, Trend: 0.1512, DTW: 0.0917, TopK: 0.4423) | Val Mixed Loss (No Trend): 0.7245 (Base: 0.2816, DTW: 0.1265, TopK: 0.4646) | EMA Val Loss (No Trend): 0.724834 | LR: 1.33e-05
Epoch [85/100] | Total Loss: 0.8521 | Aux Loss: 0.1723 | Train Mixed Loss: 0.6798 (Base: 0.2527, Trend: 0.1509, DTW: 0.0911, TopK: 0.4437) | Val Mixed Loss (No Trend): 0.7127 (Base: 0.2786, DTW: 0.1242, TopK: 0.4538) | EMA Val Loss (No Trend): 0.721802 | LR: 1.18e-05
Epoch [86/100] | Total Loss: 0.8452 | Aux Loss: 0.1713 | Train Mixed Loss: 0.6739 (Base: 0.2509, Trend: 0.1501, DTW: 0.0901, TopK: 0.4389) | Val Mixed Loss (No Trend): 0.7134 (Base: 0.2780, DTW: 0.1250, TopK: 0.4513) | EMA Val Loss (No Trend): 0.719713 | LR: 1.05e-05
Saved new best weights to best_model_seed2.pth (EMA validation loss without trend: 0.719713).
Epoch [87/100] | Total Loss: 0.8524 | Aux Loss: 0.1725 | Train Mixed Loss: 0.6800 (Base: 0.2529, Trend: 0.1516, DTW: 0.0911, TopK: 0.4422) | Val Mixed Loss (No Trend): 0.7263 (Base: 0.2844, DTW: 0.1270, TopK: 0.4569) | EMA Val Loss (No Trend): 0.721366 | LR: 9.18e-06
Epoch [88/100] | Total Loss: 0.8496 | Aux Loss: 0.1722 | Train Mixed Loss: 0.6773 (Base: 0.2523, Trend: 0.1515, DTW: 0.0907, TopK: 0.4389) | Val Mixed Loss (No Trend): 0.7221 (Base: 0.2820, DTW: 0.1272, TopK: 0.4499) | EMA Val Loss (No Trend): 0.721560 | LR: 7.99e-06
Epoch [89/100] | Total Loss: 0.8496 | Aux Loss: 0.1717 | Train Mixed Loss: 0.6778 (Base: 0.2520, Trend: 0.1517, DTW: 0.0907, TopK: 0.4411) | Val Mixed Loss (No Trend): 0.7322 (Base: 0.2840, DTW: 0.1285, TopK: 0.4661) | EMA Val Loss (No Trend): 0.724218 | LR: 6.88e-06
Epoch [90/100] | Total Loss: 0.8468 | Aux Loss: 0.1715 | Train Mixed Loss: 0.6753 (Base: 0.2506, Trend: 0.1511, DTW: 0.0903, TopK: 0.4416) | Val Mixed Loss (No Trend): 0.7181 (Base: 0.2792, DTW: 0.1257, TopK: 0.4578) | EMA Val Loss (No Trend): 0.722680 | LR: 5.87e-06
Epoch [91/100] | Total Loss: 0.8453 | Aux Loss: 0.1723 | Train Mixed Loss: 0.6730 (Base: 0.2509, Trend: 0.1508, DTW: 0.0896, TopK: 0.4390) | Val Mixed Loss (No Trend): 0.7246 (Base: 0.2823, DTW: 0.1271, TopK: 0.4579) | EMA Val Loss (No Trend): 0.723163 | LR: 4.95e-06
Epoch [92/100] | Total Loss: 0.8454 | Aux Loss: 0.1712 | Train Mixed Loss: 0.6742 (Base: 0.2511, Trend: 0.1510, DTW: 0.0902, TopK: 0.4371) | Val Mixed Loss (No Trend): 0.7184 (Base: 0.2811, DTW: 0.1256, TopK: 0.4531) | EMA Val Loss (No Trend): 0.721961 | LR: 4.13e-06
Epoch [93/100] | Total Loss: 0.8422 | Aux Loss: 0.1717 | Train Mixed Loss: 0.6705 (Base: 0.2501, Trend: 0.1507, DTW: 0.0893, TopK: 0.4361) | Val Mixed Loss (No Trend): 0.7252 (Base: 0.2828, DTW: 0.1267, TopK: 0.4608) | EMA Val Loss (No Trend): 0.722773 | LR: 3.40e-06
Epoch [94/100] | Total Loss: 0.8481 | Aux Loss: 0.1725 | Train Mixed Loss: 0.6756 (Base: 0.2513, Trend: 0.1508, DTW: 0.0905, TopK: 0.4389) | Val Mixed Loss (No Trend): 0.7305 (Base: 0.2839, DTW: 0.1283, TopK: 0.4625) | EMA Val Loss (No Trend): 0.724698 | LR: 2.76e-06
Epoch [95/100] | Total Loss: 0.8395 | Aux Loss: 0.1708 | Train Mixed Loss: 0.6687 (Base: 0.2491, Trend: 0.1497, DTW: 0.0892, TopK: 0.4353) | Val Mixed Loss (No Trend): 0.7255 (Base: 0.2832, DTW: 0.1276, TopK: 0.4536) | EMA Val Loss (No Trend): 0.724892 | LR: 2.23e-06
Epoch [96/100] | Total Loss: 0.8429 | Aux Loss: 0.1707 | Train Mixed Loss: 0.6722 (Base: 0.2507, Trend: 0.1502, DTW: 0.0898, TopK: 0.4365) | Val Mixed Loss (No Trend): 0.7196 (Base: 0.2798, DTW: 0.1259, TopK: 0.4588) | EMA Val Loss (No Trend): 0.723581 | LR: 1.78e-06
Epoch [97/100] | Total Loss: 0.8452 | Aux Loss: 0.1710 | Train Mixed Loss: 0.6742 (Base: 0.2501, Trend: 0.1504, DTW: 0.0903, TopK: 0.4409) | Val Mixed Loss (No Trend): 0.7195 (Base: 0.2803, DTW: 0.1262, TopK: 0.4547) | EMA Val Loss (No Trend): 0.722573 | LR: 1.44e-06
Epoch [98/100] | Total Loss: 0.8500 | Aux Loss: 0.1713 | Train Mixed Loss: 0.6787 (Base: 0.2518, Trend: 0.1517, DTW: 0.0912, TopK: 0.4408) | Val Mixed Loss (No Trend): 0.7235 (Base: 0.2809, DTW: 0.1274, TopK: 0.4562) | EMA Val Loss (No Trend): 0.722815 | LR: 1.20e-06
Epoch [99/100] | Total Loss: 0.8437 | Aux Loss: 0.1707 | Train Mixed Loss: 0.6731 (Base: 0.2504, Trend: 0.1506, DTW: 0.0900, TopK: 0.4383) | Val Mixed Loss (No Trend): 0.7215 (Base: 0.2814, DTW: 0.1265, TopK: 0.4553) | EMA Val Loss (No Trend): 0.722493 | LR: 1.05e-06
Epoch [100/100] | Total Loss: 0.8426 | Aux Loss: 0.1700 | Train Mixed Loss: 0.6726 (Base: 0.2500, Trend: 0.1501, DTW: 0.0899, TopK: 0.4389) | Val Mixed Loss (No Trend): 0.7345 (Base: 0.2841, DTW: 0.1298, TopK: 0.4629) | EMA Val Loss (No Trend): 0.725493 | LR: 2.00e-04
