[*] Process seed: 4
Building static profile features from historical data...
[*] Total trainable parameters: 4,539,649
Epoch [1/100] | Train Mixed Loss (Trend, limit=2): 1.1346 (Base: 0.3594, DTW: 0.2048, TopK: 0.6164) | Val Mixed Loss (NoTrend, limit=2): 0.8933 (Base: 0.3160, DTW: 0.1739, TopK: 0.5329) | EMA NoTrend Loss: 0.893296 | LR: 2.00e-04
Epoch [2/100] | Train Mixed Loss (Trend, limit=2): 1.0281 (Base: 0.3388, DTW: 0.1756, TopK: 0.6039) | Val Mixed Loss (NoTrend, limit=2): 0.9050 (Base: 0.3328, DTW: 0.1748, TopK: 0.5086) | EMA NoTrend Loss: 0.896230 | LR: 2.00e-04
Epoch [3/100] | Train Mixed Loss (Trend, limit=2): 0.9917 (Base: 0.3321, DTW: 0.1646, TopK: 0.5937) | Val Mixed Loss (NoTrend, limit=2): 0.9229 (Base: 0.3445, DTW: 0.1838, TopK: 0.4580) | EMA NoTrend Loss: 0.902898 | LR: 2.00e-04
Epoch [4/100] | Train Mixed Loss (Trend, limit=2): 0.9660 (Base: 0.3265, DTW: 0.1573, TopK: 0.5844) | Val Mixed Loss (NoTrend, limit=2): 0.8605 (Base: 0.3258, DTW: 0.1616, TopK: 0.4898) | EMA NoTrend Loss: 0.892289 | LR: 1.99e-04
Epoch [5/100] | Train Mixed Loss (Trend, limit=2): 0.9466 (Base: 0.3224, DTW: 0.1518, TopK: 0.5778) | Val Mixed Loss (NoTrend, limit=2): 0.8149 (Base: 0.3100, DTW: 0.1442, TopK: 0.5294) | EMA NoTrend Loss: 0.872944 | LR: 1.99e-04
Epoch [6/100] | Train Mixed Loss (Trend, limit=2): 0.9356 (Base: 0.3198, DTW: 0.1487, TopK: 0.5745) | Val Mixed Loss (NoTrend, limit=2): 0.7935 (Base: 0.2915, DTW: 0.1421, TopK: 0.5368) | EMA NoTrend Loss: 0.853088 | LR: 1.98e-04
Epoch [7/100] | Train Mixed Loss (Trend, limit=2): 0.9263 (Base: 0.3177, DTW: 0.1463, TopK: 0.5706) | Val Mixed Loss (NoTrend, limit=2): 0.8136 (Base: 0.3095, DTW: 0.1467, TopK: 0.5065) | EMA NoTrend Loss: 0.843225 | LR: 1.98e-04
Epoch [8/100] | Train Mixed Loss (Trend, limit=2): 0.9217 (Base: 0.3167, DTW: 0.1449, TopK: 0.5684) | Val Mixed Loss (NoTrend, limit=2): 0.7863 (Base: 0.2935, DTW: 0.1389, TopK: 0.5318) | EMA NoTrend Loss: 0.828991 | LR: 1.97e-04
Epoch [9/100] | Train Mixed Loss (Trend, limit=2): 0.9086 (Base: 0.3130, DTW: 0.1420, TopK: 0.5638) | Val Mixed Loss (NoTrend, limit=2): 0.7983 (Base: 0.3052, DTW: 0.1444, TopK: 0.4883) | EMA NoTrend Loss: 0.821319 | LR: 1.96e-04
Epoch [10/100] | Train Mixed Loss (Trend, limit=2): 0.8974 (Base: 0.3099, DTW: 0.1392, TopK: 0.5595) | Val Mixed Loss (NoTrend, limit=2): 0.7774 (Base: 0.2943, DTW: 0.1389, TopK: 0.4992) | EMA NoTrend Loss: 0.810338 | LR: 1.95e-04
Epoch [11/100] | Train Mixed Loss (Trend, limit=2): 0.8919 (Base: 0.3095, DTW: 0.1372, TopK: 0.5586) | Val Mixed Loss (NoTrend, limit=2): 0.7641 (Base: 0.2876, DTW: 0.1353, TopK: 0.5063) | EMA NoTrend Loss: 0.798781 | LR: 1.94e-04
Epoch [12/100] | Train Mixed Loss (Trend, limit=2): 0.8839 (Base: 0.3075, DTW: 0.1354, TopK: 0.5538) | Val Mixed Loss (NoTrend, limit=2): 0.7676 (Base: 0.2942, DTW: 0.1339, TopK: 0.5068) | EMA NoTrend Loss: 0.790975 | LR: 1.93e-04
Epoch [13/100] | Train Mixed Loss (Trend, limit=2): 0.8803 (Base: 0.3063, DTW: 0.1345, TopK: 0.5513) | Val Mixed Loss (NoTrend, limit=2): 0.7677 (Base: 0.2905, DTW: 0.1353, TopK: 0.5082) | EMA NoTrend Loss: 0.785151 | LR: 1.92e-04
Epoch [14/100] | Train Mixed Loss (Trend, limit=2): 0.8748 (Base: 0.3044, DTW: 0.1333, TopK: 0.5514) | Val Mixed Loss (NoTrend, limit=2): 0.7700 (Base: 0.2960, DTW: 0.1374, TopK: 0.4804) | EMA NoTrend Loss: 0.781361 | LR: 1.91e-04
Epoch [15/100] | Train Mixed Loss (Trend, limit=2): 0.8643 (Base: 0.3019, DTW: 0.1306, TopK: 0.5478) | Val Mixed Loss (NoTrend, limit=2): 0.7533 (Base: 0.2877, DTW: 0.1323, TopK: 0.4936) | EMA NoTrend Loss: 0.774346 | LR: 1.89e-04
Epoch [16/100] | Train Mixed Loss (Trend, limit=2): 0.8616 (Base: 0.3012, DTW: 0.1299, TopK: 0.5461) | Val Mixed Loss (NoTrend, limit=2): 0.7553 (Base: 0.2906, DTW: 0.1321, TopK: 0.4927) | EMA NoTrend Loss: 0.769587 | LR: 1.88e-04
Epoch [17/100] | Train Mixed Loss (Trend, limit=2): 0.8594 (Base: 0.3009, DTW: 0.1293, TopK: 0.5451) | Val Mixed Loss (NoTrend, limit=2): 0.7750 (Base: 0.2925, DTW: 0.1396, TopK: 0.4915) | EMA NoTrend Loss: 0.770937 | LR: 1.86e-04
Epoch [18/100] | Train Mixed Loss (Trend, limit=2): 0.8518 (Base: 0.2986, DTW: 0.1279, TopK: 0.5411) | Val Mixed Loss (NoTrend, limit=2): 0.7588 (Base: 0.2918, DTW: 0.1352, TopK: 0.4756) | EMA NoTrend Loss: 0.767909 | LR: 1.85e-04
Epoch [19/100] | Train Mixed Loss (Trend, limit=2): 0.8482 (Base: 0.2977, DTW: 0.1267, TopK: 0.5403) | Val Mixed Loss (NoTrend, limit=2): 0.7391 (Base: 0.2812, DTW: 0.1260, TopK: 0.5181) | EMA NoTrend Loss: 0.760702 | LR: 1.83e-04
Epoch [20/100] | Train Mixed Loss (Trend, limit=2): 0.8424 (Base: 0.2965, DTW: 0.1254, TopK: 0.5361) | Val Mixed Loss (NoTrend, limit=2): 0.7500 (Base: 0.2848, DTW: 0.1311, TopK: 0.5016) | EMA NoTrend Loss: 0.758015 | LR: 1.81e-04
Epoch [21/100] | Train Mixed Loss (Trend, limit=2): 0.8390 (Base: 0.2956, DTW: 0.1251, TopK: 0.5320) | Val Mixed Loss (NoTrend, limit=2): 0.7403 (Base: 0.2804, DTW: 0.1281, TopK: 0.5085) | EMA NoTrend Loss: 0.753585 | LR: 1.79e-04
Epoch [22/100] | Train Mixed Loss (Trend, limit=2): 0.8354 (Base: 0.2950, DTW: 0.1237, TopK: 0.5322) | Val Mixed Loss (NoTrend, limit=2): 0.7408 (Base: 0.2825, DTW: 0.1282, TopK: 0.5019) | EMA NoTrend Loss: 0.750397 | LR: 1.77e-04
Epoch [23/100] | Train Mixed Loss (Trend, limit=2): 0.8294 (Base: 0.2930, DTW: 0.1226, TopK: 0.5291) | Val Mixed Loss (NoTrend, limit=2): 0.7524 (Base: 0.2854, DTW: 0.1320, TopK: 0.5009) | EMA NoTrend Loss: 0.750900 | LR: 1.75e-04
Epoch [24/100] | Train Mixed Loss (Trend, limit=2): 0.8303 (Base: 0.2932, DTW: 0.1226, TopK: 0.5303) | Val Mixed Loss (NoTrend, limit=2): 0.7426 (Base: 0.2845, DTW: 0.1292, TopK: 0.4932) | EMA NoTrend Loss: 0.748822 | LR: 1.73e-04
Epoch [25/100] | Train Mixed Loss (Trend, limit=2): 0.8274 (Base: 0.2915, DTW: 0.1224, TopK: 0.5299) | Val Mixed Loss (NoTrend, limit=2): 0.7385 (Base: 0.2874, DTW: 0.1286, TopK: 0.4747) | EMA NoTrend Loss: 0.746251 | LR: 1.71e-04
Epoch [26/100] | Train Mixed Loss (Trend, limit=2): 0.8182 (Base: 0.2900, DTW: 0.1203, TopK: 0.5223) | Val Mixed Loss (NoTrend, limit=2): 0.7516 (Base: 0.2936, DTW: 0.1321, TopK: 0.4695) | EMA NoTrend Loss: 0.747589 | LR: 1.69e-04
Epoch [27/100] | Train Mixed Loss (Trend, limit=2): 0.8125 (Base: 0.2883, DTW: 0.1188, TopK: 0.5224) | Val Mixed Loss (NoTrend, limit=2): 0.7472 (Base: 0.2891, DTW: 0.1311, TopK: 0.4778) | EMA NoTrend Loss: 0.747480 | LR: 1.66e-04
Epoch [28/100] | Train Mixed Loss (Trend, limit=2): 0.8114 (Base: 0.2881, DTW: 0.1185, TopK: 0.5207) | Val Mixed Loss (NoTrend, limit=2): 0.7483 (Base: 0.2911, DTW: 0.1325, TopK: 0.4641) | EMA NoTrend Loss: 0.747684 | LR: 1.64e-04
Epoch [29/100] | Train Mixed Loss (Trend, limit=2): 0.8141 (Base: 0.2893, DTW: 0.1194, TopK: 0.5184) | Val Mixed Loss (NoTrend, limit=2): 0.7358 (Base: 0.2878, DTW: 0.1271, TopK: 0.4763) | EMA NoTrend Loss: 0.744715 | LR: 1.61e-04
Epoch [30/100] | Train Mixed Loss (Trend, limit=2): 0.8049 (Base: 0.2867, DTW: 0.1172, TopK: 0.5158) | Val Mixed Loss (NoTrend, limit=2): 0.7486 (Base: 0.2882, DTW: 0.1327, TopK: 0.4730) | EMA NoTrend Loss: 0.745689 | LR: 1.59e-04
Epoch [31/100] | Train Mixed Loss (Trend, limit=2): 0.8012 (Base: 0.2854, DTW: 0.1161, TopK: 0.5162) | Val Mixed Loss (NoTrend, limit=2): 0.7419 (Base: 0.2877, DTW: 0.1307, TopK: 0.4687) | EMA NoTrend Loss: 0.744748 | LR: 1.56e-04
Epoch [32/100] | Train Mixed Loss (Trend, limit=2): 0.7952 (Base: 0.2842, DTW: 0.1151, TopK: 0.5100) | Val Mixed Loss (NoTrend, limit=2): 0.7323 (Base: 0.2766, DTW: 0.1261, TopK: 0.5101) | EMA NoTrend Loss: 0.741631 | LR: 1.54e-04
Epoch [33/100] | Train Mixed Loss (Trend, limit=2): 0.7933 (Base: 0.2840, DTW: 0.1143, TopK: 0.5105) | Val Mixed Loss (NoTrend, limit=2): 0.7468 (Base: 0.2849, DTW: 0.1313, TopK: 0.4896) | EMA NoTrend Loss: 0.742923 | LR: 1.51e-04
Epoch [34/100] | Train Mixed Loss (Trend, limit=2): 0.7881 (Base: 0.2821, DTW: 0.1134, TopK: 0.5088) | Val Mixed Loss (NoTrend, limit=2): 0.7417 (Base: 0.2883, DTW: 0.1317, TopK: 0.4578) | EMA NoTrend Loss: 0.742610 | LR: 1.48e-04
Epoch [35/100] | Train Mixed Loss (Trend, limit=2): 0.7851 (Base: 0.2814, DTW: 0.1126, TopK: 0.5071) | Val Mixed Loss (NoTrend, limit=2): 0.7359 (Base: 0.2834, DTW: 0.1289, TopK: 0.4775) | EMA NoTrend Loss: 0.740943 | LR: 1.46e-04
Epoch [36/100] | Train Mixed Loss (Trend, limit=2): 0.7873 (Base: 0.2819, DTW: 0.1133, TopK: 0.5056) | Val Mixed Loss (NoTrend, limit=2): 0.7279 (Base: 0.2813, DTW: 0.1257, TopK: 0.4830) | EMA NoTrend Loss: 0.737690 | LR: 1.43e-04
Epoch [37/100] | Train Mixed Loss (Trend, limit=2): 0.7826 (Base: 0.2806, DTW: 0.1120, TopK: 0.5054) | Val Mixed Loss (NoTrend, limit=2): 0.7361 (Base: 0.2873, DTW: 0.1279, TopK: 0.4731) | EMA NoTrend Loss: 0.737282 | LR: 1.40e-04
Epoch [38/100] | Train Mixed Loss (Trend, limit=2): 0.7818 (Base: 0.2805, DTW: 0.1118, TopK: 0.5054) | Val Mixed Loss (NoTrend, limit=2): 0.7662 (Base: 0.2995, DTW: 0.1375, TopK: 0.4555) | EMA NoTrend Loss: 0.744522 | LR: 1.37e-04
Epoch [39/100] | Train Mixed Loss (Trend, limit=2): 0.7734 (Base: 0.2783, DTW: 0.1102, TopK: 0.4983) | Val Mixed Loss (NoTrend, limit=2): 0.7417 (Base: 0.2834, DTW: 0.1292, TopK: 0.4939) | EMA NoTrend Loss: 0.743813 | LR: 1.34e-04
Epoch [40/100] | Train Mixed Loss (Trend, limit=2): 0.7695 (Base: 0.2774, DTW: 0.1093, TopK: 0.4961) | Val Mixed Loss (NoTrend, limit=2): 0.7411 (Base: 0.2892, DTW: 0.1313, TopK: 0.4561) | EMA NoTrend Loss: 0.743126 | LR: 1.31e-04
Epoch [41/100] | Train Mixed Loss (Trend, limit=2): 0.7716 (Base: 0.2778, DTW: 0.1097, TopK: 0.4978) | Val Mixed Loss (NoTrend, limit=2): 0.7277 (Base: 0.2830, DTW: 0.1268, TopK: 0.4678) | EMA NoTrend Loss: 0.739268 | LR: 1.28e-04
Epoch [42/100] | Train Mixed Loss (Trend, limit=2): 0.7693 (Base: 0.2770, DTW: 0.1094, TopK: 0.4965) | Val Mixed Loss (NoTrend, limit=2): 0.7321 (Base: 0.2821, DTW: 0.1282, TopK: 0.4742) | EMA NoTrend Loss: 0.737478 | LR: 1.25e-04
Epoch [43/100] | Train Mixed Loss (Trend, limit=2): 0.7627 (Base: 0.2755, DTW: 0.1081, TopK: 0.4901) | Val Mixed Loss (NoTrend, limit=2): 0.7416 (Base: 0.2867, DTW: 0.1306, TopK: 0.4715) | EMA NoTrend Loss: 0.738513 | LR: 1.22e-04
Epoch [44/100] | Train Mixed Loss (Trend, limit=2): 0.7594 (Base: 0.2745, DTW: 0.1068, TopK: 0.4932) | Val Mixed Loss (NoTrend, limit=2): 0.7299 (Base: 0.2858, DTW: 0.1277, TopK: 0.4586) | EMA NoTrend Loss: 0.736364 | LR: 1.19e-04
Epoch [45/100] | Train Mixed Loss (Trend, limit=2): 0.7568 (Base: 0.2739, DTW: 0.1064, TopK: 0.4908) | Val Mixed Loss (NoTrend, limit=2): 0.7245 (Base: 0.2785, DTW: 0.1243, TopK: 0.4920) | EMA NoTrend Loss: 0.733403 | LR: 1.16e-04
Epoch [46/100] | Train Mixed Loss (Trend, limit=2): 0.7583 (Base: 0.2741, DTW: 0.1069, TopK: 0.4902) | Val Mixed Loss (NoTrend, limit=2): 0.7237 (Base: 0.2777, DTW: 0.1241, TopK: 0.4935) | EMA NoTrend Loss: 0.730972 | LR: 1.13e-04
Epoch [47/100] | Train Mixed Loss (Trend, limit=2): 0.7504 (Base: 0.2717, DTW: 0.1051, TopK: 0.4870) | Val Mixed Loss (NoTrend, limit=2): 0.7403 (Base: 0.2896, DTW: 0.1314, TopK: 0.4509) | EMA NoTrend Loss: 0.733306 | LR: 1.10e-04
Epoch [48/100] | Train Mixed Loss (Trend, limit=2): 0.7483 (Base: 0.2712, DTW: 0.1047, TopK: 0.4858) | Val Mixed Loss (NoTrend, limit=2): 0.7360 (Base: 0.2841, DTW: 0.1292, TopK: 0.4730) | EMA NoTrend Loss: 0.733983 | LR: 1.07e-04
Epoch [49/100] | Train Mixed Loss (Trend, limit=2): 0.7443 (Base: 0.2698, DTW: 0.1037, TopK: 0.4851) | Val Mixed Loss (NoTrend, limit=2): 0.7461 (Base: 0.2908, DTW: 0.1317, TopK: 0.4642) | EMA NoTrend Loss: 0.737000 | LR: 1.04e-04
Epoch [50/100] | Train Mixed Loss (Trend, limit=2): 0.7437 (Base: 0.2697, DTW: 0.1038, TopK: 0.4828) | Val Mixed Loss (NoTrend, limit=2): 0.7300 (Base: 0.2830, DTW: 0.1270, TopK: 0.4741) | EMA NoTrend Loss: 0.735253 | LR: 1.00e-04
Epoch [51/100] | Train Mixed Loss (Trend, limit=2): 0.7401 (Base: 0.2695, DTW: 0.1027, TopK: 0.4801) | Val Mixed Loss (NoTrend, limit=2): 0.7387 (Base: 0.2874, DTW: 0.1287, TopK: 0.4751) | EMA NoTrend Loss: 0.736120 | LR: 9.74e-05
Epoch [52/100] | Train Mixed Loss (Trend, limit=2): 0.7390 (Base: 0.2686, DTW: 0.1028, TopK: 0.4792) | Val Mixed Loss (NoTrend, limit=2): 0.7332 (Base: 0.2864, DTW: 0.1300, TopK: 0.4492) | EMA NoTrend Loss: 0.735384 | LR: 9.43e-05
Epoch [53/100] | Train Mixed Loss (Trend, limit=2): 0.7353 (Base: 0.2682, DTW: 0.1014, TopK: 0.4784) | Val Mixed Loss (NoTrend, limit=2): 0.7244 (Base: 0.2838, DTW: 0.1264, TopK: 0.4578) | EMA NoTrend Loss: 0.732643 | LR: 9.11e-05
Epoch [54/100] | Train Mixed Loss (Trend, limit=2): 0.7323 (Base: 0.2670, DTW: 0.1013, TopK: 0.4745) | Val Mixed Loss (NoTrend, limit=2): 0.7324 (Base: 0.2839, DTW: 0.1281, TopK: 0.4704) | EMA NoTrend Loss: 0.732578 | LR: 8.80e-05
Epoch [55/100] | Train Mixed Loss (Trend, limit=2): 0.7310 (Base: 0.2663, DTW: 0.1008, TopK: 0.4760) | Val Mixed Loss (NoTrend, limit=2): 0.7349 (Base: 0.2864, DTW: 0.1294, TopK: 0.4603) | EMA NoTrend Loss: 0.733158 | LR: 8.49e-05
Epoch [56/100] | Train Mixed Loss (Trend, limit=2): 0.7265 (Base: 0.2650, DTW: 0.1003, TopK: 0.4709) | Val Mixed Loss (NoTrend, limit=2): 0.7228 (Base: 0.2804, DTW: 0.1259, TopK: 0.4678) | EMA NoTrend Loss: 0.730572 | LR: 8.19e-05
Epoch [57/100] | Train Mixed Loss (Trend, limit=2): 0.7225 (Base: 0.2639, DTW: 0.0991, TopK: 0.4706) | Val Mixed Loss (NoTrend, limit=2): 0.7304 (Base: 0.2819, DTW: 0.1271, TopK: 0.4783) | EMA NoTrend Loss: 0.730521 | LR: 7.88e-05
Epoch [58/100] | Train Mixed Loss (Trend, limit=2): 0.7192 (Base: 0.2634, DTW: 0.0982, TopK: 0.4699) | Val Mixed Loss (NoTrend, limit=2): 0.7214 (Base: 0.2799, DTW: 0.1257, TopK: 0.4659) | EMA NoTrend Loss: 0.728233 | LR: 7.58e-05
Epoch [59/100] | Train Mixed Loss (Trend, limit=2): 0.7202 (Base: 0.2639, DTW: 0.0983, TopK: 0.4693) | Val Mixed Loss (NoTrend, limit=2): 0.7240 (Base: 0.2823, DTW: 0.1260, TopK: 0.4646) | EMA NoTrend Loss: 0.727169 | LR: 7.27e-05
Epoch [60/100] | Train Mixed Loss (Trend, limit=2): 0.7197 (Base: 0.2636, DTW: 0.0982, TopK: 0.4690) | Val Mixed Loss (NoTrend, limit=2): 0.7297 (Base: 0.2844, DTW: 0.1264, TopK: 0.4732) | EMA NoTrend Loss: 0.727810 | LR: 6.98e-05
Epoch [61/100] | Train Mixed Loss (Trend, limit=2): 0.7162 (Base: 0.2626, DTW: 0.0972, TopK: 0.4692) | Val Mixed Loss (NoTrend, limit=2): 0.7228 (Base: 0.2808, DTW: 0.1263, TopK: 0.4635) | EMA NoTrend Loss: 0.726568 | LR: 6.68e-05
Epoch [62/100] | Train Mixed Loss (Trend, limit=2): 0.7112 (Base: 0.2610, DTW: 0.0965, TopK: 0.4641) | Val Mixed Loss (NoTrend, limit=2): 0.7294 (Base: 0.2844, DTW: 0.1277, TopK: 0.4614) | EMA NoTrend Loss: 0.727274 | LR: 6.39e-05
Epoch [63/100] | Train Mixed Loss (Trend, limit=2): 0.7060 (Base: 0.2594, DTW: 0.0954, TopK: 0.4622) | Val Mixed Loss (NoTrend, limit=2): 0.7252 (Base: 0.2812, DTW: 0.1275, TopK: 0.4595) | EMA NoTrend Loss: 0.726747 | LR: 6.10e-05
Epoch [64/100] | Train Mixed Loss (Trend, limit=2): 0.7065 (Base: 0.2592, DTW: 0.0957, TopK: 0.4625) | Val Mixed Loss (NoTrend, limit=2): 0.7340 (Base: 0.2833, DTW: 0.1292, TopK: 0.4691) | EMA NoTrend Loss: 0.728556 | LR: 5.81e-05
Epoch [65/100] | Train Mixed Loss (Trend, limit=2): 0.7055 (Base: 0.2594, DTW: 0.0953, TopK: 0.4610) | Val Mixed Loss (NoTrend, limit=2): 0.7334 (Base: 0.2841, DTW: 0.1292, TopK: 0.4642) | EMA NoTrend Loss: 0.729764 | LR: 5.53e-05
Epoch [66/100] | Train Mixed Loss (Trend, limit=2): 0.7001 (Base: 0.2575, DTW: 0.0942, TopK: 0.4591) | Val Mixed Loss (NoTrend, limit=2): 0.7274 (Base: 0.2817, DTW: 0.1277, TopK: 0.4642) | EMA NoTrend Loss: 0.729163 | LR: 5.26e-05
Epoch [67/100] | Train Mixed Loss (Trend, limit=2): 0.6967 (Base: 0.2569, DTW: 0.0933, TopK: 0.4574) | Val Mixed Loss (NoTrend, limit=2): 0.7345 (Base: 0.2843, DTW: 0.1286, TopK: 0.4716) | EMA NoTrend Loss: 0.730500 | LR: 4.99e-05
Epoch [68/100] | Train Mixed Loss (Trend, limit=2): 0.6988 (Base: 0.2575, DTW: 0.0935, TopK: 0.4586) | Val Mixed Loss (NoTrend, limit=2): 0.7301 (Base: 0.2832, DTW: 0.1289, TopK: 0.4580) | EMA NoTrend Loss: 0.730396 | LR: 4.72e-05
Epoch [69/100] | Train Mixed Loss (Trend, limit=2): 0.6966 (Base: 0.2567, DTW: 0.0934, TopK: 0.4562) | Val Mixed Loss (NoTrend, limit=2): 0.7339 (Base: 0.2832, DTW: 0.1294, TopK: 0.4666) | EMA NoTrend Loss: 0.731267 | LR: 4.46e-05
Epoch [70/100] | Train Mixed Loss (Trend, limit=2): 0.6922 (Base: 0.2554, DTW: 0.0925, TopK: 0.4541) | Val Mixed Loss (NoTrend, limit=2): 0.7340 (Base: 0.2847, DTW: 0.1293, TopK: 0.4635) | EMA NoTrend Loss: 0.731953 | LR: 4.20e-05
Epoch [71/100] | Train Mixed Loss (Trend, limit=2): 0.6906 (Base: 0.2547, DTW: 0.0922, TopK: 0.4534) | Val Mixed Loss (NoTrend, limit=2): 0.7366 (Base: 0.2857, DTW: 0.1301, TopK: 0.4618) | EMA NoTrend Loss: 0.733106 | LR: 3.95e-05
Epoch [72/100] | Train Mixed Loss (Trend, limit=2): 0.6928 (Base: 0.2551, DTW: 0.0926, TopK: 0.4556) | Val Mixed Loss (NoTrend, limit=2): 0.7324 (Base: 0.2856, DTW: 0.1287, TopK: 0.4603) | EMA NoTrend Loss: 0.732940 | LR: 3.71e-05
Epoch [73/100] | Train Mixed Loss (Trend, limit=2): 0.6870 (Base: 0.2536, DTW: 0.0914, TopK: 0.4514) | Val Mixed Loss (NoTrend, limit=2): 0.7235 (Base: 0.2818, DTW: 0.1264, TopK: 0.4613) | EMA NoTrend Loss: 0.730575 | LR: 3.47e-05
Epoch [74/100] | Train Mixed Loss (Trend, limit=2): 0.6848 (Base: 0.2531, DTW: 0.0910, TopK: 0.4494) | Val Mixed Loss (NoTrend, limit=2): 0.7308 (Base: 0.2810, DTW: 0.1294, TopK: 0.4644) | EMA NoTrend Loss: 0.730643 | LR: 3.24e-05
Epoch [75/100] | Train Mixed Loss (Trend, limit=2): 0.6862 (Base: 0.2536, DTW: 0.0911, TopK: 0.4510) | Val Mixed Loss (NoTrend, limit=2): 0.7387 (Base: 0.2844, DTW: 0.1307, TopK: 0.4685) | EMA NoTrend Loss: 0.732658 | LR: 3.01e-05
Epoch [76/100] | Train Mixed Loss (Trend, limit=2): 0.6854 (Base: 0.2532, DTW: 0.0910, TopK: 0.4503) | Val Mixed Loss (NoTrend, limit=2): 0.7336 (Base: 0.2834, DTW: 0.1288, TopK: 0.4702) | EMA NoTrend Loss: 0.732895 | LR: 2.80e-05
Epoch [77/100] | Train Mixed Loss (Trend, limit=2): 0.6810 (Base: 0.2518, DTW: 0.0899, TopK: 0.4489) | Val Mixed Loss (NoTrend, limit=2): 0.7317 (Base: 0.2842, DTW: 0.1290, TopK: 0.4595) | EMA NoTrend Loss: 0.732600 | LR: 2.59e-05
Epoch [78/100] | Train Mixed Loss (Trend, limit=2): 0.6841 (Base: 0.2535, DTW: 0.0904, TopK: 0.4489) | Val Mixed Loss (NoTrend, limit=2): 0.7413 (Base: 0.2868, DTW: 0.1318, TopK: 0.4605) | EMA NoTrend Loss: 0.734769 | LR: 2.38e-05
Epoch [79/100] | Train Mixed Loss (Trend, limit=2): 0.6800 (Base: 0.2518, DTW: 0.0894, TopK: 0.4486) | Val Mixed Loss (NoTrend, limit=2): 0.7350 (Base: 0.2833, DTW: 0.1301, TopK: 0.4647) | EMA NoTrend Loss: 0.734825 | LR: 2.19e-05
Epoch [80/100] | Train Mixed Loss (Trend, limit=2): 0.6836 (Base: 0.2532, DTW: 0.0903, TopK: 0.4493) | Val Mixed Loss (NoTrend, limit=2): 0.7324 (Base: 0.2844, DTW: 0.1299, TopK: 0.4544) | EMA NoTrend Loss: 0.734212 | LR: 2.00e-05
Epoch [81/100] | Train Mixed Loss (Trend, limit=2): 0.6801 (Base: 0.2522, DTW: 0.0896, TopK: 0.4464) | Val Mixed Loss (NoTrend, limit=2): 0.7337 (Base: 0.2833, DTW: 0.1296, TopK: 0.4647) | EMA NoTrend Loss: 0.734080 | LR: 1.82e-05
Epoch [82/100] | Train Mixed Loss (Trend, limit=2): 0.6764 (Base: 0.2509, DTW: 0.0892, TopK: 0.4436) | Val Mixed Loss (NoTrend, limit=2): 0.7368 (Base: 0.2854, DTW: 0.1308, TopK: 0.4584) | EMA NoTrend Loss: 0.734749 | LR: 1.65e-05
Epoch [83/100] | Train Mixed Loss (Trend, limit=2): 0.6756 (Base: 0.2506, DTW: 0.0889, TopK: 0.4446) | Val Mixed Loss (NoTrend, limit=2): 0.7356 (Base: 0.2856, DTW: 0.1300, TopK: 0.4596) | EMA NoTrend Loss: 0.734964 | LR: 1.49e-05
Epoch [84/100] | Train Mixed Loss (Trend, limit=2): 0.6770 (Base: 0.2507, DTW: 0.0891, TopK: 0.4464) | Val Mixed Loss (NoTrend, limit=2): 0.7344 (Base: 0.2840, DTW: 0.1296, TopK: 0.4645) | EMA NoTrend Loss: 0.734836 | LR: 1.33e-05
Epoch [85/100] | Train Mixed Loss (Trend, limit=2): 0.6781 (Base: 0.2514, DTW: 0.0892, TopK: 0.4464) | Val Mixed Loss (NoTrend, limit=2): 0.7448 (Base: 0.2881, DTW: 0.1330, TopK: 0.4586) | EMA NoTrend Loss: 0.737336 | LR: 1.18e-05
Epoch [86/100] | Train Mixed Loss (Trend, limit=2): 0.6701 (Base: 0.2488, DTW: 0.0878, TopK: 0.4405) | Val Mixed Loss (NoTrend, limit=2): 0.7375 (Base: 0.2876, DTW: 0.1305, TopK: 0.4557) | EMA NoTrend Loss: 0.737380 | LR: 1.05e-05
Epoch [87/100] | Train Mixed Loss (Trend, limit=2): 0.6731 (Base: 0.2498, DTW: 0.0883, TopK: 0.4431) | Val Mixed Loss (NoTrend, limit=2): 0.7307 (Base: 0.2839, DTW: 0.1288, TopK: 0.4586) | EMA NoTrend Loss: 0.735706 | LR: 9.18e-06
Epoch [88/100] | Train Mixed Loss (Trend, limit=2): 0.6711 (Base: 0.2494, DTW: 0.0879, TopK: 0.4407) | Val Mixed Loss (NoTrend, limit=2): 0.7389 (Base: 0.2860, DTW: 0.1311, TopK: 0.4607) | EMA NoTrend Loss: 0.736516 | LR: 7.99e-06
Epoch [89/100] | Train Mixed Loss (Trend, limit=2): 0.6741 (Base: 0.2500, DTW: 0.0884, TopK: 0.4439) | Val Mixed Loss (NoTrend, limit=2): 0.7375 (Base: 0.2846, DTW: 0.1309, TopK: 0.4627) | EMA NoTrend Loss: 0.736767 | LR: 6.88e-06
Epoch [90/100] | Train Mixed Loss (Trend, limit=2): 0.6749 (Base: 0.2500, DTW: 0.0886, TopK: 0.4450) | Val Mixed Loss (NoTrend, limit=2): 0.7397 (Base: 0.2861, DTW: 0.1309, TopK: 0.4645) | EMA NoTrend Loss: 0.737500 | LR: 5.87e-06
Epoch [91/100] | Train Mixed Loss (Trend, limit=2): 0.6701 (Base: 0.2487, DTW: 0.0878, TopK: 0.4406) | Val Mixed Loss (NoTrend, limit=2): 0.7374 (Base: 0.2847, DTW: 0.1311, TopK: 0.4606) | EMA NoTrend Loss: 0.737476 | LR: 4.95e-06
Epoch [92/100] | Train Mixed Loss (Trend, limit=2): 0.6705 (Base: 0.2491, DTW: 0.0878, TopK: 0.4406) | Val Mixed Loss (NoTrend, limit=2): 0.7380 (Base: 0.2850, DTW: 0.1304, TopK: 0.4665) | EMA NoTrend Loss: 0.737603 | LR: 4.13e-06
Epoch [93/100] | Train Mixed Loss (Trend, limit=2): 0.6688 (Base: 0.2482, DTW: 0.0875, TopK: 0.4412) | Val Mixed Loss (NoTrend, limit=2): 0.7395 (Base: 0.2868, DTW: 0.1309, TopK: 0.4621) | EMA NoTrend Loss: 0.738078 | LR: 3.40e-06
Epoch [94/100] | Train Mixed Loss (Trend, limit=2): 0.6669 (Base: 0.2485, DTW: 0.0868, TopK: 0.4393) | Val Mixed Loss (NoTrend, limit=2): 0.7284 (Base: 0.2827, DTW: 0.1281, TopK: 0.4611) | EMA NoTrend Loss: 0.735658 | LR: 2.76e-06
Epoch [95/100] | Train Mixed Loss (Trend, limit=2): 0.6710 (Base: 0.2490, DTW: 0.0877, TopK: 0.4432) | Val Mixed Loss (NoTrend, limit=2): 0.7401 (Base: 0.2867, DTW: 0.1317, TopK: 0.4578) | EMA NoTrend Loss: 0.736773 | LR: 2.23e-06
Epoch [96/100] | Train Mixed Loss (Trend, limit=2): 0.6699 (Base: 0.2488, DTW: 0.0874, TopK: 0.4430) | Val Mixed Loss (NoTrend, limit=2): 0.7378 (Base: 0.2854, DTW: 0.1310, TopK: 0.4600) | EMA NoTrend Loss: 0.737026 | LR: 1.78e-06
Epoch [97/100] | Train Mixed Loss (Trend, limit=2): 0.6675 (Base: 0.2480, DTW: 0.0872, TopK: 0.4394) | Val Mixed Loss (NoTrend, limit=2): 0.7362 (Base: 0.2847, DTW: 0.1303, TopK: 0.4624) | EMA NoTrend Loss: 0.736823 | LR: 1.44e-06
Epoch [98/100] | Train Mixed Loss (Trend, limit=2): 0.6692 (Base: 0.2491, DTW: 0.0871, TopK: 0.4416) | Val Mixed Loss (NoTrend, limit=2): 0.7444 (Base: 0.2868, DTW: 0.1321, TopK: 0.4679) | EMA NoTrend Loss: 0.738706 | LR: 1.20e-06
Epoch [99/100] | Train Mixed Loss (Trend, limit=2): 0.6644 (Base: 0.2469, DTW: 0.0868, TopK: 0.4372) | Val Mixed Loss (NoTrend, limit=2): 0.7366 (Base: 0.2848, DTW: 0.1302, TopK: 0.4645) | EMA NoTrend Loss: 0.738188 | LR: 1.05e-06
Epoch [100/100] | Train Mixed Loss (Trend, limit=2): 0.6698 (Base: 0.2482, DTW: 0.0876, TopK: 0.4426) | Val Mixed Loss (NoTrend, limit=2): 0.7376 (Base: 0.2857, DTW: 0.1305, TopK: 0.4624) | EMA NoTrend Loss: 0.738045 | LR: 1.00e-06
[*] Loaded best model from epoch 61 (EMA NoTrend Loss: 0.726568)
