Starting Transformer experiment with seed 2 in /root/autodl-tmp/parallel_runs/worker_2_seed_2
Device: cuda
Data shape: (1029, 35040, 10)
Max PM2.5 value: 32768.0
Abnormal points (>1000): 636
Loaded cache: /root/autodl-tmp/parallel_runs/worker_2_seed_2/dataset_cache_train_2y_T144_P48_seed_2.pt (Eligible stations: 1029/1029)
Loaded cache: /root/autodl-tmp/parallel_runs/worker_2_seed_2/dataset_cache_val_1y_T144_P48_seed_2.pt (Eligible stations: 1029/1029)
Total trainable parameters: 2,259,201
Epoch [1/100] | Train Loss: 1.0948 (Base: 0.3467, Trend: 0.1747, DTW: 0.1987, TopK: 0.6126) | Val Loss: 0.891089 (Base: 0.3179, DTW: 0.1628, TopK: 0.6086) | EMA No-Trend Loss: 0.891089 | LR: 2.00e-04
Epoch [2/100] | Train Loss: 1.0188 (Base: 0.3382, Trend: 0.1728, DTW: 0.1725, TopK: 0.6010) | Val Loss: 0.875892 (Base: 0.3264, DTW: 0.1601, TopK: 0.5509) | EMA No-Trend Loss: 0.887290 | LR: 2.00e-04
Epoch [3/100] | Train Loss: 0.9920 (Base: 0.3325, Trend: 0.1726, DTW: 0.1639, TopK: 0.5990) | Val Loss: 0.842974 (Base: 0.3148, DTW: 0.1525, TopK: 0.5404) | EMA No-Trend Loss: 0.876211 | LR: 2.00e-04
Epoch [4/100] | Train Loss: 0.9826 (Base: 0.3312, Trend: 0.1724, DTW: 0.1610, TopK: 0.5958) | Val Loss: 0.839427 (Base: 0.3057, DTW: 0.1531, TopK: 0.5543) | EMA No-Trend Loss: 0.867015 | LR: 1.99e-04
Epoch [5/100] | Train Loss: 0.9639 (Base: 0.3278, Trend: 0.1711, DTW: 0.1562, TopK: 0.5857) | Val Loss: 0.832251 (Base: 0.3111, DTW: 0.1497, TopK: 0.5395) | EMA No-Trend Loss: 0.858324 | LR: 1.99e-04
Epoch [6/100] | Train Loss: 0.9581 (Base: 0.3252, Trend: 0.1702, DTW: 0.1546, TopK: 0.5890) | Val Loss: 0.843791 (Base: 0.3197, DTW: 0.1546, TopK: 0.5098) | EMA No-Trend Loss: 0.854691 | LR: 1.98e-04
Epoch [7/100] | Train Loss: 0.9486 (Base: 0.3239, Trend: 0.1698, DTW: 0.1516, TopK: 0.5863) | Val Loss: 0.821426 (Base: 0.3063, DTW: 0.1476, TopK: 0.5360) | EMA No-Trend Loss: 0.846375 | LR: 1.98e-04
Epoch [8/100] | Train Loss: 0.9375 (Base: 0.3212, Trend: 0.1684, DTW: 0.1490, TopK: 0.5816) | Val Loss: 0.814563 (Base: 0.3017, DTW: 0.1467, TopK: 0.5362) | EMA No-Trend Loss: 0.838422 | LR: 1.97e-04
Epoch [9/100] | Train Loss: 0.9350 (Base: 0.3210, Trend: 0.1686, DTW: 0.1482, TopK: 0.5805) | Val Loss: 0.807230 (Base: 0.3051, DTW: 0.1426, TopK: 0.5335) | EMA No-Trend Loss: 0.830624 | LR: 1.96e-04
Epoch [10/100] | Train Loss: 0.9305 (Base: 0.3201, Trend: 0.1685, DTW: 0.1468, TopK: 0.5793) | Val Loss: 0.809643 (Base: 0.3045, DTW: 0.1459, TopK: 0.5164) | EMA No-Trend Loss: 0.825379 | LR: 1.95e-04
Epoch [11/100] | Train Loss: 0.9230 (Base: 0.3182, Trend: 0.1681, DTW: 0.1450, TopK: 0.5759) | Val Loss: 0.811960 (Base: 0.3118, DTW: 0.1420, TopK: 0.5314) | EMA No-Trend Loss: 0.822024 | LR: 1.94e-04
Epoch [12/100] | Train Loss: 0.9172 (Base: 0.3165, Trend: 0.1676, DTW: 0.1437, TopK: 0.5734) | Val Loss: 0.817779 (Base: 0.3123, DTW: 0.1472, TopK: 0.5077) | EMA No-Trend Loss: 0.820963 | LR: 1.93e-04
Epoch [13/100] | Train Loss: 0.9094 (Base: 0.3149, Trend: 0.1670, DTW: 0.1420, TopK: 0.5671) | Val Loss: 0.813268 (Base: 0.3104, DTW: 0.1450, TopK: 0.5164) | EMA No-Trend Loss: 0.819039 | LR: 1.92e-04
Epoch [14/100] | Train Loss: 0.9076 (Base: 0.3147, Trend: 0.1674, DTW: 0.1411, TopK: 0.5683) | Val Loss: 0.802907 (Base: 0.3037, DTW: 0.1414, TopK: 0.5325) | EMA No-Trend Loss: 0.815006 | LR: 1.91e-04
Epoch [15/100] | Train Loss: 0.9056 (Base: 0.3138, Trend: 0.1676, DTW: 0.1409, TopK: 0.5659) | Val Loss: 0.811730 (Base: 0.3086, DTW: 0.1455, TopK: 0.5131) | EMA No-Trend Loss: 0.814187 | LR: 1.89e-04
Epoch [16/100] | Train Loss: 0.9010 (Base: 0.3123, Trend: 0.1666, DTW: 0.1400, TopK: 0.5641) | Val Loss: 0.799629 (Base: 0.3033, DTW: 0.1413, TopK: 0.5244) | EMA No-Trend Loss: 0.810548 | LR: 1.88e-04
Epoch [17/100] | Train Loss: 0.8932 (Base: 0.3103, Trend: 0.1667, DTW: 0.1380, TopK: 0.5615) | Val Loss: 0.791628 (Base: 0.3004, DTW: 0.1378, TopK: 0.5354) | EMA No-Trend Loss: 0.805818 | LR: 1.86e-04
Epoch [18/100] | Train Loss: 0.8908 (Base: 0.3094, Trend: 0.1663, DTW: 0.1373, TopK: 0.5619) | Val Loss: 0.808527 (Base: 0.3026, DTW: 0.1454, TopK: 0.5232) | EMA No-Trend Loss: 0.806495 | LR: 1.85e-04
Epoch [19/100] | Train Loss: 0.8869 (Base: 0.3083, Trend: 0.1662, DTW: 0.1364, TopK: 0.5604) | Val Loss: 0.819246 (Base: 0.3148, DTW: 0.1483, TopK: 0.4946) | EMA No-Trend Loss: 0.809683 | LR: 1.83e-04
Epoch [20/100] | Train Loss: 0.8816 (Base: 0.3074, Trend: 0.1657, DTW: 0.1352, TopK: 0.5560) | Val Loss: 0.804971 (Base: 0.2995, DTW: 0.1445, TopK: 0.5292) | EMA No-Trend Loss: 0.808505 | LR: 1.81e-04
Epoch [21/100] | Train Loss: 0.8762 (Base: 0.3064, Trend: 0.1657, DTW: 0.1338, TopK: 0.5530) | Val Loss: 0.787294 (Base: 0.2954, DTW: 0.1399, TopK: 0.5202) | EMA No-Trend Loss: 0.803202 | LR: 1.79e-04
Epoch [22/100] | Train Loss: 0.8784 (Base: 0.3067, Trend: 0.1655, DTW: 0.1347, TopK: 0.5521) | Val Loss: 0.793049 (Base: 0.3007, DTW: 0.1414, TopK: 0.5100) | EMA No-Trend Loss: 0.800664 | LR: 1.77e-04
Epoch [23/100] | Train Loss: 0.8721 (Base: 0.3052, Trend: 0.1654, DTW: 0.1329, TopK: 0.5511) | Val Loss: 0.800277 (Base: 0.3044, DTW: 0.1429, TopK: 0.5096) | EMA No-Trend Loss: 0.800567 | LR: 1.75e-04
Epoch [24/100] | Train Loss: 0.8685 (Base: 0.3038, Trend: 0.1647, DTW: 0.1324, TopK: 0.5487) | Val Loss: 0.798397 (Base: 0.3006, DTW: 0.1438, TopK: 0.5089) | EMA No-Trend Loss: 0.800025 | LR: 1.73e-04
Epoch [25/100] | Train Loss: 0.8663 (Base: 0.3039, Trend: 0.1651, DTW: 0.1317, TopK: 0.5455) | Val Loss: 0.792337 (Base: 0.2931, DTW: 0.1401, TopK: 0.5429) | EMA No-Trend Loss: 0.798103 | LR: 1.71e-04
Epoch [26/100] | Train Loss: 0.8613 (Base: 0.3021, Trend: 0.1653, DTW: 0.1303, TopK: 0.5466) | Val Loss: 0.781578 (Base: 0.2940, DTW: 0.1373, TopK: 0.5271) | EMA No-Trend Loss: 0.793971 | LR: 1.69e-04
Epoch [27/100] | Train Loss: 0.8563 (Base: 0.3007, Trend: 0.1643, DTW: 0.1294, TopK: 0.5426) | Val Loss: 0.792829 (Base: 0.2997, DTW: 0.1407, TopK: 0.5184) | EMA No-Trend Loss: 0.793686 | LR: 1.66e-04
Epoch [28/100] | Train Loss: 0.8523 (Base: 0.2997, Trend: 0.1636, DTW: 0.1284, TopK: 0.5422) | Val Loss: 0.807574 (Base: 0.3070, DTW: 0.1470, TopK: 0.4930) | EMA No-Trend Loss: 0.797158 | LR: 1.64e-04
Epoch [29/100] | Train Loss: 0.8534 (Base: 0.3001, Trend: 0.1645, DTW: 0.1285, TopK: 0.5419) | Val Loss: 0.792700 (Base: 0.2958, DTW: 0.1397, TopK: 0.5387) | EMA No-Trend Loss: 0.796043 | LR: 1.61e-04
Epoch [30/100] | Train Loss: 0.8489 (Base: 0.2988, Trend: 0.1642, DTW: 0.1274, TopK: 0.5410) | Val Loss: 0.788830 (Base: 0.2991, DTW: 0.1401, TopK: 0.5117) | EMA No-Trend Loss: 0.794240 | LR: 1.59e-04
Epoch [31/100] | Train Loss: 0.8436 (Base: 0.2979, Trend: 0.1644, DTW: 0.1260, TopK: 0.5368) | Val Loss: 0.791076 (Base: 0.2987, DTW: 0.1413, TopK: 0.5109) | EMA No-Trend Loss: 0.793449 | LR: 1.56e-04
Epoch [32/100] | Train Loss: 0.8425 (Base: 0.2974, Trend: 0.1643, DTW: 0.1260, TopK: 0.5354) | Val Loss: 0.795282 (Base: 0.2989, DTW: 0.1432, TopK: 0.5085) | EMA No-Trend Loss: 0.793907 | LR: 1.54e-04
Epoch [33/100] | Train Loss: 0.8388 (Base: 0.2967, Trend: 0.1635, DTW: 0.1252, TopK: 0.5329) | Val Loss: 0.804945 (Base: 0.3027, DTW: 0.1464, TopK: 0.5031) | EMA No-Trend Loss: 0.796667 | LR: 1.51e-04
Epoch [34/100] | Train Loss: 0.8365 (Base: 0.2962, Trend: 0.1635, DTW: 0.1246, TopK: 0.5318) | Val Loss: 0.791264 (Base: 0.2968, DTW: 0.1413, TopK: 0.5174) | EMA No-Trend Loss: 0.795316 | LR: 1.48e-04
Epoch [35/100] | Train Loss: 0.8289 (Base: 0.2940, Trend: 0.1634, DTW: 0.1227, TopK: 0.5294) | Val Loss: 0.795934 (Base: 0.2975, DTW: 0.1443, TopK: 0.5070) | EMA No-Trend Loss: 0.795470 | LR: 1.46e-04
Epoch [36/100] | Train Loss: 0.8283 (Base: 0.2937, Trend: 0.1631, DTW: 0.1226, TopK: 0.5292) | Val Loss: 0.798936 (Base: 0.3012, DTW: 0.1438, TopK: 0.5082) | EMA No-Trend Loss: 0.796337 | LR: 1.43e-04
Epoch [37/100] | Train Loss: 0.8275 (Base: 0.2931, Trend: 0.1630, DTW: 0.1227, TopK: 0.5278) | Val Loss: 0.792858 (Base: 0.2970, DTW: 0.1431, TopK: 0.5076) | EMA No-Trend Loss: 0.795467 | LR: 1.40e-04
Epoch [38/100] | Train Loss: 0.8200 (Base: 0.2912, Trend: 0.1629, DTW: 0.1209, TopK: 0.5240) | Val Loss: 0.804314 (Base: 0.3011, DTW: 0.1473, TopK: 0.4989) | EMA No-Trend Loss: 0.797679 | LR: 1.37e-04
Epoch [39/100] | Train Loss: 0.8205 (Base: 0.2918, Trend: 0.1631, DTW: 0.1209, TopK: 0.5234) | Val Loss: 0.796290 (Base: 0.3000, DTW: 0.1432, TopK: 0.5087) | EMA No-Trend Loss: 0.797331 | LR: 1.34e-04
Epoch [40/100] | Train Loss: 0.8189 (Base: 0.2913, Trend: 0.1628, DTW: 0.1206, TopK: 0.5225) | Val Loss: 0.790430 (Base: 0.2905, DTW: 0.1428, TopK: 0.5245) | EMA No-Trend Loss: 0.795606 | LR: 1.31e-04
Epoch [41/100] | Train Loss: 0.8167 (Base: 0.2908, Trend: 0.1625, DTW: 0.1200, TopK: 0.5227) | Val Loss: 0.796810 (Base: 0.2967, DTW: 0.1426, TopK: 0.5259) | EMA No-Trend Loss: 0.795907 | LR: 1.28e-04
Epoch [42/100] | Train Loss: 0.8108 (Base: 0.2886, Trend: 0.1625, DTW: 0.1187, TopK: 0.5198) | Val Loss: 0.790270 (Base: 0.2993, DTW: 0.1414, TopK: 0.5057) | EMA No-Trend Loss: 0.794498 | LR: 1.25e-04
Epoch [43/100] | Train Loss: 0.8068 (Base: 0.2880, Trend: 0.1627, DTW: 0.1176, TopK: 0.5178) | Val Loss: 0.801701 (Base: 0.3020, DTW: 0.1453, TopK: 0.5028) | EMA No-Trend Loss: 0.796298 | LR: 1.22e-04
Epoch [44/100] | Train Loss: 0.8111 (Base: 0.2894, Trend: 0.1628, DTW: 0.1186, TopK: 0.5187) | Val Loss: 0.803773 (Base: 0.3032, DTW: 0.1471, TopK: 0.4919) | EMA No-Trend Loss: 0.798167 | LR: 1.19e-04
Epoch [45/100] | Train Loss: 0.8016 (Base: 0.2866, Trend: 0.1622, DTW: 0.1166, TopK: 0.5138) | Val Loss: 0.793886 (Base: 0.2961, DTW: 0.1441, TopK: 0.5068) | EMA No-Trend Loss: 0.797097 | LR: 1.16e-04
Epoch [46/100] | Train Loss: 0.7970 (Base: 0.2858, Trend: 0.1615, DTW: 0.1155, TopK: 0.5110) | Val Loss: 0.800074 (Base: 0.2978, DTW: 0.1457, TopK: 0.5085) | EMA No-Trend Loss: 0.797841 | LR: 1.13e-04
Epoch [47/100] | Train Loss: 0.7971 (Base: 0.2848, Trend: 0.1618, DTW: 0.1157, TopK: 0.5126) | Val Loss: 0.787958 (Base: 0.2969, DTW: 0.1427, TopK: 0.4955) | EMA No-Trend Loss: 0.795370 | LR: 1.10e-04
Epoch [48/100] | Train Loss: 0.7967 (Base: 0.2855, Trend: 0.1622, DTW: 0.1151, TopK: 0.5133) | Val Loss: 0.791399 (Base: 0.2939, DTW: 0.1420, TopK: 0.5224) | EMA No-Trend Loss: 0.794377 | LR: 1.07e-04
Epoch [49/100] | Train Loss: 0.7909 (Base: 0.2833, Trend: 0.1613, DTW: 0.1143, TopK: 0.5088) | Val Loss: 0.789933 (Base: 0.2939, DTW: 0.1419, TopK: 0.5184) | EMA No-Trend Loss: 0.793266 | LR: 1.04e-04
Epoch [50/100] | Train Loss: 0.7915 (Base: 0.2847, Trend: 0.1627, DTW: 0.1137, TopK: 0.5090) | Val Loss: 0.791939 (Base: 0.2979, DTW: 0.1443, TopK: 0.4929) | EMA No-Trend Loss: 0.792934 | LR: 1.00e-04
Epoch [51/100] | Train Loss: 0.7881 (Base: 0.2833, Trend: 0.1621, DTW: 0.1132, TopK: 0.5073) | Val Loss: 0.787799 (Base: 0.2943, DTW: 0.1420, TopK: 0.5092) | EMA No-Trend Loss: 0.791651 | LR: 9.74e-05
Epoch [52/100] | Train Loss: 0.7786 (Base: 0.2800, Trend: 0.1603, DTW: 0.1116, TopK: 0.5024) | Val Loss: 0.788089 (Base: 0.2925, DTW: 0.1417, TopK: 0.5183) | EMA No-Trend Loss: 0.790760 | LR: 9.43e-05
Epoch [53/100] | Train Loss: 0.7801 (Base: 0.2805, Trend: 0.1617, DTW: 0.1115, TopK: 0.5042) | Val Loss: 0.807693 (Base: 0.3041, DTW: 0.1478, TopK: 0.4964) | EMA No-Trend Loss: 0.794993 | LR: 9.11e-05
Epoch [54/100] | Train Loss: 0.7780 (Base: 0.2802, Trend: 0.1618, DTW: 0.1110, TopK: 0.5015) | Val Loss: 0.796640 (Base: 0.2970, DTW: 0.1450, TopK: 0.5056) | EMA No-Trend Loss: 0.795405 | LR: 8.80e-05
Epoch [55/100] | Train Loss: 0.7774 (Base: 0.2798, Trend: 0.1611, DTW: 0.1110, TopK: 0.5020) | Val Loss: 0.791194 (Base: 0.2937, DTW: 0.1438, TopK: 0.5076) | EMA No-Trend Loss: 0.794352 | LR: 8.49e-05
Epoch [56/100] | Train Loss: 0.7738 (Base: 0.2788, Trend: 0.1614, DTW: 0.1100, TopK: 0.5007) | Val Loss: 0.798763 (Base: 0.2997, DTW: 0.1465, TopK: 0.4919) | EMA No-Trend Loss: 0.795455 | LR: 8.19e-05
Epoch [57/100] | Train Loss: 0.7701 (Base: 0.2778, Trend: 0.1608, DTW: 0.1093, TopK: 0.4989) | Val Loss: 0.799356 (Base: 0.2988, DTW: 0.1451, TopK: 0.5081) | EMA No-Trend Loss: 0.796430 | LR: 7.88e-05
Epoch [58/100] | Train Loss: 0.7675 (Base: 0.2774, Trend: 0.1618, DTW: 0.1085, TopK: 0.4960) | Val Loss: 0.806050 (Base: 0.3028, DTW: 0.1470, TopK: 0.5017) | EMA No-Trend Loss: 0.798835 | LR: 7.58e-05
Epoch [59/100] | Train Loss: 0.7677 (Base: 0.2774, Trend: 0.1612, DTW: 0.1086, TopK: 0.4966) | Val Loss: 0.812832 (Base: 0.3059, DTW: 0.1493, TopK: 0.4957) | EMA No-Trend Loss: 0.802334 | LR: 7.27e-05
Epoch [60/100] | Train Loss: 0.7627 (Base: 0.2756, Trend: 0.1605, DTW: 0.1078, TopK: 0.4936) | Val Loss: 0.803405 (Base: 0.3016, DTW: 0.1463, TopK: 0.5020) | EMA No-Trend Loss: 0.802602 | LR: 6.98e-05
Epoch [61/100] | Train Loss: 0.7630 (Base: 0.2758, Trend: 0.1611, DTW: 0.1080, TopK: 0.4917) | Val Loss: 0.796433 (Base: 0.2958, DTW: 0.1457, TopK: 0.5033) | EMA No-Trend Loss: 0.801060 | LR: 6.68e-05
Epoch [62/100] | Train Loss: 0.7613 (Base: 0.2757, Trend: 0.1609, DTW: 0.1072, TopK: 0.4932) | Val Loss: 0.808670 (Base: 0.3010, DTW: 0.1482, TopK: 0.5069) | EMA No-Trend Loss: 0.802962 | LR: 6.39e-05
Epoch [63/100] | Train Loss: 0.7577 (Base: 0.2746, Trend: 0.1610, DTW: 0.1063, TopK: 0.4915) | Val Loss: 0.800055 (Base: 0.3003, DTW: 0.1464, TopK: 0.4945) | EMA No-Trend Loss: 0.802236 | LR: 6.10e-05
Epoch [64/100] | Train Loss: 0.7567 (Base: 0.2747, Trend: 0.1611, DTW: 0.1058, TopK: 0.4923) | Val Loss: 0.799225 (Base: 0.2975, DTW: 0.1456, TopK: 0.5080) | EMA No-Trend Loss: 0.801483 | LR: 5.81e-05
Epoch [65/100] | Train Loss: 0.7508 (Base: 0.2726, Trend: 0.1604, DTW: 0.1049, TopK: 0.4878) | Val Loss: 0.794547 (Base: 0.2950, DTW: 0.1453, TopK: 0.5028) | EMA No-Trend Loss: 0.799749 | LR: 5.53e-05
Epoch [66/100] | Train Loss: 0.7494 (Base: 0.2723, Trend: 0.1602, DTW: 0.1048, TopK: 0.4855) | Val Loss: 0.805376 (Base: 0.2985, DTW: 0.1481, TopK: 0.5049) | EMA No-Trend Loss: 0.801156 | LR: 5.26e-05
Epoch [67/100] | Train Loss: 0.7483 (Base: 0.2715, Trend: 0.1600, DTW: 0.1046, TopK: 0.4853) | Val Loss: 0.796053 (Base: 0.2969, DTW: 0.1443, TopK: 0.5097) | EMA No-Trend Loss: 0.799880 | LR: 4.99e-05
Epoch [68/100] | Train Loss: 0.7463 (Base: 0.2712, Trend: 0.1607, DTW: 0.1038, TopK: 0.4856) | Val Loss: 0.811443 (Base: 0.3031, DTW: 0.1491, TopK: 0.5016) | EMA No-Trend Loss: 0.802771 | LR: 4.72e-05
Epoch [69/100] | Train Loss: 0.7478 (Base: 0.2720, Trend: 0.1608, DTW: 0.1041, TopK: 0.4851) | Val Loss: 0.806960 (Base: 0.3033, DTW: 0.1480, TopK: 0.4947) | EMA No-Trend Loss: 0.803818 | LR: 4.46e-05
Epoch [70/100] | Train Loss: 0.7405 (Base: 0.2701, Trend: 0.1604, DTW: 0.1025, TopK: 0.4810) | Val Loss: 0.796403 (Base: 0.2958, DTW: 0.1446, TopK: 0.5118) | EMA No-Trend Loss: 0.801964 | LR: 4.20e-05
Epoch [71/100] | Train Loss: 0.7389 (Base: 0.2696, Trend: 0.1604, DTW: 0.1020, TopK: 0.4810) | Val Loss: 0.798549 (Base: 0.2982, DTW: 0.1462, TopK: 0.4986) | EMA No-Trend Loss: 0.801111 | LR: 3.95e-05
Epoch [72/100] | Train Loss: 0.7386 (Base: 0.2686, Trend: 0.1597, DTW: 0.1026, TopK: 0.4798) | Val Loss: 0.808132 (Base: 0.2990, DTW: 0.1484, TopK: 0.5103) | EMA No-Trend Loss: 0.802866 | LR: 3.71e-05
Epoch [73/100] | Train Loss: 0.7378 (Base: 0.2691, Trend: 0.1606, DTW: 0.1019, TopK: 0.4795) | Val Loss: 0.799649 (Base: 0.2962, DTW: 0.1465, TopK: 0.5061) | EMA No-Trend Loss: 0.802062 | LR: 3.47e-05
Epoch [74/100] | Train Loss: 0.7314 (Base: 0.2674, Trend: 0.1600, DTW: 0.1005, TopK: 0.4759) | Val Loss: 0.803068 (Base: 0.2991, DTW: 0.1477, TopK: 0.4981) | EMA No-Trend Loss: 0.802313 | LR: 3.24e-05
Epoch [75/100] | Train Loss: 0.7322 (Base: 0.2676, Trend: 0.1596, DTW: 0.1006, TopK: 0.4777) | Val Loss: 0.804074 (Base: 0.2974, DTW: 0.1476, TopK: 0.5084) | EMA No-Trend Loss: 0.802754 | LR: 3.01e-05
Epoch [76/100] | Train Loss: 0.7362 (Base: 0.2685, Trend: 0.1608, DTW: 0.1013, TopK: 0.4804) | Val Loss: 0.805942 (Base: 0.3015, DTW: 0.1478, TopK: 0.4989) | EMA No-Trend Loss: 0.803551 | LR: 2.80e-05
Epoch [77/100] | Train Loss: 0.7301 (Base: 0.2668, Trend: 0.1598, DTW: 0.1002, TopK: 0.4761) | Val Loss: 0.799379 (Base: 0.2973, DTW: 0.1461, TopK: 0.5050) | EMA No-Trend Loss: 0.802508 | LR: 2.59e-05
Epoch [78/100] | Train Loss: 0.7298 (Base: 0.2664, Trend: 0.1602, DTW: 0.1001, TopK: 0.4770) | Val Loss: 0.812604 (Base: 0.3015, DTW: 0.1505, TopK: 0.5000) | EMA No-Trend Loss: 0.805032 | LR: 2.38e-05
Epoch [79/100] | Train Loss: 0.7254 (Base: 0.2653, Trend: 0.1594, DTW: 0.0991, TopK: 0.4751) | Val Loss: 0.809543 (Base: 0.3001, DTW: 0.1495, TopK: 0.5026) | EMA No-Trend Loss: 0.806160 | LR: 2.19e-05
Epoch [80/100] | Train Loss: 0.7292 (Base: 0.2663, Trend: 0.1603, DTW: 0.0999, TopK: 0.4768) | Val Loss: 0.807670 (Base: 0.2993, DTW: 0.1490, TopK: 0.5024) | EMA No-Trend Loss: 0.806537 | LR: 2.00e-05
Epoch [81/100] | Train Loss: 0.7282 (Base: 0.2666, Trend: 0.1605, DTW: 0.0994, TopK: 0.4761) | Val Loss: 0.804221 (Base: 0.2979, DTW: 0.1485, TopK: 0.4995) | EMA No-Trend Loss: 0.805958 | LR: 1.82e-05
Epoch [82/100] | Train Loss: 0.7254 (Base: 0.2652, Trend: 0.1600, DTW: 0.0992, TopK: 0.4737) | Val Loss: 0.800775 (Base: 0.2983, DTW: 0.1469, TopK: 0.5000) | EMA No-Trend Loss: 0.804662 | LR: 1.65e-05
Epoch [83/100] | Train Loss: 0.7201 (Base: 0.2642, Trend: 0.1598, DTW: 0.0980, TopK: 0.4694) | Val Loss: 0.802259 (Base: 0.2983, DTW: 0.1483, TopK: 0.4935) | EMA No-Trend Loss: 0.804061 | LR: 1.49e-05
Epoch [84/100] | Train Loss: 0.7229 (Base: 0.2644, Trend: 0.1599, DTW: 0.0984, TopK: 0.4745) | Val Loss: 0.800991 (Base: 0.2956, DTW: 0.1472, TopK: 0.5070) | EMA No-Trend Loss: 0.803294 | LR: 1.33e-05
Epoch [85/100] | Train Loss: 0.7255 (Base: 0.2659, Trend: 0.1609, DTW: 0.0987, TopK: 0.4742) | Val Loss: 0.801541 (Base: 0.2965, DTW: 0.1480, TopK: 0.4990) | EMA No-Trend Loss: 0.802856 | LR: 1.18e-05
Epoch [86/100] | Train Loss: 0.7169 (Base: 0.2630, Trend: 0.1589, DTW: 0.0974, TopK: 0.4686) | Val Loss: 0.807607 (Base: 0.2991, DTW: 0.1492, TopK: 0.5013) | EMA No-Trend Loss: 0.804043 | LR: 1.05e-05
Epoch [87/100] | Train Loss: 0.7223 (Base: 0.2645, Trend: 0.1601, DTW: 0.0984, TopK: 0.4721) | Val Loss: 0.805957 (Base: 0.2984, DTW: 0.1483, TopK: 0.5055) | EMA No-Trend Loss: 0.804522 | LR: 9.18e-06
Epoch [88/100] | Train Loss: 0.7230 (Base: 0.2648, Trend: 0.1605, DTW: 0.0985, TopK: 0.4719) | Val Loss: 0.808512 (Base: 0.3002, DTW: 0.1494, TopK: 0.4989) | EMA No-Trend Loss: 0.805519 | LR: 7.99e-06
Epoch [89/100] | Train Loss: 0.7199 (Base: 0.2635, Trend: 0.1598, DTW: 0.0981, TopK: 0.4700) | Val Loss: 0.804430 (Base: 0.2985, DTW: 0.1478, TopK: 0.5042) | EMA No-Trend Loss: 0.805247 | LR: 6.88e-06
Epoch [90/100] | Train Loss: 0.7234 (Base: 0.2653, Trend: 0.1609, DTW: 0.0983, TopK: 0.4727) | Val Loss: 0.804481 (Base: 0.2988, DTW: 0.1480, TopK: 0.5019) | EMA No-Trend Loss: 0.805056 | LR: 5.87e-06
Epoch [91/100] | Train Loss: 0.7202 (Base: 0.2641, Trend: 0.1603, DTW: 0.0977, TopK: 0.4716) | Val Loss: 0.811949 (Base: 0.3004, DTW: 0.1498, TopK: 0.5069) | EMA No-Trend Loss: 0.806779 | LR: 4.95e-06
Epoch [92/100] | Train Loss: 0.7143 (Base: 0.2625, Trend: 0.1599, DTW: 0.0966, TopK: 0.4669) | Val Loss: 0.815334 (Base: 0.3017, DTW: 0.1509, TopK: 0.5047) | EMA No-Trend Loss: 0.808918 | LR: 4.13e-06
Epoch [93/100] | Train Loss: 0.7146 (Base: 0.2623, Trend: 0.1597, DTW: 0.0967, TopK: 0.4681) | Val Loss: 0.805836 (Base: 0.2992, DTW: 0.1483, TopK: 0.5028) | EMA No-Trend Loss: 0.808147 | LR: 3.40e-06
Epoch [94/100] | Train Loss: 0.7176 (Base: 0.2635, Trend: 0.1605, DTW: 0.0971, TopK: 0.4696) | Val Loss: 0.805735 (Base: 0.2988, DTW: 0.1484, TopK: 0.5031) | EMA No-Trend Loss: 0.807544 | LR: 2.76e-06
Epoch [95/100] | Train Loss: 0.7167 (Base: 0.2629, Trend: 0.1598, DTW: 0.0973, TopK: 0.4683) | Val Loss: 0.807844 (Base: 0.3006, DTW: 0.1489, TopK: 0.4994) | EMA No-Trend Loss: 0.807619 | LR: 2.23e-06
Epoch [96/100] | Train Loss: 0.7128 (Base: 0.2621, Trend: 0.1594, DTW: 0.0963, TopK: 0.4658) | Val Loss: 0.805621 (Base: 0.2968, DTW: 0.1491, TopK: 0.5030) | EMA No-Trend Loss: 0.807120 | LR: 1.78e-06
Epoch [97/100] | Train Loss: 0.7194 (Base: 0.2632, Trend: 0.1600, DTW: 0.0978, TopK: 0.4720) | Val Loss: 0.802996 (Base: 0.2991, DTW: 0.1475, TopK: 0.4997) | EMA No-Trend Loss: 0.806089 | LR: 1.44e-06
Epoch [98/100] | Train Loss: 0.7198 (Base: 0.2638, Trend: 0.1609, DTW: 0.0977, TopK: 0.4704) | Val Loss: 0.809615 (Base: 0.3006, DTW: 0.1496, TopK: 0.4998) | EMA No-Trend Loss: 0.806970 | LR: 1.20e-06
Epoch [99/100] | Train Loss: 0.7182 (Base: 0.2640, Trend: 0.1603, DTW: 0.0972, TopK: 0.4689) | Val Loss: 0.806447 (Base: 0.2989, DTW: 0.1487, TopK: 0.5018) | EMA No-Trend Loss: 0.806840 | LR: 1.05e-06
Epoch [100/100] | Train Loss: 0.7160 (Base: 0.2630, Trend: 0.1599, DTW: 0.0968, TopK: 0.4695) | Val Loss: 0.809285 (Base: 0.2988, DTW: 0.1493, TopK: 0.5069) | EMA No-Trend Loss: 0.807451 | LR: 1.00e-06
