Starting experiment (seed=3)
Device: cuda
Building static profile features from historical data...
Loading lightweight encoder...
Total trainable parameters: 7,381,762
Epoch [1/100] | Total Loss: 1.3658 | Aux Loss: 0.2919 | Train Mixed Loss: 1.0739 (Base: 0.3505, Trend: 0.1890, DTW: 0.1877, TopK: 0.5947) | Val Mixed Loss (No Trend): 0.8554 (Base: 0.3155, DTW: 0.1560, TopK: 0.5513) | EMA Val Loss (No Trend): 0.855369 | LR: 2.00e-04
Saved new best weights to best_model_seed3.pth (EMA validation loss without trend: 0.855369).
Epoch [2/100] | Total Loss: 1.2202 | Aux Loss: 0.2276 | Train Mixed Loss: 0.9926 (Base: 0.3336, Trend: 0.1662, DTW: 0.1674, TopK: 0.5807) | Val Mixed Loss (No Trend): 0.8331 (Base: 0.3058, DTW: 0.1492, TopK: 0.5643) | EMA Val Loss (No Trend): 0.849799 | LR: 2.00e-04
Saved new best weights to best_model_seed3.pth (EMA validation loss without trend: 0.849799).
Epoch [3/100] | Total Loss: 1.1856 | Aux Loss: 0.2140 | Train Mixed Loss: 0.9716 (Base: 0.3289, Trend: 0.1652, DTW: 0.1613, TopK: 0.5763) | Val Mixed Loss (No Trend): 0.8313 (Base: 0.3112, DTW: 0.1530, TopK: 0.5093) | EMA Val Loss (No Trend): 0.845186 | LR: 2.00e-04
Saved new best weights to best_model_seed3.pth (EMA validation loss without trend: 0.845186).
Epoch [4/100] | Total Loss: 1.1610 | Aux Loss: 0.2095 | Train Mixed Loss: 0.9515 (Base: 0.3237, Trend: 0.1640, DTW: 0.1561, TopK: 0.5703) | Val Mixed Loss (No Trend): 0.8312 (Base: 0.3133, DTW: 0.1563, TopK: 0.4763) | EMA Val Loss (No Trend): 0.841686 | LR: 1.99e-04
Saved new best weights to best_model_seed3.pth (EMA validation loss without trend: 0.841686).
Epoch [5/100] | Total Loss: 1.1422 | Aux Loss: 0.2022 | Train Mixed Loss: 0.9400 (Base: 0.3218, Trend: 0.1634, DTW: 0.1529, TopK: 0.5650) | Val Mixed Loss (No Trend): 0.7985 (Base: 0.2968, DTW: 0.1424, TopK: 0.5333) | EMA Val Loss (No Trend): 0.830897 | LR: 1.99e-04
Saved new best weights to best_model_seed3.pth (EMA validation loss without trend: 0.830897).
Epoch [6/100] | Total Loss: 1.1261 | Aux Loss: 0.2005 | Train Mixed Loss: 0.9257 (Base: 0.3172, Trend: 0.1624, DTW: 0.1499, TopK: 0.5583) | Val Mixed Loss (No Trend): 0.7908 (Base: 0.2990, DTW: 0.1427, TopK: 0.4977) | EMA Val Loss (No Trend): 0.820861 | LR: 1.98e-04
Saved new best weights to best_model_seed3.pth (EMA validation loss without trend: 0.820861).
Epoch [7/100] | Total Loss: 1.1212 | Aux Loss: 0.1976 | Train Mixed Loss: 0.9235 (Base: 0.3164, Trend: 0.1632, DTW: 0.1490, TopK: 0.5593) | Val Mixed Loss (No Trend): 0.8139 (Base: 0.3154, DTW: 0.1482, TopK: 0.4763) | EMA Val Loss (No Trend): 0.819121 | LR: 1.98e-04
Saved new best weights to best_model_seed3.pth (EMA validation loss without trend: 0.819121).
Epoch [8/100] | Total Loss: 1.1044 | Aux Loss: 0.1969 | Train Mixed Loss: 0.9075 (Base: 0.3131, Trend: 0.1622, DTW: 0.1450, TopK: 0.5510) | Val Mixed Loss (No Trend): 0.7892 (Base: 0.3028, DTW: 0.1408, TopK: 0.4950) | EMA Val Loss (No Trend): 0.811636 | LR: 1.97e-04
Saved new best weights to best_model_seed3.pth (EMA validation loss without trend: 0.811636).
Epoch [9/100] | Total Loss: 1.0999 | Aux Loss: 0.1959 | Train Mixed Loss: 0.9040 (Base: 0.3113, Trend: 0.1620, DTW: 0.1441, TopK: 0.5530) | Val Mixed Loss (No Trend): 0.7736 (Base: 0.2913, DTW: 0.1368, TopK: 0.5133) | EMA Val Loss (No Trend): 0.802123 | LR: 1.96e-04
Saved new best weights to best_model_seed3.pth (EMA validation loss without trend: 0.802123).
Epoch [10/100] | Total Loss: 1.0999 | Aux Loss: 0.1962 | Train Mixed Loss: 0.9038 (Base: 0.3128, Trend: 0.1632, DTW: 0.1433, TopK: 0.5513) | Val Mixed Loss (No Trend): 0.8050 (Base: 0.3092, DTW: 0.1484, TopK: 0.4653) | EMA Val Loss (No Trend): 0.802832 | LR: 1.95e-04
Epoch [11/100] | Total Loss: 1.0759 | Aux Loss: 0.1901 | Train Mixed Loss: 0.8858 (Base: 0.3075, Trend: 0.1606, DTW: 0.1393, TopK: 0.5453) | Val Mixed Loss (No Trend): 0.7951 (Base: 0.3068, DTW: 0.1458, TopK: 0.4610) | EMA Val Loss (No Trend): 0.800897 | LR: 1.94e-04
Saved new best weights to best_model_seed3.pth (EMA validation loss without trend: 0.800897).
Epoch [12/100] | Total Loss: 1.0655 | Aux Loss: 0.1888 | Train Mixed Loss: 0.8767 (Base: 0.3051, Trend: 0.1596, DTW: 0.1376, TopK: 0.5380) | Val Mixed Loss (No Trend): 0.8032 (Base: 0.3092, DTW: 0.1466, TopK: 0.4743) | EMA Val Loss (No Trend): 0.801470 | LR: 1.93e-04
Epoch [13/100] | Total Loss: 1.0626 | Aux Loss: 0.1876 | Train Mixed Loss: 0.8749 (Base: 0.3044, Trend: 0.1582, DTW: 0.1375, TopK: 0.5380) | Val Mixed Loss (No Trend): 0.7683 (Base: 0.2944, DTW: 0.1346, TopK: 0.5030) | EMA Val Loss (No Trend): 0.793181 | LR: 1.92e-04
Saved new best weights to best_model_seed3.pth (EMA validation loss without trend: 0.793181).
Epoch [14/100] | Total Loss: 1.0585 | Aux Loss: 0.1865 | Train Mixed Loss: 0.8720 (Base: 0.3045, Trend: 0.1592, DTW: 0.1357, TopK: 0.5407) | Val Mixed Loss (No Trend): 0.7530 (Base: 0.2912, DTW: 0.1319, TopK: 0.4843) | EMA Val Loss (No Trend): 0.783128 | LR: 1.91e-04
Saved new best weights to best_model_seed3.pth (EMA validation loss without trend: 0.783128).
Epoch [15/100] | Total Loss: 1.0555 | Aux Loss: 0.1853 | Train Mixed Loss: 0.8702 (Base: 0.3037, Trend: 0.1588, DTW: 0.1356, TopK: 0.5390) | Val Mixed Loss (No Trend): 0.7671 (Base: 0.2797, DTW: 0.1358, TopK: 0.5380) | EMA Val Loss (No Trend): 0.779115 | LR: 1.89e-04
Saved new best weights to best_model_seed3.pth (EMA validation loss without trend: 0.779115).
Epoch [16/100] | Total Loss: 1.0421 | Aux Loss: 0.1842 | Train Mixed Loss: 0.8580 (Base: 0.3004, Trend: 0.1568, DTW: 0.1334, TopK: 0.5303) | Val Mixed Loss (No Trend): 0.7495 (Base: 0.2911, DTW: 0.1325, TopK: 0.4677) | EMA Val Loss (No Trend): 0.771706 | LR: 1.88e-04
Saved new best weights to best_model_seed3.pth (EMA validation loss without trend: 0.771706).
Epoch [17/100] | Total Loss: 1.0423 | Aux Loss: 0.1850 | Train Mixed Loss: 0.8573 (Base: 0.3004, Trend: 0.1566, DTW: 0.1332, TopK: 0.5297) | Val Mixed Loss (No Trend): 0.7504 (Base: 0.2832, DTW: 0.1309, TopK: 0.5103) | EMA Val Loss (No Trend): 0.766385 | LR: 1.86e-04
Saved new best weights to best_model_seed3.pth (EMA validation loss without trend: 0.766385).
Epoch [18/100] | Total Loss: 1.0420 | Aux Loss: 0.1849 | Train Mixed Loss: 0.8572 (Base: 0.3010, Trend: 0.1580, DTW: 0.1323, TopK: 0.5323) | Val Mixed Loss (No Trend): 0.7551 (Base: 0.2916, DTW: 0.1338, TopK: 0.4743) | EMA Val Loss (No Trend): 0.763552 | LR: 1.85e-04
Saved new best weights to best_model_seed3.pth (EMA validation loss without trend: 0.763552).
Epoch [19/100] | Total Loss: 1.0289 | Aux Loss: 0.1828 | Train Mixed Loss: 0.8462 (Base: 0.2969, Trend: 0.1560, DTW: 0.1304, TopK: 0.5280) | Val Mixed Loss (No Trend): 0.7438 (Base: 0.2786, DTW: 0.1308, TopK: 0.5037) | EMA Val Loss (No Trend): 0.758602 | LR: 1.83e-04
Saved new best weights to best_model_seed3.pth (EMA validation loss without trend: 0.758602).
Epoch [20/100] | Total Loss: 1.0273 | Aux Loss: 0.1818 | Train Mixed Loss: 0.8455 (Base: 0.2973, Trend: 0.1564, DTW: 0.1298, TopK: 0.5287) | Val Mixed Loss (No Trend): 0.7472 (Base: 0.2884, DTW: 0.1330, TopK: 0.4657) | EMA Val Loss (No Trend): 0.755757 | LR: 1.81e-04
Saved new best weights to best_model_seed3.pth (EMA validation loss without trend: 0.755757).
Epoch [21/100] | Total Loss: 1.0239 | Aux Loss: 0.1799 | Train Mixed Loss: 0.8440 (Base: 0.2976, Trend: 0.1574, DTW: 0.1291, TopK: 0.5263) | Val Mixed Loss (No Trend): 0.7466 (Base: 0.2895, DTW: 0.1327, TopK: 0.4620) | EMA Val Loss (No Trend): 0.753473 | LR: 1.79e-04
Saved new best weights to best_model_seed3.pth (EMA validation loss without trend: 0.753473).
Epoch [22/100] | Total Loss: 1.0131 | Aux Loss: 0.1784 | Train Mixed Loss: 0.8347 (Base: 0.2946, Trend: 0.1560, DTW: 0.1272, TopK: 0.5233) | Val Mixed Loss (No Trend): 0.7335 (Base: 0.2834, DTW: 0.1255, TopK: 0.4960) | EMA Val Loss (No Trend): 0.748482 | LR: 1.77e-04
Saved new best weights to best_model_seed3.pth (EMA validation loss without trend: 0.748482).
Epoch [23/100] | Total Loss: 1.0263 | Aux Loss: 0.1792 | Train Mixed Loss: 0.8471 (Base: 0.2984, Trend: 0.1566, DTW: 0.1298, TopK: 0.5303) | Val Mixed Loss (No Trend): 0.7408 (Base: 0.2845, DTW: 0.1316, TopK: 0.4683) | EMA Val Loss (No Trend): 0.746549 | LR: 1.75e-04
Saved new best weights to best_model_seed3.pth (EMA validation loss without trend: 0.746549).
Epoch [24/100] | Total Loss: 1.0143 | Aux Loss: 0.1777 | Train Mixed Loss: 0.8366 (Base: 0.2963, Trend: 0.1566, DTW: 0.1270, TopK: 0.5243) | Val Mixed Loss (No Trend): 0.7282 (Base: 0.2811, DTW: 0.1268, TopK: 0.4757) | EMA Val Loss (No Trend): 0.741967 | LR: 1.73e-04
Saved new best weights to best_model_seed3.pth (EMA validation loss without trend: 0.741967).
Epoch [25/100] | Total Loss: 1.0036 | Aux Loss: 0.1758 | Train Mixed Loss: 0.8278 (Base: 0.2929, Trend: 0.1556, DTW: 0.1253, TopK: 0.5217) | Val Mixed Loss (No Trend): 0.7387 (Base: 0.2855, DTW: 0.1290, TopK: 0.4790) | EMA Val Loss (No Trend): 0.741161 | LR: 1.71e-04
Saved new best weights to best_model_seed3.pth (EMA validation loss without trend: 0.741161).
Epoch [26/100] | Total Loss: 1.0055 | Aux Loss: 0.1788 | Train Mixed Loss: 0.8267 (Base: 0.2930, Trend: 0.1554, DTW: 0.1248, TopK: 0.5213) | Val Mixed Loss (No Trend): 0.7299 (Base: 0.2808, DTW: 0.1262, TopK: 0.4877) | EMA Val Loss (No Trend): 0.738334 | LR: 1.69e-04
Saved new best weights to best_model_seed3.pth (EMA validation loss without trend: 0.738334).
Epoch [27/100] | Total Loss: 0.9975 | Aux Loss: 0.1747 | Train Mixed Loss: 0.8229 (Base: 0.2925, Trend: 0.1550, DTW: 0.1238, TopK: 0.5187) | Val Mixed Loss (No Trend): 0.7262 (Base: 0.2798, DTW: 0.1262, TopK: 0.4783) | EMA Val Loss (No Trend): 0.735309 | LR: 1.66e-04
Saved new best weights to best_model_seed3.pth (EMA validation loss without trend: 0.735309).
Epoch [28/100] | Total Loss: 0.9934 | Aux Loss: 0.1759 | Train Mixed Loss: 0.8175 (Base: 0.2909, Trend: 0.1540, DTW: 0.1234, TopK: 0.5117) | Val Mixed Loss (No Trend): 0.7359 (Base: 0.2810, DTW: 0.1303, TopK: 0.4747) | EMA Val Loss (No Trend): 0.735462 | LR: 1.64e-04
Epoch [29/100] | Total Loss: 0.9978 | Aux Loss: 0.1756 | Train Mixed Loss: 0.8223 (Base: 0.2920, Trend: 0.1552, DTW: 0.1235, TopK: 0.5213) | Val Mixed Loss (No Trend): 0.7392 (Base: 0.2865, DTW: 0.1303, TopK: 0.4670) | EMA Val Loss (No Trend): 0.736395 | LR: 1.61e-04
Epoch [30/100] | Total Loss: 0.9903 | Aux Loss: 0.1738 | Train Mixed Loss: 0.8166 (Base: 0.2915, Trend: 0.1544, DTW: 0.1225, TopK: 0.5130) | Val Mixed Loss (No Trend): 0.7459 (Base: 0.2866, DTW: 0.1289, TopK: 0.4997) | EMA Val Loss (No Trend): 0.738774 | LR: 1.59e-04
Epoch [31/100] | Total Loss: 0.9821 | Aux Loss: 0.1733 | Train Mixed Loss: 0.8088 (Base: 0.2879, Trend: 0.1538, DTW: 0.1214, TopK: 0.5090) | Val Mixed Loss (No Trend): 0.7561 (Base: 0.2911, DTW: 0.1320, TopK: 0.4940) | EMA Val Loss (No Trend): 0.743095 | LR: 1.56e-04
Epoch [32/100] | Total Loss: 0.9797 | Aux Loss: 0.1710 | Train Mixed Loss: 0.8087 (Base: 0.2888, Trend: 0.1540, DTW: 0.1208, TopK: 0.5103) | Val Mixed Loss (No Trend): 0.7177 (Base: 0.2731, DTW: 0.1228, TopK: 0.4993) | EMA Val Loss (No Trend): 0.736738 | LR: 1.54e-04
Epoch [33/100] | Total Loss: 0.9773 | Aux Loss: 0.1719 | Train Mixed Loss: 0.8054 (Base: 0.2873, Trend: 0.1536, DTW: 0.1203, TopK: 0.5087) | Val Mixed Loss (No Trend): 0.7255 (Base: 0.2848, DTW: 0.1275, TopK: 0.4490) | EMA Val Loss (No Trend): 0.733934 | LR: 1.51e-04
Saved new best weights to best_model_seed3.pth (EMA validation loss without trend: 0.733934).
Epoch [34/100] | Total Loss: 0.9741 | Aux Loss: 0.1715 | Train Mixed Loss: 0.8026 (Base: 0.2871, Trend: 0.1532, DTW: 0.1196, TopK: 0.5063) | Val Mixed Loss (No Trend): 0.7421 (Base: 0.2860, DTW: 0.1299, TopK: 0.4810) | EMA Val Loss (No Trend): 0.735973 | LR: 1.48e-04
Epoch [35/100] | Total Loss: 0.9722 | Aux Loss: 0.1707 | Train Mixed Loss: 0.8015 (Base: 0.2864, Trend: 0.1534, DTW: 0.1192, TopK: 0.5077) | Val Mixed Loss (No Trend): 0.7162 (Base: 0.2797, DTW: 0.1249, TopK: 0.4560) | EMA Val Loss (No Trend): 0.731032 | LR: 1.46e-04
Saved new best weights to best_model_seed3.pth (EMA validation loss without trend: 0.731032).
Epoch [36/100] | Total Loss: 0.9705 | Aux Loss: 0.1707 | Train Mixed Loss: 0.7998 (Base: 0.2868, Trend: 0.1536, DTW: 0.1183, TopK: 0.5077) | Val Mixed Loss (No Trend): 0.7295 (Base: 0.2818, DTW: 0.1260, TopK: 0.4847) | EMA Val Loss (No Trend): 0.730651 | LR: 1.43e-04
Saved new best weights to best_model_seed3.pth (EMA validation loss without trend: 0.730651).
Epoch [37/100] | Total Loss: 0.9667 | Aux Loss: 0.1709 | Train Mixed Loss: 0.7958 (Base: 0.2852, Trend: 0.1532, DTW: 0.1177, TopK: 0.5050) | Val Mixed Loss (No Trend): 0.7297 (Base: 0.2810, DTW: 0.1290, TopK: 0.4637) | EMA Val Loss (No Trend): 0.730408 | LR: 1.40e-04
Saved new best weights to best_model_seed3.pth (EMA validation loss without trend: 0.730408).
Epoch [38/100] | Total Loss: 0.9625 | Aux Loss: 0.1700 | Train Mixed Loss: 0.7925 (Base: 0.2841, Trend: 0.1528, DTW: 0.1169, TopK: 0.5050) | Val Mixed Loss (No Trend): 0.7370 (Base: 0.2840, DTW: 0.1268, TopK: 0.4953) | EMA Val Loss (No Trend): 0.732062 | LR: 1.37e-04
Epoch [39/100] | Total Loss: 0.9567 | Aux Loss: 0.1691 | Train Mixed Loss: 0.7876 (Base: 0.2830, Trend: 0.1528, DTW: 0.1158, TopK: 0.5007) | Val Mixed Loss (No Trend): 0.7524 (Base: 0.2955, DTW: 0.1345, TopK: 0.4470) | EMA Val Loss (No Trend): 0.737148 | LR: 1.34e-04
Epoch [40/100] | Total Loss: 0.9611 | Aux Loss: 0.1689 | Train Mixed Loss: 0.7921 (Base: 0.2848, Trend: 0.1530, DTW: 0.1165, TopK: 0.5040) | Val Mixed Loss (No Trend): 0.7475 (Base: 0.2949, DTW: 0.1319, TopK: 0.4533) | EMA Val Loss (No Trend): 0.739737 | LR: 1.31e-04
Epoch [41/100] | Total Loss: 0.9492 | Aux Loss: 0.1679 | Train Mixed Loss: 0.7813 (Base: 0.2813, Trend: 0.1516, DTW: 0.1150, TopK: 0.4943) | Val Mixed Loss (No Trend): 0.7122 (Base: 0.2762, DTW: 0.1227, TopK: 0.4720) | EMA Val Loss (No Trend): 0.732843 | LR: 1.28e-04
Epoch [42/100] | Total Loss: 0.9553 | Aux Loss: 0.1687 | Train Mixed Loss: 0.7866 (Base: 0.2830, Trend: 0.1530, DTW: 0.1157, TopK: 0.4983) | Val Mixed Loss (No Trend): 0.7076 (Base: 0.2757, DTW: 0.1215, TopK: 0.4680) | EMA Val Loss (No Trend): 0.726526 | LR: 1.25e-04
Saved new best weights to best_model_seed3.pth (EMA validation loss without trend: 0.726526).
Epoch [43/100] | Total Loss: 0.9441 | Aux Loss: 0.1672 | Train Mixed Loss: 0.7770 (Base: 0.2801, Trend: 0.1520, DTW: 0.1135, TopK: 0.4947) | Val Mixed Loss (No Trend): 0.7260 (Base: 0.2848, DTW: 0.1254, TopK: 0.4677) | EMA Val Loss (No Trend): 0.726395 | LR: 1.22e-04
Saved new best weights to best_model_seed3.pth (EMA validation loss without trend: 0.726395).
Epoch [44/100] | Total Loss: 0.9438 | Aux Loss: 0.1664 | Train Mixed Loss: 0.7774 (Base: 0.2807, Trend: 0.1522, DTW: 0.1136, TopK: 0.4937) | Val Mixed Loss (No Trend): 0.7367 (Base: 0.2882, DTW: 0.1307, TopK: 0.4497) | EMA Val Loss (No Trend): 0.728978 | LR: 1.19e-04
Epoch [45/100] | Total Loss: 0.9416 | Aux Loss: 0.1667 | Train Mixed Loss: 0.7749 (Base: 0.2795, Trend: 0.1524, DTW: 0.1131, TopK: 0.4927) | Val Mixed Loss (No Trend): 0.7323 (Base: 0.2869, DTW: 0.1270, TopK: 0.4683) | EMA Val Loss (No Trend): 0.729820 | LR: 1.16e-04
Epoch [46/100] | Total Loss: 0.9413 | Aux Loss: 0.1672 | Train Mixed Loss: 0.7741 (Base: 0.2799, Trend: 0.1528, DTW: 0.1125, TopK: 0.4930) | Val Mixed Loss (No Trend): 0.7020 (Base: 0.2729, DTW: 0.1203, TopK: 0.4680) | EMA Val Loss (No Trend): 0.722870 | LR: 1.13e-04
Saved new best weights to best_model_seed3.pth (EMA validation loss without trend: 0.722870).
Epoch [47/100] | Total Loss: 0.9325 | Aux Loss: 0.1654 | Train Mixed Loss: 0.7670 (Base: 0.2773, Trend: 0.1512, DTW: 0.1113, TopK: 0.4897) | Val Mixed Loss (No Trend): 0.7259 (Base: 0.2856, DTW: 0.1268, TopK: 0.4533) | EMA Val Loss (No Trend): 0.723640 | LR: 1.10e-04
Epoch [48/100] | Total Loss: 0.9326 | Aux Loss: 0.1651 | Train Mixed Loss: 0.7675 (Base: 0.2778, Trend: 0.1514, DTW: 0.1113, TopK: 0.4900) | Val Mixed Loss (No Trend): 0.7188 (Base: 0.2782, DTW: 0.1241, TopK: 0.4753) | EMA Val Loss (No Trend): 0.722425 | LR: 1.07e-04
Saved new best weights to best_model_seed3.pth (EMA validation loss without trend: 0.722425).
Epoch [49/100] | Total Loss: 0.9246 | Aux Loss: 0.1652 | Train Mixed Loss: 0.7594 (Base: 0.2754, Trend: 0.1508, DTW: 0.1094, TopK: 0.4867) | Val Mixed Loss (No Trend): 0.7384 (Base: 0.2889, DTW: 0.1304, TopK: 0.4547) | EMA Val Loss (No Trend): 0.726409 | LR: 1.04e-04
Epoch [50/100] | Total Loss: 0.9301 | Aux Loss: 0.1661 | Train Mixed Loss: 0.7640 (Base: 0.2769, Trend: 0.1516, DTW: 0.1100, TopK: 0.4910) | Val Mixed Loss (No Trend): 0.7398 (Base: 0.2893, DTW: 0.1275, TopK: 0.4820) | EMA Val Loss (No Trend): 0.729745 | LR: 1.01e-04
Epoch [51/100] | Total Loss: 0.9266 | Aux Loss: 0.1647 | Train Mixed Loss: 0.7619 (Base: 0.2761, Trend: 0.1516, DTW: 0.1101, TopK: 0.4857) | Val Mixed Loss (No Trend): 0.7440 (Base: 0.2938, DTW: 0.1320, TopK: 0.4447) | EMA Val Loss (No Trend): 0.733305 | LR: 9.74e-05
Epoch [52/100] | Total Loss: 0.9232 | Aux Loss: 0.1638 | Train Mixed Loss: 0.7594 (Base: 0.2762, Trend: 0.1518, DTW: 0.1091, TopK: 0.4847) | Val Mixed Loss (No Trend): 0.7098 (Base: 0.2765, DTW: 0.1220, TopK: 0.4687) | EMA Val Loss (No Trend): 0.727424 | LR: 9.43e-05
Epoch [53/100] | Total Loss: 0.9146 | Aux Loss: 0.1635 | Train Mixed Loss: 0.7511 (Base: 0.2733, Trend: 0.1512, DTW: 0.1075, TopK: 0.4813) | Val Mixed Loss (No Trend): 0.7332 (Base: 0.2853, DTW: 0.1285, TopK: 0.4647) | EMA Val Loss (No Trend): 0.728877 | LR: 9.11e-05
Epoch [54/100] | Total Loss: 0.9222 | Aux Loss: 0.1639 | Train Mixed Loss: 0.7584 (Base: 0.2755, Trend: 0.1516, DTW: 0.1085, TopK: 0.4883) | Val Mixed Loss (No Trend): 0.7242 (Base: 0.2769, DTW: 0.1258, TopK: 0.4847) | EMA Val Loss (No Trend): 0.727700 | LR: 8.80e-05
Epoch [55/100] | Total Loss: 0.9099 | Aux Loss: 0.1638 | Train Mixed Loss: 0.7461 (Base: 0.2726, Trend: 0.1504, DTW: 0.1064, TopK: 0.4763) | Val Mixed Loss (No Trend): 0.7196 (Base: 0.2814, DTW: 0.1242, TopK: 0.4670) | EMA Val Loss (No Trend): 0.725669 | LR: 8.49e-05
Epoch [56/100] | Total Loss: 0.9056 | Aux Loss: 0.1607 | Train Mixed Loss: 0.7450 (Base: 0.2716, Trend: 0.1508, DTW: 0.1059, TopK: 0.4793) | Val Mixed Loss (No Trend): 0.7131 (Base: 0.2777, DTW: 0.1224, TopK: 0.4720) | EMA Val Loss (No Trend): 0.722537 | LR: 8.19e-05
Epoch [57/100] | Total Loss: 0.9062 | Aux Loss: 0.1620 | Train Mixed Loss: 0.7441 (Base: 0.2713, Trend: 0.1498, DTW: 0.1062, TopK: 0.4773) | Val Mixed Loss (No Trend): 0.7198 (Base: 0.2775, DTW: 0.1229, TopK: 0.4917) | EMA Val Loss (No Trend): 0.721864 | LR: 7.88e-05
Saved new best weights to best_model_seed3.pth (EMA validation loss without trend: 0.721864).
Epoch [58/100] | Total Loss: 0.9101 | Aux Loss: 0.1626 | Train Mixed Loss: 0.7474 (Base: 0.2726, Trend: 0.1512, DTW: 0.1066, TopK: 0.4780) | Val Mixed Loss (No Trend): 0.7102 (Base: 0.2805, DTW: 0.1228, TopK: 0.4500) | EMA Val Loss (No Trend): 0.718952 | LR: 7.58e-05
Saved new best weights to best_model_seed3.pth (EMA validation loss without trend: 0.718952).
Epoch [59/100] | Total Loss: 0.9015 | Aux Loss: 0.1620 | Train Mixed Loss: 0.7395 (Base: 0.2701, Trend: 0.1498, DTW: 0.1050, TopK: 0.4753) | Val Mixed Loss (No Trend): 0.7343 (Base: 0.2859, DTW: 0.1293, TopK: 0.4600) | EMA Val Loss (No Trend): 0.722780 | LR: 7.27e-05
Epoch [60/100] | Total Loss: 0.9042 | Aux Loss: 0.1627 | Train Mixed Loss: 0.7416 (Base: 0.2706, Trend: 0.1504, DTW: 0.1053, TopK: 0.4767) | Val Mixed Loss (No Trend): 0.7139 (Base: 0.2791, DTW: 0.1232, TopK: 0.4637) | EMA Val Loss (No Trend): 0.720549 | LR: 6.98e-05
Epoch [61/100] | Total Loss: 0.9024 | Aux Loss: 0.1614 | Train Mixed Loss: 0.7410 (Base: 0.2697, Trend: 0.1500, DTW: 0.1053, TopK: 0.4787) | Val Mixed Loss (No Trend): 0.7161 (Base: 0.2815, DTW: 0.1254, TopK: 0.4453) | EMA Val Loss (No Trend): 0.719448 | LR: 6.68e-05
Epoch [62/100] | Total Loss: 0.8960 | Aux Loss: 0.1619 | Train Mixed Loss: 0.7340 (Base: 0.2684, Trend: 0.1498, DTW: 0.1038, TopK: 0.4723) | Val Mixed Loss (No Trend): 0.7145 (Base: 0.2801, DTW: 0.1237, TopK: 0.4583) | EMA Val Loss (No Trend): 0.718215 | LR: 6.39e-05
Saved new best weights to best_model_seed3.pth (EMA validation loss without trend: 0.718215).
Epoch [63/100] | Total Loss: 0.8943 | Aux Loss: 0.1611 | Train Mixed Loss: 0.7333 (Base: 0.2688, Trend: 0.1504, DTW: 0.1034, TopK: 0.4703) | Val Mixed Loss (No Trend): 0.7150 (Base: 0.2813, DTW: 0.1241, TopK: 0.4530) | EMA Val Loss (No Trend): 0.717414 | LR: 6.10e-05
Saved new best weights to best_model_seed3.pth (EMA validation loss without trend: 0.717414).
Epoch [64/100] | Total Loss: 0.9039 | Aux Loss: 0.1627 | Train Mixed Loss: 0.7412 (Base: 0.2701, Trend: 0.1516, DTW: 0.1050, TopK: 0.4773) | Val Mixed Loss (No Trend): 0.7220 (Base: 0.2817, DTW: 0.1251, TopK: 0.4670) | EMA Val Loss (No Trend): 0.718553 | LR: 5.81e-05
Epoch [65/100] | Total Loss: 0.8883 | Aux Loss: 0.1592 | Train Mixed Loss: 0.7290 (Base: 0.2675, Trend: 0.1496, DTW: 0.1026, TopK: 0.4683) | Val Mixed Loss (No Trend): 0.7221 (Base: 0.2825, DTW: 0.1262, TopK: 0.4563) | EMA Val Loss (No Trend): 0.719445 | LR: 5.53e-05
Epoch [66/100] | Total Loss: 0.8859 | Aux Loss: 0.1595 | Train Mixed Loss: 0.7264 (Base: 0.2664, Trend: 0.1496, DTW: 0.1018, TopK: 0.4693) | Val Mixed Loss (No Trend): 0.7116 (Base: 0.2745, DTW: 0.1229, TopK: 0.4740) | EMA Val Loss (No Trend): 0.717479 | LR: 5.26e-05
Epoch [67/100] | Total Loss: 0.8819 | Aux Loss: 0.1591 | Train Mixed Loss: 0.7228 (Base: 0.2650, Trend: 0.1492, DTW: 0.1012, TopK: 0.4677) | Val Mixed Loss (No Trend): 0.7107 (Base: 0.2749, DTW: 0.1229, TopK: 0.4697) | EMA Val Loss (No Trend): 0.715789 | LR: 4.99e-05
Saved new best weights to best_model_seed3.pth (EMA validation loss without trend: 0.715789).
Epoch [68/100] | Total Loss: 0.8838 | Aux Loss: 0.1617 | Train Mixed Loss: 0.7221 (Base: 0.2655, Trend: 0.1492, DTW: 0.1009, TopK: 0.4657) | Val Mixed Loss (No Trend): 0.7232 (Base: 0.2827, DTW: 0.1263, TopK: 0.4583) | EMA Val Loss (No Trend): 0.717641 | LR: 4.72e-05
Epoch [69/100] | Total Loss: 0.8766 | Aux Loss: 0.1584 | Train Mixed Loss: 0.7182 (Base: 0.2638, Trend: 0.1494, DTW: 0.1001, TopK: 0.4647) | Val Mixed Loss (No Trend): 0.7067 (Base: 0.2752, DTW: 0.1213, TopK: 0.4683) | EMA Val Loss (No Trend): 0.714902 | LR: 4.46e-05
Saved new best weights to best_model_seed3.pth (EMA validation loss without trend: 0.714902).
Epoch [70/100] | Total Loss: 0.8755 | Aux Loss: 0.1585 | Train Mixed Loss: 0.7169 (Base: 0.2637, Trend: 0.1494, DTW: 0.0999, TopK: 0.4623) | Val Mixed Loss (No Trend): 0.7150 (Base: 0.2797, DTW: 0.1233, TopK: 0.4643) | EMA Val Loss (No Trend): 0.714915 | LR: 4.20e-05
Epoch [71/100] | Total Loss: 0.8775 | Aux Loss: 0.1603 | Train Mixed Loss: 0.7172 (Base: 0.2638, Trend: 0.1498, DTW: 0.0996, TopK: 0.4647) | Val Mixed Loss (No Trend): 0.7158 (Base: 0.2770, DTW: 0.1240, TopK: 0.4707) | EMA Val Loss (No Trend): 0.715145 | LR: 3.95e-05
Epoch [72/100] | Total Loss: 0.8794 | Aux Loss: 0.1606 | Train Mixed Loss: 0.7188 (Base: 0.2649, Trend: 0.1496, DTW: 0.1002, TopK: 0.4623) | Val Mixed Loss (No Trend): 0.7106 (Base: 0.2788, DTW: 0.1227, TopK: 0.4580) | EMA Val Loss (No Trend): 0.714000 | LR: 3.71e-05
Saved new best weights to best_model_seed3.pth (EMA validation loss without trend: 0.714000).
Epoch [73/100] | Total Loss: 0.8724 | Aux Loss: 0.1597 | Train Mixed Loss: 0.7128 (Base: 0.2626, Trend: 0.1490, DTW: 0.0989, TopK: 0.4607) | Val Mixed Loss (No Trend): 0.7149 (Base: 0.2792, DTW: 0.1239, TopK: 0.4613) | EMA Val Loss (No Trend): 0.714223 | LR: 3.47e-05
Epoch [74/100] | Total Loss: 0.8756 | Aux Loss: 0.1599 | Train Mixed Loss: 0.7158 (Base: 0.2635, Trend: 0.1502, DTW: 0.0991, TopK: 0.4640) | Val Mixed Loss (No Trend): 0.7279 (Base: 0.2845, DTW: 0.1263, TopK: 0.4677) | EMA Val Loss (No Trend): 0.717637 | LR: 3.24e-05
Epoch [75/100] | Total Loss: 0.8701 | Aux Loss: 0.1595 | Train Mixed Loss: 0.7106 (Base: 0.2618, Trend: 0.1496, DTW: 0.0982, TopK: 0.4607) | Val Mixed Loss (No Trend): 0.7131 (Base: 0.2786, DTW: 0.1235, TopK: 0.4600) | EMA Val Loss (No Trend): 0.716491 | LR: 3.01e-05
Epoch [76/100] | Total Loss: 0.8548 | Aux Loss: 0.1562 | Train Mixed Loss: 0.6986 (Base: 0.2583, Trend: 0.1476, DTW: 0.0962, TopK: 0.4520) | Val Mixed Loss (No Trend): 0.7218 (Base: 0.2820, DTW: 0.1250, TopK: 0.4663) | EMA Val Loss (No Trend): 0.717828 | LR: 2.80e-05
Epoch [77/100] | Total Loss: 0.8620 | Aux Loss: 0.1565 | Train Mixed Loss: 0.7055 (Base: 0.2606, Trend: 0.1494, DTW: 0.0970, TopK: 0.4583) | Val Mixed Loss (No Trend): 0.7152 (Base: 0.2775, DTW: 0.1242, TopK: 0.4653) | EMA Val Loss (No Trend): 0.717181 | LR: 2.59e-05
Epoch [78/100] | Total Loss: 0.8672 | Aux Loss: 0.1584 | Train Mixed Loss: 0.7088 (Base: 0.2619, Trend: 0.1494, DTW: 0.0978, TopK: 0.4583) | Val Mixed Loss (No Trend): 0.7125 (Base: 0.2772, DTW: 0.1225, TopK: 0.4713) | EMA Val Loss (No Trend): 0.716023 | LR: 2.38e-05
Epoch [79/100] | Total Loss: 0.8621 | Aux Loss: 0.1571 | Train Mixed Loss: 0.7050 (Base: 0.2605, Trend: 0.1484, DTW: 0.0967, TopK: 0.4607) | Val Mixed Loss (No Trend): 0.7120 (Base: 0.2765, DTW: 0.1226, TopK: 0.4710) | EMA Val Loss (No Trend): 0.715021 | LR: 2.19e-05
Epoch [80/100] | Total Loss: 0.8577 | Aux Loss: 0.1565 | Train Mixed Loss: 0.7012 (Base: 0.2590, Trend: 0.1476, DTW: 0.0968, TopK: 0.4543) | Val Mixed Loss (No Trend): 0.7164 (Base: 0.2778, DTW: 0.1240, TopK: 0.4700) | EMA Val Loss (No Trend): 0.715358 | LR: 2.00e-05
Epoch [81/100] | Total Loss: 0.8586 | Aux Loss: 0.1572 | Train Mixed Loss: 0.7014 (Base: 0.2590, Trend: 0.1490, DTW: 0.0964, TopK: 0.4547) | Val Mixed Loss (No Trend): 0.7178 (Base: 0.2776, DTW: 0.1243, TopK: 0.4730) | EMA Val Loss (No Trend): 0.715972 | LR: 1.82e-05
Epoch [82/100] | Total Loss: 0.8661 | Aux Loss: 0.1584 | Train Mixed Loss: 0.7076 (Base: 0.2615, Trend: 0.1504, DTW: 0.0970, TopK: 0.4600) | Val Mixed Loss (No Trend): 0.7175 (Base: 0.2831, DTW: 0.1250, TopK: 0.4483) | EMA Val Loss (No Trend): 0.716362 | LR: 1.65e-05
Epoch [83/100] | Total Loss: 0.8528 | Aux Loss: 0.1569 | Train Mixed Loss: 0.6958 (Base: 0.2575, Trend: 0.1484, DTW: 0.0953, TopK: 0.4517) | Val Mixed Loss (No Trend): 0.7097 (Base: 0.2774, DTW: 0.1230, TopK: 0.4563) | EMA Val Loss (No Trend): 0.714695 | LR: 1.49e-05
Epoch [84/100] | Total Loss: 0.8592 | Aux Loss: 0.1586 | Train Mixed Loss: 0.7006 (Base: 0.2600, Trend: 0.1494, DTW: 0.0959, TopK: 0.4527) | Val Mixed Loss (No Trend): 0.7149 (Base: 0.2801, DTW: 0.1233, TopK: 0.4633) | EMA Val Loss (No Trend): 0.714758 | LR: 1.33e-05
Epoch [85/100] | Total Loss: 0.8580 | Aux Loss: 0.1573 | Train Mixed Loss: 0.7007 (Base: 0.2593, Trend: 0.1494, DTW: 0.0957, TopK: 0.4567) | Val Mixed Loss (No Trend): 0.7132 (Base: 0.2802, DTW: 0.1233, TopK: 0.4567) | EMA Val Loss (No Trend): 0.714360 | LR: 1.18e-05
Epoch [86/100] | Total Loss: 0.8525 | Aux Loss: 0.1573 | Train Mixed Loss: 0.6952 (Base: 0.2573, Trend: 0.1484, DTW: 0.0950, TopK: 0.4523) | Val Mixed Loss (No Trend): 0.7215 (Base: 0.2812, DTW: 0.1269, TopK: 0.4527) | EMA Val Loss (No Trend): 0.716149 | LR: 1.05e-05
Epoch [87/100] | Total Loss: 0.8557 | Aux Loss: 0.1580 | Train Mixed Loss: 0.6977 (Base: 0.2579, Trend: 0.1486, DTW: 0.0959, TopK: 0.4513) | Val Mixed Loss (No Trend): 0.7178 (Base: 0.2828, DTW: 0.1247, TopK: 0.4523) | EMA Val Loss (No Trend): 0.716552 | LR: 9.18e-06
Epoch [88/100] | Total Loss: 0.8516 | Aux Loss: 0.1563 | Train Mixed Loss: 0.6952 (Base: 0.2576, Trend: 0.1484, DTW: 0.0949, TopK: 0.4520) | Val Mixed Loss (No Trend): 0.7231 (Base: 0.2828, DTW: 0.1268, TopK: 0.4533) | EMA Val Loss (No Trend): 0.718195 | LR: 7.99e-06
Epoch [89/100] | Total Loss: 0.8541 | Aux Loss: 0.1556 | Train Mixed Loss: 0.6985 (Base: 0.2582, Trend: 0.1482, DTW: 0.0959, TopK: 0.4533) | Val Mixed Loss (No Trend): 0.7119 (Base: 0.2797, DTW: 0.1233, TopK: 0.4540) | EMA Val Loss (No Trend): 0.716624 | LR: 6.88e-06
Epoch [90/100] | Total Loss: 0.8501 | Aux Loss: 0.1572 | Train Mixed Loss: 0.6928 (Base: 0.2572, Trend: 0.1494, DTW: 0.0940, TopK: 0.4507) | Val Mixed Loss (No Trend): 0.7263 (Base: 0.2846, DTW: 0.1273, TopK: 0.4540) | EMA Val Loss (No Trend): 0.719034 | LR: 5.87e-06
Epoch [91/100] | Total Loss: 0.8470 | Aux Loss: 0.1559 | Train Mixed Loss: 0.6911 (Base: 0.2564, Trend: 0.1488, DTW: 0.0940, TopK: 0.4493) | Val Mixed Loss (No Trend): 0.7120 (Base: 0.2774, DTW: 0.1233, TopK: 0.4627) | EMA Val Loss (No Trend): 0.717279 | LR: 4.95e-06
Epoch [92/100] | Total Loss: 0.8520 | Aux Loss: 0.1574 | Train Mixed Loss: 0.6946 (Base: 0.2567, Trend: 0.1494, DTW: 0.0948, TopK: 0.4527) | Val Mixed Loss (No Trend): 0.7240 (Base: 0.2806, DTW: 0.1260, TopK: 0.4703) | EMA Val Loss (No Trend): 0.718962 | LR: 4.13e-06
Epoch [93/100] | Total Loss: 0.8509 | Aux Loss: 0.1562 | Train Mixed Loss: 0.6947 (Base: 0.2575, Trend: 0.1490, DTW: 0.0945, TopK: 0.4530) | Val Mixed Loss (No Trend): 0.7061 (Base: 0.2764, DTW: 0.1214, TopK: 0.4607) | EMA Val Loss (No Trend): 0.715736 | LR: 3.40e-06
Epoch [94/100] | Total Loss: 0.8497 | Aux Loss: 0.1556 | Train Mixed Loss: 0.6941 (Base: 0.2570, Trend: 0.1480, DTW: 0.0945, TopK: 0.4540) | Val Mixed Loss (No Trend): 0.7165 (Base: 0.2808, DTW: 0.1241, TopK: 0.4597) | EMA Val Loss (No Trend): 0.715928 | LR: 2.76e-06
Epoch [95/100] | Total Loss: 0.8538 | Aux Loss: 0.1562 | Train Mixed Loss: 0.6976 (Base: 0.2581, Trend: 0.1490, DTW: 0.0954, TopK: 0.4537) | Val Mixed Loss (No Trend): 0.7175 (Base: 0.2799, DTW: 0.1246, TopK: 0.4617) | EMA Val Loss (No Trend): 0.716332 | LR: 2.23e-06
Epoch [96/100] | Total Loss: 0.8562 | Aux Loss: 0.1580 | Train Mixed Loss: 0.6982 (Base: 0.2579, Trend: 0.1500, DTW: 0.0955, TopK: 0.4537) | Val Mixed Loss (No Trend): 0.7237 (Base: 0.2831, DTW: 0.1252, TopK: 0.4673) | EMA Val Loss (No Trend): 0.718180 | LR: 1.78e-06
Epoch [97/100] | Total Loss: 0.8420 | Aux Loss: 0.1551 | Train Mixed Loss: 0.6869 (Base: 0.2549, Trend: 0.1478, DTW: 0.0933, TopK: 0.4473) | Val Mixed Loss (No Trend): 0.7127 (Base: 0.2796, DTW: 0.1230, TopK: 0.4593) | EMA Val Loss (No Trend): 0.716818 | LR: 1.44e-06
Epoch [98/100] | Total Loss: 0.8514 | Aux Loss: 0.1566 | Train Mixed Loss: 0.6948 (Base: 0.2566, Trend: 0.1486, DTW: 0.0951, TopK: 0.4523) | Val Mixed Loss (No Trend): 0.7222 (Base: 0.2821, DTW: 0.1261, TopK: 0.4583) | EMA Val Loss (No Trend): 0.718173 | LR: 1.20e-06
Epoch [99/100] | Total Loss: 0.8434 | Aux Loss: 0.1557 | Train Mixed Loss: 0.6876 (Base: 0.2553, Trend: 0.1480, DTW: 0.0936, TopK: 0.4460) | Val Mixed Loss (No Trend): 0.7197 (Base: 0.2822, DTW: 0.1248, TopK: 0.4593) | EMA Val Loss (No Trend): 0.718545 | LR: 1.05e-06
Epoch [100/100] | Total Loss: 0.8397 | Aux Loss: 0.1553 | Train Mixed Loss: 0.6844 (Base: 0.2538, Trend: 0.1474, DTW: 0.0928, TopK: 0.4470) | Val Mixed Loss (No Trend): 0.7199 (Base: 0.2821, DTW: 0.1242, TopK: 0.4657) | EMA Val Loss (No Trend): 0.718879 | LR: 2.00e-04
