[*] Process seed: 1
Building static profile features from historical data...
[*] Total trainable parameters: 3,485,441
Epoch [1/100] | Train Mixed Loss (Trend, limit=2): 1.1036 (Base: 0.3514, DTW: 0.1968, TopK: 0.6129) | Val Mixed Loss (NoTrend, limit=2): 0.8961 (Base: 0.3251, DTW: 0.1728, TopK: 0.5207) | EMA NoTrend Loss: 0.896074 | LR: 2.00e-04
Epoch [2/100] | Train Mixed Loss (Trend, limit=2): 1.0099 (Base: 0.3349, DTW: 0.1694, TopK: 0.6022) | Val Mixed Loss (NoTrend, limit=2): 0.8532 (Base: 0.3169, DTW: 0.1546, TopK: 0.5506) | EMA NoTrend Loss: 0.885344 | LR: 2.00e-04
Epoch [3/100] | Train Mixed Loss (Trend, limit=2): 0.9727 (Base: 0.3285, DTW: 0.1583, TopK: 0.5902) | Val Mixed Loss (NoTrend, limit=2): 0.8179 (Base: 0.3015, DTW: 0.1488, TopK: 0.5309) | EMA NoTrend Loss: 0.868475 | LR: 2.00e-04
Epoch [4/100] | Train Mixed Loss (Trend, limit=2): 0.9563 (Base: 0.3251, DTW: 0.1539, TopK: 0.5831) | Val Mixed Loss (NoTrend, limit=2): 0.8353 (Base: 0.3119, DTW: 0.1566, TopK: 0.4917) | EMA NoTrend Loss: 0.860190 | LR: 1.99e-04
Epoch [5/100] | Train Mixed Loss (Trend, limit=2): 0.9394 (Base: 0.3207, DTW: 0.1491, TopK: 0.5794) | Val Mixed Loss (NoTrend, limit=2): 0.7884 (Base: 0.3008, DTW: 0.1371, TopK: 0.5286) | EMA NoTrend Loss: 0.842253 | LR: 1.99e-04
Epoch [6/100] | Train Mixed Loss (Trend, limit=2): 0.9267 (Base: 0.3181, DTW: 0.1461, TopK: 0.5717) | Val Mixed Loss (NoTrend, limit=2): 0.7961 (Base: 0.2941, DTW: 0.1381, TopK: 0.5684) | EMA NoTrend Loss: 0.830715 | LR: 1.98e-04
Epoch [7/100] | Train Mixed Loss (Trend, limit=2): 0.9163 (Base: 0.3158, DTW: 0.1433, TopK: 0.5676) | Val Mixed Loss (NoTrend, limit=2): 0.7814 (Base: 0.2950, DTW: 0.1392, TopK: 0.5079) | EMA NoTrend Loss: 0.818382 | LR: 1.98e-04
Epoch [8/100] | Train Mixed Loss (Trend, limit=2): 0.9045 (Base: 0.3119, DTW: 0.1407, TopK: 0.5641) | Val Mixed Loss (NoTrend, limit=2): 0.7652 (Base: 0.2870, DTW: 0.1323, TopK: 0.5355) | EMA NoTrend Loss: 0.805087 | LR: 1.97e-04
Epoch [9/100] | Train Mixed Loss (Trend, limit=2): 0.8944 (Base: 0.3102, DTW: 0.1381, TopK: 0.5580) | Val Mixed Loss (NoTrend, limit=2): 0.7894 (Base: 0.3064, DTW: 0.1415, TopK: 0.4779) | EMA NoTrend Loss: 0.801175 | LR: 1.96e-04
Epoch [10/100] | Train Mixed Loss (Trend, limit=2): 0.8860 (Base: 0.3070, DTW: 0.1365, TopK: 0.5556) | Val Mixed Loss (NoTrend, limit=2): 0.7766 (Base: 0.2919, DTW: 0.1361, TopK: 0.5272) | EMA NoTrend Loss: 0.795030 | LR: 1.95e-04
Epoch [11/100] | Train Mixed Loss (Trend, limit=2): 0.8799 (Base: 0.3063, DTW: 0.1346, TopK: 0.5526) | Val Mixed Loss (NoTrend, limit=2): 0.7623 (Base: 0.2866, DTW: 0.1338, TopK: 0.5148) | EMA NoTrend Loss: 0.786839 | LR: 1.94e-04
Epoch [12/100] | Train Mixed Loss (Trend, limit=2): 0.8797 (Base: 0.3059, DTW: 0.1351, TopK: 0.5514) | Val Mixed Loss (NoTrend, limit=2): 0.7616 (Base: 0.2874, DTW: 0.1352, TopK: 0.4993) | EMA NoTrend Loss: 0.780532 | LR: 1.93e-04
Epoch [13/100] | Train Mixed Loss (Trend, limit=2): 0.8650 (Base: 0.3022, DTW: 0.1311, TopK: 0.5469) | Val Mixed Loss (NoTrend, limit=2): 0.7672 (Base: 0.2977, DTW: 0.1364, TopK: 0.4737) | EMA NoTrend Loss: 0.777190 | LR: 1.92e-04
Epoch [14/100] | Train Mixed Loss (Trend, limit=2): 0.8587 (Base: 0.3011, DTW: 0.1298, TopK: 0.5411) | Val Mixed Loss (NoTrend, limit=2): 0.7618 (Base: 0.2913, DTW: 0.1347, TopK: 0.4908) | EMA NoTrend Loss: 0.773332 | LR: 1.91e-04
Epoch [15/100] | Train Mixed Loss (Trend, limit=2): 0.8591 (Base: 0.3006, DTW: 0.1299, TopK: 0.5431) | Val Mixed Loss (NoTrend, limit=2): 0.7625 (Base: 0.2930, DTW: 0.1344, TopK: 0.4896) | EMA NoTrend Loss: 0.770621 | LR: 1.89e-04
Epoch [16/100] | Train Mixed Loss (Trend, limit=2): 0.8485 (Base: 0.2983, DTW: 0.1275, TopK: 0.5355) | Val Mixed Loss (NoTrend, limit=2): 0.7597 (Base: 0.2922, DTW: 0.1353, TopK: 0.4763) | EMA NoTrend Loss: 0.767897 | LR: 1.88e-04
Epoch [17/100] | Train Mixed Loss (Trend, limit=2): 0.8422 (Base: 0.2963, DTW: 0.1261, TopK: 0.5338) | Val Mixed Loss (NoTrend, limit=2): 0.7602 (Base: 0.2888, DTW: 0.1335, TopK: 0.5033) | EMA NoTrend Loss: 0.765975 | LR: 1.86e-04
Epoch [18/100] | Train Mixed Loss (Trend, limit=2): 0.8349 (Base: 0.2944, DTW: 0.1246, TopK: 0.5297) | Val Mixed Loss (NoTrend, limit=2): 0.7521 (Base: 0.2885, DTW: 0.1316, TopK: 0.4927) | EMA NoTrend Loss: 0.762499 | LR: 1.85e-04
Epoch [19/100] | Train Mixed Loss (Trend, limit=2): 0.8309 (Base: 0.2934, DTW: 0.1237, TopK: 0.5266) | Val Mixed Loss (NoTrend, limit=2): 0.7739 (Base: 0.2983, DTW: 0.1381, TopK: 0.4804) | EMA NoTrend Loss: 0.765338 | LR: 1.83e-04
Epoch [20/100] | Train Mixed Loss (Trend, limit=2): 0.8302 (Base: 0.2930, DTW: 0.1234, TopK: 0.5282) | Val Mixed Loss (NoTrend, limit=2): 0.7590 (Base: 0.2959, DTW: 0.1351, TopK: 0.4627) | EMA NoTrend Loss: 0.763752 | LR: 1.81e-04
Epoch [21/100] | Train Mixed Loss (Trend, limit=2): 0.8196 (Base: 0.2901, DTW: 0.1210, TopK: 0.5232) | Val Mixed Loss (NoTrend, limit=2): 0.7640 (Base: 0.2925, DTW: 0.1360, TopK: 0.4838) | EMA NoTrend Loss: 0.763820 | LR: 1.79e-04
Epoch [22/100] | Train Mixed Loss (Trend, limit=2): 0.8240 (Base: 0.2916, DTW: 0.1218, TopK: 0.5248) | Val Mixed Loss (NoTrend, limit=2): 0.7429 (Base: 0.2834, DTW: 0.1297, TopK: 0.4942) | EMA NoTrend Loss: 0.758585 | LR: 1.77e-04
Epoch [23/100] | Train Mixed Loss (Trend, limit=2): 0.8158 (Base: 0.2891, DTW: 0.1201, TopK: 0.5214) | Val Mixed Loss (NoTrend, limit=2): 0.7411 (Base: 0.2829, DTW: 0.1301, TopK: 0.4864) | EMA NoTrend Loss: 0.754206 | LR: 1.75e-04
Epoch [24/100] | Train Mixed Loss (Trend, limit=2): 0.8122 (Base: 0.2889, DTW: 0.1193, TopK: 0.5163) | Val Mixed Loss (NoTrend, limit=2): 0.7478 (Base: 0.2843, DTW: 0.1304, TopK: 0.5019) | EMA NoTrend Loss: 0.752613 | LR: 1.73e-04
Epoch [25/100] | Train Mixed Loss (Trend, limit=2): 0.8076 (Base: 0.2875, DTW: 0.1180, TopK: 0.5157) | Val Mixed Loss (NoTrend, limit=2): 0.7571 (Base: 0.2936, DTW: 0.1332, TopK: 0.4792) | EMA NoTrend Loss: 0.753732 | LR: 1.71e-04
Epoch [26/100] | Train Mixed Loss (Trend, limit=2): 0.8012 (Base: 0.2860, DTW: 0.1164, TopK: 0.5126) | Val Mixed Loss (NoTrend, limit=2): 0.7377 (Base: 0.2823, DTW: 0.1293, TopK: 0.4831) | EMA NoTrend Loss: 0.749711 | LR: 1.69e-04
Epoch [27/100] | Train Mixed Loss (Trend, limit=2): 0.7987 (Base: 0.2849, DTW: 0.1162, TopK: 0.5107) | Val Mixed Loss (NoTrend, limit=2): 0.7363 (Base: 0.2793, DTW: 0.1285, TopK: 0.4953) | EMA NoTrend Loss: 0.746347 | LR: 1.66e-04
Epoch [28/100] | Train Mixed Loss (Trend, limit=2): 0.7927 (Base: 0.2835, DTW: 0.1146, TopK: 0.5093) | Val Mixed Loss (NoTrend, limit=2): 0.7512 (Base: 0.2901, DTW: 0.1324, TopK: 0.4775) | EMA NoTrend Loss: 0.747558 | LR: 1.64e-04
Epoch [29/100] | Train Mixed Loss (Trend, limit=2): 0.7901 (Base: 0.2826, DTW: 0.1142, TopK: 0.5071) | Val Mixed Loss (NoTrend, limit=2): 0.7186 (Base: 0.2744, DTW: 0.1239, TopK: 0.4892) | EMA NoTrend Loss: 0.740314 | LR: 1.61e-04
Epoch [30/100] | Train Mixed Loss (Trend, limit=2): 0.7863 (Base: 0.2813, DTW: 0.1137, TopK: 0.5027) | Val Mixed Loss (NoTrend, limit=2): 0.7269 (Base: 0.2768, DTW: 0.1258, TopK: 0.4940) | EMA NoTrend Loss: 0.736961 | LR: 1.59e-04
Epoch [31/100] | Train Mixed Loss (Trend, limit=2): 0.7818 (Base: 0.2807, DTW: 0.1123, TopK: 0.5009) | Val Mixed Loss (NoTrend, limit=2): 0.7386 (Base: 0.2866, DTW: 0.1283, TopK: 0.4805) | EMA NoTrend Loss: 0.737359 | LR: 1.56e-04
Epoch [32/100] | Train Mixed Loss (Trend, limit=2): 0.7783 (Base: 0.2801, DTW: 0.1114, TopK: 0.4990) | Val Mixed Loss (NoTrend, limit=2): 0.7523 (Base: 0.2937, DTW: 0.1337, TopK: 0.4593) | EMA NoTrend Loss: 0.741090 | LR: 1.54e-04
Epoch [33/100] | Train Mixed Loss (Trend, limit=2): 0.7736 (Base: 0.2783, DTW: 0.1104, TopK: 0.4977) | Val Mixed Loss (NoTrend, limit=2): 0.7443 (Base: 0.2894, DTW: 0.1325, TopK: 0.4565) | EMA NoTrend Loss: 0.741899 | LR: 1.51e-04
Epoch [34/100] | Train Mixed Loss (Trend, limit=2): 0.7709 (Base: 0.2775, DTW: 0.1100, TopK: 0.4945) | Val Mixed Loss (NoTrend, limit=2): 0.7487 (Base: 0.2879, DTW: 0.1312, TopK: 0.4869) | EMA NoTrend Loss: 0.743606 | LR: 1.48e-04
Epoch [35/100] | Train Mixed Loss (Trend, limit=2): 0.7683 (Base: 0.2767, DTW: 0.1093, TopK: 0.4948) | Val Mixed Loss (NoTrend, limit=2): 0.7501 (Base: 0.2893, DTW: 0.1334, TopK: 0.4683) | EMA NoTrend Loss: 0.745227 | LR: 1.46e-04
Epoch [36/100] | Train Mixed Loss (Trend, limit=2): 0.7649 (Base: 0.2757, DTW: 0.1086, TopK: 0.4925) | Val Mixed Loss (NoTrend, limit=2): 0.7389 (Base: 0.2869, DTW: 0.1295, TopK: 0.4712) | EMA NoTrend Loss: 0.743657 | LR: 1.43e-04
Epoch [37/100] | Train Mixed Loss (Trend, limit=2): 0.7587 (Base: 0.2745, DTW: 0.1072, TopK: 0.4886) | Val Mixed Loss (NoTrend, limit=2): 0.7348 (Base: 0.2838, DTW: 0.1294, TopK: 0.4680) | EMA NoTrend Loss: 0.741454 | LR: 1.40e-04
Epoch [38/100] | Train Mixed Loss (Trend, limit=2): 0.7612 (Base: 0.2755, DTW: 0.1075, TopK: 0.4888) | Val Mixed Loss (NoTrend, limit=2): 0.7502 (Base: 0.2901, DTW: 0.1326, TopK: 0.4733) | EMA NoTrend Loss: 0.743652 | LR: 1.37e-04
Epoch [39/100] | Train Mixed Loss (Trend, limit=2): 0.7533 (Base: 0.2729, DTW: 0.1062, TopK: 0.4835) | Val Mixed Loss (NoTrend, limit=2): 0.7277 (Base: 0.2808, DTW: 0.1278, TopK: 0.4669) | EMA NoTrend Loss: 0.739658 | LR: 1.34e-04
Epoch [40/100] | Train Mixed Loss (Trend, limit=2): 0.7508 (Base: 0.2719, DTW: 0.1054, TopK: 0.4851) | Val Mixed Loss (NoTrend, limit=2): 0.7422 (Base: 0.2874, DTW: 0.1311, TopK: 0.4675) | EMA NoTrend Loss: 0.740299 | LR: 1.31e-04
Epoch [41/100] | Train Mixed Loss (Trend, limit=2): 0.7444 (Base: 0.2696, DTW: 0.1046, TopK: 0.4795) | Val Mixed Loss (NoTrend, limit=2): 0.7390 (Base: 0.2869, DTW: 0.1309, TopK: 0.4598) | EMA NoTrend Loss: 0.739983 | LR: 1.28e-04
Epoch [42/100] | Train Mixed Loss (Trend, limit=2): 0.7447 (Base: 0.2702, DTW: 0.1043, TopK: 0.4802) | Val Mixed Loss (NoTrend, limit=2): 0.7387 (Base: 0.2822, DTW: 0.1305, TopK: 0.4773) | EMA NoTrend Loss: 0.739661 | LR: 1.25e-04
Epoch [43/100] | Train Mixed Loss (Trend, limit=2): 0.7371 (Base: 0.2682, DTW: 0.1023, TopK: 0.4767) | Val Mixed Loss (NoTrend, limit=2): 0.7416 (Base: 0.2882, DTW: 0.1302, TopK: 0.4701) | EMA NoTrend Loss: 0.740158 | LR: 1.22e-04
Epoch [44/100] | Train Mixed Loss (Trend, limit=2): 0.7361 (Base: 0.2682, DTW: 0.1020, TopK: 0.4759) | Val Mixed Loss (NoTrend, limit=2): 0.7528 (Base: 0.2879, DTW: 0.1333, TopK: 0.4832) | EMA NoTrend Loss: 0.743325 | LR: 1.19e-04
Epoch [45/100] | Train Mixed Loss (Trend, limit=2): 0.7355 (Base: 0.2677, DTW: 0.1020, TopK: 0.4762) | Val Mixed Loss (NoTrend, limit=2): 0.7367 (Base: 0.2864, DTW: 0.1288, TopK: 0.4703) | EMA NoTrend Loss: 0.741658 | LR: 1.16e-04
Epoch [46/100] | Train Mixed Loss (Trend, limit=2): 0.7287 (Base: 0.2657, DTW: 0.1005, TopK: 0.4734) | Val Mixed Loss (NoTrend, limit=2): 0.7461 (Base: 0.2887, DTW: 0.1333, TopK: 0.4584) | EMA NoTrend Loss: 0.742765 | LR: 1.13e-04
Epoch [47/100] | Train Mixed Loss (Trend, limit=2): 0.7263 (Base: 0.2651, DTW: 0.0999, TopK: 0.4719) | Val Mixed Loss (NoTrend, limit=2): 0.7288 (Base: 0.2802, DTW: 0.1283, TopK: 0.4688) | EMA NoTrend Loss: 0.739282 | LR: 1.10e-04
Epoch [48/100] | Train Mixed Loss (Trend, limit=2): 0.7232 (Base: 0.2641, DTW: 0.0993, TopK: 0.4690) | Val Mixed Loss (NoTrend, limit=2): 0.7286 (Base: 0.2818, DTW: 0.1288, TopK: 0.4591) | EMA NoTrend Loss: 0.736610 | LR: 1.07e-04
Epoch [49/100] | Train Mixed Loss (Trend, limit=2): 0.7225 (Base: 0.2635, DTW: 0.0994, TopK: 0.4684) | Val Mixed Loss (NoTrend, limit=2): 0.7333 (Base: 0.2824, DTW: 0.1286, TopK: 0.4742) | EMA NoTrend Loss: 0.735772 | LR: 1.04e-04
Epoch [50/100] | Train Mixed Loss (Trend, limit=2): 0.7157 (Base: 0.2619, DTW: 0.0978, TopK: 0.4648) | Val Mixed Loss (NoTrend, limit=2): 0.7435 (Base: 0.2861, DTW: 0.1319, TopK: 0.4696) | EMA NoTrend Loss: 0.737708 | LR: 1.00e-04
Epoch [51/100] | Train Mixed Loss (Trend, limit=2): 0.7128 (Base: 0.2617, DTW: 0.0967, TopK: 0.4639) | Val Mixed Loss (NoTrend, limit=2): 0.7255 (Base: 0.2780, DTW: 0.1272, TopK: 0.4741) | EMA NoTrend Loss: 0.734664 | LR: 9.74e-05
Epoch [52/100] | Train Mixed Loss (Trend, limit=2): 0.7111 (Base: 0.2608, DTW: 0.0965, TopK: 0.4631) | Val Mixed Loss (NoTrend, limit=2): 0.7289 (Base: 0.2797, DTW: 0.1284, TopK: 0.4701) | EMA NoTrend Loss: 0.733229 | LR: 9.43e-05
Epoch [53/100] | Train Mixed Loss (Trend, limit=2): 0.7099 (Base: 0.2602, DTW: 0.0964, TopK: 0.4629) | Val Mixed Loss (NoTrend, limit=2): 0.7281 (Base: 0.2786, DTW: 0.1281, TopK: 0.4731) | EMA NoTrend Loss: 0.731943 | LR: 9.11e-05
Epoch [54/100] | Train Mixed Loss (Trend, limit=2): 0.7052 (Base: 0.2591, DTW: 0.0954, TopK: 0.4592) | Val Mixed Loss (NoTrend, limit=2): 0.7453 (Base: 0.2878, DTW: 0.1320, TopK: 0.4693) | EMA NoTrend Loss: 0.735290 | LR: 8.80e-05
Epoch [55/100] | Train Mixed Loss (Trend, limit=2): 0.7032 (Base: 0.2586, DTW: 0.0951, TopK: 0.4567) | Val Mixed Loss (NoTrend, limit=2): 0.7305 (Base: 0.2811, DTW: 0.1279, TopK: 0.4745) | EMA NoTrend Loss: 0.734093 | LR: 8.49e-05
Epoch [56/100] | Train Mixed Loss (Trend, limit=2): 0.7063 (Base: 0.2592, DTW: 0.0956, TopK: 0.4595) | Val Mixed Loss (NoTrend, limit=2): 0.7216 (Base: 0.2772, DTW: 0.1255, TopK: 0.4773) | EMA NoTrend Loss: 0.730959 | LR: 8.19e-05
Epoch [57/100] | Train Mixed Loss (Trend, limit=2): 0.7008 (Base: 0.2579, DTW: 0.0943, TopK: 0.4561) | Val Mixed Loss (NoTrend, limit=2): 0.7384 (Base: 0.2859, DTW: 0.1302, TopK: 0.4666) | EMA NoTrend Loss: 0.732816 | LR: 7.88e-05
Epoch [58/100] | Train Mixed Loss (Trend, limit=2): 0.6951 (Base: 0.2560, DTW: 0.0933, TopK: 0.4527) | Val Mixed Loss (NoTrend, limit=2): 0.7327 (Base: 0.2814, DTW: 0.1290, TopK: 0.4726) | EMA NoTrend Loss: 0.732791 | LR: 7.58e-05
Epoch [59/100] | Train Mixed Loss (Trend, limit=2): 0.6929 (Base: 0.2552, DTW: 0.0928, TopK: 0.4522) | Val Mixed Loss (NoTrend, limit=2): 0.7284 (Base: 0.2798, DTW: 0.1284, TopK: 0.4679) | EMA NoTrend Loss: 0.731682 | LR: 7.27e-05
Epoch [60/100] | Train Mixed Loss (Trend, limit=2): 0.6942 (Base: 0.2556, DTW: 0.0929, TopK: 0.4534) | Val Mixed Loss (NoTrend, limit=2): 0.7337 (Base: 0.2833, DTW: 0.1301, TopK: 0.4610) | EMA NoTrend Loss: 0.732193 | LR: 6.98e-05
Epoch [61/100] | Train Mixed Loss (Trend, limit=2): 0.6894 (Base: 0.2544, DTW: 0.0921, TopK: 0.4496) | Val Mixed Loss (NoTrend, limit=2): 0.7261 (Base: 0.2799, DTW: 0.1272, TopK: 0.4702) | EMA NoTrend Loss: 0.730679 | LR: 6.68e-05
Epoch [62/100] | Train Mixed Loss (Trend, limit=2): 0.6867 (Base: 0.2531, DTW: 0.0916, TopK: 0.4491) | Val Mixed Loss (NoTrend, limit=2): 0.7334 (Base: 0.2834, DTW: 0.1300, TopK: 0.4596) | EMA NoTrend Loss: 0.731359 | LR: 6.39e-05
Epoch [63/100] | Train Mixed Loss (Trend, limit=2): 0.6880 (Base: 0.2543, DTW: 0.0916, TopK: 0.4477) | Val Mixed Loss (NoTrend, limit=2): 0.7277 (Base: 0.2828, DTW: 0.1280, TopK: 0.4586) | EMA NoTrend Loss: 0.730447 | LR: 6.10e-05
Epoch [64/100] | Train Mixed Loss (Trend, limit=2): 0.6827 (Base: 0.2524, DTW: 0.0905, TopK: 0.4464) | Val Mixed Loss (NoTrend, limit=2): 0.7369 (Base: 0.2833, DTW: 0.1300, TopK: 0.4719) | EMA NoTrend Loss: 0.732061 | LR: 5.81e-05
Epoch [65/100] | Train Mixed Loss (Trend, limit=2): 0.6819 (Base: 0.2522, DTW: 0.0902, TopK: 0.4462) | Val Mixed Loss (NoTrend, limit=2): 0.7444 (Base: 0.2885, DTW: 0.1330, TopK: 0.4558) | EMA NoTrend Loss: 0.735144 | LR: 5.53e-05
Epoch [66/100] | Train Mixed Loss (Trend, limit=2): 0.6821 (Base: 0.2526, DTW: 0.0900, TopK: 0.4467) | Val Mixed Loss (NoTrend, limit=2): 0.7374 (Base: 0.2849, DTW: 0.1306, TopK: 0.4638) | EMA NoTrend Loss: 0.735711 | LR: 5.26e-05
Epoch [67/100] | Train Mixed Loss (Trend, limit=2): 0.6757 (Base: 0.2508, DTW: 0.0890, TopK: 0.4417) | Val Mixed Loss (NoTrend, limit=2): 0.7384 (Base: 0.2848, DTW: 0.1306, TopK: 0.4669) | EMA NoTrend Loss: 0.736380 | LR: 4.99e-05
Epoch [68/100] | Train Mixed Loss (Trend, limit=2): 0.6732 (Base: 0.2493, DTW: 0.0885, TopK: 0.4417) | Val Mixed Loss (NoTrend, limit=2): 0.7396 (Base: 0.2844, DTW: 0.1310, TopK: 0.4692) | EMA NoTrend Loss: 0.737194 | LR: 4.72e-05
Epoch [69/100] | Train Mixed Loss (Trend, limit=2): 0.6712 (Base: 0.2494, DTW: 0.0880, TopK: 0.4392) | Val Mixed Loss (NoTrend, limit=2): 0.7411 (Base: 0.2861, DTW: 0.1318, TopK: 0.4626) | EMA NoTrend Loss: 0.738175 | LR: 4.46e-05
Epoch [70/100] | Train Mixed Loss (Trend, limit=2): 0.6660 (Base: 0.2481, DTW: 0.0870, TopK: 0.4356) | Val Mixed Loss (NoTrend, limit=2): 0.7183 (Base: 0.2753, DTW: 0.1254, TopK: 0.4732) | EMA NoTrend Loss: 0.733207 | LR: 4.20e-05
Epoch [71/100] | Train Mixed Loss (Trend, limit=2): 0.6660 (Base: 0.2474, DTW: 0.0871, TopK: 0.4364) | Val Mixed Loss (NoTrend, limit=2): 0.7433 (Base: 0.2862, DTW: 0.1318, TopK: 0.4693) | EMA NoTrend Loss: 0.735728 | LR: 3.95e-05
Epoch [72/100] | Train Mixed Loss (Trend, limit=2): 0.6649 (Base: 0.2472, DTW: 0.0869, TopK: 0.4353) | Val Mixed Loss (NoTrend, limit=2): 0.7426 (Base: 0.2870, DTW: 0.1315, TopK: 0.4668) | EMA NoTrend Loss: 0.737440 | LR: 3.71e-05
Epoch [73/100] | Train Mixed Loss (Trend, limit=2): 0.6639 (Base: 0.2474, DTW: 0.0864, TopK: 0.4345) | Val Mixed Loss (NoTrend, limit=2): 0.7448 (Base: 0.2845, DTW: 0.1324, TopK: 0.4754) | EMA NoTrend Loss: 0.739275 | LR: 3.47e-05
Epoch [74/100] | Train Mixed Loss (Trend, limit=2): 0.6612 (Base: 0.2463, DTW: 0.0860, TopK: 0.4335) | Val Mixed Loss (NoTrend, limit=2): 0.7362 (Base: 0.2840, DTW: 0.1304, TopK: 0.4637) | EMA NoTrend Loss: 0.738500 | LR: 3.24e-05
Epoch [75/100] | Train Mixed Loss (Trend, limit=2): 0.6607 (Base: 0.2459, DTW: 0.0858, TopK: 0.4343) | Val Mixed Loss (NoTrend, limit=2): 0.7409 (Base: 0.2854, DTW: 0.1308, TopK: 0.4716) | EMA NoTrend Loss: 0.739097 | LR: 3.01e-05
Epoch [76/100] | Train Mixed Loss (Trend, limit=2): 0.6606 (Base: 0.2463, DTW: 0.0858, TopK: 0.4327) | Val Mixed Loss (NoTrend, limit=2): 0.7382 (Base: 0.2848, DTW: 0.1310, TopK: 0.4633) | EMA NoTrend Loss: 0.738873 | LR: 2.80e-05
Epoch [77/100] | Train Mixed Loss (Trend, limit=2): 0.6609 (Base: 0.2460, DTW: 0.0857, TopK: 0.4348) | Val Mixed Loss (NoTrend, limit=2): 0.7352 (Base: 0.2833, DTW: 0.1301, TopK: 0.4658) | EMA NoTrend Loss: 0.737961 | LR: 2.59e-05
Epoch [78/100] | Train Mixed Loss (Trend, limit=2): 0.6571 (Base: 0.2452, DTW: 0.0849, TopK: 0.4314) | Val Mixed Loss (NoTrend, limit=2): 0.7342 (Base: 0.2832, DTW: 0.1298, TopK: 0.4646) | EMA NoTrend Loss: 0.737023 | LR: 2.38e-05
Epoch [79/100] | Train Mixed Loss (Trend, limit=2): 0.6570 (Base: 0.2452, DTW: 0.0850, TopK: 0.4297) | Val Mixed Loss (NoTrend, limit=2): 0.7387 (Base: 0.2861, DTW: 0.1311, TopK: 0.4603) | EMA NoTrend Loss: 0.737451 | LR: 2.19e-05
Epoch [80/100] | Train Mixed Loss (Trend, limit=2): 0.6542 (Base: 0.2445, DTW: 0.0842, TopK: 0.4293) | Val Mixed Loss (NoTrend, limit=2): 0.7410 (Base: 0.2847, DTW: 0.1315, TopK: 0.4686) | EMA NoTrend Loss: 0.738337 | LR: 2.00e-05
Epoch [81/100] | Train Mixed Loss (Trend, limit=2): 0.6575 (Base: 0.2456, DTW: 0.0848, TopK: 0.4310) | Val Mixed Loss (NoTrend, limit=2): 0.7430 (Base: 0.2859, DTW: 0.1323, TopK: 0.4650) | EMA NoTrend Loss: 0.739497 | LR: 1.82e-05
Epoch [82/100] | Train Mixed Loss (Trend, limit=2): 0.6548 (Base: 0.2442, DTW: 0.0844, TopK: 0.4312) | Val Mixed Loss (NoTrend, limit=2): 0.7341 (Base: 0.2841, DTW: 0.1302, TopK: 0.4579) | EMA NoTrend Loss: 0.738138 | LR: 1.65e-05
Epoch [83/100] | Train Mixed Loss (Trend, limit=2): 0.6547 (Base: 0.2441, DTW: 0.0846, TopK: 0.4289) | Val Mixed Loss (NoTrend, limit=2): 0.7342 (Base: 0.2830, DTW: 0.1299, TopK: 0.4645) | EMA NoTrend Loss: 0.737149 | LR: 1.49e-05
Epoch [84/100] | Train Mixed Loss (Trend, limit=2): 0.6507 (Base: 0.2433, DTW: 0.0834, TopK: 0.4282) | Val Mixed Loss (NoTrend, limit=2): 0.7422 (Base: 0.2850, DTW: 0.1322, TopK: 0.4664) | EMA NoTrend Loss: 0.738415 | LR: 1.33e-05
Epoch [85/100] | Train Mixed Loss (Trend, limit=2): 0.6507 (Base: 0.2431, DTW: 0.0837, TopK: 0.4277) | Val Mixed Loss (NoTrend, limit=2): 0.7480 (Base: 0.2882, DTW: 0.1334, TopK: 0.4658) | EMA NoTrend Loss: 0.740819 | LR: 1.18e-05
Epoch [86/100] | Train Mixed Loss (Trend, limit=2): 0.6512 (Base: 0.2434, DTW: 0.0836, TopK: 0.4277) | Val Mixed Loss (NoTrend, limit=2): 0.7375 (Base: 0.2844, DTW: 0.1308, TopK: 0.4640) | EMA NoTrend Loss: 0.739984 | LR: 1.05e-05
Epoch [87/100] | Train Mixed Loss (Trend, limit=2): 0.6451 (Base: 0.2418, DTW: 0.0825, TopK: 0.4238) | Val Mixed Loss (NoTrend, limit=2): 0.7481 (Base: 0.2863, DTW: 0.1338, TopK: 0.4687) | EMA NoTrend Loss: 0.742001 | LR: 9.18e-06
Epoch [88/100] | Train Mixed Loss (Trend, limit=2): 0.6512 (Base: 0.2435, DTW: 0.0834, TopK: 0.4288) | Val Mixed Loss (NoTrend, limit=2): 0.7459 (Base: 0.2873, DTW: 0.1332, TopK: 0.4633) | EMA NoTrend Loss: 0.742972 | LR: 7.99e-06
Epoch [89/100] | Train Mixed Loss (Trend, limit=2): 0.6500 (Base: 0.2434, DTW: 0.0831, TopK: 0.4278) | Val Mixed Loss (NoTrend, limit=2): 0.7386 (Base: 0.2847, DTW: 0.1314, TopK: 0.4620) | EMA NoTrend Loss: 0.741884 | LR: 6.88e-06
Epoch [90/100] | Train Mixed Loss (Trend, limit=2): 0.6506 (Base: 0.2430, DTW: 0.0835, TopK: 0.4279) | Val Mixed Loss (NoTrend, limit=2): 0.7412 (Base: 0.2851, DTW: 0.1312, TopK: 0.4709) | EMA NoTrend Loss: 0.741718 | LR: 5.87e-06
Epoch [91/100] | Train Mixed Loss (Trend, limit=2): 0.6458 (Base: 0.2418, DTW: 0.0826, TopK: 0.4244) | Val Mixed Loss (NoTrend, limit=2): 0.7354 (Base: 0.2829, DTW: 0.1301, TopK: 0.4677) | EMA NoTrend Loss: 0.740132 | LR: 4.95e-06
Epoch [92/100] | Train Mixed Loss (Trend, limit=2): 0.6463 (Base: 0.2412, DTW: 0.0829, TopK: 0.4259) | Val Mixed Loss (NoTrend, limit=2): 0.7351 (Base: 0.2833, DTW: 0.1298, TopK: 0.4674) | EMA NoTrend Loss: 0.738881 | LR: 4.13e-06
Epoch [93/100] | Train Mixed Loss (Trend, limit=2): 0.6455 (Base: 0.2415, DTW: 0.0824, TopK: 0.4255) | Val Mixed Loss (NoTrend, limit=2): 0.7273 (Base: 0.2819, DTW: 0.1281, TopK: 0.4603) | EMA NoTrend Loss: 0.735988 | LR: 3.40e-06
Epoch [94/100] | Train Mixed Loss (Trend, limit=2): 0.6482 (Base: 0.2421, DTW: 0.0832, TopK: 0.4259) | Val Mixed Loss (NoTrend, limit=2): 0.7401 (Base: 0.2848, DTW: 0.1314, TopK: 0.4667) | EMA NoTrend Loss: 0.737016 | LR: 2.76e-06
Epoch [95/100] | Train Mixed Loss (Trend, limit=2): 0.6432 (Base: 0.2404, DTW: 0.0823, TopK: 0.4227) | Val Mixed Loss (NoTrend, limit=2): 0.7364 (Base: 0.2852, DTW: 0.1302, TopK: 0.4620) | EMA NoTrend Loss: 0.736857 | LR: 2.23e-06
Epoch [96/100] | Train Mixed Loss (Trend, limit=2): 0.6464 (Base: 0.2414, DTW: 0.0827, TopK: 0.4259) | Val Mixed Loss (NoTrend, limit=2): 0.7430 (Base: 0.2861, DTW: 0.1319, TopK: 0.4679) | EMA NoTrend Loss: 0.738396 | LR: 1.78e-06
Epoch [97/100] | Train Mixed Loss (Trend, limit=2): 0.6424 (Base: 0.2405, DTW: 0.0818, TopK: 0.4241) | Val Mixed Loss (NoTrend, limit=2): 0.7440 (Base: 0.2861, DTW: 0.1321, TopK: 0.4693) | EMA NoTrend Loss: 0.739808 | LR: 1.44e-06
Epoch [98/100] | Train Mixed Loss (Trend, limit=2): 0.6437 (Base: 0.2405, DTW: 0.0822, TopK: 0.4243) | Val Mixed Loss (NoTrend, limit=2): 0.7371 (Base: 0.2844, DTW: 0.1306, TopK: 0.4643) | EMA NoTrend Loss: 0.739136 | LR: 1.20e-06
Epoch [99/100] | Train Mixed Loss (Trend, limit=2): 0.6463 (Base: 0.2421, DTW: 0.0824, TopK: 0.4254) | Val Mixed Loss (NoTrend, limit=2): 0.7414 (Base: 0.2857, DTW: 0.1319, TopK: 0.4638) | EMA NoTrend Loss: 0.739693 | LR: 1.05e-06
Epoch [100/100] | Train Mixed Loss (Trend, limit=2): 0.6407 (Base: 0.2397, DTW: 0.0818, TopK: 0.4215) | Val Mixed Loss (NoTrend, limit=2): 0.7403 (Base: 0.2859, DTW: 0.1315, TopK: 0.4629) | EMA NoTrend Loss: 0.739847 | LR: 1.00e-06
[*] Loaded best model from epoch 63 (EMA NoTrend Loss: 0.730447)
