[*] Process seed: 2
Building static profile features from historical data...
[*] Total trainable parameters: 1,904,129
Epoch [1/100] | Train Mixed Loss (Trend, limit=2): 1.0824 (Base: 0.3407, DTW: 0.1976, TopK: 0.6101) | Val Mixed Loss (NoTrend, limit=2): 0.9067 (Base: 0.3373, DTW: 0.1704, TopK: 0.5346) | EMA NoTrend Loss: 0.906653 | LR: 1.00e-04
Epoch [2/100] | Train Mixed Loss (Trend, limit=2): 0.9907 (Base: 0.3313, DTW: 0.1645, TopK: 0.5970) | Val Mixed Loss (NoTrend, limit=2): 0.8525 (Base: 0.3216, DTW: 0.1547, TopK: 0.5317) | EMA NoTrend Loss: 0.893107 | LR: 9.99e-05
Epoch [3/100] | Train Mixed Loss (Trend, limit=2): 0.9641 (Base: 0.3262, DTW: 0.1562, TopK: 0.5915) | Val Mixed Loss (NoTrend, limit=2): 0.8155 (Base: 0.3085, DTW: 0.1467, TopK: 0.5161) | EMA NoTrend Loss: 0.873700 | LR: 9.98e-05
Epoch [4/100] | Train Mixed Loss (Trend, limit=2): 0.9399 (Base: 0.3213, DTW: 0.1495, TopK: 0.5812) | Val Mixed Loss (NoTrend, limit=2): 0.8083 (Base: 0.3016, DTW: 0.1460, TopK: 0.5212) | EMA NoTrend Loss: 0.857354 | LR: 9.96e-05
Epoch [5/100] | Train Mixed Loss (Trend, limit=2): 0.9211 (Base: 0.3160, DTW: 0.1455, TopK: 0.5712) | Val Mixed Loss (NoTrend, limit=2): 0.7921 (Base: 0.2993, DTW: 0.1407, TopK: 0.5168) | EMA NoTrend Loss: 0.841029 | LR: 9.94e-05
Epoch [6/100] | Train Mixed Loss (Trend, limit=2): 0.9139 (Base: 0.3146, DTW: 0.1436, TopK: 0.5677) | Val Mixed Loss (NoTrend, limit=2): 0.7870 (Base: 0.2931, DTW: 0.1391, TopK: 0.5339) | EMA NoTrend Loss: 0.827527 | LR: 9.91e-05
Epoch [7/100] | Train Mixed Loss (Trend, limit=2): 0.9026 (Base: 0.3109, DTW: 0.1411, TopK: 0.5628) | Val Mixed Loss (NoTrend, limit=2): 0.7849 (Base: 0.3004, DTW: 0.1380, TopK: 0.5111) | EMA NoTrend Loss: 0.816869 | LR: 9.88e-05
Epoch [8/100] | Train Mixed Loss (Trend, limit=2): 0.8947 (Base: 0.3095, DTW: 0.1388, TopK: 0.5598) | Val Mixed Loss (NoTrend, limit=2): 0.7708 (Base: 0.2916, DTW: 0.1338, TopK: 0.5267) | EMA NoTrend Loss: 0.805340 | LR: 9.84e-05
Epoch [9/100] | Train Mixed Loss (Trend, limit=2): 0.8797 (Base: 0.3052, DTW: 0.1355, TopK: 0.5532) | Val Mixed Loss (NoTrend, limit=2): 0.7643 (Base: 0.2922, DTW: 0.1343, TopK: 0.4988) | EMA NoTrend Loss: 0.795070 | LR: 9.80e-05
Epoch [10/100] | Train Mixed Loss (Trend, limit=2): 0.8773 (Base: 0.3051, DTW: 0.1343, TopK: 0.5532) | Val Mixed Loss (NoTrend, limit=2): 0.7543 (Base: 0.2861, DTW: 0.1300, TopK: 0.5209) | EMA NoTrend Loss: 0.784879 | LR: 9.76e-05
Epoch [11/100] | Train Mixed Loss (Trend, limit=2): 0.8692 (Base: 0.3030, DTW: 0.1327, TopK: 0.5488) | Val Mixed Loss (NoTrend, limit=2): 0.7759 (Base: 0.2993, DTW: 0.1374, TopK: 0.4895) | EMA NoTrend Loss: 0.782624 | LR: 9.71e-05
Epoch [12/100] | Train Mixed Loss (Trend, limit=2): 0.8621 (Base: 0.3012, DTW: 0.1307, TopK: 0.5478) | Val Mixed Loss (NoTrend, limit=2): 0.7608 (Base: 0.2920, DTW: 0.1329, TopK: 0.4995) | EMA NoTrend Loss: 0.777167 | LR: 9.65e-05
Epoch [13/100] | Train Mixed Loss (Trend, limit=2): 0.8560 (Base: 0.2995, DTW: 0.1299, TopK: 0.5402) | Val Mixed Loss (NoTrend, limit=2): 0.7737 (Base: 0.2946, DTW: 0.1370, TopK: 0.5007) | EMA NoTrend Loss: 0.776301 | LR: 9.59e-05
Epoch [14/100] | Train Mixed Loss (Trend, limit=2): 0.8523 (Base: 0.2991, DTW: 0.1282, TopK: 0.5410) | Val Mixed Loss (NoTrend, limit=2): 0.7496 (Base: 0.2824, DTW: 0.1299, TopK: 0.5185) | EMA NoTrend Loss: 0.769626 | LR: 9.53e-05
Epoch [15/100] | Train Mixed Loss (Trend, limit=2): 0.8455 (Base: 0.2973, DTW: 0.1270, TopK: 0.5363) | Val Mixed Loss (NoTrend, limit=2): 0.7652 (Base: 0.2942, DTW: 0.1359, TopK: 0.4827) | EMA NoTrend Loss: 0.768524 | LR: 9.46e-05
Epoch [16/100] | Train Mixed Loss (Trend, limit=2): 0.8401 (Base: 0.2952, DTW: 0.1259, TopK: 0.5342) | Val Mixed Loss (NoTrend, limit=2): 0.7518 (Base: 0.2912, DTW: 0.1298, TopK: 0.4970) | EMA NoTrend Loss: 0.764341 | LR: 9.39e-05
Epoch [17/100] | Train Mixed Loss (Trend, limit=2): 0.8358 (Base: 0.2944, DTW: 0.1249, TopK: 0.5298) | Val Mixed Loss (NoTrend, limit=2): 0.7518 (Base: 0.2866, DTW: 0.1316, TopK: 0.4985) | EMA NoTrend Loss: 0.761218 | LR: 9.31e-05
Epoch [18/100] | Train Mixed Loss (Trend, limit=2): 0.8346 (Base: 0.2941, DTW: 0.1244, TopK: 0.5309) | Val Mixed Loss (NoTrend, limit=2): 0.7614 (Base: 0.2899, DTW: 0.1327, TopK: 0.5103) | EMA NoTrend Loss: 0.761267 | LR: 9.23e-05
Epoch [19/100] | Train Mixed Loss (Trend, limit=2): 0.8239 (Base: 0.2911, DTW: 0.1222, TopK: 0.5250) | Val Mixed Loss (NoTrend, limit=2): 0.7739 (Base: 0.3028, DTW: 0.1389, TopK: 0.4592) | EMA NoTrend Loss: 0.764437 | LR: 9.14e-05
Epoch [20/100] | Train Mixed Loss (Trend, limit=2): 0.8191 (Base: 0.2896, DTW: 0.1208, TopK: 0.5242) | Val Mixed Loss (NoTrend, limit=2): 0.7623 (Base: 0.2916, DTW: 0.1351, TopK: 0.4881) | EMA NoTrend Loss: 0.763909 | LR: 9.05e-05
Epoch [21/100] | Train Mixed Loss (Trend, limit=2): 0.8166 (Base: 0.2892, DTW: 0.1204, TopK: 0.5207) | Val Mixed Loss (NoTrend, limit=2): 0.7569 (Base: 0.2897, DTW: 0.1332, TopK: 0.4919) | EMA NoTrend Loss: 0.762148 | LR: 8.96e-05
Epoch [22/100] | Train Mixed Loss (Trend, limit=2): 0.8170 (Base: 0.2899, DTW: 0.1198, TopK: 0.5226) | Val Mixed Loss (NoTrend, limit=2): 0.7518 (Base: 0.2879, DTW: 0.1315, TopK: 0.4941) | EMA NoTrend Loss: 0.759559 | LR: 8.86e-05
Epoch [23/100] | Train Mixed Loss (Trend, limit=2): 0.8078 (Base: 0.2861, DTW: 0.1187, TopK: 0.5164) | Val Mixed Loss (NoTrend, limit=2): 0.7477 (Base: 0.2900, DTW: 0.1312, TopK: 0.4763) | EMA NoTrend Loss: 0.756586 | LR: 8.76e-05
Epoch [24/100] | Train Mixed Loss (Trend, limit=2): 0.8006 (Base: 0.2842, DTW: 0.1172, TopK: 0.5119) | Val Mixed Loss (NoTrend, limit=2): 0.7498 (Base: 0.2877, DTW: 0.1323, TopK: 0.4821) | EMA NoTrend Loss: 0.754886 | LR: 8.66e-05
Epoch [25/100] | Train Mixed Loss (Trend, limit=2): 0.7964 (Base: 0.2840, DTW: 0.1156, TopK: 0.5104) | Val Mixed Loss (NoTrend, limit=2): 0.7556 (Base: 0.2917, DTW: 0.1338, TopK: 0.4757) | EMA NoTrend Loss: 0.755058 | LR: 8.55e-05
Epoch [26/100] | Train Mixed Loss (Trend, limit=2): 0.7907 (Base: 0.2817, DTW: 0.1146, TopK: 0.5081) | Val Mixed Loss (NoTrend, limit=2): 0.7563 (Base: 0.2931, DTW: 0.1358, TopK: 0.4579) | EMA NoTrend Loss: 0.755379 | LR: 8.44e-05
Epoch [27/100] | Train Mixed Loss (Trend, limit=2): 0.7917 (Base: 0.2823, DTW: 0.1148, TopK: 0.5071) | Val Mixed Loss (NoTrend, limit=2): 0.7590 (Base: 0.2960, DTW: 0.1350, TopK: 0.4632) | EMA NoTrend Loss: 0.756296 | LR: 8.32e-05
Epoch [28/100] | Train Mixed Loss (Trend, limit=2): 0.7856 (Base: 0.2803, DTW: 0.1134, TopK: 0.5054) | Val Mixed Loss (NoTrend, limit=2): 0.7447 (Base: 0.2849, DTW: 0.1308, TopK: 0.4865) | EMA NoTrend Loss: 0.753396 | LR: 8.21e-05
Epoch [29/100] | Train Mixed Loss (Trend, limit=2): 0.7824 (Base: 0.2803, DTW: 0.1121, TopK: 0.5040) | Val Mixed Loss (NoTrend, limit=2): 0.7445 (Base: 0.2846, DTW: 0.1302, TopK: 0.4916) | EMA NoTrend Loss: 0.751167 | LR: 8.08e-05
Epoch [30/100] | Train Mixed Loss (Trend, limit=2): 0.7825 (Base: 0.2795, DTW: 0.1126, TopK: 0.5033) | Val Mixed Loss (NoTrend, limit=2): 0.7460 (Base: 0.2870, DTW: 0.1321, TopK: 0.4735) | EMA NoTrend Loss: 0.749881 | LR: 7.96e-05
Epoch [31/100] | Train Mixed Loss (Trend, limit=2): 0.7770 (Base: 0.2786, DTW: 0.1112, TopK: 0.4987) | Val Mixed Loss (NoTrend, limit=2): 0.7544 (Base: 0.2924, DTW: 0.1353, TopK: 0.4579) | EMA NoTrend Loss: 0.751003 | LR: 7.83e-05
Epoch [32/100] | Train Mixed Loss (Trend, limit=2): 0.7753 (Base: 0.2780, DTW: 0.1107, TopK: 0.4991) | Val Mixed Loss (NoTrend, limit=2): 0.7503 (Base: 0.2871, DTW: 0.1334, TopK: 0.4771) | EMA NoTrend Loss: 0.750822 | LR: 7.70e-05
Epoch [33/100] | Train Mixed Loss (Trend, limit=2): 0.7688 (Base: 0.2759, DTW: 0.1096, TopK: 0.4945) | Val Mixed Loss (NoTrend, limit=2): 0.7449 (Base: 0.2861, DTW: 0.1317, TopK: 0.4758) | EMA NoTrend Loss: 0.749340 | LR: 7.57e-05
Epoch [34/100] | Train Mixed Loss (Trend, limit=2): 0.7668 (Base: 0.2754, DTW: 0.1091, TopK: 0.4937) | Val Mixed Loss (NoTrend, limit=2): 0.7335 (Base: 0.2792, DTW: 0.1279, TopK: 0.4907) | EMA NoTrend Loss: 0.745372 | LR: 7.43e-05
Epoch [35/100] | Train Mixed Loss (Trend, limit=2): 0.7649 (Base: 0.2753, DTW: 0.1083, TopK: 0.4925) | Val Mixed Loss (NoTrend, limit=2): 0.7477 (Base: 0.2901, DTW: 0.1335, TopK: 0.4574) | EMA NoTrend Loss: 0.745953 | LR: 7.30e-05
Epoch [36/100] | Train Mixed Loss (Trend, limit=2): 0.7582 (Base: 0.2729, DTW: 0.1069, TopK: 0.4915) | Val Mixed Loss (NoTrend, limit=2): 0.7552 (Base: 0.2925, DTW: 0.1342, TopK: 0.4683) | EMA NoTrend Loss: 0.748254 | LR: 7.16e-05
Epoch [37/100] | Train Mixed Loss (Trend, limit=2): 0.7541 (Base: 0.2726, DTW: 0.1061, TopK: 0.4848) | Val Mixed Loss (NoTrend, limit=2): 0.7399 (Base: 0.2840, DTW: 0.1310, TopK: 0.4718) | EMA NoTrend Loss: 0.746169 | LR: 7.02e-05
Epoch [38/100] | Train Mixed Loss (Trend, limit=2): 0.7511 (Base: 0.2711, DTW: 0.1055, TopK: 0.4856) | Val Mixed Loss (NoTrend, limit=2): 0.7457 (Base: 0.2853, DTW: 0.1321, TopK: 0.4780) | EMA NoTrend Loss: 0.746048 | LR: 6.87e-05
Epoch [39/100] | Train Mixed Loss (Trend, limit=2): 0.7520 (Base: 0.2716, DTW: 0.1056, TopK: 0.4847) | Val Mixed Loss (NoTrend, limit=2): 0.7451 (Base: 0.2893, DTW: 0.1333, TopK: 0.4531) | EMA NoTrend Loss: 0.745820 | LR: 6.73e-05
Epoch [40/100] | Train Mixed Loss (Trend, limit=2): 0.7490 (Base: 0.2708, DTW: 0.1046, TopK: 0.4837) | Val Mixed Loss (NoTrend, limit=2): 0.7540 (Base: 0.2899, DTW: 0.1335, TopK: 0.4788) | EMA NoTrend Loss: 0.747859 | LR: 6.58e-05
Epoch [41/100] | Train Mixed Loss (Trend, limit=2): 0.7436 (Base: 0.2690, DTW: 0.1037, TopK: 0.4804) | Val Mixed Loss (NoTrend, limit=2): 0.7382 (Base: 0.2866, DTW: 0.1309, TopK: 0.4579) | EMA NoTrend Loss: 0.745439 | LR: 6.43e-05
Epoch [42/100] | Train Mixed Loss (Trend, limit=2): 0.7431 (Base: 0.2684, DTW: 0.1036, TopK: 0.4814) | Val Mixed Loss (NoTrend, limit=2): 0.7467 (Base: 0.2867, DTW: 0.1326, TopK: 0.4729) | EMA NoTrend Loss: 0.745761 | LR: 6.28e-05
Epoch [43/100] | Train Mixed Loss (Trend, limit=2): 0.7381 (Base: 0.2676, DTW: 0.1024, TopK: 0.4765) | Val Mixed Loss (NoTrend, limit=2): 0.7406 (Base: 0.2818, DTW: 0.1306, TopK: 0.4845) | EMA NoTrend Loss: 0.744467 | LR: 6.13e-05
Epoch [44/100] | Train Mixed Loss (Trend, limit=2): 0.7349 (Base: 0.2664, DTW: 0.1016, TopK: 0.4768) | Val Mixed Loss (NoTrend, limit=2): 0.7471 (Base: 0.2859, DTW: 0.1322, TopK: 0.4793) | EMA NoTrend Loss: 0.745117 | LR: 5.98e-05
Epoch [45/100] | Train Mixed Loss (Trend, limit=2): 0.7314 (Base: 0.2653, DTW: 0.1010, TopK: 0.4748) | Val Mixed Loss (NoTrend, limit=2): 0.7542 (Base: 0.2917, DTW: 0.1344, TopK: 0.4665) | EMA NoTrend Loss: 0.747386 | LR: 5.82e-05
Epoch [46/100] | Train Mixed Loss (Trend, limit=2): 0.7311 (Base: 0.2659, DTW: 0.1006, TopK: 0.4731) | Val Mixed Loss (NoTrend, limit=2): 0.7434 (Base: 0.2878, DTW: 0.1319, TopK: 0.4638) | EMA NoTrend Loss: 0.746402 | LR: 5.67e-05
Epoch [47/100] | Train Mixed Loss (Trend, limit=2): 0.7263 (Base: 0.2647, DTW: 0.0994, TopK: 0.4709) | Val Mixed Loss (NoTrend, limit=2): 0.7438 (Base: 0.2866, DTW: 0.1318, TopK: 0.4692) | EMA NoTrend Loss: 0.745741 | LR: 5.52e-05
Epoch [48/100] | Train Mixed Loss (Trend, limit=2): 0.7260 (Base: 0.2642, DTW: 0.0994, TopK: 0.4715) | Val Mixed Loss (NoTrend, limit=2): 0.7483 (Base: 0.2904, DTW: 0.1328, TopK: 0.4640) | EMA NoTrend Loss: 0.746382 | LR: 5.36e-05
Epoch [49/100] | Train Mixed Loss (Trend, limit=2): 0.7198 (Base: 0.2626, DTW: 0.0981, TopK: 0.4672) | Val Mixed Loss (NoTrend, limit=2): 0.7462 (Base: 0.2875, DTW: 0.1322, TopK: 0.4714) | EMA NoTrend Loss: 0.746345 | LR: 5.21e-05
Epoch [50/100] | Train Mixed Loss (Trend, limit=2): 0.7228 (Base: 0.2635, DTW: 0.0983, TopK: 0.4703) | Val Mixed Loss (NoTrend, limit=2): 0.7485 (Base: 0.2870, DTW: 0.1332, TopK: 0.4726) | EMA NoTrend Loss: 0.746890 | LR: 5.05e-05
Epoch [51/100] | Train Mixed Loss (Trend, limit=2): 0.7115 (Base: 0.2605, DTW: 0.0960, TopK: 0.4636) | Val Mixed Loss (NoTrend, limit=2): 0.7299 (Base: 0.2805, DTW: 0.1284, TopK: 0.4708) | EMA NoTrend Loss: 0.742639 | LR: 4.89e-05
Epoch [52/100] | Train Mixed Loss (Trend, limit=2): 0.7156 (Base: 0.2605, DTW: 0.0974, TopK: 0.4658) | Val Mixed Loss (NoTrend, limit=2): 0.7435 (Base: 0.2864, DTW: 0.1320, TopK: 0.4677) | EMA NoTrend Loss: 0.742844 | LR: 4.74e-05
Epoch [53/100] | Train Mixed Loss (Trend, limit=2): 0.7098 (Base: 0.2598, DTW: 0.0958, TopK: 0.4609) | Val Mixed Loss (NoTrend, limit=2): 0.7492 (Base: 0.2893, DTW: 0.1334, TopK: 0.4656) | EMA NoTrend Loss: 0.744441 | LR: 4.58e-05
Epoch [54/100] | Train Mixed Loss (Trend, limit=2): 0.7156 (Base: 0.2610, DTW: 0.0971, TopK: 0.4648) | Val Mixed Loss (NoTrend, limit=2): 0.7416 (Base: 0.2868, DTW: 0.1317, TopK: 0.4626) | EMA NoTrend Loss: 0.743731 | LR: 4.43e-05
Epoch [55/100] | Train Mixed Loss (Trend, limit=2): 0.7049 (Base: 0.2583, DTW: 0.0948, TopK: 0.4586) | Val Mixed Loss (NoTrend, limit=2): 0.7542 (Base: 0.2904, DTW: 0.1345, TopK: 0.4704) | EMA NoTrend Loss: 0.746352 | LR: 4.28e-05
Epoch [56/100] | Train Mixed Loss (Trend, limit=2): 0.7081 (Base: 0.2588, DTW: 0.0954, TopK: 0.4617) | Val Mixed Loss (NoTrend, limit=2): 0.7450 (Base: 0.2882, DTW: 0.1324, TopK: 0.4639) | EMA NoTrend Loss: 0.746015 | LR: 4.12e-05
Epoch [57/100] | Train Mixed Loss (Trend, limit=2): 0.7011 (Base: 0.2572, DTW: 0.0938, TopK: 0.4574) | Val Mixed Loss (NoTrend, limit=2): 0.7430 (Base: 0.2846, DTW: 0.1324, TopK: 0.4684) | EMA NoTrend Loss: 0.745251 | LR: 3.97e-05
Epoch [58/100] | Train Mixed Loss (Trend, limit=2): 0.7007 (Base: 0.2573, DTW: 0.0935, TopK: 0.4574) | Val Mixed Loss (NoTrend, limit=2): 0.7429 (Base: 0.2857, DTW: 0.1320, TopK: 0.4683) | EMA NoTrend Loss: 0.744675 | LR: 3.82e-05
Epoch [59/100] | Train Mixed Loss (Trend, limit=2): 0.6963 (Base: 0.2560, DTW: 0.0928, TopK: 0.4533) | Val Mixed Loss (NoTrend, limit=2): 0.7456 (Base: 0.2874, DTW: 0.1335, TopK: 0.4593) | EMA NoTrend Loss: 0.744900 | LR: 3.67e-05
Epoch [60/100] | Train Mixed Loss (Trend, limit=2): 0.6966 (Base: 0.2558, DTW: 0.0926, TopK: 0.4542) | Val Mixed Loss (NoTrend, limit=2): 0.7373 (Base: 0.2847, DTW: 0.1302, TopK: 0.4667) | EMA NoTrend Loss: 0.743002 | LR: 3.52e-05
Epoch [61/100] | Train Mixed Loss (Trend, limit=2): 0.6979 (Base: 0.2564, DTW: 0.0928, TopK: 0.4553) | Val Mixed Loss (NoTrend, limit=2): 0.7490 (Base: 0.2882, DTW: 0.1339, TopK: 0.4646) | EMA NoTrend Loss: 0.744496 | LR: 3.37e-05
Epoch [62/100] | Train Mixed Loss (Trend, limit=2): 0.6904 (Base: 0.2537, DTW: 0.0912, TopK: 0.4530) | Val Mixed Loss (NoTrend, limit=2): 0.7454 (Base: 0.2865, DTW: 0.1331, TopK: 0.4650) | EMA NoTrend Loss: 0.744716 | LR: 3.23e-05
Epoch [63/100] | Train Mixed Loss (Trend, limit=2): 0.6913 (Base: 0.2548, DTW: 0.0914, TopK: 0.4511) | Val Mixed Loss (NoTrend, limit=2): 0.7480 (Base: 0.2885, DTW: 0.1347, TopK: 0.4539) | EMA NoTrend Loss: 0.745529 | LR: 3.08e-05
Epoch [64/100] | Train Mixed Loss (Trend, limit=2): 0.6923 (Base: 0.2548, DTW: 0.0914, TopK: 0.4531) | Val Mixed Loss (NoTrend, limit=2): 0.7432 (Base: 0.2852, DTW: 0.1322, TopK: 0.4689) | EMA NoTrend Loss: 0.744947 | LR: 2.94e-05
Epoch [65/100] | Train Mixed Loss (Trend, limit=2): 0.6868 (Base: 0.2532, DTW: 0.0901, TopK: 0.4503) | Val Mixed Loss (NoTrend, limit=2): 0.7390 (Base: 0.2853, DTW: 0.1317, TopK: 0.4591) | EMA NoTrend Loss: 0.743469 | LR: 2.80e-05
Epoch [66/100] | Train Mixed Loss (Trend, limit=2): 0.6881 (Base: 0.2535, DTW: 0.0906, TopK: 0.4497) | Val Mixed Loss (NoTrend, limit=2): 0.7476 (Base: 0.2893, DTW: 0.1335, TopK: 0.4599) | EMA NoTrend Loss: 0.744492 | LR: 2.67e-05
Epoch [67/100] | Train Mixed Loss (Trend, limit=2): 0.6849 (Base: 0.2528, DTW: 0.0899, TopK: 0.4477) | Val Mixed Loss (NoTrend, limit=2): 0.7487 (Base: 0.2887, DTW: 0.1343, TopK: 0.4587) | EMA NoTrend Loss: 0.745541 | LR: 2.53e-05
Epoch [68/100] | Train Mixed Loss (Trend, limit=2): 0.6871 (Base: 0.2535, DTW: 0.0900, TopK: 0.4506) | Val Mixed Loss (NoTrend, limit=2): 0.7496 (Base: 0.2877, DTW: 0.1344, TopK: 0.4648) | EMA NoTrend Loss: 0.746545 | LR: 2.40e-05
Epoch [69/100] | Train Mixed Loss (Trend, limit=2): 0.6806 (Base: 0.2514, DTW: 0.0889, TopK: 0.4459) | Val Mixed Loss (NoTrend, limit=2): 0.7481 (Base: 0.2869, DTW: 0.1340, TopK: 0.4653) | EMA NoTrend Loss: 0.746943 | LR: 2.27e-05
Epoch [70/100] | Train Mixed Loss (Trend, limit=2): 0.6783 (Base: 0.2504, DTW: 0.0885, TopK: 0.4449) | Val Mixed Loss (NoTrend, limit=2): 0.7494 (Base: 0.2887, DTW: 0.1335, TopK: 0.4675) | EMA NoTrend Loss: 0.747560 | LR: 2.14e-05
Epoch [71/100] | Train Mixed Loss (Trend, limit=2): 0.6797 (Base: 0.2513, DTW: 0.0887, TopK: 0.4447) | Val Mixed Loss (NoTrend, limit=2): 0.7524 (Base: 0.2906, DTW: 0.1354, TopK: 0.4565) | EMA NoTrend Loss: 0.748774 | LR: 2.02e-05
Epoch [72/100] | Train Mixed Loss (Trend, limit=2): 0.6741 (Base: 0.2493, DTW: 0.0877, TopK: 0.4413) | Val Mixed Loss (NoTrend, limit=2): 0.7560 (Base: 0.2911, DTW: 0.1358, TopK: 0.4630) | EMA NoTrend Loss: 0.750578 | LR: 1.89e-05
Epoch [73/100] | Train Mixed Loss (Trend, limit=2): 0.6760 (Base: 0.2499, DTW: 0.0879, TopK: 0.4430) | Val Mixed Loss (NoTrend, limit=2): 0.7386 (Base: 0.2862, DTW: 0.1311, TopK: 0.4590) | EMA NoTrend Loss: 0.747572 | LR: 1.78e-05
Epoch [74/100] | Train Mixed Loss (Trend, limit=2): 0.6751 (Base: 0.2497, DTW: 0.0876, TopK: 0.4425) | Val Mixed Loss (NoTrend, limit=2): 0.7445 (Base: 0.2862, DTW: 0.1335, TopK: 0.4597) | EMA NoTrend Loss: 0.746814 | LR: 1.66e-05
Epoch [75/100] | Train Mixed Loss (Trend, limit=2): 0.6744 (Base: 0.2493, DTW: 0.0876, TopK: 0.4419) | Val Mixed Loss (NoTrend, limit=2): 0.7529 (Base: 0.2912, DTW: 0.1353, TopK: 0.4567) | EMA NoTrend Loss: 0.748332 | LR: 1.55e-05
Epoch [76/100] | Train Mixed Loss (Trend, limit=2): 0.6728 (Base: 0.2485, DTW: 0.0872, TopK: 0.4420) | Val Mixed Loss (NoTrend, limit=2): 0.7461 (Base: 0.2870, DTW: 0.1337, TopK: 0.4611) | EMA NoTrend Loss: 0.747769 | LR: 1.44e-05
Epoch [77/100] | Train Mixed Loss (Trend, limit=2): 0.6691 (Base: 0.2479, DTW: 0.0863, TopK: 0.4400) | Val Mixed Loss (NoTrend, limit=2): 0.7521 (Base: 0.2899, DTW: 0.1345, TopK: 0.4649) | EMA NoTrend Loss: 0.748846 | LR: 1.34e-05
Epoch [78/100] | Train Mixed Loss (Trend, limit=2): 0.6701 (Base: 0.2483, DTW: 0.0864, TopK: 0.4402) | Val Mixed Loss (NoTrend, limit=2): 0.7437 (Base: 0.2879, DTW: 0.1327, TopK: 0.4578) | EMA NoTrend Loss: 0.747554 | LR: 1.24e-05
Epoch [79/100] | Train Mixed Loss (Trend, limit=2): 0.6676 (Base: 0.2474, DTW: 0.0860, TopK: 0.4391) | Val Mixed Loss (NoTrend, limit=2): 0.7426 (Base: 0.2848, DTW: 0.1320, TopK: 0.4702) | EMA NoTrend Loss: 0.746315 | LR: 1.14e-05
Epoch [80/100] | Train Mixed Loss (Trend, limit=2): 0.6667 (Base: 0.2467, DTW: 0.0861, TopK: 0.4378) | Val Mixed Loss (NoTrend, limit=2): 0.7506 (Base: 0.2892, DTW: 0.1342, TopK: 0.4644) | EMA NoTrend Loss: 0.747393 | LR: 1.05e-05
Epoch [81/100] | Train Mixed Loss (Trend, limit=2): 0.6665 (Base: 0.2467, DTW: 0.0857, TopK: 0.4393) | Val Mixed Loss (NoTrend, limit=2): 0.7452 (Base: 0.2874, DTW: 0.1337, TopK: 0.4569) | EMA NoTrend Loss: 0.746849 | LR: 9.56e-06
Epoch [82/100] | Train Mixed Loss (Trend, limit=2): 0.6652 (Base: 0.2469, DTW: 0.0853, TopK: 0.4372) | Val Mixed Loss (NoTrend, limit=2): 0.7465 (Base: 0.2884, DTW: 0.1333, TopK: 0.4610) | EMA NoTrend Loss: 0.746769 | LR: 8.71e-06
Epoch [83/100] | Train Mixed Loss (Trend, limit=2): 0.6657 (Base: 0.2469, DTW: 0.0856, TopK: 0.4365) | Val Mixed Loss (NoTrend, limit=2): 0.7546 (Base: 0.2896, DTW: 0.1365, TopK: 0.4580) | EMA NoTrend Loss: 0.748719 | LR: 7.89e-06
Epoch [84/100] | Train Mixed Loss (Trend, limit=2): 0.6642 (Base: 0.2462, DTW: 0.0852, TopK: 0.4371) | Val Mixed Loss (NoTrend, limit=2): 0.7509 (Base: 0.2902, DTW: 0.1341, TopK: 0.4628) | EMA NoTrend Loss: 0.749257 | LR: 7.12e-06
Epoch [85/100] | Train Mixed Loss (Trend, limit=2): 0.6681 (Base: 0.2475, DTW: 0.0858, TopK: 0.4398) | Val Mixed Loss (NoTrend, limit=2): 0.7448 (Base: 0.2866, DTW: 0.1327, TopK: 0.4657) | EMA NoTrend Loss: 0.748133 | LR: 6.40e-06
Epoch [86/100] | Train Mixed Loss (Trend, limit=2): 0.6615 (Base: 0.2457, DTW: 0.0845, TopK: 0.4356) | Val Mixed Loss (NoTrend, limit=2): 0.7541 (Base: 0.2909, DTW: 0.1354, TopK: 0.4609) | EMA NoTrend Loss: 0.749627 | LR: 5.71e-06
Epoch [87/100] | Train Mixed Loss (Trend, limit=2): 0.6635 (Base: 0.2463, DTW: 0.0849, TopK: 0.4364) | Val Mixed Loss (NoTrend, limit=2): 0.7432 (Base: 0.2880, DTW: 0.1322, TopK: 0.4592) | EMA NoTrend Loss: 0.748012 | LR: 5.07e-06
Epoch [88/100] | Train Mixed Loss (Trend, limit=2): 0.6637 (Base: 0.2459, DTW: 0.0851, TopK: 0.4368) | Val Mixed Loss (NoTrend, limit=2): 0.7433 (Base: 0.2860, DTW: 0.1326, TopK: 0.4637) | EMA NoTrend Loss: 0.746827 | LR: 4.48e-06
Epoch [89/100] | Train Mixed Loss (Trend, limit=2): 0.6632 (Base: 0.2459, DTW: 0.0848, TopK: 0.4376) | Val Mixed Loss (NoTrend, limit=2): 0.7427 (Base: 0.2866, DTW: 0.1331, TopK: 0.4556) | EMA NoTrend Loss: 0.745789 | LR: 3.93e-06
Epoch [90/100] | Train Mixed Loss (Trend, limit=2): 0.6672 (Base: 0.2470, DTW: 0.0855, TopK: 0.4393) | Val Mixed Loss (NoTrend, limit=2): 0.7427 (Base: 0.2885, DTW: 0.1323, TopK: 0.4556) | EMA NoTrend Loss: 0.745027 | LR: 3.42e-06
Epoch [91/100] | Train Mixed Loss (Trend, limit=2): 0.6641 (Base: 0.2466, DTW: 0.0848, TopK: 0.4372) | Val Mixed Loss (NoTrend, limit=2): 0.7449 (Base: 0.2873, DTW: 0.1336, TopK: 0.4563) | EMA NoTrend Loss: 0.744995 | LR: 2.97e-06
Epoch [92/100] | Train Mixed Loss (Trend, limit=2): 0.6609 (Base: 0.2454, DTW: 0.0845, TopK: 0.4342) | Val Mixed Loss (NoTrend, limit=2): 0.7516 (Base: 0.2901, DTW: 0.1343, TopK: 0.4639) | EMA NoTrend Loss: 0.746652 | LR: 2.56e-06
Epoch [93/100] | Train Mixed Loss (Trend, limit=2): 0.6624 (Base: 0.2458, DTW: 0.0845, TopK: 0.4368) | Val Mixed Loss (NoTrend, limit=2): 0.7478 (Base: 0.2892, DTW: 0.1338, TopK: 0.4579) | EMA NoTrend Loss: 0.746946 | LR: 2.19e-06
Epoch [94/100] | Train Mixed Loss (Trend, limit=2): 0.6648 (Base: 0.2464, DTW: 0.0850, TopK: 0.4381) | Val Mixed Loss (NoTrend, limit=2): 0.7469 (Base: 0.2873, DTW: 0.1338, TopK: 0.4620) | EMA NoTrend Loss: 0.746935 | LR: 1.88e-06
Epoch [95/100] | Train Mixed Loss (Trend, limit=2): 0.6600 (Base: 0.2457, DTW: 0.0842, TopK: 0.4322) | Val Mixed Loss (NoTrend, limit=2): 0.7442 (Base: 0.2867, DTW: 0.1333, TopK: 0.4587) | EMA NoTrend Loss: 0.746243 | LR: 1.61e-06
Epoch [96/100] | Train Mixed Loss (Trend, limit=2): 0.6609 (Base: 0.2457, DTW: 0.0843, TopK: 0.4343) | Val Mixed Loss (NoTrend, limit=2): 0.7432 (Base: 0.2871, DTW: 0.1325, TopK: 0.4602) | EMA NoTrend Loss: 0.745494 | LR: 1.39e-06
Epoch [97/100] | Train Mixed Loss (Trend, limit=2): 0.6614 (Base: 0.2454, DTW: 0.0846, TopK: 0.4343) | Val Mixed Loss (NoTrend, limit=2): 0.7523 (Base: 0.2878, DTW: 0.1350, TopK: 0.4684) | EMA NoTrend Loss: 0.747199 | LR: 1.22e-06
Epoch [98/100] | Train Mixed Loss (Trend, limit=2): 0.6596 (Base: 0.2449, DTW: 0.0841, TopK: 0.4341) | Val Mixed Loss (NoTrend, limit=2): 0.7406 (Base: 0.2857, DTW: 0.1317, TopK: 0.4629) | EMA NoTrend Loss: 0.745550 | LR: 1.10e-06
Epoch [99/100] | Train Mixed Loss (Trend, limit=2): 0.6589 (Base: 0.2445, DTW: 0.0841, TopK: 0.4340) | Val Mixed Loss (NoTrend, limit=2): 0.7524 (Base: 0.2882, DTW: 0.1351, TopK: 0.4668) | EMA NoTrend Loss: 0.747274 | LR: 1.02e-06
Epoch [100/100] | Train Mixed Loss (Trend, limit=2): 0.6575 (Base: 0.2444, DTW: 0.0837, TopK: 0.4330) | Val Mixed Loss (NoTrend, limit=2): 0.7432 (Base: 0.2863, DTW: 0.1332, TopK: 0.4575) | EMA NoTrend Loss: 0.746263 | LR: 1.00e-06
[*] Loaded best model from epoch 51 (EMA NoTrend Loss: 0.742639)
