Starting Transformer experiment with seed 3 in /root/autodl-tmp/parallel_runs/worker_3_seed_3
Device: cuda
Data shape: (1029, 35040, 10)
Max PM2.5 value: 32768.0
Abnormal points (>1000): 636
Loaded cache: /root/autodl-tmp/parallel_runs/worker_3_seed_3/dataset_cache_train_2y_T144_P48_seed_3.pt (Eligible stations: 1029/1029)
Loaded cache: /root/autodl-tmp/parallel_runs/worker_3_seed_3/dataset_cache_val_1y_T144_P48_seed_3.pt (Eligible stations: 1029/1029)
Total trainable parameters: 3,313,409
Epoch [1/100] | Train Loss: 1.0961 (Base: 0.3505, Trend: 0.1895, DTW: 0.1946, TopK: 0.6123) | Val Loss: 0.902355 (Base: 0.3294, DTW: 0.1737, TopK: 0.5202) | EMA No-Trend Loss: 0.902355 | LR: 2.00e-04
Epoch [2/100] | Train Loss: 1.0177 (Base: 0.3373, Trend: 0.1768, DTW: 0.1711, TopK: 0.6044) | Val Loss: 0.876762 (Base: 0.3299, DTW: 0.1620, TopK: 0.5268) | EMA No-Trend Loss: 0.895957 | LR: 2.00e-04
Epoch [3/100] | Train Loss: 0.9899 (Base: 0.3329, Trend: 0.1759, DTW: 0.1627, TopK: 0.5952) | Val Loss: 0.832488 (Base: 0.3097, DTW: 0.1482, TopK: 0.5571) | EMA No-Trend Loss: 0.880089 | LR: 2.00e-04
Epoch [4/100] | Train Loss: 0.9650 (Base: 0.3269, Trend: 0.1741, DTW: 0.1560, TopK: 0.5885) | Val Loss: 0.835864 (Base: 0.3163, DTW: 0.1497, TopK: 0.5341) | EMA No-Trend Loss: 0.869033 | LR: 1.99e-04
Epoch [5/100] | Train Loss: 0.9550 (Base: 0.3249, Trend: 0.1737, DTW: 0.1533, TopK: 0.5844) | Val Loss: 0.802262 (Base: 0.3004, DTW: 0.1399, TopK: 0.5539) | EMA No-Trend Loss: 0.852340 | LR: 1.99e-04
Epoch [6/100] | Train Loss: 0.9461 (Base: 0.3237, Trend: 0.1726, DTW: 0.1512, TopK: 0.5777) | Val Loss: 0.817993 (Base: 0.3102, DTW: 0.1464, TopK: 0.5215) | EMA No-Trend Loss: 0.843753 | LR: 1.98e-04
Epoch [7/100] | Train Loss: 0.9306 (Base: 0.3193, Trend: 0.1716, DTW: 0.1473, TopK: 0.5732) | Val Loss: 0.797599 (Base: 0.2978, DTW: 0.1407, TopK: 0.5402) | EMA No-Trend Loss: 0.832215 | LR: 1.98e-04
Epoch [8/100] | Train Loss: 0.9234 (Base: 0.3173, Trend: 0.1703, DTW: 0.1455, TopK: 0.5720) | Val Loss: 0.820233 (Base: 0.3119, DTW: 0.1489, TopK: 0.5031) | EMA No-Trend Loss: 0.829220 | LR: 1.97e-04
Epoch [9/100] | Train Loss: 0.9176 (Base: 0.3160, Trend: 0.1700, DTW: 0.1439, TopK: 0.5713) | Val Loss: 0.805700 (Base: 0.3026, DTW: 0.1449, TopK: 0.5176) | EMA No-Trend Loss: 0.823340 | LR: 1.96e-04
Epoch [10/100] | Train Loss: 0.9127 (Base: 0.3150, Trend: 0.1704, DTW: 0.1425, TopK: 0.5683) | Val Loss: 0.832529 (Base: 0.3181, DTW: 0.1499, TopK: 0.5159) | EMA No-Trend Loss: 0.825637 | LR: 1.95e-04
Epoch [11/100] | Train Loss: 0.9017 (Base: 0.3113, Trend: 0.1687, DTW: 0.1405, TopK: 0.5624) | Val Loss: 0.802346 (Base: 0.3060, DTW: 0.1438, TopK: 0.5039) | EMA No-Trend Loss: 0.819814 | LR: 1.94e-04
Epoch [12/100] | Train Loss: 0.9004 (Base: 0.3121, Trend: 0.1696, DTW: 0.1397, TopK: 0.5605) | Val Loss: 0.793379 (Base: 0.2991, DTW: 0.1403, TopK: 0.5255) | EMA No-Trend Loss: 0.813205 | LR: 1.93e-04
Epoch [13/100] | Train Loss: 0.9005 (Base: 0.3117, Trend: 0.1698, DTW: 0.1396, TopK: 0.5627) | Val Loss: 0.783982 (Base: 0.2919, DTW: 0.1382, TopK: 0.5344) | EMA No-Trend Loss: 0.805900 | LR: 1.92e-04
Epoch [14/100] | Train Loss: 0.8878 (Base: 0.3081, Trend: 0.1689, DTW: 0.1369, TopK: 0.5553) | Val Loss: 0.780914 (Base: 0.2916, DTW: 0.1384, TopK: 0.5239) | EMA No-Trend Loss: 0.799653 | LR: 1.91e-04
Epoch [15/100] | Train Loss: 0.8845 (Base: 0.3073, Trend: 0.1687, DTW: 0.1361, TopK: 0.5542) | Val Loss: 0.800536 (Base: 0.3065, DTW: 0.1445, TopK: 0.4909) | EMA No-Trend Loss: 0.799874 | LR: 1.89e-04
Epoch [16/100] | Train Loss: 0.8775 (Base: 0.3058, Trend: 0.1682, DTW: 0.1342, TopK: 0.5515) | Val Loss: 0.782300 (Base: 0.2870, DTW: 0.1373, TopK: 0.5526) | EMA No-Trend Loss: 0.795481 | LR: 1.88e-04
Epoch [17/100] | Train Loss: 0.8765 (Base: 0.3059, Trend: 0.1686, DTW: 0.1341, TopK: 0.5486) | Val Loss: 0.776846 (Base: 0.2868, DTW: 0.1384, TopK: 0.5260) | EMA No-Trend Loss: 0.790822 | LR: 1.86e-04
Epoch [18/100] | Train Loss: 0.8741 (Base: 0.3046, Trend: 0.1685, DTW: 0.1335, TopK: 0.5493) | Val Loss: 0.783836 (Base: 0.2977, DTW: 0.1378, TopK: 0.5177) | EMA No-Trend Loss: 0.789075 | LR: 1.85e-04
Epoch [19/100] | Train Loss: 0.8669 (Base: 0.3035, Trend: 0.1685, DTW: 0.1314, TopK: 0.5459) | Val Loss: 0.779077 (Base: 0.2886, DTW: 0.1379, TopK: 0.5316) | EMA No-Trend Loss: 0.786576 | LR: 1.83e-04
Epoch [20/100] | Train Loss: 0.8626 (Base: 0.3014, Trend: 0.1677, DTW: 0.1308, TopK: 0.5448) | Val Loss: 0.775384 (Base: 0.2940, DTW: 0.1386, TopK: 0.4956) | EMA No-Trend Loss: 0.783778 | LR: 1.81e-04
Epoch [21/100] | Train Loss: 0.8669 (Base: 0.3033, Trend: 0.1685, DTW: 0.1312, TopK: 0.5477) | Val Loss: 0.782469 (Base: 0.2950, DTW: 0.1392, TopK: 0.5115) | EMA No-Trend Loss: 0.783451 | LR: 1.79e-04
Epoch [22/100] | Train Loss: 0.8556 (Base: 0.3002, Trend: 0.1672, DTW: 0.1289, TopK: 0.5413) | Val Loss: 0.773123 (Base: 0.2912, DTW: 0.1356, TopK: 0.5215) | EMA No-Trend Loss: 0.780869 | LR: 1.77e-04
Epoch [23/100] | Train Loss: 0.8574 (Base: 0.3006, Trend: 0.1684, DTW: 0.1289, TopK: 0.5440) | Val Loss: 0.788372 (Base: 0.2998, DTW: 0.1407, TopK: 0.5031) | EMA No-Trend Loss: 0.782744 | LR: 1.75e-04
Epoch [24/100] | Train Loss: 0.8501 (Base: 0.2986, Trend: 0.1668, DTW: 0.1278, TopK: 0.5382) | Val Loss: 0.780102 (Base: 0.2914, DTW: 0.1382, TopK: 0.5235) | EMA No-Trend Loss: 0.782084 | LR: 1.73e-04
Epoch [25/100] | Train Loss: 0.8448 (Base: 0.2976, Trend: 0.1663, DTW: 0.1264, TopK: 0.5358) | Val Loss: 0.777378 (Base: 0.2955, DTW: 0.1386, TopK: 0.4972) | EMA No-Trend Loss: 0.780907 | LR: 1.71e-04
Epoch [26/100] | Train Loss: 0.8430 (Base: 0.2966, Trend: 0.1670, DTW: 0.1257, TopK: 0.5377) | Val Loss: 0.789804 (Base: 0.2969, DTW: 0.1419, TopK: 0.5080) | EMA No-Trend Loss: 0.783132 | LR: 1.69e-04
Epoch [27/100] | Train Loss: 0.8400 (Base: 0.2957, Trend: 0.1670, DTW: 0.1253, TopK: 0.5339) | Val Loss: 0.783188 (Base: 0.2975, DTW: 0.1409, TopK: 0.4920) | EMA No-Trend Loss: 0.783146 | LR: 1.66e-04
Epoch [28/100] | Train Loss: 0.8330 (Base: 0.2941, Trend: 0.1662, DTW: 0.1238, TopK: 0.5291) | Val Loss: 0.771004 (Base: 0.2929, DTW: 0.1359, TopK: 0.5068) | EMA No-Trend Loss: 0.780110 | LR: 1.64e-04
Epoch [29/100] | Train Loss: 0.8320 (Base: 0.2938, Trend: 0.1657, DTW: 0.1236, TopK: 0.5288) | Val Loss: 0.787344 (Base: 0.2970, DTW: 0.1426, TopK: 0.4939) | EMA No-Trend Loss: 0.781919 | LR: 1.61e-04
Epoch [30/100] | Train Loss: 0.8286 (Base: 0.2928, Trend: 0.1660, DTW: 0.1227, TopK: 0.5277) | Val Loss: 0.767521 (Base: 0.2831, DTW: 0.1366, TopK: 0.5217) | EMA No-Trend Loss: 0.778319 | LR: 1.59e-04
Epoch [31/100] | Train Loss: 0.8232 (Base: 0.2913, Trend: 0.1658, DTW: 0.1215, TopK: 0.5248) | Val Loss: 0.780658 (Base: 0.2949, DTW: 0.1396, TopK: 0.5024) | EMA No-Trend Loss: 0.778904 | LR: 1.56e-04
Epoch [32/100] | Train Loss: 0.8205 (Base: 0.2906, Trend: 0.1657, DTW: 0.1207, TopK: 0.5240) | Val Loss: 0.769625 (Base: 0.2878, DTW: 0.1357, TopK: 0.5203) | EMA No-Trend Loss: 0.776584 | LR: 1.54e-04
Epoch [33/100] | Train Loss: 0.8227 (Base: 0.2917, Trend: 0.1662, DTW: 0.1209, TopK: 0.5252) | Val Loss: 0.775878 (Base: 0.2900, DTW: 0.1384, TopK: 0.5126) | EMA No-Trend Loss: 0.776408 | LR: 1.51e-04
Epoch [34/100] | Train Loss: 0.8122 (Base: 0.2880, Trend: 0.1654, DTW: 0.1189, TopK: 0.5203) | Val Loss: 0.777075 (Base: 0.2945, DTW: 0.1391, TopK: 0.4958) | EMA No-Trend Loss: 0.776575 | LR: 1.48e-04
Epoch [35/100] | Train Loss: 0.8160 (Base: 0.2897, Trend: 0.1659, DTW: 0.1194, TopK: 0.5223) | Val Loss: 0.778919 (Base: 0.2946, DTW: 0.1406, TopK: 0.4899) | EMA No-Trend Loss: 0.777161 | LR: 1.46e-04
Epoch [36/100] | Train Loss: 0.8087 (Base: 0.2877, Trend: 0.1645, DTW: 0.1183, TopK: 0.5164) | Val Loss: 0.774855 (Base: 0.2874, DTW: 0.1396, TopK: 0.5079) | EMA No-Trend Loss: 0.776584 | LR: 1.43e-04
Epoch [37/100] | Train Loss: 0.8052 (Base: 0.2873, Trend: 0.1651, DTW: 0.1170, TopK: 0.5150) | Val Loss: 0.772741 (Base: 0.2875, DTW: 0.1374, TopK: 0.5180) | EMA No-Trend Loss: 0.775623 | LR: 1.40e-04
Epoch [38/100] | Train Loss: 0.8033 (Base: 0.2860, Trend: 0.1651, DTW: 0.1165, TopK: 0.5171) | Val Loss: 0.806184 (Base: 0.3087, DTW: 0.1484, TopK: 0.4712) | EMA No-Trend Loss: 0.783263 | LR: 1.37e-04
Epoch [39/100] | Train Loss: 0.8001 (Base: 0.2862, Trend: 0.1648, DTW: 0.1159, TopK: 0.5110) | Val Loss: 0.773015 (Base: 0.2902, DTW: 0.1395, TopK: 0.4934) | EMA No-Trend Loss: 0.780701 | LR: 1.34e-04
Epoch [40/100] | Train Loss: 0.7958 (Base: 0.2844, Trend: 0.1644, DTW: 0.1151, TopK: 0.5098) | Val Loss: 0.775756 (Base: 0.2927, DTW: 0.1380, TopK: 0.5059) | EMA No-Trend Loss: 0.779465 | LR: 1.31e-04
Epoch [41/100] | Train Loss: 0.7933 (Base: 0.2835, Trend: 0.1643, DTW: 0.1143, TopK: 0.5116) | Val Loss: 0.776967 (Base: 0.2933, DTW: 0.1408, TopK: 0.4858) | EMA No-Trend Loss: 0.778841 | LR: 1.28e-04
Epoch [42/100] | Train Loss: 0.7901 (Base: 0.2826, Trend: 0.1643, DTW: 0.1139, TopK: 0.5064) | Val Loss: 0.782465 (Base: 0.2942, DTW: 0.1411, TopK: 0.4987) | EMA No-Trend Loss: 0.779747 | LR: 1.25e-04
Epoch [43/100] | Train Loss: 0.7856 (Base: 0.2816, Trend: 0.1639, DTW: 0.1127, TopK: 0.5052) | Val Loss: 0.775012 (Base: 0.2955, DTW: 0.1396, TopK: 0.4815) | EMA No-Trend Loss: 0.778563 | LR: 1.22e-04
Epoch [44/100] | Train Loss: 0.7906 (Base: 0.2829, Trend: 0.1655, DTW: 0.1134, TopK: 0.5095) | Val Loss: 0.776978 (Base: 0.2921, DTW: 0.1389, TopK: 0.5050) | EMA No-Trend Loss: 0.778167 | LR: 1.19e-04
Epoch [45/100] | Train Loss: 0.7815 (Base: 0.2802, Trend: 0.1635, DTW: 0.1121, TopK: 0.5014) | Val Loss: 0.765643 (Base: 0.2894, DTW: 0.1364, TopK: 0.4966) | EMA No-Trend Loss: 0.775036 | LR: 1.16e-04
Epoch [46/100] | Train Loss: 0.7814 (Base: 0.2799, Trend: 0.1639, DTW: 0.1119, TopK: 0.5033) | Val Loss: 0.774612 (Base: 0.2899, DTW: 0.1396, TopK: 0.4991) | EMA No-Trend Loss: 0.774930 | LR: 1.13e-04
Epoch [47/100] | Train Loss: 0.7753 (Base: 0.2786, Trend: 0.1635, DTW: 0.1103, TopK: 0.5011) | Val Loss: 0.765957 (Base: 0.2905, DTW: 0.1375, TopK: 0.4848) | EMA No-Trend Loss: 0.772687 | LR: 1.10e-04
Epoch [48/100] | Train Loss: 0.7736 (Base: 0.2779, Trend: 0.1635, DTW: 0.1100, TopK: 0.4999) | Val Loss: 0.781245 (Base: 0.2965, DTW: 0.1414, TopK: 0.4847) | EMA No-Trend Loss: 0.774826 | LR: 1.07e-04
Epoch [49/100] | Train Loss: 0.7738 (Base: 0.2783, Trend: 0.1639, DTW: 0.1099, TopK: 0.4997) | Val Loss: 0.775773 (Base: 0.2939, DTW: 0.1405, TopK: 0.4820) | EMA No-Trend Loss: 0.775063 | LR: 1.04e-04
Epoch [50/100] | Train Loss: 0.7711 (Base: 0.2776, Trend: 0.1641, DTW: 0.1093, TopK: 0.4973) | Val Loss: 0.774583 (Base: 0.2894, DTW: 0.1399, TopK: 0.4984) | EMA No-Trend Loss: 0.774943 | LR: 1.00e-04
Epoch [51/100] | Train Loss: 0.7642 (Base: 0.2762, Trend: 0.1633, DTW: 0.1076, TopK: 0.4937) | Val Loss: 0.780809 (Base: 0.2945, DTW: 0.1411, TopK: 0.4923) | EMA No-Trend Loss: 0.776409 | LR: 9.74e-05
Epoch [52/100] | Train Loss: 0.7606 (Base: 0.2743, Trend: 0.1633, DTW: 0.1070, TopK: 0.4932) | Val Loss: 0.784144 (Base: 0.2963, DTW: 0.1418, TopK: 0.4917) | EMA No-Trend Loss: 0.778343 | LR: 9.43e-05
Epoch [53/100] | Train Loss: 0.7552 (Base: 0.2730, Trend: 0.1627, DTW: 0.1060, TopK: 0.4881) | Val Loss: 0.776627 (Base: 0.2881, DTW: 0.1397, TopK: 0.5108) | EMA No-Trend Loss: 0.777914 | LR: 9.11e-05
Epoch [54/100] | Train Loss: 0.7567 (Base: 0.2736, Trend: 0.1624, DTW: 0.1063, TopK: 0.4889) | Val Loss: 0.778828 (Base: 0.2927, DTW: 0.1402, TopK: 0.4985) | EMA No-Trend Loss: 0.778142 | LR: 8.80e-05
Epoch [55/100] | Train Loss: 0.7494 (Base: 0.2713, Trend: 0.1621, DTW: 0.1047, TopK: 0.4862) | Val Loss: 0.787211 (Base: 0.2973, DTW: 0.1434, TopK: 0.4854) | EMA No-Trend Loss: 0.780410 | LR: 8.49e-05
Epoch [56/100] | Train Loss: 0.7531 (Base: 0.2725, Trend: 0.1626, DTW: 0.1052, TopK: 0.4895) | Val Loss: 0.794597 (Base: 0.2974, DTW: 0.1442, TopK: 0.5034) | EMA No-Trend Loss: 0.783956 | LR: 8.19e-05
Epoch [57/100] | Train Loss: 0.7506 (Base: 0.2718, Trend: 0.1625, DTW: 0.1046, TopK: 0.4879) | Val Loss: 0.788958 (Base: 0.2974, DTW: 0.1435, TopK: 0.4906) | EMA No-Trend Loss: 0.785207 | LR: 7.88e-05
Epoch [58/100] | Train Loss: 0.7462 (Base: 0.2709, Trend: 0.1626, DTW: 0.1037, TopK: 0.4835) | Val Loss: 0.794991 (Base: 0.2991, DTW: 0.1445, TopK: 0.4972) | EMA No-Trend Loss: 0.787653 | LR: 7.58e-05
Epoch [59/100] | Train Loss: 0.7410 (Base: 0.2695, Trend: 0.1620, DTW: 0.1025, TopK: 0.4809) | Val Loss: 0.784852 (Base: 0.2974, DTW: 0.1426, TopK: 0.4836) | EMA No-Trend Loss: 0.786953 | LR: 7.27e-05
Epoch [60/100] | Train Loss: 0.7429 (Base: 0.2700, Trend: 0.1626, DTW: 0.1028, TopK: 0.4829) | Val Loss: 0.784866 (Base: 0.2967, DTW: 0.1427, TopK: 0.4860) | EMA No-Trend Loss: 0.786431 | LR: 6.98e-05
Epoch [61/100] | Train Loss: 0.7398 (Base: 0.2690, Trend: 0.1626, DTW: 0.1022, TopK: 0.4804) | Val Loss: 0.766030 (Base: 0.2911, DTW: 0.1380, TopK: 0.4792) | EMA No-Trend Loss: 0.781331 | LR: 6.68e-05
Epoch [62/100] | Train Loss: 0.7345 (Base: 0.2671, Trend: 0.1618, DTW: 0.1012, TopK: 0.4788) | Val Loss: 0.793190 (Base: 0.2946, DTW: 0.1461, TopK: 0.4929) | EMA No-Trend Loss: 0.784296 | LR: 6.39e-05
Epoch [63/100] | Train Loss: 0.7309 (Base: 0.2664, Trend: 0.1616, DTW: 0.1004, TopK: 0.4760) | Val Loss: 0.777528 (Base: 0.2922, DTW: 0.1400, TopK: 0.4981) | EMA No-Trend Loss: 0.782604 | LR: 6.10e-05
Epoch [64/100] | Train Loss: 0.7331 (Base: 0.2672, Trend: 0.1620, DTW: 0.1007, TopK: 0.4772) | Val Loss: 0.786079 (Base: 0.2975, DTW: 0.1433, TopK: 0.4827) | EMA No-Trend Loss: 0.783473 | LR: 5.81e-05
Epoch [65/100] | Train Loss: 0.7273 (Base: 0.2655, Trend: 0.1622, DTW: 0.0995, TopK: 0.4728) | Val Loss: 0.776248 (Base: 0.2915, DTW: 0.1399, TopK: 0.4968) | EMA No-Trend Loss: 0.781667 | LR: 5.53e-05
Epoch [66/100] | Train Loss: 0.7281 (Base: 0.2653, Trend: 0.1623, DTW: 0.0996, TopK: 0.4748) | Val Loss: 0.770285 (Base: 0.2911, DTW: 0.1384, TopK: 0.4899) | EMA No-Trend Loss: 0.778821 | LR: 5.26e-05
Epoch [67/100] | Train Loss: 0.7244 (Base: 0.2642, Trend: 0.1619, DTW: 0.0988, TopK: 0.4741) | Val Loss: 0.772048 (Base: 0.2886, DTW: 0.1401, TopK: 0.4910) | EMA No-Trend Loss: 0.777128 | LR: 4.99e-05
Epoch [68/100] | Train Loss: 0.7241 (Base: 0.2641, Trend: 0.1615, DTW: 0.0990, TopK: 0.4718) | Val Loss: 0.779557 (Base: 0.2907, DTW: 0.1406, TopK: 0.5052) | EMA No-Trend Loss: 0.777735 | LR: 4.72e-05
Epoch [69/100] | Train Loss: 0.7213 (Base: 0.2635, Trend: 0.1616, DTW: 0.0983, TopK: 0.4702) | Val Loss: 0.782750 (Base: 0.2946, DTW: 0.1416, TopK: 0.4944) | EMA No-Trend Loss: 0.778989 | LR: 4.46e-05
Epoch [70/100] | Train Loss: 0.7203 (Base: 0.2632, Trend: 0.1613, DTW: 0.0981, TopK: 0.4699) | Val Loss: 0.786892 (Base: 0.2952, DTW: 0.1428, TopK: 0.4964) | EMA No-Trend Loss: 0.780965 | LR: 4.20e-05
Epoch [71/100] | Train Loss: 0.7178 (Base: 0.2622, Trend: 0.1609, DTW: 0.0977, TopK: 0.4686) | Val Loss: 0.785987 (Base: 0.2936, DTW: 0.1420, TopK: 0.5054) | EMA No-Trend Loss: 0.782220 | LR: 3.95e-05
Epoch [72/100] | Train Loss: 0.7151 (Base: 0.2614, Trend: 0.1604, DTW: 0.0972, TopK: 0.4679) | Val Loss: 0.786530 (Base: 0.2947, DTW: 0.1439, TopK: 0.4884) | EMA No-Trend Loss: 0.783298 | LR: 3.71e-05
Epoch [73/100] | Train Loss: 0.7150 (Base: 0.2618, Trend: 0.1618, DTW: 0.0968, TopK: 0.4665) | Val Loss: 0.792813 (Base: 0.2972, DTW: 0.1447, TopK: 0.4944) | EMA No-Trend Loss: 0.785676 | LR: 3.47e-05
Epoch [74/100] | Train Loss: 0.7186 (Base: 0.2629, Trend: 0.1624, DTW: 0.0972, TopK: 0.4707) | Val Loss: 0.780116 (Base: 0.2923, DTW: 0.1412, TopK: 0.4962) | EMA No-Trend Loss: 0.784286 | LR: 3.24e-05
Epoch [75/100] | Train Loss: 0.7119 (Base: 0.2613, Trend: 0.1617, DTW: 0.0961, TopK: 0.4636) | Val Loss: 0.783148 (Base: 0.2940, DTW: 0.1420, TopK: 0.4943) | EMA No-Trend Loss: 0.784002 | LR: 3.01e-05
Epoch [76/100] | Train Loss: 0.7109 (Base: 0.2608, Trend: 0.1620, DTW: 0.0955, TopK: 0.4658) | Val Loss: 0.776483 (Base: 0.2916, DTW: 0.1405, TopK: 0.4921) | EMA No-Trend Loss: 0.782122 | LR: 2.80e-05
Epoch [77/100] | Train Loss: 0.7123 (Base: 0.2611, Trend: 0.1622, DTW: 0.0957, TopK: 0.4678) | Val Loss: 0.789574 (Base: 0.2955, DTW: 0.1438, TopK: 0.4968) | EMA No-Trend Loss: 0.783985 | LR: 2.59e-05
Epoch [78/100] | Train Loss: 0.7055 (Base: 0.2588, Trend: 0.1610, DTW: 0.0948, TopK: 0.4621) | Val Loss: 0.794761 (Base: 0.2986, DTW: 0.1444, TopK: 0.4987) | EMA No-Trend Loss: 0.786679 | LR: 2.38e-05
Epoch [79/100] | Train Loss: 0.7045 (Base: 0.2588, Trend: 0.1609, DTW: 0.0944, TopK: 0.4621) | Val Loss: 0.779331 (Base: 0.2932, DTW: 0.1414, TopK: 0.4892) | EMA No-Trend Loss: 0.784842 | LR: 2.19e-05
Epoch [80/100] | Train Loss: 0.7018 (Base: 0.2577, Trend: 0.1604, DTW: 0.0941, TopK: 0.4602) | Val Loss: 0.791032 (Base: 0.2973, DTW: 0.1444, TopK: 0.4907) | EMA No-Trend Loss: 0.786390 | LR: 2.00e-05
Epoch [81/100] | Train Loss: 0.6983 (Base: 0.2565, Trend: 0.1600, DTW: 0.0934, TopK: 0.4590) | Val Loss: 0.786846 (Base: 0.2949, DTW: 0.1429, TopK: 0.4965) | EMA No-Trend Loss: 0.786504 | LR: 1.82e-05
Epoch [82/100] | Train Loss: 0.7020 (Base: 0.2580, Trend: 0.1605, DTW: 0.0942, TopK: 0.4588) | Val Loss: 0.781266 (Base: 0.2915, DTW: 0.1420, TopK: 0.4960) | EMA No-Trend Loss: 0.785194 | LR: 1.65e-05
Epoch [83/100] | Train Loss: 0.6983 (Base: 0.2569, Trend: 0.1604, DTW: 0.0932, TopK: 0.4586) | Val Loss: 0.792851 (Base: 0.2985, DTW: 0.1443, TopK: 0.4937) | EMA No-Trend Loss: 0.787109 | LR: 1.49e-05
Epoch [84/100] | Train Loss: 0.6972 (Base: 0.2564, Trend: 0.1603, DTW: 0.0930, TopK: 0.4581) | Val Loss: 0.794138 (Base: 0.2973, DTW: 0.1454, TopK: 0.4926) | EMA No-Trend Loss: 0.788866 | LR: 1.33e-05
Epoch [85/100] | Train Loss: 0.6987 (Base: 0.2570, Trend: 0.1609, DTW: 0.0930, TopK: 0.4599) | Val Loss: 0.793066 (Base: 0.2972, DTW: 0.1453, TopK: 0.4905) | EMA No-Trend Loss: 0.789916 | LR: 1.18e-05
Epoch [86/100] | Train Loss: 0.6958 (Base: 0.2561, Trend: 0.1605, DTW: 0.0926, TopK: 0.4569) | Val Loss: 0.791233 (Base: 0.2970, DTW: 0.1446, TopK: 0.4907) | EMA No-Trend Loss: 0.790245 | LR: 1.05e-05
Epoch [87/100] | Train Loss: 0.6911 (Base: 0.2546, Trend: 0.1599, DTW: 0.0918, TopK: 0.4536) | Val Loss: 0.783434 (Base: 0.2912, DTW: 0.1429, TopK: 0.4978) | EMA No-Trend Loss: 0.788542 | LR: 9.18e-06
Epoch [88/100] | Train Loss: 0.6980 (Base: 0.2570, Trend: 0.1612, DTW: 0.0927, TopK: 0.4593) | Val Loss: 0.801268 (Base: 0.3002, DTW: 0.1472, TopK: 0.4923) | EMA No-Trend Loss: 0.791724 | LR: 7.99e-06
Epoch [89/100] | Train Loss: 0.6972 (Base: 0.2561, Trend: 0.1612, DTW: 0.0929, TopK: 0.4585) | Val Loss: 0.787082 (Base: 0.2957, DTW: 0.1437, TopK: 0.4879) | EMA No-Trend Loss: 0.790563 | LR: 6.88e-06
Epoch [90/100] | Train Loss: 0.6893 (Base: 0.2541, Trend: 0.1600, DTW: 0.0914, TopK: 0.4529) | Val Loss: 0.784589 (Base: 0.2937, DTW: 0.1432, TopK: 0.4910) | EMA No-Trend Loss: 0.789070 | LR: 5.87e-06
Epoch [91/100] | Train Loss: 0.6957 (Base: 0.2558, Trend: 0.1611, DTW: 0.0926, TopK: 0.4570) | Val Loss: 0.790706 (Base: 0.2955, DTW: 0.1445, TopK: 0.4944) | EMA No-Trend Loss: 0.789479 | LR: 4.95e-06
Epoch [92/100] | Train Loss: 0.6922 (Base: 0.2550, Trend: 0.1602, DTW: 0.0919, TopK: 0.4552) | Val Loss: 0.798977 (Base: 0.2975, DTW: 0.1465, TopK: 0.4994) | EMA No-Trend Loss: 0.791853 | LR: 4.13e-06
Epoch [93/100] | Train Loss: 0.6958 (Base: 0.2558, Trend: 0.1611, DTW: 0.0926, TopK: 0.4578) | Val Loss: 0.784815 (Base: 0.2943, DTW: 0.1427, TopK: 0.4932) | EMA No-Trend Loss: 0.790094 | LR: 3.40e-06
Epoch [94/100] | Train Loss: 0.6908 (Base: 0.2545, Trend: 0.1603, DTW: 0.0916, TopK: 0.4542) | Val Loss: 0.787660 (Base: 0.2950, DTW: 0.1441, TopK: 0.4893) | EMA No-Trend Loss: 0.789485 | LR: 2.76e-06
Epoch [95/100] | Train Loss: 0.6960 (Base: 0.2561, Trend: 0.1613, DTW: 0.0924, TopK: 0.4585) | Val Loss: 0.786916 (Base: 0.2949, DTW: 0.1434, TopK: 0.4928) | EMA No-Trend Loss: 0.788843 | LR: 2.23e-06
Epoch [96/100] | Train Loss: 0.6956 (Base: 0.2564, Trend: 0.1612, DTW: 0.0923, TopK: 0.4566) | Val Loss: 0.792009 (Base: 0.2962, DTW: 0.1447, TopK: 0.4951) | EMA No-Trend Loss: 0.789635 | LR: 1.78e-06
Epoch [97/100] | Train Loss: 0.6949 (Base: 0.2561, Trend: 0.1608, DTW: 0.0924, TopK: 0.4550) | Val Loss: 0.790538 (Base: 0.2968, DTW: 0.1441, TopK: 0.4926) | EMA No-Trend Loss: 0.789861 | LR: 1.44e-06
Epoch [98/100] | Train Loss: 0.6948 (Base: 0.2555, Trend: 0.1609, DTW: 0.0924, TopK: 0.4575) | Val Loss: 0.797789 (Base: 0.2980, DTW: 0.1466, TopK: 0.4932) | EMA No-Trend Loss: 0.791843 | LR: 1.20e-06
Epoch [99/100] | Train Loss: 0.6964 (Base: 0.2562, Trend: 0.1610, DTW: 0.0927, TopK: 0.4570) | Val Loss: 0.792035 (Base: 0.2964, DTW: 0.1451, TopK: 0.4914) | EMA No-Trend Loss: 0.791891 | LR: 1.05e-06
Epoch [100/100] | Train Loss: 0.6913 (Base: 0.2543, Trend: 0.1604, DTW: 0.0916, TopK: 0.4564) | Val Loss: 0.788194 (Base: 0.2959, DTW: 0.1437, TopK: 0.4918) | EMA No-Trend Loss: 0.790967 | LR: 1.00e-06
