Starting experiment (seed=3)
Device: cuda
Building static profile features from historical data...
Loading lightweight encoder...
Total trainable parameters: 5,010,690
Epoch [1/100] | Total Loss: 1.3293 | Aux Loss: 0.2753 | Train Mixed Loss: 1.0540 (Base: 0.3423, Trend: 0.1644, DTW: 0.1883, TopK: 0.5921) | Val Mixed Loss (No Trend): 0.8687 (Base: 0.3112, DTW: 0.1610, TopK: 0.5701) | EMA Val Loss (No Trend): 0.868731 | LR: 2.00e-04
Saved new best weights to best_model_seed3.pth (EMA validation loss without trend: 0.868731).
Epoch [2/100] | Total Loss: 1.2060 | Aux Loss: 0.2210 | Train Mixed Loss: 0.9850 (Base: 0.3308, Trend: 0.1567, DTW: 0.1678, TopK: 0.5774) | Val Mixed Loss (No Trend): 0.8437 (Base: 0.3109, DTW: 0.1575, TopK: 0.5155) | EMA Val Loss (No Trend): 0.862474 | LR: 2.00e-04
Saved new best weights to best_model_seed3.pth (EMA validation loss without trend: 0.862474).
Epoch [3/100] | Total Loss: 1.1574 | Aux Loss: 0.2063 | Train Mixed Loss: 0.9511 (Base: 0.3237, Trend: 0.1576, DTW: 0.1573, TopK: 0.5702) | Val Mixed Loss (No Trend): 0.8221 (Base: 0.3133, DTW: 0.1495, TopK: 0.5003) | EMA Val Loss (No Trend): 0.852382 | LR: 2.00e-04
Saved new best weights to best_model_seed3.pth (EMA validation loss without trend: 0.852382).
Epoch [4/100] | Total Loss: 1.1324 | Aux Loss: 0.2004 | Train Mixed Loss: 0.9320 (Base: 0.3188, Trend: 0.1558, DTW: 0.1528, TopK: 0.5618) | Val Mixed Loss (No Trend): 0.8118 (Base: 0.3050, DTW: 0.1494, TopK: 0.4942) | EMA Val Loss (No Trend): 0.842238 | LR: 1.99e-04
Saved new best weights to best_model_seed3.pth (EMA validation loss without trend: 0.842238).
Epoch [5/100] | Total Loss: 1.1250 | Aux Loss: 0.1992 | Train Mixed Loss: 0.9259 (Base: 0.3179, Trend: 0.1565, DTW: 0.1508, TopK: 0.5594) | Val Mixed Loss (No Trend): 0.8137 (Base: 0.3044, DTW: 0.1514, TopK: 0.4865) | EMA Val Loss (No Trend): 0.835110 | LR: 1.99e-04
Saved new best weights to best_model_seed3.pth (EMA validation loss without trend: 0.835110).
Epoch [6/100] | Total Loss: 1.1080 | Aux Loss: 0.1931 | Train Mixed Loss: 0.9149 (Base: 0.3147, Trend: 0.1560, DTW: 0.1482, TopK: 0.5552) | Val Mixed Loss (No Trend): 0.7855 (Base: 0.2850, DTW: 0.1403, TopK: 0.5456) | EMA Val Loss (No Trend): 0.822701 | LR: 1.98e-04
Saved new best weights to best_model_seed3.pth (EMA validation loss without trend: 0.822701).
Epoch [7/100] | Total Loss: 1.1023 | Aux Loss: 0.1949 | Train Mixed Loss: 0.9074 (Base: 0.3137, Trend: 0.1569, DTW: 0.1458, TopK: 0.5508) | Val Mixed Loss (No Trend): 0.7983 (Base: 0.3071, DTW: 0.1442, TopK: 0.4837) | EMA Val Loss (No Trend): 0.816607 | LR: 1.98e-04
Saved new best weights to best_model_seed3.pth (EMA validation loss without trend: 0.816607).
Epoch [8/100] | Total Loss: 1.0929 | Aux Loss: 0.1921 | Train Mixed Loss: 0.9008 (Base: 0.3122, Trend: 0.1563, DTW: 0.1438, TopK: 0.5514) | Val Mixed Loss (No Trend): 0.7761 (Base: 0.2937, DTW: 0.1370, TopK: 0.5120) | EMA Val Loss (No Trend): 0.806478 | LR: 1.97e-04
Saved new best weights to best_model_seed3.pth (EMA validation loss without trend: 0.806478).
Epoch [9/100] | Total Loss: 1.0735 | Aux Loss: 0.1897 | Train Mixed Loss: 0.8838 (Base: 0.3067, Trend: 0.1545, DTW: 0.1406, TopK: 0.5409) | Val Mixed Loss (No Trend): 0.7586 (Base: 0.2916, DTW: 0.1330, TopK: 0.4928) | EMA Val Loss (No Trend): 0.794501 | LR: 1.96e-04
Saved new best weights to best_model_seed3.pth (EMA validation loss without trend: 0.794501).
Epoch [10/100] | Total Loss: 1.0763 | Aux Loss: 0.1897 | Train Mixed Loss: 0.8866 (Base: 0.3085, Trend: 0.1548, DTW: 0.1408, TopK: 0.5428) | Val Mixed Loss (No Trend): 0.7727 (Base: 0.2964, DTW: 0.1394, TopK: 0.4720) | EMA Val Loss (No Trend): 0.789048 | LR: 1.95e-04
Saved new best weights to best_model_seed3.pth (EMA validation loss without trend: 0.789048).
Epoch [11/100] | Total Loss: 1.0566 | Aux Loss: 0.1865 | Train Mixed Loss: 0.8702 (Base: 0.3043, Trend: 0.1543, DTW: 0.1368, TopK: 0.5344) | Val Mixed Loss (No Trend): 0.7588 (Base: 0.2871, DTW: 0.1318, TopK: 0.5179) | EMA Val Loss (No Trend): 0.781478 | LR: 1.94e-04
Saved new best weights to best_model_seed3.pth (EMA validation loss without trend: 0.781478).
Epoch [12/100] | Total Loss: 1.0474 | Aux Loss: 0.1847 | Train Mixed Loss: 0.8627 (Base: 0.3015, Trend: 0.1524, DTW: 0.1356, TopK: 0.5320) | Val Mixed Loss (No Trend): 0.7676 (Base: 0.2961, DTW: 0.1388, TopK: 0.4614) | EMA Val Loss (No Trend): 0.778020 | LR: 1.93e-04
Saved new best weights to best_model_seed3.pth (EMA validation loss without trend: 0.778020).
Epoch [13/100] | Total Loss: 1.0423 | Aux Loss: 0.1837 | Train Mixed Loss: 0.8586 (Base: 0.3017, Trend: 0.1521, DTW: 0.1340, TopK: 0.5304) | Val Mixed Loss (No Trend): 0.7687 (Base: 0.2860, DTW: 0.1348, TopK: 0.5307) | EMA Val Loss (No Trend): 0.775699 | LR: 1.92e-04
Saved new best weights to best_model_seed3.pth (EMA validation loss without trend: 0.775699).
Epoch [14/100] | Total Loss: 1.0450 | Aux Loss: 0.1862 | Train Mixed Loss: 0.8588 (Base: 0.3012, Trend: 0.1529, DTW: 0.1344, TopK: 0.5289) | Val Mixed Loss (No Trend): 0.7572 (Base: 0.2952, DTW: 0.1344, TopK: 0.4644) | EMA Val Loss (No Trend): 0.771070 | LR: 1.91e-04
Saved new best weights to best_model_seed3.pth (EMA validation loss without trend: 0.771070).
Epoch [15/100] | Total Loss: 1.0338 | Aux Loss: 0.1844 | Train Mixed Loss: 0.8494 (Base: 0.2989, Trend: 0.1523, DTW: 0.1319, TopK: 0.5263) | Val Mixed Loss (No Trend): 0.7522 (Base: 0.2898, DTW: 0.1331, TopK: 0.4764) | EMA Val Loss (No Trend): 0.766353 | LR: 1.89e-04
Saved new best weights to best_model_seed3.pth (EMA validation loss without trend: 0.766353).
Epoch [16/100] | Total Loss: 1.0358 | Aux Loss: 0.1842 | Train Mixed Loss: 0.8515 (Base: 0.2995, Trend: 0.1530, DTW: 0.1322, TopK: 0.5273) | Val Mixed Loss (No Trend): 0.7452 (Base: 0.2944, DTW: 0.1307, TopK: 0.4570) | EMA Val Loss (No Trend): 0.761053 | LR: 1.88e-04
Saved new best weights to best_model_seed3.pth (EMA validation loss without trend: 0.761053).
Epoch [17/100] | Total Loss: 1.0239 | Aux Loss: 0.1822 | Train Mixed Loss: 0.8417 (Base: 0.2966, Trend: 0.1522, DTW: 0.1301, TopK: 0.5219) | Val Mixed Loss (No Trend): 0.7626 (Base: 0.2954, DTW: 0.1368, TopK: 0.4632) | EMA Val Loss (No Trend): 0.761441 | LR: 1.86e-04
Epoch [18/100] | Total Loss: 1.0208 | Aux Loss: 0.1804 | Train Mixed Loss: 0.8404 (Base: 0.2963, Trend: 0.1520, DTW: 0.1297, TopK: 0.5225) | Val Mixed Loss (No Trend): 0.7521 (Base: 0.2908, DTW: 0.1341, TopK: 0.4648) | EMA Val Loss (No Trend): 0.759110 | LR: 1.85e-04
Saved new best weights to best_model_seed3.pth (EMA validation loss without trend: 0.759110).
Epoch [19/100] | Total Loss: 1.0158 | Aux Loss: 0.1790 | Train Mixed Loss: 0.8368 (Base: 0.2960, Trend: 0.1519, DTW: 0.1286, TopK: 0.5211) | Val Mixed Loss (No Trend): 0.7487 (Base: 0.2904, DTW: 0.1334, TopK: 0.4607) | EMA Val Loss (No Trend): 0.756505 | LR: 1.83e-04
Saved new best weights to best_model_seed3.pth (EMA validation loss without trend: 0.756505).
Epoch [20/100] | Total Loss: 1.0174 | Aux Loss: 0.1822 | Train Mixed Loss: 0.8352 (Base: 0.2956, Trend: 0.1516, DTW: 0.1283, TopK: 0.5194) | Val Mixed Loss (No Trend): 0.7455 (Base: 0.2901, DTW: 0.1321, TopK: 0.4616) | EMA Val Loss (No Trend): 0.753760 | LR: 1.81e-04
Saved new best weights to best_model_seed3.pth (EMA validation loss without trend: 0.753760).
Epoch [21/100] | Total Loss: 1.0119 | Aux Loss: 0.1797 | Train Mixed Loss: 0.8321 (Base: 0.2950, Trend: 0.1521, DTW: 0.1271, TopK: 0.5205) | Val Mixed Loss (No Trend): 0.7312 (Base: 0.2801, DTW: 0.1265, TopK: 0.4919) | EMA Val Loss (No Trend): 0.748116 | LR: 1.79e-04
Saved new best weights to best_model_seed3.pth (EMA validation loss without trend: 0.748116).
Epoch [22/100] | Total Loss: 1.0130 | Aux Loss: 0.1792 | Train Mixed Loss: 0.8338 (Base: 0.2955, Trend: 0.1518, DTW: 0.1277, TopK: 0.5198) | Val Mixed Loss (No Trend): 0.7275 (Base: 0.2813, DTW: 0.1259, TopK: 0.4805) | EMA Val Loss (No Trend): 0.742967 | LR: 1.77e-04
Saved new best weights to best_model_seed3.pth (EMA validation loss without trend: 0.742967).
Epoch [23/100] | Total Loss: 1.0025 | Aux Loss: 0.1786 | Train Mixed Loss: 0.8239 (Base: 0.2927, Trend: 0.1512, DTW: 0.1257, TopK: 0.5133) | Val Mixed Loss (No Trend): 0.7327 (Base: 0.2791, DTW: 0.1262, TopK: 0.5024) | EMA Val Loss (No Trend): 0.740399 | LR: 1.75e-04
Saved new best weights to best_model_seed3.pth (EMA validation loss without trend: 0.740399).
Epoch [24/100] | Total Loss: 0.9948 | Aux Loss: 0.1776 | Train Mixed Loss: 0.8172 (Base: 0.2907, Trend: 0.1508, DTW: 0.1239, TopK: 0.5126) | Val Mixed Loss (No Trend): 0.7440 (Base: 0.2898, DTW: 0.1321, TopK: 0.4574) | EMA Val Loss (No Trend): 0.741305 | LR: 1.73e-04
Epoch [25/100] | Total Loss: 0.9967 | Aux Loss: 0.1763 | Train Mixed Loss: 0.8204 (Base: 0.2924, Trend: 0.1525, DTW: 0.1240, TopK: 0.5135) | Val Mixed Loss (No Trend): 0.7387 (Base: 0.2831, DTW: 0.1292, TopK: 0.4850) | EMA Val Loss (No Trend): 0.740650 | LR: 1.71e-04
Epoch [26/100] | Total Loss: 0.9895 | Aux Loss: 0.1750 | Train Mixed Loss: 0.8145 (Base: 0.2903, Trend: 0.1512, DTW: 0.1232, TopK: 0.5101) | Val Mixed Loss (No Trend): 0.7685 (Base: 0.3028, DTW: 0.1361, TopK: 0.4638) | EMA Val Loss (No Trend): 0.747624 | LR: 1.69e-04
Epoch [27/100] | Total Loss: 0.9840 | Aux Loss: 0.1730 | Train Mixed Loss: 0.8111 (Base: 0.2898, Trend: 0.1505, DTW: 0.1224, TopK: 0.5075) | Val Mixed Loss (No Trend): 0.7813 (Base: 0.3034, DTW: 0.1417, TopK: 0.4592) | EMA Val Loss (No Trend): 0.756043 | LR: 1.66e-04
Epoch [28/100] | Total Loss: 0.9830 | Aux Loss: 0.1732 | Train Mixed Loss: 0.8098 (Base: 0.2897, Trend: 0.1512, DTW: 0.1215, TopK: 0.5100) | Val Mixed Loss (No Trend): 0.7383 (Base: 0.2845, DTW: 0.1298, TopK: 0.4741) | EMA Val Loss (No Trend): 0.751614 | LR: 1.64e-04
Epoch [29/100] | Total Loss: 0.9832 | Aux Loss: 0.1745 | Train Mixed Loss: 0.8087 (Base: 0.2898, Trend: 0.1513, DTW: 0.1215, TopK: 0.5052) | Val Mixed Loss (No Trend): 0.7506 (Base: 0.2971, DTW: 0.1334, TopK: 0.4441) | EMA Val Loss (No Trend): 0.751354 | LR: 1.61e-04
Epoch [30/100] | Total Loss: 0.9721 | Aux Loss: 0.1738 | Train Mixed Loss: 0.7983 (Base: 0.2859, Trend: 0.1503, DTW: 0.1191, TopK: 0.5044) | Val Mixed Loss (No Trend): 0.7314 (Base: 0.2802, DTW: 0.1267, TopK: 0.4904) | EMA Val Loss (No Trend): 0.746354 | LR: 1.59e-04
Epoch [31/100] | Total Loss: 0.9758 | Aux Loss: 0.1743 | Train Mixed Loss: 0.8015 (Base: 0.2869, Trend: 0.1501, DTW: 0.1201, TopK: 0.5042) | Val Mixed Loss (No Trend): 0.7137 (Base: 0.2739, DTW: 0.1237, TopK: 0.4768) | EMA Val Loss (No Trend): 0.738200 | LR: 1.56e-04
Saved new best weights to best_model_seed3.pth (EMA validation loss without trend: 0.738200).
Epoch [32/100] | Total Loss: 0.9630 | Aux Loss: 0.1719 | Train Mixed Loss: 0.7911 (Base: 0.2850, Trend: 0.1503, DTW: 0.1171, TopK: 0.4993) | Val Mixed Loss (No Trend): 0.7167 (Base: 0.2792, DTW: 0.1233, TopK: 0.4719) | EMA Val Loss (No Trend): 0.732823 | LR: 1.54e-04
Saved new best weights to best_model_seed3.pth (EMA validation loss without trend: 0.732823).
Epoch [33/100] | Total Loss: 0.9637 | Aux Loss: 0.1725 | Train Mixed Loss: 0.7912 (Base: 0.2839, Trend: 0.1494, DTW: 0.1180, TopK: 0.4986) | Val Mixed Loss (No Trend): 0.7276 (Base: 0.2813, DTW: 0.1261, TopK: 0.4793) | EMA Val Loss (No Trend): 0.731529 | LR: 1.51e-04
Saved new best weights to best_model_seed3.pth (EMA validation loss without trend: 0.731529).
Epoch [34/100] | Total Loss: 0.9644 | Aux Loss: 0.1723 | Train Mixed Loss: 0.7921 (Base: 0.2850, Trend: 0.1508, DTW: 0.1174, TopK: 0.4999) | Val Mixed Loss (No Trend): 0.7395 (Base: 0.2862, DTW: 0.1287, TopK: 0.4815) | EMA Val Loss (No Trend): 0.733509 | LR: 1.48e-04
Epoch [35/100] | Total Loss: 0.9585 | Aux Loss: 0.1703 | Train Mixed Loss: 0.7882 (Base: 0.2833, Trend: 0.1497, DTW: 0.1169, TopK: 0.4983) | Val Mixed Loss (No Trend): 0.7440 (Base: 0.2909, DTW: 0.1308, TopK: 0.4637) | EMA Val Loss (No Trend): 0.736123 | LR: 1.46e-04
Epoch [36/100] | Total Loss: 0.9556 | Aux Loss: 0.1704 | Train Mixed Loss: 0.7852 (Base: 0.2828, Trend: 0.1491, DTW: 0.1166, TopK: 0.4936) | Val Mixed Loss (No Trend): 0.7221 (Base: 0.2776, DTW: 0.1255, TopK: 0.4778) | EMA Val Loss (No Trend): 0.732620 | LR: 1.43e-04
Epoch [37/100] | Total Loss: 0.9594 | Aux Loss: 0.1713 | Train Mixed Loss: 0.7881 (Base: 0.2830, Trend: 0.1506, DTW: 0.1168, TopK: 0.4982) | Val Mixed Loss (No Trend): 0.7201 (Base: 0.2758, DTW: 0.1249, TopK: 0.4819) | EMA Val Loss (No Trend): 0.729480 | LR: 1.40e-04
Saved new best weights to best_model_seed3.pth (EMA validation loss without trend: 0.729480).
Epoch [38/100] | Total Loss: 0.9496 | Aux Loss: 0.1706 | Train Mixed Loss: 0.7790 (Base: 0.2807, Trend: 0.1498, DTW: 0.1146, TopK: 0.4944) | Val Mixed Loss (No Trend): 0.7481 (Base: 0.2936, DTW: 0.1317, TopK: 0.4619) | EMA Val Loss (No Trend): 0.734138 | LR: 1.37e-04
Epoch [39/100] | Total Loss: 0.9563 | Aux Loss: 0.1727 | Train Mixed Loss: 0.7836 (Base: 0.2828, Trend: 0.1503, DTW: 0.1157, TopK: 0.4930) | Val Mixed Loss (No Trend): 0.7384 (Base: 0.2882, DTW: 0.1288, TopK: 0.4698) | EMA Val Loss (No Trend): 0.735196 | LR: 1.34e-04
Epoch [40/100] | Total Loss: 0.9363 | Aux Loss: 0.1673 | Train Mixed Loss: 0.7690 (Base: 0.2781, Trend: 0.1493, DTW: 0.1123, TopK: 0.4893) | Val Mixed Loss (No Trend): 0.7185 (Base: 0.2778, DTW: 0.1226, TopK: 0.4888) | EMA Val Loss (No Trend): 0.731034 | LR: 1.31e-04
Epoch [41/100] | Total Loss: 0.9379 | Aux Loss: 0.1695 | Train Mixed Loss: 0.7684 (Base: 0.2783, Trend: 0.1495, DTW: 0.1123, TopK: 0.4858) | Val Mixed Loss (No Trend): 0.7291 (Base: 0.2859, DTW: 0.1269, TopK: 0.4624) | EMA Val Loss (No Trend): 0.730558 | LR: 1.28e-04
Epoch [42/100] | Total Loss: 0.9357 | Aux Loss: 0.1686 | Train Mixed Loss: 0.7671 (Base: 0.2780, Trend: 0.1497, DTW: 0.1118, TopK: 0.4863) | Val Mixed Loss (No Trend): 0.7468 (Base: 0.2910, DTW: 0.1325, TopK: 0.4590) | EMA Val Loss (No Trend): 0.734619 | LR: 1.25e-04
Epoch [43/100] | Total Loss: 0.9365 | Aux Loss: 0.1687 | Train Mixed Loss: 0.7679 (Base: 0.2782, Trend: 0.1494, DTW: 0.1121, TopK: 0.4865) | Val Mixed Loss (No Trend): 0.7254 (Base: 0.2797, DTW: 0.1261, TopK: 0.4769) | EMA Val Loss (No Trend): 0.732303 | LR: 1.22e-04
Epoch [44/100] | Total Loss: 0.9278 | Aux Loss: 0.1663 | Train Mixed Loss: 0.7616 (Base: 0.2760, Trend: 0.1489, DTW: 0.1109, TopK: 0.4830) | Val Mixed Loss (No Trend): 0.7067 (Base: 0.2737, DTW: 0.1218, TopK: 0.4687) | EMA Val Loss (No Trend): 0.725910 | LR: 1.19e-04
Saved new best weights to best_model_seed3.pth (EMA validation loss without trend: 0.725910).
Epoch [45/100] | Total Loss: 0.9285 | Aux Loss: 0.1685 | Train Mixed Loss: 0.7600 (Base: 0.2760, Trend: 0.1493, DTW: 0.1103, TopK: 0.4826) | Val Mixed Loss (No Trend): 0.7291 (Base: 0.2838, DTW: 0.1288, TopK: 0.4536) | EMA Val Loss (No Trend): 0.726719 | LR: 1.16e-04
Epoch [46/100] | Total Loss: 0.9265 | Aux Loss: 0.1669 | Train Mixed Loss: 0.7596 (Base: 0.2747, Trend: 0.1491, DTW: 0.1103, TopK: 0.4853) | Val Mixed Loss (No Trend): 0.7139 (Base: 0.2763, DTW: 0.1232, TopK: 0.4729) | EMA Val Loss (No Trend): 0.723526 | LR: 1.13e-04
Saved new best weights to best_model_seed3.pth (EMA validation loss without trend: 0.723526).
Epoch [47/100] | Total Loss: 0.9209 | Aux Loss: 0.1651 | Train Mixed Loss: 0.7559 (Base: 0.2740, Trend: 0.1490, DTW: 0.1097, TopK: 0.4802) | Val Mixed Loss (No Trend): 0.7224 (Base: 0.2837, DTW: 0.1262, TopK: 0.4530) | EMA Val Loss (No Trend): 0.723240 | LR: 1.10e-04
Saved new best weights to best_model_seed3.pth (EMA validation loss without trend: 0.723240).
Epoch [48/100] | Total Loss: 0.9172 | Aux Loss: 0.1660 | Train Mixed Loss: 0.7512 (Base: 0.2730, Trend: 0.1489, DTW: 0.1084, TopK: 0.4789) | Val Mixed Loss (No Trend): 0.7264 (Base: 0.2827, DTW: 0.1272, TopK: 0.4614) | EMA Val Loss (No Trend): 0.724026 | LR: 1.07e-04
Epoch [49/100] | Total Loss: 0.9242 | Aux Loss: 0.1683 | Train Mixed Loss: 0.7559 (Base: 0.2748, Trend: 0.1498, DTW: 0.1095, TopK: 0.4779) | Val Mixed Loss (No Trend): 0.7137 (Base: 0.2779, DTW: 0.1222, TopK: 0.4748) | EMA Val Loss (No Trend): 0.721447 | LR: 1.04e-04
Saved new best weights to best_model_seed3.pth (EMA validation loss without trend: 0.721447).
Epoch [50/100] | Total Loss: 0.9088 | Aux Loss: 0.1655 | Train Mixed Loss: 0.7433 (Base: 0.2713, Trend: 0.1488, DTW: 0.1063, TopK: 0.4752) | Val Mixed Loss (No Trend): 0.7175 (Base: 0.2795, DTW: 0.1258, TopK: 0.4539) | EMA Val Loss (No Trend): 0.720466 | LR: 1.01e-04
Saved new best weights to best_model_seed3.pth (EMA validation loss without trend: 0.720466).
Epoch [51/100] | Total Loss: 0.9053 | Aux Loss: 0.1629 | Train Mixed Loss: 0.7424 (Base: 0.2710, Trend: 0.1481, DTW: 0.1064, TopK: 0.4730) | Val Mixed Loss (No Trend): 0.7159 (Base: 0.2788, DTW: 0.1244, TopK: 0.4620) | EMA Val Loss (No Trend): 0.719326 | LR: 9.74e-05
Saved new best weights to best_model_seed3.pth (EMA validation loss without trend: 0.719326).
Epoch [52/100] | Total Loss: 0.9121 | Aux Loss: 0.1661 | Train Mixed Loss: 0.7460 (Base: 0.2716, Trend: 0.1494, DTW: 0.1070, TopK: 0.4764) | Val Mixed Loss (No Trend): 0.7340 (Base: 0.2855, DTW: 0.1284, TopK: 0.4673) | EMA Val Loss (No Trend): 0.722990 | LR: 9.43e-05
Epoch [53/100] | Total Loss: 0.9078 | Aux Loss: 0.1658 | Train Mixed Loss: 0.7419 (Base: 0.2699, Trend: 0.1490, DTW: 0.1061, TopK: 0.4763) | Val Mixed Loss (No Trend): 0.7283 (Base: 0.2813, DTW: 0.1271, TopK: 0.4730) | EMA Val Loss (No Trend): 0.724324 | LR: 9.11e-05
Epoch [54/100] | Total Loss: 0.9040 | Aux Loss: 0.1637 | Train Mixed Loss: 0.7404 (Base: 0.2700, Trend: 0.1498, DTW: 0.1055, TopK: 0.4745) | Val Mixed Loss (No Trend): 0.7299 (Base: 0.2846, DTW: 0.1289, TopK: 0.4532) | EMA Val Loss (No Trend): 0.725719 | LR: 8.80e-05
Epoch [55/100] | Total Loss: 0.9016 | Aux Loss: 0.1653 | Train Mixed Loss: 0.7363 (Base: 0.2696, Trend: 0.1490, DTW: 0.1047, TopK: 0.4697) | Val Mixed Loss (No Trend): 0.7067 (Base: 0.2730, DTW: 0.1225, TopK: 0.4654) | EMA Val Loss (No Trend): 0.720959 | LR: 8.49e-05
Epoch [56/100] | Total Loss: 0.8976 | Aux Loss: 0.1634 | Train Mixed Loss: 0.7342 (Base: 0.2692, Trend: 0.1493, DTW: 0.1038, TopK: 0.4710) | Val Mixed Loss (No Trend): 0.7305 (Base: 0.2846, DTW: 0.1299, TopK: 0.4469) | EMA Val Loss (No Trend): 0.723349 | LR: 8.19e-05
Epoch [57/100] | Total Loss: 0.8992 | Aux Loss: 0.1638 | Train Mixed Loss: 0.7354 (Base: 0.2691, Trend: 0.1495, DTW: 0.1044, TopK: 0.4702) | Val Mixed Loss (No Trend): 0.7203 (Base: 0.2812, DTW: 0.1265, TopK: 0.4514) | EMA Val Loss (No Trend): 0.722590 | LR: 7.88e-05
Epoch [58/100] | Total Loss: 0.8883 | Aux Loss: 0.1625 | Train Mixed Loss: 0.7258 (Base: 0.2663, Trend: 0.1487, DTW: 0.1025, TopK: 0.4641) | Val Mixed Loss (No Trend): 0.7112 (Base: 0.2787, DTW: 0.1235, TopK: 0.4536) | EMA Val Loss (No Trend): 0.719748 | LR: 7.58e-05
Epoch [59/100] | Total Loss: 0.8912 | Aux Loss: 0.1636 | Train Mixed Loss: 0.7276 (Base: 0.2669, Trend: 0.1490, DTW: 0.1027, TopK: 0.4654) | Val Mixed Loss (No Trend): 0.7333 (Base: 0.2867, DTW: 0.1270, TopK: 0.4725) | EMA Val Loss (No Trend): 0.723124 | LR: 7.27e-05
Epoch [60/100] | Total Loss: 0.8912 | Aux Loss: 0.1632 | Train Mixed Loss: 0.7280 (Base: 0.2666, Trend: 0.1498, DTW: 0.1028, TopK: 0.4662) | Val Mixed Loss (No Trend): 0.7267 (Base: 0.2845, DTW: 0.1274, TopK: 0.4549) | EMA Val Loss (No Trend): 0.724023 | LR: 6.98e-05
Epoch [61/100] | Total Loss: 0.8852 | Aux Loss: 0.1619 | Train Mixed Loss: 0.7233 (Base: 0.2654, Trend: 0.1496, DTW: 0.1015, TopK: 0.4652) | Val Mixed Loss (No Trend): 0.7117 (Base: 0.2749, DTW: 0.1226, TopK: 0.4749) | EMA Val Loss (No Trend): 0.720932 | LR: 6.68e-05
Epoch [62/100] | Total Loss: 0.8917 | Aux Loss: 0.1625 | Train Mixed Loss: 0.7292 (Base: 0.2670, Trend: 0.1499, DTW: 0.1026, TopK: 0.4701) | Val Mixed Loss (No Trend): 0.7101 (Base: 0.2749, DTW: 0.1237, TopK: 0.4612) | EMA Val Loss (No Trend): 0.718225 | LR: 6.39e-05
Saved new best weights to best_model_seed3.pth (EMA validation loss without trend: 0.718225).
Epoch [63/100] | Total Loss: 0.8824 | Aux Loss: 0.1626 | Train Mixed Loss: 0.7198 (Base: 0.2651, Trend: 0.1494, DTW: 0.1006, TopK: 0.4617) | Val Mixed Loss (No Trend): 0.7116 (Base: 0.2798, DTW: 0.1235, TopK: 0.4516) | EMA Val Loss (No Trend): 0.716558 | LR: 6.10e-05
Saved new best weights to best_model_seed3.pth (EMA validation loss without trend: 0.716558).
Epoch [64/100] | Total Loss: 0.8753 | Aux Loss: 0.1621 | Train Mixed Loss: 0.7132 (Base: 0.2624, Trend: 0.1487, DTW: 0.0994, TopK: 0.4596) | Val Mixed Loss (No Trend): 0.7283 (Base: 0.2842, DTW: 0.1279, TopK: 0.4567) | EMA Val Loss (No Trend): 0.719489 | LR: 5.81e-05
Epoch [65/100] | Total Loss: 0.8782 | Aux Loss: 0.1621 | Train Mixed Loss: 0.7162 (Base: 0.2629, Trend: 0.1494, DTW: 0.0999, TopK: 0.4625) | Val Mixed Loss (No Trend): 0.7241 (Base: 0.2825, DTW: 0.1265, TopK: 0.4597) | EMA Val Loss (No Trend): 0.720638 | LR: 5.53e-05
Epoch [66/100] | Total Loss: 0.8761 | Aux Loss: 0.1616 | Train Mixed Loss: 0.7146 (Base: 0.2634, Trend: 0.1498, DTW: 0.0994, TopK: 0.4589) | Val Mixed Loss (No Trend): 0.7140 (Base: 0.2781, DTW: 0.1241, TopK: 0.4605) | EMA Val Loss (No Trend): 0.718977 | LR: 5.26e-05
Epoch [67/100] | Total Loss: 0.8756 | Aux Loss: 0.1621 | Train Mixed Loss: 0.7135 (Base: 0.2626, Trend: 0.1492, DTW: 0.0995, TopK: 0.4588) | Val Mixed Loss (No Trend): 0.7153 (Base: 0.2792, DTW: 0.1251, TopK: 0.4529) | EMA Val Loss (No Trend): 0.718063 | LR: 4.99e-05
Epoch [68/100] | Total Loss: 0.8649 | Aux Loss: 0.1610 | Train Mixed Loss: 0.7039 (Base: 0.2596, Trend: 0.1479, DTW: 0.0975, TopK: 0.4544) | Val Mixed Loss (No Trend): 0.7201 (Base: 0.2788, DTW: 0.1247, TopK: 0.4730) | EMA Val Loss (No Trend): 0.718563 | LR: 4.72e-05
Epoch [69/100] | Total Loss: 0.8671 | Aux Loss: 0.1595 | Train Mixed Loss: 0.7077 (Base: 0.2610, Trend: 0.1497, DTW: 0.0975, TopK: 0.4597) | Val Mixed Loss (No Trend): 0.7084 (Base: 0.2777, DTW: 0.1226, TopK: 0.4549) | EMA Val Loss (No Trend): 0.716012 | LR: 4.46e-05
Saved new best weights to best_model_seed3.pth (EMA validation loss without trend: 0.716012).
Epoch [70/100] | Total Loss: 0.8667 | Aux Loss: 0.1618 | Train Mixed Loss: 0.7049 (Base: 0.2600, Trend: 0.1484, DTW: 0.0976, TopK: 0.4548) | Val Mixed Loss (No Trend): 0.7161 (Base: 0.2787, DTW: 0.1248, TopK: 0.4593) | EMA Val Loss (No Trend): 0.716024 | LR: 4.20e-05
Epoch [71/100] | Total Loss: 0.8663 | Aux Loss: 0.1602 | Train Mixed Loss: 0.7061 (Base: 0.2606, Trend: 0.1498, DTW: 0.0975, TopK: 0.4559) | Val Mixed Loss (No Trend): 0.7209 (Base: 0.2820, DTW: 0.1263, TopK: 0.4523) | EMA Val Loss (No Trend): 0.717242 | LR: 3.95e-05
Epoch [72/100] | Total Loss: 0.8680 | Aux Loss: 0.1607 | Train Mixed Loss: 0.7073 (Base: 0.2603, Trend: 0.1495, DTW: 0.0979, TopK: 0.4577) | Val Mixed Loss (No Trend): 0.7266 (Base: 0.2833, DTW: 0.1275, TopK: 0.4578) | EMA Val Loss (No Trend): 0.719580 | LR: 3.71e-05
Epoch [73/100] | Total Loss: 0.8663 | Aux Loss: 0.1600 | Train Mixed Loss: 0.7064 (Base: 0.2605, Trend: 0.1499, DTW: 0.0974, TopK: 0.4571) | Val Mixed Loss (No Trend): 0.7309 (Base: 0.2860, DTW: 0.1286, TopK: 0.4538) | EMA Val Loss (No Trend): 0.722411 | LR: 3.47e-05
Epoch [74/100] | Total Loss: 0.8610 | Aux Loss: 0.1598 | Train Mixed Loss: 0.7012 (Base: 0.2592, Trend: 0.1494, DTW: 0.0965, TopK: 0.4525) | Val Mixed Loss (No Trend): 0.7155 (Base: 0.2795, DTW: 0.1249, TopK: 0.4542) | EMA Val Loss (No Trend): 0.720677 | LR: 3.24e-05
Epoch [75/100] | Total Loss: 0.8531 | Aux Loss: 0.1592 | Train Mixed Loss: 0.6939 (Base: 0.2572, Trend: 0.1484, DTW: 0.0952, TopK: 0.4467) | Val Mixed Loss (No Trend): 0.7059 (Base: 0.2756, DTW: 0.1221, TopK: 0.4577) | EMA Val Loss (No Trend): 0.716971 | LR: 3.01e-05
Epoch [76/100] | Total Loss: 0.8519 | Aux Loss: 0.1595 | Train Mixed Loss: 0.6924 (Base: 0.2560, Trend: 0.1487, DTW: 0.0950, TopK: 0.4464) | Val Mixed Loss (No Trend): 0.7064 (Base: 0.2741, DTW: 0.1218, TopK: 0.4663) | EMA Val Loss (No Trend): 0.714334 | LR: 2.80e-05
Saved new best weights to best_model_seed3.pth (EMA validation loss without trend: 0.714334).
Epoch [77/100] | Total Loss: 0.8507 | Aux Loss: 0.1581 | Train Mixed Loss: 0.6926 (Base: 0.2563, Trend: 0.1484, DTW: 0.0950, TopK: 0.4475) | Val Mixed Loss (No Trend): 0.7053 (Base: 0.2757, DTW: 0.1216, TopK: 0.4589) | EMA Val Loss (No Trend): 0.712065 | LR: 2.59e-05
Saved new best weights to best_model_seed3.pth (EMA validation loss without trend: 0.712065).
Epoch [78/100] | Total Loss: 0.8525 | Aux Loss: 0.1587 | Train Mixed Loss: 0.6938 (Base: 0.2572, Trend: 0.1493, DTW: 0.0948, TopK: 0.4482) | Val Mixed Loss (No Trend): 0.7100 (Base: 0.2756, DTW: 0.1219, TopK: 0.4728) | EMA Val Loss (No Trend): 0.711560 | LR: 2.38e-05
Saved new best weights to best_model_seed3.pth (EMA validation loss without trend: 0.711560).
Epoch [79/100] | Total Loss: 0.8505 | Aux Loss: 0.1590 | Train Mixed Loss: 0.6915 (Base: 0.2559, Trend: 0.1491, DTW: 0.0942, TopK: 0.4497) | Val Mixed Loss (No Trend): 0.7186 (Base: 0.2832, DTW: 0.1259, TopK: 0.4441) | EMA Val Loss (No Trend): 0.713308 | LR: 2.19e-05
Epoch [80/100] | Total Loss: 0.8453 | Aux Loss: 0.1584 | Train Mixed Loss: 0.6870 (Base: 0.2555, Trend: 0.1496, DTW: 0.0929, TopK: 0.4457) | Val Mixed Loss (No Trend): 0.7076 (Base: 0.2764, DTW: 0.1211, TopK: 0.4687) | EMA Val Loss (No Trend): 0.711868 | LR: 2.00e-05
Epoch [81/100] | Total Loss: 0.8485 | Aux Loss: 0.1588 | Train Mixed Loss: 0.6897 (Base: 0.2555, Trend: 0.1498, DTW: 0.0939, TopK: 0.4465) | Val Mixed Loss (No Trend): 0.7183 (Base: 0.2795, DTW: 0.1252, TopK: 0.4612) | EMA Val Loss (No Trend): 0.713482 | LR: 1.82e-05
Epoch [82/100] | Total Loss: 0.8493 | Aux Loss: 0.1589 | Train Mixed Loss: 0.6904 (Base: 0.2558, Trend: 0.1492, DTW: 0.0941, TopK: 0.4469) | Val Mixed Loss (No Trend): 0.7171 (Base: 0.2799, DTW: 0.1243, TopK: 0.4633) | EMA Val Loss (No Trend): 0.714394 | LR: 1.65e-05
Epoch [83/100] | Total Loss: 0.8410 | Aux Loss: 0.1588 | Train Mixed Loss: 0.6822 (Base: 0.2529, Trend: 0.1480, DTW: 0.0928, TopK: 0.4423) | Val Mixed Loss (No Trend): 0.7194 (Base: 0.2804, DTW: 0.1256, TopK: 0.4581) | EMA Val Loss (No Trend): 0.715649 | LR: 1.49e-05
Epoch [84/100] | Total Loss: 0.8454 | Aux Loss: 0.1596 | Train Mixed Loss: 0.6858 (Base: 0.2546, Trend: 0.1486, DTW: 0.0932, TopK: 0.4442) | Val Mixed Loss (No Trend): 0.7097 (Base: 0.2759, DTW: 0.1237, TopK: 0.4565) | EMA Val Loss (No Trend): 0.714153 | LR: 1.33e-05
Epoch [85/100] | Total Loss: 0.8425 | Aux Loss: 0.1584 | Train Mixed Loss: 0.6841 (Base: 0.2542, Trend: 0.1489, DTW: 0.0927, TopK: 0.4434) | Val Mixed Loss (No Trend): 0.7090 (Base: 0.2755, DTW: 0.1222, TopK: 0.4669) | EMA Val Loss (No Trend): 0.712857 | LR: 1.18e-05
Epoch [86/100] | Total Loss: 0.8414 | Aux Loss: 0.1588 | Train Mixed Loss: 0.6826 (Base: 0.2541, Trend: 0.1487, DTW: 0.0925, TopK: 0.4403) | Val Mixed Loss (No Trend): 0.7166 (Base: 0.2791, DTW: 0.1248, TopK: 0.4598) | EMA Val Loss (No Trend): 0.713794 | LR: 1.05e-05
Epoch [87/100] | Total Loss: 0.8455 | Aux Loss: 0.1596 | Train Mixed Loss: 0.6859 (Base: 0.2552, Trend: 0.1495, DTW: 0.0929, TopK: 0.4433) | Val Mixed Loss (No Trend): 0.7021 (Base: 0.2757, DTW: 0.1218, TopK: 0.4470) | EMA Val Loss (No Trend): 0.710860 | LR: 9.18e-06
Saved new best weights to best_model_seed3.pth (EMA validation loss without trend: 0.710860).
Epoch [88/100] | Total Loss: 0.8381 | Aux Loss: 0.1578 | Train Mixed Loss: 0.6803 (Base: 0.2522, Trend: 0.1482, DTW: 0.0919, TopK: 0.4452) | Val Mixed Loss (No Trend): 0.7178 (Base: 0.2796, DTW: 0.1245, TopK: 0.4642) | EMA Val Loss (No Trend): 0.712582 | LR: 7.99e-06
Epoch [89/100] | Total Loss: 0.8381 | Aux Loss: 0.1581 | Train Mixed Loss: 0.6800 (Base: 0.2524, Trend: 0.1483, DTW: 0.0921, TopK: 0.4413) | Val Mixed Loss (No Trend): 0.7049 (Base: 0.2763, DTW: 0.1220, TopK: 0.4528) | EMA Val Loss (No Trend): 0.710657 | LR: 6.88e-06
Saved new best weights to best_model_seed3.pth (EMA validation loss without trend: 0.710657).
Epoch [90/100] | Total Loss: 0.8390 | Aux Loss: 0.1581 | Train Mixed Loss: 0.6810 (Base: 0.2524, Trend: 0.1477, DTW: 0.0923, TopK: 0.4444) | Val Mixed Loss (No Trend): 0.7084 (Base: 0.2783, DTW: 0.1226, TopK: 0.4532) | EMA Val Loss (No Trend): 0.710102 | LR: 5.87e-06
Saved new best weights to best_model_seed3.pth (EMA validation loss without trend: 0.710102).
Epoch [91/100] | Total Loss: 0.8370 | Aux Loss: 0.1588 | Train Mixed Loss: 0.6782 (Base: 0.2521, Trend: 0.1485, DTW: 0.0913, TopK: 0.4424) | Val Mixed Loss (No Trend): 0.7207 (Base: 0.2804, DTW: 0.1259, TopK: 0.4602) | EMA Val Loss (No Trend): 0.712745 | LR: 4.95e-06
Epoch [92/100] | Total Loss: 0.8374 | Aux Loss: 0.1582 | Train Mixed Loss: 0.6792 (Base: 0.2525, Trend: 0.1491, DTW: 0.0912, TopK: 0.4438) | Val Mixed Loss (No Trend): 0.7122 (Base: 0.2779, DTW: 0.1246, TopK: 0.4512) | EMA Val Loss (No Trend): 0.712619 | LR: 4.13e-06
Epoch [93/100] | Total Loss: 0.8302 | Aux Loss: 0.1580 | Train Mixed Loss: 0.6723 (Base: 0.2505, Trend: 0.1474, DTW: 0.0904, TopK: 0.4367) | Val Mixed Loss (No Trend): 0.7128 (Base: 0.2785, DTW: 0.1243, TopK: 0.4535) | EMA Val Loss (No Trend): 0.712676 | LR: 3.40e-06
Epoch [94/100] | Total Loss: 0.8344 | Aux Loss: 0.1563 | Train Mixed Loss: 0.6781 (Base: 0.2523, Trend: 0.1484, DTW: 0.0912, TopK: 0.4426) | Val Mixed Loss (No Trend): 0.7111 (Base: 0.2770, DTW: 0.1231, TopK: 0.4625) | EMA Val Loss (No Trend): 0.712271 | LR: 2.76e-06
Epoch [95/100] | Total Loss: 0.8311 | Aux Loss: 0.1569 | Train Mixed Loss: 0.6742 (Base: 0.2507, Trend: 0.1482, DTW: 0.0906, TopK: 0.4401) | Val Mixed Loss (No Trend): 0.7188 (Base: 0.2805, DTW: 0.1253, TopK: 0.4585) | EMA Val Loss (No Trend): 0.713897 | LR: 2.23e-06
Epoch [96/100] | Total Loss: 0.8332 | Aux Loss: 0.1582 | Train Mixed Loss: 0.6750 (Base: 0.2515, Trend: 0.1482, DTW: 0.0908, TopK: 0.4384) | Val Mixed Loss (No Trend): 0.7173 (Base: 0.2783, DTW: 0.1247, TopK: 0.4655) | EMA Val Loss (No Trend): 0.714737 | LR: 1.78e-06
Epoch [97/100] | Total Loss: 0.8329 | Aux Loss: 0.1574 | Train Mixed Loss: 0.6756 (Base: 0.2514, Trend: 0.1488, DTW: 0.0908, TopK: 0.4395) | Val Mixed Loss (No Trend): 0.7181 (Base: 0.2805, DTW: 0.1253, TopK: 0.4563) | EMA Val Loss (No Trend): 0.715581 | LR: 1.44e-06
Epoch [98/100] | Total Loss: 0.8389 | Aux Loss: 0.1579 | Train Mixed Loss: 0.6810 (Base: 0.2525, Trend: 0.1487, DTW: 0.0923, TopK: 0.4418) | Val Mixed Loss (No Trend): 0.7144 (Base: 0.2795, DTW: 0.1243, TopK: 0.4555) | EMA Val Loss (No Trend): 0.715276 | LR: 1.20e-06
Epoch [99/100] | Total Loss: 0.8358 | Aux Loss: 0.1581 | Train Mixed Loss: 0.6777 (Base: 0.2520, Trend: 0.1490, DTW: 0.0912, TopK: 0.4410) | Val Mixed Loss (No Trend): 0.7084 (Base: 0.2771, DTW: 0.1228, TopK: 0.4555) | EMA Val Loss (No Trend): 0.713562 | LR: 1.05e-06
Epoch [100/100] | Total Loss: 0.8334 | Aux Loss: 0.1569 | Train Mixed Loss: 0.6766 (Base: 0.2514, Trend: 0.1486, DTW: 0.0911, TopK: 0.4404) | Val Mixed Loss (No Trend): 0.7146 (Base: 0.2795, DTW: 0.1244, TopK: 0.4553) | EMA Val Loss (No Trend): 0.713831 | LR: 2.00e-04
