Starting Transformer experiment with seed 2 in /root/autodl-tmp/parallel_runs/worker_2_seed_2
Device: cuda
Data shape: (1029, 35040, 10)
Max PM2.5 value: 32768.0
Abnormal points (>1000): 636
Loaded cache: /root/autodl-tmp/parallel_runs/worker_2_seed_2/dataset_cache_train_2y_T144_P48_seed_2.pt (Eligible stations: 1029/1029)
Loaded cache: /root/autodl-tmp/parallel_runs/worker_2_seed_2/dataset_cache_val_1y_T144_P48_seed_2.pt (Eligible stations: 1029/1029)
Total trainable parameters: 3,313,409
Epoch [1/100] | Train Loss: 1.1020 (Base: 0.3512, Trend: 0.1902, DTW: 0.1965, TopK: 0.6133) | Val Loss: 0.930407 (Base: 0.3237, DTW: 0.1714, TopK: 0.6515) | EMA No-Trend Loss: 0.930407 | LR: 2.00e-04
Epoch [2/100] | Train Loss: 1.0119 (Base: 0.3357, Trend: 0.1727, DTW: 0.1714, TopK: 0.5955) | Val Loss: 0.862400 (Base: 0.3143, DTW: 0.1621, TopK: 0.5306) | EMA No-Trend Loss: 0.913405 | LR: 2.00e-04
Epoch [3/100] | Train Loss: 0.9826 (Base: 0.3298, Trend: 0.1729, DTW: 0.1619, TopK: 0.5920) | Val Loss: 0.829034 (Base: 0.2997, DTW: 0.1496, TopK: 0.5675) | EMA No-Trend Loss: 0.892313 | LR: 2.00e-04
Epoch [4/100] | Train Loss: 0.9703 (Base: 0.3283, Trend: 0.1736, DTW: 0.1579, TopK: 0.5874) | Val Loss: 0.840835 (Base: 0.3126, DTW: 0.1549, TopK: 0.5214) | EMA No-Trend Loss: 0.879443 | LR: 1.99e-04
Epoch [5/100] | Train Loss: 0.9487 (Base: 0.3241, Trend: 0.1727, DTW: 0.1523, TopK: 0.5761) | Val Loss: 0.826873 (Base: 0.3124, DTW: 0.1511, TopK: 0.5060) | EMA No-Trend Loss: 0.866300 | LR: 1.99e-04
Epoch [6/100] | Train Loss: 0.9415 (Base: 0.3211, Trend: 0.1718, DTW: 0.1506, TopK: 0.5765) | Val Loss: 0.830640 (Base: 0.3139, DTW: 0.1531, TopK: 0.4976) | EMA No-Trend Loss: 0.857385 | LR: 1.98e-04
Epoch [7/100] | Train Loss: 0.9323 (Base: 0.3194, Trend: 0.1712, DTW: 0.1480, TopK: 0.5738) | Val Loss: 0.807480 (Base: 0.3031, DTW: 0.1458, TopK: 0.5151) | EMA No-Trend Loss: 0.844909 | LR: 1.98e-04
Epoch [8/100] | Train Loss: 0.9218 (Base: 0.3171, Trend: 0.1709, DTW: 0.1452, TopK: 0.5698) | Val Loss: 0.795428 (Base: 0.2909, DTW: 0.1436, TopK: 0.5328) | EMA No-Trend Loss: 0.832539 | LR: 1.97e-04
Epoch [9/100] | Train Loss: 0.9177 (Base: 0.3160, Trend: 0.1704, DTW: 0.1442, TopK: 0.5680) | Val Loss: 0.793182 (Base: 0.2981, DTW: 0.1415, TopK: 0.5186) | EMA No-Trend Loss: 0.822699 | LR: 1.96e-04
Epoch [10/100] | Train Loss: 0.9129 (Base: 0.3151, Trend: 0.1705, DTW: 0.1426, TopK: 0.5679) | Val Loss: 0.788700 (Base: 0.2951, DTW: 0.1420, TopK: 0.5091) | EMA No-Trend Loss: 0.814200 | LR: 1.95e-04
Epoch [11/100] | Train Loss: 0.9049 (Base: 0.3128, Trend: 0.1697, DTW: 0.1408, TopK: 0.5638) | Val Loss: 0.792419 (Base: 0.2999, DTW: 0.1386, TopK: 0.5333) | EMA No-Trend Loss: 0.808754 | LR: 1.94e-04
Epoch [12/100] | Train Loss: 0.8994 (Base: 0.3108, Trend: 0.1691, DTW: 0.1398, TopK: 0.5620) | Val Loss: 0.793223 (Base: 0.3011, DTW: 0.1419, TopK: 0.5054) | EMA No-Trend Loss: 0.804872 | LR: 1.93e-04
Epoch [13/100] | Train Loss: 0.8924 (Base: 0.3096, Trend: 0.1688, DTW: 0.1382, TopK: 0.5561) | Val Loss: 0.789444 (Base: 0.2964, DTW: 0.1395, TopK: 0.5276) | EMA No-Trend Loss: 0.801015 | LR: 1.92e-04
Epoch [14/100] | Train Loss: 0.8904 (Base: 0.3096, Trend: 0.1691, DTW: 0.1373, TopK: 0.5557) | Val Loss: 0.803066 (Base: 0.3058, DTW: 0.1455, TopK: 0.4936) | EMA No-Trend Loss: 0.801527 | LR: 1.91e-04
Epoch [15/100] | Train Loss: 0.8886 (Base: 0.3088, Trend: 0.1700, DTW: 0.1366, TopK: 0.5568) | Val Loss: 0.799888 (Base: 0.3061, DTW: 0.1428, TopK: 0.5034) | EMA No-Trend Loss: 0.801118 | LR: 1.89e-04
Epoch [16/100] | Train Loss: 0.8827 (Base: 0.3069, Trend: 0.1687, DTW: 0.1355, TopK: 0.5543) | Val Loss: 0.784888 (Base: 0.2985, DTW: 0.1394, TopK: 0.5066) | EMA No-Trend Loss: 0.797060 | LR: 1.88e-04
Epoch [17/100] | Train Loss: 0.8762 (Base: 0.3053, Trend: 0.1687, DTW: 0.1338, TopK: 0.5514) | Val Loss: 0.779595 (Base: 0.2940, DTW: 0.1370, TopK: 0.5226) | EMA No-Trend Loss: 0.792694 | LR: 1.86e-04
Epoch [18/100] | Train Loss: 0.8749 (Base: 0.3050, Trend: 0.1691, DTW: 0.1333, TopK: 0.5519) | Val Loss: 0.784012 (Base: 0.2945, DTW: 0.1394, TopK: 0.5163) | EMA No-Trend Loss: 0.790523 | LR: 1.85e-04
Epoch [19/100] | Train Loss: 0.8704 (Base: 0.3035, Trend: 0.1687, DTW: 0.1322, TopK: 0.5504) | Val Loss: 0.795669 (Base: 0.3026, DTW: 0.1427, TopK: 0.5020) | EMA No-Trend Loss: 0.791810 | LR: 1.83e-04
Epoch [20/100] | Train Loss: 0.8644 (Base: 0.3025, Trend: 0.1686, DTW: 0.1307, TopK: 0.5465) | Val Loss: 0.781721 (Base: 0.2915, DTW: 0.1406, TopK: 0.5088) | EMA No-Trend Loss: 0.789288 | LR: 1.81e-04
Epoch [21/100] | Train Loss: 0.8581 (Base: 0.3007, Trend: 0.1681, DTW: 0.1294, TopK: 0.5423) | Val Loss: 0.769938 (Base: 0.2892, DTW: 0.1373, TopK: 0.5044) | EMA No-Trend Loss: 0.784450 | LR: 1.79e-04
Epoch [22/100] | Train Loss: 0.8618 (Base: 0.3018, Trend: 0.1692, DTW: 0.1302, TopK: 0.5430) | Val Loss: 0.773418 (Base: 0.2908, DTW: 0.1372, TopK: 0.5112) | EMA No-Trend Loss: 0.781692 | LR: 1.77e-04
Epoch [23/100] | Train Loss: 0.8531 (Base: 0.2992, Trend: 0.1682, DTW: 0.1283, TopK: 0.5398) | Val Loss: 0.774500 (Base: 0.2923, DTW: 0.1368, TopK: 0.5131) | EMA No-Trend Loss: 0.779894 | LR: 1.75e-04
Epoch [24/100] | Train Loss: 0.8491 (Base: 0.2983, Trend: 0.1682, DTW: 0.1273, TopK: 0.5378) | Val Loss: 0.775142 (Base: 0.2925, DTW: 0.1385, TopK: 0.5010) | EMA No-Trend Loss: 0.778706 | LR: 1.73e-04
Epoch [25/100] | Train Loss: 0.8489 (Base: 0.2983, Trend: 0.1680, DTW: 0.1273, TopK: 0.5366) | Val Loss: 0.782558 (Base: 0.2902, DTW: 0.1377, TopK: 0.5398) | EMA No-Trend Loss: 0.779669 | LR: 1.71e-04
Epoch [26/100] | Train Loss: 0.8411 (Base: 0.2962, Trend: 0.1679, DTW: 0.1252, TopK: 0.5346) | Val Loss: 0.765746 (Base: 0.2873, DTW: 0.1359, TopK: 0.5076) | EMA No-Trend Loss: 0.776188 | LR: 1.69e-04
Epoch [27/100] | Train Loss: 0.8383 (Base: 0.2954, Trend: 0.1681, DTW: 0.1246, TopK: 0.5329) | Val Loss: 0.767100 (Base: 0.2887, DTW: 0.1341, TopK: 0.5219) | EMA No-Trend Loss: 0.773916 | LR: 1.66e-04
Epoch [28/100] | Train Loss: 0.8341 (Base: 0.2943, Trend: 0.1673, DTW: 0.1237, TopK: 0.5306) | Val Loss: 0.793230 (Base: 0.3023, DTW: 0.1444, TopK: 0.4810) | EMA No-Trend Loss: 0.778745 | LR: 1.64e-04
Epoch [29/100] | Train Loss: 0.8342 (Base: 0.2942, Trend: 0.1681, DTW: 0.1236, TopK: 0.5311) | Val Loss: 0.763276 (Base: 0.2883, DTW: 0.1338, TopK: 0.5126) | EMA No-Trend Loss: 0.774877 | LR: 1.61e-04
Epoch [30/100] | Train Loss: 0.8294 (Base: 0.2931, Trend: 0.1680, DTW: 0.1222, TopK: 0.5301) | Val Loss: 0.767148 (Base: 0.2895, DTW: 0.1351, TopK: 0.5119) | EMA No-Trend Loss: 0.772945 | LR: 1.59e-04
Epoch [31/100] | Train Loss: 0.8235 (Base: 0.2918, Trend: 0.1681, DTW: 0.1209, TopK: 0.5252) | Val Loss: 0.770451 (Base: 0.2895, DTW: 0.1369, TopK: 0.5079) | EMA No-Trend Loss: 0.772322 | LR: 1.56e-04
Epoch [32/100] | Train Loss: 0.8236 (Base: 0.2917, Trend: 0.1683, DTW: 0.1210, TopK: 0.5244) | Val Loss: 0.769879 (Base: 0.2892, DTW: 0.1374, TopK: 0.5031) | EMA No-Trend Loss: 0.771711 | LR: 1.54e-04
Epoch [33/100] | Train Loss: 0.8192 (Base: 0.2905, Trend: 0.1675, DTW: 0.1202, TopK: 0.5208) | Val Loss: 0.773862 (Base: 0.2915, DTW: 0.1400, TopK: 0.4875) | EMA No-Trend Loss: 0.772249 | LR: 1.51e-04
Epoch [34/100] | Train Loss: 0.8143 (Base: 0.2897, Trend: 0.1671, DTW: 0.1191, TopK: 0.5172) | Val Loss: 0.775249 (Base: 0.2870, DTW: 0.1405, TopK: 0.5037) | EMA No-Trend Loss: 0.772999 | LR: 1.48e-04
Epoch [35/100] | Train Loss: 0.8078 (Base: 0.2871, Trend: 0.1666, DTW: 0.1177, TopK: 0.5168) | Val Loss: 0.776177 (Base: 0.2941, DTW: 0.1397, TopK: 0.4891) | EMA No-Trend Loss: 0.773793 | LR: 1.46e-04
Epoch [36/100] | Train Loss: 0.8059 (Base: 0.2869, Trend: 0.1667, DTW: 0.1171, TopK: 0.5153) | Val Loss: 0.781143 (Base: 0.2950, DTW: 0.1407, TopK: 0.4945) | EMA No-Trend Loss: 0.775631 | LR: 1.43e-04
Epoch [37/100] | Train Loss: 0.8060 (Base: 0.2865, Trend: 0.1670, DTW: 0.1172, TopK: 0.5156) | Val Loss: 0.774769 (Base: 0.2902, DTW: 0.1394, TopK: 0.5000) | EMA No-Trend Loss: 0.775415 | LR: 1.40e-04
Epoch [38/100] | Train Loss: 0.7957 (Base: 0.2839, Trend: 0.1664, DTW: 0.1148, TopK: 0.5096) | Val Loss: 0.790866 (Base: 0.2960, DTW: 0.1454, TopK: 0.4865) | EMA No-Trend Loss: 0.779278 | LR: 1.37e-04
Epoch [39/100] | Train Loss: 0.7974 (Base: 0.2846, Trend: 0.1666, DTW: 0.1152, TopK: 0.5102) | Val Loss: 0.783066 (Base: 0.2968, DTW: 0.1417, TopK: 0.4876) | EMA No-Trend Loss: 0.780225 | LR: 1.34e-04
Epoch [40/100] | Train Loss: 0.7944 (Base: 0.2836, Trend: 0.1664, DTW: 0.1148, TopK: 0.5072) | Val Loss: 0.769403 (Base: 0.2855, DTW: 0.1382, TopK: 0.5075) | EMA No-Trend Loss: 0.777520 | LR: 1.31e-04
Epoch [41/100] | Train Loss: 0.7937 (Base: 0.2836, Trend: 0.1666, DTW: 0.1142, TopK: 0.5086) | Val Loss: 0.780558 (Base: 0.2921, DTW: 0.1400, TopK: 0.5078) | EMA No-Trend Loss: 0.778279 | LR: 1.28e-04
Epoch [42/100] | Train Loss: 0.7862 (Base: 0.2815, Trend: 0.1663, DTW: 0.1126, TopK: 0.5047) | Val Loss: 0.772898 (Base: 0.2911, DTW: 0.1379, TopK: 0.5032) | EMA No-Trend Loss: 0.776934 | LR: 1.25e-04
Epoch [43/100] | Train Loss: 0.7813 (Base: 0.2801, Trend: 0.1659, DTW: 0.1116, TopK: 0.5012) | Val Loss: 0.769304 (Base: 0.2871, DTW: 0.1380, TopK: 0.5032) | EMA No-Trend Loss: 0.775026 | LR: 1.22e-04
Epoch [44/100] | Train Loss: 0.7845 (Base: 0.2811, Trend: 0.1668, DTW: 0.1121, TopK: 0.5030) | Val Loss: 0.775095 (Base: 0.2936, DTW: 0.1400, TopK: 0.4853) | EMA No-Trend Loss: 0.775044 | LR: 1.19e-04
Epoch [45/100] | Train Loss: 0.7763 (Base: 0.2789, Trend: 0.1661, DTW: 0.1102, TopK: 0.4995) | Val Loss: 0.774327 (Base: 0.2890, DTW: 0.1401, TopK: 0.4974) | EMA No-Trend Loss: 0.774864 | LR: 1.16e-04
Epoch [46/100] | Train Loss: 0.7714 (Base: 0.2777, Trend: 0.1649, DTW: 0.1094, TopK: 0.4950) | Val Loss: 0.786748 (Base: 0.2950, DTW: 0.1431, TopK: 0.4944) | EMA No-Trend Loss: 0.777835 | LR: 1.13e-04
Epoch [47/100] | Train Loss: 0.7709 (Base: 0.2770, Trend: 0.1655, DTW: 0.1092, TopK: 0.4965) | Val Loss: 0.777516 (Base: 0.2952, DTW: 0.1425, TopK: 0.4678) | EMA No-Trend Loss: 0.777756 | LR: 1.10e-04
Epoch [48/100] | Train Loss: 0.7685 (Base: 0.2769, Trend: 0.1660, DTW: 0.1083, TopK: 0.4958) | Val Loss: 0.768198 (Base: 0.2871, DTW: 0.1381, TopK: 0.4987) | EMA No-Trend Loss: 0.775366 | LR: 1.07e-04
Epoch [49/100] | Train Loss: 0.7632 (Base: 0.2753, Trend: 0.1652, DTW: 0.1075, TopK: 0.4907) | Val Loss: 0.773763 (Base: 0.2861, DTW: 0.1392, TopK: 0.5118) | EMA No-Trend Loss: 0.774965 | LR: 1.04e-04
Epoch [50/100] | Train Loss: 0.7640 (Base: 0.2760, Trend: 0.1660, DTW: 0.1071, TopK: 0.4927) | Val Loss: 0.773961 (Base: 0.2917, DTW: 0.1398, TopK: 0.4892) | EMA No-Trend Loss: 0.774714 | LR: 1.00e-04
Epoch [51/100] | Train Loss: 0.7609 (Base: 0.2747, Trend: 0.1653, DTW: 0.1069, TopK: 0.4897) | Val Loss: 0.770685 (Base: 0.2893, DTW: 0.1387, TopK: 0.4949) | EMA No-Trend Loss: 0.773707 | LR: 9.74e-05
Epoch [52/100] | Train Loss: 0.7523 (Base: 0.2718, Trend: 0.1641, DTW: 0.1053, TopK: 0.4856) | Val Loss: 0.762905 (Base: 0.2865, DTW: 0.1369, TopK: 0.4932) | EMA No-Trend Loss: 0.771006 | LR: 9.43e-05
Epoch [53/100] | Train Loss: 0.7523 (Base: 0.2721, Trend: 0.1651, DTW: 0.1050, TopK: 0.4856) | Val Loss: 0.772888 (Base: 0.2896, DTW: 0.1399, TopK: 0.4914) | EMA No-Trend Loss: 0.771477 | LR: 9.11e-05
Epoch [54/100] | Train Loss: 0.7485 (Base: 0.2713, Trend: 0.1649, DTW: 0.1043, TopK: 0.4813) | Val Loss: 0.776705 (Base: 0.2899, DTW: 0.1409, TopK: 0.4956) | EMA No-Trend Loss: 0.772784 | LR: 8.80e-05
Epoch [55/100] | Train Loss: 0.7462 (Base: 0.2700, Trend: 0.1644, DTW: 0.1039, TopK: 0.4822) | Val Loss: 0.773000 (Base: 0.2904, DTW: 0.1404, TopK: 0.4858) | EMA No-Trend Loss: 0.772838 | LR: 8.49e-05
Epoch [56/100] | Train Loss: 0.7458 (Base: 0.2701, Trend: 0.1650, DTW: 0.1034, TopK: 0.4836) | Val Loss: 0.773914 (Base: 0.2913, DTW: 0.1411, TopK: 0.4797) | EMA No-Trend Loss: 0.773107 | LR: 8.19e-05
Epoch [57/100] | Train Loss: 0.7405 (Base: 0.2686, Trend: 0.1640, DTW: 0.1023, TopK: 0.4809) | Val Loss: 0.786300 (Base: 0.2960, DTW: 0.1439, TopK: 0.4833) | EMA No-Trend Loss: 0.776405 | LR: 7.88e-05
Epoch [58/100] | Train Loss: 0.7380 (Base: 0.2683, Trend: 0.1644, DTW: 0.1018, TopK: 0.4770) | Val Loss: 0.779515 (Base: 0.2925, DTW: 0.1417, TopK: 0.4896) | EMA No-Trend Loss: 0.777183 | LR: 7.58e-05
Epoch [59/100] | Train Loss: 0.7363 (Base: 0.2676, Trend: 0.1641, DTW: 0.1015, TopK: 0.4771) | Val Loss: 0.780152 (Base: 0.2926, DTW: 0.1415, TopK: 0.4930) | EMA No-Trend Loss: 0.777925 | LR: 7.27e-05
Epoch [60/100] | Train Loss: 0.7318 (Base: 0.2663, Trend: 0.1632, DTW: 0.1008, TopK: 0.4731) | Val Loss: 0.769577 (Base: 0.2893, DTW: 0.1382, TopK: 0.4953) | EMA No-Trend Loss: 0.775838 | LR: 6.98e-05
Epoch [61/100] | Train Loss: 0.7321 (Base: 0.2664, Trend: 0.1638, DTW: 0.1007, TopK: 0.4735) | Val Loss: 0.768222 (Base: 0.2862, DTW: 0.1385, TopK: 0.4986) | EMA No-Trend Loss: 0.773934 | LR: 6.68e-05
Epoch [62/100] | Train Loss: 0.7297 (Base: 0.2659, Trend: 0.1638, DTW: 0.1000, TopK: 0.4730) | Val Loss: 0.782725 (Base: 0.2919, DTW: 0.1424, TopK: 0.4969) | EMA No-Trend Loss: 0.776132 | LR: 6.39e-05
Epoch [63/100] | Train Loss: 0.7259 (Base: 0.2648, Trend: 0.1637, DTW: 0.0991, TopK: 0.4713) | Val Loss: 0.773869 (Base: 0.2913, DTW: 0.1409, TopK: 0.4817) | EMA No-Trend Loss: 0.775566 | LR: 6.10e-05
Epoch [64/100] | Train Loss: 0.7263 (Base: 0.2645, Trend: 0.1632, DTW: 0.0993, TopK: 0.4728) | Val Loss: 0.774180 (Base: 0.2902, DTW: 0.1400, TopK: 0.4936) | EMA No-Trend Loss: 0.775219 | LR: 5.81e-05
Epoch [65/100] | Train Loss: 0.7186 (Base: 0.2626, Trend: 0.1627, DTW: 0.0976, TopK: 0.4680) | Val Loss: 0.770635 (Base: 0.2886, DTW: 0.1397, TopK: 0.4890) | EMA No-Trend Loss: 0.774073 | LR: 5.53e-05
Epoch [66/100] | Train Loss: 0.7177 (Base: 0.2625, Trend: 0.1626, DTW: 0.0974, TopK: 0.4670) | Val Loss: 0.782784 (Base: 0.2929, DTW: 0.1433, TopK: 0.4865) | EMA No-Trend Loss: 0.776251 | LR: 5.26e-05
Epoch [67/100] | Train Loss: 0.7165 (Base: 0.2617, Trend: 0.1621, DTW: 0.0976, TopK: 0.4651) | Val Loss: 0.771657 (Base: 0.2879, DTW: 0.1389, TopK: 0.5011) | EMA No-Trend Loss: 0.775103 | LR: 4.99e-05
Epoch [68/100] | Train Loss: 0.7135 (Base: 0.2613, Trend: 0.1626, DTW: 0.0965, TopK: 0.4644) | Val Loss: 0.781637 (Base: 0.2905, DTW: 0.1415, TopK: 0.5046) | EMA No-Trend Loss: 0.776736 | LR: 4.72e-05
Epoch [69/100] | Train Loss: 0.7153 (Base: 0.2620, Trend: 0.1630, DTW: 0.0970, TopK: 0.4636) | Val Loss: 0.785070 (Base: 0.2956, DTW: 0.1434, TopK: 0.4843) | EMA No-Trend Loss: 0.778820 | LR: 4.46e-05
Epoch [70/100] | Train Loss: 0.7085 (Base: 0.2599, Trend: 0.1623, DTW: 0.0955, TopK: 0.4611) | Val Loss: 0.771733 (Base: 0.2873, DTW: 0.1398, TopK: 0.4960) | EMA No-Trend Loss: 0.777048 | LR: 4.20e-05
Epoch [71/100] | Train Loss: 0.7057 (Base: 0.2592, Trend: 0.1622, DTW: 0.0948, TopK: 0.4600) | Val Loss: 0.777788 (Base: 0.2926, DTW: 0.1420, TopK: 0.4815) | EMA No-Trend Loss: 0.777233 | LR: 3.95e-05
Epoch [72/100] | Train Loss: 0.7051 (Base: 0.2585, Trend: 0.1616, DTW: 0.0952, TopK: 0.4577) | Val Loss: 0.787165 (Base: 0.2926, DTW: 0.1442, TopK: 0.4947) | EMA No-Trend Loss: 0.779716 | LR: 3.71e-05
Epoch [73/100] | Train Loss: 0.7055 (Base: 0.2587, Trend: 0.1619, DTW: 0.0950, TopK: 0.4593) | Val Loss: 0.776823 (Base: 0.2906, DTW: 0.1417, TopK: 0.4876) | EMA No-Trend Loss: 0.778993 | LR: 3.47e-05
Epoch [74/100] | Train Loss: 0.6987 (Base: 0.2572, Trend: 0.1618, DTW: 0.0932, TopK: 0.4562) | Val Loss: 0.779299 (Base: 0.2917, DTW: 0.1423, TopK: 0.4866) | EMA No-Trend Loss: 0.779069 | LR: 3.24e-05
Epoch [75/100] | Train Loss: 0.6978 (Base: 0.2567, Trend: 0.1611, DTW: 0.0932, TopK: 0.4565) | Val Loss: 0.786599 (Base: 0.2935, DTW: 0.1438, TopK: 0.4928) | EMA No-Trend Loss: 0.780952 | LR: 3.01e-05
Epoch [76/100] | Train Loss: 0.7004 (Base: 0.2573, Trend: 0.1621, DTW: 0.0936, TopK: 0.4578) | Val Loss: 0.780053 (Base: 0.2917, DTW: 0.1412, TopK: 0.4981) | EMA No-Trend Loss: 0.780727 | LR: 2.80e-05
Epoch [77/100] | Train Loss: 0.6953 (Base: 0.2558, Trend: 0.1613, DTW: 0.0927, TopK: 0.4548) | Val Loss: 0.783329 (Base: 0.2939, DTW: 0.1429, TopK: 0.4878) | EMA No-Trend Loss: 0.781378 | LR: 2.59e-05
Epoch [78/100] | Train Loss: 0.6960 (Base: 0.2558, Trend: 0.1614, DTW: 0.0930, TopK: 0.4547) | Val Loss: 0.793088 (Base: 0.2959, DTW: 0.1464, TopK: 0.4863) | EMA No-Trend Loss: 0.784305 | LR: 2.38e-05
Epoch [79/100] | Train Loss: 0.6921 (Base: 0.2549, Trend: 0.1606, DTW: 0.0921, TopK: 0.4528) | Val Loss: 0.786651 (Base: 0.2939, DTW: 0.1443, TopK: 0.4877) | EMA No-Trend Loss: 0.784892 | LR: 2.19e-05
Epoch [80/100] | Train Loss: 0.6953 (Base: 0.2558, Trend: 0.1618, DTW: 0.0925, TopK: 0.4553) | Val Loss: 0.782900 (Base: 0.2919, DTW: 0.1427, TopK: 0.4949) | EMA No-Trend Loss: 0.784394 | LR: 2.00e-05
Epoch [81/100] | Train Loss: 0.6944 (Base: 0.2562, Trend: 0.1617, DTW: 0.0922, TopK: 0.4533) | Val Loss: 0.779305 (Base: 0.2909, DTW: 0.1426, TopK: 0.4868) | EMA No-Trend Loss: 0.783122 | LR: 1.82e-05
Epoch [82/100] | Train Loss: 0.6918 (Base: 0.2545, Trend: 0.1612, DTW: 0.0920, TopK: 0.4527) | Val Loss: 0.772657 (Base: 0.2895, DTW: 0.1406, TopK: 0.4861) | EMA No-Trend Loss: 0.780505 | LR: 1.65e-05
Epoch [83/100] | Train Loss: 0.6871 (Base: 0.2535, Trend: 0.1609, DTW: 0.0910, TopK: 0.4490) | Val Loss: 0.782041 (Base: 0.2929, DTW: 0.1433, TopK: 0.4840) | EMA No-Trend Loss: 0.780889 | LR: 1.49e-05
Epoch [84/100] | Train Loss: 0.6872 (Base: 0.2533, Trend: 0.1606, DTW: 0.0910, TopK: 0.4505) | Val Loss: 0.779141 (Base: 0.2898, DTW: 0.1422, TopK: 0.4935) | EMA No-Trend Loss: 0.780452 | LR: 1.33e-05
Epoch [85/100] | Train Loss: 0.6904 (Base: 0.2547, Trend: 0.1619, DTW: 0.0913, TopK: 0.4519) | Val Loss: 0.774478 (Base: 0.2889, DTW: 0.1414, TopK: 0.4876) | EMA No-Trend Loss: 0.778959 | LR: 1.18e-05
Epoch [86/100] | Train Loss: 0.6824 (Base: 0.2523, Trend: 0.1600, DTW: 0.0902, TopK: 0.4458) | Val Loss: 0.781790 (Base: 0.2925, DTW: 0.1431, TopK: 0.4860) | EMA No-Trend Loss: 0.779666 | LR: 1.05e-05
Epoch [87/100] | Train Loss: 0.6850 (Base: 0.2530, Trend: 0.1612, DTW: 0.0905, TopK: 0.4472) | Val Loss: 0.779629 (Base: 0.2913, DTW: 0.1418, TopK: 0.4932) | EMA No-Trend Loss: 0.779657 | LR: 9.18e-06
Epoch [88/100] | Train Loss: 0.6873 (Base: 0.2534, Trend: 0.1615, DTW: 0.0909, TopK: 0.4496) | Val Loss: 0.785963 (Base: 0.2935, DTW: 0.1438, TopK: 0.4912) | EMA No-Trend Loss: 0.781233 | LR: 7.99e-06
Epoch [89/100] | Train Loss: 0.6846 (Base: 0.2525, Trend: 0.1610, DTW: 0.0906, TopK: 0.4470) | Val Loss: 0.782015 (Base: 0.2918, DTW: 0.1425, TopK: 0.4944) | EMA No-Trend Loss: 0.781429 | LR: 6.88e-06
Epoch [90/100] | Train Loss: 0.6864 (Base: 0.2538, Trend: 0.1619, DTW: 0.0904, TopK: 0.4493) | Val Loss: 0.779132 (Base: 0.2904, DTW: 0.1415, TopK: 0.4971) | EMA No-Trend Loss: 0.780855 | LR: 5.87e-06
Epoch [91/100] | Train Loss: 0.6849 (Base: 0.2531, Trend: 0.1616, DTW: 0.0902, TopK: 0.4480) | Val Loss: 0.788747 (Base: 0.2940, DTW: 0.1446, TopK: 0.4922) | EMA No-Trend Loss: 0.782828 | LR: 4.95e-06
Epoch [92/100] | Train Loss: 0.6795 (Base: 0.2515, Trend: 0.1608, DTW: 0.0893, TopK: 0.4446) | Val Loss: 0.790303 (Base: 0.2942, DTW: 0.1441, TopK: 0.5009) | EMA No-Trend Loss: 0.784696 | LR: 4.13e-06
Epoch [93/100] | Train Loss: 0.6802 (Base: 0.2514, Trend: 0.1607, DTW: 0.0894, TopK: 0.4463) | Val Loss: 0.786325 (Base: 0.2939, DTW: 0.1436, TopK: 0.4931) | EMA No-Trend Loss: 0.785104 | LR: 3.40e-06
Epoch [94/100] | Train Loss: 0.6829 (Base: 0.2524, Trend: 0.1609, DTW: 0.0901, TopK: 0.4463) | Val Loss: 0.783072 (Base: 0.2914, DTW: 0.1431, TopK: 0.4943) | EMA No-Trend Loss: 0.784596 | LR: 2.76e-06
Epoch [95/100] | Train Loss: 0.6804 (Base: 0.2516, Trend: 0.1606, DTW: 0.0897, TopK: 0.4446) | Val Loss: 0.785967 (Base: 0.2936, DTW: 0.1434, TopK: 0.4940) | EMA No-Trend Loss: 0.784938 | LR: 2.23e-06
Epoch [96/100] | Train Loss: 0.6769 (Base: 0.2507, Trend: 0.1602, DTW: 0.0889, TopK: 0.4430) | Val Loss: 0.781276 (Base: 0.2896, DTW: 0.1432, TopK: 0.4933) | EMA No-Trend Loss: 0.784023 | LR: 1.78e-06
Epoch [97/100] | Train Loss: 0.6837 (Base: 0.2523, Trend: 0.1611, DTW: 0.0902, TopK: 0.4483) | Val Loss: 0.777431 (Base: 0.2915, DTW: 0.1414, TopK: 0.4882) | EMA No-Trend Loss: 0.782375 | LR: 1.44e-06
Epoch [98/100] | Train Loss: 0.6850 (Base: 0.2528, Trend: 0.1621, DTW: 0.0902, TopK: 0.4488) | Val Loss: 0.785702 (Base: 0.2935, DTW: 0.1439, TopK: 0.4899) | EMA No-Trend Loss: 0.783207 | LR: 1.20e-06
Epoch [99/100] | Train Loss: 0.6826 (Base: 0.2528, Trend: 0.1614, DTW: 0.0897, TopK: 0.4462) | Val Loss: 0.783144 (Base: 0.2928, DTW: 0.1428, TopK: 0.4918) | EMA No-Trend Loss: 0.783191 | LR: 1.05e-06
Epoch [100/100] | Train Loss: 0.6797 (Base: 0.2513, Trend: 0.1608, DTW: 0.0891, TopK: 0.4469) | Val Loss: 0.785294 (Base: 0.2921, DTW: 0.1435, TopK: 0.4957) | EMA No-Trend Loss: 0.783717 | LR: 1.00e-06
