[*] Process seed: 3
Building static profile features from historical data...
[*] Total trainable parameters: 4,539,649
Epoch [1/100] | Train Mixed Loss (Trend, limit=2): 1.1254 (Base: 0.3563, DTW: 0.2031, TopK: 0.6152) | Val Mixed Loss (NoTrend, limit=2): 0.8957 (Base: 0.3009, DTW: 0.1775, TopK: 0.5623) | EMA NoTrend Loss: 0.895670 | LR: 2.00e-04
Epoch [2/100] | Train Mixed Loss (Trend, limit=2): 1.0282 (Base: 0.3393, DTW: 0.1750, TopK: 0.6069) | Val Mixed Loss (NoTrend, limit=2): 0.8557 (Base: 0.3118, DTW: 0.1591, TopK: 0.5407) | EMA NoTrend Loss: 0.885685 | LR: 2.00e-04
Epoch [3/100] | Train Mixed Loss (Trend, limit=2): 0.9929 (Base: 0.3325, DTW: 0.1646, TopK: 0.5964) | Val Mixed Loss (NoTrend, limit=2): 0.8351 (Base: 0.3114, DTW: 0.1478, TopK: 0.5633) | EMA NoTrend Loss: 0.873033 | LR: 2.00e-04
Epoch [4/100] | Train Mixed Loss (Trend, limit=2): 0.9665 (Base: 0.3279, DTW: 0.1563, TopK: 0.5886) | Val Mixed Loss (NoTrend, limit=2): 0.8295 (Base: 0.3072, DTW: 0.1504, TopK: 0.5380) | EMA NoTrend Loss: 0.862153 | LR: 1.99e-04
Epoch [5/100] | Train Mixed Loss (Trend, limit=2): 0.9522 (Base: 0.3246, DTW: 0.1524, TopK: 0.5831) | Val Mixed Loss (NoTrend, limit=2): 0.8276 (Base: 0.3119, DTW: 0.1530, TopK: 0.4954) | EMA NoTrend Loss: 0.853516 | LR: 1.99e-04
Epoch [6/100] | Train Mixed Loss (Trend, limit=2): 0.9272 (Base: 0.3179, DTW: 0.1470, TopK: 0.5685) | Val Mixed Loss (NoTrend, limit=2): 0.8172 (Base: 0.3139, DTW: 0.1465, TopK: 0.5059) | EMA NoTrend Loss: 0.844438 | LR: 1.98e-04
Epoch [7/100] | Train Mixed Loss (Trend, limit=2): 0.9209 (Base: 0.3163, DTW: 0.1447, TopK: 0.5711) | Val Mixed Loss (NoTrend, limit=2): 0.7844 (Base: 0.2962, DTW: 0.1407, TopK: 0.5015) | EMA NoTrend Loss: 0.829433 | LR: 1.98e-04
Epoch [8/100] | Train Mixed Loss (Trend, limit=2): 0.9167 (Base: 0.3154, DTW: 0.1439, TopK: 0.5665) | Val Mixed Loss (NoTrend, limit=2): 0.7836 (Base: 0.2963, DTW: 0.1347, TopK: 0.5469) | EMA NoTrend Loss: 0.817982 | LR: 1.97e-04
Epoch [9/100] | Train Mixed Loss (Trend, limit=2): 0.9021 (Base: 0.3115, DTW: 0.1398, TopK: 0.5638) | Val Mixed Loss (NoTrend, limit=2): 0.7989 (Base: 0.3094, DTW: 0.1405, TopK: 0.5075) | EMA NoTrend Loss: 0.813218 | LR: 1.96e-04
Epoch [10/100] | Train Mixed Loss (Trend, limit=2): 0.8951 (Base: 0.3099, DTW: 0.1380, TopK: 0.5607) | Val Mixed Loss (NoTrend, limit=2): 0.7828 (Base: 0.2893, DTW: 0.1346, TopK: 0.5683) | EMA NoTrend Loss: 0.805622 | LR: 1.95e-04
Epoch [11/100] | Train Mixed Loss (Trend, limit=2): 0.8886 (Base: 0.3080, DTW: 0.1369, TopK: 0.5568) | Val Mixed Loss (NoTrend, limit=2): 0.7702 (Base: 0.2956, DTW: 0.1321, TopK: 0.5251) | EMA NoTrend Loss: 0.796765 | LR: 1.94e-04
Epoch [12/100] | Train Mixed Loss (Trend, limit=2): 0.8802 (Base: 0.3055, DTW: 0.1349, TopK: 0.5534) | Val Mixed Loss (NoTrend, limit=2): 0.7632 (Base: 0.2889, DTW: 0.1351, TopK: 0.5003) | EMA NoTrend Loss: 0.788382 | LR: 1.93e-04
Epoch [13/100] | Train Mixed Loss (Trend, limit=2): 0.8771 (Base: 0.3050, DTW: 0.1342, TopK: 0.5511) | Val Mixed Loss (NoTrend, limit=2): 0.7604 (Base: 0.2892, DTW: 0.1334, TopK: 0.5032) | EMA NoTrend Loss: 0.781393 | LR: 1.92e-04
Epoch [14/100] | Train Mixed Loss (Trend, limit=2): 0.8731 (Base: 0.3047, DTW: 0.1326, TopK: 0.5498) | Val Mixed Loss (NoTrend, limit=2): 0.7734 (Base: 0.2976, DTW: 0.1362, TopK: 0.4964) | EMA NoTrend Loss: 0.779406 | LR: 1.91e-04
Epoch [15/100] | Train Mixed Loss (Trend, limit=2): 0.8661 (Base: 0.3027, DTW: 0.1310, TopK: 0.5475) | Val Mixed Loss (NoTrend, limit=2): 0.7557 (Base: 0.2900, DTW: 0.1331, TopK: 0.4876) | EMA NoTrend Loss: 0.773472 | LR: 1.89e-04
Epoch [16/100] | Train Mixed Loss (Trend, limit=2): 0.8557 (Base: 0.2999, DTW: 0.1289, TopK: 0.5417) | Val Mixed Loss (NoTrend, limit=2): 0.7490 (Base: 0.2824, DTW: 0.1297, TopK: 0.5175) | EMA NoTrend Loss: 0.767345 | LR: 1.88e-04
Epoch [17/100] | Train Mixed Loss (Trend, limit=2): 0.8596 (Base: 0.3010, DTW: 0.1294, TopK: 0.5455) | Val Mixed Loss (NoTrend, limit=2): 0.7599 (Base: 0.2900, DTW: 0.1336, TopK: 0.4972) | EMA NoTrend Loss: 0.765472 | LR: 1.86e-04
Epoch [18/100] | Train Mixed Loss (Trend, limit=2): 0.8524 (Base: 0.2992, DTW: 0.1277, TopK: 0.5410) | Val Mixed Loss (NoTrend, limit=2): 0.7485 (Base: 0.2821, DTW: 0.1303, TopK: 0.5128) | EMA NoTrend Loss: 0.761241 | LR: 1.85e-04
Epoch [19/100] | Train Mixed Loss (Trend, limit=2): 0.8501 (Base: 0.2986, DTW: 0.1272, TopK: 0.5401) | Val Mixed Loss (NoTrend, limit=2): 0.7460 (Base: 0.2848, DTW: 0.1289, TopK: 0.5058) | EMA NoTrend Loss: 0.757422 | LR: 1.83e-04
Epoch [20/100] | Train Mixed Loss (Trend, limit=2): 0.8451 (Base: 0.2966, DTW: 0.1261, TopK: 0.5381) | Val Mixed Loss (NoTrend, limit=2): 0.7513 (Base: 0.2895, DTW: 0.1299, TopK: 0.5001) | EMA NoTrend Loss: 0.755901 | LR: 1.81e-04
Epoch [21/100] | Train Mixed Loss (Trend, limit=2): 0.8414 (Base: 0.2966, DTW: 0.1249, TopK: 0.5355) | Val Mixed Loss (NoTrend, limit=2): 0.7356 (Base: 0.2821, DTW: 0.1270, TopK: 0.4958) | EMA NoTrend Loss: 0.750828 | LR: 1.79e-04
Epoch [22/100] | Train Mixed Loss (Trend, limit=2): 0.8320 (Base: 0.2937, DTW: 0.1232, TopK: 0.5295) | Val Mixed Loss (NoTrend, limit=2): 0.7390 (Base: 0.2821, DTW: 0.1275, TopK: 0.5031) | EMA NoTrend Loss: 0.747859 | LR: 1.77e-04
Epoch [23/100] | Train Mixed Loss (Trend, limit=2): 0.8318 (Base: 0.2932, DTW: 0.1232, TopK: 0.5307) | Val Mixed Loss (NoTrend, limit=2): 0.7584 (Base: 0.2914, DTW: 0.1333, TopK: 0.4903) | EMA NoTrend Loss: 0.750506 | LR: 1.75e-04
Epoch [24/100] | Train Mixed Loss (Trend, limit=2): 0.8273 (Base: 0.2924, DTW: 0.1223, TopK: 0.5272) | Val Mixed Loss (NoTrend, limit=2): 0.7341 (Base: 0.2817, DTW: 0.1270, TopK: 0.4918) | EMA NoTrend Loss: 0.746406 | LR: 1.73e-04
Epoch [25/100] | Train Mixed Loss (Trend, limit=2): 0.8215 (Base: 0.2901, DTW: 0.1212, TopK: 0.5251) | Val Mixed Loss (NoTrend, limit=2): 0.7259 (Base: 0.2746, DTW: 0.1232, TopK: 0.5193) | EMA NoTrend Loss: 0.741283 | LR: 1.71e-04
Epoch [26/100] | Train Mixed Loss (Trend, limit=2): 0.8195 (Base: 0.2897, DTW: 0.1205, TopK: 0.5246) | Val Mixed Loss (NoTrend, limit=2): 0.7444 (Base: 0.2867, DTW: 0.1294, TopK: 0.4903) | EMA NoTrend Loss: 0.742063 | LR: 1.69e-04
Epoch [27/100] | Train Mixed Loss (Trend, limit=2): 0.8157 (Base: 0.2896, DTW: 0.1194, TopK: 0.5213) | Val Mixed Loss (NoTrend, limit=2): 0.7314 (Base: 0.2787, DTW: 0.1262, TopK: 0.4990) | EMA NoTrend Loss: 0.739392 | LR: 1.66e-04
Epoch [28/100] | Train Mixed Loss (Trend, limit=2): 0.8147 (Base: 0.2887, DTW: 0.1190, TopK: 0.5237) | Val Mixed Loss (NoTrend, limit=2): 0.7522 (Base: 0.2912, DTW: 0.1320, TopK: 0.4811) | EMA NoTrend Loss: 0.742599 | LR: 1.64e-04
Epoch [29/100] | Train Mixed Loss (Trend, limit=2): 0.8112 (Base: 0.2883, DTW: 0.1181, TopK: 0.5209) | Val Mixed Loss (NoTrend, limit=2): 0.7577 (Base: 0.2987, DTW: 0.1352, TopK: 0.4491) | EMA NoTrend Loss: 0.746384 | LR: 1.61e-04
Epoch [30/100] | Train Mixed Loss (Trend, limit=2): 0.8031 (Base: 0.2864, DTW: 0.1163, TopK: 0.5159) | Val Mixed Loss (NoTrend, limit=2): 0.7457 (Base: 0.2894, DTW: 0.1316, TopK: 0.4683) | EMA NoTrend Loss: 0.746201 | LR: 1.59e-04
Epoch [31/100] | Train Mixed Loss (Trend, limit=2): 0.8011 (Base: 0.2857, DTW: 0.1159, TopK: 0.5151) | Val Mixed Loss (NoTrend, limit=2): 0.7289 (Base: 0.2766, DTW: 0.1262, TopK: 0.4983) | EMA NoTrend Loss: 0.741873 | LR: 1.56e-04
Epoch [32/100] | Train Mixed Loss (Trend, limit=2): 0.7998 (Base: 0.2851, DTW: 0.1158, TopK: 0.5141) | Val Mixed Loss (NoTrend, limit=2): 0.7341 (Base: 0.2835, DTW: 0.1275, TopK: 0.4819) | EMA NoTrend Loss: 0.739925 | LR: 1.54e-04
Epoch [33/100] | Train Mixed Loss (Trend, limit=2): 0.7970 (Base: 0.2846, DTW: 0.1148, TopK: 0.5130) | Val Mixed Loss (NoTrend, limit=2): 0.7361 (Base: 0.2820, DTW: 0.1280, TopK: 0.4899) | EMA NoTrend Loss: 0.738970 | LR: 1.51e-04
Epoch [34/100] | Train Mixed Loss (Trend, limit=2): 0.7889 (Base: 0.2817, DTW: 0.1137, TopK: 0.5067) | Val Mixed Loss (NoTrend, limit=2): 0.7463 (Base: 0.2884, DTW: 0.1319, TopK: 0.4715) | EMA NoTrend Loss: 0.740814 | LR: 1.48e-04
Epoch [35/100] | Train Mixed Loss (Trend, limit=2): 0.7881 (Base: 0.2823, DTW: 0.1130, TopK: 0.5075) | Val Mixed Loss (NoTrend, limit=2): 0.7309 (Base: 0.2814, DTW: 0.1264, TopK: 0.4868) | EMA NoTrend Loss: 0.738339 | LR: 1.46e-04
Epoch [36/100] | Train Mixed Loss (Trend, limit=2): 0.7823 (Base: 0.2802, DTW: 0.1122, TopK: 0.5027) | Val Mixed Loss (NoTrend, limit=2): 0.7326 (Base: 0.2849, DTW: 0.1275, TopK: 0.4724) | EMA NoTrend Loss: 0.736906 | LR: 1.43e-04
Epoch [37/100] | Train Mixed Loss (Trend, limit=2): 0.7780 (Base: 0.2792, DTW: 0.1111, TopK: 0.5015) | Val Mixed Loss (NoTrend, limit=2): 0.7341 (Base: 0.2830, DTW: 0.1277, TopK: 0.4818) | EMA NoTrend Loss: 0.736200 | LR: 1.40e-04
Epoch [38/100] | Train Mixed Loss (Trend, limit=2): 0.7803 (Base: 0.2800, DTW: 0.1113, TopK: 0.5024) | Val Mixed Loss (NoTrend, limit=2): 0.7333 (Base: 0.2810, DTW: 0.1277, TopK: 0.4855) | EMA NoTrend Loss: 0.735472 | LR: 1.37e-04
Epoch [39/100] | Train Mixed Loss (Trend, limit=2): 0.7752 (Base: 0.2782, DTW: 0.1104, TopK: 0.5007) | Val Mixed Loss (NoTrend, limit=2): 0.7470 (Base: 0.2886, DTW: 0.1324, TopK: 0.4688) | EMA NoTrend Loss: 0.738356 | LR: 1.34e-04
Epoch [40/100] | Train Mixed Loss (Trend, limit=2): 0.7708 (Base: 0.2768, DTW: 0.1096, TopK: 0.4984) | Val Mixed Loss (NoTrend, limit=2): 0.7403 (Base: 0.2852, DTW: 0.1318, TopK: 0.4629) | EMA NoTrend Loss: 0.738850 | LR: 1.31e-04
Epoch [41/100] | Train Mixed Loss (Trend, limit=2): 0.7691 (Base: 0.2766, DTW: 0.1089, TopK: 0.4969) | Val Mixed Loss (NoTrend, limit=2): 0.7457 (Base: 0.2880, DTW: 0.1327, TopK: 0.4639) | EMA NoTrend Loss: 0.740560 | LR: 1.28e-04
Epoch [42/100] | Train Mixed Loss (Trend, limit=2): 0.7651 (Base: 0.2759, DTW: 0.1081, TopK: 0.4944) | Val Mixed Loss (NoTrend, limit=2): 0.7239 (Base: 0.2799, DTW: 0.1265, TopK: 0.4678) | EMA NoTrend Loss: 0.736383 | LR: 1.25e-04
Epoch [43/100] | Train Mixed Loss (Trend, limit=2): 0.7594 (Base: 0.2744, DTW: 0.1071, TopK: 0.4888) | Val Mixed Loss (NoTrend, limit=2): 0.7313 (Base: 0.2837, DTW: 0.1278, TopK: 0.4697) | EMA NoTrend Loss: 0.735111 | LR: 1.22e-04
Epoch [44/100] | Train Mixed Loss (Trend, limit=2): 0.7601 (Base: 0.2740, DTW: 0.1072, TopK: 0.4909) | Val Mixed Loss (NoTrend, limit=2): 0.7296 (Base: 0.2848, DTW: 0.1271, TopK: 0.4662) | EMA NoTrend Loss: 0.733731 | LR: 1.19e-04
Epoch [45/100] | Train Mixed Loss (Trend, limit=2): 0.7540 (Base: 0.2730, DTW: 0.1057, TopK: 0.4864) | Val Mixed Loss (NoTrend, limit=2): 0.7228 (Base: 0.2755, DTW: 0.1260, TopK: 0.4829) | EMA NoTrend Loss: 0.731000 | LR: 1.16e-04
Epoch [46/100] | Train Mixed Loss (Trend, limit=2): 0.7533 (Base: 0.2724, DTW: 0.1057, TopK: 0.4868) | Val Mixed Loss (NoTrend, limit=2): 0.7329 (Base: 0.2820, DTW: 0.1293, TopK: 0.4687) | EMA NoTrend Loss: 0.731477 | LR: 1.13e-04
Epoch [47/100] | Train Mixed Loss (Trend, limit=2): 0.7489 (Base: 0.2712, DTW: 0.1046, TopK: 0.4850) | Val Mixed Loss (NoTrend, limit=2): 0.7359 (Base: 0.2859, DTW: 0.1282, TopK: 0.4747) | EMA NoTrend Loss: 0.732584 | LR: 1.10e-04
Epoch [48/100] | Train Mixed Loss (Trend, limit=2): 0.7426 (Base: 0.2690, DTW: 0.1035, TopK: 0.4816) | Val Mixed Loss (NoTrend, limit=2): 0.7358 (Base: 0.2836, DTW: 0.1298, TopK: 0.4692) | EMA NoTrend Loss: 0.733399 | LR: 1.07e-04
Epoch [49/100] | Train Mixed Loss (Trend, limit=2): 0.7457 (Base: 0.2703, DTW: 0.1040, TopK: 0.4834) | Val Mixed Loss (NoTrend, limit=2): 0.7276 (Base: 0.2789, DTW: 0.1270, TopK: 0.4801) | EMA NoTrend Loss: 0.731954 | LR: 1.04e-04
Epoch [50/100] | Train Mixed Loss (Trend, limit=2): 0.7443 (Base: 0.2698, DTW: 0.1037, TopK: 0.4822) | Val Mixed Loss (NoTrend, limit=2): 0.7368 (Base: 0.2855, DTW: 0.1297, TopK: 0.4666) | EMA NoTrend Loss: 0.733161 | LR: 1.00e-04
Epoch [51/100] | Train Mixed Loss (Trend, limit=2): 0.7368 (Base: 0.2675, DTW: 0.1020, TopK: 0.4798) | Val Mixed Loss (NoTrend, limit=2): 0.7296 (Base: 0.2797, DTW: 0.1277, TopK: 0.4779) | EMA NoTrend Loss: 0.732268 | LR: 9.74e-05
Epoch [52/100] | Train Mixed Loss (Trend, limit=2): 0.7346 (Base: 0.2669, DTW: 0.1016, TopK: 0.4780) | Val Mixed Loss (NoTrend, limit=2): 0.7402 (Base: 0.2882, DTW: 0.1314, TopK: 0.4553) | EMA NoTrend Loss: 0.734251 | LR: 9.43e-05
Epoch [53/100] | Train Mixed Loss (Trend, limit=2): 0.7317 (Base: 0.2663, DTW: 0.1009, TopK: 0.4754) | Val Mixed Loss (NoTrend, limit=2): 0.7317 (Base: 0.2830, DTW: 0.1287, TopK: 0.4662) | EMA NoTrend Loss: 0.733607 | LR: 9.11e-05
Epoch [54/100] | Train Mixed Loss (Trend, limit=2): 0.7272 (Base: 0.2647, DTW: 0.1000, TopK: 0.4741) | Val Mixed Loss (NoTrend, limit=2): 0.7313 (Base: 0.2812, DTW: 0.1297, TopK: 0.4624) | EMA NoTrend Loss: 0.733026 | LR: 8.80e-05
Epoch [55/100] | Train Mixed Loss (Trend, limit=2): 0.7243 (Base: 0.2642, DTW: 0.0993, TopK: 0.4725) | Val Mixed Loss (NoTrend, limit=2): 0.7523 (Base: 0.2912, DTW: 0.1332, TopK: 0.4710) | EMA NoTrend Loss: 0.737833 | LR: 8.49e-05
Epoch [56/100] | Train Mixed Loss (Trend, limit=2): 0.7250 (Base: 0.2643, DTW: 0.0995, TopK: 0.4722) | Val Mixed Loss (NoTrend, limit=2): 0.7332 (Base: 0.2838, DTW: 0.1282, TopK: 0.4719) | EMA NoTrend Loss: 0.736669 | LR: 8.19e-05
Epoch [57/100] | Train Mixed Loss (Trend, limit=2): 0.7212 (Base: 0.2631, DTW: 0.0988, TopK: 0.4701) | Val Mixed Loss (NoTrend, limit=2): 0.7289 (Base: 0.2808, DTW: 0.1287, TopK: 0.4646) | EMA NoTrend Loss: 0.734734 | LR: 7.88e-05
Epoch [58/100] | Train Mixed Loss (Trend, limit=2): 0.7155 (Base: 0.2617, DTW: 0.0971, TopK: 0.4687) | Val Mixed Loss (NoTrend, limit=2): 0.7386 (Base: 0.2845, DTW: 0.1304, TopK: 0.4702) | EMA NoTrend Loss: 0.735689 | LR: 7.58e-05
Epoch [59/100] | Train Mixed Loss (Trend, limit=2): 0.7153 (Base: 0.2615, DTW: 0.0976, TopK: 0.4654) | Val Mixed Loss (NoTrend, limit=2): 0.7330 (Base: 0.2835, DTW: 0.1294, TopK: 0.4636) | EMA NoTrend Loss: 0.735025 | LR: 7.27e-05
Epoch [60/100] | Train Mixed Loss (Trend, limit=2): 0.7118 (Base: 0.2600, DTW: 0.0972, TopK: 0.4630) | Val Mixed Loss (NoTrend, limit=2): 0.7319 (Base: 0.2815, DTW: 0.1294, TopK: 0.4660) | EMA NoTrend Loss: 0.734247 | LR: 6.98e-05
Epoch [61/100] | Train Mixed Loss (Trend, limit=2): 0.7062 (Base: 0.2591, DTW: 0.0958, TopK: 0.4597) | Val Mixed Loss (NoTrend, limit=2): 0.7340 (Base: 0.2857, DTW: 0.1300, TopK: 0.4549) | EMA NoTrend Loss: 0.734191 | LR: 6.68e-05
Epoch [62/100] | Train Mixed Loss (Trend, limit=2): 0.7080 (Base: 0.2600, DTW: 0.0956, TopK: 0.4627) | Val Mixed Loss (NoTrend, limit=2): 0.7231 (Base: 0.2791, DTW: 0.1266, TopK: 0.4670) | EMA NoTrend Loss: 0.731411 | LR: 6.39e-05
Epoch [63/100] | Train Mixed Loss (Trend, limit=2): 0.7037 (Base: 0.2587, DTW: 0.0950, TopK: 0.4583) | Val Mixed Loss (NoTrend, limit=2): 0.7353 (Base: 0.2844, DTW: 0.1302, TopK: 0.4614) | EMA NoTrend Loss: 0.732393 | LR: 6.10e-05
Epoch [64/100] | Train Mixed Loss (Trend, limit=2): 0.7030 (Base: 0.2581, DTW: 0.0948, TopK: 0.4595) | Val Mixed Loss (NoTrend, limit=2): 0.7451 (Base: 0.2878, DTW: 0.1332, TopK: 0.4593) | EMA NoTrend Loss: 0.735572 | LR: 5.81e-05
Epoch [65/100] | Train Mixed Loss (Trend, limit=2): 0.7001 (Base: 0.2572, DTW: 0.0942, TopK: 0.4570) | Val Mixed Loss (NoTrend, limit=2): 0.7408 (Base: 0.2868, DTW: 0.1315, TopK: 0.4614) | EMA NoTrend Loss: 0.736876 | LR: 5.53e-05
Epoch [66/100] | Train Mixed Loss (Trend, limit=2): 0.6923 (Base: 0.2552, DTW: 0.0926, TopK: 0.4528) | Val Mixed Loss (NoTrend, limit=2): 0.7391 (Base: 0.2864, DTW: 0.1316, TopK: 0.4567) | EMA NoTrend Loss: 0.737432 | LR: 5.26e-05
Epoch [67/100] | Train Mixed Loss (Trend, limit=2): 0.6950 (Base: 0.2554, DTW: 0.0931, TopK: 0.4559) | Val Mixed Loss (NoTrend, limit=2): 0.7354 (Base: 0.2843, DTW: 0.1300, TopK: 0.4633) | EMA NoTrend Loss: 0.736915 | LR: 4.99e-05
Epoch [68/100] | Train Mixed Loss (Trend, limit=2): 0.6924 (Base: 0.2550, DTW: 0.0925, TopK: 0.4538) | Val Mixed Loss (NoTrend, limit=2): 0.7365 (Base: 0.2861, DTW: 0.1307, TopK: 0.4559) | EMA NoTrend Loss: 0.736817 | LR: 4.72e-05
Epoch [69/100] | Train Mixed Loss (Trend, limit=2): 0.6865 (Base: 0.2533, DTW: 0.0913, TopK: 0.4505) | Val Mixed Loss (NoTrend, limit=2): 0.7293 (Base: 0.2832, DTW: 0.1279, TopK: 0.4636) | EMA NoTrend Loss: 0.734947 | LR: 4.46e-05
Epoch [70/100] | Train Mixed Loss (Trend, limit=2): 0.6897 (Base: 0.2548, DTW: 0.0918, TopK: 0.4509) | Val Mixed Loss (NoTrend, limit=2): 0.7361 (Base: 0.2840, DTW: 0.1304, TopK: 0.4640) | EMA NoTrend Loss: 0.735226 | LR: 4.20e-05
Epoch [71/100] | Train Mixed Loss (Trend, limit=2): 0.6909 (Base: 0.2546, DTW: 0.0921, TopK: 0.4532) | Val Mixed Loss (NoTrend, limit=2): 0.7339 (Base: 0.2831, DTW: 0.1302, TopK: 0.4615) | EMA NoTrend Loss: 0.734892 | LR: 3.95e-05
Epoch [72/100] | Train Mixed Loss (Trend, limit=2): 0.6877 (Base: 0.2534, DTW: 0.0916, TopK: 0.4509) | Val Mixed Loss (NoTrend, limit=2): 0.7305 (Base: 0.2820, DTW: 0.1281, TopK: 0.4699) | EMA NoTrend Loss: 0.733790 | LR: 3.71e-05
Epoch [73/100] | Train Mixed Loss (Trend, limit=2): 0.6818 (Base: 0.2520, DTW: 0.0904, TopK: 0.4466) | Val Mixed Loss (NoTrend, limit=2): 0.7422 (Base: 0.2868, DTW: 0.1320, TopK: 0.4620) | EMA NoTrend Loss: 0.735902 | LR: 3.47e-05
Epoch [74/100] | Train Mixed Loss (Trend, limit=2): 0.6812 (Base: 0.2522, DTW: 0.0902, TopK: 0.4454) | Val Mixed Loss (NoTrend, limit=2): 0.7333 (Base: 0.2819, DTW: 0.1295, TopK: 0.4691) | EMA NoTrend Loss: 0.735255 | LR: 3.24e-05
Epoch [75/100] | Train Mixed Loss (Trend, limit=2): 0.6787 (Base: 0.2517, DTW: 0.0896, TopK: 0.4438) | Val Mixed Loss (NoTrend, limit=2): 0.7381 (Base: 0.2843, DTW: 0.1292, TopK: 0.4790) | EMA NoTrend Loss: 0.735972 | LR: 3.01e-05
Epoch [76/100] | Train Mixed Loss (Trend, limit=2): 0.6790 (Base: 0.2515, DTW: 0.0896, TopK: 0.4455) | Val Mixed Loss (NoTrend, limit=2): 0.7336 (Base: 0.2820, DTW: 0.1299, TopK: 0.4661) | EMA NoTrend Loss: 0.735369 | LR: 2.80e-05
Epoch [77/100] | Train Mixed Loss (Trend, limit=2): 0.6776 (Base: 0.2507, DTW: 0.0897, TopK: 0.4439) | Val Mixed Loss (NoTrend, limit=2): 0.7372 (Base: 0.2842, DTW: 0.1314, TopK: 0.4589) | EMA NoTrend Loss: 0.735822 | LR: 2.59e-05
Epoch [78/100] | Train Mixed Loss (Trend, limit=2): 0.6710 (Base: 0.2487, DTW: 0.0883, TopK: 0.4404) | Val Mixed Loss (NoTrend, limit=2): 0.7420 (Base: 0.2872, DTW: 0.1315, TopK: 0.4639) | EMA NoTrend Loss: 0.737354 | LR: 2.38e-05
Epoch [79/100] | Train Mixed Loss (Trend, limit=2): 0.6737 (Base: 0.2499, DTW: 0.0885, TopK: 0.4417) | Val Mixed Loss (NoTrend, limit=2): 0.7418 (Base: 0.2860, DTW: 0.1316, TopK: 0.4663) | EMA NoTrend Loss: 0.738466 | LR: 2.19e-05
Epoch [80/100] | Train Mixed Loss (Trend, limit=2): 0.6694 (Base: 0.2485, DTW: 0.0879, TopK: 0.4383) | Val Mixed Loss (NoTrend, limit=2): 0.7401 (Base: 0.2847, DTW: 0.1311, TopK: 0.4690) | EMA NoTrend Loss: 0.738880 | LR: 2.00e-05
Epoch [81/100] | Train Mixed Loss (Trend, limit=2): 0.6724 (Base: 0.2491, DTW: 0.0885, TopK: 0.4411) | Val Mixed Loss (NoTrend, limit=2): 0.7340 (Base: 0.2842, DTW: 0.1295, TopK: 0.4635) | EMA NoTrend Loss: 0.737658 | LR: 1.82e-05
Epoch [82/100] | Train Mixed Loss (Trend, limit=2): 0.6709 (Base: 0.2488, DTW: 0.0879, TopK: 0.4409) | Val Mixed Loss (NoTrend, limit=2): 0.7447 (Base: 0.2887, DTW: 0.1327, TopK: 0.4587) | EMA NoTrend Loss: 0.739422 | LR: 1.65e-05
Epoch [83/100] | Train Mixed Loss (Trend, limit=2): 0.6641 (Base: 0.2464, DTW: 0.0869, TopK: 0.4368) | Val Mixed Loss (NoTrend, limit=2): 0.7408 (Base: 0.2846, DTW: 0.1320, TopK: 0.4646) | EMA NoTrend Loss: 0.739773 | LR: 1.49e-05
Epoch [84/100] | Train Mixed Loss (Trend, limit=2): 0.6705 (Base: 0.2486, DTW: 0.0880, TopK: 0.4397) | Val Mixed Loss (NoTrend, limit=2): 0.7383 (Base: 0.2827, DTW: 0.1307, TopK: 0.4731) | EMA NoTrend Loss: 0.739414 | LR: 1.33e-05
Epoch [85/100] | Train Mixed Loss (Trend, limit=2): 0.6648 (Base: 0.2474, DTW: 0.0869, TopK: 0.4347) | Val Mixed Loss (NoTrend, limit=2): 0.7355 (Base: 0.2826, DTW: 0.1304, TopK: 0.4662) | EMA NoTrend Loss: 0.738439 | LR: 1.18e-05
Epoch [86/100] | Train Mixed Loss (Trend, limit=2): 0.6684 (Base: 0.2478, DTW: 0.0874, TopK: 0.4395) | Val Mixed Loss (NoTrend, limit=2): 0.7413 (Base: 0.2875, DTW: 0.1320, TopK: 0.4563) | EMA NoTrend Loss: 0.739164 | LR: 1.05e-05
Epoch [87/100] | Train Mixed Loss (Trend, limit=2): 0.6618 (Base: 0.2461, DTW: 0.0860, TopK: 0.4366) | Val Mixed Loss (NoTrend, limit=2): 0.7358 (Base: 0.2844, DTW: 0.1308, TopK: 0.4582) | EMA NoTrend Loss: 0.738316 | LR: 9.18e-06
Epoch [88/100] | Train Mixed Loss (Trend, limit=2): 0.6648 (Base: 0.2470, DTW: 0.0868, TopK: 0.4359) | Val Mixed Loss (NoTrend, limit=2): 0.7321 (Base: 0.2824, DTW: 0.1293, TopK: 0.4644) | EMA NoTrend Loss: 0.736761 | LR: 7.99e-06
Epoch [89/100] | Train Mixed Loss (Trend, limit=2): 0.6661 (Base: 0.2473, DTW: 0.0870, TopK: 0.4371) | Val Mixed Loss (NoTrend, limit=2): 0.7360 (Base: 0.2826, DTW: 0.1301, TopK: 0.4700) | EMA NoTrend Loss: 0.736561 | LR: 6.88e-06
Epoch [90/100] | Train Mixed Loss (Trend, limit=2): 0.6625 (Base: 0.2463, DTW: 0.0863, TopK: 0.4356) | Val Mixed Loss (NoTrend, limit=2): 0.7358 (Base: 0.2841, DTW: 0.1303, TopK: 0.4630) | EMA NoTrend Loss: 0.736382 | LR: 5.87e-06
Epoch [91/100] | Train Mixed Loss (Trend, limit=2): 0.6628 (Base: 0.2462, DTW: 0.0863, TopK: 0.4366) | Val Mixed Loss (NoTrend, limit=2): 0.7347 (Base: 0.2825, DTW: 0.1301, TopK: 0.4661) | EMA NoTrend Loss: 0.735950 | LR: 4.95e-06
Epoch [92/100] | Train Mixed Loss (Trend, limit=2): 0.6627 (Base: 0.2463, DTW: 0.0863, TopK: 0.4357) | Val Mixed Loss (NoTrend, limit=2): 0.7437 (Base: 0.2867, DTW: 0.1331, TopK: 0.4588) | EMA NoTrend Loss: 0.737899 | LR: 4.13e-06
Epoch [93/100] | Train Mixed Loss (Trend, limit=2): 0.6633 (Base: 0.2464, DTW: 0.0863, TopK: 0.4368) | Val Mixed Loss (NoTrend, limit=2): 0.7399 (Base: 0.2854, DTW: 0.1311, TopK: 0.4663) | EMA NoTrend Loss: 0.738406 | LR: 3.40e-06
Epoch [94/100] | Train Mixed Loss (Trend, limit=2): 0.6640 (Base: 0.2465, DTW: 0.0866, TopK: 0.4367) | Val Mixed Loss (NoTrend, limit=2): 0.7388 (Base: 0.2855, DTW: 0.1309, TopK: 0.4636) | EMA NoTrend Loss: 0.738512 | LR: 2.76e-06
Epoch [95/100] | Train Mixed Loss (Trend, limit=2): 0.6642 (Base: 0.2460, DTW: 0.0868, TopK: 0.4376) | Val Mixed Loss (NoTrend, limit=2): 0.7391 (Base: 0.2845, DTW: 0.1317, TopK: 0.4617) | EMA NoTrend Loss: 0.738653 | LR: 2.23e-06
Epoch [96/100] | Train Mixed Loss (Trend, limit=2): 0.6634 (Base: 0.2462, DTW: 0.0866, TopK: 0.4362) | Val Mixed Loss (NoTrend, limit=2): 0.7467 (Base: 0.2877, DTW: 0.1333, TopK: 0.4635) | EMA NoTrend Loss: 0.740656 | LR: 1.78e-06
Epoch [97/100] | Train Mixed Loss (Trend, limit=2): 0.6583 (Base: 0.2454, DTW: 0.0853, TopK: 0.4323) | Val Mixed Loss (NoTrend, limit=2): 0.7370 (Base: 0.2851, DTW: 0.1306, TopK: 0.4615) | EMA NoTrend Loss: 0.739740 | LR: 1.44e-06
Epoch [98/100] | Train Mixed Loss (Trend, limit=2): 0.6614 (Base: 0.2459, DTW: 0.0860, TopK: 0.4347) | Val Mixed Loss (NoTrend, limit=2): 0.7394 (Base: 0.2850, DTW: 0.1310, TopK: 0.4668) | EMA NoTrend Loss: 0.739665 | LR: 1.20e-06
Epoch [99/100] | Train Mixed Loss (Trend, limit=2): 0.6609 (Base: 0.2453, DTW: 0.0861, TopK: 0.4352) | Val Mixed Loss (NoTrend, limit=2): 0.7376 (Base: 0.2850, DTW: 0.1306, TopK: 0.4634) | EMA NoTrend Loss: 0.739143 | LR: 1.05e-06
Epoch [100/100] | Train Mixed Loss (Trend, limit=2): 0.6595 (Base: 0.2455, DTW: 0.0857, TopK: 0.4331) | Val Mixed Loss (NoTrend, limit=2): 0.7483 (Base: 0.2888, DTW: 0.1332, TopK: 0.4661) | EMA NoTrend Loss: 0.741429 | LR: 1.00e-06
[*] Loaded best model from epoch 45 (EMA NoTrend Loss: 0.731000)
