[*] Process seed: 4
Building static profile features from historical data...
[*] Total trainable parameters: 3,485,441
Epoch [1/100] | Train Mixed Loss (Trend, limit=2): 1.1129 (Base: 0.3526, DTW: 0.2011, TopK: 0.6120) | Val Mixed Loss (NoTrend, limit=2): 0.8789 (Base: 0.3135, DTW: 0.1595, TopK: 0.6088) | EMA NoTrend Loss: 0.878893 | LR: 2.00e-04
Epoch [2/100] | Train Mixed Loss (Trend, limit=2): 1.0091 (Base: 0.3342, DTW: 0.1703, TopK: 0.5995) | Val Mixed Loss (NoTrend, limit=2): 0.8563 (Base: 0.3193, DTW: 0.1580, TopK: 0.5258) | EMA NoTrend Loss: 0.873248 | LR: 2.00e-04
Epoch [3/100] | Train Mixed Loss (Trend, limit=2): 0.9770 (Base: 0.3286, DTW: 0.1602, TopK: 0.5915) | Val Mixed Loss (NoTrend, limit=2): 0.8563 (Base: 0.3205, DTW: 0.1609, TopK: 0.4983) | EMA NoTrend Loss: 0.869004 | LR: 2.00e-04
Epoch [4/100] | Train Mixed Loss (Trend, limit=2): 0.9556 (Base: 0.3243, DTW: 0.1543, TopK: 0.5822) | Val Mixed Loss (NoTrend, limit=2): 0.8203 (Base: 0.3100, DTW: 0.1465, TopK: 0.5289) | EMA NoTrend Loss: 0.856840 | LR: 1.99e-04
Epoch [5/100] | Train Mixed Loss (Trend, limit=2): 0.9383 (Base: 0.3202, DTW: 0.1495, TopK: 0.5775) | Val Mixed Loss (NoTrend, limit=2): 0.8064 (Base: 0.3037, DTW: 0.1417, TopK: 0.5420) | EMA NoTrend Loss: 0.844220 | LR: 1.99e-04
Epoch [6/100] | Train Mixed Loss (Trend, limit=2): 0.9255 (Base: 0.3176, DTW: 0.1462, TopK: 0.5713) | Val Mixed Loss (NoTrend, limit=2): 0.7895 (Base: 0.2883, DTW: 0.1400, TopK: 0.5504) | EMA NoTrend Loss: 0.830539 | LR: 1.98e-04
Epoch [7/100] | Train Mixed Loss (Trend, limit=2): 0.9164 (Base: 0.3155, DTW: 0.1438, TopK: 0.5676) | Val Mixed Loss (NoTrend, limit=2): 0.8065 (Base: 0.3089, DTW: 0.1443, TopK: 0.5042) | EMA NoTrend Loss: 0.824520 | LR: 1.98e-04
Epoch [8/100] | Train Mixed Loss (Trend, limit=2): 0.9120 (Base: 0.3144, DTW: 0.1427, TopK: 0.5651) | Val Mixed Loss (NoTrend, limit=2): 0.7844 (Base: 0.2951, DTW: 0.1377, TopK: 0.5294) | EMA NoTrend Loss: 0.814502 | LR: 1.97e-04
Epoch [9/100] | Train Mixed Loss (Trend, limit=2): 0.8965 (Base: 0.3101, DTW: 0.1390, TopK: 0.5597) | Val Mixed Loss (NoTrend, limit=2): 0.7912 (Base: 0.3040, DTW: 0.1418, TopK: 0.4896) | EMA NoTrend Loss: 0.808667 | LR: 1.96e-04
Epoch [10/100] | Train Mixed Loss (Trend, limit=2): 0.8864 (Base: 0.3075, DTW: 0.1367, TopK: 0.5550) | Val Mixed Loss (NoTrend, limit=2): 0.7760 (Base: 0.2921, DTW: 0.1383, TopK: 0.5066) | EMA NoTrend Loss: 0.800494 | LR: 1.95e-04
Epoch [11/100] | Train Mixed Loss (Trend, limit=2): 0.8810 (Base: 0.3070, DTW: 0.1350, TopK: 0.5528) | Val Mixed Loss (NoTrend, limit=2): 0.7544 (Base: 0.2872, DTW: 0.1325, TopK: 0.4978) | EMA NoTrend Loss: 0.788982 | LR: 1.94e-04
Epoch [12/100] | Train Mixed Loss (Trend, limit=2): 0.8739 (Base: 0.3049, DTW: 0.1334, TopK: 0.5497) | Val Mixed Loss (NoTrend, limit=2): 0.7706 (Base: 0.2961, DTW: 0.1359, TopK: 0.4943) | EMA NoTrend Loss: 0.784385 | LR: 1.93e-04
Epoch [13/100] | Train Mixed Loss (Trend, limit=2): 0.8707 (Base: 0.3040, DTW: 0.1326, TopK: 0.5477) | Val Mixed Loss (NoTrend, limit=2): 0.7661 (Base: 0.2953, DTW: 0.1338, TopK: 0.4991) | EMA NoTrend Loss: 0.779826 | LR: 1.92e-04
Epoch [14/100] | Train Mixed Loss (Trend, limit=2): 0.8646 (Base: 0.3016, DTW: 0.1313, TopK: 0.5471) | Val Mixed Loss (NoTrend, limit=2): 0.7557 (Base: 0.2899, DTW: 0.1341, TopK: 0.4801) | EMA NoTrend Loss: 0.773795 | LR: 1.91e-04
Epoch [15/100] | Train Mixed Loss (Trend, limit=2): 0.8551 (Base: 0.2996, DTW: 0.1290, TopK: 0.5418) | Val Mixed Loss (NoTrend, limit=2): 0.7424 (Base: 0.2816, DTW: 0.1292, TopK: 0.5021) | EMA NoTrend Loss: 0.765953 | LR: 1.89e-04
Epoch [16/100] | Train Mixed Loss (Trend, limit=2): 0.8512 (Base: 0.2987, DTW: 0.1281, TopK: 0.5387) | Val Mixed Loss (NoTrend, limit=2): 0.7579 (Base: 0.2928, DTW: 0.1347, TopK: 0.4730) | EMA NoTrend Loss: 0.763945 | LR: 1.88e-04
Epoch [17/100] | Train Mixed Loss (Trend, limit=2): 0.8501 (Base: 0.2987, DTW: 0.1276, TopK: 0.5395) | Val Mixed Loss (NoTrend, limit=2): 0.7669 (Base: 0.2926, DTW: 0.1371, TopK: 0.4838) | EMA NoTrend Loss: 0.764672 | LR: 1.86e-04
Epoch [18/100] | Train Mixed Loss (Trend, limit=2): 0.8417 (Base: 0.2963, DTW: 0.1261, TopK: 0.5331) | Val Mixed Loss (NoTrend, limit=2): 0.7435 (Base: 0.2834, DTW: 0.1298, TopK: 0.4952) | EMA NoTrend Loss: 0.759374 | LR: 1.85e-04
Epoch [19/100] | Train Mixed Loss (Trend, limit=2): 0.8375 (Base: 0.2950, DTW: 0.1247, TopK: 0.5343) | Val Mixed Loss (NoTrend, limit=2): 0.7348 (Base: 0.2807, DTW: 0.1249, TopK: 0.5144) | EMA NoTrend Loss: 0.753218 | LR: 1.83e-04
Epoch [20/100] | Train Mixed Loss (Trend, limit=2): 0.8312 (Base: 0.2937, DTW: 0.1232, TopK: 0.5293) | Val Mixed Loss (NoTrend, limit=2): 0.7419 (Base: 0.2829, DTW: 0.1299, TopK: 0.4907) | EMA NoTrend Loss: 0.750390 | LR: 1.81e-04
Epoch [21/100] | Train Mixed Loss (Trend, limit=2): 0.8276 (Base: 0.2928, DTW: 0.1229, TopK: 0.5247) | Val Mixed Loss (NoTrend, limit=2): 0.7380 (Base: 0.2807, DTW: 0.1276, TopK: 0.5036) | EMA NoTrend Loss: 0.747300 | LR: 1.79e-04
Epoch [22/100] | Train Mixed Loss (Trend, limit=2): 0.8262 (Base: 0.2929, DTW: 0.1221, TopK: 0.5257) | Val Mixed Loss (NoTrend, limit=2): 0.7359 (Base: 0.2831, DTW: 0.1281, TopK: 0.4848) | EMA NoTrend Loss: 0.744453 | LR: 1.77e-04
Epoch [23/100] | Train Mixed Loss (Trend, limit=2): 0.8192 (Base: 0.2906, DTW: 0.1207, TopK: 0.5224) | Val Mixed Loss (NoTrend, limit=2): 0.7530 (Base: 0.2880, DTW: 0.1316, TopK: 0.4974) | EMA NoTrend Loss: 0.746593 | LR: 1.75e-04
Epoch [24/100] | Train Mixed Loss (Trend, limit=2): 0.8196 (Base: 0.2906, DTW: 0.1205, TopK: 0.5235) | Val Mixed Loss (NoTrend, limit=2): 0.7513 (Base: 0.2895, DTW: 0.1332, TopK: 0.4739) | EMA NoTrend Loss: 0.747776 | LR: 1.73e-04
Epoch [25/100] | Train Mixed Loss (Trend, limit=2): 0.8150 (Base: 0.2887, DTW: 0.1197, TopK: 0.5226) | Val Mixed Loss (NoTrend, limit=2): 0.7428 (Base: 0.2918, DTW: 0.1297, TopK: 0.4659) | EMA NoTrend Loss: 0.746540 | LR: 1.71e-04
Epoch [26/100] | Train Mixed Loss (Trend, limit=2): 0.8067 (Base: 0.2873, DTW: 0.1180, TopK: 0.5146) | Val Mixed Loss (NoTrend, limit=2): 0.7553 (Base: 0.2949, DTW: 0.1336, TopK: 0.4653) | EMA NoTrend Loss: 0.748730 | LR: 1.69e-04
Epoch [27/100] | Train Mixed Loss (Trend, limit=2): 0.7999 (Base: 0.2853, DTW: 0.1160, TopK: 0.5136) | Val Mixed Loss (NoTrend, limit=2): 0.7487 (Base: 0.2903, DTW: 0.1332, TopK: 0.4628) | EMA NoTrend Loss: 0.748730 | LR: 1.66e-04
Epoch [28/100] | Train Mixed Loss (Trend, limit=2): 0.8013 (Base: 0.2860, DTW: 0.1164, TopK: 0.5127) | Val Mixed Loss (NoTrend, limit=2): 0.7430 (Base: 0.2889, DTW: 0.1308, TopK: 0.4671) | EMA NoTrend Loss: 0.747291 | LR: 1.64e-04
Epoch [29/100] | Train Mixed Loss (Trend, limit=2): 0.8037 (Base: 0.2866, DTW: 0.1171, TopK: 0.5126) | Val Mixed Loss (NoTrend, limit=2): 0.7372 (Base: 0.2876, DTW: 0.1284, TopK: 0.4718) | EMA NoTrend Loss: 0.744776 | LR: 1.61e-04
Epoch [30/100] | Train Mixed Loss (Trend, limit=2): 0.7936 (Base: 0.2837, DTW: 0.1147, TopK: 0.5094) | Val Mixed Loss (NoTrend, limit=2): 0.7459 (Base: 0.2894, DTW: 0.1323, TopK: 0.4633) | EMA NoTrend Loss: 0.745048 | LR: 1.59e-04
Epoch [31/100] | Train Mixed Loss (Trend, limit=2): 0.7903 (Base: 0.2827, DTW: 0.1139, TopK: 0.5079) | Val Mixed Loss (NoTrend, limit=2): 0.7494 (Base: 0.2912, DTW: 0.1331, TopK: 0.4624) | EMA NoTrend Loss: 0.746129 | LR: 1.56e-04
Epoch [32/100] | Train Mixed Loss (Trend, limit=2): 0.7828 (Base: 0.2811, DTW: 0.1122, TopK: 0.5038) | Val Mixed Loss (NoTrend, limit=2): 0.7333 (Base: 0.2813, DTW: 0.1267, TopK: 0.4933) | EMA NoTrend Loss: 0.742912 | LR: 1.54e-04
Epoch [33/100] | Train Mixed Loss (Trend, limit=2): 0.7829 (Base: 0.2811, DTW: 0.1123, TopK: 0.5031) | Val Mixed Loss (NoTrend, limit=2): 0.7431 (Base: 0.2837, DTW: 0.1306, TopK: 0.4859) | EMA NoTrend Loss: 0.742949 | LR: 1.51e-04
Epoch [34/100] | Train Mixed Loss (Trend, limit=2): 0.7779 (Base: 0.2797, DTW: 0.1110, TopK: 0.5016) | Val Mixed Loss (NoTrend, limit=2): 0.7350 (Base: 0.2853, DTW: 0.1294, TopK: 0.4635) | EMA NoTrend Loss: 0.740963 | LR: 1.48e-04
Epoch [35/100] | Train Mixed Loss (Trend, limit=2): 0.7747 (Base: 0.2786, DTW: 0.1105, TopK: 0.4997) | Val Mixed Loss (NoTrend, limit=2): 0.7337 (Base: 0.2807, DTW: 0.1285, TopK: 0.4820) | EMA NoTrend Loss: 0.739155 | LR: 1.46e-04
Epoch [36/100] | Train Mixed Loss (Trend, limit=2): 0.7776 (Base: 0.2794, DTW: 0.1112, TopK: 0.4991) | Val Mixed Loss (NoTrend, limit=2): 0.7245 (Base: 0.2811, DTW: 0.1264, TopK: 0.4672) | EMA NoTrend Loss: 0.735490 | LR: 1.43e-04
Epoch [37/100] | Train Mixed Loss (Trend, limit=2): 0.7721 (Base: 0.2780, DTW: 0.1101, TopK: 0.4966) | Val Mixed Loss (NoTrend, limit=2): 0.7415 (Base: 0.2877, DTW: 0.1309, TopK: 0.4658) | EMA NoTrend Loss: 0.737000 | LR: 1.40e-04
Epoch [38/100] | Train Mixed Loss (Trend, limit=2): 0.7709 (Base: 0.2778, DTW: 0.1095, TopK: 0.4964) | Val Mixed Loss (NoTrend, limit=2): 0.7551 (Base: 0.2938, DTW: 0.1350, TopK: 0.4578) | EMA NoTrend Loss: 0.741527 | LR: 1.37e-04
Epoch [39/100] | Train Mixed Loss (Trend, limit=2): 0.7642 (Base: 0.2758, DTW: 0.1082, TopK: 0.4922) | Val Mixed Loss (NoTrend, limit=2): 0.7411 (Base: 0.2841, DTW: 0.1286, TopK: 0.4950) | EMA NoTrend Loss: 0.741418 | LR: 1.34e-04
Epoch [40/100] | Train Mixed Loss (Trend, limit=2): 0.7594 (Base: 0.2745, DTW: 0.1071, TopK: 0.4899) | Val Mixed Loss (NoTrend, limit=2): 0.7474 (Base: 0.2914, DTW: 0.1326, TopK: 0.4596) | EMA NoTrend Loss: 0.742913 | LR: 1.31e-04
Epoch [41/100] | Train Mixed Loss (Trend, limit=2): 0.7624 (Base: 0.2754, DTW: 0.1077, TopK: 0.4918) | Val Mixed Loss (NoTrend, limit=2): 0.7333 (Base: 0.2839, DTW: 0.1282, TopK: 0.4723) | EMA NoTrend Loss: 0.740514 | LR: 1.28e-04
Epoch [42/100] | Train Mixed Loss (Trend, limit=2): 0.7584 (Base: 0.2743, DTW: 0.1070, TopK: 0.4884) | Val Mixed Loss (NoTrend, limit=2): 0.7236 (Base: 0.2755, DTW: 0.1253, TopK: 0.4911) | EMA NoTrend Loss: 0.736292 | LR: 1.25e-04
Epoch [43/100] | Train Mixed Loss (Trend, limit=2): 0.7522 (Base: 0.2725, DTW: 0.1057, TopK: 0.4840) | Val Mixed Loss (NoTrend, limit=2): 0.7496 (Base: 0.2888, DTW: 0.1330, TopK: 0.4720) | EMA NoTrend Loss: 0.739628 | LR: 1.22e-04
Epoch [44/100] | Train Mixed Loss (Trend, limit=2): 0.7488 (Base: 0.2715, DTW: 0.1045, TopK: 0.4863) | Val Mixed Loss (NoTrend, limit=2): 0.7314 (Base: 0.2878, DTW: 0.1290, TopK: 0.4468) | EMA NoTrend Loss: 0.737572 | LR: 1.19e-04
Epoch [45/100] | Train Mixed Loss (Trend, limit=2): 0.7465 (Base: 0.2710, DTW: 0.1042, TopK: 0.4837) | Val Mixed Loss (NoTrend, limit=2): 0.7233 (Base: 0.2782, DTW: 0.1257, TopK: 0.4781) | EMA NoTrend Loss: 0.734008 | LR: 1.16e-04
Epoch [46/100] | Train Mixed Loss (Trend, limit=2): 0.7478 (Base: 0.2712, DTW: 0.1045, TopK: 0.4837) | Val Mixed Loss (NoTrend, limit=2): 0.7341 (Base: 0.2816, DTW: 0.1277, TopK: 0.4863) | EMA NoTrend Loss: 0.734028 | LR: 1.13e-04
Epoch [47/100] | Train Mixed Loss (Trend, limit=2): 0.7398 (Base: 0.2686, DTW: 0.1030, TopK: 0.4791) | Val Mixed Loss (NoTrend, limit=2): 0.7327 (Base: 0.2858, DTW: 0.1284, TopK: 0.4625) | EMA NoTrend Loss: 0.733694 | LR: 1.10e-04
Epoch [48/100] | Train Mixed Loss (Trend, limit=2): 0.7381 (Base: 0.2686, DTW: 0.1023, TopK: 0.4785) | Val Mixed Loss (NoTrend, limit=2): 0.7318 (Base: 0.2806, DTW: 0.1274, TopK: 0.4845) | EMA NoTrend Loss: 0.733220 | LR: 1.07e-04
Epoch [49/100] | Train Mixed Loss (Trend, limit=2): 0.7343 (Base: 0.2673, DTW: 0.1016, TopK: 0.4770) | Val Mixed Loss (NoTrend, limit=2): 0.7433 (Base: 0.2881, DTW: 0.1310, TopK: 0.4695) | EMA NoTrend Loss: 0.735737 | LR: 1.04e-04
Epoch [50/100] | Train Mixed Loss (Trend, limit=2): 0.7319 (Base: 0.2663, DTW: 0.1016, TopK: 0.4730) | Val Mixed Loss (NoTrend, limit=2): 0.7378 (Base: 0.2866, DTW: 0.1294, TopK: 0.4684) | EMA NoTrend Loss: 0.736258 | LR: 1.00e-04
Epoch [51/100] | Train Mixed Loss (Trend, limit=2): 0.7290 (Base: 0.2663, DTW: 0.1005, TopK: 0.4721) | Val Mixed Loss (NoTrend, limit=2): 0.7489 (Base: 0.2895, DTW: 0.1319, TopK: 0.4761) | EMA NoTrend Loss: 0.739416 | LR: 9.74e-05
Epoch [52/100] | Train Mixed Loss (Trend, limit=2): 0.7291 (Base: 0.2658, DTW: 0.1008, TopK: 0.4717) | Val Mixed Loss (NoTrend, limit=2): 0.7308 (Base: 0.2833, DTW: 0.1290, TopK: 0.4599) | EMA NoTrend Loss: 0.737267 | LR: 9.43e-05
Epoch [53/100] | Train Mixed Loss (Trend, limit=2): 0.7239 (Base: 0.2649, DTW: 0.0990, TopK: 0.4715) | Val Mixed Loss (NoTrend, limit=2): 0.7235 (Base: 0.2806, DTW: 0.1264, TopK: 0.4654) | EMA NoTrend Loss: 0.733836 | LR: 9.11e-05
Epoch [54/100] | Train Mixed Loss (Trend, limit=2): 0.7217 (Base: 0.2643, DTW: 0.0990, TopK: 0.4665) | Val Mixed Loss (NoTrend, limit=2): 0.7286 (Base: 0.2833, DTW: 0.1268, TopK: 0.4701) | EMA NoTrend Loss: 0.732517 | LR: 8.80e-05
Epoch [55/100] | Train Mixed Loss (Trend, limit=2): 0.7195 (Base: 0.2628, DTW: 0.0983, TopK: 0.4696) | Val Mixed Loss (NoTrend, limit=2): 0.7282 (Base: 0.2804, DTW: 0.1271, TopK: 0.4760) | EMA NoTrend Loss: 0.731434 | LR: 8.49e-05
Epoch [56/100] | Train Mixed Loss (Trend, limit=2): 0.7142 (Base: 0.2616, DTW: 0.0975, TopK: 0.4635) | Val Mixed Loss (NoTrend, limit=2): 0.7232 (Base: 0.2787, DTW: 0.1260, TopK: 0.4732) | EMA NoTrend Loss: 0.729375 | LR: 8.19e-05
Epoch [57/100] | Train Mixed Loss (Trend, limit=2): 0.7117 (Base: 0.2608, DTW: 0.0969, TopK: 0.4633) | Val Mixed Loss (NoTrend, limit=2): 0.7306 (Base: 0.2809, DTW: 0.1277, TopK: 0.4774) | EMA NoTrend Loss: 0.729670 | LR: 7.88e-05
Epoch [58/100] | Train Mixed Loss (Trend, limit=2): 0.7095 (Base: 0.2605, DTW: 0.0961, TopK: 0.4630) | Val Mixed Loss (NoTrend, limit=2): 0.7241 (Base: 0.2795, DTW: 0.1270, TopK: 0.4664) | EMA NoTrend Loss: 0.728281 | LR: 7.58e-05
Epoch [59/100] | Train Mixed Loss (Trend, limit=2): 0.7098 (Base: 0.2612, DTW: 0.0961, TopK: 0.4611) | Val Mixed Loss (NoTrend, limit=2): 0.7283 (Base: 0.2832, DTW: 0.1279, TopK: 0.4605) | EMA NoTrend Loss: 0.728283 | LR: 7.27e-05
Epoch [60/100] | Train Mixed Loss (Trend, limit=2): 0.7090 (Base: 0.2606, DTW: 0.0958, TopK: 0.4623) | Val Mixed Loss (NoTrend, limit=2): 0.7373 (Base: 0.2865, DTW: 0.1290, TopK: 0.4707) | EMA NoTrend Loss: 0.730528 | LR: 6.98e-05
Epoch [61/100] | Train Mixed Loss (Trend, limit=2): 0.7062 (Base: 0.2597, DTW: 0.0954, TopK: 0.4604) | Val Mixed Loss (NoTrend, limit=2): 0.7189 (Base: 0.2760, DTW: 0.1249, TopK: 0.4771) | EMA NoTrend Loss: 0.727614 | LR: 6.68e-05
Epoch [62/100] | Train Mixed Loss (Trend, limit=2): 0.7015 (Base: 0.2581, DTW: 0.0945, TopK: 0.4579) | Val Mixed Loss (NoTrend, limit=2): 0.7323 (Base: 0.2853, DTW: 0.1284, TopK: 0.4626) | EMA NoTrend Loss: 0.728778 | LR: 6.39e-05
Epoch [63/100] | Train Mixed Loss (Trend, limit=2): 0.6965 (Base: 0.2564, DTW: 0.0935, TopK: 0.4556) | Val Mixed Loss (NoTrend, limit=2): 0.7303 (Base: 0.2842, DTW: 0.1285, TopK: 0.4590) | EMA NoTrend Loss: 0.729170 | LR: 6.10e-05
Epoch [64/100] | Train Mixed Loss (Trend, limit=2): 0.6973 (Base: 0.2567, DTW: 0.0936, TopK: 0.4554) | Val Mixed Loss (NoTrend, limit=2): 0.7392 (Base: 0.2866, DTW: 0.1311, TopK: 0.4602) | EMA NoTrend Loss: 0.731686 | LR: 5.81e-05
Epoch [65/100] | Train Mixed Loss (Trend, limit=2): 0.6948 (Base: 0.2562, DTW: 0.0930, TopK: 0.4539) | Val Mixed Loss (NoTrend, limit=2): 0.7284 (Base: 0.2822, DTW: 0.1274, TopK: 0.4678) | EMA NoTrend Loss: 0.730861 | LR: 5.53e-05
Epoch [66/100] | Train Mixed Loss (Trend, limit=2): 0.6891 (Base: 0.2543, DTW: 0.0919, TopK: 0.4508) | Val Mixed Loss (NoTrend, limit=2): 0.7324 (Base: 0.2829, DTW: 0.1293, TopK: 0.4641) | EMA NoTrend Loss: 0.731253 | LR: 5.26e-05
Epoch [67/100] | Train Mixed Loss (Trend, limit=2): 0.6878 (Base: 0.2544, DTW: 0.0915, TopK: 0.4498) | Val Mixed Loss (NoTrend, limit=2): 0.7353 (Base: 0.2848, DTW: 0.1290, TopK: 0.4698) | EMA NoTrend Loss: 0.732275 | LR: 4.99e-05
Epoch [68/100] | Train Mixed Loss (Trend, limit=2): 0.6895 (Base: 0.2547, DTW: 0.0916, TopK: 0.4517) | Val Mixed Loss (NoTrend, limit=2): 0.7317 (Base: 0.2839, DTW: 0.1294, TopK: 0.4576) | EMA NoTrend Loss: 0.732142 | LR: 4.72e-05
Epoch [69/100] | Train Mixed Loss (Trend, limit=2): 0.6871 (Base: 0.2539, DTW: 0.0913, TopK: 0.4497) | Val Mixed Loss (NoTrend, limit=2): 0.7373 (Base: 0.2845, DTW: 0.1306, TopK: 0.4642) | EMA NoTrend Loss: 0.733440 | LR: 4.46e-05
Epoch [70/100] | Train Mixed Loss (Trend, limit=2): 0.6815 (Base: 0.2524, DTW: 0.0902, TopK: 0.4457) | Val Mixed Loss (NoTrend, limit=2): 0.7367 (Base: 0.2849, DTW: 0.1301, TopK: 0.4654) | EMA NoTrend Loss: 0.734246 | LR: 4.20e-05
Epoch [71/100] | Train Mixed Loss (Trend, limit=2): 0.6806 (Base: 0.2521, DTW: 0.0900, TopK: 0.4456) | Val Mixed Loss (NoTrend, limit=2): 0.7403 (Base: 0.2867, DTW: 0.1309, TopK: 0.4648) | EMA NoTrend Loss: 0.735764 | LR: 3.95e-05
Epoch [72/100] | Train Mixed Loss (Trend, limit=2): 0.6826 (Base: 0.2523, DTW: 0.0903, TopK: 0.4479) | Val Mixed Loss (NoTrend, limit=2): 0.7277 (Base: 0.2831, DTW: 0.1274, TopK: 0.4629) | EMA NoTrend Loss: 0.733760 | LR: 3.71e-05
Epoch [73/100] | Train Mixed Loss (Trend, limit=2): 0.6779 (Base: 0.2510, DTW: 0.0894, TopK: 0.4451) | Val Mixed Loss (NoTrend, limit=2): 0.7246 (Base: 0.2812, DTW: 0.1269, TopK: 0.4628) | EMA NoTrend Loss: 0.731464 | LR: 3.47e-05
Epoch [74/100] | Train Mixed Loss (Trend, limit=2): 0.6754 (Base: 0.2505, DTW: 0.0888, TopK: 0.4429) | Val Mixed Loss (NoTrend, limit=2): 0.7346 (Base: 0.2830, DTW: 0.1307, TopK: 0.4594) | EMA NoTrend Loss: 0.732248 | LR: 3.24e-05
Epoch [75/100] | Train Mixed Loss (Trend, limit=2): 0.6763 (Base: 0.2510, DTW: 0.0889, TopK: 0.4433) | Val Mixed Loss (NoTrend, limit=2): 0.7360 (Base: 0.2847, DTW: 0.1300, TopK: 0.4643) | EMA NoTrend Loss: 0.733181 | LR: 3.01e-05
Epoch [76/100] | Train Mixed Loss (Trend, limit=2): 0.6764 (Base: 0.2505, DTW: 0.0892, TopK: 0.4431) | Val Mixed Loss (NoTrend, limit=2): 0.7378 (Base: 0.2849, DTW: 0.1297, TopK: 0.4721) | EMA NoTrend Loss: 0.734342 | LR: 2.80e-05
Epoch [77/100] | Train Mixed Loss (Trend, limit=2): 0.6707 (Base: 0.2490, DTW: 0.0879, TopK: 0.4398) | Val Mixed Loss (NoTrend, limit=2): 0.7263 (Base: 0.2812, DTW: 0.1273, TopK: 0.4652) | EMA NoTrend Loss: 0.732340 | LR: 2.59e-05
Epoch [78/100] | Train Mixed Loss (Trend, limit=2): 0.6738 (Base: 0.2506, DTW: 0.0881, TopK: 0.4415) | Val Mixed Loss (NoTrend, limit=2): 0.7426 (Base: 0.2877, DTW: 0.1322, TopK: 0.4585) | EMA NoTrend Loss: 0.734901 | LR: 2.38e-05
Epoch [79/100] | Train Mixed Loss (Trend, limit=2): 0.6710 (Base: 0.2489, DTW: 0.0877, TopK: 0.4419) | Val Mixed Loss (NoTrend, limit=2): 0.7304 (Base: 0.2815, DTW: 0.1290, TopK: 0.4640) | EMA NoTrend Loss: 0.733772 | LR: 2.19e-05
Epoch [80/100] | Train Mixed Loss (Trend, limit=2): 0.6740 (Base: 0.2502, DTW: 0.0882, TopK: 0.4424) | Val Mixed Loss (NoTrend, limit=2): 0.7258 (Base: 0.2810, DTW: 0.1280, TopK: 0.4591) | EMA NoTrend Loss: 0.731785 | LR: 2.00e-05
Epoch [81/100] | Train Mixed Loss (Trend, limit=2): 0.6701 (Base: 0.2495, DTW: 0.0874, TopK: 0.4392) | Val Mixed Loss (NoTrend, limit=2): 0.7376 (Base: 0.2844, DTW: 0.1304, TopK: 0.4674) | EMA NoTrend Loss: 0.733241 | LR: 1.82e-05
Epoch [82/100] | Train Mixed Loss (Trend, limit=2): 0.6664 (Base: 0.2482, DTW: 0.0869, TopK: 0.4358) | Val Mixed Loss (NoTrend, limit=2): 0.7331 (Base: 0.2839, DTW: 0.1292, TopK: 0.4641) | EMA NoTrend Loss: 0.733212 | LR: 1.65e-05
Epoch [83/100] | Train Mixed Loss (Trend, limit=2): 0.6663 (Base: 0.2479, DTW: 0.0869, TopK: 0.4370) | Val Mixed Loss (NoTrend, limit=2): 0.7354 (Base: 0.2862, DTW: 0.1297, TopK: 0.4601) | EMA NoTrend Loss: 0.733771 | LR: 1.49e-05
Epoch [84/100] | Train Mixed Loss (Trend, limit=2): 0.6685 (Base: 0.2483, DTW: 0.0874, TopK: 0.4386) | Val Mixed Loss (NoTrend, limit=2): 0.7333 (Base: 0.2826, DTW: 0.1293, TopK: 0.4678) | EMA NoTrend Loss: 0.733660 | LR: 1.33e-05
Epoch [85/100] | Train Mixed Loss (Trend, limit=2): 0.6692 (Base: 0.2486, DTW: 0.0873, TopK: 0.4401) | Val Mixed Loss (NoTrend, limit=2): 0.7400 (Base: 0.2862, DTW: 0.1315, TopK: 0.4608) | EMA NoTrend Loss: 0.735235 | LR: 1.18e-05
Epoch [86/100] | Train Mixed Loss (Trend, limit=2): 0.6630 (Base: 0.2468, DTW: 0.0862, TopK: 0.4356) | Val Mixed Loss (NoTrend, limit=2): 0.7354 (Base: 0.2861, DTW: 0.1297, TopK: 0.4599) | EMA NoTrend Loss: 0.735280 | LR: 1.05e-05
Epoch [87/100] | Train Mixed Loss (Trend, limit=2): 0.6630 (Base: 0.2469, DTW: 0.0860, TopK: 0.4360) | Val Mixed Loss (NoTrend, limit=2): 0.7347 (Base: 0.2848, DTW: 0.1297, TopK: 0.4618) | EMA NoTrend Loss: 0.735123 | LR: 9.18e-06
Epoch [88/100] | Train Mixed Loss (Trend, limit=2): 0.6625 (Base: 0.2469, DTW: 0.0859, TopK: 0.4344) | Val Mixed Loss (NoTrend, limit=2): 0.7362 (Base: 0.2847, DTW: 0.1302, TopK: 0.4640) | EMA NoTrend Loss: 0.735397 | LR: 7.99e-06
Epoch [89/100] | Train Mixed Loss (Trend, limit=2): 0.6632 (Base: 0.2468, DTW: 0.0862, TopK: 0.4351) | Val Mixed Loss (NoTrend, limit=2): 0.7396 (Base: 0.2846, DTW: 0.1313, TopK: 0.4660) | EMA NoTrend Loss: 0.736452 | LR: 6.88e-06
Epoch [90/100] | Train Mixed Loss (Trend, limit=2): 0.6655 (Base: 0.2474, DTW: 0.0866, TopK: 0.4370) | Val Mixed Loss (NoTrend, limit=2): 0.7373 (Base: 0.2850, DTW: 0.1303, TopK: 0.4655) | EMA NoTrend Loss: 0.736653 | LR: 5.87e-06
Epoch [91/100] | Train Mixed Loss (Trend, limit=2): 0.6601 (Base: 0.2454, DTW: 0.0857, TopK: 0.4336) | Val Mixed Loss (NoTrend, limit=2): 0.7356 (Base: 0.2837, DTW: 0.1302, TopK: 0.4649) | EMA NoTrend Loss: 0.736400 | LR: 4.95e-06
Epoch [92/100] | Train Mixed Loss (Trend, limit=2): 0.6609 (Base: 0.2464, DTW: 0.0856, TopK: 0.4343) | Val Mixed Loss (NoTrend, limit=2): 0.7389 (Base: 0.2839, DTW: 0.1303, TopK: 0.4741) | EMA NoTrend Loss: 0.737025 | LR: 4.13e-06
Epoch [93/100] | Train Mixed Loss (Trend, limit=2): 0.6593 (Base: 0.2450, DTW: 0.0855, TopK: 0.4345) | Val Mixed Loss (NoTrend, limit=2): 0.7391 (Base: 0.2858, DTW: 0.1309, TopK: 0.4641) | EMA NoTrend Loss: 0.737547 | LR: 3.40e-06
Epoch [94/100] | Train Mixed Loss (Trend, limit=2): 0.6572 (Base: 0.2456, DTW: 0.0846, TopK: 0.4322) | Val Mixed Loss (NoTrend, limit=2): 0.7295 (Base: 0.2820, DTW: 0.1287, TopK: 0.4620) | EMA NoTrend Loss: 0.735523 | LR: 2.76e-06
Epoch [95/100] | Train Mixed Loss (Trend, limit=2): 0.6623 (Base: 0.2464, DTW: 0.0858, TopK: 0.4368) | Val Mixed Loss (NoTrend, limit=2): 0.7373 (Base: 0.2852, DTW: 0.1305, TopK: 0.4634) | EMA NoTrend Loss: 0.735975 | LR: 2.23e-06
Epoch [96/100] | Train Mixed Loss (Trend, limit=2): 0.6606 (Base: 0.2457, DTW: 0.0858, TopK: 0.4340) | Val Mixed Loss (NoTrend, limit=2): 0.7342 (Base: 0.2837, DTW: 0.1297, TopK: 0.4643) | EMA NoTrend Loss: 0.735539 | LR: 1.78e-06
Epoch [97/100] | Train Mixed Loss (Trend, limit=2): 0.6579 (Base: 0.2451, DTW: 0.0852, TopK: 0.4324) | Val Mixed Loss (NoTrend, limit=2): 0.7357 (Base: 0.2837, DTW: 0.1302, TopK: 0.4652) | EMA NoTrend Loss: 0.735582 | LR: 1.44e-06
Epoch [98/100] | Train Mixed Loss (Trend, limit=2): 0.6598 (Base: 0.2463, DTW: 0.0850, TopK: 0.4352) | Val Mixed Loss (NoTrend, limit=2): 0.7426 (Base: 0.2857, DTW: 0.1314, TopK: 0.4720) | EMA NoTrend Loss: 0.737337 | LR: 1.20e-06
Epoch [99/100] | Train Mixed Loss (Trend, limit=2): 0.6555 (Base: 0.2443, DTW: 0.0848, TopK: 0.4309) | Val Mixed Loss (NoTrend, limit=2): 0.7328 (Base: 0.2831, DTW: 0.1291, TopK: 0.4661) | EMA NoTrend Loss: 0.736194 | LR: 1.05e-06
Epoch [100/100] | Train Mixed Loss (Trend, limit=2): 0.6605 (Base: 0.2456, DTW: 0.0857, TopK: 0.4349) | Val Mixed Loss (NoTrend, limit=2): 0.7337 (Base: 0.2841, DTW: 0.1294, TopK: 0.4635) | EMA NoTrend Loss: 0.735564 | LR: 1.00e-06
[*] Loaded best model from epoch 61 (EMA NoTrend Loss: 0.727614)
