[*] Process seed: 4
Building static profile features from historical data...
[*] Total trainable parameters: 1,904,129
Epoch [1/100] | Train Mixed Loss (Trend, limit=2): 1.0897 (Base: 0.3415, DTW: 0.2013, TopK: 0.6074) | Val Mixed Loss (NoTrend, limit=2): 0.8768 (Base: 0.3198, DTW: 0.1605, TopK: 0.5729) | EMA NoTrend Loss: 0.876809 | LR: 1.00e-04
Epoch [2/100] | Train Mixed Loss (Trend, limit=2): 0.9884 (Base: 0.3292, DTW: 0.1653, TopK: 0.5944) | Val Mixed Loss (NoTrend, limit=2): 0.8322 (Base: 0.3118, DTW: 0.1508, TopK: 0.5282) | EMA NoTrend Loss: 0.865646 | LR: 9.99e-05
Epoch [3/100] | Train Mixed Loss (Trend, limit=2): 0.9578 (Base: 0.3241, DTW: 0.1556, TopK: 0.5848) | Val Mixed Loss (NoTrend, limit=2): 0.8306 (Base: 0.3164, DTW: 0.1529, TopK: 0.4908) | EMA NoTrend Loss: 0.856878 | LR: 9.98e-05
Epoch [4/100] | Train Mixed Loss (Trend, limit=2): 0.9357 (Base: 0.3190, DTW: 0.1500, TopK: 0.5742) | Val Mixed Loss (NoTrend, limit=2): 0.8127 (Base: 0.3070, DTW: 0.1459, TopK: 0.5189) | EMA NoTrend Loss: 0.845831 | LR: 9.96e-05
Epoch [5/100] | Train Mixed Loss (Trend, limit=2): 0.9166 (Base: 0.3142, DTW: 0.1451, TopK: 0.5671) | Val Mixed Loss (NoTrend, limit=2): 0.8036 (Base: 0.3021, DTW: 0.1413, TopK: 0.5411) | EMA NoTrend Loss: 0.835264 | LR: 9.94e-05
Epoch [6/100] | Train Mixed Loss (Trend, limit=2): 0.9062 (Base: 0.3121, DTW: 0.1426, TopK: 0.5617) | Val Mixed Loss (NoTrend, limit=2): 0.7804 (Base: 0.2885, DTW: 0.1363, TopK: 0.5491) | EMA NoTrend Loss: 0.821552 | LR: 9.91e-05
Epoch [7/100] | Train Mixed Loss (Trend, limit=2): 0.8955 (Base: 0.3096, DTW: 0.1397, TopK: 0.5579) | Val Mixed Loss (NoTrend, limit=2): 0.7952 (Base: 0.3043, DTW: 0.1418, TopK: 0.5016) | EMA NoTrend Loss: 0.814958 | LR: 9.88e-05
Epoch [8/100] | Train Mixed Loss (Trend, limit=2): 0.8913 (Base: 0.3086, DTW: 0.1386, TopK: 0.5556) | Val Mixed Loss (NoTrend, limit=2): 0.7660 (Base: 0.2887, DTW: 0.1332, TopK: 0.5252) | EMA NoTrend Loss: 0.802721 | LR: 9.84e-05
Epoch [9/100] | Train Mixed Loss (Trend, limit=2): 0.8801 (Base: 0.3053, DTW: 0.1360, TopK: 0.5520) | Val Mixed Loss (NoTrend, limit=2): 0.7881 (Base: 0.3036, DTW: 0.1408, TopK: 0.4888) | EMA NoTrend Loss: 0.799055 | LR: 9.80e-05
Epoch [10/100] | Train Mixed Loss (Trend, limit=2): 0.8681 (Base: 0.3026, DTW: 0.1329, TopK: 0.5457) | Val Mixed Loss (NoTrend, limit=2): 0.7730 (Base: 0.2927, DTW: 0.1387, TopK: 0.4913) | EMA NoTrend Loss: 0.792549 | LR: 9.76e-05
Epoch [11/100] | Train Mixed Loss (Trend, limit=2): 0.8633 (Base: 0.3020, DTW: 0.1315, TopK: 0.5435) | Val Mixed Loss (NoTrend, limit=2): 0.7535 (Base: 0.2864, DTW: 0.1321, TopK: 0.5000) | EMA NoTrend Loss: 0.782784 | LR: 9.71e-05
Epoch [12/100] | Train Mixed Loss (Trend, limit=2): 0.8555 (Base: 0.2996, DTW: 0.1298, TopK: 0.5398) | Val Mixed Loss (NoTrend, limit=2): 0.7698 (Base: 0.2990, DTW: 0.1353, TopK: 0.4867) | EMA NoTrend Loss: 0.779538 | LR: 9.65e-05
Epoch [13/100] | Train Mixed Loss (Trend, limit=2): 0.8509 (Base: 0.2985, DTW: 0.1288, TopK: 0.5357) | Val Mixed Loss (NoTrend, limit=2): 0.7825 (Base: 0.3051, DTW: 0.1385, TopK: 0.4831) | EMA NoTrend Loss: 0.780267 | LR: 9.59e-05
Epoch [14/100] | Train Mixed Loss (Trend, limit=2): 0.8479 (Base: 0.2969, DTW: 0.1282, TopK: 0.5372) | Val Mixed Loss (NoTrend, limit=2): 0.7532 (Base: 0.2895, DTW: 0.1322, TopK: 0.4879) | EMA NoTrend Loss: 0.773500 | LR: 9.53e-05
Epoch [15/100] | Train Mixed Loss (Trend, limit=2): 0.8379 (Base: 0.2951, DTW: 0.1258, TopK: 0.5305) | Val Mixed Loss (NoTrend, limit=2): 0.7634 (Base: 0.2947, DTW: 0.1371, TopK: 0.4657) | EMA NoTrend Loss: 0.770975 | LR: 9.46e-05
Epoch [16/100] | Train Mixed Loss (Trend, limit=2): 0.8328 (Base: 0.2936, DTW: 0.1245, TopK: 0.5282) | Val Mixed Loss (NoTrend, limit=2): 0.7625 (Base: 0.2959, DTW: 0.1358, TopK: 0.4690) | EMA NoTrend Loss: 0.768866 | LR: 9.39e-05
Epoch [17/100] | Train Mixed Loss (Trend, limit=2): 0.8314 (Base: 0.2934, DTW: 0.1240, TopK: 0.5284) | Val Mixed Loss (NoTrend, limit=2): 0.7656 (Base: 0.2918, DTW: 0.1363, TopK: 0.4888) | EMA NoTrend Loss: 0.768041 | LR: 9.31e-05
Epoch [18/100] | Train Mixed Loss (Trend, limit=2): 0.8232 (Base: 0.2908, DTW: 0.1226, TopK: 0.5225) | Val Mixed Loss (NoTrend, limit=2): 0.7509 (Base: 0.2874, DTW: 0.1321, TopK: 0.4880) | EMA NoTrend Loss: 0.763765 | LR: 9.23e-05
Epoch [19/100] | Train Mixed Loss (Trend, limit=2): 0.8189 (Base: 0.2895, DTW: 0.1214, TopK: 0.5223) | Val Mixed Loss (NoTrend, limit=2): 0.7437 (Base: 0.2859, DTW: 0.1282, TopK: 0.5008) | EMA NoTrend Loss: 0.758739 | LR: 9.14e-05
Epoch [20/100] | Train Mixed Loss (Trend, limit=2): 0.8117 (Base: 0.2881, DTW: 0.1195, TopK: 0.5172) | Val Mixed Loss (NoTrend, limit=2): 0.7455 (Base: 0.2864, DTW: 0.1303, TopK: 0.4882) | EMA NoTrend Loss: 0.755438 | LR: 9.05e-05
Epoch [21/100] | Train Mixed Loss (Trend, limit=2): 0.8082 (Base: 0.2873, DTW: 0.1190, TopK: 0.5133) | Val Mixed Loss (NoTrend, limit=2): 0.7470 (Base: 0.2866, DTW: 0.1292, TopK: 0.5006) | EMA NoTrend Loss: 0.753325 | LR: 8.96e-05
Epoch [22/100] | Train Mixed Loss (Trend, limit=2): 0.8059 (Base: 0.2869, DTW: 0.1183, TopK: 0.5124) | Val Mixed Loss (NoTrend, limit=2): 0.7462 (Base: 0.2858, DTW: 0.1314, TopK: 0.4838) | EMA NoTrend Loss: 0.751554 | LR: 8.86e-05
Epoch [23/100] | Train Mixed Loss (Trend, limit=2): 0.7984 (Base: 0.2844, DTW: 0.1168, TopK: 0.5092) | Val Mixed Loss (NoTrend, limit=2): 0.7439 (Base: 0.2845, DTW: 0.1307, TopK: 0.4857) | EMA NoTrend Loss: 0.749628 | LR: 8.76e-05
Epoch [24/100] | Train Mixed Loss (Trend, limit=2): 0.7985 (Base: 0.2840, DTW: 0.1167, TopK: 0.5102) | Val Mixed Loss (NoTrend, limit=2): 0.7538 (Base: 0.2893, DTW: 0.1337, TopK: 0.4785) | EMA NoTrend Loss: 0.750665 | LR: 8.66e-05
Epoch [25/100] | Train Mixed Loss (Trend, limit=2): 0.7937 (Base: 0.2821, DTW: 0.1157, TopK: 0.5090) | Val Mixed Loss (NoTrend, limit=2): 0.7429 (Base: 0.2873, DTW: 0.1309, TopK: 0.4715) | EMA NoTrend Loss: 0.748712 | LR: 8.55e-05
Epoch [26/100] | Train Mixed Loss (Trend, limit=2): 0.7862 (Base: 0.2812, DTW: 0.1140, TopK: 0.5019) | Val Mixed Loss (NoTrend, limit=2): 0.7587 (Base: 0.2941, DTW: 0.1355, TopK: 0.4647) | EMA NoTrend Loss: 0.751212 | LR: 8.44e-05
Epoch [27/100] | Train Mixed Loss (Trend, limit=2): 0.7802 (Base: 0.2791, DTW: 0.1126, TopK: 0.4999) | Val Mixed Loss (NoTrend, limit=2): 0.7511 (Base: 0.2903, DTW: 0.1339, TopK: 0.4648) | EMA NoTrend Loss: 0.751188 | LR: 8.32e-05
Epoch [28/100] | Train Mixed Loss (Trend, limit=2): 0.7800 (Base: 0.2795, DTW: 0.1122, TopK: 0.5003) | Val Mixed Loss (NoTrend, limit=2): 0.7526 (Base: 0.2901, DTW: 0.1337, TopK: 0.4723) | EMA NoTrend Loss: 0.751534 | LR: 8.21e-05
Epoch [29/100] | Train Mixed Loss (Trend, limit=2): 0.7813 (Base: 0.2798, DTW: 0.1129, TopK: 0.4980) | Val Mixed Loss (NoTrend, limit=2): 0.7452 (Base: 0.2893, DTW: 0.1314, TopK: 0.4686) | EMA NoTrend Loss: 0.749946 | LR: 8.08e-05
Epoch [30/100] | Train Mixed Loss (Trend, limit=2): 0.7726 (Base: 0.2772, DTW: 0.1109, TopK: 0.4948) | Val Mixed Loss (NoTrend, limit=2): 0.7505 (Base: 0.2885, DTW: 0.1336, TopK: 0.4715) | EMA NoTrend Loss: 0.750094 | LR: 7.96e-05
Epoch [31/100] | Train Mixed Loss (Trend, limit=2): 0.7701 (Base: 0.2763, DTW: 0.1101, TopK: 0.4950) | Val Mixed Loss (NoTrend, limit=2): 0.7507 (Base: 0.2905, DTW: 0.1334, TopK: 0.4667) | EMA NoTrend Loss: 0.750240 | LR: 7.83e-05
Epoch [32/100] | Train Mixed Loss (Trend, limit=2): 0.7635 (Base: 0.2748, DTW: 0.1087, TopK: 0.4901) | Val Mixed Loss (NoTrend, limit=2): 0.7411 (Base: 0.2819, DTW: 0.1297, TopK: 0.4930) | EMA NoTrend Loss: 0.747956 | LR: 7.70e-05
Epoch [33/100] | Train Mixed Loss (Trend, limit=2): 0.7617 (Base: 0.2746, DTW: 0.1082, TopK: 0.4888) | Val Mixed Loss (NoTrend, limit=2): 0.7534 (Base: 0.2889, DTW: 0.1339, TopK: 0.4770) | EMA NoTrend Loss: 0.749320 | LR: 7.57e-05
Epoch [34/100] | Train Mixed Loss (Trend, limit=2): 0.7566 (Base: 0.2732, DTW: 0.1070, TopK: 0.4867) | Val Mixed Loss (NoTrend, limit=2): 0.7405 (Base: 0.2862, DTW: 0.1310, TopK: 0.4664) | EMA NoTrend Loss: 0.747121 | LR: 7.43e-05
Epoch [35/100] | Train Mixed Loss (Trend, limit=2): 0.7532 (Base: 0.2719, DTW: 0.1063, TopK: 0.4849) | Val Mixed Loss (NoTrend, limit=2): 0.7400 (Base: 0.2824, DTW: 0.1305, TopK: 0.4813) | EMA NoTrend Loss: 0.745336 | LR: 7.30e-05
Epoch [36/100] | Train Mixed Loss (Trend, limit=2): 0.7556 (Base: 0.2727, DTW: 0.1067, TopK: 0.4849) | Val Mixed Loss (NoTrend, limit=2): 0.7335 (Base: 0.2831, DTW: 0.1294, TopK: 0.4660) | EMA NoTrend Loss: 0.742376 | LR: 7.16e-05
Epoch [37/100] | Train Mixed Loss (Trend, limit=2): 0.7511 (Base: 0.2716, DTW: 0.1057, TopK: 0.4832) | Val Mixed Loss (NoTrend, limit=2): 0.7453 (Base: 0.2895, DTW: 0.1324, TopK: 0.4598) | EMA NoTrend Loss: 0.743100 | LR: 7.02e-05
Epoch [38/100] | Train Mixed Loss (Trend, limit=2): 0.7497 (Base: 0.2710, DTW: 0.1054, TopK: 0.4821) | Val Mixed Loss (NoTrend, limit=2): 0.7568 (Base: 0.2909, DTW: 0.1362, TopK: 0.4634) | EMA NoTrend Loss: 0.746526 | LR: 6.87e-05
Epoch [39/100] | Train Mixed Loss (Trend, limit=2): 0.7436 (Base: 0.2691, DTW: 0.1040, TopK: 0.4793) | Val Mixed Loss (NoTrend, limit=2): 0.7507 (Base: 0.2878, DTW: 0.1323, TopK: 0.4848) | EMA NoTrend Loss: 0.747561 | LR: 6.73e-05
Epoch [40/100] | Train Mixed Loss (Trend, limit=2): 0.7384 (Base: 0.2679, DTW: 0.1028, TopK: 0.4759) | Val Mixed Loss (NoTrend, limit=2): 0.7433 (Base: 0.2859, DTW: 0.1321, TopK: 0.4681) | EMA NoTrend Loss: 0.746485 | LR: 6.58e-05
Epoch [41/100] | Train Mixed Loss (Trend, limit=2): 0.7413 (Base: 0.2686, DTW: 0.1034, TopK: 0.4778) | Val Mixed Loss (NoTrend, limit=2): 0.7455 (Base: 0.2889, DTW: 0.1327, TopK: 0.4607) | EMA NoTrend Loss: 0.746247 | LR: 6.43e-05
Epoch [42/100] | Train Mixed Loss (Trend, limit=2): 0.7383 (Base: 0.2681, DTW: 0.1025, TopK: 0.4760) | Val Mixed Loss (NoTrend, limit=2): 0.7372 (Base: 0.2815, DTW: 0.1300, TopK: 0.4791) | EMA NoTrend Loss: 0.743978 | LR: 6.28e-05
Epoch [43/100] | Train Mixed Loss (Trend, limit=2): 0.7327 (Base: 0.2663, DTW: 0.1016, TopK: 0.4718) | Val Mixed Loss (NoTrend, limit=2): 0.7554 (Base: 0.2880, DTW: 0.1354, TopK: 0.4753) | EMA NoTrend Loss: 0.746844 | LR: 6.13e-05
Epoch [44/100] | Train Mixed Loss (Trend, limit=2): 0.7294 (Base: 0.2654, DTW: 0.1004, TopK: 0.4726) | Val Mixed Loss (NoTrend, limit=2): 0.7371 (Base: 0.2846, DTW: 0.1300, TopK: 0.4687) | EMA NoTrend Loss: 0.744420 | LR: 5.98e-05
Epoch [45/100] | Train Mixed Loss (Trend, limit=2): 0.7275 (Base: 0.2649, DTW: 0.1001, TopK: 0.4708) | Val Mixed Loss (NoTrend, limit=2): 0.7333 (Base: 0.2813, DTW: 0.1288, TopK: 0.4766) | EMA NoTrend Loss: 0.741642 | LR: 5.82e-05
Epoch [46/100] | Train Mixed Loss (Trend, limit=2): 0.7286 (Base: 0.2653, DTW: 0.1003, TopK: 0.4700) | Val Mixed Loss (NoTrend, limit=2): 0.7400 (Base: 0.2815, DTW: 0.1297, TopK: 0.4908) | EMA NoTrend Loss: 0.741221 | LR: 5.67e-05
Epoch [47/100] | Train Mixed Loss (Trend, limit=2): 0.7225 (Base: 0.2630, DTW: 0.0991, TopK: 0.4677) | Val Mixed Loss (NoTrend, limit=2): 0.7560 (Base: 0.2929, DTW: 0.1357, TopK: 0.4583) | EMA NoTrend Loss: 0.744908 | LR: 5.52e-05
Epoch [48/100] | Train Mixed Loss (Trend, limit=2): 0.7207 (Base: 0.2627, DTW: 0.0985, TopK: 0.4672) | Val Mixed Loss (NoTrend, limit=2): 0.7494 (Base: 0.2879, DTW: 0.1334, TopK: 0.4713) | EMA NoTrend Loss: 0.746041 | LR: 5.36e-05
Epoch [49/100] | Train Mixed Loss (Trend, limit=2): 0.7169 (Base: 0.2613, DTW: 0.0975, TopK: 0.4671) | Val Mixed Loss (NoTrend, limit=2): 0.7496 (Base: 0.2899, DTW: 0.1338, TopK: 0.4616) | EMA NoTrend Loss: 0.746929 | LR: 5.21e-05
Epoch [50/100] | Train Mixed Loss (Trend, limit=2): 0.7162 (Base: 0.2613, DTW: 0.0977, TopK: 0.4633) | Val Mixed Loss (NoTrend, limit=2): 0.7473 (Base: 0.2870, DTW: 0.1324, TopK: 0.4752) | EMA NoTrend Loss: 0.747019 | LR: 5.05e-05
Epoch [51/100] | Train Mixed Loss (Trend, limit=2): 0.7122 (Base: 0.2604, DTW: 0.0966, TopK: 0.4627) | Val Mixed Loss (NoTrend, limit=2): 0.7524 (Base: 0.2891, DTW: 0.1339, TopK: 0.4734) | EMA NoTrend Loss: 0.748357 | LR: 4.89e-05
Epoch [52/100] | Train Mixed Loss (Trend, limit=2): 0.7132 (Base: 0.2605, DTW: 0.0969, TopK: 0.4619) | Val Mixed Loss (NoTrend, limit=2): 0.7360 (Base: 0.2846, DTW: 0.1303, TopK: 0.4621) | EMA NoTrend Loss: 0.745270 | LR: 4.74e-05
Epoch [53/100] | Train Mixed Loss (Trend, limit=2): 0.7094 (Base: 0.2599, DTW: 0.0957, TopK: 0.4611) | Val Mixed Loss (NoTrend, limit=2): 0.7350 (Base: 0.2845, DTW: 0.1306, TopK: 0.4570) | EMA NoTrend Loss: 0.742698 | LR: 4.58e-05
Epoch [54/100] | Train Mixed Loss (Trend, limit=2): 0.7074 (Base: 0.2590, DTW: 0.0955, TopK: 0.4584) | Val Mixed Loss (NoTrend, limit=2): 0.7408 (Base: 0.2858, DTW: 0.1306, TopK: 0.4722) | EMA NoTrend Loss: 0.742226 | LR: 4.43e-05
Epoch [55/100] | Train Mixed Loss (Trend, limit=2): 0.7046 (Base: 0.2580, DTW: 0.0947, TopK: 0.4586) | Val Mixed Loss (NoTrend, limit=2): 0.7351 (Base: 0.2826, DTW: 0.1300, TopK: 0.4684) | EMA NoTrend Loss: 0.740445 | LR: 4.28e-05
Epoch [56/100] | Train Mixed Loss (Trend, limit=2): 0.7010 (Base: 0.2571, DTW: 0.0941, TopK: 0.4548) | Val Mixed Loss (NoTrend, limit=2): 0.7317 (Base: 0.2814, DTW: 0.1293, TopK: 0.4668) | EMA NoTrend Loss: 0.738263 | LR: 4.12e-05
Epoch [57/100] | Train Mixed Loss (Trend, limit=2): 0.6976 (Base: 0.2561, DTW: 0.0933, TopK: 0.4532) | Val Mixed Loss (NoTrend, limit=2): 0.7442 (Base: 0.2858, DTW: 0.1321, TopK: 0.4709) | EMA NoTrend Loss: 0.739746 | LR: 3.97e-05
Epoch [58/100] | Train Mixed Loss (Trend, limit=2): 0.6961 (Base: 0.2562, DTW: 0.0927, TopK: 0.4534) | Val Mixed Loss (NoTrend, limit=2): 0.7374 (Base: 0.2829, DTW: 0.1308, TopK: 0.4680) | EMA NoTrend Loss: 0.739150 | LR: 3.82e-05
Epoch [59/100] | Train Mixed Loss (Trend, limit=2): 0.6965 (Base: 0.2566, DTW: 0.0926, TopK: 0.4529) | Val Mixed Loss (NoTrend, limit=2): 0.7384 (Base: 0.2854, DTW: 0.1312, TopK: 0.4609) | EMA NoTrend Loss: 0.738974 | LR: 3.67e-05
Epoch [60/100] | Train Mixed Loss (Trend, limit=2): 0.6964 (Base: 0.2562, DTW: 0.0925, TopK: 0.4534) | Val Mixed Loss (NoTrend, limit=2): 0.7476 (Base: 0.2885, DTW: 0.1328, TopK: 0.4681) | EMA NoTrend Loss: 0.741134 | LR: 3.52e-05
Epoch [61/100] | Train Mixed Loss (Trend, limit=2): 0.6945 (Base: 0.2556, DTW: 0.0919, TopK: 0.4545) | Val Mixed Loss (NoTrend, limit=2): 0.7321 (Base: 0.2826, DTW: 0.1296, TopK: 0.4619) | EMA NoTrend Loss: 0.738882 | LR: 3.37e-05
Epoch [62/100] | Train Mixed Loss (Trend, limit=2): 0.6919 (Base: 0.2545, DTW: 0.0916, TopK: 0.4521) | Val Mixed Loss (NoTrend, limit=2): 0.7411 (Base: 0.2863, DTW: 0.1318, TopK: 0.4612) | EMA NoTrend Loss: 0.739424 | LR: 3.23e-05
Epoch [63/100] | Train Mixed Loss (Trend, limit=2): 0.6850 (Base: 0.2522, DTW: 0.0903, TopK: 0.4487) | Val Mixed Loss (NoTrend, limit=2): 0.7355 (Base: 0.2846, DTW: 0.1307, TopK: 0.4571) | EMA NoTrend Loss: 0.738445 | LR: 3.08e-05
Epoch [64/100] | Train Mixed Loss (Trend, limit=2): 0.6871 (Base: 0.2528, DTW: 0.0908, TopK: 0.4484) | Val Mixed Loss (NoTrend, limit=2): 0.7477 (Base: 0.2885, DTW: 0.1335, TopK: 0.4629) | EMA NoTrend Loss: 0.740756 | LR: 2.94e-05
Epoch [65/100] | Train Mixed Loss (Trend, limit=2): 0.6852 (Base: 0.2529, DTW: 0.0901, TopK: 0.4477) | Val Mixed Loss (NoTrend, limit=2): 0.7410 (Base: 0.2862, DTW: 0.1321, TopK: 0.4588) | EMA NoTrend Loss: 0.740821 | LR: 2.80e-05
Epoch [66/100] | Train Mixed Loss (Trend, limit=2): 0.6801 (Base: 0.2507, DTW: 0.0893, TopK: 0.4449) | Val Mixed Loss (NoTrend, limit=2): 0.7415 (Base: 0.2859, DTW: 0.1318, TopK: 0.4644) | EMA NoTrend Loss: 0.740997 | LR: 2.67e-05
Epoch [67/100] | Train Mixed Loss (Trend, limit=2): 0.6783 (Base: 0.2507, DTW: 0.0886, TopK: 0.4446) | Val Mixed Loss (NoTrend, limit=2): 0.7419 (Base: 0.2840, DTW: 0.1313, TopK: 0.4764) | EMA NoTrend Loss: 0.741232 | LR: 2.53e-05
Epoch [68/100] | Train Mixed Loss (Trend, limit=2): 0.6808 (Base: 0.2514, DTW: 0.0890, TopK: 0.4456) | Val Mixed Loss (NoTrend, limit=2): 0.7383 (Base: 0.2840, DTW: 0.1317, TopK: 0.4610) | EMA NoTrend Loss: 0.740511 | LR: 2.40e-05
Epoch [69/100] | Train Mixed Loss (Trend, limit=2): 0.6780 (Base: 0.2506, DTW: 0.0885, TopK: 0.4438) | Val Mixed Loss (NoTrend, limit=2): 0.7453 (Base: 0.2858, DTW: 0.1331, TopK: 0.4664) | EMA NoTrend Loss: 0.741698 | LR: 2.27e-05
Epoch [70/100] | Train Mixed Loss (Trend, limit=2): 0.6739 (Base: 0.2495, DTW: 0.0877, TopK: 0.4406) | Val Mixed Loss (NoTrend, limit=2): 0.7522 (Base: 0.2891, DTW: 0.1351, TopK: 0.4629) | EMA NoTrend Loss: 0.744322 | LR: 2.14e-05
Epoch [71/100] | Train Mixed Loss (Trend, limit=2): 0.6728 (Base: 0.2490, DTW: 0.0874, TopK: 0.4410) | Val Mixed Loss (NoTrend, limit=2): 0.7462 (Base: 0.2861, DTW: 0.1329, TopK: 0.4705) | EMA NoTrend Loss: 0.744800 | LR: 2.02e-05
Epoch [72/100] | Train Mixed Loss (Trend, limit=2): 0.6759 (Base: 0.2500, DTW: 0.0878, TopK: 0.4431) | Val Mixed Loss (NoTrend, limit=2): 0.7363 (Base: 0.2850, DTW: 0.1301, TopK: 0.4633) | EMA NoTrend Loss: 0.742685 | LR: 1.89e-05
Epoch [73/100] | Train Mixed Loss (Trend, limit=2): 0.6702 (Base: 0.2482, DTW: 0.0868, TopK: 0.4400) | Val Mixed Loss (NoTrend, limit=2): 0.7421 (Base: 0.2871, DTW: 0.1318, TopK: 0.4620) | EMA NoTrend Loss: 0.742531 | LR: 1.78e-05
Epoch [74/100] | Train Mixed Loss (Trend, limit=2): 0.6691 (Base: 0.2479, DTW: 0.0866, TopK: 0.4382) | Val Mixed Loss (NoTrend, limit=2): 0.7465 (Base: 0.2862, DTW: 0.1340, TopK: 0.4625) | EMA NoTrend Loss: 0.743512 | LR: 1.66e-05
Epoch [75/100] | Train Mixed Loss (Trend, limit=2): 0.6703 (Base: 0.2484, DTW: 0.0865, TopK: 0.4402) | Val Mixed Loss (NoTrend, limit=2): 0.7428 (Base: 0.2853, DTW: 0.1319, TopK: 0.4702) | EMA NoTrend Loss: 0.743336 | LR: 1.55e-05
Epoch [76/100] | Train Mixed Loss (Trend, limit=2): 0.6704 (Base: 0.2480, DTW: 0.0868, TopK: 0.4400) | Val Mixed Loss (NoTrend, limit=2): 0.7402 (Base: 0.2845, DTW: 0.1313, TopK: 0.4689) | EMA NoTrend Loss: 0.742561 | LR: 1.44e-05
Epoch [77/100] | Train Mixed Loss (Trend, limit=2): 0.6645 (Base: 0.2463, DTW: 0.0856, TopK: 0.4366) | Val Mixed Loss (NoTrend, limit=2): 0.7396 (Base: 0.2863, DTW: 0.1314, TopK: 0.4599) | EMA NoTrend Loss: 0.741832 | LR: 1.34e-05
Epoch [78/100] | Train Mixed Loss (Trend, limit=2): 0.6693 (Base: 0.2486, DTW: 0.0861, TopK: 0.4381) | Val Mixed Loss (NoTrend, limit=2): 0.7428 (Base: 0.2868, DTW: 0.1324, TopK: 0.4610) | EMA NoTrend Loss: 0.742083 | LR: 1.24e-05
Epoch [79/100] | Train Mixed Loss (Trend, limit=2): 0.6662 (Base: 0.2469, DTW: 0.0855, TopK: 0.4387) | Val Mixed Loss (NoTrend, limit=2): 0.7417 (Base: 0.2848, DTW: 0.1324, TopK: 0.4638) | EMA NoTrend Loss: 0.741987 | LR: 1.14e-05
Epoch [80/100] | Train Mixed Loss (Trend, limit=2): 0.6708 (Base: 0.2485, DTW: 0.0864, TopK: 0.4407) | Val Mixed Loss (NoTrend, limit=2): 0.7357 (Base: 0.2830, DTW: 0.1307, TopK: 0.4634) | EMA NoTrend Loss: 0.740409 | LR: 1.05e-05
Epoch [81/100] | Train Mixed Loss (Trend, limit=2): 0.6655 (Base: 0.2472, DTW: 0.0853, TopK: 0.4375) | Val Mixed Loss (NoTrend, limit=2): 0.7438 (Base: 0.2856, DTW: 0.1326, TopK: 0.4662) | EMA NoTrend Loss: 0.741258 | LR: 9.56e-06
Epoch [82/100] | Train Mixed Loss (Trend, limit=2): 0.6619 (Base: 0.2460, DTW: 0.0848, TopK: 0.4339) | Val Mixed Loss (NoTrend, limit=2): 0.7383 (Base: 0.2840, DTW: 0.1311, TopK: 0.4655) | EMA NoTrend Loss: 0.740512 | LR: 8.71e-06
Epoch [83/100] | Train Mixed Loss (Trend, limit=2): 0.6624 (Base: 0.2460, DTW: 0.0849, TopK: 0.4348) | Val Mixed Loss (NoTrend, limit=2): 0.7350 (Base: 0.2843, DTW: 0.1296, TopK: 0.4653) | EMA NoTrend Loss: 0.739124 | LR: 7.89e-06
Epoch [84/100] | Train Mixed Loss (Trend, limit=2): 0.6645 (Base: 0.2465, DTW: 0.0852, TopK: 0.4369) | Val Mixed Loss (NoTrend, limit=2): 0.7405 (Base: 0.2839, DTW: 0.1318, TopK: 0.4675) | EMA NoTrend Loss: 0.739458 | LR: 7.12e-06
Epoch [85/100] | Train Mixed Loss (Trend, limit=2): 0.6654 (Base: 0.2466, DTW: 0.0854, TopK: 0.4375) | Val Mixed Loss (NoTrend, limit=2): 0.7438 (Base: 0.2861, DTW: 0.1325, TopK: 0.4656) | EMA NoTrend Loss: 0.740536 | LR: 6.40e-06
Epoch [86/100] | Train Mixed Loss (Trend, limit=2): 0.6588 (Base: 0.2449, DTW: 0.0842, TopK: 0.4325) | Val Mixed Loss (NoTrend, limit=2): 0.7380 (Base: 0.2864, DTW: 0.1305, TopK: 0.4612) | EMA NoTrend Loss: 0.739912 | LR: 5.71e-06
Epoch [87/100] | Train Mixed Loss (Trend, limit=2): 0.6608 (Base: 0.2453, DTW: 0.0844, TopK: 0.4356) | Val Mixed Loss (NoTrend, limit=2): 0.7416 (Base: 0.2858, DTW: 0.1319, TopK: 0.4643) | EMA NoTrend Loss: 0.740333 | LR: 5.07e-06
Epoch [88/100] | Train Mixed Loss (Trend, limit=2): 0.6595 (Base: 0.2454, DTW: 0.0841, TopK: 0.4322) | Val Mixed Loss (NoTrend, limit=2): 0.7458 (Base: 0.2870, DTW: 0.1329, TopK: 0.4659) | EMA NoTrend Loss: 0.741688 | LR: 4.48e-06
Epoch [89/100] | Train Mixed Loss (Trend, limit=2): 0.6619 (Base: 0.2458, DTW: 0.0846, TopK: 0.4348) | Val Mixed Loss (NoTrend, limit=2): 0.7410 (Base: 0.2842, DTW: 0.1320, TopK: 0.4673) | EMA NoTrend Loss: 0.741528 | LR: 3.93e-06
Epoch [90/100] | Train Mixed Loss (Trend, limit=2): 0.6620 (Base: 0.2456, DTW: 0.0847, TopK: 0.4353) | Val Mixed Loss (NoTrend, limit=2): 0.7422 (Base: 0.2852, DTW: 0.1320, TopK: 0.4673) | EMA NoTrend Loss: 0.741700 | LR: 3.42e-06
Epoch [91/100] | Train Mixed Loss (Trend, limit=2): 0.6582 (Base: 0.2442, DTW: 0.0841, TopK: 0.4326) | Val Mixed Loss (NoTrend, limit=2): 0.7426 (Base: 0.2856, DTW: 0.1323, TopK: 0.4646) | EMA NoTrend Loss: 0.741917 | LR: 2.97e-06
Epoch [92/100] | Train Mixed Loss (Trend, limit=2): 0.6597 (Base: 0.2455, DTW: 0.0841, TopK: 0.4327) | Val Mixed Loss (NoTrend, limit=2): 0.7444 (Base: 0.2854, DTW: 0.1323, TopK: 0.4719) | EMA NoTrend Loss: 0.742534 | LR: 2.56e-06
Epoch [93/100] | Train Mixed Loss (Trend, limit=2): 0.6580 (Base: 0.2441, DTW: 0.0840, TopK: 0.4334) | Val Mixed Loss (NoTrend, limit=2): 0.7425 (Base: 0.2860, DTW: 0.1322, TopK: 0.4640) | EMA NoTrend Loss: 0.742538 | LR: 2.19e-06
Epoch [94/100] | Train Mixed Loss (Trend, limit=2): 0.6562 (Base: 0.2443, DTW: 0.0833, TopK: 0.4322) | Val Mixed Loss (NoTrend, limit=2): 0.7358 (Base: 0.2835, DTW: 0.1303, TopK: 0.4651) | EMA NoTrend Loss: 0.740848 | LR: 1.88e-06
Epoch [95/100] | Train Mixed Loss (Trend, limit=2): 0.6606 (Base: 0.2452, DTW: 0.0841, TopK: 0.4366) | Val Mixed Loss (NoTrend, limit=2): 0.7416 (Base: 0.2856, DTW: 0.1322, TopK: 0.4629) | EMA NoTrend Loss: 0.741039 | LR: 1.61e-06
Epoch [96/100] | Train Mixed Loss (Trend, limit=2): 0.6590 (Base: 0.2447, DTW: 0.0839, TopK: 0.4342) | Val Mixed Loss (NoTrend, limit=2): 0.7429 (Base: 0.2861, DTW: 0.1323, TopK: 0.4649) | EMA NoTrend Loss: 0.741511 | LR: 1.39e-06
Epoch [97/100] | Train Mixed Loss (Trend, limit=2): 0.6566 (Base: 0.2441, DTW: 0.0838, TopK: 0.4309) | Val Mixed Loss (NoTrend, limit=2): 0.7419 (Base: 0.2852, DTW: 0.1322, TopK: 0.4649) | EMA NoTrend Loss: 0.741617 | LR: 1.22e-06
Epoch [98/100] | Train Mixed Loss (Trend, limit=2): 0.6584 (Base: 0.2450, DTW: 0.0836, TopK: 0.4342) | Val Mixed Loss (NoTrend, limit=2): 0.7483 (Base: 0.2870, DTW: 0.1332, TopK: 0.4716) | EMA NoTrend Loss: 0.743280 | LR: 1.10e-06
Epoch [99/100] | Train Mixed Loss (Trend, limit=2): 0.6541 (Base: 0.2434, DTW: 0.0832, TopK: 0.4298) | Val Mixed Loss (NoTrend, limit=2): 0.7377 (Base: 0.2840, DTW: 0.1304, TopK: 0.4691) | EMA NoTrend Loss: 0.741882 | LR: 1.02e-06
Epoch [100/100] | Train Mixed Loss (Trend, limit=2): 0.6583 (Base: 0.2444, DTW: 0.0840, TopK: 0.4337) | Val Mixed Loss (NoTrend, limit=2): 0.7399 (Base: 0.2854, DTW: 0.1312, TopK: 0.4653) | EMA NoTrend Loss: 0.741394 | LR: 1.00e-06
[*] Loaded best model from epoch 56 (EMA NoTrend Loss: 0.738263)
