Starting Transformer experiment with seed 3 in /root/autodl-tmp/parallel_runs/worker_3_seed_3
Device: cuda
Data shape: (1029, 35040, 10)
Max PM2.5 value: 32768.0
Abnormal points (>1000): 636
Loaded cache: /root/autodl-tmp/parallel_runs/worker_3_seed_3/dataset_cache_train_2y_T144_P48_seed_3.pt (Eligible stations: 1029/1029)
Loaded cache: /root/autodl-tmp/parallel_runs/worker_3_seed_3/dataset_cache_val_1y_T144_P48_seed_3.pt (Eligible stations: 1029/1029)
Total trainable parameters: 2,259,201
Epoch [1/100] | Train Loss: 1.0769 (Base: 0.3435, Trend: 0.1712, DTW: 0.1938, TopK: 0.6090) | Val Loss: 0.874906 (Base: 0.3174, DTW: 0.1639, TopK: 0.5471) | EMA No-Trend Loss: 0.874906 | LR: 2.00e-04
Epoch [2/100] | Train Loss: 1.0012 (Base: 0.3341, Trend: 0.1726, DTW: 0.1669, TopK: 0.6010) | Val Loss: 0.848887 (Base: 0.3159, DTW: 0.1544, TopK: 0.5416) | EMA No-Trend Loss: 0.868401 | LR: 2.00e-04
Epoch [3/100] | Train Loss: 0.9732 (Base: 0.3284, Trend: 0.1708, DTW: 0.1591, TopK: 0.5918) | Val Loss: 0.817693 (Base: 0.3070, DTW: 0.1456, TopK: 0.5371) | EMA No-Trend Loss: 0.855724 | LR: 2.00e-04
Epoch [4/100] | Train Loss: 0.9484 (Base: 0.3223, Trend: 0.1688, DTW: 0.1529, TopK: 0.5827) | Val Loss: 0.819225 (Base: 0.3109, DTW: 0.1471, TopK: 0.5176) | EMA No-Trend Loss: 0.846600 | LR: 1.99e-04
Epoch [5/100] | Train Loss: 0.9400 (Base: 0.3205, Trend: 0.1688, DTW: 0.1506, TopK: 0.5791) | Val Loss: 0.790370 (Base: 0.2949, DTW: 0.1387, TopK: 0.5422) | EMA No-Trend Loss: 0.832542 | LR: 1.99e-04
Epoch [6/100] | Train Loss: 0.9304 (Base: 0.3192, Trend: 0.1679, DTW: 0.1482, TopK: 0.5720) | Val Loss: 0.804656 (Base: 0.3002, DTW: 0.1433, TopK: 0.5351) | EMA No-Trend Loss: 0.825571 | LR: 1.98e-04
Epoch [7/100] | Train Loss: 0.9154 (Base: 0.3143, Trend: 0.1671, DTW: 0.1447, TopK: 0.5678) | Val Loss: 0.796733 (Base: 0.3007, DTW: 0.1386, TopK: 0.5443) | EMA No-Trend Loss: 0.818361 | LR: 1.98e-04
Epoch [8/100] | Train Loss: 0.9088 (Base: 0.3130, Trend: 0.1663, DTW: 0.1429, TopK: 0.5654) | Val Loss: 0.794238 (Base: 0.2980, DTW: 0.1428, TopK: 0.5120) | EMA No-Trend Loss: 0.812331 | LR: 1.97e-04
Epoch [9/100] | Train Loss: 0.9020 (Base: 0.3116, Trend: 0.1661, DTW: 0.1408, TopK: 0.5648) | Val Loss: 0.803838 (Base: 0.3021, DTW: 0.1462, TopK: 0.5029) | EMA No-Trend Loss: 0.810207 | LR: 1.96e-04
Epoch [10/100] | Train Loss: 0.8963 (Base: 0.3106, Trend: 0.1662, DTW: 0.1391, TopK: 0.5623) | Val Loss: 0.811262 (Base: 0.3089, DTW: 0.1446, TopK: 0.5181) | EMA No-Trend Loss: 0.810471 | LR: 1.95e-04
Epoch [11/100] | Train Loss: 0.8870 (Base: 0.3075, Trend: 0.1649, DTW: 0.1377, TopK: 0.5555) | Val Loss: 0.801756 (Base: 0.3087, DTW: 0.1447, TopK: 0.4864) | EMA No-Trend Loss: 0.808292 | LR: 1.94e-04
Epoch [12/100] | Train Loss: 0.8847 (Base: 0.3079, Trend: 0.1650, DTW: 0.1367, TopK: 0.5541) | Val Loss: 0.784454 (Base: 0.2974, DTW: 0.1391, TopK: 0.5104) | EMA No-Trend Loss: 0.802333 | LR: 1.93e-04
Epoch [13/100] | Train Loss: 0.8849 (Base: 0.3073, Trend: 0.1651, DTW: 0.1370, TopK: 0.5544) | Val Loss: 0.776481 (Base: 0.2921, DTW: 0.1363, TopK: 0.5242) | EMA No-Trend Loss: 0.795870 | LR: 1.92e-04
Epoch [14/100] | Train Loss: 0.8726 (Base: 0.3039, Trend: 0.1641, DTW: 0.1343, TopK: 0.5479) | Val Loss: 0.775849 (Base: 0.2921, DTW: 0.1366, TopK: 0.5193) | EMA No-Trend Loss: 0.790864 | LR: 1.91e-04
Epoch [15/100] | Train Loss: 0.8689 (Base: 0.3033, Trend: 0.1639, DTW: 0.1332, TopK: 0.5468) | Val Loss: 0.780586 (Base: 0.2948, DTW: 0.1386, TopK: 0.5107) | EMA No-Trend Loss: 0.788295 | LR: 1.89e-04
Epoch [16/100] | Train Loss: 0.8596 (Base: 0.3009, Trend: 0.1631, DTW: 0.1311, TopK: 0.5418) | Val Loss: 0.772492 (Base: 0.2878, DTW: 0.1341, TopK: 0.5429) | EMA No-Trend Loss: 0.784344 | LR: 1.88e-04
Epoch [17/100] | Train Loss: 0.8590 (Base: 0.3015, Trend: 0.1639, DTW: 0.1308, TopK: 0.5392) | Val Loss: 0.770680 (Base: 0.2839, DTW: 0.1367, TopK: 0.5288) | EMA No-Trend Loss: 0.780928 | LR: 1.86e-04
Epoch [18/100] | Train Loss: 0.8547 (Base: 0.2995, Trend: 0.1632, DTW: 0.1300, TopK: 0.5387) | Val Loss: 0.773784 (Base: 0.2927, DTW: 0.1362, TopK: 0.5140) | EMA No-Trend Loss: 0.779142 | LR: 1.85e-04
Epoch [19/100] | Train Loss: 0.8480 (Base: 0.2985, Trend: 0.1630, DTW: 0.1280, TopK: 0.5361) | Val Loss: 0.767691 (Base: 0.2881, DTW: 0.1341, TopK: 0.5262) | EMA No-Trend Loss: 0.776279 | LR: 1.83e-04
Epoch [20/100] | Train Loss: 0.8435 (Base: 0.2966, Trend: 0.1631, DTW: 0.1273, TopK: 0.5331) | Val Loss: 0.768295 (Base: 0.2945, DTW: 0.1353, TopK: 0.4967) | EMA No-Trend Loss: 0.774283 | LR: 1.81e-04
Epoch [21/100] | Train Loss: 0.8456 (Base: 0.2977, Trend: 0.1635, DTW: 0.1274, TopK: 0.5347) | Val Loss: 0.773714 (Base: 0.2947, DTW: 0.1372, TopK: 0.4989) | EMA No-Trend Loss: 0.774141 | LR: 1.79e-04
Epoch [22/100] | Train Loss: 0.8357 (Base: 0.2949, Trend: 0.1623, DTW: 0.1253, TopK: 0.5297) | Val Loss: 0.769304 (Base: 0.2914, DTW: 0.1360, TopK: 0.5052) | EMA No-Trend Loss: 0.772932 | LR: 1.77e-04
Epoch [23/100] | Train Loss: 0.8378 (Base: 0.2953, Trend: 0.1630, DTW: 0.1256, TopK: 0.5319) | Val Loss: 0.789333 (Base: 0.3035, DTW: 0.1425, TopK: 0.4798) | EMA No-Trend Loss: 0.777032 | LR: 1.75e-04
Epoch [24/100] | Train Loss: 0.8291 (Base: 0.2928, Trend: 0.1616, DTW: 0.1240, TopK: 0.5260) | Val Loss: 0.775909 (Base: 0.2931, DTW: 0.1371, TopK: 0.5124) | EMA No-Trend Loss: 0.776751 | LR: 1.73e-04
Epoch [25/100] | Train Loss: 0.8224 (Base: 0.2913, Trend: 0.1610, DTW: 0.1226, TopK: 0.5212) | Val Loss: 0.765700 (Base: 0.2909, DTW: 0.1350, TopK: 0.5025) | EMA No-Trend Loss: 0.773989 | LR: 1.71e-04
Epoch [26/100] | Train Loss: 0.8220 (Base: 0.2907, Trend: 0.1620, DTW: 0.1219, TopK: 0.5254) | Val Loss: 0.779275 (Base: 0.2972, DTW: 0.1391, TopK: 0.4941) | EMA No-Trend Loss: 0.775310 | LR: 1.69e-04
Epoch [27/100] | Train Loss: 0.8175 (Base: 0.2898, Trend: 0.1623, DTW: 0.1211, TopK: 0.5198) | Val Loss: 0.778350 (Base: 0.2972, DTW: 0.1393, TopK: 0.4894) | EMA No-Trend Loss: 0.776070 | LR: 1.66e-04
Epoch [28/100] | Train Loss: 0.8083 (Base: 0.2873, Trend: 0.1611, DTW: 0.1192, TopK: 0.5144) | Val Loss: 0.763871 (Base: 0.2877, DTW: 0.1355, TopK: 0.5032) | EMA No-Trend Loss: 0.773020 | LR: 1.64e-04
Epoch [29/100] | Train Loss: 0.8086 (Base: 0.2875, Trend: 0.1606, DTW: 0.1194, TopK: 0.5143) | Val Loss: 0.769941 (Base: 0.2917, DTW: 0.1378, TopK: 0.4921) | EMA No-Trend Loss: 0.772250 | LR: 1.61e-04
Epoch [30/100] | Train Loss: 0.8047 (Base: 0.2863, Trend: 0.1604, DTW: 0.1185, TopK: 0.5128) | Val Loss: 0.767059 (Base: 0.2902, DTW: 0.1357, TopK: 0.5043) | EMA No-Trend Loss: 0.770953 | LR: 1.59e-04
Epoch [31/100] | Train Loss: 0.8006 (Base: 0.2853, Trend: 0.1609, DTW: 0.1174, TopK: 0.5104) | Val Loss: 0.768493 (Base: 0.2934, DTW: 0.1364, TopK: 0.4922) | EMA No-Trend Loss: 0.770338 | LR: 1.56e-04
Epoch [32/100] | Train Loss: 0.7966 (Base: 0.2845, Trend: 0.1608, DTW: 0.1164, TopK: 0.5077) | Val Loss: 0.763923 (Base: 0.2878, DTW: 0.1351, TopK: 0.5063) | EMA No-Trend Loss: 0.768734 | LR: 1.54e-04
Epoch [33/100] | Train Loss: 0.7958 (Base: 0.2845, Trend: 0.1613, DTW: 0.1159, TopK: 0.5083) | Val Loss: 0.765846 (Base: 0.2866, DTW: 0.1355, TopK: 0.5137) | EMA No-Trend Loss: 0.768012 | LR: 1.51e-04
Epoch [34/100] | Train Loss: 0.7889 (Base: 0.2819, Trend: 0.1606, DTW: 0.1146, TopK: 0.5061) | Val Loss: 0.773262 (Base: 0.2933, DTW: 0.1397, TopK: 0.4821) | EMA No-Trend Loss: 0.769325 | LR: 1.48e-04
Epoch [35/100] | Train Loss: 0.7898 (Base: 0.2827, Trend: 0.1612, DTW: 0.1146, TopK: 0.5048) | Val Loss: 0.762548 (Base: 0.2880, DTW: 0.1360, TopK: 0.4941) | EMA No-Trend Loss: 0.767631 | LR: 1.46e-04
Epoch [36/100] | Train Loss: 0.7818 (Base: 0.2802, Trend: 0.1597, DTW: 0.1132, TopK: 0.5002) | Val Loss: 0.763993 (Base: 0.2844, DTW: 0.1365, TopK: 0.5066) | EMA No-Trend Loss: 0.766721 | LR: 1.43e-04
Epoch [37/100] | Train Loss: 0.7787 (Base: 0.2801, Trend: 0.1602, DTW: 0.1121, TopK: 0.4985) | Val Loss: 0.763080 (Base: 0.2885, DTW: 0.1355, TopK: 0.4977) | EMA No-Trend Loss: 0.765811 | LR: 1.40e-04
Epoch [38/100] | Train Loss: 0.7754 (Base: 0.2785, Trend: 0.1606, DTW: 0.1113, TopK: 0.4987) | Val Loss: 0.773532 (Base: 0.2948, DTW: 0.1400, TopK: 0.4758) | EMA No-Trend Loss: 0.767741 | LR: 1.37e-04
Epoch [39/100] | Train Loss: 0.7725 (Base: 0.2786, Trend: 0.1601, DTW: 0.1108, TopK: 0.4928) | Val Loss: 0.763207 (Base: 0.2870, DTW: 0.1367, TopK: 0.4941) | EMA No-Trend Loss: 0.766607 | LR: 1.34e-04
Epoch [40/100] | Train Loss: 0.7682 (Base: 0.2767, Trend: 0.1596, DTW: 0.1099, TopK: 0.4931) | Val Loss: 0.765186 (Base: 0.2882, DTW: 0.1363, TopK: 0.4997) | EMA No-Trend Loss: 0.766252 | LR: 1.31e-04
Epoch [41/100] | Train Loss: 0.7649 (Base: 0.2759, Trend: 0.1597, DTW: 0.1089, TopK: 0.4925) | Val Loss: 0.767510 (Base: 0.2915, DTW: 0.1385, TopK: 0.4788) | EMA No-Trend Loss: 0.766567 | LR: 1.28e-04
Epoch [42/100] | Train Loss: 0.7625 (Base: 0.2751, Trend: 0.1599, DTW: 0.1086, TopK: 0.4896) | Val Loss: 0.774160 (Base: 0.2898, DTW: 0.1382, TopK: 0.5089) | EMA No-Trend Loss: 0.768465 | LR: 1.25e-04
Epoch [43/100] | Train Loss: 0.7571 (Base: 0.2739, Trend: 0.1598, DTW: 0.1072, TopK: 0.4865) | Val Loss: 0.775639 (Base: 0.2960, DTW: 0.1402, TopK: 0.4770) | EMA No-Trend Loss: 0.770258 | LR: 1.22e-04
Epoch [44/100] | Train Loss: 0.7616 (Base: 0.2752, Trend: 0.1611, DTW: 0.1079, TopK: 0.4899) | Val Loss: 0.765447 (Base: 0.2889, DTW: 0.1369, TopK: 0.4931) | EMA No-Trend Loss: 0.769056 | LR: 1.19e-04
Epoch [45/100] | Train Loss: 0.7527 (Base: 0.2727, Trend: 0.1601, DTW: 0.1061, TopK: 0.4842) | Val Loss: 0.760456 (Base: 0.2863, DTW: 0.1358, TopK: 0.4938) | EMA No-Trend Loss: 0.766906 | LR: 1.16e-04
Epoch [46/100] | Train Loss: 0.7523 (Base: 0.2717, Trend: 0.1599, DTW: 0.1063, TopK: 0.4852) | Val Loss: 0.776067 (Base: 0.2931, DTW: 0.1394, TopK: 0.4949) | EMA No-Trend Loss: 0.769196 | LR: 1.13e-04
Epoch [47/100] | Train Loss: 0.7460 (Base: 0.2703, Trend: 0.1601, DTW: 0.1046, TopK: 0.4823) | Val Loss: 0.758021 (Base: 0.2865, DTW: 0.1353, TopK: 0.4894) | EMA No-Trend Loss: 0.766402 | LR: 1.10e-04
Epoch [48/100] | Train Loss: 0.7438 (Base: 0.2699, Trend: 0.1601, DTW: 0.1040, TopK: 0.4811) | Val Loss: 0.773837 (Base: 0.2925, DTW: 0.1402, TopK: 0.4831) | EMA No-Trend Loss: 0.768261 | LR: 1.07e-04
Epoch [49/100] | Train Loss: 0.7431 (Base: 0.2698, Trend: 0.1605, DTW: 0.1037, TopK: 0.4806) | Val Loss: 0.772278 (Base: 0.2916, DTW: 0.1391, TopK: 0.4890) | EMA No-Trend Loss: 0.769265 | LR: 1.04e-04
Epoch [50/100] | Train Loss: 0.7400 (Base: 0.2691, Trend: 0.1605, DTW: 0.1031, TopK: 0.4776) | Val Loss: 0.767835 (Base: 0.2872, DTW: 0.1372, TopK: 0.5043) | EMA No-Trend Loss: 0.768908 | LR: 1.00e-04
Epoch [51/100] | Train Loss: 0.7332 (Base: 0.2677, Trend: 0.1599, DTW: 0.1014, TopK: 0.4739) | Val Loss: 0.775074 (Base: 0.2931, DTW: 0.1402, TopK: 0.4846) | EMA No-Trend Loss: 0.770449 | LR: 9.74e-05
Epoch [52/100] | Train Loss: 0.7300 (Base: 0.2660, Trend: 0.1600, DTW: 0.1009, TopK: 0.4727) | Val Loss: 0.771592 (Base: 0.2920, DTW: 0.1379, TopK: 0.4954) | EMA No-Trend Loss: 0.770735 | LR: 9.43e-05
Epoch [53/100] | Train Loss: 0.7263 (Base: 0.2651, Trend: 0.1600, DTW: 0.1001, TopK: 0.4705) | Val Loss: 0.762149 (Base: 0.2833, DTW: 0.1356, TopK: 0.5112) | EMA No-Trend Loss: 0.768588 | LR: 9.11e-05
Epoch [54/100] | Train Loss: 0.7261 (Base: 0.2649, Trend: 0.1598, DTW: 0.1001, TopK: 0.4704) | Val Loss: 0.768726 (Base: 0.2884, DTW: 0.1381, TopK: 0.4961) | EMA No-Trend Loss: 0.768623 | LR: 8.80e-05
Epoch [55/100] | Train Loss: 0.7185 (Base: 0.2626, Trend: 0.1594, DTW: 0.0983, TopK: 0.4674) | Val Loss: 0.773672 (Base: 0.2923, DTW: 0.1401, TopK: 0.4835) | EMA No-Trend Loss: 0.769885 | LR: 8.49e-05
Epoch [56/100] | Train Loss: 0.7215 (Base: 0.2639, Trend: 0.1599, DTW: 0.0987, TopK: 0.4696) | Val Loss: 0.776560 (Base: 0.2909, DTW: 0.1401, TopK: 0.4982) | EMA No-Trend Loss: 0.771554 | LR: 8.19e-05
Epoch [57/100] | Train Loss: 0.7187 (Base: 0.2630, Trend: 0.1603, DTW: 0.0980, TopK: 0.4681) | Val Loss: 0.779147 (Base: 0.2938, DTW: 0.1410, TopK: 0.4898) | EMA No-Trend Loss: 0.773452 | LR: 7.88e-05
Epoch [58/100] | Train Loss: 0.7147 (Base: 0.2619, Trend: 0.1600, DTW: 0.0973, TopK: 0.4643) | Val Loss: 0.784942 (Base: 0.2948, DTW: 0.1419, TopK: 0.4989) | EMA No-Trend Loss: 0.776325 | LR: 7.58e-05
Epoch [59/100] | Train Loss: 0.7097 (Base: 0.2608, Trend: 0.1601, DTW: 0.0960, TopK: 0.4615) | Val Loss: 0.777088 (Base: 0.2930, DTW: 0.1411, TopK: 0.4848) | EMA No-Trend Loss: 0.776515 | LR: 7.27e-05
Epoch [60/100] | Train Loss: 0.7113 (Base: 0.2609, Trend: 0.1606, DTW: 0.0962, TopK: 0.4635) | Val Loss: 0.778346 (Base: 0.2931, DTW: 0.1408, TopK: 0.4910) | EMA No-Trend Loss: 0.776973 | LR: 6.98e-05
Epoch [61/100] | Train Loss: 0.7089 (Base: 0.2601, Trend: 0.1605, DTW: 0.0959, TopK: 0.4609) | Val Loss: 0.767178 (Base: 0.2906, DTW: 0.1386, TopK: 0.4796) | EMA No-Trend Loss: 0.774524 | LR: 6.68e-05
Epoch [62/100] | Train Loss: 0.7037 (Base: 0.2584, Trend: 0.1600, DTW: 0.0948, TopK: 0.4591) | Val Loss: 0.789213 (Base: 0.2956, DTW: 0.1447, TopK: 0.4878) | EMA No-Trend Loss: 0.778196 | LR: 6.39e-05
Epoch [63/100] | Train Loss: 0.7004 (Base: 0.2579, Trend: 0.1599, DTW: 0.0941, TopK: 0.4562) | Val Loss: 0.772864 (Base: 0.2905, DTW: 0.1397, TopK: 0.4901) | EMA No-Trend Loss: 0.776863 | LR: 6.10e-05
Epoch [64/100] | Train Loss: 0.7017 (Base: 0.2583, Trend: 0.1608, DTW: 0.0940, TopK: 0.4577) | Val Loss: 0.771959 (Base: 0.2915, DTW: 0.1388, TopK: 0.4914) | EMA No-Trend Loss: 0.775637 | LR: 5.81e-05
Epoch [65/100] | Train Loss: 0.6959 (Base: 0.2566, Trend: 0.1605, DTW: 0.0929, TopK: 0.4533) | Val Loss: 0.770058 (Base: 0.2916, DTW: 0.1379, TopK: 0.4918) | EMA No-Trend Loss: 0.774242 | LR: 5.53e-05
Epoch [66/100] | Train Loss: 0.6968 (Base: 0.2566, Trend: 0.1611, DTW: 0.0930, TopK: 0.4554) | Val Loss: 0.765972 (Base: 0.2879, DTW: 0.1374, TopK: 0.4944) | EMA No-Trend Loss: 0.772175 | LR: 5.26e-05
Epoch [67/100] | Train Loss: 0.6930 (Base: 0.2554, Trend: 0.1608, DTW: 0.0921, TopK: 0.4540) | Val Loss: 0.763602 (Base: 0.2853, DTW: 0.1374, TopK: 0.4954) | EMA No-Trend Loss: 0.770032 | LR: 4.99e-05
Epoch [68/100] | Train Loss: 0.6912 (Base: 0.2549, Trend: 0.1603, DTW: 0.0920, TopK: 0.4515) | Val Loss: 0.774396 (Base: 0.2885, DTW: 0.1393, TopK: 0.5055) | EMA No-Trend Loss: 0.771123 | LR: 4.72e-05
Epoch [69/100] | Train Loss: 0.6893 (Base: 0.2545, Trend: 0.1607, DTW: 0.0914, TopK: 0.4502) | Val Loss: 0.774602 (Base: 0.2909, DTW: 0.1397, TopK: 0.4951) | EMA No-Trend Loss: 0.771993 | LR: 4.46e-05
Epoch [70/100] | Train Loss: 0.6885 (Base: 0.2543, Trend: 0.1609, DTW: 0.0912, TopK: 0.4499) | Val Loss: 0.772667 (Base: 0.2901, DTW: 0.1392, TopK: 0.4948) | EMA No-Trend Loss: 0.772161 | LR: 4.20e-05
Epoch [71/100] | Train Loss: 0.6864 (Base: 0.2535, Trend: 0.1606, DTW: 0.0909, TopK: 0.4482) | Val Loss: 0.776244 (Base: 0.2919, DTW: 0.1398, TopK: 0.4962) | EMA No-Trend Loss: 0.773182 | LR: 3.95e-05
Epoch [72/100] | Train Loss: 0.6830 (Base: 0.2523, Trend: 0.1599, DTW: 0.0902, TopK: 0.4473) | Val Loss: 0.772089 (Base: 0.2898, DTW: 0.1400, TopK: 0.4877) | EMA No-Trend Loss: 0.772909 | LR: 3.71e-05
Epoch [73/100] | Train Loss: 0.6827 (Base: 0.2528, Trend: 0.1612, DTW: 0.0897, TopK: 0.4470) | Val Loss: 0.784420 (Base: 0.2948, DTW: 0.1425, TopK: 0.4921) | EMA No-Trend Loss: 0.775787 | LR: 3.47e-05
Epoch [74/100] | Train Loss: 0.6865 (Base: 0.2538, Trend: 0.1617, DTW: 0.0904, TopK: 0.4496) | Val Loss: 0.770147 (Base: 0.2875, DTW: 0.1390, TopK: 0.4971) | EMA No-Trend Loss: 0.774377 | LR: 3.24e-05
Epoch [75/100] | Train Loss: 0.6799 (Base: 0.2525, Trend: 0.1615, DTW: 0.0890, TopK: 0.4436) | Val Loss: 0.773865 (Base: 0.2905, DTW: 0.1393, TopK: 0.4965) | EMA No-Trend Loss: 0.774249 | LR: 3.01e-05
Epoch [76/100] | Train Loss: 0.6788 (Base: 0.2517, Trend: 0.1619, DTW: 0.0886, TopK: 0.4448) | Val Loss: 0.772645 (Base: 0.2905, DTW: 0.1399, TopK: 0.4879) | EMA No-Trend Loss: 0.773848 | LR: 2.80e-05
Epoch [77/100] | Train Loss: 0.6809 (Base: 0.2520, Trend: 0.1616, DTW: 0.0891, TopK: 0.4480) | Val Loss: 0.781238 (Base: 0.2932, DTW: 0.1411, TopK: 0.4982) | EMA No-Trend Loss: 0.775695 | LR: 2.59e-05
Epoch [78/100] | Train Loss: 0.6739 (Base: 0.2497, Trend: 0.1607, DTW: 0.0880, TopK: 0.4420) | Val Loss: 0.781105 (Base: 0.2936, DTW: 0.1410, TopK: 0.4969) | EMA No-Trend Loss: 0.777048 | LR: 2.38e-05
Epoch [79/100] | Train Loss: 0.6726 (Base: 0.2497, Trend: 0.1606, DTW: 0.0875, TopK: 0.4421) | Val Loss: 0.773720 (Base: 0.2908, DTW: 0.1399, TopK: 0.4905) | EMA No-Trend Loss: 0.776216 | LR: 2.19e-05
Epoch [80/100] | Train Loss: 0.6701 (Base: 0.2485, Trend: 0.1604, DTW: 0.0872, TopK: 0.4404) | Val Loss: 0.780102 (Base: 0.2928, DTW: 0.1409, TopK: 0.4969) | EMA No-Trend Loss: 0.777187 | LR: 2.00e-05
Epoch [81/100] | Train Loss: 0.6672 (Base: 0.2477, Trend: 0.1602, DTW: 0.0866, TopK: 0.4388) | Val Loss: 0.775846 (Base: 0.2904, DTW: 0.1407, TopK: 0.4927) | EMA No-Trend Loss: 0.776852 | LR: 1.82e-05
Epoch [82/100] | Train Loss: 0.6698 (Base: 0.2490, Trend: 0.1608, DTW: 0.0869, TopK: 0.4393) | Val Loss: 0.773304 (Base: 0.2892, DTW: 0.1401, TopK: 0.4933) | EMA No-Trend Loss: 0.775965 | LR: 1.65e-05
Epoch [83/100] | Train Loss: 0.6663 (Base: 0.2477, Trend: 0.1608, DTW: 0.0861, TopK: 0.4385) | Val Loss: 0.776508 (Base: 0.2931, DTW: 0.1404, TopK: 0.4886) | EMA No-Trend Loss: 0.776101 | LR: 1.49e-05
Epoch [84/100] | Train Loss: 0.6672 (Base: 0.2480, Trend: 0.1607, DTW: 0.0862, TopK: 0.4400) | Val Loss: 0.783352 (Base: 0.2935, DTW: 0.1429, TopK: 0.4898) | EMA No-Trend Loss: 0.777914 | LR: 1.33e-05
Epoch [85/100] | Train Loss: 0.6673 (Base: 0.2481, Trend: 0.1612, DTW: 0.0861, TopK: 0.4402) | Val Loss: 0.781274 (Base: 0.2928, DTW: 0.1421, TopK: 0.4917) | EMA No-Trend Loss: 0.778754 | LR: 1.18e-05
Epoch [86/100] | Train Loss: 0.6638 (Base: 0.2471, Trend: 0.1610, DTW: 0.0855, TopK: 0.4361) | Val Loss: 0.780738 (Base: 0.2928, DTW: 0.1419, TopK: 0.4909) | EMA No-Trend Loss: 0.779250 | LR: 1.05e-05
Epoch [87/100] | Train Loss: 0.6595 (Base: 0.2457, Trend: 0.1604, DTW: 0.0848, TopK: 0.4336) | Val Loss: 0.773279 (Base: 0.2889, DTW: 0.1401, TopK: 0.4940) | EMA No-Trend Loss: 0.777757 | LR: 9.18e-06
Epoch [88/100] | Train Loss: 0.6644 (Base: 0.2477, Trend: 0.1618, DTW: 0.0853, TopK: 0.4371) | Val Loss: 0.784073 (Base: 0.2936, DTW: 0.1424, TopK: 0.4953) | EMA No-Trend Loss: 0.779336 | LR: 7.99e-06
Epoch [89/100] | Train Loss: 0.6651 (Base: 0.2472, Trend: 0.1619, DTW: 0.0856, TopK: 0.4381) | Val Loss: 0.777100 (Base: 0.2912, DTW: 0.1410, TopK: 0.4913) | EMA No-Trend Loss: 0.778777 | LR: 6.88e-06
Epoch [90/100] | Train Loss: 0.6583 (Base: 0.2453, Trend: 0.1608, DTW: 0.0845, TopK: 0.4328) | Val Loss: 0.771548 (Base: 0.2898, DTW: 0.1392, TopK: 0.4923) | EMA No-Trend Loss: 0.776970 | LR: 5.87e-06
Epoch [91/100] | Train Loss: 0.6633 (Base: 0.2467, Trend: 0.1619, DTW: 0.0854, TopK: 0.4360) | Val Loss: 0.781429 (Base: 0.2919, DTW: 0.1422, TopK: 0.4943) | EMA No-Trend Loss: 0.778085 | LR: 4.95e-06
Epoch [92/100] | Train Loss: 0.6606 (Base: 0.2457, Trend: 0.1606, DTW: 0.0849, TopK: 0.4360) | Val Loss: 0.788212 (Base: 0.2929, DTW: 0.1434, TopK: 0.5039) | EMA No-Trend Loss: 0.780617 | LR: 4.13e-06
Epoch [93/100] | Train Loss: 0.6633 (Base: 0.2467, Trend: 0.1615, DTW: 0.0853, TopK: 0.4372) | Val Loss: 0.770717 (Base: 0.2888, DTW: 0.1391, TopK: 0.4935) | EMA No-Trend Loss: 0.778142 | LR: 3.40e-06
Epoch [94/100] | Train Loss: 0.6589 (Base: 0.2453, Trend: 0.1610, DTW: 0.0846, TopK: 0.4335) | Val Loss: 0.777646 (Base: 0.2909, DTW: 0.1412, TopK: 0.4932) | EMA No-Trend Loss: 0.778018 | LR: 2.76e-06
Epoch [95/100] | Train Loss: 0.6644 (Base: 0.2471, Trend: 0.1622, DTW: 0.0854, TopK: 0.4377) | Val Loss: 0.778100 (Base: 0.2914, DTW: 0.1405, TopK: 0.4985) | EMA No-Trend Loss: 0.778038 | LR: 2.23e-06
Epoch [96/100] | Train Loss: 0.6635 (Base: 0.2471, Trend: 0.1621, DTW: 0.0853, TopK: 0.4357) | Val Loss: 0.775712 (Base: 0.2908, DTW: 0.1402, TopK: 0.4951) | EMA No-Trend Loss: 0.777457 | LR: 1.78e-06
Epoch [97/100] | Train Loss: 0.6631 (Base: 0.2469, Trend: 0.1615, DTW: 0.0853, TopK: 0.4358) | Val Loss: 0.778560 (Base: 0.2923, DTW: 0.1408, TopK: 0.4941) | EMA No-Trend Loss: 0.777733 | LR: 1.44e-06
Epoch [98/100] | Train Loss: 0.6633 (Base: 0.2463, Trend: 0.1618, DTW: 0.0851, TopK: 0.4389) | Val Loss: 0.785641 (Base: 0.2939, DTW: 0.1430, TopK: 0.4952) | EMA No-Trend Loss: 0.779710 | LR: 1.20e-06
Epoch [99/100] | Train Loss: 0.6638 (Base: 0.2471, Trend: 0.1620, DTW: 0.0854, TopK: 0.4363) | Val Loss: 0.777808 (Base: 0.2911, DTW: 0.1412, TopK: 0.4929) | EMA No-Trend Loss: 0.779234 | LR: 1.05e-06
Epoch [100/100] | Train Loss: 0.6594 (Base: 0.2454, Trend: 0.1611, DTW: 0.0844, TopK: 0.4362) | Val Loss: 0.775870 (Base: 0.2915, DTW: 0.1403, TopK: 0.4920) | EMA No-Trend Loss: 0.778393 | LR: 1.00e-06
