Starting experiment (seed=4)
Device: cuda
Building static profile features from historical data...
Loading lightweight encoder...
Total trainable parameters: 9,752,834
Epoch [1/100] | Total Loss: 1.3748 | Aux Loss: 0.2971 | Train Mixed Loss: 1.0777 (Base: 0.3502, Trend: 0.1884, DTW: 0.1889, TopK: 0.5999) | Val Mixed Loss (No Trend): 0.8813 (Base: 0.3302, DTW: 0.1655, TopK: 0.5128) | EMA Val Loss (No Trend): 0.881334 | LR: 2.00e-04
Saved new best weights to best_model_seed4.pth (EMA validation loss without trend: 0.881334).
Epoch [2/100] | Total Loss: 1.2257 | Aux Loss: 0.2306 | Train Mixed Loss: 0.9951 (Base: 0.3314, Trend: 0.1657, DTW: 0.1688, TopK: 0.5857) | Val Mixed Loss (No Trend): 0.8614 (Base: 0.3260, DTW: 0.1592, TopK: 0.5108) | EMA Val Loss (No Trend): 0.876345 | LR: 2.00e-04
Saved new best weights to best_model_seed4.pth (EMA validation loss without trend: 0.876345).
Epoch [3/100] | Total Loss: 1.1860 | Aux Loss: 0.2171 | Train Mixed Loss: 0.9689 (Base: 0.3264, Trend: 0.1647, DTW: 0.1612, TopK: 0.5775) | Val Mixed Loss (No Trend): 0.8312 (Base: 0.3119, DTW: 0.1501, TopK: 0.5296) | EMA Val Loss (No Trend): 0.865047 | LR: 2.00e-04
Saved new best weights to best_model_seed4.pth (EMA validation loss without trend: 0.865047).
Epoch [4/100] | Total Loss: 1.1650 | Aux Loss: 0.2103 | Train Mixed Loss: 0.9547 (Base: 0.3235, Trend: 0.1628, DTW: 0.1581, TopK: 0.5681) | Val Mixed Loss (No Trend): 0.8092 (Base: 0.2913, DTW: 0.1472, TopK: 0.5487) | EMA Val Loss (No Trend): 0.851083 | LR: 1.99e-04
Saved new best weights to best_model_seed4.pth (EMA validation loss without trend: 0.851083).
Epoch [5/100] | Total Loss: 1.1510 | Aux Loss: 0.2061 | Train Mixed Loss: 0.9449 (Base: 0.3225, Trend: 0.1631, DTW: 0.1547, TopK: 0.5656) | Val Mixed Loss (No Trend): 0.8216 (Base: 0.3122, DTW: 0.1498, TopK: 0.4996) | EMA Val Loss (No Trend): 0.843708 | LR: 1.99e-04
Saved new best weights to best_model_seed4.pth (EMA validation loss without trend: 0.843708).
Epoch [6/100] | Total Loss: 1.1354 | Aux Loss: 0.2030 | Train Mixed Loss: 0.9324 (Base: 0.3187, Trend: 0.1626, DTW: 0.1513, TopK: 0.5645) | Val Mixed Loss (No Trend): 0.8047 (Base: 0.3037, DTW: 0.1469, TopK: 0.4950) | EMA Val Loss (No Trend): 0.833944 | LR: 1.98e-04
Saved new best weights to best_model_seed4.pth (EMA validation loss without trend: 0.833944).
Epoch [7/100] | Total Loss: 1.1164 | Aux Loss: 0.1985 | Train Mixed Loss: 0.9179 (Base: 0.3160, Trend: 0.1609, DTW: 0.1482, TopK: 0.5526) | Val Mixed Loss (No Trend): 0.8175 (Base: 0.3089, DTW: 0.1468, TopK: 0.5213) | EMA Val Loss (No Trend): 0.829839 | LR: 1.98e-04
Saved new best weights to best_model_seed4.pth (EMA validation loss without trend: 0.829839).
Epoch [8/100] | Total Loss: 1.1068 | Aux Loss: 0.1972 | Train Mixed Loss: 0.9097 (Base: 0.3131, Trend: 0.1611, DTW: 0.1460, TopK: 0.5522) | Val Mixed Loss (No Trend): 0.7824 (Base: 0.2936, DTW: 0.1381, TopK: 0.5249) | EMA Val Loss (No Trend): 0.817988 | LR: 1.97e-04
Saved new best weights to best_model_seed4.pth (EMA validation loss without trend: 0.817988).
Epoch [9/100] | Total Loss: 1.1076 | Aux Loss: 0.1980 | Train Mixed Loss: 0.9096 (Base: 0.3137, Trend: 0.1614, DTW: 0.1459, TopK: 0.5504) | Val Mixed Loss (No Trend): 0.7750 (Base: 0.2962, DTW: 0.1384, TopK: 0.4888) | EMA Val Loss (No Trend): 0.807229 | LR: 1.96e-04
Saved new best weights to best_model_seed4.pth (EMA validation loss without trend: 0.807229).
Epoch [10/100] | Total Loss: 1.0994 | Aux Loss: 0.1974 | Train Mixed Loss: 0.9020 (Base: 0.3130, Trend: 0.1616, DTW: 0.1435, TopK: 0.5462) | Val Mixed Loss (No Trend): 0.7566 (Base: 0.2833, DTW: 0.1309, TopK: 0.5306) | EMA Val Loss (No Trend): 0.794580 | LR: 1.95e-04
Saved new best weights to best_model_seed4.pth (EMA validation loss without trend: 0.794580).
Epoch [11/100] | Total Loss: 1.0820 | Aux Loss: 0.1936 | Train Mixed Loss: 0.8884 (Base: 0.3082, Trend: 0.1605, DTW: 0.1403, TopK: 0.5438) | Val Mixed Loss (No Trend): 0.7533 (Base: 0.2859, DTW: 0.1314, TopK: 0.5064) | EMA Val Loss (No Trend): 0.784252 | LR: 1.94e-04
Saved new best weights to best_model_seed4.pth (EMA validation loss without trend: 0.784252).
Epoch [12/100] | Total Loss: 1.0786 | Aux Loss: 0.1911 | Train Mixed Loss: 0.8875 (Base: 0.3085, Trend: 0.1603, DTW: 0.1397, TopK: 0.5457) | Val Mixed Loss (No Trend): 0.7444 (Base: 0.2783, DTW: 0.1282, TopK: 0.5278) | EMA Val Loss (No Trend): 0.774296 | LR: 1.93e-04
Saved new best weights to best_model_seed4.pth (EMA validation loss without trend: 0.774296).
Epoch [13/100] | Total Loss: 1.0739 | Aux Loss: 0.1916 | Train Mixed Loss: 0.8823 (Base: 0.3062, Trend: 0.1596, DTW: 0.1388, TopK: 0.5436) | Val Mixed Loss (No Trend): 0.8357 (Base: 0.3268, DTW: 0.1570, TopK: 0.4400) | EMA Val Loss (No Trend): 0.789645 | LR: 1.92e-04
Epoch [14/100] | Total Loss: 1.0543 | Aux Loss: 0.1866 | Train Mixed Loss: 0.8678 (Base: 0.3031, Trend: 0.1582, DTW: 0.1352, TopK: 0.5369) | Val Mixed Loss (No Trend): 0.7649 (Base: 0.2890, DTW: 0.1379, TopK: 0.4833) | EMA Val Loss (No Trend): 0.783451 | LR: 1.91e-04
Epoch [15/100] | Total Loss: 1.0613 | Aux Loss: 0.1882 | Train Mixed Loss: 0.8731 (Base: 0.3054, Trend: 0.1590, DTW: 0.1359, TopK: 0.5399) | Val Mixed Loss (No Trend): 0.7412 (Base: 0.2875, DTW: 0.1274, TopK: 0.4926) | EMA Val Loss (No Trend): 0.772886 | LR: 1.89e-04
Saved new best weights to best_model_seed4.pth (EMA validation loss without trend: 0.772886).
Epoch [16/100] | Total Loss: 1.0495 | Aux Loss: 0.1861 | Train Mixed Loss: 0.8634 (Base: 0.3025, Trend: 0.1596, DTW: 0.1333, TopK: 0.5369) | Val Mixed Loss (No Trend): 0.7477 (Base: 0.2871, DTW: 0.1318, TopK: 0.4808) | EMA Val Loss (No Trend): 0.766601 | LR: 1.88e-04
Saved new best weights to best_model_seed4.pth (EMA validation loss without trend: 0.766601).
Epoch [17/100] | Total Loss: 1.0498 | Aux Loss: 0.1863 | Train Mixed Loss: 0.8635 (Base: 0.3032, Trend: 0.1585, DTW: 0.1336, TopK: 0.5348) | Val Mixed Loss (No Trend): 0.8222 (Base: 0.3188, DTW: 0.1557, TopK: 0.4325) | EMA Val Loss (No Trend): 0.780489 | LR: 1.86e-04
Epoch [18/100] | Total Loss: 1.0389 | Aux Loss: 0.1835 | Train Mixed Loss: 0.8555 (Base: 0.3006, Trend: 0.1583, DTW: 0.1316, TopK: 0.5330) | Val Mixed Loss (No Trend): 0.7512 (Base: 0.2906, DTW: 0.1323, TopK: 0.4768) | EMA Val Loss (No Trend): 0.773162 | LR: 1.85e-04
Epoch [19/100] | Total Loss: 1.0283 | Aux Loss: 0.1832 | Train Mixed Loss: 0.8451 (Base: 0.2977, Trend: 0.1567, DTW: 0.1295, TopK: 0.5280) | Val Mixed Loss (No Trend): 0.7718 (Base: 0.2985, DTW: 0.1389, TopK: 0.4669) | EMA Val Loss (No Trend): 0.772817 | LR: 1.83e-04
Epoch [20/100] | Total Loss: 1.0364 | Aux Loss: 0.1860 | Train Mixed Loss: 0.8505 (Base: 0.2993, Trend: 0.1563, DTW: 0.1312, TopK: 0.5268) | Val Mixed Loss (No Trend): 0.7390 (Base: 0.2790, DTW: 0.1276, TopK: 0.5123) | EMA Val Loss (No Trend): 0.764361 | LR: 1.81e-04
Saved new best weights to best_model_seed4.pth (EMA validation loss without trend: 0.764361).
Epoch [21/100] | Total Loss: 1.0280 | Aux Loss: 0.1818 | Train Mixed Loss: 0.8462 (Base: 0.2989, Trend: 0.1580, DTW: 0.1291, TopK: 0.5284) | Val Mixed Loss (No Trend): 0.7301 (Base: 0.2822, DTW: 0.1264, TopK: 0.4818) | EMA Val Loss (No Trend): 0.755797 | LR: 1.79e-04
Saved new best weights to best_model_seed4.pth (EMA validation loss without trend: 0.755797).
Epoch [22/100] | Total Loss: 1.0188 | Aux Loss: 0.1807 | Train Mixed Loss: 0.8381 (Base: 0.2960, Trend: 0.1557, DTW: 0.1281, TopK: 0.5226) | Val Mixed Loss (No Trend): 0.7558 (Base: 0.2974, DTW: 0.1322, TopK: 0.4704) | EMA Val Loss (No Trend): 0.755786 | LR: 1.77e-04
Saved new best weights to best_model_seed4.pth (EMA validation loss without trend: 0.755786).
Epoch [23/100] | Total Loss: 1.0232 | Aux Loss: 0.1817 | Train Mixed Loss: 0.8415 (Base: 0.2972, Trend: 0.1574, DTW: 0.1282, TopK: 0.5263) | Val Mixed Loss (No Trend): 0.7685 (Base: 0.2961, DTW: 0.1384, TopK: 0.4677) | EMA Val Loss (No Trend): 0.758972 | LR: 1.75e-04
Epoch [24/100] | Total Loss: 1.0171 | Aux Loss: 0.1796 | Train Mixed Loss: 0.8376 (Base: 0.2960, Trend: 0.1573, DTW: 0.1273, TopK: 0.5246) | Val Mixed Loss (No Trend): 0.7481 (Base: 0.2915, DTW: 0.1331, TopK: 0.4577) | EMA Val Loss (No Trend): 0.756264 | LR: 1.73e-04
Epoch [25/100] | Total Loss: 1.0154 | Aux Loss: 0.1805 | Train Mixed Loss: 0.8349 (Base: 0.2959, Trend: 0.1569, DTW: 0.1265, TopK: 0.5232) | Val Mixed Loss (No Trend): 0.7518 (Base: 0.2907, DTW: 0.1326, TopK: 0.4762) | EMA Val Loss (No Trend): 0.755147 | LR: 1.71e-04
Saved new best weights to best_model_seed4.pth (EMA validation loss without trend: 0.755147).
Epoch [26/100] | Total Loss: 1.0040 | Aux Loss: 0.1779 | Train Mixed Loss: 0.8261 (Base: 0.2930, Trend: 0.1556, DTW: 0.1247, TopK: 0.5199) | Val Mixed Loss (No Trend): 0.7371 (Base: 0.2887, DTW: 0.1287, TopK: 0.4655) | EMA Val Loss (No Trend): 0.750633 | LR: 1.69e-04
Saved new best weights to best_model_seed4.pth (EMA validation loss without trend: 0.750633).
Epoch [27/100] | Total Loss: 1.0053 | Aux Loss: 0.1801 | Train Mixed Loss: 0.8251 (Base: 0.2934, Trend: 0.1558, DTW: 0.1243, TopK: 0.5187) | Val Mixed Loss (No Trend): 0.7188 (Base: 0.2726, DTW: 0.1233, TopK: 0.5013) | EMA Val Loss (No Trend): 0.742682 | LR: 1.66e-04
Saved new best weights to best_model_seed4.pth (EMA validation loss without trend: 0.742682).
Epoch [28/100] | Total Loss: 1.0020 | Aux Loss: 0.1778 | Train Mixed Loss: 0.8242 (Base: 0.2927, Trend: 0.1552, DTW: 0.1243, TopK: 0.5183) | Val Mixed Loss (No Trend): 0.7367 (Base: 0.2872, DTW: 0.1269, TopK: 0.4837) | EMA Val Loss (No Trend): 0.741197 | LR: 1.64e-04
Saved new best weights to best_model_seed4.pth (EMA validation loss without trend: 0.741197).
Epoch [29/100] | Total Loss: 1.0047 | Aux Loss: 0.1784 | Train Mixed Loss: 0.8264 (Base: 0.2932, Trend: 0.1556, DTW: 0.1249, TopK: 0.5182) | Val Mixed Loss (No Trend): 0.7336 (Base: 0.2859, DTW: 0.1246, TopK: 0.4959) | EMA Val Loss (No Trend): 0.739299 | LR: 1.61e-04
Saved new best weights to best_model_seed4.pth (EMA validation loss without trend: 0.739299).
Epoch [30/100] | Total Loss: 0.9998 | Aux Loss: 0.1772 | Train Mixed Loss: 0.8225 (Base: 0.2934, Trend: 0.1560, DTW: 0.1238, TopK: 0.5136) | Val Mixed Loss (No Trend): 0.7345 (Base: 0.2822, DTW: 0.1273, TopK: 0.4896) | EMA Val Loss (No Trend): 0.738102 | LR: 1.59e-04
Saved new best weights to best_model_seed4.pth (EMA validation loss without trend: 0.738102).
Epoch [31/100] | Total Loss: 0.9859 | Aux Loss: 0.1745 | Train Mixed Loss: 0.8114 (Base: 0.2894, Trend: 0.1542, DTW: 0.1215, TopK: 0.5109) | Val Mixed Loss (No Trend): 0.7502 (Base: 0.2915, DTW: 0.1315, TopK: 0.4768) | EMA Val Loss (No Trend): 0.741131 | LR: 1.56e-04
Epoch [32/100] | Total Loss: 0.9847 | Aux Loss: 0.1734 | Train Mixed Loss: 0.8113 (Base: 0.2900, Trend: 0.1547, DTW: 0.1211, TopK: 0.5105) | Val Mixed Loss (No Trend): 0.7481 (Base: 0.2885, DTW: 0.1338, TopK: 0.4616) | EMA Val Loss (No Trend): 0.742871 | LR: 1.54e-04
Epoch [33/100] | Total Loss: 0.9818 | Aux Loss: 0.1736 | Train Mixed Loss: 0.8081 (Base: 0.2886, Trend: 0.1545, DTW: 0.1205, TopK: 0.5105) | Val Mixed Loss (No Trend): 0.7284 (Base: 0.2835, DTW: 0.1256, TopK: 0.4778) | EMA Val Loss (No Trend): 0.739249 | LR: 1.51e-04
Epoch [34/100] | Total Loss: 0.9854 | Aux Loss: 0.1754 | Train Mixed Loss: 0.8100 (Base: 0.2891, Trend: 0.1549, DTW: 0.1210, TopK: 0.5104) | Val Mixed Loss (No Trend): 0.7317 (Base: 0.2813, DTW: 0.1275, TopK: 0.4811) | EMA Val Loss (No Trend): 0.737361 | LR: 1.48e-04
Saved new best weights to best_model_seed4.pth (EMA validation loss without trend: 0.737361).
Epoch [35/100] | Total Loss: 0.9770 | Aux Loss: 0.1748 | Train Mixed Loss: 0.8022 (Base: 0.2876, Trend: 0.1546, DTW: 0.1193, TopK: 0.5036) | Val Mixed Loss (No Trend): 0.7358 (Base: 0.2855, DTW: 0.1280, TopK: 0.4770) | EMA Val Loss (No Trend): 0.736970 | LR: 1.46e-04
Saved new best weights to best_model_seed4.pth (EMA validation loss without trend: 0.736970).
Epoch [36/100] | Total Loss: 0.9739 | Aux Loss: 0.1735 | Train Mixed Loss: 0.8004 (Base: 0.2867, Trend: 0.1541, DTW: 0.1188, TopK: 0.5052) | Val Mixed Loss (No Trend): 0.7104 (Base: 0.2793, DTW: 0.1220, TopK: 0.4616) | EMA Val Loss (No Trend): 0.730334 | LR: 1.43e-04
Saved new best weights to best_model_seed4.pth (EMA validation loss without trend: 0.730334).
Epoch [37/100] | Total Loss: 0.9774 | Aux Loss: 0.1737 | Train Mixed Loss: 0.8037 (Base: 0.2875, Trend: 0.1548, DTW: 0.1191, TopK: 0.5096) | Val Mixed Loss (No Trend): 0.7271 (Base: 0.2828, DTW: 0.1250, TopK: 0.4810) | EMA Val Loss (No Trend): 0.729537 | LR: 1.40e-04
Saved new best weights to best_model_seed4.pth (EMA validation loss without trend: 0.729537).
Epoch [38/100] | Total Loss: 0.9705 | Aux Loss: 0.1723 | Train Mixed Loss: 0.7982 (Base: 0.2862, Trend: 0.1535, DTW: 0.1183, TopK: 0.5041) | Val Mixed Loss (No Trend): 0.7226 (Base: 0.2756, DTW: 0.1253, TopK: 0.4876) | EMA Val Loss (No Trend): 0.727815 | LR: 1.37e-04
Saved new best weights to best_model_seed4.pth (EMA validation loss without trend: 0.727815).
Epoch [39/100] | Total Loss: 0.9618 | Aux Loss: 0.1716 | Train Mixed Loss: 0.7901 (Base: 0.2838, Trend: 0.1532, DTW: 0.1164, TopK: 0.5008) | Val Mixed Loss (No Trend): 0.7511 (Base: 0.2917, DTW: 0.1336, TopK: 0.4623) | EMA Val Loss (No Trend): 0.733625 | LR: 1.34e-04
Epoch [40/100] | Total Loss: 0.9670 | Aux Loss: 0.1724 | Train Mixed Loss: 0.7946 (Base: 0.2848, Trend: 0.1539, DTW: 0.1173, TopK: 0.5043) | Val Mixed Loss (No Trend): 0.7448 (Base: 0.2886, DTW: 0.1333, TopK: 0.4544) | EMA Val Loss (No Trend): 0.736420 | LR: 1.31e-04
Epoch [41/100] | Total Loss: 0.9572 | Aux Loss: 0.1691 | Train Mixed Loss: 0.7881 (Base: 0.2831, Trend: 0.1527, DTW: 0.1163, TopK: 0.4982) | Val Mixed Loss (No Trend): 0.7100 (Base: 0.2756, DTW: 0.1216, TopK: 0.4751) | EMA Val Loss (No Trend): 0.729821 | LR: 1.28e-04
Epoch [42/100] | Total Loss: 0.9629 | Aux Loss: 0.1714 | Train Mixed Loss: 0.7915 (Base: 0.2850, Trend: 0.1543, DTW: 0.1160, TopK: 0.5031) | Val Mixed Loss (No Trend): 0.7266 (Base: 0.2836, DTW: 0.1260, TopK: 0.4681) | EMA Val Loss (No Trend): 0.729007 | LR: 1.25e-04
Epoch [43/100] | Total Loss: 0.9514 | Aux Loss: 0.1701 | Train Mixed Loss: 0.7813 (Base: 0.2807, Trend: 0.1524, DTW: 0.1144, TopK: 0.4994) | Val Mixed Loss (No Trend): 0.7059 (Base: 0.2786, DTW: 0.1206, TopK: 0.4597) | EMA Val Loss (No Trend): 0.723223 | LR: 1.22e-04
Saved new best weights to best_model_seed4.pth (EMA validation loss without trend: 0.723223).
Epoch [44/100] | Total Loss: 0.9558 | Aux Loss: 0.1699 | Train Mixed Loss: 0.7860 (Base: 0.2831, Trend: 0.1542, DTW: 0.1149, TopK: 0.4997) | Val Mixed Loss (No Trend): 0.7267 (Base: 0.2886, DTW: 0.1256, TopK: 0.4550) | EMA Val Loss (No Trend): 0.724082 | LR: 1.19e-04
Epoch [45/100] | Total Loss: 0.9482 | Aux Loss: 0.1681 | Train Mixed Loss: 0.7801 (Base: 0.2813, Trend: 0.1531, DTW: 0.1142, TopK: 0.4941) | Val Mixed Loss (No Trend): 0.7418 (Base: 0.2918, DTW: 0.1314, TopK: 0.4486) | EMA Val Loss (No Trend): 0.728515 | LR: 1.16e-04
Epoch [46/100] | Total Loss: 0.9548 | Aux Loss: 0.1688 | Train Mixed Loss: 0.7860 (Base: 0.2830, Trend: 0.1541, DTW: 0.1150, TopK: 0.4997) | Val Mixed Loss (No Trend): 0.7286 (Base: 0.2852, DTW: 0.1273, TopK: 0.4594) | EMA Val Loss (No Trend): 0.728535 | LR: 1.13e-04
Epoch [47/100] | Total Loss: 0.9437 | Aux Loss: 0.1678 | Train Mixed Loss: 0.7759 (Base: 0.2801, Trend: 0.1524, DTW: 0.1129, TopK: 0.4952) | Val Mixed Loss (No Trend): 0.7353 (Base: 0.2861, DTW: 0.1279, TopK: 0.4745) | EMA Val Loss (No Trend): 0.730228 | LR: 1.10e-04
Epoch [48/100] | Total Loss: 0.9430 | Aux Loss: 0.1664 | Train Mixed Loss: 0.7765 (Base: 0.2803, Trend: 0.1529, DTW: 0.1126, TopK: 0.4987) | Val Mixed Loss (No Trend): 0.7162 (Base: 0.2774, DTW: 0.1230, TopK: 0.4779) | EMA Val Loss (No Trend): 0.726709 | LR: 1.07e-04
Epoch [49/100] | Total Loss: 0.9386 | Aux Loss: 0.1671 | Train Mixed Loss: 0.7715 (Base: 0.2789, Trend: 0.1525, DTW: 0.1120, TopK: 0.4921) | Val Mixed Loss (No Trend): 0.7205 (Base: 0.2842, DTW: 0.1254, TopK: 0.4516) | EMA Val Loss (No Trend): 0.725168 | LR: 1.04e-04
Epoch [50/100] | Total Loss: 0.9316 | Aux Loss: 0.1656 | Train Mixed Loss: 0.7660 (Base: 0.2782, Trend: 0.1528, DTW: 0.1103, TopK: 0.4889) | Val Mixed Loss (No Trend): 0.7341 (Base: 0.2886, DTW: 0.1291, TopK: 0.4526) | EMA Val Loss (No Trend): 0.727410 | LR: 1.01e-04
Epoch [51/100] | Total Loss: 0.9282 | Aux Loss: 0.1647 | Train Mixed Loss: 0.7635 (Base: 0.2772, Trend: 0.1525, DTW: 0.1097, TopK: 0.4892) | Val Mixed Loss (No Trend): 0.7311 (Base: 0.2886, DTW: 0.1280, TopK: 0.4511) | EMA Val Loss (No Trend): 0.728330 | LR: 9.74e-05
Epoch [52/100] | Total Loss: 0.9255 | Aux Loss: 0.1649 | Train Mixed Loss: 0.7606 (Base: 0.2756, Trend: 0.1516, DTW: 0.1096, TopK: 0.4876) | Val Mixed Loss (No Trend): 0.7329 (Base: 0.2899, DTW: 0.1277, TopK: 0.4554) | EMA Val Loss (No Trend): 0.729476 | LR: 9.43e-05
Epoch [53/100] | Total Loss: 0.9339 | Aux Loss: 0.1665 | Train Mixed Loss: 0.7674 (Base: 0.2788, Trend: 0.1540, DTW: 0.1100, TopK: 0.4918) | Val Mixed Loss (No Trend): 0.7169 (Base: 0.2794, DTW: 0.1247, TopK: 0.4605) | EMA Val Loss (No Trend): 0.726337 | LR: 9.11e-05
Epoch [54/100] | Total Loss: 0.9153 | Aux Loss: 0.1616 | Train Mixed Loss: 0.7537 (Base: 0.2743, Trend: 0.1518, DTW: 0.1075, TopK: 0.4850) | Val Mixed Loss (No Trend): 0.7102 (Base: 0.2762, DTW: 0.1206, TopK: 0.4816) | EMA Val Loss (No Trend): 0.722291 | LR: 8.80e-05
Saved new best weights to best_model_seed4.pth (EMA validation loss without trend: 0.722291).
Epoch [55/100] | Total Loss: 0.9208 | Aux Loss: 0.1652 | Train Mixed Loss: 0.7556 (Base: 0.2752, Trend: 0.1523, DTW: 0.1080, TopK: 0.4834) | Val Mixed Loss (No Trend): 0.7145 (Base: 0.2799, DTW: 0.1225, TopK: 0.4687) | EMA Val Loss (No Trend): 0.720354 | LR: 8.49e-05
Saved new best weights to best_model_seed4.pth (EMA validation loss without trend: 0.720354).
Epoch [56/100] | Total Loss: 0.9154 | Aux Loss: 0.1627 | Train Mixed Loss: 0.7527 (Base: 0.2740, Trend: 0.1519, DTW: 0.1076, TopK: 0.4815) | Val Mixed Loss (No Trend): 0.7198 (Base: 0.2779, DTW: 0.1246, TopK: 0.4762) | EMA Val Loss (No Trend): 0.720218 | LR: 8.19e-05
Saved new best weights to best_model_seed4.pth (EMA validation loss without trend: 0.720218).
Epoch [57/100] | Total Loss: 0.9130 | Aux Loss: 0.1632 | Train Mixed Loss: 0.7497 (Base: 0.2728, Trend: 0.1521, DTW: 0.1069, TopK: 0.4812) | Val Mixed Loss (No Trend): 0.7261 (Base: 0.2868, DTW: 0.1281, TopK: 0.4390) | EMA Val Loss (No Trend): 0.721687 | LR: 7.88e-05
Epoch [58/100] | Total Loss: 0.9036 | Aux Loss: 0.1599 | Train Mixed Loss: 0.7437 (Base: 0.2714, Trend: 0.1503, DTW: 0.1054, TopK: 0.4804) | Val Mixed Loss (No Trend): 0.7249 (Base: 0.2829, DTW: 0.1272, TopK: 0.4559) | EMA Val Loss (No Trend): 0.722484 | LR: 7.58e-05
Epoch [59/100] | Total Loss: 0.9127 | Aux Loss: 0.1625 | Train Mixed Loss: 0.7502 (Base: 0.2731, Trend: 0.1525, DTW: 0.1067, TopK: 0.4823) | Val Mixed Loss (No Trend): 0.7239 (Base: 0.2843, DTW: 0.1263, TopK: 0.4551) | EMA Val Loss (No Trend): 0.722827 | LR: 7.27e-05
Epoch [60/100] | Total Loss: 0.9051 | Aux Loss: 0.1615 | Train Mixed Loss: 0.7436 (Base: 0.2713, Trend: 0.1506, DTW: 0.1055, TopK: 0.4789) | Val Mixed Loss (No Trend): 0.7089 (Base: 0.2753, DTW: 0.1222, TopK: 0.4675) | EMA Val Loss (No Trend): 0.719340 | LR: 6.98e-05
Saved new best weights to best_model_seed4.pth (EMA validation loss without trend: 0.719340).
Epoch [61/100] | Total Loss: 0.8997 | Aux Loss: 0.1620 | Train Mixed Loss: 0.7377 (Base: 0.2693, Trend: 0.1502, DTW: 0.1046, TopK: 0.4745) | Val Mixed Loss (No Trend): 0.7183 (Base: 0.2788, DTW: 0.1249, TopK: 0.4660) | EMA Val Loss (No Trend): 0.719076 | LR: 6.68e-05
Saved new best weights to best_model_seed4.pth (EMA validation loss without trend: 0.719076).
Epoch [62/100] | Total Loss: 0.9127 | Aux Loss: 0.1653 | Train Mixed Loss: 0.7474 (Base: 0.2724, Trend: 0.1523, DTW: 0.1064, TopK: 0.4786) | Val Mixed Loss (No Trend): 0.7319 (Base: 0.2870, DTW: 0.1278, TopK: 0.4610) | EMA Val Loss (No Trend): 0.722293 | LR: 6.39e-05
Epoch [63/100] | Total Loss: 0.9028 | Aux Loss: 0.1605 | Train Mixed Loss: 0.7423 (Base: 0.2714, Trend: 0.1521, DTW: 0.1047, TopK: 0.4788) | Val Mixed Loss (No Trend): 0.7148 (Base: 0.2774, DTW: 0.1228, TopK: 0.4755) | EMA Val Loss (No Trend): 0.720416 | LR: 6.10e-05
Epoch [64/100] | Total Loss: 0.8976 | Aux Loss: 0.1616 | Train Mixed Loss: 0.7360 (Base: 0.2694, Trend: 0.1511, DTW: 0.1036, TopK: 0.4747) | Val Mixed Loss (No Trend): 0.7246 (Base: 0.2850, DTW: 0.1277, TopK: 0.4434) | EMA Val Loss (No Trend): 0.721453 | LR: 5.81e-05
Epoch [65/100] | Total Loss: 0.8890 | Aux Loss: 0.1590 | Train Mixed Loss: 0.7300 (Base: 0.2672, Trend: 0.1496, DTW: 0.1028, TopK: 0.4711) | Val Mixed Loss (No Trend): 0.7323 (Base: 0.2853, DTW: 0.1304, TopK: 0.4468) | EMA Val Loss (No Trend): 0.724176 | LR: 5.53e-05
Epoch [66/100] | Total Loss: 0.8887 | Aux Loss: 0.1591 | Train Mixed Loss: 0.7296 (Base: 0.2669, Trend: 0.1500, DTW: 0.1028, TopK: 0.4698) | Val Mixed Loss (No Trend): 0.7128 (Base: 0.2812, DTW: 0.1223, TopK: 0.4607) | EMA Val Loss (No Trend): 0.721325 | LR: 5.26e-05
Epoch [67/100] | Total Loss: 0.8973 | Aux Loss: 0.1616 | Train Mixed Loss: 0.7357 (Base: 0.2689, Trend: 0.1515, DTW: 0.1036, TopK: 0.4746) | Val Mixed Loss (No Trend): 0.7118 (Base: 0.2741, DTW: 0.1223, TopK: 0.4804) | EMA Val Loss (No Trend): 0.718936 | LR: 4.99e-05
Saved new best weights to best_model_seed4.pth (EMA validation loss without trend: 0.718936).
Epoch [68/100] | Total Loss: 0.8916 | Aux Loss: 0.1612 | Train Mixed Loss: 0.7304 (Base: 0.2679, Trend: 0.1514, DTW: 0.1020, TopK: 0.4729) | Val Mixed Loss (No Trend): 0.7118 (Base: 0.2764, DTW: 0.1223, TopK: 0.4726) | EMA Val Loss (No Trend): 0.717156 | LR: 4.72e-05
Saved new best weights to best_model_seed4.pth (EMA validation loss without trend: 0.717156).
Epoch [69/100] | Total Loss: 0.8949 | Aux Loss: 0.1614 | Train Mixed Loss: 0.7335 (Base: 0.2692, Trend: 0.1518, DTW: 0.1026, TopK: 0.4737) | Val Mixed Loss (No Trend): 0.7258 (Base: 0.2830, DTW: 0.1255, TopK: 0.4723) | EMA Val Loss (No Trend): 0.719318 | LR: 4.46e-05
Epoch [70/100] | Total Loss: 0.8886 | Aux Loss: 0.1598 | Train Mixed Loss: 0.7288 (Base: 0.2679, Trend: 0.1511, DTW: 0.1017, TopK: 0.4707) | Val Mixed Loss (No Trend): 0.7084 (Base: 0.2786, DTW: 0.1223, TopK: 0.4537) | EMA Val Loss (No Trend): 0.716577 | LR: 4.20e-05
Saved new best weights to best_model_seed4.pth (EMA validation loss without trend: 0.716577).
Epoch [71/100] | Total Loss: 0.8862 | Aux Loss: 0.1607 | Train Mixed Loss: 0.7255 (Base: 0.2663, Trend: 0.1514, DTW: 0.1009, TopK: 0.4710) | Val Mixed Loss (No Trend): 0.7192 (Base: 0.2839, DTW: 0.1249, TopK: 0.4516) | EMA Val Loss (No Trend): 0.717243 | LR: 3.95e-05
Epoch [72/100] | Total Loss: 0.8828 | Aux Loss: 0.1603 | Train Mixed Loss: 0.7225 (Base: 0.2659, Trend: 0.1513, DTW: 0.1006, TopK: 0.4652) | Val Mixed Loss (No Trend): 0.7188 (Base: 0.2838, DTW: 0.1238, TopK: 0.4599) | EMA Val Loss (No Trend): 0.717634 | LR: 3.71e-05
Epoch [73/100] | Total Loss: 0.8818 | Aux Loss: 0.1600 | Train Mixed Loss: 0.7218 (Base: 0.2660, Trend: 0.1511, DTW: 0.1001, TopK: 0.4671) | Val Mixed Loss (No Trend): 0.7290 (Base: 0.2847, DTW: 0.1270, TopK: 0.4655) | EMA Val Loss (No Trend): 0.720483 | LR: 3.47e-05
Epoch [74/100] | Total Loss: 0.8750 | Aux Loss: 0.1587 | Train Mixed Loss: 0.7163 (Base: 0.2637, Trend: 0.1500, DTW: 0.0992, TopK: 0.4654) | Val Mixed Loss (No Trend): 0.7019 (Base: 0.2759, DTW: 0.1201, TopK: 0.4590) | EMA Val Loss (No Trend): 0.715845 | LR: 3.24e-05
Saved new best weights to best_model_seed4.pth (EMA validation loss without trend: 0.715845).
Epoch [75/100] | Total Loss: 0.8760 | Aux Loss: 0.1584 | Train Mixed Loss: 0.7176 (Base: 0.2635, Trend: 0.1504, DTW: 0.0996, TopK: 0.4657) | Val Mixed Loss (No Trend): 0.7100 (Base: 0.2783, DTW: 0.1230, TopK: 0.4550) | EMA Val Loss (No Trend): 0.714378 | LR: 3.01e-05
Saved new best weights to best_model_seed4.pth (EMA validation loss without trend: 0.714378).
Epoch [76/100] | Total Loss: 0.8653 | Aux Loss: 0.1563 | Train Mixed Loss: 0.7090 (Base: 0.2608, Trend: 0.1487, DTW: 0.0985, TopK: 0.4582) | Val Mixed Loss (No Trend): 0.7193 (Base: 0.2807, DTW: 0.1244, TopK: 0.4668) | EMA Val Loss (No Trend): 0.715620 | LR: 2.80e-05
Epoch [77/100] | Total Loss: 0.8723 | Aux Loss: 0.1574 | Train Mixed Loss: 0.7149 (Base: 0.2628, Trend: 0.1498, DTW: 0.0992, TopK: 0.4641) | Val Mixed Loss (No Trend): 0.7186 (Base: 0.2805, DTW: 0.1246, TopK: 0.4634) | EMA Val Loss (No Trend): 0.716366 | LR: 2.59e-05
Epoch [78/100] | Total Loss: 0.8724 | Aux Loss: 0.1582 | Train Mixed Loss: 0.7142 (Base: 0.2626, Trend: 0.1501, DTW: 0.0988, TopK: 0.4644) | Val Mixed Loss (No Trend): 0.7179 (Base: 0.2811, DTW: 0.1249, TopK: 0.4566) | EMA Val Loss (No Trend): 0.716756 | LR: 2.38e-05
Epoch [79/100] | Total Loss: 0.8699 | Aux Loss: 0.1569 | Train Mixed Loss: 0.7131 (Base: 0.2625, Trend: 0.1503, DTW: 0.0985, TopK: 0.4631) | Val Mixed Loss (No Trend): 0.7163 (Base: 0.2795, DTW: 0.1231, TopK: 0.4708) | EMA Val Loss (No Trend): 0.716632 | LR: 2.19e-05
Epoch [80/100] | Total Loss: 0.8655 | Aux Loss: 0.1574 | Train Mixed Loss: 0.7081 (Base: 0.2616, Trend: 0.1496, DTW: 0.0976, TopK: 0.4580) | Val Mixed Loss (No Trend): 0.7235 (Base: 0.2825, DTW: 0.1262, TopK: 0.4607) | EMA Val Loss (No Trend): 0.718348 | LR: 2.00e-05
Epoch [81/100] | Total Loss: 0.8650 | Aux Loss: 0.1566 | Train Mixed Loss: 0.7084 (Base: 0.2607, Trend: 0.1494, DTW: 0.0976, TopK: 0.4627) | Val Mixed Loss (No Trend): 0.7050 (Base: 0.2775, DTW: 0.1219, TopK: 0.4502) | EMA Val Loss (No Trend): 0.715012 | LR: 1.82e-05
Epoch [82/100] | Total Loss: 0.8676 | Aux Loss: 0.1575 | Train Mixed Loss: 0.7101 (Base: 0.2614, Trend: 0.1504, DTW: 0.0980, TopK: 0.4609) | Val Mixed Loss (No Trend): 0.7052 (Base: 0.2735, DTW: 0.1215, TopK: 0.4667) | EMA Val Loss (No Trend): 0.712571 | LR: 1.65e-05
Saved new best weights to best_model_seed4.pth (EMA validation loss without trend: 0.712571).
Epoch [83/100] | Total Loss: 0.8610 | Aux Loss: 0.1574 | Train Mixed Loss: 0.7036 (Base: 0.2599, Trend: 0.1498, DTW: 0.0965, TopK: 0.4577) | Val Mixed Loss (No Trend): 0.7144 (Base: 0.2789, DTW: 0.1228, TopK: 0.4689) | EMA Val Loss (No Trend): 0.713018 | LR: 1.49e-05
Epoch [84/100] | Total Loss: 0.8660 | Aux Loss: 0.1580 | Train Mixed Loss: 0.7080 (Base: 0.2601, Trend: 0.1500, DTW: 0.0978, TopK: 0.4603) | Val Mixed Loss (No Trend): 0.7205 (Base: 0.2829, DTW: 0.1253, TopK: 0.4566) | EMA Val Loss (No Trend): 0.714887 | LR: 1.33e-05
Epoch [85/100] | Total Loss: 0.8581 | Aux Loss: 0.1557 | Train Mixed Loss: 0.7025 (Base: 0.2597, Trend: 0.1499, DTW: 0.0963, TopK: 0.4560) | Val Mixed Loss (No Trend): 0.7284 (Base: 0.2864, DTW: 0.1268, TopK: 0.4589) | EMA Val Loss (No Trend): 0.718274 | LR: 1.18e-05
Epoch [86/100] | Total Loss: 0.8616 | Aux Loss: 0.1565 | Train Mixed Loss: 0.7051 (Base: 0.2601, Trend: 0.1502, DTW: 0.0967, TopK: 0.4597) | Val Mixed Loss (No Trend): 0.7213 (Base: 0.2810, DTW: 0.1259, TopK: 0.4608) | EMA Val Loss (No Trend): 0.719024 | LR: 1.05e-05
Epoch [87/100] | Total Loss: 0.8603 | Aux Loss: 0.1576 | Train Mixed Loss: 0.7028 (Base: 0.2590, Trend: 0.1497, DTW: 0.0968, TopK: 0.4550) | Val Mixed Loss (No Trend): 0.7290 (Base: 0.2824, DTW: 0.1281, TopK: 0.4640) | EMA Val Loss (No Trend): 0.721530 | LR: 9.18e-06
Epoch [88/100] | Total Loss: 0.8532 | Aux Loss: 0.1566 | Train Mixed Loss: 0.6966 (Base: 0.2583, Trend: 0.1494, DTW: 0.0950, TopK: 0.4520) | Val Mixed Loss (No Trend): 0.7173 (Base: 0.2812, DTW: 0.1242, TopK: 0.4601) | EMA Val Loss (No Trend): 0.720484 | LR: 7.99e-06
Epoch [89/100] | Total Loss: 0.8523 | Aux Loss: 0.1565 | Train Mixed Loss: 0.6957 (Base: 0.2579, Trend: 0.1490, DTW: 0.0951, TopK: 0.4503) | Val Mixed Loss (No Trend): 0.7128 (Base: 0.2807, DTW: 0.1231, TopK: 0.4555) | EMA Val Loss (No Trend): 0.718575 | LR: 6.88e-06
Epoch [90/100] | Total Loss: 0.8475 | Aux Loss: 0.1545 | Train Mixed Loss: 0.6930 (Base: 0.2567, Trend: 0.1487, DTW: 0.0942, TopK: 0.4526) | Val Mixed Loss (No Trend): 0.7163 (Base: 0.2812, DTW: 0.1231, TopK: 0.4657) | EMA Val Loss (No Trend): 0.718013 | LR: 5.87e-06
Epoch [91/100] | Total Loss: 0.8641 | Aux Loss: 0.1579 | Train Mixed Loss: 0.7062 (Base: 0.2610, Trend: 0.1502, DTW: 0.0970, TopK: 0.4580) | Val Mixed Loss (No Trend): 0.7101 (Base: 0.2793, DTW: 0.1231, TopK: 0.4508) | EMA Val Loss (No Trend): 0.716038 | LR: 4.95e-06
Epoch [92/100] | Total Loss: 0.8585 | Aux Loss: 0.1584 | Train Mixed Loss: 0.7001 (Base: 0.2589, Trend: 0.1500, DTW: 0.0954, TopK: 0.4577) | Val Mixed Loss (No Trend): 0.7075 (Base: 0.2758, DTW: 0.1216, TopK: 0.4666) | EMA Val Loss (No Trend): 0.713908 | LR: 4.13e-06
Epoch [93/100] | Total Loss: 0.8573 | Aux Loss: 0.1577 | Train Mixed Loss: 0.6997 (Base: 0.2587, Trend: 0.1502, DTW: 0.0954, TopK: 0.4566) | Val Mixed Loss (No Trend): 0.7197 (Base: 0.2815, DTW: 0.1250, TopK: 0.4606) | EMA Val Loss (No Trend): 0.715363 | LR: 3.40e-06
Epoch [94/100] | Total Loss: 0.8559 | Aux Loss: 0.1568 | Train Mixed Loss: 0.6990 (Base: 0.2591, Trend: 0.1498, DTW: 0.0953, TopK: 0.4544) | Val Mixed Loss (No Trend): 0.7230 (Base: 0.2836, DTW: 0.1255, TopK: 0.4606) | EMA Val Loss (No Trend): 0.717284 | LR: 2.76e-06
Epoch [95/100] | Total Loss: 0.8573 | Aux Loss: 0.1567 | Train Mixed Loss: 0.7006 (Base: 0.2590, Trend: 0.1504, DTW: 0.0960, TopK: 0.4529) | Val Mixed Loss (No Trend): 0.7175 (Base: 0.2804, DTW: 0.1239, TopK: 0.4657) | EMA Val Loss (No Trend): 0.717344 | LR: 2.23e-06
Epoch [96/100] | Total Loss: 0.8587 | Aux Loss: 0.1575 | Train Mixed Loss: 0.7011 (Base: 0.2587, Trend: 0.1499, DTW: 0.0961, TopK: 0.4566) | Val Mixed Loss (No Trend): 0.7159 (Base: 0.2788, DTW: 0.1248, TopK: 0.4587) | EMA Val Loss (No Trend): 0.716977 | LR: 1.78e-06
Epoch [97/100] | Total Loss: 0.8508 | Aux Loss: 0.1561 | Train Mixed Loss: 0.6947 (Base: 0.2569, Trend: 0.1491, DTW: 0.0947, TopK: 0.4534) | Val Mixed Loss (No Trend): 0.7129 (Base: 0.2799, DTW: 0.1232, TopK: 0.4573) | EMA Val Loss (No Trend): 0.715947 | LR: 1.44e-06
Epoch [98/100] | Total Loss: 0.8564 | Aux Loss: 0.1569 | Train Mixed Loss: 0.6995 (Base: 0.2579, Trend: 0.1500, DTW: 0.0956, TopK: 0.4575) | Val Mixed Loss (No Trend): 0.7236 (Base: 0.2817, DTW: 0.1262, TopK: 0.4638) | EMA Val Loss (No Trend): 0.717871 | LR: 1.20e-06
Epoch [99/100] | Total Loss: 0.8609 | Aux Loss: 0.1576 | Train Mixed Loss: 0.7032 (Base: 0.2592, Trend: 0.1499, DTW: 0.0966, TopK: 0.4579) | Val Mixed Loss (No Trend): 0.7206 (Base: 0.2823, DTW: 0.1251, TopK: 0.4601) | EMA Val Loss (No Trend): 0.718549 | LR: 1.05e-06
Epoch [100/100] | Total Loss: 0.8563 | Aux Loss: 0.1555 | Train Mixed Loss: 0.7008 (Base: 0.2593, Trend: 0.1503, DTW: 0.0957, TopK: 0.4558) | Val Mixed Loss (No Trend): 0.7268 (Base: 0.2852, DTW: 0.1270, TopK: 0.4555) | EMA Val Loss (No Trend): 0.720602 | LR: 2.00e-04
