Starting experiment (seed=4)
Device: cuda:0
Building static profile features from historical data...
Total trainable parameters: 5,010,690
Epoch [1/100] | Total Loss: 1.3542 | Aux Loss: 0.2905 | Train Mixed Loss: 1.0637 (Base: 0.3445, Trend: 0.1683, DTW: 0.1901, TopK: 0.5957) | Val Mixed Loss (No Trend): 0.8800 (Base: 0.3315, DTW: 0.1613, TopK: 0.5378) | EMA Val Loss (No Trend): 0.880049 | LR: 2.00e-04
Saved new best weights to best_model_seed4.pth (EMA validation loss without trend: 0.880049).
Epoch [2/100] | Total Loss: 1.2198 | Aux Loss: 0.2367 | Train Mixed Loss: 0.9831 (Base: 0.3314, Trend: 0.1597, DTW: 0.1660, TopK: 0.5777) | Val Mixed Loss (No Trend): 0.8357 (Base: 0.3099, DTW: 0.1490, TopK: 0.5610) | EMA Val Loss (No Trend): 0.868953 | LR: 2.00e-04
Saved new best weights to best_model_seed4.pth (EMA validation loss without trend: 0.868953).
Epoch [3/100] | Total Loss: 1.1748 | Aux Loss: 0.2262 | Train Mixed Loss: 0.9486 (Base: 0.3226, Trend: 0.1582, DTW: 0.1570, TopK: 0.5669) | Val Mixed Loss (No Trend): 0.8279 (Base: 0.3124, DTW: 0.1515, TopK: 0.5064) | EMA Val Loss (No Trend): 0.858694 | LR: 2.00e-04
Saved new best weights to best_model_seed4.pth (EMA validation loss without trend: 0.858694).
Epoch [4/100] | Total Loss: 1.1548 | Aux Loss: 0.2176 | Train Mixed Loss: 0.9372 (Base: 0.3203, Trend: 0.1583, DTW: 0.1538, TopK: 0.5622) | Val Mixed Loss (No Trend): 0.8041 (Base: 0.3015, DTW: 0.1420, TopK: 0.5396) | EMA Val Loss (No Trend): 0.845043 | LR: 1.99e-04
Saved new best weights to best_model_seed4.pth (EMA validation loss without trend: 0.845043).
Epoch [5/100] | Total Loss: 1.1405 | Aux Loss: 0.2167 | Train Mixed Loss: 0.9238 (Base: 0.3170, Trend: 0.1589, DTW: 0.1496, TopK: 0.5613) | Val Mixed Loss (No Trend): 0.8075 (Base: 0.3067, DTW: 0.1474, TopK: 0.4906) | EMA Val Loss (No Trend): 0.835667 | LR: 1.99e-04
Saved new best weights to best_model_seed4.pth (EMA validation loss without trend: 0.835667).
Epoch [6/100] | Total Loss: 1.1301 | Aux Loss: 0.2121 | Train Mixed Loss: 0.9180 (Base: 0.3155, Trend: 0.1577, DTW: 0.1490, TopK: 0.5537) | Val Mixed Loss (No Trend): 0.7794 (Base: 0.2917, DTW: 0.1369, TopK: 0.5303) | EMA Val Loss (No Trend): 0.821601 | LR: 1.98e-04
Saved new best weights to best_model_seed4.pth (EMA validation loss without trend: 0.821601).
Epoch [7/100] | Total Loss: 1.1150 | Aux Loss: 0.2123 | Train Mixed Loss: 0.9026 (Base: 0.3113, Trend: 0.1573, DTW: 0.1448, TopK: 0.5508) | Val Mixed Loss (No Trend): 0.7709 (Base: 0.2868, DTW: 0.1359, TopK: 0.5268) | EMA Val Loss (No Trend): 0.808932 | LR: 1.98e-04
Saved new best weights to best_model_seed4.pth (EMA validation loss without trend: 0.808932).
Epoch [8/100] | Total Loss: 1.0999 | Aux Loss: 0.2104 | Train Mixed Loss: 0.8895 (Base: 0.3083, Trend: 0.1552, DTW: 0.1421, TopK: 0.5418) | Val Mixed Loss (No Trend): 0.7731 (Base: 0.2955, DTW: 0.1362, TopK: 0.5027) | EMA Val Loss (No Trend): 0.799976 | LR: 1.97e-04
Saved new best weights to best_model_seed4.pth (EMA validation loss without trend: 0.799976).
Epoch [9/100] | Total Loss: 1.0921 | Aux Loss: 0.2059 | Train Mixed Loss: 0.8862 (Base: 0.3076, Trend: 0.1558, DTW: 0.1407, TopK: 0.5435) | Val Mixed Loss (No Trend): 0.7635 (Base: 0.2906, DTW: 0.1347, TopK: 0.4985) | EMA Val Loss (No Trend): 0.790849 | LR: 1.96e-04
Saved new best weights to best_model_seed4.pth (EMA validation loss without trend: 0.790849).
Epoch [10/100] | Total Loss: 1.0825 | Aux Loss: 0.2064 | Train Mixed Loss: 0.8761 (Base: 0.3057, Trend: 0.1557, DTW: 0.1380, TopK: 0.5375) | Val Mixed Loss (No Trend): 0.7611 (Base: 0.2868, DTW: 0.1332, TopK: 0.5153) | EMA Val Loss (No Trend): 0.783406 | LR: 1.95e-04
Saved new best weights to best_model_seed4.pth (EMA validation loss without trend: 0.783406).
Epoch [11/100] | Total Loss: 1.0810 | Aux Loss: 0.2071 | Train Mixed Loss: 0.8740 (Base: 0.3048, Trend: 0.1544, DTW: 0.1376, TopK: 0.5390) | Val Mixed Loss (No Trend): 0.7847 (Base: 0.3065, DTW: 0.1413, TopK: 0.4639) | EMA Val Loss (No Trend): 0.783740 | LR: 1.94e-04
Epoch [12/100] | Total Loss: 1.0741 | Aux Loss: 0.2037 | Train Mixed Loss: 0.8704 (Base: 0.3040, Trend: 0.1550, DTW: 0.1366, TopK: 0.5365) | Val Mixed Loss (No Trend): 0.7550 (Base: 0.2828, DTW: 0.1329, TopK: 0.5109) | EMA Val Loss (No Trend): 0.776546 | LR: 1.93e-04
Saved new best weights to best_model_seed4.pth (EMA validation loss without trend: 0.776546).
Epoch [13/100] | Total Loss: 1.0697 | Aux Loss: 0.2055 | Train Mixed Loss: 0.8642 (Base: 0.3024, Trend: 0.1543, DTW: 0.1351, TopK: 0.5347) | Val Mixed Loss (No Trend): 0.7431 (Base: 0.2881, DTW: 0.1295, TopK: 0.4806) | EMA Val Loss (No Trend): 0.768188 | LR: 1.92e-04
Saved new best weights to best_model_seed4.pth (EMA validation loss without trend: 0.768188).
Epoch [14/100] | Total Loss: 1.0605 | Aux Loss: 0.2030 | Train Mixed Loss: 0.8575 (Base: 0.3015, Trend: 0.1544, DTW: 0.1330, TopK: 0.5325) | Val Mixed Loss (No Trend): 0.7728 (Base: 0.2961, DTW: 0.1401, TopK: 0.4683) | EMA Val Loss (No Trend): 0.769336 | LR: 1.91e-04
Epoch [15/100] | Total Loss: 1.0532 | Aux Loss: 0.2000 | Train Mixed Loss: 0.8532 (Base: 0.3003, Trend: 0.1541, DTW: 0.1321, TopK: 0.5290) | Val Mixed Loss (No Trend): 0.7632 (Base: 0.2949, DTW: 0.1373, TopK: 0.4624) | EMA Val Loss (No Trend): 0.767796 | LR: 1.89e-04
Saved new best weights to best_model_seed4.pth (EMA validation loss without trend: 0.767796).
Epoch [16/100] | Total Loss: 1.0492 | Aux Loss: 0.1988 | Train Mixed Loss: 0.8504 (Base: 0.2996, Trend: 0.1548, DTW: 0.1312, TopK: 0.5284) | Val Mixed Loss (No Trend): 0.7442 (Base: 0.2797, DTW: 0.1298, TopK: 0.5100) | EMA Val Loss (No Trend): 0.761902 | LR: 1.88e-04
Saved new best weights to best_model_seed4.pth (EMA validation loss without trend: 0.761902).
Epoch [17/100] | Total Loss: 1.0413 | Aux Loss: 0.1981 | Train Mixed Loss: 0.8432 (Base: 0.2966, Trend: 0.1525, DTW: 0.1307, TopK: 0.5220) | Val Mixed Loss (No Trend): 0.7319 (Base: 0.2822, DTW: 0.1269, TopK: 0.4836) | EMA Val Loss (No Trend): 0.754389 | LR: 1.86e-04
Saved new best weights to best_model_seed4.pth (EMA validation loss without trend: 0.754389).
Epoch [18/100] | Total Loss: 1.0331 | Aux Loss: 0.1986 | Train Mixed Loss: 0.8346 (Base: 0.2951, Trend: 0.1528, DTW: 0.1279, TopK: 0.5203) | Val Mixed Loss (No Trend): 0.7415 (Base: 0.2825, DTW: 0.1284, TopK: 0.5026) | EMA Val Loss (No Trend): 0.751175 | LR: 1.85e-04
Saved new best weights to best_model_seed4.pth (EMA validation loss without trend: 0.751175).
Epoch [19/100] | Total Loss: 1.0280 | Aux Loss: 0.1963 | Train Mixed Loss: 0.8317 (Base: 0.2938, Trend: 0.1520, DTW: 0.1278, TopK: 0.5171) | Val Mixed Loss (No Trend): 0.7365 (Base: 0.2782, DTW: 0.1261, TopK: 0.5189) | EMA Val Loss (No Trend): 0.747516 | LR: 1.83e-04
Saved new best weights to best_model_seed4.pth (EMA validation loss without trend: 0.747516).
Epoch [20/100] | Total Loss: 1.0274 | Aux Loss: 0.1946 | Train Mixed Loss: 0.8328 (Base: 0.2939, Trend: 0.1521, DTW: 0.1282, TopK: 0.5172) | Val Mixed Loss (No Trend): 0.7418 (Base: 0.2869, DTW: 0.1277, TopK: 0.4946) | EMA Val Loss (No Trend): 0.746092 | LR: 1.81e-04
Saved new best weights to best_model_seed4.pth (EMA validation loss without trend: 0.746092).
Epoch [21/100] | Total Loss: 1.0250 | Aux Loss: 0.1942 | Train Mixed Loss: 0.8309 (Base: 0.2937, Trend: 0.1524, DTW: 0.1272, TopK: 0.5191) | Val Mixed Loss (No Trend): 0.7367 (Base: 0.2857, DTW: 0.1268, TopK: 0.4893) | EMA Val Loss (No Trend): 0.743756 | LR: 1.79e-04
Saved new best weights to best_model_seed4.pth (EMA validation loss without trend: 0.743756).
Epoch [22/100] | Total Loss: 1.0154 | Aux Loss: 0.1940 | Train Mixed Loss: 0.8214 (Base: 0.2921, Trend: 0.1523, DTW: 0.1246, TopK: 0.5140) | Val Mixed Loss (No Trend): 0.7497 (Base: 0.2886, DTW: 0.1341, TopK: 0.4645) | EMA Val Loss (No Trend): 0.745245 | LR: 1.77e-04
Epoch [23/100] | Total Loss: 1.0125 | Aux Loss: 0.1922 | Train Mixed Loss: 0.8202 (Base: 0.2919, Trend: 0.1524, DTW: 0.1243, TopK: 0.5131) | Val Mixed Loss (No Trend): 0.7338 (Base: 0.2795, DTW: 0.1274, TopK: 0.4951) | EMA Val Loss (No Trend): 0.742385 | LR: 1.75e-04
Saved new best weights to best_model_seed4.pth (EMA validation loss without trend: 0.742385).
Epoch [24/100] | Total Loss: 1.0062 | Aux Loss: 0.1922 | Train Mixed Loss: 0.8140 (Base: 0.2902, Trend: 0.1523, DTW: 0.1225, TopK: 0.5116) | Val Mixed Loss (No Trend): 0.7400 (Base: 0.2844, DTW: 0.1311, TopK: 0.4697) | EMA Val Loss (No Trend): 0.741796 | LR: 1.73e-04
Saved new best weights to best_model_seed4.pth (EMA validation loss without trend: 0.741796).
Epoch [25/100] | Total Loss: 1.0111 | Aux Loss: 0.1917 | Train Mixed Loss: 0.8193 (Base: 0.2906, Trend: 0.1524, DTW: 0.1243, TopK: 0.5143) | Val Mixed Loss (No Trend): 0.7334 (Base: 0.2843, DTW: 0.1282, TopK: 0.4717) | EMA Val Loss (No Trend): 0.739697 | LR: 1.71e-04
Saved new best weights to best_model_seed4.pth (EMA validation loss without trend: 0.739697).
Epoch [26/100] | Total Loss: 1.0031 | Aux Loss: 0.1908 | Train Mixed Loss: 0.8123 (Base: 0.2894, Trend: 0.1528, DTW: 0.1221, TopK: 0.5116) | Val Mixed Loss (No Trend): 0.7251 (Base: 0.2802, DTW: 0.1271, TopK: 0.4666) | EMA Val Loss (No Trend): 0.736056 | LR: 1.69e-04
Saved new best weights to best_model_seed4.pth (EMA validation loss without trend: 0.736056).
Epoch [27/100] | Total Loss: 0.9997 | Aux Loss: 0.1909 | Train Mixed Loss: 0.8088 (Base: 0.2890, Trend: 0.1529, DTW: 0.1210, TopK: 0.5098) | Val Mixed Loss (No Trend): 0.7824 (Base: 0.3066, DTW: 0.1408, TopK: 0.4595) | EMA Val Loss (No Trend): 0.747632 | LR: 1.66e-04
Epoch [28/100] | Total Loss: 0.9875 | Aux Loss: 0.1885 | Train Mixed Loss: 0.7990 (Base: 0.2857, Trend: 0.1504, DTW: 0.1196, TopK: 0.5033) | Val Mixed Loss (No Trend): 0.7303 (Base: 0.2847, DTW: 0.1287, TopK: 0.4558) | EMA Val Loss (No Trend): 0.743301 | LR: 1.64e-04
Epoch [29/100] | Total Loss: 0.9892 | Aux Loss: 0.1887 | Train Mixed Loss: 0.8005 (Base: 0.2873, Trend: 0.1525, DTW: 0.1191, TopK: 0.5035) | Val Mixed Loss (No Trend): 0.7230 (Base: 0.2783, DTW: 0.1265, TopK: 0.4700) | EMA Val Loss (No Trend): 0.738218 | LR: 1.61e-04
Epoch [30/100] | Total Loss: 0.9804 | Aux Loss: 0.1868 | Train Mixed Loss: 0.7936 (Base: 0.2840, Trend: 0.1506, DTW: 0.1183, TopK: 0.5016) | Val Mixed Loss (No Trend): 0.7415 (Base: 0.2943, DTW: 0.1316, TopK: 0.4381) | EMA Val Loss (No Trend): 0.739050 | LR: 1.59e-04
Epoch [31/100] | Total Loss: 0.9754 | Aux Loss: 0.1856 | Train Mixed Loss: 0.7898 (Base: 0.2834, Trend: 0.1504, DTW: 0.1175, TopK: 0.4971) | Val Mixed Loss (No Trend): 0.7310 (Base: 0.2844, DTW: 0.1277, TopK: 0.4668) | EMA Val Loss (No Trend): 0.737032 | LR: 1.56e-04
Epoch [32/100] | Total Loss: 0.9793 | Aux Loss: 0.1860 | Train Mixed Loss: 0.7933 (Base: 0.2847, Trend: 0.1515, DTW: 0.1178, TopK: 0.5009) | Val Mixed Loss (No Trend): 0.7138 (Base: 0.2760, DTW: 0.1229, TopK: 0.4762) | EMA Val Loss (No Trend): 0.731231 | LR: 1.54e-04
Saved new best weights to best_model_seed4.pth (EMA validation loss without trend: 0.731231).
Epoch [33/100] | Total Loss: 0.9775 | Aux Loss: 0.1866 | Train Mixed Loss: 0.7909 (Base: 0.2836, Trend: 0.1511, DTW: 0.1175, TopK: 0.4990) | Val Mixed Loss (No Trend): 0.7192 (Base: 0.2733, DTW: 0.1242, TopK: 0.4928) | EMA Val Loss (No Trend): 0.728228 | LR: 1.51e-04
Saved new best weights to best_model_seed4.pth (EMA validation loss without trend: 0.728228).
Epoch [34/100] | Total Loss: 0.9709 | Aux Loss: 0.1854 | Train Mixed Loss: 0.7855 (Base: 0.2820, Trend: 0.1506, DTW: 0.1164, TopK: 0.4965) | Val Mixed Loss (No Trend): 0.7166 (Base: 0.2749, DTW: 0.1228, TopK: 0.4903) | EMA Val Loss (No Trend): 0.725322 | LR: 1.48e-04
Saved new best weights to best_model_seed4.pth (EMA validation loss without trend: 0.725322).
Epoch [35/100] | Total Loss: 0.9660 | Aux Loss: 0.1851 | Train Mixed Loss: 0.7809 (Base: 0.2806, Trend: 0.1510, DTW: 0.1151, TopK: 0.4955) | Val Mixed Loss (No Trend): 0.7192 (Base: 0.2803, DTW: 0.1248, TopK: 0.4647) | EMA Val Loss (No Trend): 0.723797 | LR: 1.46e-04
Saved new best weights to best_model_seed4.pth (EMA validation loss without trend: 0.723797).
Epoch [36/100] | Total Loss: 0.9661 | Aux Loss: 0.1864 | Train Mixed Loss: 0.7797 (Base: 0.2808, Trend: 0.1504, DTW: 0.1147, TopK: 0.4949) | Val Mixed Loss (No Trend): 0.7250 (Base: 0.2859, DTW: 0.1267, TopK: 0.4499) | EMA Val Loss (No Trend): 0.724105 | LR: 1.43e-04
Epoch [37/100] | Total Loss: 0.9598 | Aux Loss: 0.1849 | Train Mixed Loss: 0.7749 (Base: 0.2792, Trend: 0.1509, DTW: 0.1134, TopK: 0.4938) | Val Mixed Loss (No Trend): 0.7303 (Base: 0.2842, DTW: 0.1287, TopK: 0.4573) | EMA Val Loss (No Trend): 0.725665 | LR: 1.40e-04
Epoch [38/100] | Total Loss: 0.9594 | Aux Loss: 0.1843 | Train Mixed Loss: 0.7750 (Base: 0.2795, Trend: 0.1512, DTW: 0.1134, TopK: 0.4923) | Val Mixed Loss (No Trend): 0.7416 (Base: 0.2935, DTW: 0.1317, TopK: 0.4397) | EMA Val Loss (No Trend): 0.729654 | LR: 1.37e-04
Epoch [39/100] | Total Loss: 0.9514 | Aux Loss: 0.1835 | Train Mixed Loss: 0.7679 (Base: 0.2775, Trend: 0.1501, DTW: 0.1123, TopK: 0.4862) | Val Mixed Loss (No Trend): 0.7272 (Base: 0.2824, DTW: 0.1272, TopK: 0.4650) | EMA Val Loss (No Trend): 0.729036 | LR: 1.34e-04
Epoch [40/100] | Total Loss: 0.9509 | Aux Loss: 0.1815 | Train Mixed Loss: 0.7694 (Base: 0.2776, Trend: 0.1506, DTW: 0.1124, TopK: 0.4891) | Val Mixed Loss (No Trend): 0.7244 (Base: 0.2803, DTW: 0.1267, TopK: 0.4665) | EMA Val Loss (No Trend): 0.727870 | LR: 1.31e-04
Epoch [41/100] | Total Loss: 0.9527 | Aux Loss: 0.1823 | Train Mixed Loss: 0.7704 (Base: 0.2789, Trend: 0.1513, DTW: 0.1119, TopK: 0.4908) | Val Mixed Loss (No Trend): 0.7258 (Base: 0.2833, DTW: 0.1272, TopK: 0.4576) | EMA Val Loss (No Trend): 0.727350 | LR: 1.28e-04
Epoch [42/100] | Total Loss: 0.9408 | Aux Loss: 0.1829 | Train Mixed Loss: 0.7579 (Base: 0.2756, Trend: 0.1497, DTW: 0.1099, TopK: 0.4789) | Val Mixed Loss (No Trend): 0.7389 (Base: 0.2911, DTW: 0.1293, TopK: 0.4582) | EMA Val Loss (No Trend): 0.730225 | LR: 1.25e-04
Epoch [43/100] | Total Loss: 0.9427 | Aux Loss: 0.1802 | Train Mixed Loss: 0.7625 (Base: 0.2770, Trend: 0.1506, DTW: 0.1103, TopK: 0.4845) | Val Mixed Loss (No Trend): 0.7249 (Base: 0.2796, DTW: 0.1269, TopK: 0.4691) | EMA Val Loss (No Trend): 0.728905 | LR: 1.22e-04
Epoch [44/100] | Total Loss: 0.9333 | Aux Loss: 0.1799 | Train Mixed Loss: 0.7533 (Base: 0.2742, Trend: 0.1503, DTW: 0.1084, TopK: 0.4793) | Val Mixed Loss (No Trend): 0.7141 (Base: 0.2791, DTW: 0.1246, TopK: 0.4533) | EMA Val Loss (No Trend): 0.725216 | LR: 1.19e-04
Epoch [45/100] | Total Loss: 0.9346 | Aux Loss: 0.1803 | Train Mixed Loss: 0.7543 (Base: 0.2737, Trend: 0.1502, DTW: 0.1086, TopK: 0.4832) | Val Mixed Loss (No Trend): 0.7288 (Base: 0.2849, DTW: 0.1272, TopK: 0.4621) | EMA Val Loss (No Trend): 0.726120 | LR: 1.16e-04
Epoch [46/100] | Total Loss: 0.9314 | Aux Loss: 0.1808 | Train Mixed Loss: 0.7507 (Base: 0.2729, Trend: 0.1509, DTW: 0.1078, TopK: 0.4785) | Val Mixed Loss (No Trend): 0.7309 (Base: 0.2874, DTW: 0.1285, TopK: 0.4501) | EMA Val Loss (No Trend): 0.727321 | LR: 1.13e-04
Epoch [47/100] | Total Loss: 0.9279 | Aux Loss: 0.1789 | Train Mixed Loss: 0.7490 (Base: 0.2728, Trend: 0.1503, DTW: 0.1074, TopK: 0.4778) | Val Mixed Loss (No Trend): 0.7208 (Base: 0.2821, DTW: 0.1253, TopK: 0.4598) | EMA Val Loss (No Trend): 0.725700 | LR: 1.10e-04
Epoch [48/100] | Total Loss: 0.9310 | Aux Loss: 0.1794 | Train Mixed Loss: 0.7516 (Base: 0.2735, Trend: 0.1507, DTW: 0.1076, TopK: 0.4814) | Val Mixed Loss (No Trend): 0.7217 (Base: 0.2832, DTW: 0.1253, TopK: 0.4596) | EMA Val Loss (No Trend): 0.724706 | LR: 1.07e-04
Epoch [49/100] | Total Loss: 0.9249 | Aux Loss: 0.1789 | Train Mixed Loss: 0.7460 (Base: 0.2719, Trend: 0.1503, DTW: 0.1066, TopK: 0.4767) | Val Mixed Loss (No Trend): 0.7299 (Base: 0.2865, DTW: 0.1276, TopK: 0.4573) | EMA Val Loss (No Trend): 0.726004 | LR: 1.04e-04
Epoch [50/100] | Total Loss: 0.9167 | Aux Loss: 0.1789 | Train Mixed Loss: 0.7378 (Base: 0.2699, Trend: 0.1495, DTW: 0.1048, TopK: 0.4719) | Val Mixed Loss (No Trend): 0.7150 (Base: 0.2774, DTW: 0.1237, TopK: 0.4696) | EMA Val Loss (No Trend): 0.723263 | LR: 1.01e-04
Saved new best weights to best_model_seed4.pth (EMA validation loss without trend: 0.723263).
Epoch [51/100] | Total Loss: 0.9248 | Aux Loss: 0.1789 | Train Mixed Loss: 0.7458 (Base: 0.2711, Trend: 0.1508, DTW: 0.1067, TopK: 0.4779) | Val Mixed Loss (No Trend): 0.7257 (Base: 0.2828, DTW: 0.1256, TopK: 0.4717) | EMA Val Loss (No Trend): 0.723884 | LR: 9.74e-05
Epoch [52/100] | Total Loss: 0.9152 | Aux Loss: 0.1771 | Train Mixed Loss: 0.7381 (Base: 0.2689, Trend: 0.1498, DTW: 0.1051, TopK: 0.4734) | Val Mixed Loss (No Trend): 0.7087 (Base: 0.2779, DTW: 0.1222, TopK: 0.4583) | EMA Val Loss (No Trend): 0.720083 | LR: 9.43e-05
Saved new best weights to best_model_seed4.pth (EMA validation loss without trend: 0.720083).
Epoch [53/100] | Total Loss: 0.9103 | Aux Loss: 0.1771 | Train Mixed Loss: 0.7333 (Base: 0.2678, Trend: 0.1496, DTW: 0.1037, TopK: 0.4728) | Val Mixed Loss (No Trend): 0.7369 (Base: 0.2886, DTW: 0.1307, TopK: 0.4491) | EMA Val Loss (No Trend): 0.724296 | LR: 9.11e-05
Epoch [54/100] | Total Loss: 0.9137 | Aux Loss: 0.1792 | Train Mixed Loss: 0.7345 (Base: 0.2684, Trend: 0.1497, DTW: 0.1042, TopK: 0.4707) | Val Mixed Loss (No Trend): 0.7183 (Base: 0.2795, DTW: 0.1243, TopK: 0.4684) | EMA Val Loss (No Trend): 0.722793 | LR: 8.80e-05
Epoch [55/100] | Total Loss: 0.9069 | Aux Loss: 0.1772 | Train Mixed Loss: 0.7297 (Base: 0.2675, Trend: 0.1496, DTW: 0.1030, TopK: 0.4671) | Val Mixed Loss (No Trend): 0.7340 (Base: 0.2867, DTW: 0.1313, TopK: 0.4404) | EMA Val Loss (No Trend): 0.725590 | LR: 8.49e-05
Epoch [56/100] | Total Loss: 0.9027 | Aux Loss: 0.1767 | Train Mixed Loss: 0.7261 (Base: 0.2653, Trend: 0.1489, DTW: 0.1025, TopK: 0.4675) | Val Mixed Loss (No Trend): 0.7215 (Base: 0.2797, DTW: 0.1261, TopK: 0.4640) | EMA Val Loss (No Trend): 0.724556 | LR: 8.19e-05
Epoch [57/100] | Total Loss: 0.9024 | Aux Loss: 0.1761 | Train Mixed Loss: 0.7263 (Base: 0.2661, Trend: 0.1501, DTW: 0.1020, TopK: 0.4682) | Val Mixed Loss (No Trend): 0.7240 (Base: 0.2822, DTW: 0.1268, TopK: 0.4579) | EMA Val Loss (No Trend): 0.724418 | LR: 7.88e-05
Epoch [58/100] | Total Loss: 0.8927 | Aux Loss: 0.1755 | Train Mixed Loss: 0.7172 (Base: 0.2636, Trend: 0.1486, DTW: 0.1001, TopK: 0.4631) | Val Mixed Loss (No Trend): 0.7194 (Base: 0.2749, DTW: 0.1248, TopK: 0.4839) | EMA Val Loss (No Trend): 0.723174 | LR: 7.58e-05
Epoch [59/100] | Total Loss: 0.8974 | Aux Loss: 0.1764 | Train Mixed Loss: 0.7210 (Base: 0.2653, Trend: 0.1493, DTW: 0.1008, TopK: 0.4634) | Val Mixed Loss (No Trend): 0.7234 (Base: 0.2822, DTW: 0.1263, TopK: 0.4602) | EMA Val Loss (No Trend): 0.723239 | LR: 7.27e-05
Epoch [60/100] | Total Loss: 0.8885 | Aux Loss: 0.1750 | Train Mixed Loss: 0.7134 (Base: 0.2624, Trend: 0.1485, DTW: 0.0995, TopK: 0.4594) | Val Mixed Loss (No Trend): 0.7071 (Base: 0.2764, DTW: 0.1216, TopK: 0.4633) | EMA Val Loss (No Trend): 0.719205 | LR: 6.98e-05
Saved new best weights to best_model_seed4.pth (EMA validation loss without trend: 0.719205).
Epoch [61/100] | Total Loss: 0.8900 | Aux Loss: 0.1754 | Train Mixed Loss: 0.7146 (Base: 0.2624, Trend: 0.1491, DTW: 0.0996, TopK: 0.4623) | Val Mixed Loss (No Trend): 0.7050 (Base: 0.2738, DTW: 0.1217, TopK: 0.4641) | EMA Val Loss (No Trend): 0.715666 | LR: 6.68e-05
Saved new best weights to best_model_seed4.pth (EMA validation loss without trend: 0.715666).
Epoch [62/100] | Total Loss: 0.8823 | Aux Loss: 0.1741 | Train Mixed Loss: 0.7081 (Base: 0.2610, Trend: 0.1486, DTW: 0.0980, TopK: 0.4586) | Val Mixed Loss (No Trend): 0.7117 (Base: 0.2735, DTW: 0.1225, TopK: 0.4808) | EMA Val Loss (No Trend): 0.714684 | LR: 6.39e-05
Saved new best weights to best_model_seed4.pth (EMA validation loss without trend: 0.714684).
Epoch [63/100] | Total Loss: 0.8854 | Aux Loss: 0.1742 | Train Mixed Loss: 0.7112 (Base: 0.2619, Trend: 0.1494, DTW: 0.0986, TopK: 0.4597) | Val Mixed Loss (No Trend): 0.7032 (Base: 0.2757, DTW: 0.1215, TopK: 0.4529) | EMA Val Loss (No Trend): 0.711810 | LR: 6.10e-05
Saved new best weights to best_model_seed4.pth (EMA validation loss without trend: 0.711810).
Epoch [64/100] | Total Loss: 0.8840 | Aux Loss: 0.1733 | Train Mixed Loss: 0.7107 (Base: 0.2616, Trend: 0.1491, DTW: 0.0987, TopK: 0.4594) | Val Mixed Loss (No Trend): 0.7282 (Base: 0.2849, DTW: 0.1288, TopK: 0.4470) | EMA Val Loss (No Trend): 0.715904 | LR: 5.81e-05
Epoch [65/100] | Total Loss: 0.8765 | Aux Loss: 0.1741 | Train Mixed Loss: 0.7023 (Base: 0.2585, Trend: 0.1481, DTW: 0.0974, TopK: 0.4534) | Val Mixed Loss (No Trend): 0.7242 (Base: 0.2834, DTW: 0.1273, TopK: 0.4512) | EMA Val Loss (No Trend): 0.717971 | LR: 5.53e-05
Epoch [66/100] | Total Loss: 0.8753 | Aux Loss: 0.1736 | Train Mixed Loss: 0.7017 (Base: 0.2592, Trend: 0.1483, DTW: 0.0967, TopK: 0.4538) | Val Mixed Loss (No Trend): 0.7178 (Base: 0.2791, DTW: 0.1252, TopK: 0.4604) | EMA Val Loss (No Trend): 0.717940 | LR: 5.26e-05
Epoch [67/100] | Total Loss: 0.8704 | Aux Loss: 0.1720 | Train Mixed Loss: 0.6984 (Base: 0.2585, Trend: 0.1488, DTW: 0.0958, TopK: 0.4522) | Val Mixed Loss (No Trend): 0.7169 (Base: 0.2779, DTW: 0.1246, TopK: 0.4664) | EMA Val Loss (No Trend): 0.717679 | LR: 4.99e-05
Epoch [68/100] | Total Loss: 0.8713 | Aux Loss: 0.1737 | Train Mixed Loss: 0.6976 (Base: 0.2578, Trend: 0.1488, DTW: 0.0959, TopK: 0.4510) | Val Mixed Loss (No Trend): 0.7249 (Base: 0.2811, DTW: 0.1265, TopK: 0.4678) | EMA Val Loss (No Trend): 0.719494 | LR: 4.72e-05
Epoch [69/100] | Total Loss: 0.8683 | Aux Loss: 0.1740 | Train Mixed Loss: 0.6943 (Base: 0.2565, Trend: 0.1482, DTW: 0.0953, TopK: 0.4499) | Val Mixed Loss (No Trend): 0.7269 (Base: 0.2867, DTW: 0.1279, TopK: 0.4441) | EMA Val Loss (No Trend): 0.721356 | LR: 4.46e-05
Epoch [70/100] | Total Loss: 0.8731 | Aux Loss: 0.1733 | Train Mixed Loss: 0.6998 (Base: 0.2582, Trend: 0.1489, DTW: 0.0963, TopK: 0.4534) | Val Mixed Loss (No Trend): 0.7159 (Base: 0.2781, DTW: 0.1252, TopK: 0.4574) | EMA Val Loss (No Trend): 0.719983 | LR: 4.20e-05
Epoch [71/100] | Total Loss: 0.8682 | Aux Loss: 0.1731 | Train Mixed Loss: 0.6951 (Base: 0.2565, Trend: 0.1486, DTW: 0.0954, TopK: 0.4514) | Val Mixed Loss (No Trend): 0.7156 (Base: 0.2785, DTW: 0.1247, TopK: 0.4592) | EMA Val Loss (No Trend): 0.718875 | LR: 3.95e-05
Epoch [72/100] | Total Loss: 0.8589 | Aux Loss: 0.1720 | Train Mixed Loss: 0.6870 (Base: 0.2551, Trend: 0.1479, DTW: 0.0937, TopK: 0.4438) | Val Mixed Loss (No Trend): 0.7136 (Base: 0.2751, DTW: 0.1237, TopK: 0.4720) | EMA Val Loss (No Trend): 0.717561 | LR: 3.71e-05
Epoch [73/100] | Total Loss: 0.8646 | Aux Loss: 0.1724 | Train Mixed Loss: 0.6922 (Base: 0.2563, Trend: 0.1489, DTW: 0.0946, TopK: 0.4479) | Val Mixed Loss (No Trend): 0.7066 (Base: 0.2776, DTW: 0.1223, TopK: 0.4518) | EMA Val Loss (No Trend): 0.714827 | LR: 3.47e-05
Epoch [74/100] | Total Loss: 0.8596 | Aux Loss: 0.1721 | Train Mixed Loss: 0.6875 (Base: 0.2548, Trend: 0.1481, DTW: 0.0936, TopK: 0.4468) | Val Mixed Loss (No Trend): 0.7186 (Base: 0.2772, DTW: 0.1250, TopK: 0.4712) | EMA Val Loss (No Trend): 0.715777 | LR: 3.24e-05
Epoch [75/100] | Total Loss: 0.8581 | Aux Loss: 0.1729 | Train Mixed Loss: 0.6852 (Base: 0.2537, Trend: 0.1476, DTW: 0.0935, TopK: 0.4444) | Val Mixed Loss (No Trend): 0.7208 (Base: 0.2806, DTW: 0.1265, TopK: 0.4555) | EMA Val Loss (No Trend): 0.717042 | LR: 3.01e-05
Epoch [76/100] | Total Loss: 0.8577 | Aux Loss: 0.1729 | Train Mixed Loss: 0.6848 (Base: 0.2545, Trend: 0.1485, DTW: 0.0927, TopK: 0.4453) | Val Mixed Loss (No Trend): 0.7177 (Base: 0.2794, DTW: 0.1247, TopK: 0.4636) | EMA Val Loss (No Trend): 0.717201 | LR: 2.80e-05
Epoch [77/100] | Total Loss: 0.8566 | Aux Loss: 0.1707 | Train Mixed Loss: 0.6859 (Base: 0.2540, Trend: 0.1486, DTW: 0.0934, TopK: 0.4448) | Val Mixed Loss (No Trend): 0.7202 (Base: 0.2815, DTW: 0.1261, TopK: 0.4534) | EMA Val Loss (No Trend): 0.717940 | LR: 2.59e-05
Epoch [78/100] | Total Loss: 0.8543 | Aux Loss: 0.1716 | Train Mixed Loss: 0.6827 (Base: 0.2532, Trend: 0.1478, DTW: 0.0928, TopK: 0.4428) | Val Mixed Loss (No Trend): 0.7218 (Base: 0.2809, DTW: 0.1265, TopK: 0.4575) | EMA Val Loss (No Trend): 0.718905 | LR: 2.38e-05
Epoch [79/100] | Total Loss: 0.8545 | Aux Loss: 0.1711 | Train Mixed Loss: 0.6834 (Base: 0.2538, Trend: 0.1488, DTW: 0.0927, TopK: 0.4425) | Val Mixed Loss (No Trend): 0.7265 (Base: 0.2846, DTW: 0.1279, TopK: 0.4502) | EMA Val Loss (No Trend): 0.720805 | LR: 2.19e-05
Epoch [80/100] | Total Loss: 0.8532 | Aux Loss: 0.1717 | Train Mixed Loss: 0.6815 (Base: 0.2532, Trend: 0.1488, DTW: 0.0922, TopK: 0.4420) | Val Mixed Loss (No Trend): 0.7209 (Base: 0.2819, DTW: 0.1259, TopK: 0.4561) | EMA Val Loss (No Trend): 0.720830 | LR: 2.00e-05
Epoch [81/100] | Total Loss: 0.8528 | Aux Loss: 0.1703 | Train Mixed Loss: 0.6824 (Base: 0.2530, Trend: 0.1486, DTW: 0.0925, TopK: 0.4439) | Val Mixed Loss (No Trend): 0.7268 (Base: 0.2818, DTW: 0.1271, TopK: 0.4667) | EMA Val Loss (No Trend): 0.722316 | LR: 1.82e-05
Epoch [82/100] | Total Loss: 0.8507 | Aux Loss: 0.1716 | Train Mixed Loss: 0.6791 (Base: 0.2522, Trend: 0.1486, DTW: 0.0918, TopK: 0.4414) | Val Mixed Loss (No Trend): 0.7258 (Base: 0.2828, DTW: 0.1274, TopK: 0.4575) | EMA Val Loss (No Trend): 0.723174 | LR: 1.65e-05
Epoch [83/100] | Total Loss: 0.8452 | Aux Loss: 0.1704 | Train Mixed Loss: 0.6748 (Base: 0.2508, Trend: 0.1480, DTW: 0.0909, TopK: 0.4399) | Val Mixed Loss (No Trend): 0.7175 (Base: 0.2787, DTW: 0.1247, TopK: 0.4653) | EMA Val Loss (No Trend): 0.721764 | LR: 1.49e-05
Epoch [84/100] | Total Loss: 0.8419 | Aux Loss: 0.1700 | Train Mixed Loss: 0.6719 (Base: 0.2495, Trend: 0.1476, DTW: 0.0904, TopK: 0.4384) | Val Mixed Loss (No Trend): 0.7162 (Base: 0.2793, DTW: 0.1252, TopK: 0.4553) | EMA Val Loss (No Trend): 0.720383 | LR: 1.33e-05
Epoch [85/100] | Total Loss: 0.8423 | Aux Loss: 0.1704 | Train Mixed Loss: 0.6719 (Base: 0.2500, Trend: 0.1478, DTW: 0.0903, TopK: 0.4375) | Val Mixed Loss (No Trend): 0.7134 (Base: 0.2802, DTW: 0.1244, TopK: 0.4487) | EMA Val Loss (No Trend): 0.718636 | LR: 1.18e-05
Epoch [86/100] | Total Loss: 0.8500 | Aux Loss: 0.1720 | Train Mixed Loss: 0.6781 (Base: 0.2524, Trend: 0.1495, DTW: 0.0910, TopK: 0.4418) | Val Mixed Loss (No Trend): 0.7194 (Base: 0.2819, DTW: 0.1262, TopK: 0.4486) | EMA Val Loss (No Trend): 0.718837 | LR: 1.05e-05
Epoch [87/100] | Total Loss: 0.8411 | Aux Loss: 0.1699 | Train Mixed Loss: 0.6712 (Base: 0.2503, Trend: 0.1477, DTW: 0.0900, TopK: 0.4366) | Val Mixed Loss (No Trend): 0.7098 (Base: 0.2765, DTW: 0.1237, TopK: 0.4547) | EMA Val Loss (No Trend): 0.716574 | LR: 9.18e-06
Epoch [88/100] | Total Loss: 0.8379 | Aux Loss: 0.1696 | Train Mixed Loss: 0.6683 (Base: 0.2488, Trend: 0.1477, DTW: 0.0895, TopK: 0.4364) | Val Mixed Loss (No Trend): 0.7169 (Base: 0.2796, DTW: 0.1254, TopK: 0.4549) | EMA Val Loss (No Trend): 0.716661 | LR: 7.99e-06
Epoch [89/100] | Total Loss: 0.8390 | Aux Loss: 0.1706 | Train Mixed Loss: 0.6683 (Base: 0.2487, Trend: 0.1474, DTW: 0.0896, TopK: 0.4361) | Val Mixed Loss (No Trend): 0.7272 (Base: 0.2804, DTW: 0.1276, TopK: 0.4684) | EMA Val Loss (No Trend): 0.719283 | LR: 6.88e-06
Epoch [90/100] | Total Loss: 0.8462 | Aux Loss: 0.1701 | Train Mixed Loss: 0.6761 (Base: 0.2511, Trend: 0.1490, DTW: 0.0907, TopK: 0.4427) | Val Mixed Loss (No Trend): 0.7094 (Base: 0.2783, DTW: 0.1242, TopK: 0.4432) | EMA Val Loss (No Trend): 0.716822 | LR: 5.87e-06
Epoch [91/100] | Total Loss: 0.8339 | Aux Loss: 0.1699 | Train Mixed Loss: 0.6640 (Base: 0.2486, Trend: 0.1478, DTW: 0.0880, TopK: 0.4344) | Val Mixed Loss (No Trend): 0.7180 (Base: 0.2797, DTW: 0.1258, TopK: 0.4547) | EMA Val Loss (No Trend): 0.717127 | LR: 4.95e-06
Epoch [92/100] | Total Loss: 0.8363 | Aux Loss: 0.1699 | Train Mixed Loss: 0.6663 (Base: 0.2480, Trend: 0.1475, DTW: 0.0888, TopK: 0.4379) | Val Mixed Loss (No Trend): 0.7192 (Base: 0.2797, DTW: 0.1260, TopK: 0.4569) | EMA Val Loss (No Trend): 0.717638 | LR: 4.13e-06
Epoch [93/100] | Total Loss: 0.8397 | Aux Loss: 0.1714 | Train Mixed Loss: 0.6683 (Base: 0.2488, Trend: 0.1481, DTW: 0.0892, TopK: 0.4381) | Val Mixed Loss (No Trend): 0.7171 (Base: 0.2792, DTW: 0.1248, TopK: 0.4615) | EMA Val Loss (No Trend): 0.717513 | LR: 3.40e-06
Epoch [94/100] | Total Loss: 0.8379 | Aux Loss: 0.1711 | Train Mixed Loss: 0.6668 (Base: 0.2486, Trend: 0.1476, DTW: 0.0891, TopK: 0.4352) | Val Mixed Loss (No Trend): 0.7186 (Base: 0.2806, DTW: 0.1255, TopK: 0.4561) | EMA Val Loss (No Trend): 0.717795 | LR: 2.76e-06
Epoch [95/100] | Total Loss: 0.8335 | Aux Loss: 0.1704 | Train Mixed Loss: 0.6631 (Base: 0.2475, Trend: 0.1468, DTW: 0.0884, TopK: 0.4332) | Val Mixed Loss (No Trend): 0.7194 (Base: 0.2801, DTW: 0.1266, TopK: 0.4519) | EMA Val Loss (No Trend): 0.718196 | LR: 2.23e-06
Epoch [96/100] | Total Loss: 0.8350 | Aux Loss: 0.1694 | Train Mixed Loss: 0.6656 (Base: 0.2484, Trend: 0.1480, DTW: 0.0886, TopK: 0.4350) | Val Mixed Loss (No Trend): 0.7154 (Base: 0.2779, DTW: 0.1242, TopK: 0.4646) | EMA Val Loss (No Trend): 0.717509 | LR: 1.78e-06
Epoch [97/100] | Total Loss: 0.8374 | Aux Loss: 0.1708 | Train Mixed Loss: 0.6666 (Base: 0.2489, Trend: 0.1481, DTW: 0.0888, TopK: 0.4352) | Val Mixed Loss (No Trend): 0.7239 (Base: 0.2820, DTW: 0.1265, TopK: 0.4608) | EMA Val Loss (No Trend): 0.719110 | LR: 1.44e-06
Epoch [98/100] | Total Loss: 0.8362 | Aux Loss: 0.1712 | Train Mixed Loss: 0.6650 (Base: 0.2477, Trend: 0.1471, DTW: 0.0886, TopK: 0.4369) | Val Mixed Loss (No Trend): 0.7161 (Base: 0.2799, DTW: 0.1252, TopK: 0.4518) | EMA Val Loss (No Trend): 0.718351 | LR: 1.20e-06
Epoch [99/100] | Total Loss: 0.8340 | Aux Loss: 0.1695 | Train Mixed Loss: 0.6646 (Base: 0.2479, Trend: 0.1472, DTW: 0.0889, TopK: 0.4324) | Val Mixed Loss (No Trend): 0.7254 (Base: 0.2817, DTW: 0.1277, TopK: 0.4575) | EMA Val Loss (No Trend): 0.720107 | LR: 1.05e-06
Epoch [100/100] | Total Loss: 0.8384 | Aux Loss: 0.1711 | Train Mixed Loss: 0.6673 (Base: 0.2489, Trend: 0.1483, DTW: 0.0891, TopK: 0.4344) | Val Mixed Loss (No Trend): 0.7233 (Base: 0.2806, DTW: 0.1271, TopK: 0.4594) | EMA Val Loss (No Trend): 0.720914 | LR: 2.00e-04
