Starting experiment (seed=2)
Device: cuda
Building static profile features from historical data...
Loading lightweight encoder...
Total trainable parameters: 7,381,762
Epoch [1/100] | Total Loss: 1.3698 | Aux Loss: 0.2950 | Train Mixed Loss: 1.0748 (Base: 0.3502, Trend: 0.1892, DTW: 0.1878, TopK: 0.5983) | Val Mixed Loss (No Trend): 0.8330 (Base: 0.3039, DTW: 0.1501, TopK: 0.5627) | EMA Val Loss (No Trend): 0.833005 | LR: 2.00e-04
Saved new best weights to best_model_seed2.pth (EMA validation loss without trend: 0.833005).
Epoch [2/100] | Total Loss: 1.2202 | Aux Loss: 0.2255 | Train Mixed Loss: 0.9947 (Base: 0.3333, Trend: 0.1656, DTW: 0.1683, TopK: 0.5820) | Val Mixed Loss (No Trend): 0.8244 (Base: 0.3015, DTW: 0.1470, TopK: 0.5667) | EMA Val Loss (No Trend): 0.830849 | LR: 2.00e-04
Saved new best weights to best_model_seed2.pth (EMA validation loss without trend: 0.830849).
Epoch [3/100] | Total Loss: 1.1770 | Aux Loss: 0.2145 | Train Mixed Loss: 0.9625 (Base: 0.3260, Trend: 0.1626, DTW: 0.1600, TopK: 0.5707) | Val Mixed Loss (No Trend): 0.8463 (Base: 0.3194, DTW: 0.1541, TopK: 0.5237) | EMA Val Loss (No Trend): 0.834709 | LR: 2.00e-04
Epoch [4/100] | Total Loss: 1.1582 | Aux Loss: 0.2091 | Train Mixed Loss: 0.9490 (Base: 0.3227, Trend: 0.1636, DTW: 0.1563, TopK: 0.5653) | Val Mixed Loss (No Trend): 0.8153 (Base: 0.3058, DTW: 0.1500, TopK: 0.4980) | EMA Val Loss (No Trend): 0.829851 | LR: 1.99e-04
Saved new best weights to best_model_seed2.pth (EMA validation loss without trend: 0.829851).
Epoch [5/100] | Total Loss: 1.1416 | Aux Loss: 0.2048 | Train Mixed Loss: 0.9368 (Base: 0.3195, Trend: 0.1628, DTW: 0.1530, TopK: 0.5620) | Val Mixed Loss (No Trend): 0.7942 (Base: 0.2983, DTW: 0.1439, TopK: 0.5017) | EMA Val Loss (No Trend): 0.820951 | LR: 1.99e-04
Saved new best weights to best_model_seed2.pth (EMA validation loss without trend: 0.820951).
Epoch [6/100] | Total Loss: 1.1289 | Aux Loss: 0.2003 | Train Mixed Loss: 0.9286 (Base: 0.3177, Trend: 0.1628, DTW: 0.1508, TopK: 0.5590) | Val Mixed Loss (No Trend): 0.8297 (Base: 0.3169, DTW: 0.1508, TopK: 0.5027) | EMA Val Loss (No Trend): 0.823128 | LR: 1.98e-04
Epoch [7/100] | Total Loss: 1.1093 | Aux Loss: 0.1968 | Train Mixed Loss: 0.9125 (Base: 0.3141, Trend: 0.1618, DTW: 0.1468, TopK: 0.5510) | Val Mixed Loss (No Trend): 0.7901 (Base: 0.2949, DTW: 0.1429, TopK: 0.5077) | EMA Val Loss (No Trend): 0.814866 | LR: 1.98e-04
Saved new best weights to best_model_seed2.pth (EMA validation loss without trend: 0.814866).
Epoch [8/100] | Total Loss: 1.1061 | Aux Loss: 0.1979 | Train Mixed Loss: 0.9083 (Base: 0.3133, Trend: 0.1618, DTW: 0.1452, TopK: 0.5520) | Val Mixed Loss (No Trend): 0.7696 (Base: 0.2892, DTW: 0.1340, TopK: 0.5293) | EMA Val Loss (No Trend): 0.803544 | LR: 1.97e-04
Saved new best weights to best_model_seed2.pth (EMA validation loss without trend: 0.803544).
Epoch [9/100] | Total Loss: 1.1045 | Aux Loss: 0.1980 | Train Mixed Loss: 0.9065 (Base: 0.3127, Trend: 0.1626, DTW: 0.1444, TopK: 0.5537) | Val Mixed Loss (No Trend): 0.7685 (Base: 0.2932, DTW: 0.1376, TopK: 0.4837) | EMA Val Loss (No Trend): 0.794782 | LR: 1.96e-04
Saved new best weights to best_model_seed2.pth (EMA validation loss without trend: 0.794782).
Epoch [10/100] | Total Loss: 1.0921 | Aux Loss: 0.1953 | Train Mixed Loss: 0.8968 (Base: 0.3104, Trend: 0.1612, DTW: 0.1423, TopK: 0.5473) | Val Mixed Loss (No Trend): 0.7604 (Base: 0.2903, DTW: 0.1344, TopK: 0.4917) | EMA Val Loss (No Trend): 0.786183 | LR: 1.95e-04
Saved new best weights to best_model_seed2.pth (EMA validation loss without trend: 0.786183).
Epoch [11/100] | Total Loss: 1.0814 | Aux Loss: 0.1955 | Train Mixed Loss: 0.8859 (Base: 0.3083, Trend: 0.1614, DTW: 0.1392, TopK: 0.5430) | Val Mixed Loss (No Trend): 0.7659 (Base: 0.2902, DTW: 0.1377, TopK: 0.4840) | EMA Val Loss (No Trend): 0.781102 | LR: 1.94e-04
Saved new best weights to best_model_seed2.pth (EMA validation loss without trend: 0.781102).
Epoch [12/100] | Total Loss: 1.0783 | Aux Loss: 0.1924 | Train Mixed Loss: 0.8859 (Base: 0.3075, Trend: 0.1600, DTW: 0.1398, TopK: 0.5430) | Val Mixed Loss (No Trend): 0.7977 (Base: 0.3118, DTW: 0.1452, TopK: 0.4580) | EMA Val Loss (No Trend): 0.785249 | LR: 1.93e-04
Epoch [13/100] | Total Loss: 1.0681 | Aux Loss: 0.1910 | Train Mixed Loss: 0.8771 (Base: 0.3053, Trend: 0.1594, DTW: 0.1377, TopK: 0.5390) | Val Mixed Loss (No Trend): 0.7571 (Base: 0.2873, DTW: 0.1320, TopK: 0.5103) | EMA Val Loss (No Trend): 0.778218 | LR: 1.92e-04
Saved new best weights to best_model_seed2.pth (EMA validation loss without trend: 0.778218).
Epoch [14/100] | Total Loss: 1.0669 | Aux Loss: 0.1916 | Train Mixed Loss: 0.8753 (Base: 0.3057, Trend: 0.1600, DTW: 0.1367, TopK: 0.5387) | Val Mixed Loss (No Trend): 0.7828 (Base: 0.3020, DTW: 0.1436, TopK: 0.4540) | EMA Val Loss (No Trend): 0.779368 | LR: 1.91e-04
Epoch [15/100] | Total Loss: 1.0528 | Aux Loss: 0.1898 | Train Mixed Loss: 0.8631 (Base: 0.3017, Trend: 0.1590, DTW: 0.1339, TopK: 0.5350) | Val Mixed Loss (No Trend): 0.7407 (Base: 0.2786, DTW: 0.1301, TopK: 0.4993) | EMA Val Loss (No Trend): 0.769703 | LR: 1.89e-04
Saved new best weights to best_model_seed2.pth (EMA validation loss without trend: 0.769703).
Epoch [16/100] | Total Loss: 1.0465 | Aux Loss: 0.1871 | Train Mixed Loss: 0.8594 (Base: 0.3014, Trend: 0.1590, DTW: 0.1330, TopK: 0.5307) | Val Mixed Loss (No Trend): 0.7689 (Base: 0.2955, DTW: 0.1371, TopK: 0.4813) | EMA Val Loss (No Trend): 0.769498 | LR: 1.88e-04
Saved new best weights to best_model_seed2.pth (EMA validation loss without trend: 0.769498).
Epoch [17/100] | Total Loss: 1.0509 | Aux Loss: 0.1869 | Train Mixed Loss: 0.8639 (Base: 0.3027, Trend: 0.1590, DTW: 0.1340, TopK: 0.5340) | Val Mixed Loss (No Trend): 0.7473 (Base: 0.2902, DTW: 0.1303, TopK: 0.4817) | EMA Val Loss (No Trend): 0.763956 | LR: 1.86e-04
Saved new best weights to best_model_seed2.pth (EMA validation loss without trend: 0.763956).
Epoch [18/100] | Total Loss: 1.0456 | Aux Loss: 0.1863 | Train Mixed Loss: 0.8593 (Base: 0.3015, Trend: 0.1588, DTW: 0.1327, TopK: 0.5330) | Val Mixed Loss (No Trend): 0.7557 (Base: 0.2902, DTW: 0.1334, TopK: 0.4843) | EMA Val Loss (No Trend): 0.761903 | LR: 1.85e-04
Saved new best weights to best_model_seed2.pth (EMA validation loss without trend: 0.761903).
Epoch [19/100] | Total Loss: 1.0335 | Aux Loss: 0.1825 | Train Mixed Loss: 0.8510 (Base: 0.2990, Trend: 0.1580, DTW: 0.1307, TopK: 0.5310) | Val Mixed Loss (No Trend): 0.7560 (Base: 0.2938, DTW: 0.1325, TopK: 0.4807) | EMA Val Loss (No Trend): 0.760425 | LR: 1.83e-04
Saved new best weights to best_model_seed2.pth (EMA validation loss without trend: 0.760425).
Epoch [20/100] | Total Loss: 1.0262 | Aux Loss: 0.1825 | Train Mixed Loss: 0.8437 (Base: 0.2969, Trend: 0.1572, DTW: 0.1298, TopK: 0.5227) | Val Mixed Loss (No Trend): 0.7338 (Base: 0.2762, DTW: 0.1281, TopK: 0.5007) | EMA Val Loss (No Trend): 0.753772 | LR: 1.81e-04
Saved new best weights to best_model_seed2.pth (EMA validation loss without trend: 0.753772).
Epoch [21/100] | Total Loss: 1.0323 | Aux Loss: 0.1843 | Train Mixed Loss: 0.8479 (Base: 0.2990, Trend: 0.1592, DTW: 0.1296, TopK: 0.5277) | Val Mixed Loss (No Trend): 0.7294 (Base: 0.2828, DTW: 0.1260, TopK: 0.4810) | EMA Val Loss (No Trend): 0.747688 | LR: 1.79e-04
Saved new best weights to best_model_seed2.pth (EMA validation loss without trend: 0.747688).
Epoch [22/100] | Total Loss: 1.0149 | Aux Loss: 0.1800 | Train Mixed Loss: 0.8349 (Base: 0.2944, Trend: 0.1566, DTW: 0.1271, TopK: 0.5240) | Val Mixed Loss (No Trend): 0.7555 (Base: 0.2937, DTW: 0.1336, TopK: 0.4703) | EMA Val Loss (No Trend): 0.749645 | LR: 1.77e-04
Epoch [23/100] | Total Loss: 1.0126 | Aux Loss: 0.1790 | Train Mixed Loss: 0.8336 (Base: 0.2961, Trend: 0.1574, DTW: 0.1262, TopK: 0.5197) | Val Mixed Loss (No Trend): 0.7358 (Base: 0.2858, DTW: 0.1269, TopK: 0.4847) | EMA Val Loss (No Trend): 0.746186 | LR: 1.75e-04
Saved new best weights to best_model_seed2.pth (EMA validation loss without trend: 0.746186).
Epoch [24/100] | Total Loss: 1.0181 | Aux Loss: 0.1792 | Train Mixed Loss: 0.8389 (Base: 0.2965, Trend: 0.1582, DTW: 0.1278, TopK: 0.5227) | Val Mixed Loss (No Trend): 0.7286 (Base: 0.2852, DTW: 0.1255, TopK: 0.4737) | EMA Val Loss (No Trend): 0.741792 | LR: 1.73e-04
Saved new best weights to best_model_seed2.pth (EMA validation loss without trend: 0.741792).
Epoch [25/100] | Total Loss: 1.0126 | Aux Loss: 0.1803 | Train Mixed Loss: 0.8323 (Base: 0.2956, Trend: 0.1572, DTW: 0.1261, TopK: 0.5180) | Val Mixed Loss (No Trend): 0.7503 (Base: 0.2909, DTW: 0.1317, TopK: 0.4780) | EMA Val Loss (No Trend): 0.743913 | LR: 1.71e-04
Epoch [26/100] | Total Loss: 1.0073 | Aux Loss: 0.1784 | Train Mixed Loss: 0.8289 (Base: 0.2934, Trend: 0.1572, DTW: 0.1253, TopK: 0.5210) | Val Mixed Loss (No Trend): 0.7361 (Base: 0.2841, DTW: 0.1275, TopK: 0.4867) | EMA Val Loss (No Trend): 0.741957 | LR: 1.69e-04
Epoch [27/100] | Total Loss: 1.0073 | Aux Loss: 0.1787 | Train Mixed Loss: 0.8286 (Base: 0.2942, Trend: 0.1578, DTW: 0.1250, TopK: 0.5183) | Val Mixed Loss (No Trend): 0.7271 (Base: 0.2826, DTW: 0.1267, TopK: 0.4683) | EMA Val Loss (No Trend): 0.738246 | LR: 1.66e-04
Saved new best weights to best_model_seed2.pth (EMA validation loss without trend: 0.738246).
Epoch [28/100] | Total Loss: 0.9938 | Aux Loss: 0.1764 | Train Mixed Loss: 0.8174 (Base: 0.2904, Trend: 0.1562, DTW: 0.1229, TopK: 0.5133) | Val Mixed Loss (No Trend): 0.7346 (Base: 0.2801, DTW: 0.1294, TopK: 0.4800) | EMA Val Loss (No Trend): 0.737332 | LR: 1.64e-04
Saved new best weights to best_model_seed2.pth (EMA validation loss without trend: 0.737332).
Epoch [29/100] | Total Loss: 0.9890 | Aux Loss: 0.1743 | Train Mixed Loss: 0.8147 (Base: 0.2901, Trend: 0.1554, DTW: 0.1222, TopK: 0.5120) | Val Mixed Loss (No Trend): 0.7370 (Base: 0.2794, DTW: 0.1294, TopK: 0.4903) | EMA Val Loss (No Trend): 0.737236 | LR: 1.61e-04
Saved new best weights to best_model_seed2.pth (EMA validation loss without trend: 0.737236).
Epoch [30/100] | Total Loss: 0.9912 | Aux Loss: 0.1753 | Train Mixed Loss: 0.8160 (Base: 0.2909, Trend: 0.1562, DTW: 0.1224, TopK: 0.5107) | Val Mixed Loss (No Trend): 0.7221 (Base: 0.2807, DTW: 0.1249, TopK: 0.4717) | EMA Val Loss (No Trend): 0.733441 | LR: 1.59e-04
Saved new best weights to best_model_seed2.pth (EMA validation loss without trend: 0.733441).
Epoch [31/100] | Total Loss: 0.9893 | Aux Loss: 0.1743 | Train Mixed Loss: 0.8150 (Base: 0.2906, Trend: 0.1560, DTW: 0.1217, TopK: 0.5143) | Val Mixed Loss (No Trend): 0.7414 (Base: 0.2889, DTW: 0.1302, TopK: 0.4667) | EMA Val Loss (No Trend): 0.735439 | LR: 1.56e-04
Epoch [32/100] | Total Loss: 0.9809 | Aux Loss: 0.1735 | Train Mixed Loss: 0.8074 (Base: 0.2885, Trend: 0.1556, DTW: 0.1203, TopK: 0.5077) | Val Mixed Loss (No Trend): 0.7413 (Base: 0.2860, DTW: 0.1328, TopK: 0.4553) | EMA Val Loss (No Trend): 0.736905 | LR: 1.54e-04
Epoch [33/100] | Total Loss: 0.9823 | Aux Loss: 0.1734 | Train Mixed Loss: 0.8089 (Base: 0.2893, Trend: 0.1562, DTW: 0.1201, TopK: 0.5113) | Val Mixed Loss (No Trend): 0.7312 (Base: 0.2839, DTW: 0.1262, TopK: 0.4813) | EMA Val Loss (No Trend): 0.735473 | LR: 1.51e-04
Epoch [34/100] | Total Loss: 0.9761 | Aux Loss: 0.1727 | Train Mixed Loss: 0.8034 (Base: 0.2872, Trend: 0.1550, DTW: 0.1195, TopK: 0.5067) | Val Mixed Loss (No Trend): 0.7313 (Base: 0.2846, DTW: 0.1268, TopK: 0.4743) | EMA Val Loss (No Trend): 0.734426 | LR: 1.48e-04
Epoch [35/100] | Total Loss: 0.9846 | Aux Loss: 0.1748 | Train Mixed Loss: 0.8097 (Base: 0.2882, Trend: 0.1558, DTW: 0.1209, TopK: 0.5117) | Val Mixed Loss (No Trend): 0.7367 (Base: 0.2860, DTW: 0.1287, TopK: 0.4723) | EMA Val Loss (No Trend): 0.734984 | LR: 1.46e-04
Epoch [36/100] | Total Loss: 0.9731 | Aux Loss: 0.1723 | Train Mixed Loss: 0.8008 (Base: 0.2873, Trend: 0.1564, DTW: 0.1181, TopK: 0.5063) | Val Mixed Loss (No Trend): 0.7234 (Base: 0.2773, DTW: 0.1228, TopK: 0.5053) | EMA Val Loss (No Trend): 0.732097 | LR: 1.43e-04
Saved new best weights to best_model_seed2.pth (EMA validation loss without trend: 0.732097).
Epoch [37/100] | Total Loss: 0.9656 | Aux Loss: 0.1708 | Train Mixed Loss: 0.7948 (Base: 0.2846, Trend: 0.1550, DTW: 0.1174, TopK: 0.5030) | Val Mixed Loss (No Trend): 0.7287 (Base: 0.2816, DTW: 0.1271, TopK: 0.4740) | EMA Val Loss (No Trend): 0.731259 | LR: 1.40e-04
Saved new best weights to best_model_seed2.pth (EMA validation loss without trend: 0.731259).
Epoch [38/100] | Total Loss: 0.9633 | Aux Loss: 0.1707 | Train Mixed Loss: 0.7926 (Base: 0.2849, Trend: 0.1548, DTW: 0.1168, TopK: 0.4997) | Val Mixed Loss (No Trend): 0.7290 (Base: 0.2825, DTW: 0.1280, TopK: 0.4647) | EMA Val Loss (No Trend): 0.730683 | LR: 1.37e-04
Saved new best weights to best_model_seed2.pth (EMA validation loss without trend: 0.730683).
Epoch [39/100] | Total Loss: 0.9626 | Aux Loss: 0.1714 | Train Mixed Loss: 0.7912 (Base: 0.2840, Trend: 0.1550, DTW: 0.1165, TopK: 0.5007) | Val Mixed Loss (No Trend): 0.7198 (Base: 0.2786, DTW: 0.1237, TopK: 0.4813) | EMA Val Loss (No Trend): 0.727953 | LR: 1.34e-04
Saved new best weights to best_model_seed2.pth (EMA validation loss without trend: 0.727953).
Epoch [40/100] | Total Loss: 0.9600 | Aux Loss: 0.1693 | Train Mixed Loss: 0.7907 (Base: 0.2838, Trend: 0.1554, DTW: 0.1162, TopK: 0.5013) | Val Mixed Loss (No Trend): 0.7461 (Base: 0.2919, DTW: 0.1321, TopK: 0.4573) | EMA Val Loss (No Trend): 0.732481 | LR: 1.31e-04
Epoch [41/100] | Total Loss: 0.9512 | Aux Loss: 0.1692 | Train Mixed Loss: 0.7820 (Base: 0.2816, Trend: 0.1540, DTW: 0.1143, TopK: 0.4970) | Val Mixed Loss (No Trend): 0.7212 (Base: 0.2773, DTW: 0.1238, TopK: 0.4890) | EMA Val Loss (No Trend): 0.729663 | LR: 1.28e-04
Epoch [42/100] | Total Loss: 0.9540 | Aux Loss: 0.1701 | Train Mixed Loss: 0.7840 (Base: 0.2821, Trend: 0.1548, DTW: 0.1148, TopK: 0.4967) | Val Mixed Loss (No Trend): 0.7076 (Base: 0.2731, DTW: 0.1213, TopK: 0.4783) | EMA Val Loss (No Trend): 0.724146 | LR: 1.25e-04
Saved new best weights to best_model_seed2.pth (EMA validation loss without trend: 0.724146).
Epoch [43/100] | Total Loss: 0.9522 | Aux Loss: 0.1695 | Train Mixed Loss: 0.7827 (Base: 0.2825, Trend: 0.1552, DTW: 0.1139, TopK: 0.4973) | Val Mixed Loss (No Trend): 0.7315 (Base: 0.2851, DTW: 0.1286, TopK: 0.4593) | EMA Val Loss (No Trend): 0.725989 | LR: 1.22e-04
Epoch [44/100] | Total Loss: 0.9566 | Aux Loss: 0.1692 | Train Mixed Loss: 0.7875 (Base: 0.2834, Trend: 0.1556, DTW: 0.1151, TopK: 0.4997) | Val Mixed Loss (No Trend): 0.7289 (Base: 0.2824, DTW: 0.1265, TopK: 0.4770) | EMA Val Loss (No Trend): 0.726726 | LR: 1.19e-04
Epoch [45/100] | Total Loss: 0.9476 | Aux Loss: 0.1674 | Train Mixed Loss: 0.7802 (Base: 0.2812, Trend: 0.1546, DTW: 0.1138, TopK: 0.4950) | Val Mixed Loss (No Trend): 0.7287 (Base: 0.2858, DTW: 0.1280, TopK: 0.4523) | EMA Val Loss (No Trend): 0.727210 | LR: 1.16e-04
Epoch [46/100] | Total Loss: 0.9431 | Aux Loss: 0.1674 | Train Mixed Loss: 0.7757 (Base: 0.2802, Trend: 0.1540, DTW: 0.1130, TopK: 0.4910) | Val Mixed Loss (No Trend): 0.7154 (Base: 0.2767, DTW: 0.1227, TopK: 0.4810) | EMA Val Loss (No Trend): 0.724268 | LR: 1.13e-04
Epoch [47/100] | Total Loss: 0.9355 | Aux Loss: 0.1664 | Train Mixed Loss: 0.7691 (Base: 0.2788, Trend: 0.1538, DTW: 0.1111, TopK: 0.4893) | Val Mixed Loss (No Trend): 0.7342 (Base: 0.2868, DTW: 0.1286, TopK: 0.4627) | EMA Val Loss (No Trend): 0.726748 | LR: 1.10e-04
Epoch [48/100] | Total Loss: 0.9367 | Aux Loss: 0.1658 | Train Mixed Loss: 0.7709 (Base: 0.2785, Trend: 0.1544, DTW: 0.1118, TopK: 0.4897) | Val Mixed Loss (No Trend): 0.7187 (Base: 0.2804, DTW: 0.1253, TopK: 0.4583) | EMA Val Loss (No Trend): 0.724737 | LR: 1.07e-04
Epoch [49/100] | Total Loss: 0.9352 | Aux Loss: 0.1667 | Train Mixed Loss: 0.7685 (Base: 0.2782, Trend: 0.1546, DTW: 0.1108, TopK: 0.4903) | Val Mixed Loss (No Trend): 0.7224 (Base: 0.2803, DTW: 0.1267, TopK: 0.4607) | EMA Val Loss (No Trend): 0.724163 | LR: 1.04e-04
Epoch [50/100] | Total Loss: 0.9322 | Aux Loss: 0.1666 | Train Mixed Loss: 0.7656 (Base: 0.2778, Trend: 0.1544, DTW: 0.1105, TopK: 0.4850) | Val Mixed Loss (No Trend): 0.7081 (Base: 0.2738, DTW: 0.1223, TopK: 0.4690) | EMA Val Loss (No Trend): 0.720159 | LR: 1.01e-04
Saved new best weights to best_model_seed2.pth (EMA validation loss without trend: 0.720159).
Epoch [51/100] | Total Loss: 0.9333 | Aux Loss: 0.1667 | Train Mixed Loss: 0.7666 (Base: 0.2779, Trend: 0.1544, DTW: 0.1102, TopK: 0.4907) | Val Mixed Loss (No Trend): 0.7261 (Base: 0.2891, DTW: 0.1272, TopK: 0.4393) | EMA Val Loss (No Trend): 0.721638 | LR: 9.74e-05
Epoch [52/100] | Total Loss: 0.9252 | Aux Loss: 0.1648 | Train Mixed Loss: 0.7604 (Base: 0.2762, Trend: 0.1538, DTW: 0.1092, TopK: 0.4840) | Val Mixed Loss (No Trend): 0.7285 (Base: 0.2853, DTW: 0.1265, TopK: 0.4653) | EMA Val Loss (No Trend): 0.723364 | LR: 9.43e-05
Epoch [53/100] | Total Loss: 0.9193 | Aux Loss: 0.1636 | Train Mixed Loss: 0.7557 (Base: 0.2748, Trend: 0.1528, DTW: 0.1087, TopK: 0.4787) | Val Mixed Loss (No Trend): 0.7237 (Base: 0.2794, DTW: 0.1263, TopK: 0.4703) | EMA Val Loss (No Trend): 0.723442 | LR: 9.11e-05
Epoch [54/100] | Total Loss: 0.9198 | Aux Loss: 0.1650 | Train Mixed Loss: 0.7548 (Base: 0.2743, Trend: 0.1528, DTW: 0.1084, TopK: 0.4797) | Val Mixed Loss (No Trend): 0.7027 (Base: 0.2733, DTW: 0.1208, TopK: 0.4653) | EMA Val Loss (No Trend): 0.718255 | LR: 8.80e-05
Saved new best weights to best_model_seed2.pth (EMA validation loss without trend: 0.718255).
Epoch [55/100] | Total Loss: 0.9175 | Aux Loss: 0.1622 | Train Mixed Loss: 0.7552 (Base: 0.2745, Trend: 0.1524, DTW: 0.1085, TopK: 0.4803) | Val Mixed Loss (No Trend): 0.7228 (Base: 0.2813, DTW: 0.1259, TopK: 0.4643) | EMA Val Loss (No Trend): 0.719397 | LR: 8.49e-05
Epoch [56/100] | Total Loss: 0.9214 | Aux Loss: 0.1642 | Train Mixed Loss: 0.7572 (Base: 0.2748, Trend: 0.1542, DTW: 0.1081, TopK: 0.4860) | Val Mixed Loss (No Trend): 0.7211 (Base: 0.2789, DTW: 0.1260, TopK: 0.4660) | EMA Val Loss (No Trend): 0.719819 | LR: 8.19e-05
Epoch [57/100] | Total Loss: 0.9106 | Aux Loss: 0.1622 | Train Mixed Loss: 0.7484 (Base: 0.2721, Trend: 0.1526, DTW: 0.1067, TopK: 0.4793) | Val Mixed Loss (No Trend): 0.7183 (Base: 0.2831, DTW: 0.1239, TopK: 0.4597) | EMA Val Loss (No Trend): 0.719432 | LR: 7.88e-05
Epoch [58/100] | Total Loss: 0.9145 | Aux Loss: 0.1643 | Train Mixed Loss: 0.7502 (Base: 0.2732, Trend: 0.1540, DTW: 0.1068, TopK: 0.4793) | Val Mixed Loss (No Trend): 0.7134 (Base: 0.2756, DTW: 0.1223, TopK: 0.4810) | EMA Val Loss (No Trend): 0.717917 | LR: 7.58e-05
Saved new best weights to best_model_seed2.pth (EMA validation loss without trend: 0.717917).
Epoch [59/100] | Total Loss: 0.9061 | Aux Loss: 0.1604 | Train Mixed Loss: 0.7457 (Base: 0.2716, Trend: 0.1534, DTW: 0.1058, TopK: 0.4780) | Val Mixed Loss (No Trend): 0.7252 (Base: 0.2845, DTW: 0.1255, TopK: 0.4647) | EMA Val Loss (No Trend): 0.719738 | LR: 7.27e-05
Epoch [60/100] | Total Loss: 0.9010 | Aux Loss: 0.1611 | Train Mixed Loss: 0.7399 (Base: 0.2700, Trend: 0.1526, DTW: 0.1044, TopK: 0.4770) | Val Mixed Loss (No Trend): 0.7121 (Base: 0.2780, DTW: 0.1225, TopK: 0.4670) | EMA Val Loss (No Trend): 0.717834 | LR: 6.98e-05
Saved new best weights to best_model_seed2.pth (EMA validation loss without trend: 0.717834).
Epoch [61/100] | Total Loss: 0.8922 | Aux Loss: 0.1606 | Train Mixed Loss: 0.7316 (Base: 0.2675, Trend: 0.1518, DTW: 0.1026, TopK: 0.4730) | Val Mixed Loss (No Trend): 0.7036 (Base: 0.2721, DTW: 0.1215, TopK: 0.4660) | EMA Val Loss (No Trend): 0.714270 | LR: 6.68e-05
Saved new best weights to best_model_seed2.pth (EMA validation loss without trend: 0.714270).
Epoch [62/100] | Total Loss: 0.9074 | Aux Loss: 0.1610 | Train Mixed Loss: 0.7463 (Base: 0.2719, Trend: 0.1536, DTW: 0.1060, TopK: 0.4777) | Val Mixed Loss (No Trend): 0.7006 (Base: 0.2763, DTW: 0.1200, TopK: 0.4540) | EMA Val Loss (No Trend): 0.710856 | LR: 6.39e-05
Saved new best weights to best_model_seed2.pth (EMA validation loss without trend: 0.710856).
Epoch [63/100] | Total Loss: 0.8994 | Aux Loss: 0.1608 | Train Mixed Loss: 0.7386 (Base: 0.2701, Trend: 0.1532, DTW: 0.1040, TopK: 0.4743) | Val Mixed Loss (No Trend): 0.7164 (Base: 0.2807, DTW: 0.1237, TopK: 0.4630) | EMA Val Loss (No Trend): 0.712244 | LR: 6.10e-05
Epoch [64/100] | Total Loss: 0.8999 | Aux Loss: 0.1608 | Train Mixed Loss: 0.7391 (Base: 0.2696, Trend: 0.1532, DTW: 0.1042, TopK: 0.4760) | Val Mixed Loss (No Trend): 0.7185 (Base: 0.2833, DTW: 0.1264, TopK: 0.4393) | EMA Val Loss (No Trend): 0.713802 | LR: 5.81e-05
Epoch [65/100] | Total Loss: 0.8863 | Aux Loss: 0.1586 | Train Mixed Loss: 0.7277 (Base: 0.2667, Trend: 0.1512, DTW: 0.1023, TopK: 0.4660) | Val Mixed Loss (No Trend): 0.7290 (Base: 0.2848, DTW: 0.1277, TopK: 0.4597) | EMA Val Loss (No Trend): 0.717603 | LR: 5.53e-05
Epoch [66/100] | Total Loss: 0.8907 | Aux Loss: 0.1601 | Train Mixed Loss: 0.7306 (Base: 0.2675, Trend: 0.1526, DTW: 0.1023, TopK: 0.4707) | Val Mixed Loss (No Trend): 0.7093 (Base: 0.2760, DTW: 0.1225, TopK: 0.4640) | EMA Val Loss (No Trend): 0.715520 | LR: 5.26e-05
Epoch [67/100] | Total Loss: 0.8930 | Aux Loss: 0.1606 | Train Mixed Loss: 0.7324 (Base: 0.2683, Trend: 0.1528, DTW: 0.1028, TopK: 0.4707) | Val Mixed Loss (No Trend): 0.7173 (Base: 0.2809, DTW: 0.1245, TopK: 0.4590) | EMA Val Loss (No Trend): 0.715956 | LR: 4.99e-05
Epoch [68/100] | Total Loss: 0.8866 | Aux Loss: 0.1588 | Train Mixed Loss: 0.7278 (Base: 0.2671, Trend: 0.1522, DTW: 0.1016, TopK: 0.4693) | Val Mixed Loss (No Trend): 0.7055 (Base: 0.2727, DTW: 0.1223, TopK: 0.4640) | EMA Val Loss (No Trend): 0.713338 | LR: 4.72e-05
Epoch [69/100] | Total Loss: 0.8865 | Aux Loss: 0.1590 | Train Mixed Loss: 0.7275 (Base: 0.2663, Trend: 0.1524, DTW: 0.1016, TopK: 0.4703) | Val Mixed Loss (No Trend): 0.7179 (Base: 0.2829, DTW: 0.1248, TopK: 0.4520) | EMA Val Loss (No Trend): 0.714487 | LR: 4.46e-05
Epoch [70/100] | Total Loss: 0.8807 | Aux Loss: 0.1597 | Train Mixed Loss: 0.7210 (Base: 0.2654, Trend: 0.1522, DTW: 0.1002, TopK: 0.4640) | Val Mixed Loss (No Trend): 0.7193 (Base: 0.2791, DTW: 0.1240, TopK: 0.4753) | EMA Val Loss (No Trend): 0.715688 | LR: 4.20e-05
Epoch [71/100] | Total Loss: 0.8817 | Aux Loss: 0.1592 | Train Mixed Loss: 0.7225 (Base: 0.2646, Trend: 0.1526, DTW: 0.1005, TopK: 0.4687) | Val Mixed Loss (No Trend): 0.7268 (Base: 0.2851, DTW: 0.1279, TopK: 0.4493) | EMA Val Loss (No Trend): 0.718471 | LR: 3.95e-05
Epoch [72/100] | Total Loss: 0.8807 | Aux Loss: 0.1591 | Train Mixed Loss: 0.7215 (Base: 0.2645, Trend: 0.1512, DTW: 0.1010, TopK: 0.4627) | Val Mixed Loss (No Trend): 0.7204 (Base: 0.2806, DTW: 0.1254, TopK: 0.4630) | EMA Val Loss (No Trend): 0.718942 | LR: 3.71e-05
Epoch [73/100] | Total Loss: 0.8799 | Aux Loss: 0.1586 | Train Mixed Loss: 0.7213 (Base: 0.2646, Trend: 0.1520, DTW: 0.1003, TopK: 0.4667) | Val Mixed Loss (No Trend): 0.7143 (Base: 0.2776, DTW: 0.1238, TopK: 0.4657) | EMA Val Loss (No Trend): 0.717788 | LR: 3.47e-05
Epoch [74/100] | Total Loss: 0.8694 | Aux Loss: 0.1573 | Train Mixed Loss: 0.7121 (Base: 0.2618, Trend: 0.1510, DTW: 0.0985, TopK: 0.4613) | Val Mixed Loss (No Trend): 0.7130 (Base: 0.2776, DTW: 0.1230, TopK: 0.4670) | EMA Val Loss (No Trend): 0.716589 | LR: 3.24e-05
Epoch [75/100] | Total Loss: 0.8745 | Aux Loss: 0.1576 | Train Mixed Loss: 0.7168 (Base: 0.2636, Trend: 0.1522, DTW: 0.0992, TopK: 0.4633) | Val Mixed Loss (No Trend): 0.7238 (Base: 0.2833, DTW: 0.1273, TopK: 0.4503) | EMA Val Loss (No Trend): 0.718402 | LR: 3.01e-05
Epoch [76/100] | Total Loss: 0.8742 | Aux Loss: 0.1587 | Train Mixed Loss: 0.7155 (Base: 0.2629, Trend: 0.1524, DTW: 0.0989, TopK: 0.4637) | Val Mixed Loss (No Trend): 0.7261 (Base: 0.2826, DTW: 0.1272, TopK: 0.4607) | EMA Val Loss (No Trend): 0.720322 | LR: 2.80e-05
Epoch [77/100] | Total Loss: 0.8727 | Aux Loss: 0.1587 | Train Mixed Loss: 0.7139 (Base: 0.2627, Trend: 0.1522, DTW: 0.0986, TopK: 0.4613) | Val Mixed Loss (No Trend): 0.7306 (Base: 0.2845, DTW: 0.1280, TopK: 0.4633) | EMA Val Loss (No Trend): 0.722882 | LR: 2.59e-05
Epoch [78/100] | Total Loss: 0.8683 | Aux Loss: 0.1576 | Train Mixed Loss: 0.7107 (Base: 0.2617, Trend: 0.1514, DTW: 0.0978, TopK: 0.4623) | Val Mixed Loss (No Trend): 0.7135 (Base: 0.2793, DTW: 0.1235, TopK: 0.4590) | EMA Val Loss (No Trend): 0.720528 | LR: 2.38e-05
Epoch [79/100] | Total Loss: 0.8610 | Aux Loss: 0.1562 | Train Mixed Loss: 0.7048 (Base: 0.2601, Trend: 0.1510, DTW: 0.0965, TopK: 0.4583) | Val Mixed Loss (No Trend): 0.7101 (Base: 0.2757, DTW: 0.1232, TopK: 0.4627) | EMA Val Loss (No Trend): 0.717931 | LR: 2.19e-05
Epoch [80/100] | Total Loss: 0.8673 | Aux Loss: 0.1574 | Train Mixed Loss: 0.7099 (Base: 0.2609, Trend: 0.1514, DTW: 0.0981, TopK: 0.4593) | Val Mixed Loss (No Trend): 0.7323 (Base: 0.2860, DTW: 0.1285, TopK: 0.4597) | EMA Val Loss (No Trend): 0.721517 | LR: 2.00e-05
Epoch [81/100] | Total Loss: 0.8684 | Aux Loss: 0.1591 | Train Mixed Loss: 0.7093 (Base: 0.2613, Trend: 0.1518, DTW: 0.0975, TopK: 0.4600) | Val Mixed Loss (No Trend): 0.7206 (Base: 0.2802, DTW: 0.1263, TopK: 0.4573) | EMA Val Loss (No Trend): 0.721290 | LR: 1.82e-05
Epoch [82/100] | Total Loss: 0.8656 | Aux Loss: 0.1576 | Train Mixed Loss: 0.7081 (Base: 0.2617, Trend: 0.1518, DTW: 0.0972, TopK: 0.4573) | Val Mixed Loss (No Trend): 0.6978 (Base: 0.2730, DTW: 0.1195, TopK: 0.4600) | EMA Val Loss (No Trend): 0.715423 | LR: 1.65e-05
Epoch [83/100] | Total Loss: 0.8592 | Aux Loss: 0.1575 | Train Mixed Loss: 0.7017 (Base: 0.2588, Trend: 0.1508, DTW: 0.0961, TopK: 0.4563) | Val Mixed Loss (No Trend): 0.7184 (Base: 0.2804, DTW: 0.1246, TopK: 0.4627) | EMA Val Loss (No Trend): 0.716161 | LR: 1.49e-05
Epoch [84/100] | Total Loss: 0.8637 | Aux Loss: 0.1565 | Train Mixed Loss: 0.7072 (Base: 0.2605, Trend: 0.1516, DTW: 0.0972, TopK: 0.4590) | Val Mixed Loss (No Trend): 0.7175 (Base: 0.2797, DTW: 0.1248, TopK: 0.4613) | EMA Val Loss (No Trend): 0.716487 | LR: 1.33e-05
Epoch [85/100] | Total Loss: 0.8565 | Aux Loss: 0.1564 | Train Mixed Loss: 0.7001 (Base: 0.2581, Trend: 0.1506, DTW: 0.0958, TopK: 0.4557) | Val Mixed Loss (No Trend): 0.7066 (Base: 0.2763, DTW: 0.1226, TopK: 0.4540) | EMA Val Loss (No Trend): 0.714025 | LR: 1.18e-05
Epoch [86/100] | Total Loss: 0.8599 | Aux Loss: 0.1567 | Train Mixed Loss: 0.7032 (Base: 0.2592, Trend: 0.1512, DTW: 0.0966, TopK: 0.4550) | Val Mixed Loss (No Trend): 0.7138 (Base: 0.2793, DTW: 0.1240, TopK: 0.4567) | EMA Val Loss (No Trend): 0.713974 | LR: 1.05e-05
Epoch [87/100] | Total Loss: 0.8690 | Aux Loss: 0.1583 | Train Mixed Loss: 0.7106 (Base: 0.2620, Trend: 0.1524, DTW: 0.0980, TopK: 0.4570) | Val Mixed Loss (No Trend): 0.7021 (Base: 0.2759, DTW: 0.1210, TopK: 0.4523) | EMA Val Loss (No Trend): 0.711011 | LR: 9.18e-06
Epoch [88/100] | Total Loss: 0.8552 | Aux Loss: 0.1569 | Train Mixed Loss: 0.6983 (Base: 0.2579, Trend: 0.1504, DTW: 0.0955, TopK: 0.4537) | Val Mixed Loss (No Trend): 0.7286 (Base: 0.2841, DTW: 0.1271, TopK: 0.4650) | EMA Val Loss (No Trend): 0.715420 | LR: 7.99e-06
Epoch [89/100] | Total Loss: 0.8585 | Aux Loss: 0.1569 | Train Mixed Loss: 0.7017 (Base: 0.2590, Trend: 0.1514, DTW: 0.0960, TopK: 0.4553) | Val Mixed Loss (No Trend): 0.7107 (Base: 0.2788, DTW: 0.1228, TopK: 0.4570) | EMA Val Loss (No Trend): 0.714228 | LR: 6.88e-06
Epoch [90/100] | Total Loss: 0.8621 | Aux Loss: 0.1571 | Train Mixed Loss: 0.7050 (Base: 0.2596, Trend: 0.1522, DTW: 0.0965, TopK: 0.4590) | Val Mixed Loss (No Trend): 0.7056 (Base: 0.2760, DTW: 0.1225, TopK: 0.4517) | EMA Val Loss (No Trend): 0.712060 | LR: 5.87e-06
Epoch [91/100] | Total Loss: 0.8552 | Aux Loss: 0.1557 | Train Mixed Loss: 0.6995 (Base: 0.2587, Trend: 0.1514, DTW: 0.0955, TopK: 0.4533) | Val Mixed Loss (No Trend): 0.7060 (Base: 0.2761, DTW: 0.1224, TopK: 0.4537) | EMA Val Loss (No Trend): 0.710542 | LR: 4.95e-06
Saved new best weights to best_model_seed2.pth (EMA validation loss without trend: 0.710542).
Epoch [92/100] | Total Loss: 0.8623 | Aux Loss: 0.1577 | Train Mixed Loss: 0.7046 (Base: 0.2593, Trend: 0.1522, DTW: 0.0968, TopK: 0.4567) | Val Mixed Loss (No Trend): 0.7128 (Base: 0.2790, DTW: 0.1234, TopK: 0.4590) | EMA Val Loss (No Trend): 0.711104 | LR: 4.13e-06
Epoch [93/100] | Total Loss: 0.8534 | Aux Loss: 0.1549 | Train Mixed Loss: 0.6984 (Base: 0.2580, Trend: 0.1514, DTW: 0.0950, TopK: 0.4563) | Val Mixed Loss (No Trend): 0.7052 (Base: 0.2753, DTW: 0.1230, TopK: 0.4490) | EMA Val Loss (No Trend): 0.709629 | LR: 3.40e-06
Saved new best weights to best_model_seed2.pth (EMA validation loss without trend: 0.709629).
Epoch [94/100] | Total Loss: 0.8504 | Aux Loss: 0.1546 | Train Mixed Loss: 0.6958 (Base: 0.2565, Trend: 0.1502, DTW: 0.0953, TopK: 0.4517) | Val Mixed Loss (No Trend): 0.7166 (Base: 0.2808, DTW: 0.1249, TopK: 0.4537) | EMA Val Loss (No Trend): 0.711363 | LR: 2.76e-06
Epoch [95/100] | Total Loss: 0.8524 | Aux Loss: 0.1552 | Train Mixed Loss: 0.6973 (Base: 0.2571, Trend: 0.1510, DTW: 0.0952, TopK: 0.4540) | Val Mixed Loss (No Trend): 0.7200 (Base: 0.2791, DTW: 0.1245, TopK: 0.4733) | EMA Val Loss (No Trend): 0.713513 | LR: 2.23e-06
Epoch [96/100] | Total Loss: 0.8570 | Aux Loss: 0.1561 | Train Mixed Loss: 0.7009 (Base: 0.2586, Trend: 0.1520, DTW: 0.0955, TopK: 0.4577) | Val Mixed Loss (No Trend): 0.7247 (Base: 0.2809, DTW: 0.1273, TopK: 0.4613) | EMA Val Loss (No Trend): 0.716322 | LR: 1.78e-06
Epoch [97/100] | Total Loss: 0.8588 | Aux Loss: 0.1559 | Train Mixed Loss: 0.7029 (Base: 0.2587, Trend: 0.1522, DTW: 0.0962, TopK: 0.4573) | Val Mixed Loss (No Trend): 0.7057 (Base: 0.2768, DTW: 0.1218, TopK: 0.4557) | EMA Val Loss (No Trend): 0.713659 | LR: 1.44e-06
Epoch [98/100] | Total Loss: 0.8484 | Aux Loss: 0.1556 | Train Mixed Loss: 0.6928 (Base: 0.2570, Trend: 0.1510, DTW: 0.0937, TopK: 0.4513) | Val Mixed Loss (No Trend): 0.7109 (Base: 0.2791, DTW: 0.1225, TopK: 0.4597) | EMA Val Loss (No Trend): 0.712964 | LR: 1.20e-06
Epoch [99/100] | Total Loss: 0.8537 | Aux Loss: 0.1555 | Train Mixed Loss: 0.6982 (Base: 0.2575, Trend: 0.1506, DTW: 0.0956, TopK: 0.4530) | Val Mixed Loss (No Trend): 0.7217 (Base: 0.2810, DTW: 0.1257, TopK: 0.4637) | EMA Val Loss (No Trend): 0.715157 | LR: 1.05e-06
Epoch [100/100] | Total Loss: 0.8538 | Aux Loss: 0.1558 | Train Mixed Loss: 0.6980 (Base: 0.2570, Trend: 0.1506, DTW: 0.0954, TopK: 0.4557) | Val Mixed Loss (No Trend): 0.7117 (Base: 0.2791, DTW: 0.1228, TopK: 0.4597) | EMA Val Loss (No Trend): 0.714293 | LR: 2.00e-04
