Starting experiment (seed=1)
Device: cuda:0
Building static profile features from historical data...
Total trainable parameters: 5,010,690
Epoch [1/100] | Total Loss: 1.3482 | Aux Loss: 0.2736 | Train Mixed Loss: 1.0746 (Base: 0.3470, Trend: 0.1670, DTW: 0.1929, TopK: 0.6041) | Val Mixed Loss (No Trend): 0.8668 (Base: 0.3090, DTW: 0.1648, TopK: 0.5414) | EMA Val Loss (No Trend): 0.866840 | LR: 2.00e-04
Saved new best weights to best_model_seed1.pth (EMA validation loss without trend: 0.866840).
Epoch [2/100] | Total Loss: 1.2156 | Aux Loss: 0.2267 | Train Mixed Loss: 0.9889 (Base: 0.3334, Trend: 0.1602, DTW: 0.1669, TopK: 0.5827) | Val Mixed Loss (No Trend): 0.8453 (Base: 0.3186, DTW: 0.1515, TopK: 0.5442) | EMA Val Loss (No Trend): 0.861467 | LR: 2.00e-04
Saved new best weights to best_model_seed1.pth (EMA validation loss without trend: 0.861467).
Epoch [3/100] | Total Loss: 1.1754 | Aux Loss: 0.2186 | Train Mixed Loss: 0.9568 (Base: 0.3252, Trend: 0.1587, DTW: 0.1586, TopK: 0.5718) | Val Mixed Loss (No Trend): 0.8275 (Base: 0.3070, DTW: 0.1528, TopK: 0.5121) | EMA Val Loss (No Trend): 0.852970 | LR: 2.00e-04
Saved new best weights to best_model_seed1.pth (EMA validation loss without trend: 0.852970).
Epoch [4/100] | Total Loss: 1.1640 | Aux Loss: 0.2150 | Train Mixed Loss: 0.9490 (Base: 0.3232, Trend: 0.1592, DTW: 0.1563, TopK: 0.5701) | Val Mixed Loss (No Trend): 0.8009 (Base: 0.3032, DTW: 0.1434, TopK: 0.5119) | EMA Val Loss (No Trend): 0.839961 | LR: 1.99e-04
Saved new best weights to best_model_seed1.pth (EMA validation loss without trend: 0.839961).
Epoch [5/100] | Total Loss: 1.1446 | Aux Loss: 0.2111 | Train Mixed Loss: 0.9335 (Base: 0.3199, Trend: 0.1594, DTW: 0.1518, TopK: 0.5653) | Val Mixed Loss (No Trend): 0.8101 (Base: 0.3025, DTW: 0.1432, TopK: 0.5465) | EMA Val Loss (No Trend): 0.832508 | LR: 1.99e-04
Saved new best weights to best_model_seed1.pth (EMA validation loss without trend: 0.832508).
Epoch [6/100] | Total Loss: 1.1306 | Aux Loss: 0.2105 | Train Mixed Loss: 0.9201 (Base: 0.3166, Trend: 0.1583, DTW: 0.1487, TopK: 0.5586) | Val Mixed Loss (No Trend): 0.8003 (Base: 0.3053, DTW: 0.1400, TopK: 0.5295) | EMA Val Loss (No Trend): 0.824453 | LR: 1.98e-04
Saved new best weights to best_model_seed1.pth (EMA validation loss without trend: 0.824453).
Epoch [7/100] | Total Loss: 1.1190 | Aux Loss: 0.2067 | Train Mixed Loss: 0.9123 (Base: 0.3155, Trend: 0.1581, DTW: 0.1466, TopK: 0.5530) | Val Mixed Loss (No Trend): 0.7790 (Base: 0.2987, DTW: 0.1358, TopK: 0.5149) | EMA Val Loss (No Trend): 0.813087 | LR: 1.98e-04
Saved new best weights to best_model_seed1.pth (EMA validation loss without trend: 0.813087).
Epoch [8/100] | Total Loss: 1.0951 | Aux Loss: 0.2062 | Train Mixed Loss: 0.8888 (Base: 0.3082, Trend: 0.1564, DTW: 0.1412, TopK: 0.5452) | Val Mixed Loss (No Trend): 0.7970 (Base: 0.3019, DTW: 0.1432, TopK: 0.5050) | EMA Val Loss (No Trend): 0.809063 | LR: 1.97e-04
Saved new best weights to best_model_seed1.pth (EMA validation loss without trend: 0.809063).
Epoch [9/100] | Total Loss: 1.0907 | Aux Loss: 0.2023 | Train Mixed Loss: 0.8884 (Base: 0.3078, Trend: 0.1567, DTW: 0.1411, TopK: 0.5456) | Val Mixed Loss (No Trend): 0.7772 (Base: 0.3021, DTW: 0.1376, TopK: 0.4829) | EMA Val Loss (No Trend): 0.801099 | LR: 1.96e-04
Saved new best weights to best_model_seed1.pth (EMA validation loss without trend: 0.801099).
Epoch [10/100] | Total Loss: 1.0690 | Aux Loss: 0.2018 | Train Mixed Loss: 0.8672 (Base: 0.3033, Trend: 0.1546, DTW: 0.1358, TopK: 0.5355) | Val Mixed Loss (No Trend): 0.7717 (Base: 0.2927, DTW: 0.1386, TopK: 0.4880) | EMA Val Loss (No Trend): 0.793747 | LR: 1.95e-04
Saved new best weights to best_model_seed1.pth (EMA validation loss without trend: 0.793747).
Epoch [11/100] | Total Loss: 1.0701 | Aux Loss: 0.2009 | Train Mixed Loss: 0.8692 (Base: 0.3047, Trend: 0.1544, DTW: 0.1363, TopK: 0.5339) | Val Mixed Loss (No Trend): 0.7640 (Base: 0.2960, DTW: 0.1341, TopK: 0.4871) | EMA Val Loss (No Trend): 0.786321 | LR: 1.94e-04
Saved new best weights to best_model_seed1.pth (EMA validation loss without trend: 0.786321).
Epoch [12/100] | Total Loss: 1.0709 | Aux Loss: 0.1994 | Train Mixed Loss: 0.8715 (Base: 0.3048, Trend: 0.1550, DTW: 0.1364, TopK: 0.5392) | Val Mixed Loss (No Trend): 0.7633 (Base: 0.2902, DTW: 0.1326, TopK: 0.5162) | EMA Val Loss (No Trend): 0.780576 | LR: 1.93e-04
Saved new best weights to best_model_seed1.pth (EMA validation loss without trend: 0.780576).
Epoch [13/100] | Total Loss: 1.0581 | Aux Loss: 0.1977 | Train Mixed Loss: 0.8604 (Base: 0.3026, Trend: 0.1542, DTW: 0.1343, TopK: 0.5282) | Val Mixed Loss (No Trend): 0.7521 (Base: 0.2868, DTW: 0.1305, TopK: 0.5066) | EMA Val Loss (No Trend): 0.773450 | LR: 1.92e-04
Saved new best weights to best_model_seed1.pth (EMA validation loss without trend: 0.773450).
Epoch [14/100] | Total Loss: 1.0488 | Aux Loss: 0.1978 | Train Mixed Loss: 0.8510 (Base: 0.2991, Trend: 0.1547, DTW: 0.1316, TopK: 0.5288) | Val Mixed Loss (No Trend): 0.7540 (Base: 0.2854, DTW: 0.1315, TopK: 0.5097) | EMA Val Loss (No Trend): 0.768597 | LR: 1.91e-04
Saved new best weights to best_model_seed1.pth (EMA validation loss without trend: 0.768597).
Epoch [15/100] | Total Loss: 1.0394 | Aux Loss: 0.1980 | Train Mixed Loss: 0.8414 (Base: 0.2964, Trend: 0.1530, DTW: 0.1301, TopK: 0.5211) | Val Mixed Loss (No Trend): 0.7496 (Base: 0.2844, DTW: 0.1310, TopK: 0.5023) | EMA Val Loss (No Trend): 0.763838 | LR: 1.89e-04
Saved new best weights to best_model_seed1.pth (EMA validation loss without trend: 0.763838).
Epoch [16/100] | Total Loss: 1.0417 | Aux Loss: 0.1965 | Train Mixed Loss: 0.8453 (Base: 0.2985, Trend: 0.1548, DTW: 0.1300, TopK: 0.5248) | Val Mixed Loss (No Trend): 0.7658 (Base: 0.2997, DTW: 0.1371, TopK: 0.4571) | EMA Val Loss (No Trend): 0.764340 | LR: 1.88e-04
Epoch [17/100] | Total Loss: 1.0357 | Aux Loss: 0.1941 | Train Mixed Loss: 0.8416 (Base: 0.2973, Trend: 0.1543, DTW: 0.1293, TopK: 0.5225) | Val Mixed Loss (No Trend): 0.7315 (Base: 0.2762, DTW: 0.1255, TopK: 0.5139) | EMA Val Loss (No Trend): 0.756139 | LR: 1.86e-04
Saved new best weights to best_model_seed1.pth (EMA validation loss without trend: 0.756139).
Epoch [18/100] | Total Loss: 1.0293 | Aux Loss: 0.1928 | Train Mixed Loss: 0.8365 (Base: 0.2963, Trend: 0.1540, DTW: 0.1281, TopK: 0.5192) | Val Mixed Loss (No Trend): 0.7713 (Base: 0.2981, DTW: 0.1388, TopK: 0.4672) | EMA Val Loss (No Trend): 0.759934 | LR: 1.85e-04
Epoch [19/100] | Total Loss: 1.0272 | Aux Loss: 0.1923 | Train Mixed Loss: 0.8349 (Base: 0.2951, Trend: 0.1535, DTW: 0.1279, TopK: 0.5204) | Val Mixed Loss (No Trend): 0.7418 (Base: 0.2873, DTW: 0.1286, TopK: 0.4857) | EMA Val Loss (No Trend): 0.755390 | LR: 1.83e-04
Saved new best weights to best_model_seed1.pth (EMA validation loss without trend: 0.755390).
Epoch [20/100] | Total Loss: 1.0247 | Aux Loss: 0.1919 | Train Mixed Loss: 0.8328 (Base: 0.2951, Trend: 0.1536, DTW: 0.1270, TopK: 0.5199) | Val Mixed Loss (No Trend): 0.7476 (Base: 0.2900, DTW: 0.1287, TopK: 0.4962) | EMA Val Loss (No Trend): 0.753451 | LR: 1.81e-04
Saved new best weights to best_model_seed1.pth (EMA validation loss without trend: 0.753451).
Epoch [21/100] | Total Loss: 1.0113 | Aux Loss: 0.1905 | Train Mixed Loss: 0.8208 (Base: 0.2923, Trend: 0.1536, DTW: 0.1242, TopK: 0.5123) | Val Mixed Loss (No Trend): 0.7387 (Base: 0.2853, DTW: 0.1298, TopK: 0.4725) | EMA Val Loss (No Trend): 0.749753 | LR: 1.79e-04
Saved new best weights to best_model_seed1.pth (EMA validation loss without trend: 0.749753).
Epoch [22/100] | Total Loss: 1.0099 | Aux Loss: 0.1892 | Train Mixed Loss: 0.8207 (Base: 0.2910, Trend: 0.1526, DTW: 0.1248, TopK: 0.5125) | Val Mixed Loss (No Trend): 0.7390 (Base: 0.2846, DTW: 0.1283, TopK: 0.4884) | EMA Val Loss (No Trend): 0.747054 | LR: 1.77e-04
Saved new best weights to best_model_seed1.pth (EMA validation loss without trend: 0.747054).
Epoch [23/100] | Total Loss: 1.0032 | Aux Loss: 0.1899 | Train Mixed Loss: 0.8133 (Base: 0.2898, Trend: 0.1528, DTW: 0.1225, TopK: 0.5097) | Val Mixed Loss (No Trend): 0.7536 (Base: 0.2988, DTW: 0.1319, TopK: 0.4607) | EMA Val Loss (No Trend): 0.748696 | LR: 1.75e-04
Epoch [24/100] | Total Loss: 1.0047 | Aux Loss: 0.1892 | Train Mixed Loss: 0.8156 (Base: 0.2908, Trend: 0.1533, DTW: 0.1225, TopK: 0.5134) | Val Mixed Loss (No Trend): 0.7588 (Base: 0.2947, DTW: 0.1342, TopK: 0.4732) | EMA Val Loss (No Trend): 0.751225 | LR: 1.73e-04
Epoch [25/100] | Total Loss: 1.0030 | Aux Loss: 0.1876 | Train Mixed Loss: 0.8153 (Base: 0.2898, Trend: 0.1537, DTW: 0.1230, TopK: 0.5117) | Val Mixed Loss (No Trend): 0.7389 (Base: 0.2838, DTW: 0.1278, TopK: 0.4948) | EMA Val Loss (No Trend): 0.748135 | LR: 1.71e-04
Epoch [26/100] | Total Loss: 0.9964 | Aux Loss: 0.1871 | Train Mixed Loss: 0.8093 (Base: 0.2891, Trend: 0.1533, DTW: 0.1212, TopK: 0.5086) | Val Mixed Loss (No Trend): 0.7639 (Base: 0.3010, DTW: 0.1368, TopK: 0.4488) | EMA Val Loss (No Trend): 0.752069 | LR: 1.69e-04
Epoch [27/100] | Total Loss: 0.9980 | Aux Loss: 0.1873 | Train Mixed Loss: 0.8108 (Base: 0.2893, Trend: 0.1531, DTW: 0.1217, TopK: 0.5093) | Val Mixed Loss (No Trend): 0.7380 (Base: 0.2842, DTW: 0.1291, TopK: 0.4802) | EMA Val Loss (No Trend): 0.748561 | LR: 1.66e-04
Epoch [28/100] | Total Loss: 0.9920 | Aux Loss: 0.1842 | Train Mixed Loss: 0.8078 (Base: 0.2885, Trend: 0.1530, DTW: 0.1213, TopK: 0.5060) | Val Mixed Loss (No Trend): 0.7279 (Base: 0.2818, DTW: 0.1247, TopK: 0.4892) | EMA Val Loss (No Trend): 0.743390 | LR: 1.64e-04
Saved new best weights to best_model_seed1.pth (EMA validation loss without trend: 0.743390).
Epoch [29/100] | Total Loss: 0.9802 | Aux Loss: 0.1827 | Train Mixed Loss: 0.7975 (Base: 0.2853, Trend: 0.1524, DTW: 0.1192, TopK: 0.4999) | Val Mixed Loss (No Trend): 0.7490 (Base: 0.2914, DTW: 0.1331, TopK: 0.4608) | EMA Val Loss (No Trend): 0.744796 | LR: 1.61e-04
Epoch [30/100] | Total Loss: 0.9836 | Aux Loss: 0.1837 | Train Mixed Loss: 0.7999 (Base: 0.2861, Trend: 0.1536, DTW: 0.1190, TopK: 0.5045) | Val Mixed Loss (No Trend): 0.7551 (Base: 0.2951, DTW: 0.1349, TopK: 0.4540) | EMA Val Loss (No Trend): 0.747375 | LR: 1.59e-04
Epoch [31/100] | Total Loss: 0.9849 | Aux Loss: 0.1850 | Train Mixed Loss: 0.7999 (Base: 0.2861, Trend: 0.1528, DTW: 0.1190, TopK: 0.5062) | Val Mixed Loss (No Trend): 0.7213 (Base: 0.2787, DTW: 0.1236, TopK: 0.4862) | EMA Val Loss (No Trend): 0.740851 | LR: 1.56e-04
Saved new best weights to best_model_seed1.pth (EMA validation loss without trend: 0.740851).
Epoch [32/100] | Total Loss: 0.9732 | Aux Loss: 0.1844 | Train Mixed Loss: 0.7889 (Base: 0.2829, Trend: 0.1528, DTW: 0.1164, TopK: 0.5004) | Val Mixed Loss (No Trend): 0.7325 (Base: 0.2823, DTW: 0.1270, TopK: 0.4844) | EMA Val Loss (No Trend): 0.738773 | LR: 1.54e-04
Saved new best weights to best_model_seed1.pth (EMA validation loss without trend: 0.738773).
Epoch [33/100] | Total Loss: 0.9714 | Aux Loss: 0.1821 | Train Mixed Loss: 0.7893 (Base: 0.2842, Trend: 0.1539, DTW: 0.1162, TopK: 0.4978) | Val Mixed Loss (No Trend): 0.7329 (Base: 0.2835, DTW: 0.1275, TopK: 0.4782) | EMA Val Loss (No Trend): 0.737310 | LR: 1.51e-04
Saved new best weights to best_model_seed1.pth (EMA validation loss without trend: 0.737310).
Epoch [34/100] | Total Loss: 0.9662 | Aux Loss: 0.1827 | Train Mixed Loss: 0.7835 (Base: 0.2820, Trend: 0.1527, DTW: 0.1152, TopK: 0.4955) | Val Mixed Loss (No Trend): 0.7345 (Base: 0.2838, DTW: 0.1269, TopK: 0.4875) | EMA Val Loss (No Trend): 0.736612 | LR: 1.48e-04
Saved new best weights to best_model_seed1.pth (EMA validation loss without trend: 0.736612).
Epoch [35/100] | Total Loss: 0.9634 | Aux Loss: 0.1813 | Train Mixed Loss: 0.7822 (Base: 0.2815, Trend: 0.1527, DTW: 0.1149, TopK: 0.4949) | Val Mixed Loss (No Trend): 0.7291 (Base: 0.2820, DTW: 0.1275, TopK: 0.4701) | EMA Val Loss (No Trend): 0.734721 | LR: 1.46e-04
Saved new best weights to best_model_seed1.pth (EMA validation loss without trend: 0.734721).
Epoch [36/100] | Total Loss: 0.9645 | Aux Loss: 0.1820 | Train Mixed Loss: 0.7825 (Base: 0.2811, Trend: 0.1530, DTW: 0.1151, TopK: 0.4955) | Val Mixed Loss (No Trend): 0.7214 (Base: 0.2758, DTW: 0.1249, TopK: 0.4860) | EMA Val Loss (No Trend): 0.731389 | LR: 1.43e-04
Saved new best weights to best_model_seed1.pth (EMA validation loss without trend: 0.731389).
Epoch [37/100] | Total Loss: 0.9506 | Aux Loss: 0.1799 | Train Mixed Loss: 0.7707 (Base: 0.2784, Trend: 0.1517, DTW: 0.1123, TopK: 0.4900) | Val Mixed Loss (No Trend): 0.7226 (Base: 0.2784, DTW: 0.1263, TopK: 0.4708) | EMA Val Loss (No Trend): 0.729203 | LR: 1.40e-04
Saved new best weights to best_model_seed1.pth (EMA validation loss without trend: 0.729203).
Epoch [38/100] | Total Loss: 0.9484 | Aux Loss: 0.1810 | Train Mixed Loss: 0.7674 (Base: 0.2771, Trend: 0.1517, DTW: 0.1117, TopK: 0.4883) | Val Mixed Loss (No Trend): 0.7271 (Base: 0.2798, DTW: 0.1256, TopK: 0.4863) | EMA Val Loss (No Trend): 0.728681 | LR: 1.37e-04
Saved new best weights to best_model_seed1.pth (EMA validation loss without trend: 0.728681).
Epoch [39/100] | Total Loss: 0.9454 | Aux Loss: 0.1790 | Train Mixed Loss: 0.7664 (Base: 0.2771, Trend: 0.1513, DTW: 0.1116, TopK: 0.4863) | Val Mixed Loss (No Trend): 0.7529 (Base: 0.2941, DTW: 0.1336, TopK: 0.4607) | EMA Val Loss (No Trend): 0.734731 | LR: 1.34e-04
Epoch [40/100] | Total Loss: 0.9465 | Aux Loss: 0.1801 | Train Mixed Loss: 0.7664 (Base: 0.2767, Trend: 0.1519, DTW: 0.1117, TopK: 0.4857) | Val Mixed Loss (No Trend): 0.7310 (Base: 0.2865, DTW: 0.1288, TopK: 0.4508) | EMA Val Loss (No Trend): 0.733794 | LR: 1.31e-04
Epoch [41/100] | Total Loss: 0.9385 | Aux Loss: 0.1785 | Train Mixed Loss: 0.7600 (Base: 0.2749, Trend: 0.1517, DTW: 0.1100, TopK: 0.4841) | Val Mixed Loss (No Trend): 0.7206 (Base: 0.2788, DTW: 0.1258, TopK: 0.4666) | EMA Val Loss (No Trend): 0.730501 | LR: 1.28e-04
Epoch [42/100] | Total Loss: 0.9382 | Aux Loss: 0.1769 | Train Mixed Loss: 0.7612 (Base: 0.2761, Trend: 0.1519, DTW: 0.1099, TopK: 0.4845) | Val Mixed Loss (No Trend): 0.7307 (Base: 0.2809, DTW: 0.1278, TopK: 0.4766) | EMA Val Loss (No Trend): 0.730547 | LR: 1.25e-04
Epoch [43/100] | Total Loss: 0.9291 | Aux Loss: 0.1787 | Train Mixed Loss: 0.7504 (Base: 0.2721, Trend: 0.1500, DTW: 0.1082, TopK: 0.4784) | Val Mixed Loss (No Trend): 0.7425 (Base: 0.2878, DTW: 0.1311, TopK: 0.4666) | EMA Val Loss (No Trend): 0.733528 | LR: 1.22e-04
Epoch [44/100] | Total Loss: 0.9372 | Aux Loss: 0.1781 | Train Mixed Loss: 0.7592 (Base: 0.2762, Trend: 0.1531, DTW: 0.1090, TopK: 0.4827) | Val Mixed Loss (No Trend): 0.7169 (Base: 0.2784, DTW: 0.1241, TopK: 0.4690) | EMA Val Loss (No Trend): 0.729366 | LR: 1.19e-04
Epoch [45/100] | Total Loss: 0.9310 | Aux Loss: 0.1768 | Train Mixed Loss: 0.7542 (Base: 0.2743, Trend: 0.1522, DTW: 0.1085, TopK: 0.4777) | Val Mixed Loss (No Trend): 0.7431 (Base: 0.2908, DTW: 0.1326, TopK: 0.4467) | EMA Val Loss (No Trend): 0.732801 | LR: 1.16e-04
Epoch [46/100] | Total Loss: 0.9257 | Aux Loss: 0.1775 | Train Mixed Loss: 0.7483 (Base: 0.2717, Trend: 0.1525, DTW: 0.1071, TopK: 0.4777) | Val Mixed Loss (No Trend): 0.7257 (Base: 0.2787, DTW: 0.1264, TopK: 0.4784) | EMA Val Loss (No Trend): 0.731023 | LR: 1.13e-04
Epoch [47/100] | Total Loss: 0.9203 | Aux Loss: 0.1756 | Train Mixed Loss: 0.7447 (Base: 0.2710, Trend: 0.1502, DTW: 0.1066, TopK: 0.4757) | Val Mixed Loss (No Trend): 0.7242 (Base: 0.2861, DTW: 0.1271, TopK: 0.4438) | EMA Val Loss (No Trend): 0.729309 | LR: 1.10e-04
Epoch [48/100] | Total Loss: 0.9239 | Aux Loss: 0.1755 | Train Mixed Loss: 0.7484 (Base: 0.2718, Trend: 0.1525, DTW: 0.1072, TopK: 0.4768) | Val Mixed Loss (No Trend): 0.7241 (Base: 0.2827, DTW: 0.1268, TopK: 0.4566) | EMA Val Loss (No Trend): 0.727999 | LR: 1.07e-04
Saved new best weights to best_model_seed1.pth (EMA validation loss without trend: 0.727999).
Epoch [49/100] | Total Loss: 0.9142 | Aux Loss: 0.1749 | Train Mixed Loss: 0.7392 (Base: 0.2690, Trend: 0.1512, DTW: 0.1051, TopK: 0.4747) | Val Mixed Loss (No Trend): 0.7329 (Base: 0.2852, DTW: 0.1292, TopK: 0.4586) | EMA Val Loss (No Trend): 0.729229 | LR: 1.04e-04
Epoch [50/100] | Total Loss: 0.9143 | Aux Loss: 0.1764 | Train Mixed Loss: 0.7380 (Base: 0.2690, Trend: 0.1519, DTW: 0.1045, TopK: 0.4743) | Val Mixed Loss (No Trend): 0.7324 (Base: 0.2879, DTW: 0.1293, TopK: 0.4476) | EMA Val Loss (No Trend): 0.730012 | LR: 1.01e-04
Epoch [51/100] | Total Loss: 0.9131 | Aux Loss: 0.1748 | Train Mixed Loss: 0.7382 (Base: 0.2693, Trend: 0.1524, DTW: 0.1045, TopK: 0.4730) | Val Mixed Loss (No Trend): 0.7359 (Base: 0.2867, DTW: 0.1310, TopK: 0.4498) | EMA Val Loss (No Trend): 0.731496 | LR: 9.74e-05
Epoch [52/100] | Total Loss: 0.9112 | Aux Loss: 0.1753 | Train Mixed Loss: 0.7359 (Base: 0.2682, Trend: 0.1521, DTW: 0.1043, TopK: 0.4706) | Val Mixed Loss (No Trend): 0.7250 (Base: 0.2792, DTW: 0.1264, TopK: 0.4743) | EMA Val Loss (No Trend): 0.729869 | LR: 9.43e-05
Epoch [53/100] | Total Loss: 0.9051 | Aux Loss: 0.1734 | Train Mixed Loss: 0.7317 (Base: 0.2675, Trend: 0.1524, DTW: 0.1031, TopK: 0.4684) | Val Mixed Loss (No Trend): 0.7224 (Base: 0.2809, DTW: 0.1262, TopK: 0.4625) | EMA Val Loss (No Trend): 0.728000 | LR: 9.11e-05
Epoch [54/100] | Total Loss: 0.9007 | Aux Loss: 0.1739 | Train Mixed Loss: 0.7268 (Base: 0.2660, Trend: 0.1519, DTW: 0.1021, TopK: 0.4663) | Val Mixed Loss (No Trend): 0.7232 (Base: 0.2791, DTW: 0.1271, TopK: 0.4632) | EMA Val Loss (No Trend): 0.726804 | LR: 8.80e-05
Saved new best weights to best_model_seed1.pth (EMA validation loss without trend: 0.726804).
Epoch [55/100] | Total Loss: 0.8938 | Aux Loss: 0.1726 | Train Mixed Loss: 0.7211 (Base: 0.2646, Trend: 0.1515, DTW: 0.1007, TopK: 0.4636) | Val Mixed Loss (No Trend): 0.7277 (Base: 0.2829, DTW: 0.1276, TopK: 0.4622) | EMA Val Loss (No Trend): 0.727031 | LR: 8.49e-05
Epoch [56/100] | Total Loss: 0.8950 | Aux Loss: 0.1736 | Train Mixed Loss: 0.7215 (Base: 0.2642, Trend: 0.1513, DTW: 0.1009, TopK: 0.4646) | Val Mixed Loss (No Trend): 0.7261 (Base: 0.2829, DTW: 0.1275, TopK: 0.4570) | EMA Val Loss (No Trend): 0.726798 | LR: 8.19e-05
Saved new best weights to best_model_seed1.pth (EMA validation loss without trend: 0.726798).
Epoch [57/100] | Total Loss: 0.8962 | Aux Loss: 0.1728 | Train Mixed Loss: 0.7234 (Base: 0.2647, Trend: 0.1514, DTW: 0.1015, TopK: 0.4648) | Val Mixed Loss (No Trend): 0.7221 (Base: 0.2802, DTW: 0.1256, TopK: 0.4680) | EMA Val Loss (No Trend): 0.725627 | LR: 7.88e-05
Saved new best weights to best_model_seed1.pth (EMA validation loss without trend: 0.725627).
Epoch [58/100] | Total Loss: 0.8943 | Aux Loss: 0.1724 | Train Mixed Loss: 0.7219 (Base: 0.2641, Trend: 0.1519, DTW: 0.1009, TopK: 0.4658) | Val Mixed Loss (No Trend): 0.7235 (Base: 0.2812, DTW: 0.1265, TopK: 0.4626) | EMA Val Loss (No Trend): 0.725087 | LR: 7.58e-05
Saved new best weights to best_model_seed1.pth (EMA validation loss without trend: 0.725087).
Epoch [59/100] | Total Loss: 0.8925 | Aux Loss: 0.1726 | Train Mixed Loss: 0.7199 (Base: 0.2649, Trend: 0.1527, DTW: 0.1003, TopK: 0.4604) | Val Mixed Loss (No Trend): 0.7326 (Base: 0.2871, DTW: 0.1291, TopK: 0.4523) | EMA Val Loss (No Trend): 0.726963 | LR: 7.27e-05
Epoch [60/100] | Total Loss: 0.8836 | Aux Loss: 0.1704 | Train Mixed Loss: 0.7132 (Base: 0.2628, Trend: 0.1522, DTW: 0.0984, TopK: 0.4608) | Val Mixed Loss (No Trend): 0.7082 (Base: 0.2766, DTW: 0.1230, TopK: 0.4544) | EMA Val Loss (No Trend): 0.722285 | LR: 6.98e-05
Saved new best weights to best_model_seed1.pth (EMA validation loss without trend: 0.722285).
Epoch [61/100] | Total Loss: 0.8907 | Aux Loss: 0.1726 | Train Mixed Loss: 0.7182 (Base: 0.2641, Trend: 0.1528, DTW: 0.0994, TopK: 0.4637) | Val Mixed Loss (No Trend): 0.7255 (Base: 0.2812, DTW: 0.1265, TopK: 0.4685) | EMA Val Loss (No Trend): 0.723080 | LR: 6.68e-05
Epoch [62/100] | Total Loss: 0.8822 | Aux Loss: 0.1727 | Train Mixed Loss: 0.7095 (Base: 0.2611, Trend: 0.1520, DTW: 0.0977, TopK: 0.4593) | Val Mixed Loss (No Trend): 0.7130 (Base: 0.2731, DTW: 0.1222, TopK: 0.4890) | EMA Val Loss (No Trend): 0.720568 | LR: 6.39e-05
Saved new best weights to best_model_seed1.pth (EMA validation loss without trend: 0.720568).
Epoch [63/100] | Total Loss: 0.8784 | Aux Loss: 0.1714 | Train Mixed Loss: 0.7070 (Base: 0.2607, Trend: 0.1517, DTW: 0.0972, TopK: 0.4572) | Val Mixed Loss (No Trend): 0.7154 (Base: 0.2784, DTW: 0.1247, TopK: 0.4586) | EMA Val Loss (No Trend): 0.719275 | LR: 6.10e-05
Saved new best weights to best_model_seed1.pth (EMA validation loss without trend: 0.719275).
Epoch [64/100] | Total Loss: 0.8836 | Aux Loss: 0.1717 | Train Mixed Loss: 0.7119 (Base: 0.2621, Trend: 0.1523, DTW: 0.0983, TopK: 0.4591) | Val Mixed Loss (No Trend): 0.7152 (Base: 0.2795, DTW: 0.1242, TopK: 0.4588) | EMA Val Loss (No Trend): 0.718244 | LR: 5.81e-05
Saved new best weights to best_model_seed1.pth (EMA validation loss without trend: 0.718244).
Epoch [65/100] | Total Loss: 0.8799 | Aux Loss: 0.1715 | Train Mixed Loss: 0.7084 (Base: 0.2601, Trend: 0.1521, DTW: 0.0978, TopK: 0.4586) | Val Mixed Loss (No Trend): 0.7254 (Base: 0.2779, DTW: 0.1265, TopK: 0.4793) | EMA Val Loss (No Trend): 0.720028 | LR: 5.53e-05
Epoch [66/100] | Total Loss: 0.8721 | Aux Loss: 0.1721 | Train Mixed Loss: 0.7000 (Base: 0.2588, Trend: 0.1516, DTW: 0.0955, TopK: 0.4543) | Val Mixed Loss (No Trend): 0.7344 (Base: 0.2878, DTW: 0.1295, TopK: 0.4524) | EMA Val Loss (No Trend): 0.723609 | LR: 5.26e-05
Epoch [67/100] | Total Loss: 0.8691 | Aux Loss: 0.1716 | Train Mixed Loss: 0.6975 (Base: 0.2576, Trend: 0.1512, DTW: 0.0953, TopK: 0.4520) | Val Mixed Loss (No Trend): 0.7223 (Base: 0.2812, DTW: 0.1272, TopK: 0.4530) | EMA Val Loss (No Trend): 0.723292 | LR: 4.99e-05
Epoch [68/100] | Total Loss: 0.8704 | Aux Loss: 0.1712 | Train Mixed Loss: 0.6991 (Base: 0.2581, Trend: 0.1521, DTW: 0.0957, TopK: 0.4510) | Val Mixed Loss (No Trend): 0.7250 (Base: 0.2841, DTW: 0.1270, TopK: 0.4537) | EMA Val Loss (No Trend): 0.723716 | LR: 4.72e-05
Epoch [69/100] | Total Loss: 0.8625 | Aux Loss: 0.1695 | Train Mixed Loss: 0.6930 (Base: 0.2562, Trend: 0.1514, DTW: 0.0944, TopK: 0.4483) | Val Mixed Loss (No Trend): 0.7205 (Base: 0.2814, DTW: 0.1262, TopK: 0.4543) | EMA Val Loss (No Trend): 0.722907 | LR: 4.46e-05
Epoch [70/100] | Total Loss: 0.8661 | Aux Loss: 0.1726 | Train Mixed Loss: 0.6935 (Base: 0.2564, Trend: 0.1519, DTW: 0.0941, TopK: 0.4511) | Val Mixed Loss (No Trend): 0.7183 (Base: 0.2775, DTW: 0.1252, TopK: 0.4676) | EMA Val Loss (No Trend): 0.721766 | LR: 4.20e-05
Epoch [71/100] | Total Loss: 0.8620 | Aux Loss: 0.1703 | Train Mixed Loss: 0.6917 (Base: 0.2560, Trend: 0.1517, DTW: 0.0938, TopK: 0.4494) | Val Mixed Loss (No Trend): 0.7183 (Base: 0.2805, DTW: 0.1250, TopK: 0.4595) | EMA Val Loss (No Trend): 0.720904 | LR: 3.95e-05
Epoch [72/100] | Total Loss: 0.8586 | Aux Loss: 0.1703 | Train Mixed Loss: 0.6883 (Base: 0.2549, Trend: 0.1519, DTW: 0.0929, TopK: 0.4483) | Val Mixed Loss (No Trend): 0.7149 (Base: 0.2779, DTW: 0.1247, TopK: 0.4594) | EMA Val Loss (No Trend): 0.719397 | LR: 3.71e-05
Epoch [73/100] | Total Loss: 0.8568 | Aux Loss: 0.1691 | Train Mixed Loss: 0.6877 (Base: 0.2547, Trend: 0.1514, DTW: 0.0931, TopK: 0.4460) | Val Mixed Loss (No Trend): 0.7112 (Base: 0.2773, DTW: 0.1226, TopK: 0.4661) | EMA Val Loss (No Trend): 0.717359 | LR: 3.47e-05
Saved new best weights to best_model_seed1.pth (EMA validation loss without trend: 0.717359).
Epoch [74/100] | Total Loss: 0.8580 | Aux Loss: 0.1695 | Train Mixed Loss: 0.6886 (Base: 0.2549, Trend: 0.1517, DTW: 0.0931, TopK: 0.4480) | Val Mixed Loss (No Trend): 0.7229 (Base: 0.2812, DTW: 0.1262, TopK: 0.4630) | EMA Val Loss (No Trend): 0.718747 | LR: 3.24e-05
Epoch [75/100] | Total Loss: 0.8519 | Aux Loss: 0.1698 | Train Mixed Loss: 0.6820 (Base: 0.2534, Trend: 0.1514, DTW: 0.0918, TopK: 0.4421) | Val Mixed Loss (No Trend): 0.7166 (Base: 0.2784, DTW: 0.1261, TopK: 0.4516) | EMA Val Loss (No Trend): 0.718207 | LR: 3.01e-05
Epoch [76/100] | Total Loss: 0.8519 | Aux Loss: 0.1678 | Train Mixed Loss: 0.6841 (Base: 0.2542, Trend: 0.1530, DTW: 0.0915, TopK: 0.4464) | Val Mixed Loss (No Trend): 0.7050 (Base: 0.2720, DTW: 0.1225, TopK: 0.4636) | EMA Val Loss (No Trend): 0.714895 | LR: 2.80e-05
Saved new best weights to best_model_seed1.pth (EMA validation loss without trend: 0.714895).
Epoch [77/100] | Total Loss: 0.8553 | Aux Loss: 0.1693 | Train Mixed Loss: 0.6860 (Base: 0.2541, Trend: 0.1521, DTW: 0.0923, TopK: 0.4475) | Val Mixed Loss (No Trend): 0.7273 (Base: 0.2840, DTW: 0.1269, TopK: 0.4625) | EMA Val Loss (No Trend): 0.718005 | LR: 2.59e-05
Epoch [78/100] | Total Loss: 0.8486 | Aux Loss: 0.1696 | Train Mixed Loss: 0.6790 (Base: 0.2519, Trend: 0.1513, DTW: 0.0911, TopK: 0.4431) | Val Mixed Loss (No Trend): 0.7217 (Base: 0.2809, DTW: 0.1260, TopK: 0.4615) | EMA Val Loss (No Trend): 0.718931 | LR: 2.38e-05
Epoch [79/100] | Total Loss: 0.8530 | Aux Loss: 0.1695 | Train Mixed Loss: 0.6835 (Base: 0.2534, Trend: 0.1531, DTW: 0.0913, TopK: 0.4478) | Val Mixed Loss (No Trend): 0.7278 (Base: 0.2815, DTW: 0.1277, TopK: 0.4662) | EMA Val Loss (No Trend): 0.721147 | LR: 2.19e-05
Epoch [80/100] | Total Loss: 0.8478 | Aux Loss: 0.1687 | Train Mixed Loss: 0.6791 (Base: 0.2528, Trend: 0.1526, DTW: 0.0907, TopK: 0.4409) | Val Mixed Loss (No Trend): 0.7195 (Base: 0.2795, DTW: 0.1249, TopK: 0.4675) | EMA Val Loss (No Trend): 0.720740 | LR: 2.00e-05
Epoch [81/100] | Total Loss: 0.8426 | Aux Loss: 0.1687 | Train Mixed Loss: 0.6740 (Base: 0.2505, Trend: 0.1515, DTW: 0.0900, TopK: 0.4388) | Val Mixed Loss (No Trend): 0.7219 (Base: 0.2817, DTW: 0.1263, TopK: 0.4568) | EMA Val Loss (No Trend): 0.721026 | LR: 1.82e-05
Epoch [82/100] | Total Loss: 0.8464 | Aux Loss: 0.1698 | Train Mixed Loss: 0.6766 (Base: 0.2516, Trend: 0.1519, DTW: 0.0903, TopK: 0.4413) | Val Mixed Loss (No Trend): 0.7208 (Base: 0.2793, DTW: 0.1254, TopK: 0.4685) | EMA Val Loss (No Trend): 0.720970 | LR: 1.65e-05
Epoch [83/100] | Total Loss: 0.8428 | Aux Loss: 0.1685 | Train Mixed Loss: 0.6743 (Base: 0.2509, Trend: 0.1524, DTW: 0.0897, TopK: 0.4393) | Val Mixed Loss (No Trend): 0.7180 (Base: 0.2788, DTW: 0.1246, TopK: 0.4670) | EMA Val Loss (No Trend): 0.720219 | LR: 1.49e-05
Epoch [84/100] | Total Loss: 0.8446 | Aux Loss: 0.1687 | Train Mixed Loss: 0.6759 (Base: 0.2518, Trend: 0.1523, DTW: 0.0899, TopK: 0.4408) | Val Mixed Loss (No Trend): 0.7233 (Base: 0.2814, DTW: 0.1267, TopK: 0.4598) | EMA Val Loss (No Trend): 0.721001 | LR: 1.33e-05
Epoch [85/100] | Total Loss: 0.8438 | Aux Loss: 0.1686 | Train Mixed Loss: 0.6752 (Base: 0.2513, Trend: 0.1528, DTW: 0.0898, TopK: 0.4401) | Val Mixed Loss (No Trend): 0.7155 (Base: 0.2788, DTW: 0.1246, TopK: 0.4588) | EMA Val Loss (No Trend): 0.719618 | LR: 1.18e-05
Epoch [86/100] | Total Loss: 0.8446 | Aux Loss: 0.1685 | Train Mixed Loss: 0.6761 (Base: 0.2508, Trend: 0.1526, DTW: 0.0904, TopK: 0.4405) | Val Mixed Loss (No Trend): 0.7290 (Base: 0.2824, DTW: 0.1288, TopK: 0.4586) | EMA Val Loss (No Trend): 0.721967 | LR: 1.05e-05
Epoch [87/100] | Total Loss: 0.8372 | Aux Loss: 0.1678 | Train Mixed Loss: 0.6694 (Base: 0.2495, Trend: 0.1525, DTW: 0.0886, TopK: 0.4369) | Val Mixed Loss (No Trend): 0.7178 (Base: 0.2794, DTW: 0.1255, TopK: 0.4574) | EMA Val Loss (No Trend): 0.720936 | LR: 9.18e-06
Epoch [88/100] | Total Loss: 0.8373 | Aux Loss: 0.1687 | Train Mixed Loss: 0.6686 (Base: 0.2492, Trend: 0.1515, DTW: 0.0887, TopK: 0.4363) | Val Mixed Loss (No Trend): 0.7092 (Base: 0.2743, DTW: 0.1228, TopK: 0.4671) | EMA Val Loss (No Trend): 0.717995 | LR: 7.99e-06
Epoch [89/100] | Total Loss: 0.8342 | Aux Loss: 0.1660 | Train Mixed Loss: 0.6682 (Base: 0.2489, Trend: 0.1520, DTW: 0.0883, TopK: 0.4377) | Val Mixed Loss (No Trend): 0.7194 (Base: 0.2801, DTW: 0.1244, TopK: 0.4691) | EMA Val Loss (No Trend): 0.718351 | LR: 6.88e-06
Epoch [90/100] | Total Loss: 0.8356 | Aux Loss: 0.1676 | Train Mixed Loss: 0.6680 (Base: 0.2489, Trend: 0.1521, DTW: 0.0885, TopK: 0.4356) | Val Mixed Loss (No Trend): 0.7129 (Base: 0.2767, DTW: 0.1244, TopK: 0.4592) | EMA Val Loss (No Trend): 0.716999 | LR: 5.87e-06
Epoch [91/100] | Total Loss: 0.8360 | Aux Loss: 0.1681 | Train Mixed Loss: 0.6679 (Base: 0.2485, Trend: 0.1516, DTW: 0.0886, TopK: 0.4367) | Val Mixed Loss (No Trend): 0.7156 (Base: 0.2770, DTW: 0.1252, TopK: 0.4604) | EMA Val Loss (No Trend): 0.716640 | LR: 4.95e-06
Epoch [92/100] | Total Loss: 0.8391 | Aux Loss: 0.1685 | Train Mixed Loss: 0.6706 (Base: 0.2496, Trend: 0.1522, DTW: 0.0890, TopK: 0.4377) | Val Mixed Loss (No Trend): 0.7095 (Base: 0.2769, DTW: 0.1231, TopK: 0.4573) | EMA Val Loss (No Trend): 0.714859 | LR: 4.13e-06
Saved new best weights to best_model_seed1.pth (EMA validation loss without trend: 0.714859).
Epoch [93/100] | Total Loss: 0.8378 | Aux Loss: 0.1683 | Train Mixed Loss: 0.6695 (Base: 0.2494, Trend: 0.1522, DTW: 0.0885, TopK: 0.4383) | Val Mixed Loss (No Trend): 0.7181 (Base: 0.2812, DTW: 0.1247, TopK: 0.4591) | EMA Val Loss (No Trend): 0.715667 | LR: 3.40e-06
Epoch [94/100] | Total Loss: 0.8356 | Aux Loss: 0.1682 | Train Mixed Loss: 0.6674 (Base: 0.2490, Trend: 0.1519, DTW: 0.0880, TopK: 0.4378) | Val Mixed Loss (No Trend): 0.7239 (Base: 0.2807, DTW: 0.1273, TopK: 0.4590) | EMA Val Loss (No Trend): 0.717733 | LR: 2.76e-06
Epoch [95/100] | Total Loss: 0.8381 | Aux Loss: 0.1674 | Train Mixed Loss: 0.6708 (Base: 0.2493, Trend: 0.1518, DTW: 0.0889, TopK: 0.4405) | Val Mixed Loss (No Trend): 0.7187 (Base: 0.2784, DTW: 0.1255, TopK: 0.4632) | EMA Val Loss (No Trend): 0.717965 | LR: 2.23e-06
Epoch [96/100] | Total Loss: 0.8336 | Aux Loss: 0.1679 | Train Mixed Loss: 0.6657 (Base: 0.2484, Trend: 0.1518, DTW: 0.0880, TopK: 0.4343) | Val Mixed Loss (No Trend): 0.7183 (Base: 0.2790, DTW: 0.1248, TopK: 0.4656) | EMA Val Loss (No Trend): 0.718039 | LR: 1.78e-06
Epoch [97/100] | Total Loss: 0.8379 | Aux Loss: 0.1679 | Train Mixed Loss: 0.6700 (Base: 0.2491, Trend: 0.1523, DTW: 0.0886, TopK: 0.4405) | Val Mixed Loss (No Trend): 0.7226 (Base: 0.2807, DTW: 0.1264, TopK: 0.4623) | EMA Val Loss (No Trend): 0.719182 | LR: 1.44e-06
Epoch [98/100] | Total Loss: 0.8277 | Aux Loss: 0.1691 | Train Mixed Loss: 0.6587 (Base: 0.2456, Trend: 0.1508, DTW: 0.0868, TopK: 0.4314) | Val Mixed Loss (No Trend): 0.7107 (Base: 0.2769, DTW: 0.1240, TopK: 0.4540) | EMA Val Loss (No Trend): 0.717064 | LR: 1.20e-06
Epoch [99/100] | Total Loss: 0.8363 | Aux Loss: 0.1678 | Train Mixed Loss: 0.6685 (Base: 0.2489, Trend: 0.1524, DTW: 0.0885, TopK: 0.4369) | Val Mixed Loss (No Trend): 0.7176 (Base: 0.2798, DTW: 0.1252, TopK: 0.4577) | EMA Val Loss (No Trend): 0.717193 | LR: 1.05e-06
Epoch [100/100] | Total Loss: 0.8361 | Aux Loss: 0.1684 | Train Mixed Loss: 0.6677 (Base: 0.2487, Trend: 0.1519, DTW: 0.0884, TopK: 0.4361) | Val Mixed Loss (No Trend): 0.7275 (Base: 0.2817, DTW: 0.1277, TopK: 0.4644) | EMA Val Loss (No Trend): 0.719762 | LR: 2.00e-04
