Starting experiment (seed=3)
Device: cuda:0
Building static profile features from historical data...
Total trainable parameters: 5,010,690
Epoch [1/100] | Total Loss: 1.3364 | Aux Loss: 0.2732 | Train Mixed Loss: 1.0632 (Base: 0.3453, Trend: 0.1674, DTW: 0.1901, TopK: 0.5929) | Val Mixed Loss (No Trend): 0.8436 (Base: 0.3136, DTW: 0.1534, TopK: 0.5390) | EMA Val Loss (No Trend): 0.843564 | LR: 2.00e-04
Saved new best weights to best_model_seed3.pth (EMA validation loss without trend: 0.843564).
Epoch [2/100] | Total Loss: 1.2059 | Aux Loss: 0.2265 | Train Mixed Loss: 0.9794 (Base: 0.3303, Trend: 0.1603, DTW: 0.1655, TopK: 0.5719) | Val Mixed Loss (No Trend): 0.8346 (Base: 0.2982, DTW: 0.1543, TopK: 0.5535) | EMA Val Loss (No Trend): 0.841313 | LR: 2.00e-04
Saved new best weights to best_model_seed3.pth (EMA validation loss without trend: 0.841313).
Epoch [3/100] | Total Loss: 1.1779 | Aux Loss: 0.2177 | Train Mixed Loss: 0.9602 (Base: 0.3262, Trend: 0.1599, DTW: 0.1591, TopK: 0.5740) | Val Mixed Loss (No Trend): 0.8149 (Base: 0.2962, DTW: 0.1483, TopK: 0.5431) | EMA Val Loss (No Trend): 0.834717 | LR: 2.00e-04
Saved new best weights to best_model_seed3.pth (EMA validation loss without trend: 0.834717).
Epoch [4/100] | Total Loss: 1.1538 | Aux Loss: 0.2141 | Train Mixed Loss: 0.9397 (Base: 0.3212, Trend: 0.1590, DTW: 0.1538, TopK: 0.5662) | Val Mixed Loss (No Trend): 0.7994 (Base: 0.3070, DTW: 0.1440, TopK: 0.4895) | EMA Val Loss (No Trend): 0.825889 | LR: 1.99e-04
Saved new best weights to best_model_seed3.pth (EMA validation loss without trend: 0.825889).
Epoch [5/100] | Total Loss: 1.1332 | Aux Loss: 0.2131 | Train Mixed Loss: 0.9202 (Base: 0.3172, Trend: 0.1578, DTW: 0.1483, TopK: 0.5605) | Val Mixed Loss (No Trend): 0.8131 (Base: 0.3152, DTW: 0.1463, TopK: 0.4892) | EMA Val Loss (No Trend): 0.822697 | LR: 1.99e-04
Saved new best weights to best_model_seed3.pth (EMA validation loss without trend: 0.822697).
Epoch [6/100] | Total Loss: 1.1208 | Aux Loss: 0.2095 | Train Mixed Loss: 0.9113 (Base: 0.3138, Trend: 0.1566, DTW: 0.1474, TopK: 0.5513) | Val Mixed Loss (No Trend): 0.8145 (Base: 0.3177, DTW: 0.1483, TopK: 0.4693) | EMA Val Loss (No Trend): 0.820643 | LR: 1.98e-04
Saved new best weights to best_model_seed3.pth (EMA validation loss without trend: 0.820643).
Epoch [7/100] | Total Loss: 1.1181 | Aux Loss: 0.2110 | Train Mixed Loss: 0.9071 (Base: 0.3124, Trend: 0.1576, DTW: 0.1459, TopK: 0.5524) | Val Mixed Loss (No Trend): 0.7804 (Base: 0.2973, DTW: 0.1380, TopK: 0.5060) | EMA Val Loss (No Trend): 0.810575 | LR: 1.98e-04
Saved new best weights to best_model_seed3.pth (EMA validation loss without trend: 0.810575).
Epoch [8/100] | Total Loss: 1.0961 | Aux Loss: 0.2045 | Train Mixed Loss: 0.8916 (Base: 0.3098, Trend: 0.1561, DTW: 0.1422, TopK: 0.5418) | Val Mixed Loss (No Trend): 0.7631 (Base: 0.2871, DTW: 0.1347, TopK: 0.5087) | EMA Val Loss (No Trend): 0.798709 | LR: 1.97e-04
Saved new best weights to best_model_seed3.pth (EMA validation loss without trend: 0.798709).
Epoch [9/100] | Total Loss: 1.0815 | Aux Loss: 0.2030 | Train Mixed Loss: 0.8785 (Base: 0.3055, Trend: 0.1547, DTW: 0.1394, TopK: 0.5373) | Val Mixed Loss (No Trend): 0.7928 (Base: 0.2978, DTW: 0.1471, TopK: 0.4734) | EMA Val Loss (No Trend): 0.797228 | LR: 1.96e-04
Saved new best weights to best_model_seed3.pth (EMA validation loss without trend: 0.797228).
Epoch [10/100] | Total Loss: 1.0736 | Aux Loss: 0.2030 | Train Mixed Loss: 0.8706 (Base: 0.3040, Trend: 0.1546, DTW: 0.1369, TopK: 0.5361) | Val Mixed Loss (No Trend): 0.7623 (Base: 0.2853, DTW: 0.1350, TopK: 0.5104) | EMA Val Loss (No Trend): 0.788497 | LR: 1.95e-04
Saved new best weights to best_model_seed3.pth (EMA validation loss without trend: 0.788497).
Epoch [11/100] | Total Loss: 1.0690 | Aux Loss: 0.2007 | Train Mixed Loss: 0.8683 (Base: 0.3025, Trend: 0.1544, DTW: 0.1366, TopK: 0.5359) | Val Mixed Loss (No Trend): 0.7656 (Base: 0.2952, DTW: 0.1344, TopK: 0.4931) | EMA Val Loss (No Trend): 0.782767 | LR: 1.94e-04
Saved new best weights to best_model_seed3.pth (EMA validation loss without trend: 0.782767).
Epoch [12/100] | Total Loss: 1.0535 | Aux Loss: 0.1995 | Train Mixed Loss: 0.8540 (Base: 0.2997, Trend: 0.1530, DTW: 0.1332, TopK: 0.5268) | Val Mixed Loss (No Trend): 0.7731 (Base: 0.2929, DTW: 0.1347, TopK: 0.5234) | EMA Val Loss (No Trend): 0.780343 | LR: 1.93e-04
Saved new best weights to best_model_seed3.pth (EMA validation loss without trend: 0.780343).
Epoch [13/100] | Total Loss: 1.0557 | Aux Loss: 0.1998 | Train Mixed Loss: 0.8559 (Base: 0.2997, Trend: 0.1532, DTW: 0.1335, TopK: 0.5304) | Val Mixed Loss (No Trend): 0.7450 (Base: 0.2851, DTW: 0.1297, TopK: 0.4958) | EMA Val Loss (No Trend): 0.771513 | LR: 1.92e-04
Saved new best weights to best_model_seed3.pth (EMA validation loss without trend: 0.771513).
Epoch [14/100] | Total Loss: 1.0487 | Aux Loss: 0.1980 | Train Mixed Loss: 0.8507 (Base: 0.2997, Trend: 0.1534, DTW: 0.1321, TopK: 0.5245) | Val Mixed Loss (No Trend): 0.7436 (Base: 0.2804, DTW: 0.1281, TopK: 0.5192) | EMA Val Loss (No Trend): 0.764543 | LR: 1.91e-04
Saved new best weights to best_model_seed3.pth (EMA validation loss without trend: 0.764543).
Epoch [15/100] | Total Loss: 1.0414 | Aux Loss: 0.1976 | Train Mixed Loss: 0.8439 (Base: 0.2965, Trend: 0.1521, DTW: 0.1312, TopK: 0.5211) | Val Mixed Loss (No Trend): 0.7464 (Base: 0.2866, DTW: 0.1311, TopK: 0.4836) | EMA Val Loss (No Trend): 0.760003 | LR: 1.89e-04
Saved new best weights to best_model_seed3.pth (EMA validation loss without trend: 0.760003).
Epoch [16/100] | Total Loss: 1.0396 | Aux Loss: 0.1949 | Train Mixed Loss: 0.8447 (Base: 0.2977, Trend: 0.1529, DTW: 0.1304, TopK: 0.5254) | Val Mixed Loss (No Trend): 0.7541 (Base: 0.2894, DTW: 0.1350, TopK: 0.4692) | EMA Val Loss (No Trend): 0.758533 | LR: 1.88e-04
Saved new best weights to best_model_seed3.pth (EMA validation loss without trend: 0.758533).
Epoch [17/100] | Total Loss: 1.0381 | Aux Loss: 0.1958 | Train Mixed Loss: 0.8423 (Base: 0.2970, Trend: 0.1533, DTW: 0.1298, TopK: 0.5234) | Val Mixed Loss (No Trend): 0.7686 (Base: 0.3025, DTW: 0.1370, TopK: 0.4574) | EMA Val Loss (No Trend): 0.761042 | LR: 1.86e-04
Epoch [18/100] | Total Loss: 1.0284 | Aux Loss: 0.1935 | Train Mixed Loss: 0.8349 (Base: 0.2956, Trend: 0.1528, DTW: 0.1280, TopK: 0.5187) | Val Mixed Loss (No Trend): 0.7631 (Base: 0.3046, DTW: 0.1353, TopK: 0.4457) | EMA Val Loss (No Trend): 0.761564 | LR: 1.85e-04
Epoch [19/100] | Total Loss: 1.0216 | Aux Loss: 0.1915 | Train Mixed Loss: 0.8301 (Base: 0.2946, Trend: 0.1529, DTW: 0.1266, TopK: 0.5173) | Val Mixed Loss (No Trend): 0.7391 (Base: 0.2841, DTW: 0.1291, TopK: 0.4841) | EMA Val Loss (No Trend): 0.755937 | LR: 1.83e-04
Saved new best weights to best_model_seed3.pth (EMA validation loss without trend: 0.755937).
Epoch [20/100] | Total Loss: 1.0203 | Aux Loss: 0.1916 | Train Mixed Loss: 0.8286 (Base: 0.2932, Trend: 0.1527, DTW: 0.1265, TopK: 0.5179) | Val Mixed Loss (No Trend): 0.7739 (Base: 0.3034, DTW: 0.1431, TopK: 0.4240) | EMA Val Loss (No Trend): 0.760435 | LR: 1.81e-04
Epoch [21/100] | Total Loss: 1.0215 | Aux Loss: 0.1921 | Train Mixed Loss: 0.8294 (Base: 0.2940, Trend: 0.1531, DTW: 0.1267, TopK: 0.5160) | Val Mixed Loss (No Trend): 0.7591 (Base: 0.2926, DTW: 0.1345, TopK: 0.4791) | EMA Val Loss (No Trend): 0.760102 | LR: 1.79e-04
Epoch [22/100] | Total Loss: 1.0102 | Aux Loss: 0.1898 | Train Mixed Loss: 0.8204 (Base: 0.2913, Trend: 0.1521, DTW: 0.1249, TopK: 0.5108) | Val Mixed Loss (No Trend): 0.7468 (Base: 0.2897, DTW: 0.1318, TopK: 0.4687) | EMA Val Loss (No Trend): 0.756770 | LR: 1.77e-04
Epoch [23/100] | Total Loss: 1.0068 | Aux Loss: 0.1885 | Train Mixed Loss: 0.8183 (Base: 0.2910, Trend: 0.1527, DTW: 0.1240, TopK: 0.5115) | Val Mixed Loss (No Trend): 0.7937 (Base: 0.3094, DTW: 0.1436, TopK: 0.4657) | EMA Val Loss (No Trend): 0.765995 | LR: 1.75e-04
Epoch [24/100] | Total Loss: 1.0045 | Aux Loss: 0.1895 | Train Mixed Loss: 0.8150 (Base: 0.2908, Trend: 0.1521, DTW: 0.1230, TopK: 0.5098) | Val Mixed Loss (No Trend): 0.7348 (Base: 0.2827, DTW: 0.1281, TopK: 0.4822) | EMA Val Loss (No Trend): 0.758189 | LR: 1.73e-04
Epoch [25/100] | Total Loss: 1.0024 | Aux Loss: 0.1868 | Train Mixed Loss: 0.8156 (Base: 0.2907, Trend: 0.1532, DTW: 0.1229, TopK: 0.5109) | Val Mixed Loss (No Trend): 0.7349 (Base: 0.2792, DTW: 0.1290, TopK: 0.4869) | EMA Val Loss (No Trend): 0.752370 | LR: 1.71e-04
Saved new best weights to best_model_seed3.pth (EMA validation loss without trend: 0.752370).
Epoch [26/100] | Total Loss: 0.9954 | Aux Loss: 0.1865 | Train Mixed Loss: 0.8089 (Base: 0.2875, Trend: 0.1518, DTW: 0.1220, TopK: 0.5092) | Val Mixed Loss (No Trend): 0.7417 (Base: 0.2829, DTW: 0.1294, TopK: 0.4944) | EMA Val Loss (No Trend): 0.749699 | LR: 1.69e-04
Saved new best weights to best_model_seed3.pth (EMA validation loss without trend: 0.749699).
Epoch [27/100] | Total Loss: 0.9981 | Aux Loss: 0.1860 | Train Mixed Loss: 0.8121 (Base: 0.2887, Trend: 0.1520, DTW: 0.1226, TopK: 0.5105) | Val Mixed Loss (No Trend): 0.7290 (Base: 0.2800, DTW: 0.1271, TopK: 0.4799) | EMA Val Loss (No Trend): 0.744515 | LR: 1.66e-04
Saved new best weights to best_model_seed3.pth (EMA validation loss without trend: 0.744515).
Epoch [28/100] | Total Loss: 0.9835 | Aux Loss: 0.1866 | Train Mixed Loss: 0.7969 (Base: 0.2853, Trend: 0.1513, DTW: 0.1188, TopK: 0.5030) | Val Mixed Loss (No Trend): 0.7313 (Base: 0.2856, DTW: 0.1282, TopK: 0.4600) | EMA Val Loss (No Trend): 0.741222 | LR: 1.64e-04
Saved new best weights to best_model_seed3.pth (EMA validation loss without trend: 0.741222).
Epoch [29/100] | Total Loss: 0.9864 | Aux Loss: 0.1869 | Train Mixed Loss: 0.7995 (Base: 0.2852, Trend: 0.1514, DTW: 0.1200, TopK: 0.5021) | Val Mixed Loss (No Trend): 0.7340 (Base: 0.2821, DTW: 0.1283, TopK: 0.4797) | EMA Val Loss (No Trend): 0.739418 | LR: 1.61e-04
Saved new best weights to best_model_seed3.pth (EMA validation loss without trend: 0.739418).
Epoch [30/100] | Total Loss: 0.9776 | Aux Loss: 0.1853 | Train Mixed Loss: 0.7923 (Base: 0.2835, Trend: 0.1507, DTW: 0.1182, TopK: 0.4992) | Val Mixed Loss (No Trend): 0.7265 (Base: 0.2821, DTW: 0.1274, TopK: 0.4623) | EMA Val Loss (No Trend): 0.736182 | LR: 1.59e-04
Saved new best weights to best_model_seed3.pth (EMA validation loss without trend: 0.736182).
Epoch [31/100] | Total Loss: 0.9775 | Aux Loss: 0.1847 | Train Mixed Loss: 0.7928 (Base: 0.2841, Trend: 0.1520, DTW: 0.1177, TopK: 0.5010) | Val Mixed Loss (No Trend): 0.7337 (Base: 0.2847, DTW: 0.1282, TopK: 0.4709) | EMA Val Loss (No Trend): 0.735562 | LR: 1.56e-04
Saved new best weights to best_model_seed3.pth (EMA validation loss without trend: 0.735562).
Epoch [32/100] | Total Loss: 0.9714 | Aux Loss: 0.1835 | Train Mixed Loss: 0.7879 (Base: 0.2833, Trend: 0.1516, DTW: 0.1162, TopK: 0.5001) | Val Mixed Loss (No Trend): 0.7645 (Base: 0.3042, DTW: 0.1360, TopK: 0.4464) | EMA Val Loss (No Trend): 0.742785 | LR: 1.54e-04
Epoch [33/100] | Total Loss: 0.9737 | Aux Loss: 0.1830 | Train Mixed Loss: 0.7907 (Base: 0.2841, Trend: 0.1517, DTW: 0.1172, TopK: 0.4978) | Val Mixed Loss (No Trend): 0.7409 (Base: 0.2836, DTW: 0.1326, TopK: 0.4631) | EMA Val Loss (No Trend): 0.742310 | LR: 1.51e-04
Epoch [34/100] | Total Loss: 0.9641 | Aux Loss: 0.1810 | Train Mixed Loss: 0.7831 (Base: 0.2815, Trend: 0.1513, DTW: 0.1157, TopK: 0.4937) | Val Mixed Loss (No Trend): 0.7294 (Base: 0.2798, DTW: 0.1269, TopK: 0.4833) | EMA Val Loss (No Trend): 0.739073 | LR: 1.48e-04
Epoch [35/100] | Total Loss: 0.9632 | Aux Loss: 0.1823 | Train Mixed Loss: 0.7808 (Base: 0.2812, Trend: 0.1520, DTW: 0.1146, TopK: 0.4954) | Val Mixed Loss (No Trend): 0.7395 (Base: 0.2864, DTW: 0.1281, TopK: 0.4855) | EMA Val Loss (No Trend): 0.739188 | LR: 1.46e-04
Epoch [36/100] | Total Loss: 0.9595 | Aux Loss: 0.1824 | Train Mixed Loss: 0.7771 (Base: 0.2802, Trend: 0.1515, DTW: 0.1139, TopK: 0.4927) | Val Mixed Loss (No Trend): 0.7472 (Base: 0.2924, DTW: 0.1320, TopK: 0.4602) | EMA Val Loss (No Trend): 0.741196 | LR: 1.43e-04
Epoch [37/100] | Total Loss: 0.9509 | Aux Loss: 0.1799 | Train Mixed Loss: 0.7710 (Base: 0.2785, Trend: 0.1510, DTW: 0.1127, TopK: 0.4887) | Val Mixed Loss (No Trend): 0.7307 (Base: 0.2816, DTW: 0.1276, TopK: 0.4766) | EMA Val Loss (No Trend): 0.738573 | LR: 1.40e-04
Epoch [38/100] | Total Loss: 0.9476 | Aux Loss: 0.1799 | Train Mixed Loss: 0.7677 (Base: 0.2772, Trend: 0.1503, DTW: 0.1119, TopK: 0.4894) | Val Mixed Loss (No Trend): 0.7449 (Base: 0.2877, DTW: 0.1324, TopK: 0.4646) | EMA Val Loss (No Trend): 0.740165 | LR: 1.37e-04
Epoch [39/100] | Total Loss: 0.9562 | Aux Loss: 0.1804 | Train Mixed Loss: 0.7758 (Base: 0.2799, Trend: 0.1520, DTW: 0.1136, TopK: 0.4906) | Val Mixed Loss (No Trend): 0.7174 (Base: 0.2783, DTW: 0.1258, TopK: 0.4566) | EMA Val Loss (No Trend): 0.734462 | LR: 1.34e-04
Saved new best weights to best_model_seed3.pth (EMA validation loss without trend: 0.734462).
Epoch [40/100] | Total Loss: 0.9473 | Aux Loss: 0.1802 | Train Mixed Loss: 0.7671 (Base: 0.2773, Trend: 0.1514, DTW: 0.1115, TopK: 0.4881) | Val Mixed Loss (No Trend): 0.7369 (Base: 0.2891, DTW: 0.1302, TopK: 0.4516) | EMA Val Loss (No Trend): 0.735077 | LR: 1.31e-04
Epoch [41/100] | Total Loss: 0.9412 | Aux Loss: 0.1787 | Train Mixed Loss: 0.7624 (Base: 0.2760, Trend: 0.1509, DTW: 0.1106, TopK: 0.4856) | Val Mixed Loss (No Trend): 0.7231 (Base: 0.2820, DTW: 0.1262, TopK: 0.4605) | EMA Val Loss (No Trend): 0.732072 | LR: 1.28e-04
Saved new best weights to best_model_seed3.pth (EMA validation loss without trend: 0.732072).
Epoch [42/100] | Total Loss: 0.9421 | Aux Loss: 0.1784 | Train Mixed Loss: 0.7636 (Base: 0.2765, Trend: 0.1516, DTW: 0.1105, TopK: 0.4873) | Val Mixed Loss (No Trend): 0.7245 (Base: 0.2816, DTW: 0.1257, TopK: 0.4710) | EMA Val Loss (No Trend): 0.730178 | LR: 1.25e-04
Saved new best weights to best_model_seed3.pth (EMA validation loss without trend: 0.730178).
Epoch [43/100] | Total Loss: 0.9341 | Aux Loss: 0.1783 | Train Mixed Loss: 0.7557 (Base: 0.2743, Trend: 0.1508, DTW: 0.1087, TopK: 0.4841) | Val Mixed Loss (No Trend): 0.7326 (Base: 0.2828, DTW: 0.1295, TopK: 0.4631) | EMA Val Loss (No Trend): 0.730777 | LR: 1.22e-04
Epoch [44/100] | Total Loss: 0.9332 | Aux Loss: 0.1779 | Train Mixed Loss: 0.7553 (Base: 0.2742, Trend: 0.1512, DTW: 0.1086, TopK: 0.4832) | Val Mixed Loss (No Trend): 0.7237 (Base: 0.2837, DTW: 0.1258, TopK: 0.4602) | EMA Val Loss (No Trend): 0.729006 | LR: 1.19e-04
Saved new best weights to best_model_seed3.pth (EMA validation loss without trend: 0.729006).
Epoch [45/100] | Total Loss: 0.9273 | Aux Loss: 0.1787 | Train Mixed Loss: 0.7486 (Base: 0.2715, Trend: 0.1503, DTW: 0.1077, TopK: 0.4778) | Val Mixed Loss (No Trend): 0.7272 (Base: 0.2827, DTW: 0.1273, TopK: 0.4629) | EMA Val Loss (No Trend): 0.728558 | LR: 1.16e-04
Saved new best weights to best_model_seed3.pth (EMA validation loss without trend: 0.728558).
Epoch [46/100] | Total Loss: 0.9306 | Aux Loss: 0.1772 | Train Mixed Loss: 0.7533 (Base: 0.2735, Trend: 0.1514, DTW: 0.1081, TopK: 0.4821) | Val Mixed Loss (No Trend): 0.7157 (Base: 0.2754, DTW: 0.1237, TopK: 0.4781) | EMA Val Loss (No Trend): 0.725349 | LR: 1.13e-04
Saved new best weights to best_model_seed3.pth (EMA validation loss without trend: 0.725349).
Epoch [47/100] | Total Loss: 0.9283 | Aux Loss: 0.1782 | Train Mixed Loss: 0.7500 (Base: 0.2725, Trend: 0.1511, DTW: 0.1074, TopK: 0.4805) | Val Mixed Loss (No Trend): 0.7103 (Base: 0.2765, DTW: 0.1251, TopK: 0.4451) | EMA Val Loss (No Trend): 0.721593 | LR: 1.10e-04
Saved new best weights to best_model_seed3.pth (EMA validation loss without trend: 0.721593).
Epoch [48/100] | Total Loss: 0.9249 | Aux Loss: 0.1763 | Train Mixed Loss: 0.7486 (Base: 0.2719, Trend: 0.1517, DTW: 0.1072, TopK: 0.4786) | Val Mixed Loss (No Trend): 0.7275 (Base: 0.2832, DTW: 0.1283, TopK: 0.4543) | EMA Val Loss (No Trend): 0.723076 | LR: 1.07e-04
Epoch [49/100] | Total Loss: 0.9194 | Aux Loss: 0.1761 | Train Mixed Loss: 0.7433 (Base: 0.2710, Trend: 0.1519, DTW: 0.1058, TopK: 0.4748) | Val Mixed Loss (No Trend): 0.7235 (Base: 0.2805, DTW: 0.1272, TopK: 0.4592) | EMA Val Loss (No Trend): 0.723184 | LR: 1.04e-04
Epoch [50/100] | Total Loss: 0.9139 | Aux Loss: 0.1761 | Train Mixed Loss: 0.7378 (Base: 0.2695, Trend: 0.1509, DTW: 0.1048, TopK: 0.4714) | Val Mixed Loss (No Trend): 0.7110 (Base: 0.2777, DTW: 0.1223, TopK: 0.4660) | EMA Val Loss (No Trend): 0.720129 | LR: 1.01e-04
Saved new best weights to best_model_seed3.pth (EMA validation loss without trend: 0.720129).
Epoch [51/100] | Total Loss: 0.9134 | Aux Loss: 0.1755 | Train Mixed Loss: 0.7379 (Base: 0.2687, Trend: 0.1504, DTW: 0.1049, TopK: 0.4743) | Val Mixed Loss (No Trend): 0.7252 (Base: 0.2823, DTW: 0.1259, TopK: 0.4690) | EMA Val Loss (No Trend): 0.721407 | LR: 9.74e-05
Epoch [52/100] | Total Loss: 0.9103 | Aux Loss: 0.1759 | Train Mixed Loss: 0.7344 (Base: 0.2684, Trend: 0.1507, DTW: 0.1043, TopK: 0.4683) | Val Mixed Loss (No Trend): 0.7090 (Base: 0.2731, DTW: 0.1220, TopK: 0.4767) | EMA Val Loss (No Trend): 0.718302 | LR: 9.43e-05
Saved new best weights to best_model_seed3.pth (EMA validation loss without trend: 0.718302).
Epoch [53/100] | Total Loss: 0.9059 | Aux Loss: 0.1754 | Train Mixed Loss: 0.7304 (Base: 0.2671, Trend: 0.1510, DTW: 0.1029, TopK: 0.4694) | Val Mixed Loss (No Trend): 0.7232 (Base: 0.2788, DTW: 0.1256, TopK: 0.4763) | EMA Val Loss (No Trend): 0.719514 | LR: 9.11e-05
Epoch [54/100] | Total Loss: 0.9042 | Aux Loss: 0.1751 | Train Mixed Loss: 0.7291 (Base: 0.2672, Trend: 0.1511, DTW: 0.1026, TopK: 0.4666) | Val Mixed Loss (No Trend): 0.7231 (Base: 0.2802, DTW: 0.1246, TopK: 0.4796) | EMA Val Loss (No Trend): 0.720414 | LR: 8.80e-05
Epoch [55/100] | Total Loss: 0.9022 | Aux Loss: 0.1737 | Train Mixed Loss: 0.7285 (Base: 0.2664, Trend: 0.1507, DTW: 0.1027, TopK: 0.4673) | Val Mixed Loss (No Trend): 0.7334 (Base: 0.2868, DTW: 0.1291, TopK: 0.4554) | EMA Val Loss (No Trend): 0.723656 | LR: 8.49e-05
Epoch [56/100] | Total Loss: 0.9049 | Aux Loss: 0.1733 | Train Mixed Loss: 0.7316 (Base: 0.2674, Trend: 0.1519, DTW: 0.1030, TopK: 0.4705) | Val Mixed Loss (No Trend): 0.7403 (Base: 0.2873, DTW: 0.1304, TopK: 0.4667) | EMA Val Loss (No Trend): 0.727819 | LR: 8.19e-05
Epoch [57/100] | Total Loss: 0.9012 | Aux Loss: 0.1734 | Train Mixed Loss: 0.7278 (Base: 0.2672, Trend: 0.1519, DTW: 0.1020, TopK: 0.4657) | Val Mixed Loss (No Trend): 0.7277 (Base: 0.2845, DTW: 0.1268, TopK: 0.4632) | EMA Val Loss (No Trend): 0.727778 | LR: 7.88e-05
Epoch [58/100] | Total Loss: 0.8960 | Aux Loss: 0.1735 | Train Mixed Loss: 0.7226 (Base: 0.2649, Trend: 0.1514, DTW: 0.1010, TopK: 0.4648) | Val Mixed Loss (No Trend): 0.7379 (Base: 0.2873, DTW: 0.1315, TopK: 0.4503) | EMA Val Loss (No Trend): 0.730310 | LR: 7.58e-05
Epoch [59/100] | Total Loss: 0.8967 | Aux Loss: 0.1744 | Train Mixed Loss: 0.7223 (Base: 0.2644, Trend: 0.1514, DTW: 0.1011, TopK: 0.4657) | Val Mixed Loss (No Trend): 0.7235 (Base: 0.2819, DTW: 0.1263, TopK: 0.4616) | EMA Val Loss (No Trend): 0.728604 | LR: 7.27e-05
Epoch [60/100] | Total Loss: 0.8876 | Aux Loss: 0.1718 | Train Mixed Loss: 0.7158 (Base: 0.2627, Trend: 0.1508, DTW: 0.0996, TopK: 0.4625) | Val Mixed Loss (No Trend): 0.7151 (Base: 0.2776, DTW: 0.1242, TopK: 0.4645) | EMA Val Loss (No Trend): 0.725226 | LR: 6.98e-05
Epoch [61/100] | Total Loss: 0.8836 | Aux Loss: 0.1725 | Train Mixed Loss: 0.7111 (Base: 0.2612, Trend: 0.1498, DTW: 0.0986, TopK: 0.4611) | Val Mixed Loss (No Trend): 0.7228 (Base: 0.2807, DTW: 0.1261, TopK: 0.4653) | EMA Val Loss (No Trend): 0.724629 | LR: 6.68e-05
Epoch [62/100] | Total Loss: 0.8864 | Aux Loss: 0.1718 | Train Mixed Loss: 0.7145 (Base: 0.2627, Trend: 0.1510, DTW: 0.0990, TopK: 0.4621) | Val Mixed Loss (No Trend): 0.7107 (Base: 0.2771, DTW: 0.1239, TopK: 0.4544) | EMA Val Loss (No Trend): 0.721154 | LR: 6.39e-05
Epoch [63/100] | Total Loss: 0.8816 | Aux Loss: 0.1728 | Train Mixed Loss: 0.7088 (Base: 0.2615, Trend: 0.1515, DTW: 0.0974, TopK: 0.4593) | Val Mixed Loss (No Trend): 0.7264 (Base: 0.2846, DTW: 0.1278, TopK: 0.4505) | EMA Val Loss (No Trend): 0.722462 | LR: 6.10e-05
Epoch [64/100] | Total Loss: 0.8794 | Aux Loss: 0.1723 | Train Mixed Loss: 0.7071 (Base: 0.2608, Trend: 0.1513, DTW: 0.0973, TopK: 0.4568) | Val Mixed Loss (No Trend): 0.7252 (Base: 0.2825, DTW: 0.1268, TopK: 0.4610) | EMA Val Loss (No Trend): 0.723152 | LR: 5.81e-05
Epoch [65/100] | Total Loss: 0.8722 | Aux Loss: 0.1726 | Train Mixed Loss: 0.6996 (Base: 0.2577, Trend: 0.1503, DTW: 0.0960, TopK: 0.4548) | Val Mixed Loss (No Trend): 0.7213 (Base: 0.2782, DTW: 0.1253, TopK: 0.4745) | EMA Val Loss (No Trend): 0.722699 | LR: 5.53e-05
Epoch [66/100] | Total Loss: 0.8736 | Aux Loss: 0.1714 | Train Mixed Loss: 0.7022 (Base: 0.2591, Trend: 0.1510, DTW: 0.0964, TopK: 0.4540) | Val Mixed Loss (No Trend): 0.7164 (Base: 0.2797, DTW: 0.1241, TopK: 0.4629) | EMA Val Loss (No Trend): 0.721131 | LR: 5.26e-05
Epoch [67/100] | Total Loss: 0.8696 | Aux Loss: 0.1725 | Train Mixed Loss: 0.6971 (Base: 0.2575, Trend: 0.1506, DTW: 0.0951, TopK: 0.4536) | Val Mixed Loss (No Trend): 0.7373 (Base: 0.2870, DTW: 0.1298, TopK: 0.4627) | EMA Val Loss (No Trend): 0.725164 | LR: 4.99e-05
Epoch [68/100] | Total Loss: 0.8726 | Aux Loss: 0.1711 | Train Mixed Loss: 0.7015 (Base: 0.2586, Trend: 0.1509, DTW: 0.0966, TopK: 0.4517) | Val Mixed Loss (No Trend): 0.7145 (Base: 0.2781, DTW: 0.1241, TopK: 0.4617) | EMA Val Loss (No Trend): 0.722493 | LR: 4.72e-05
Epoch [69/100] | Total Loss: 0.8697 | Aux Loss: 0.1720 | Train Mixed Loss: 0.6977 (Base: 0.2577, Trend: 0.1507, DTW: 0.0953, TopK: 0.4531) | Val Mixed Loss (No Trend): 0.7208 (Base: 0.2809, DTW: 0.1251, TopK: 0.4653) | EMA Val Loss (No Trend): 0.722072 | LR: 4.46e-05
Epoch [70/100] | Total Loss: 0.8645 | Aux Loss: 0.1718 | Train Mixed Loss: 0.6927 (Base: 0.2555, Trend: 0.1500, DTW: 0.0949, TopK: 0.4478) | Val Mixed Loss (No Trend): 0.7227 (Base: 0.2802, DTW: 0.1257, TopK: 0.4691) | EMA Val Loss (No Trend): 0.722222 | LR: 4.20e-05
Epoch [71/100] | Total Loss: 0.8625 | Aux Loss: 0.1707 | Train Mixed Loss: 0.6917 (Base: 0.2563, Trend: 0.1507, DTW: 0.0939, TopK: 0.4490) | Val Mixed Loss (No Trend): 0.7344 (Base: 0.2872, DTW: 0.1301, TopK: 0.4503) | EMA Val Loss (No Trend): 0.725274 | LR: 3.95e-05
Epoch [72/100] | Total Loss: 0.8606 | Aux Loss: 0.1700 | Train Mixed Loss: 0.6906 (Base: 0.2556, Trend: 0.1509, DTW: 0.0938, TopK: 0.4483) | Val Mixed Loss (No Trend): 0.7244 (Base: 0.2804, DTW: 0.1260, TopK: 0.4717) | EMA Val Loss (No Trend): 0.725048 | LR: 3.71e-05
Epoch [73/100] | Total Loss: 0.8604 | Aux Loss: 0.1696 | Train Mixed Loss: 0.6908 (Base: 0.2560, Trend: 0.1509, DTW: 0.0937, TopK: 0.4483) | Val Mixed Loss (No Trend): 0.7259 (Base: 0.2836, DTW: 0.1280, TopK: 0.4500) | EMA Val Loss (No Trend): 0.725255 | LR: 3.47e-05
Epoch [74/100] | Total Loss: 0.8605 | Aux Loss: 0.1704 | Train Mixed Loss: 0.6901 (Base: 0.2553, Trend: 0.1511, DTW: 0.0938, TopK: 0.4472) | Val Mixed Loss (No Trend): 0.7343 (Base: 0.2843, DTW: 0.1295, TopK: 0.4641) | EMA Val Loss (No Trend): 0.727526 | LR: 3.24e-05
Epoch [75/100] | Total Loss: 0.8512 | Aux Loss: 0.1710 | Train Mixed Loss: 0.6803 (Base: 0.2524, Trend: 0.1497, DTW: 0.0918, TopK: 0.4429) | Val Mixed Loss (No Trend): 0.7280 (Base: 0.2814, DTW: 0.1288, TopK: 0.4582) | EMA Val Loss (No Trend): 0.727637 | LR: 3.01e-05
Epoch [76/100] | Total Loss: 0.8537 | Aux Loss: 0.1702 | Train Mixed Loss: 0.6834 (Base: 0.2530, Trend: 0.1508, DTW: 0.0921, TopK: 0.4467) | Val Mixed Loss (No Trend): 0.7287 (Base: 0.2812, DTW: 0.1285, TopK: 0.4637) | EMA Val Loss (No Trend): 0.727898 | LR: 2.80e-05
Epoch [77/100] | Total Loss: 0.8523 | Aux Loss: 0.1698 | Train Mixed Loss: 0.6826 (Base: 0.2532, Trend: 0.1509, DTW: 0.0916, TopK: 0.4470) | Val Mixed Loss (No Trend): 0.7117 (Base: 0.2767, DTW: 0.1246, TopK: 0.4534) | EMA Val Loss (No Trend): 0.723851 | LR: 2.59e-05
Epoch [78/100] | Total Loss: 0.8569 | Aux Loss: 0.1694 | Train Mixed Loss: 0.6875 (Base: 0.2539, Trend: 0.1504, DTW: 0.0934, TopK: 0.4475) | Val Mixed Loss (No Trend): 0.7096 (Base: 0.2746, DTW: 0.1244, TopK: 0.4548) | EMA Val Loss (No Trend): 0.720276 | LR: 2.38e-05
Epoch [79/100] | Total Loss: 0.8504 | Aux Loss: 0.1697 | Train Mixed Loss: 0.6807 (Base: 0.2528, Trend: 0.1506, DTW: 0.0917, TopK: 0.4419) | Val Mixed Loss (No Trend): 0.7245 (Base: 0.2815, DTW: 0.1264, TopK: 0.4654) | EMA Val Loss (No Trend): 0.721342 | LR: 2.19e-05
Epoch [80/100] | Total Loss: 0.8455 | Aux Loss: 0.1703 | Train Mixed Loss: 0.6753 (Base: 0.2511, Trend: 0.1498, DTW: 0.0904, TopK: 0.4408) | Val Mixed Loss (No Trend): 0.7190 (Base: 0.2810, DTW: 0.1262, TopK: 0.4508) | EMA Val Loss (No Trend): 0.720768 | LR: 2.00e-05
Epoch [81/100] | Total Loss: 0.8461 | Aux Loss: 0.1691 | Train Mixed Loss: 0.6770 (Base: 0.2513, Trend: 0.1501, DTW: 0.0908, TopK: 0.4422) | Val Mixed Loss (No Trend): 0.7310 (Base: 0.2829, DTW: 0.1299, TopK: 0.4542) | EMA Val Loss (No Trend): 0.723335 | LR: 1.82e-05
Epoch [82/100] | Total Loss: 0.8462 | Aux Loss: 0.1705 | Train Mixed Loss: 0.6758 (Base: 0.2507, Trend: 0.1499, DTW: 0.0907, TopK: 0.4414) | Val Mixed Loss (No Trend): 0.7333 (Base: 0.2856, DTW: 0.1287, TopK: 0.4631) | EMA Val Loss (No Trend): 0.725819 | LR: 1.65e-05
Epoch [83/100] | Total Loss: 0.8431 | Aux Loss: 0.1700 | Train Mixed Loss: 0.6731 (Base: 0.2502, Trend: 0.1498, DTW: 0.0903, TopK: 0.4374) | Val Mixed Loss (No Trend): 0.7222 (Base: 0.2807, DTW: 0.1263, TopK: 0.4611) | EMA Val Loss (No Trend): 0.724926 | LR: 1.49e-05
Epoch [84/100] | Total Loss: 0.8430 | Aux Loss: 0.1696 | Train Mixed Loss: 0.6734 (Base: 0.2497, Trend: 0.1499, DTW: 0.0902, TopK: 0.4408) | Val Mixed Loss (No Trend): 0.7233 (Base: 0.2806, DTW: 0.1267, TopK: 0.4621) | EMA Val Loss (No Trend): 0.724509 | LR: 1.33e-05
Epoch [85/100] | Total Loss: 0.8459 | Aux Loss: 0.1695 | Train Mixed Loss: 0.6765 (Base: 0.2511, Trend: 0.1508, DTW: 0.0906, TopK: 0.4416) | Val Mixed Loss (No Trend): 0.7253 (Base: 0.2801, DTW: 0.1261, TopK: 0.4752) | EMA Val Loss (No Trend): 0.724698 | LR: 1.18e-05
Epoch [86/100] | Total Loss: 0.8405 | Aux Loss: 0.1676 | Train Mixed Loss: 0.6729 (Base: 0.2494, Trend: 0.1506, DTW: 0.0902, TopK: 0.4391) | Val Mixed Loss (No Trend): 0.7322 (Base: 0.2844, DTW: 0.1283, TopK: 0.4667) | EMA Val Loss (No Trend): 0.726578 | LR: 1.05e-05
Epoch [87/100] | Total Loss: 0.8349 | Aux Loss: 0.1713 | Train Mixed Loss: 0.6636 (Base: 0.2474, Trend: 0.1495, DTW: 0.0879, TopK: 0.4353) | Val Mixed Loss (No Trend): 0.7253 (Base: 0.2833, DTW: 0.1269, TopK: 0.4578) | EMA Val Loss (No Trend): 0.726248 | LR: 9.18e-06
Epoch [88/100] | Total Loss: 0.8461 | Aux Loss: 0.1699 | Train Mixed Loss: 0.6762 (Base: 0.2511, Trend: 0.1516, DTW: 0.0901, TopK: 0.4432) | Val Mixed Loss (No Trend): 0.7229 (Base: 0.2789, DTW: 0.1267, TopK: 0.4668) | EMA Val Loss (No Trend): 0.725423 | LR: 7.99e-06
Epoch [89/100] | Total Loss: 0.8356 | Aux Loss: 0.1676 | Train Mixed Loss: 0.6681 (Base: 0.2493, Trend: 0.1502, DTW: 0.0889, TopK: 0.4348) | Val Mixed Loss (No Trend): 0.7191 (Base: 0.2784, DTW: 0.1258, TopK: 0.4629) | EMA Val Loss (No Trend): 0.723844 | LR: 6.88e-06
Epoch [90/100] | Total Loss: 0.8476 | Aux Loss: 0.1671 | Train Mixed Loss: 0.6805 (Base: 0.2523, Trend: 0.1519, DTW: 0.0914, TopK: 0.4429) | Val Mixed Loss (No Trend): 0.7340 (Base: 0.2841, DTW: 0.1288, TopK: 0.4698) | EMA Val Loss (No Trend): 0.726396 | LR: 5.87e-06
Epoch [91/100] | Total Loss: 0.8376 | Aux Loss: 0.1692 | Train Mixed Loss: 0.6684 (Base: 0.2484, Trend: 0.1507, DTW: 0.0890, TopK: 0.4371) | Val Mixed Loss (No Trend): 0.7240 (Base: 0.2816, DTW: 0.1275, TopK: 0.4544) | EMA Val Loss (No Trend): 0.725801 | LR: 4.95e-06
Epoch [92/100] | Total Loss: 0.8355 | Aux Loss: 0.1685 | Train Mixed Loss: 0.6670 (Base: 0.2493, Trend: 0.1505, DTW: 0.0883, TopK: 0.4354) | Val Mixed Loss (No Trend): 0.7248 (Base: 0.2826, DTW: 0.1270, TopK: 0.4580) | EMA Val Loss (No Trend): 0.725554 | LR: 4.13e-06
Epoch [93/100] | Total Loss: 0.8338 | Aux Loss: 0.1685 | Train Mixed Loss: 0.6653 (Base: 0.2483, Trend: 0.1495, DTW: 0.0880, TopK: 0.4363) | Val Mixed Loss (No Trend): 0.7149 (Base: 0.2765, DTW: 0.1258, TopK: 0.4545) | EMA Val Loss (No Trend): 0.722887 | LR: 3.40e-06
Epoch [94/100] | Total Loss: 0.8352 | Aux Loss: 0.1683 | Train Mixed Loss: 0.6670 (Base: 0.2482, Trend: 0.1503, DTW: 0.0888, TopK: 0.4352) | Val Mixed Loss (No Trend): 0.7166 (Base: 0.2787, DTW: 0.1260, TopK: 0.4517) | EMA Val Loss (No Trend): 0.721322 | LR: 2.76e-06
Epoch [95/100] | Total Loss: 0.8402 | Aux Loss: 0.1693 | Train Mixed Loss: 0.6710 (Base: 0.2492, Trend: 0.1514, DTW: 0.0893, TopK: 0.4390) | Val Mixed Loss (No Trend): 0.7299 (Base: 0.2831, DTW: 0.1285, TopK: 0.4615) | EMA Val Loss (No Trend): 0.723476 | LR: 2.23e-06
Epoch [96/100] | Total Loss: 0.8386 | Aux Loss: 0.1684 | Train Mixed Loss: 0.6702 (Base: 0.2500, Trend: 0.1504, DTW: 0.0892, TopK: 0.4365) | Val Mixed Loss (No Trend): 0.7283 (Base: 0.2817, DTW: 0.1285, TopK: 0.4605) | EMA Val Loss (No Trend): 0.724694 | LR: 1.78e-06
Epoch [97/100] | Total Loss: 0.8283 | Aux Loss: 0.1693 | Train Mixed Loss: 0.6590 (Base: 0.2462, Trend: 0.1484, DTW: 0.0871, TopK: 0.4314) | Val Mixed Loss (No Trend): 0.7174 (Base: 0.2792, DTW: 0.1249, TopK: 0.4616) | EMA Val Loss (No Trend): 0.722875 | LR: 1.44e-06
Epoch [98/100] | Total Loss: 0.8368 | Aux Loss: 0.1683 | Train Mixed Loss: 0.6685 (Base: 0.2486, Trend: 0.1505, DTW: 0.0889, TopK: 0.4374) | Val Mixed Loss (No Trend): 0.7268 (Base: 0.2838, DTW: 0.1271, TopK: 0.4600) | EMA Val Loss (No Trend): 0.723848 | LR: 1.20e-06
Epoch [99/100] | Total Loss: 0.8360 | Aux Loss: 0.1682 | Train Mixed Loss: 0.6677 (Base: 0.2487, Trend: 0.1507, DTW: 0.0888, TopK: 0.4348) | Val Mixed Loss (No Trend): 0.7178 (Base: 0.2793, DTW: 0.1253, TopK: 0.4591) | EMA Val Loss (No Trend): 0.722330 | LR: 1.05e-06
Epoch [100/100] | Total Loss: 0.8386 | Aux Loss: 0.1687 | Train Mixed Loss: 0.6699 (Base: 0.2495, Trend: 0.1506, DTW: 0.0893, TopK: 0.4364) | Val Mixed Loss (No Trend): 0.7240 (Base: 0.2823, DTW: 0.1268, TopK: 0.4583) | EMA Val Loss (No Trend): 0.722755 | LR: 2.00e-04
