[*] Process seed: 3
Building static profile features from historical data...
[*] Total trainable parameters: 3,485,441
Epoch [1/100] | Train Mixed Loss (Trend, limit=2): 1.1282 (Base: 0.3557, DTW: 0.2040, TopK: 0.6185) | Val Mixed Loss (NoTrend, limit=2): 0.9407 (Base: 0.3352, DTW: 0.1872, TopK: 0.5204) | EMA NoTrend Loss: 0.940675 | LR: 2.00e-04
Epoch [2/100] | Train Mixed Loss (Trend, limit=2): 1.0389 (Base: 0.3424, DTW: 0.1766, TopK: 0.6106) | Val Mixed Loss (NoTrend, limit=2): 0.8746 (Base: 0.3202, DTW: 0.1627, TopK: 0.5464) | EMA NoTrend Loss: 0.924165 | LR: 2.00e-04
Epoch [3/100] | Train Mixed Loss (Trend, limit=2): 1.0098 (Base: 0.3365, DTW: 0.1680, TopK: 0.6040) | Val Mixed Loss (NoTrend, limit=2): 0.8635 (Base: 0.3212, DTW: 0.1550, TopK: 0.5677) | EMA NoTrend Loss: 0.909000 | LR: 2.00e-04
Epoch [4/100] | Train Mixed Loss (Trend, limit=2): 0.9886 (Base: 0.3327, DTW: 0.1617, TopK: 0.5982) | Val Mixed Loss (NoTrend, limit=2): 0.8488 (Base: 0.3202, DTW: 0.1552, TopK: 0.5207) | EMA NoTrend Loss: 0.893949 | LR: 1.99e-04
Epoch [5/100] | Train Mixed Loss (Trend, limit=2): 0.9759 (Base: 0.3305, DTW: 0.1575, TopK: 0.5970) | Val Mixed Loss (NoTrend, limit=2): 0.8395 (Base: 0.3148, DTW: 0.1543, TopK: 0.5149) | EMA NoTrend Loss: 0.880346 | LR: 1.99e-04
Epoch [6/100] | Train Mixed Loss (Trend, limit=2): 0.9513 (Base: 0.3244, DTW: 0.1522, TopK: 0.5833) | Val Mixed Loss (NoTrend, limit=2): 0.8380 (Base: 0.3227, DTW: 0.1510, TopK: 0.5096) | EMA NoTrend Loss: 0.869759 | LR: 1.98e-04
Epoch [7/100] | Train Mixed Loss (Trend, limit=2): 0.9452 (Base: 0.3228, DTW: 0.1502, TopK: 0.5859) | Val Mixed Loss (NoTrend, limit=2): 0.8012 (Base: 0.3029, DTW: 0.1426, TopK: 0.5204) | EMA NoTrend Loss: 0.852615 | LR: 1.98e-04
Epoch [8/100] | Train Mixed Loss (Trend, limit=2): 0.9392 (Base: 0.3216, DTW: 0.1487, TopK: 0.5825) | Val Mixed Loss (NoTrend, limit=2): 0.7942 (Base: 0.2978, DTW: 0.1385, TopK: 0.5463) | EMA NoTrend Loss: 0.838001 | LR: 1.97e-04
Epoch [9/100] | Train Mixed Loss (Trend, limit=2): 0.9274 (Base: 0.3190, DTW: 0.1458, TopK: 0.5764) | Val Mixed Loss (NoTrend, limit=2): 0.7927 (Base: 0.3021, DTW: 0.1384, TopK: 0.5283) | EMA NoTrend Loss: 0.826675 | LR: 1.96e-04
Epoch [10/100] | Train Mixed Loss (Trend, limit=2): 0.9181 (Base: 0.3160, DTW: 0.1434, TopK: 0.5759) | Val Mixed Loss (NoTrend, limit=2): 0.7939 (Base: 0.2972, DTW: 0.1360, TopK: 0.5672) | EMA NoTrend Loss: 0.818475 | LR: 1.95e-04
Epoch [11/100] | Train Mixed Loss (Trend, limit=2): 0.9137 (Base: 0.3155, DTW: 0.1423, TopK: 0.5722) | Val Mixed Loss (NoTrend, limit=2): 0.7807 (Base: 0.2988, DTW: 0.1313, TopK: 0.5559) | EMA NoTrend Loss: 0.809039 | LR: 1.94e-04
Epoch [12/100] | Train Mixed Loss (Trend, limit=2): 0.9062 (Base: 0.3133, DTW: 0.1406, TopK: 0.5684) | Val Mixed Loss (NoTrend, limit=2): 0.7883 (Base: 0.2995, DTW: 0.1400, TopK: 0.5091) | EMA NoTrend Loss: 0.803864 | LR: 1.93e-04
Epoch [13/100] | Train Mixed Loss (Trend, limit=2): 0.9040 (Base: 0.3135, DTW: 0.1399, TopK: 0.5675) | Val Mixed Loss (NoTrend, limit=2): 0.7977 (Base: 0.3075, DTW: 0.1413, TopK: 0.5039) | EMA NoTrend Loss: 0.802323 | LR: 1.92e-04
Epoch [14/100] | Train Mixed Loss (Trend, limit=2): 0.9006 (Base: 0.3132, DTW: 0.1386, TopK: 0.5664) | Val Mixed Loss (NoTrend, limit=2): 0.7948 (Base: 0.3066, DTW: 0.1400, TopK: 0.5077) | EMA NoTrend Loss: 0.800439 | LR: 1.91e-04
Epoch [15/100] | Train Mixed Loss (Trend, limit=2): 0.8945 (Base: 0.3110, DTW: 0.1375, TopK: 0.5639) | Val Mixed Loss (NoTrend, limit=2): 0.7990 (Base: 0.3099, DTW: 0.1442, TopK: 0.4770) | EMA NoTrend Loss: 0.800088 | LR: 1.89e-04
Epoch [16/100] | Train Mixed Loss (Trend, limit=2): 0.8830 (Base: 0.3080, DTW: 0.1351, TopK: 0.5575) | Val Mixed Loss (NoTrend, limit=2): 0.7814 (Base: 0.2965, DTW: 0.1370, TopK: 0.5202) | EMA NoTrend Loss: 0.795414 | LR: 1.88e-04
Epoch [17/100] | Train Mixed Loss (Trend, limit=2): 0.8874 (Base: 0.3093, DTW: 0.1354, TopK: 0.5620) | Val Mixed Loss (NoTrend, limit=2): 0.7906 (Base: 0.3059, DTW: 0.1404, TopK: 0.4924) | EMA NoTrend Loss: 0.794212 | LR: 1.86e-04
Epoch [18/100] | Train Mixed Loss (Trend, limit=2): 0.8828 (Base: 0.3085, DTW: 0.1345, TopK: 0.5578) | Val Mixed Loss (NoTrend, limit=2): 0.7808 (Base: 0.2962, DTW: 0.1385, TopK: 0.5069) | EMA NoTrend Loss: 0.790847 | LR: 1.85e-04
Epoch [19/100] | Train Mixed Loss (Trend, limit=2): 0.8792 (Base: 0.3069, DTW: 0.1340, TopK: 0.5563) | Val Mixed Loss (NoTrend, limit=2): 0.7744 (Base: 0.2915, DTW: 0.1365, TopK: 0.5182) | EMA NoTrend Loss: 0.786743 | LR: 1.83e-04
Epoch [20/100] | Train Mixed Loss (Trend, limit=2): 0.8757 (Base: 0.3059, DTW: 0.1329, TopK: 0.5561) | Val Mixed Loss (NoTrend, limit=2): 0.7753 (Base: 0.2976, DTW: 0.1371, TopK: 0.4959) | EMA NoTrend Loss: 0.783894 | LR: 1.81e-04
Epoch [21/100] | Train Mixed Loss (Trend, limit=2): 0.8724 (Base: 0.3058, DTW: 0.1321, TopK: 0.5519) | Val Mixed Loss (NoTrend, limit=2): 0.7594 (Base: 0.2896, DTW: 0.1313, TopK: 0.5155) | EMA NoTrend Loss: 0.777783 | LR: 1.79e-04
Epoch [22/100] | Train Mixed Loss (Trend, limit=2): 0.8644 (Base: 0.3036, DTW: 0.1304, TopK: 0.5465) | Val Mixed Loss (NoTrend, limit=2): 0.7601 (Base: 0.2902, DTW: 0.1299, TopK: 0.5272) | EMA NoTrend Loss: 0.773357 | LR: 1.77e-04
Epoch [23/100] | Train Mixed Loss (Trend, limit=2): 0.8643 (Base: 0.3027, DTW: 0.1306, TopK: 0.5493) | Val Mixed Loss (NoTrend, limit=2): 0.7866 (Base: 0.3015, DTW: 0.1410, TopK: 0.4891) | EMA NoTrend Loss: 0.776668 | LR: 1.75e-04
Epoch [24/100] | Train Mixed Loss (Trend, limit=2): 0.8600 (Base: 0.3019, DTW: 0.1295, TopK: 0.5478) | Val Mixed Loss (NoTrend, limit=2): 0.7643 (Base: 0.2953, DTW: 0.1336, TopK: 0.4943) | EMA NoTrend Loss: 0.773568 | LR: 1.73e-04
Epoch [25/100] | Train Mixed Loss (Trend, limit=2): 0.8538 (Base: 0.2996, DTW: 0.1283, TopK: 0.5458) | Val Mixed Loss (NoTrend, limit=2): 0.7525 (Base: 0.2866, DTW: 0.1295, TopK: 0.5171) | EMA NoTrend Loss: 0.768301 | LR: 1.71e-04
Epoch [26/100] | Train Mixed Loss (Trend, limit=2): 0.8518 (Base: 0.2995, DTW: 0.1277, TopK: 0.5432) | Val Mixed Loss (NoTrend, limit=2): 0.7790 (Base: 0.3016, DTW: 0.1375, TopK: 0.4909) | EMA NoTrend Loss: 0.770965 | LR: 1.69e-04
Epoch [27/100] | Train Mixed Loss (Trend, limit=2): 0.8479 (Base: 0.2986, DTW: 0.1266, TopK: 0.5414) | Val Mixed Loss (NoTrend, limit=2): 0.7486 (Base: 0.2821, DTW: 0.1294, TopK: 0.5200) | EMA NoTrend Loss: 0.765376 | LR: 1.66e-04
Epoch [28/100] | Train Mixed Loss (Trend, limit=2): 0.8485 (Base: 0.2992, DTW: 0.1263, TopK: 0.5433) | Val Mixed Loss (NoTrend, limit=2): 0.7614 (Base: 0.2922, DTW: 0.1338, TopK: 0.4940) | EMA NoTrend Loss: 0.764378 | LR: 1.64e-04
Epoch [29/100] | Train Mixed Loss (Trend, limit=2): 0.8453 (Base: 0.2985, DTW: 0.1258, TopK: 0.5387) | Val Mixed Loss (NoTrend, limit=2): 0.7685 (Base: 0.3009, DTW: 0.1353, TopK: 0.4760) | EMA NoTrend Loss: 0.765398 | LR: 1.61e-04
Epoch [30/100] | Train Mixed Loss (Trend, limit=2): 0.8397 (Base: 0.2972, DTW: 0.1244, TopK: 0.5373) | Val Mixed Loss (NoTrend, limit=2): 0.7649 (Base: 0.2988, DTW: 0.1328, TopK: 0.4914) | EMA NoTrend Loss: 0.765280 | LR: 1.59e-04
Epoch [31/100] | Train Mixed Loss (Trend, limit=2): 0.8374 (Base: 0.2964, DTW: 0.1242, TopK: 0.5351) | Val Mixed Loss (NoTrend, limit=2): 0.7593 (Base: 0.2883, DTW: 0.1341, TopK: 0.4968) | EMA NoTrend Loss: 0.763775 | LR: 1.56e-04
Epoch [32/100] | Train Mixed Loss (Trend, limit=2): 0.8343 (Base: 0.2955, DTW: 0.1235, TopK: 0.5335) | Val Mixed Loss (NoTrend, limit=2): 0.7549 (Base: 0.2934, DTW: 0.1309, TopK: 0.4914) | EMA NoTrend Loss: 0.761548 | LR: 1.54e-04
Epoch [33/100] | Train Mixed Loss (Trend, limit=2): 0.8323 (Base: 0.2952, DTW: 0.1228, TopK: 0.5330) | Val Mixed Loss (NoTrend, limit=2): 0.7643 (Base: 0.2956, DTW: 0.1331, TopK: 0.4975) | EMA NoTrend Loss: 0.762234 | LR: 1.51e-04
Epoch [34/100] | Train Mixed Loss (Trend, limit=2): 0.8253 (Base: 0.2926, DTW: 0.1220, TopK: 0.5267) | Val Mixed Loss (NoTrend, limit=2): 0.7643 (Base: 0.2956, DTW: 0.1346, TopK: 0.4859) | EMA NoTrend Loss: 0.762754 | LR: 1.48e-04
Epoch [35/100] | Train Mixed Loss (Trend, limit=2): 0.8257 (Base: 0.2937, DTW: 0.1213, TopK: 0.5289) | Val Mixed Loss (NoTrend, limit=2): 0.7573 (Base: 0.2883, DTW: 0.1312, TopK: 0.5137) | EMA NoTrend Loss: 0.761385 | LR: 1.46e-04
Epoch [36/100] | Train Mixed Loss (Trend, limit=2): 0.8203 (Base: 0.2920, DTW: 0.1206, TopK: 0.5245) | Val Mixed Loss (NoTrend, limit=2): 0.7631 (Base: 0.2957, DTW: 0.1336, TopK: 0.4894) | EMA NoTrend Loss: 0.761823 | LR: 1.43e-04
Epoch [37/100] | Train Mixed Loss (Trend, limit=2): 0.8175 (Base: 0.2913, DTW: 0.1199, TopK: 0.5233) | Val Mixed Loss (NoTrend, limit=2): 0.7636 (Base: 0.2926, DTW: 0.1327, TopK: 0.5085) | EMA NoTrend Loss: 0.762263 | LR: 1.40e-04
Epoch [38/100] | Train Mixed Loss (Trend, limit=2): 0.8181 (Base: 0.2916, DTW: 0.1197, TopK: 0.5235) | Val Mixed Loss (NoTrend, limit=2): 0.7590 (Base: 0.2910, DTW: 0.1330, TopK: 0.4961) | EMA NoTrend Loss: 0.761451 | LR: 1.37e-04
Epoch [39/100] | Train Mixed Loss (Trend, limit=2): 0.8134 (Base: 0.2896, DTW: 0.1189, TopK: 0.5228) | Val Mixed Loss (NoTrend, limit=2): 0.7563 (Base: 0.2909, DTW: 0.1324, TopK: 0.4927) | EMA NoTrend Loss: 0.760165 | LR: 1.34e-04
Epoch [40/100] | Train Mixed Loss (Trend, limit=2): 0.8105 (Base: 0.2890, DTW: 0.1184, TopK: 0.5205) | Val Mixed Loss (NoTrend, limit=2): 0.7560 (Base: 0.2890, DTW: 0.1342, TopK: 0.4831) | EMA NoTrend Loss: 0.759128 | LR: 1.31e-04
Epoch [41/100] | Train Mixed Loss (Trend, limit=2): 0.8091 (Base: 0.2888, DTW: 0.1177, TopK: 0.5204) | Val Mixed Loss (NoTrend, limit=2): 0.7594 (Base: 0.2948, DTW: 0.1333, TopK: 0.4826) | EMA NoTrend Loss: 0.759208 | LR: 1.28e-04
Epoch [42/100] | Train Mixed Loss (Trend, limit=2): 0.8071 (Base: 0.2887, DTW: 0.1173, TopK: 0.5181) | Val Mixed Loss (NoTrend, limit=2): 0.7499 (Base: 0.2854, DTW: 0.1319, TopK: 0.4934) | EMA NoTrend Loss: 0.756890 | LR: 1.25e-04
Epoch [43/100] | Train Mixed Loss (Trend, limit=2): 0.8018 (Base: 0.2877, DTW: 0.1163, TopK: 0.5127) | Val Mixed Loss (NoTrend, limit=2): 0.7663 (Base: 0.2973, DTW: 0.1359, TopK: 0.4759) | EMA NoTrend Loss: 0.759243 | LR: 1.22e-04
Epoch [44/100] | Train Mixed Loss (Trend, limit=2): 0.8018 (Base: 0.2865, DTW: 0.1165, TopK: 0.5146) | Val Mixed Loss (NoTrend, limit=2): 0.7782 (Base: 0.3036, DTW: 0.1396, TopK: 0.4649) | EMA NoTrend Loss: 0.763988 | LR: 1.19e-04
Epoch [45/100] | Train Mixed Loss (Trend, limit=2): 0.7958 (Base: 0.2858, DTW: 0.1148, TopK: 0.5105) | Val Mixed Loss (NoTrend, limit=2): 0.7508 (Base: 0.2868, DTW: 0.1314, TopK: 0.4956) | EMA NoTrend Loss: 0.760698 | LR: 1.16e-04
Epoch [46/100] | Train Mixed Loss (Trend, limit=2): 0.7969 (Base: 0.2858, DTW: 0.1152, TopK: 0.5114) | Val Mixed Loss (NoTrend, limit=2): 0.7497 (Base: 0.2862, DTW: 0.1320, TopK: 0.4888) | EMA NoTrend Loss: 0.757943 | LR: 1.13e-04
Epoch [47/100] | Train Mixed Loss (Trend, limit=2): 0.7928 (Base: 0.2848, DTW: 0.1140, TopK: 0.5117) | Val Mixed Loss (NoTrend, limit=2): 0.7598 (Base: 0.2929, DTW: 0.1333, TopK: 0.4900) | EMA NoTrend Loss: 0.758402 | LR: 1.10e-04
Epoch [48/100] | Train Mixed Loss (Trend, limit=2): 0.7856 (Base: 0.2824, DTW: 0.1130, TopK: 0.5050) | Val Mixed Loss (NoTrend, limit=2): 0.7618 (Base: 0.2930, DTW: 0.1349, TopK: 0.4834) | EMA NoTrend Loss: 0.759256 | LR: 1.07e-04
Epoch [49/100] | Train Mixed Loss (Trend, limit=2): 0.7889 (Base: 0.2836, DTW: 0.1134, TopK: 0.5076) | Val Mixed Loss (NoTrend, limit=2): 0.7645 (Base: 0.2936, DTW: 0.1349, TopK: 0.4904) | EMA NoTrend Loss: 0.760578 | LR: 1.04e-04
Epoch [50/100] | Train Mixed Loss (Trend, limit=2): 0.7913 (Base: 0.2842, DTW: 0.1137, TopK: 0.5102) | Val Mixed Loss (NoTrend, limit=2): 0.7755 (Base: 0.2998, DTW: 0.1382, TopK: 0.4797) | EMA NoTrend Loss: 0.764300 | LR: 1.00e-04
Epoch [51/100] | Train Mixed Loss (Trend, limit=2): 0.7817 (Base: 0.2815, DTW: 0.1115, TopK: 0.5071) | Val Mixed Loss (NoTrend, limit=2): 0.7532 (Base: 0.2848, DTW: 0.1320, TopK: 0.5048) | EMA NoTrend Loss: 0.761520 | LR: 9.74e-05
Epoch [52/100] | Train Mixed Loss (Trend, limit=2): 0.7787 (Base: 0.2803, DTW: 0.1112, TopK: 0.5038) | Val Mixed Loss (NoTrend, limit=2): 0.7665 (Base: 0.2982, DTW: 0.1370, TopK: 0.4652) | EMA NoTrend Loss: 0.762765 | LR: 9.43e-05
Epoch [53/100] | Train Mixed Loss (Trend, limit=2): 0.7784 (Base: 0.2813, DTW: 0.1107, TopK: 0.5020) | Val Mixed Loss (NoTrend, limit=2): 0.7547 (Base: 0.2899, DTW: 0.1331, TopK: 0.4849) | EMA NoTrend Loss: 0.760751 | LR: 9.11e-05
Epoch [54/100] | Train Mixed Loss (Trend, limit=2): 0.7734 (Base: 0.2792, DTW: 0.1097, TopK: 0.5009) | Val Mixed Loss (NoTrend, limit=2): 0.7590 (Base: 0.2931, DTW: 0.1349, TopK: 0.4743) | EMA NoTrend Loss: 0.760318 | LR: 8.80e-05
Epoch [55/100] | Train Mixed Loss (Trend, limit=2): 0.7715 (Base: 0.2787, DTW: 0.1093, TopK: 0.5003) | Val Mixed Loss (NoTrend, limit=2): 0.7709 (Base: 0.2958, DTW: 0.1367, TopK: 0.4904) | EMA NoTrend Loss: 0.762960 | LR: 8.49e-05
Epoch [56/100] | Train Mixed Loss (Trend, limit=2): 0.7738 (Base: 0.2795, DTW: 0.1098, TopK: 0.5009) | Val Mixed Loss (NoTrend, limit=2): 0.7742 (Base: 0.2987, DTW: 0.1392, TopK: 0.4720) | EMA NoTrend Loss: 0.765779 | LR: 8.19e-05
Epoch [57/100] | Train Mixed Loss (Trend, limit=2): 0.7694 (Base: 0.2779, DTW: 0.1090, TopK: 0.4986) | Val Mixed Loss (NoTrend, limit=2): 0.7635 (Base: 0.2922, DTW: 0.1362, TopK: 0.4812) | EMA NoTrend Loss: 0.765208 | LR: 7.88e-05
Epoch [58/100] | Train Mixed Loss (Trend, limit=2): 0.7655 (Base: 0.2774, DTW: 0.1076, TopK: 0.4984) | Val Mixed Loss (NoTrend, limit=2): 0.7729 (Base: 0.2987, DTW: 0.1372, TopK: 0.4828) | EMA NoTrend Loss: 0.767139 | LR: 7.58e-05
Epoch [59/100] | Train Mixed Loss (Trend, limit=2): 0.7647 (Base: 0.2768, DTW: 0.1079, TopK: 0.4955) | Val Mixed Loss (NoTrend, limit=2): 0.7586 (Base: 0.2914, DTW: 0.1340, TopK: 0.4850) | EMA NoTrend Loss: 0.764999 | LR: 7.27e-05
Epoch [60/100] | Train Mixed Loss (Trend, limit=2): 0.7611 (Base: 0.2754, DTW: 0.1075, TopK: 0.4922) | Val Mixed Loss (NoTrend, limit=2): 0.7582 (Base: 0.2906, DTW: 0.1347, TopK: 0.4808) | EMA NoTrend Loss: 0.763306 | LR: 6.98e-05
Epoch [61/100] | Train Mixed Loss (Trend, limit=2): 0.7567 (Base: 0.2751, DTW: 0.1061, TopK: 0.4910) | Val Mixed Loss (NoTrend, limit=2): 0.7528 (Base: 0.2911, DTW: 0.1330, TopK: 0.4744) | EMA NoTrend Loss: 0.760672 | LR: 6.68e-05
Epoch [62/100] | Train Mixed Loss (Trend, limit=2): 0.7585 (Base: 0.2755, DTW: 0.1063, TopK: 0.4924) | Val Mixed Loss (NoTrend, limit=2): 0.7574 (Base: 0.2903, DTW: 0.1343, TopK: 0.4821) | EMA NoTrend Loss: 0.759850 | LR: 6.39e-05
Epoch [63/100] | Train Mixed Loss (Trend, limit=2): 0.7526 (Base: 0.2737, DTW: 0.1051, TopK: 0.4891) | Val Mixed Loss (NoTrend, limit=2): 0.7633 (Base: 0.2932, DTW: 0.1360, TopK: 0.4794) | EMA NoTrend Loss: 0.760724 | LR: 6.10e-05
Epoch [64/100] | Train Mixed Loss (Trend, limit=2): 0.7551 (Base: 0.2745, DTW: 0.1056, TopK: 0.4900) | Val Mixed Loss (NoTrend, limit=2): 0.7830 (Base: 0.3013, DTW: 0.1417, TopK: 0.4719) | EMA NoTrend Loss: 0.766282 | LR: 5.81e-05
Epoch [65/100] | Train Mixed Loss (Trend, limit=2): 0.7527 (Base: 0.2734, DTW: 0.1053, TopK: 0.4886) | Val Mixed Loss (NoTrend, limit=2): 0.7770 (Base: 0.2979, DTW: 0.1399, TopK: 0.4778) | EMA NoTrend Loss: 0.768969 | LR: 5.53e-05
Epoch [66/100] | Train Mixed Loss (Trend, limit=2): 0.7442 (Base: 0.2713, DTW: 0.1036, TopK: 0.4831) | Val Mixed Loss (NoTrend, limit=2): 0.7695 (Base: 0.2954, DTW: 0.1381, TopK: 0.4752) | EMA NoTrend Loss: 0.769098 | LR: 5.26e-05
Epoch [67/100] | Train Mixed Loss (Trend, limit=2): 0.7477 (Base: 0.2718, DTW: 0.1040, TopK: 0.4875) | Val Mixed Loss (NoTrend, limit=2): 0.7538 (Base: 0.2876, DTW: 0.1332, TopK: 0.4881) | EMA NoTrend Loss: 0.765273 | LR: 4.99e-05
Epoch [68/100] | Train Mixed Loss (Trend, limit=2): 0.7453 (Base: 0.2714, DTW: 0.1035, TopK: 0.4857) | Val Mixed Loss (NoTrend, limit=2): 0.7584 (Base: 0.2916, DTW: 0.1352, TopK: 0.4744) | EMA NoTrend Loss: 0.763545 | LR: 4.72e-05
Epoch [69/100] | Train Mixed Loss (Trend, limit=2): 0.7396 (Base: 0.2697, DTW: 0.1023, TopK: 0.4831) | Val Mixed Loss (NoTrend, limit=2): 0.7584 (Base: 0.2919, DTW: 0.1348, TopK: 0.4770) | EMA NoTrend Loss: 0.762263 | LR: 4.46e-05
Epoch [70/100] | Train Mixed Loss (Trend, limit=2): 0.7445 (Base: 0.2718, DTW: 0.1031, TopK: 0.4844) | Val Mixed Loss (NoTrend, limit=2): 0.7605 (Base: 0.2894, DTW: 0.1347, TopK: 0.4924) | EMA NoTrend Loss: 0.761831 | LR: 4.20e-05
Epoch [71/100] | Train Mixed Loss (Trend, limit=2): 0.7438 (Base: 0.2714, DTW: 0.1028, TopK: 0.4850) | Val Mixed Loss (NoTrend, limit=2): 0.7640 (Base: 0.2924, DTW: 0.1364, TopK: 0.4813) | EMA NoTrend Loss: 0.762385 | LR: 3.95e-05
Epoch [72/100] | Train Mixed Loss (Trend, limit=2): 0.7404 (Base: 0.2700, DTW: 0.1023, TopK: 0.4830) | Val Mixed Loss (NoTrend, limit=2): 0.7592 (Base: 0.2899, DTW: 0.1342, TopK: 0.4905) | EMA NoTrend Loss: 0.761581 | LR: 3.71e-05
Epoch [73/100] | Train Mixed Loss (Trend, limit=2): 0.7357 (Base: 0.2686, DTW: 0.1016, TopK: 0.4789) | Val Mixed Loss (NoTrend, limit=2): 0.7801 (Base: 0.2981, DTW: 0.1414, TopK: 0.4756) | EMA NoTrend Loss: 0.766209 | LR: 3.47e-05
Epoch [74/100] | Train Mixed Loss (Trend, limit=2): 0.7371 (Base: 0.2695, DTW: 0.1016, TopK: 0.4805) | Val Mixed Loss (NoTrend, limit=2): 0.7578 (Base: 0.2908, DTW: 0.1343, TopK: 0.4825) | EMA NoTrend Loss: 0.764099 | LR: 3.24e-05
Epoch [75/100] | Train Mixed Loss (Trend, limit=2): 0.7327 (Base: 0.2689, DTW: 0.1006, TopK: 0.4762) | Val Mixed Loss (NoTrend, limit=2): 0.7744 (Base: 0.2986, DTW: 0.1376, TopK: 0.4848) | EMA NoTrend Loss: 0.766685 | LR: 3.01e-05
Epoch [76/100] | Train Mixed Loss (Trend, limit=2): 0.7349 (Base: 0.2688, DTW: 0.1010, TopK: 0.4798) | Val Mixed Loss (NoTrend, limit=2): 0.7666 (Base: 0.2924, DTW: 0.1368, TopK: 0.4864) | EMA NoTrend Loss: 0.766651 | LR: 2.80e-05
Epoch [77/100] | Train Mixed Loss (Trend, limit=2): 0.7323 (Base: 0.2680, DTW: 0.1009, TopK: 0.4764) | Val Mixed Loss (NoTrend, limit=2): 0.7641 (Base: 0.2924, DTW: 0.1368, TopK: 0.4779) | EMA NoTrend Loss: 0.766002 | LR: 2.59e-05
Epoch [78/100] | Train Mixed Loss (Trend, limit=2): 0.7263 (Base: 0.2658, DTW: 0.0996, TopK: 0.4749) | Val Mixed Loss (NoTrend, limit=2): 0.7642 (Base: 0.2953, DTW: 0.1358, TopK: 0.4763) | EMA NoTrend Loss: 0.765556 | LR: 2.38e-05
Epoch [79/100] | Train Mixed Loss (Trend, limit=2): 0.7285 (Base: 0.2675, DTW: 0.0993, TopK: 0.4760) | Val Mixed Loss (NoTrend, limit=2): 0.7655 (Base: 0.2926, DTW: 0.1366, TopK: 0.4835) | EMA NoTrend Loss: 0.765546 | LR: 2.19e-05
Epoch [80/100] | Train Mixed Loss (Trend, limit=2): 0.7242 (Base: 0.2660, DTW: 0.0987, TopK: 0.4728) | Val Mixed Loss (NoTrend, limit=2): 0.7728 (Base: 0.2947, DTW: 0.1381, TopK: 0.4894) | EMA NoTrend Loss: 0.767364 | LR: 2.00e-05
Epoch [81/100] | Train Mixed Loss (Trend, limit=2): 0.7279 (Base: 0.2664, DTW: 0.0997, TopK: 0.4760) | Val Mixed Loss (NoTrend, limit=2): 0.7594 (Base: 0.2914, DTW: 0.1350, TopK: 0.4805) | EMA NoTrend Loss: 0.765382 | LR: 1.82e-05
Epoch [82/100] | Train Mixed Loss (Trend, limit=2): 0.7266 (Base: 0.2664, DTW: 0.0992, TopK: 0.4755) | Val Mixed Loss (NoTrend, limit=2): 0.7732 (Base: 0.2968, DTW: 0.1392, TopK: 0.4749) | EMA NoTrend Loss: 0.767340 | LR: 1.65e-05
Epoch [83/100] | Train Mixed Loss (Trend, limit=2): 0.7207 (Base: 0.2642, DTW: 0.0983, TopK: 0.4714) | Val Mixed Loss (NoTrend, limit=2): 0.7693 (Base: 0.2937, DTW: 0.1384, TopK: 0.4780) | EMA NoTrend Loss: 0.767829 | LR: 1.49e-05
Epoch [84/100] | Train Mixed Loss (Trend, limit=2): 0.7256 (Base: 0.2653, DTW: 0.0992, TopK: 0.4760) | Val Mixed Loss (NoTrend, limit=2): 0.7693 (Base: 0.2919, DTW: 0.1375, TopK: 0.4913) | EMA NoTrend Loss: 0.768204 | LR: 1.33e-05
Epoch [85/100] | Train Mixed Loss (Trend, limit=2): 0.7210 (Base: 0.2649, DTW: 0.0981, TopK: 0.4707) | Val Mixed Loss (NoTrend, limit=2): 0.7712 (Base: 0.2950, DTW: 0.1384, TopK: 0.4798) | EMA NoTrend Loss: 0.768947 | LR: 1.18e-05
Epoch [86/100] | Train Mixed Loss (Trend, limit=2): 0.7244 (Base: 0.2650, DTW: 0.0988, TopK: 0.4754) | Val Mixed Loss (NoTrend, limit=2): 0.7721 (Base: 0.2969, DTW: 0.1387, TopK: 0.4747) | EMA NoTrend Loss: 0.769744 | LR: 1.05e-05
Epoch [87/100] | Train Mixed Loss (Trend, limit=2): 0.7180 (Base: 0.2638, DTW: 0.0974, TopK: 0.4711) | Val Mixed Loss (NoTrend, limit=2): 0.7699 (Base: 0.2951, DTW: 0.1382, TopK: 0.4764) | EMA NoTrend Loss: 0.769774 | LR: 9.18e-06
Epoch [88/100] | Train Mixed Loss (Trend, limit=2): 0.7233 (Base: 0.2654, DTW: 0.0986, TopK: 0.4725) | Val Mixed Loss (NoTrend, limit=2): 0.7631 (Base: 0.2925, DTW: 0.1360, TopK: 0.4804) | EMA NoTrend Loss: 0.768095 | LR: 7.99e-06
Epoch [89/100] | Train Mixed Loss (Trend, limit=2): 0.7226 (Base: 0.2649, DTW: 0.0983, TopK: 0.4737) | Val Mixed Loss (NoTrend, limit=2): 0.7675 (Base: 0.2924, DTW: 0.1371, TopK: 0.4873) | EMA NoTrend Loss: 0.767946 | LR: 6.88e-06
Epoch [90/100] | Train Mixed Loss (Trend, limit=2): 0.7176 (Base: 0.2637, DTW: 0.0973, TopK: 0.4696) | Val Mixed Loss (NoTrend, limit=2): 0.7693 (Base: 0.2952, DTW: 0.1377, TopK: 0.4789) | EMA NoTrend Loss: 0.768281 | LR: 5.87e-06
Epoch [91/100] | Train Mixed Loss (Trend, limit=2): 0.7207 (Base: 0.2644, DTW: 0.0979, TopK: 0.4732) | Val Mixed Loss (NoTrend, limit=2): 0.7702 (Base: 0.2937, DTW: 0.1385, TopK: 0.4800) | EMA NoTrend Loss: 0.768758 | LR: 4.95e-06
Epoch [92/100] | Train Mixed Loss (Trend, limit=2): 0.7203 (Base: 0.2642, DTW: 0.0980, TopK: 0.4712) | Val Mixed Loss (NoTrend, limit=2): 0.7743 (Base: 0.2962, DTW: 0.1400, TopK: 0.4737) | EMA NoTrend Loss: 0.770154 | LR: 4.13e-06
Epoch [93/100] | Train Mixed Loss (Trend, limit=2): 0.7203 (Base: 0.2643, DTW: 0.0976, TopK: 0.4729) | Val Mixed Loss (NoTrend, limit=2): 0.7708 (Base: 0.2953, DTW: 0.1380, TopK: 0.4810) | EMA NoTrend Loss: 0.770310 | LR: 3.40e-06
Epoch [94/100] | Train Mixed Loss (Trend, limit=2): 0.7222 (Base: 0.2646, DTW: 0.0984, TopK: 0.4727) | Val Mixed Loss (NoTrend, limit=2): 0.7687 (Base: 0.2941, DTW: 0.1374, TopK: 0.4824) | EMA NoTrend Loss: 0.769901 | LR: 2.76e-06
Epoch [95/100] | Train Mixed Loss (Trend, limit=2): 0.7207 (Base: 0.2641, DTW: 0.0980, TopK: 0.4724) | Val Mixed Loss (NoTrend, limit=2): 0.7741 (Base: 0.2956, DTW: 0.1396, TopK: 0.4782) | EMA NoTrend Loss: 0.770951 | LR: 2.23e-06
Epoch [96/100] | Train Mixed Loss (Trend, limit=2): 0.7201 (Base: 0.2642, DTW: 0.0980, TopK: 0.4709) | Val Mixed Loss (NoTrend, limit=2): 0.7788 (Base: 0.2979, DTW: 0.1404, TopK: 0.4800) | EMA NoTrend Loss: 0.772904 | LR: 1.78e-06
Epoch [97/100] | Train Mixed Loss (Trend, limit=2): 0.7163 (Base: 0.2636, DTW: 0.0970, TopK: 0.4685) | Val Mixed Loss (NoTrend, limit=2): 0.7657 (Base: 0.2940, DTW: 0.1368, TopK: 0.4781) | EMA NoTrend Loss: 0.771113 | LR: 1.44e-06
Epoch [98/100] | Train Mixed Loss (Trend, limit=2): 0.7187 (Base: 0.2637, DTW: 0.0975, TopK: 0.4715) | Val Mixed Loss (NoTrend, limit=2): 0.7705 (Base: 0.2952, DTW: 0.1377, TopK: 0.4831) | EMA NoTrend Loss: 0.770962 | LR: 1.20e-06
Epoch [99/100] | Train Mixed Loss (Trend, limit=2): 0.7171 (Base: 0.2633, DTW: 0.0974, TopK: 0.4699) | Val Mixed Loss (NoTrend, limit=2): 0.7695 (Base: 0.2948, DTW: 0.1383, TopK: 0.4756) | EMA NoTrend Loss: 0.770587 | LR: 1.05e-06
Epoch [100/100] | Train Mixed Loss (Trend, limit=2): 0.7166 (Base: 0.2635, DTW: 0.0971, TopK: 0.4687) | Val Mixed Loss (NoTrend, limit=2): 0.7784 (Base: 0.2984, DTW: 0.1400, TopK: 0.4802) | EMA NoTrend Loss: 0.772547 | LR: 1.00e-06
[*] Loaded best model from epoch 42 (EMA NoTrend Loss: 0.756890)
