[*] Process seed: 2
Building static profile features from historical data...
[*] Total trainable parameters: 2,431,233
Epoch [1/100] | Train Mixed Loss (Trend, limit=2): 1.0809 (Base: 0.3434, DTW: 0.1954, TopK: 0.6101) | Val Mixed Loss (NoTrend, limit=2): 0.9015 (Base: 0.3395, DTW: 0.1716, TopK: 0.5002) | EMA NoTrend Loss: 0.901465 | LR: 2.00e-04
Epoch [2/100] | Train Mixed Loss (Trend, limit=2): 0.9875 (Base: 0.3323, DTW: 0.1628, TopK: 0.5972) | Val Mixed Loss (NoTrend, limit=2): 0.8425 (Base: 0.3127, DTW: 0.1535, TopK: 0.5383) | EMA NoTrend Loss: 0.886712 | LR: 2.00e-04
Epoch [3/100] | Train Mixed Loss (Trend, limit=2): 0.9600 (Base: 0.3254, DTW: 0.1556, TopK: 0.5880) | Val Mixed Loss (NoTrend, limit=2): 0.8078 (Base: 0.3062, DTW: 0.1436, TopK: 0.5237) | EMA NoTrend Loss: 0.866991 | LR: 2.00e-04
Epoch [4/100] | Train Mixed Loss (Trend, limit=2): 0.9364 (Base: 0.3203, DTW: 0.1492, TopK: 0.5778) | Val Mixed Loss (NoTrend, limit=2): 0.8070 (Base: 0.3058, DTW: 0.1461, TopK: 0.5023) | EMA NoTrend Loss: 0.851986 | LR: 1.99e-04
Epoch [5/100] | Train Mixed Loss (Trend, limit=2): 0.9184 (Base: 0.3160, DTW: 0.1451, TopK: 0.5682) | Val Mixed Loss (NoTrend, limit=2): 0.7874 (Base: 0.3015, DTW: 0.1387, TopK: 0.5096) | EMA NoTrend Loss: 0.835831 | LR: 1.99e-04
Epoch [6/100] | Train Mixed Loss (Trend, limit=2): 0.9101 (Base: 0.3140, DTW: 0.1431, TopK: 0.5640) | Val Mixed Loss (NoTrend, limit=2): 0.7810 (Base: 0.2920, DTW: 0.1373, TopK: 0.5317) | EMA NoTrend Loss: 0.822133 | LR: 1.98e-04
Epoch [7/100] | Train Mixed Loss (Trend, limit=2): 0.8986 (Base: 0.3106, DTW: 0.1403, TopK: 0.5603) | Val Mixed Loss (NoTrend, limit=2): 0.7757 (Base: 0.2981, DTW: 0.1340, TopK: 0.5202) | EMA NoTrend Loss: 0.810517 | LR: 1.98e-04
Epoch [8/100] | Train Mixed Loss (Trend, limit=2): 0.8898 (Base: 0.3089, DTW: 0.1380, TopK: 0.5557) | Val Mixed Loss (NoTrend, limit=2): 0.7671 (Base: 0.2881, DTW: 0.1324, TopK: 0.5376) | EMA NoTrend Loss: 0.799670 | LR: 1.97e-04
Epoch [9/100] | Train Mixed Loss (Trend, limit=2): 0.8743 (Base: 0.3045, DTW: 0.1347, TopK: 0.5484) | Val Mixed Loss (NoTrend, limit=2): 0.7558 (Base: 0.2848, DTW: 0.1323, TopK: 0.5119) | EMA NoTrend Loss: 0.788697 | LR: 1.96e-04
Epoch [10/100] | Train Mixed Loss (Trend, limit=2): 0.8715 (Base: 0.3040, DTW: 0.1334, TopK: 0.5488) | Val Mixed Loss (NoTrend, limit=2): 0.7527 (Base: 0.2864, DTW: 0.1302, TopK: 0.5124) | EMA NoTrend Loss: 0.779692 | LR: 1.95e-04
Epoch [11/100] | Train Mixed Loss (Trend, limit=2): 0.8622 (Base: 0.3020, DTW: 0.1314, TopK: 0.5440) | Val Mixed Loss (NoTrend, limit=2): 0.7633 (Base: 0.2923, DTW: 0.1350, TopK: 0.4896) | EMA NoTrend Loss: 0.775592 | LR: 1.94e-04
Epoch [12/100] | Train Mixed Loss (Trend, limit=2): 0.8549 (Base: 0.3000, DTW: 0.1296, TopK: 0.5412) | Val Mixed Loss (NoTrend, limit=2): 0.7619 (Base: 0.2933, DTW: 0.1331, TopK: 0.4969) | EMA NoTrend Loss: 0.772162 | LR: 1.93e-04
Epoch [13/100] | Train Mixed Loss (Trend, limit=2): 0.8477 (Base: 0.2980, DTW: 0.1285, TopK: 0.5338) | Val Mixed Loss (NoTrend, limit=2): 0.7696 (Base: 0.2946, DTW: 0.1359, TopK: 0.4961) | EMA NoTrend Loss: 0.771524 | LR: 1.92e-04
Epoch [14/100] | Train Mixed Loss (Trend, limit=2): 0.8448 (Base: 0.2977, DTW: 0.1272, TopK: 0.5346) | Val Mixed Loss (NoTrend, limit=2): 0.7395 (Base: 0.2828, DTW: 0.1278, TopK: 0.4997) | EMA NoTrend Loss: 0.763512 | LR: 1.91e-04
Epoch [15/100] | Train Mixed Loss (Trend, limit=2): 0.8383 (Base: 0.2961, DTW: 0.1258, TopK: 0.5312) | Val Mixed Loss (NoTrend, limit=2): 0.7467 (Base: 0.2876, DTW: 0.1307, TopK: 0.4844) | EMA NoTrend Loss: 0.759299 | LR: 1.89e-04
Epoch [16/100] | Train Mixed Loss (Trend, limit=2): 0.8324 (Base: 0.2941, DTW: 0.1246, TopK: 0.5281) | Val Mixed Loss (NoTrend, limit=2): 0.7458 (Base: 0.2925, DTW: 0.1290, TopK: 0.4789) | EMA NoTrend Loss: 0.755927 | LR: 1.88e-04
Epoch [17/100] | Train Mixed Loss (Trend, limit=2): 0.8261 (Base: 0.2929, DTW: 0.1231, TopK: 0.5230) | Val Mixed Loss (NoTrend, limit=2): 0.7400 (Base: 0.2809, DTW: 0.1276, TopK: 0.5097) | EMA NoTrend Loss: 0.751954 | LR: 1.86e-04
Epoch [18/100] | Train Mixed Loss (Trend, limit=2): 0.8237 (Base: 0.2920, DTW: 0.1225, TopK: 0.5236) | Val Mixed Loss (NoTrend, limit=2): 0.7453 (Base: 0.2871, DTW: 0.1276, TopK: 0.5068) | EMA NoTrend Loss: 0.750297 | LR: 1.85e-04
Epoch [19/100] | Train Mixed Loss (Trend, limit=2): 0.8140 (Base: 0.2893, DTW: 0.1206, TopK: 0.5168) | Val Mixed Loss (NoTrend, limit=2): 0.7556 (Base: 0.2977, DTW: 0.1336, TopK: 0.4578) | EMA NoTrend Loss: 0.751625 | LR: 1.83e-04
Epoch [20/100] | Train Mixed Loss (Trend, limit=2): 0.8083 (Base: 0.2873, DTW: 0.1194, TopK: 0.5150) | Val Mixed Loss (NoTrend, limit=2): 0.7499 (Base: 0.2864, DTW: 0.1320, TopK: 0.4889) | EMA NoTrend Loss: 0.751201 | LR: 1.81e-04
Epoch [21/100] | Train Mixed Loss (Trend, limit=2): 0.8052 (Base: 0.2867, DTW: 0.1187, TopK: 0.5121) | Val Mixed Loss (NoTrend, limit=2): 0.7468 (Base: 0.2882, DTW: 0.1317, TopK: 0.4749) | EMA NoTrend Loss: 0.750088 | LR: 1.79e-04
Epoch [22/100] | Train Mixed Loss (Trend, limit=2): 0.8049 (Base: 0.2877, DTW: 0.1180, TopK: 0.5117) | Val Mixed Loss (NoTrend, limit=2): 0.7491 (Base: 0.2896, DTW: 0.1317, TopK: 0.4782) | EMA NoTrend Loss: 0.749837 | LR: 1.77e-04
Epoch [23/100] | Train Mixed Loss (Trend, limit=2): 0.7957 (Base: 0.2838, DTW: 0.1168, TopK: 0.5068) | Val Mixed Loss (NoTrend, limit=2): 0.7315 (Base: 0.2819, DTW: 0.1267, TopK: 0.4846) | EMA NoTrend Loss: 0.745252 | LR: 1.75e-04
Epoch [24/100] | Train Mixed Loss (Trend, limit=2): 0.7880 (Base: 0.2816, DTW: 0.1153, TopK: 0.5020) | Val Mixed Loss (NoTrend, limit=2): 0.7366 (Base: 0.2826, DTW: 0.1291, TopK: 0.4810) | EMA NoTrend Loss: 0.743093 | LR: 1.73e-04
Epoch [25/100] | Train Mixed Loss (Trend, limit=2): 0.7843 (Base: 0.2814, DTW: 0.1141, TopK: 0.4997) | Val Mixed Loss (NoTrend, limit=2): 0.7316 (Base: 0.2816, DTW: 0.1265, TopK: 0.4883) | EMA NoTrend Loss: 0.740231 | LR: 1.71e-04
Epoch [26/100] | Train Mixed Loss (Trend, limit=2): 0.7778 (Base: 0.2791, DTW: 0.1127, TopK: 0.4980) | Val Mixed Loss (NoTrend, limit=2): 0.7306 (Base: 0.2830, DTW: 0.1283, TopK: 0.4652) | EMA NoTrend Loss: 0.737813 | LR: 1.69e-04
Epoch [27/100] | Train Mixed Loss (Trend, limit=2): 0.7779 (Base: 0.2796, DTW: 0.1125, TopK: 0.4963) | Val Mixed Loss (NoTrend, limit=2): 0.7580 (Base: 0.2960, DTW: 0.1346, TopK: 0.4627) | EMA NoTrend Loss: 0.742853 | LR: 1.66e-04
Epoch [28/100] | Train Mixed Loss (Trend, limit=2): 0.7725 (Base: 0.2773, DTW: 0.1114, TopK: 0.4958) | Val Mixed Loss (NoTrend, limit=2): 0.7358 (Base: 0.2836, DTW: 0.1287, TopK: 0.4772) | EMA NoTrend Loss: 0.741080 | LR: 1.64e-04
Epoch [29/100] | Train Mixed Loss (Trend, limit=2): 0.7685 (Base: 0.2771, DTW: 0.1102, TopK: 0.4921) | Val Mixed Loss (NoTrend, limit=2): 0.7300 (Base: 0.2793, DTW: 0.1268, TopK: 0.4884) | EMA NoTrend Loss: 0.738317 | LR: 1.61e-04
Epoch [30/100] | Train Mixed Loss (Trend, limit=2): 0.7677 (Base: 0.2763, DTW: 0.1102, TopK: 0.4919) | Val Mixed Loss (NoTrend, limit=2): 0.7371 (Base: 0.2845, DTW: 0.1296, TopK: 0.4717) | EMA NoTrend Loss: 0.738017 | LR: 1.59e-04
Epoch [31/100] | Train Mixed Loss (Trend, limit=2): 0.7626 (Base: 0.2759, DTW: 0.1090, TopK: 0.4870) | Val Mixed Loss (NoTrend, limit=2): 0.7411 (Base: 0.2870, DTW: 0.1322, TopK: 0.4563) | EMA NoTrend Loss: 0.738786 | LR: 1.56e-04
Epoch [32/100] | Train Mixed Loss (Trend, limit=2): 0.7599 (Base: 0.2745, DTW: 0.1084, TopK: 0.4859) | Val Mixed Loss (NoTrend, limit=2): 0.7351 (Base: 0.2809, DTW: 0.1297, TopK: 0.4764) | EMA NoTrend Loss: 0.737872 | LR: 1.54e-04
Epoch [33/100] | Train Mixed Loss (Trend, limit=2): 0.7538 (Base: 0.2726, DTW: 0.1070, TopK: 0.4842) | Val Mixed Loss (NoTrend, limit=2): 0.7375 (Base: 0.2847, DTW: 0.1304, TopK: 0.4664) | EMA NoTrend Loss: 0.737784 | LR: 1.51e-04
Epoch [34/100] | Train Mixed Loss (Trend, limit=2): 0.7507 (Base: 0.2716, DTW: 0.1064, TopK: 0.4823) | Val Mixed Loss (NoTrend, limit=2): 0.7205 (Base: 0.2750, DTW: 0.1246, TopK: 0.4882) | EMA NoTrend Loss: 0.733467 | LR: 1.48e-04
Epoch [35/100] | Train Mixed Loss (Trend, limit=2): 0.7496 (Base: 0.2718, DTW: 0.1059, TopK: 0.4819) | Val Mixed Loss (NoTrend, limit=2): 0.7325 (Base: 0.2847, DTW: 0.1292, TopK: 0.4590) | EMA NoTrend Loss: 0.733222 | LR: 1.46e-04
Epoch [36/100] | Train Mixed Loss (Trend, limit=2): 0.7419 (Base: 0.2693, DTW: 0.1040, TopK: 0.4799) | Val Mixed Loss (NoTrend, limit=2): 0.7297 (Base: 0.2818, DTW: 0.1272, TopK: 0.4756) | EMA NoTrend Loss: 0.732337 | LR: 1.43e-04
Epoch [37/100] | Train Mixed Loss (Trend, limit=2): 0.7385 (Base: 0.2689, DTW: 0.1035, TopK: 0.4742) | Val Mixed Loss (NoTrend, limit=2): 0.7322 (Base: 0.2829, DTW: 0.1284, TopK: 0.4701) | EMA NoTrend Loss: 0.732312 | LR: 1.40e-04
Epoch [38/100] | Train Mixed Loss (Trend, limit=2): 0.7343 (Base: 0.2671, DTW: 0.1025, TopK: 0.4745) | Val Mixed Loss (NoTrend, limit=2): 0.7334 (Base: 0.2825, DTW: 0.1283, TopK: 0.4764) | EMA NoTrend Loss: 0.732594 | LR: 1.37e-04
Epoch [39/100] | Train Mixed Loss (Trend, limit=2): 0.7350 (Base: 0.2673, DTW: 0.1028, TopK: 0.4727) | Val Mixed Loss (NoTrend, limit=2): 0.7289 (Base: 0.2838, DTW: 0.1291, TopK: 0.4512) | EMA NoTrend Loss: 0.731668 | LR: 1.34e-04
Epoch [40/100] | Train Mixed Loss (Trend, limit=2): 0.7325 (Base: 0.2669, DTW: 0.1019, TopK: 0.4720) | Val Mixed Loss (NoTrend, limit=2): 0.7362 (Base: 0.2852, DTW: 0.1287, TopK: 0.4739) | EMA NoTrend Loss: 0.732806 | LR: 1.31e-04
Epoch [41/100] | Train Mixed Loss (Trend, limit=2): 0.7249 (Base: 0.2643, DTW: 0.1007, TopK: 0.4669) | Val Mixed Loss (NoTrend, limit=2): 0.7387 (Base: 0.2875, DTW: 0.1312, TopK: 0.4549) | EMA NoTrend Loss: 0.734287 | LR: 1.28e-04
Epoch [42/100] | Train Mixed Loss (Trend, limit=2): 0.7238 (Base: 0.2637, DTW: 0.1003, TopK: 0.4678) | Val Mixed Loss (NoTrend, limit=2): 0.7371 (Base: 0.2838, DTW: 0.1296, TopK: 0.4738) | EMA NoTrend Loss: 0.734982 | LR: 1.25e-04
Epoch [43/100] | Train Mixed Loss (Trend, limit=2): 0.7193 (Base: 0.2631, DTW: 0.0989, TopK: 0.4651) | Val Mixed Loss (NoTrend, limit=2): 0.7375 (Base: 0.2810, DTW: 0.1296, TopK: 0.4847) | EMA NoTrend Loss: 0.735610 | LR: 1.22e-04
Epoch [44/100] | Train Mixed Loss (Trend, limit=2): 0.7170 (Base: 0.2620, DTW: 0.0986, TopK: 0.4641) | Val Mixed Loss (NoTrend, limit=2): 0.7357 (Base: 0.2846, DTW: 0.1296, TopK: 0.4665) | EMA NoTrend Loss: 0.735631 | LR: 1.19e-04
Epoch [45/100] | Train Mixed Loss (Trend, limit=2): 0.7120 (Base: 0.2607, DTW: 0.0974, TopK: 0.4626) | Val Mixed Loss (NoTrend, limit=2): 0.7445 (Base: 0.2871, DTW: 0.1320, TopK: 0.4686) | EMA NoTrend Loss: 0.737840 | LR: 1.16e-04
Epoch [46/100] | Train Mixed Loss (Trend, limit=2): 0.7116 (Base: 0.2609, DTW: 0.0972, TopK: 0.4607) | Val Mixed Loss (NoTrend, limit=2): 0.7281 (Base: 0.2801, DTW: 0.1272, TopK: 0.4758) | EMA NoTrend Loss: 0.735402 | LR: 1.13e-04
Epoch [47/100] | Train Mixed Loss (Trend, limit=2): 0.7069 (Base: 0.2598, DTW: 0.0958, TopK: 0.4599) | Val Mixed Loss (NoTrend, limit=2): 0.7341 (Base: 0.2830, DTW: 0.1299, TopK: 0.4642) | EMA NoTrend Loss: 0.735066 | LR: 1.10e-04
Epoch [48/100] | Train Mixed Loss (Trend, limit=2): 0.7070 (Base: 0.2596, DTW: 0.0959, TopK: 0.4601) | Val Mixed Loss (NoTrend, limit=2): 0.7313 (Base: 0.2840, DTW: 0.1280, TopK: 0.4672) | EMA NoTrend Loss: 0.734134 | LR: 1.07e-04
Epoch [49/100] | Train Mixed Loss (Trend, limit=2): 0.6994 (Base: 0.2573, DTW: 0.0946, TopK: 0.4536) | Val Mixed Loss (NoTrend, limit=2): 0.7411 (Base: 0.2865, DTW: 0.1310, TopK: 0.4676) | EMA NoTrend Loss: 0.735884 | LR: 1.04e-04
Epoch [50/100] | Train Mixed Loss (Trend, limit=2): 0.7014 (Base: 0.2580, DTW: 0.0944, TopK: 0.4571) | Val Mixed Loss (NoTrend, limit=2): 0.7387 (Base: 0.2833, DTW: 0.1304, TopK: 0.4745) | EMA NoTrend Loss: 0.736595 | LR: 1.00e-04
Epoch [51/100] | Train Mixed Loss (Trend, limit=2): 0.6896 (Base: 0.2548, DTW: 0.0922, TopK: 0.4491) | Val Mixed Loss (NoTrend, limit=2): 0.7186 (Base: 0.2766, DTW: 0.1253, TopK: 0.4713) | EMA NoTrend Loss: 0.732109 | LR: 9.74e-05
Epoch [52/100] | Train Mixed Loss (Trend, limit=2): 0.6941 (Base: 0.2551, DTW: 0.0934, TopK: 0.4519) | Val Mixed Loss (NoTrend, limit=2): 0.7392 (Base: 0.2849, DTW: 0.1307, TopK: 0.4691) | EMA NoTrend Loss: 0.733883 | LR: 9.43e-05
Epoch [53/100] | Train Mixed Loss (Trend, limit=2): 0.6871 (Base: 0.2542, DTW: 0.0916, TopK: 0.4464) | Val Mixed Loss (NoTrend, limit=2): 0.7347 (Base: 0.2840, DTW: 0.1290, TopK: 0.4702) | EMA NoTrend Loss: 0.734079 | LR: 9.11e-05
Epoch [54/100] | Train Mixed Loss (Trend, limit=2): 0.6936 (Base: 0.2553, DTW: 0.0929, TopK: 0.4512) | Val Mixed Loss (NoTrend, limit=2): 0.7339 (Base: 0.2843, DTW: 0.1296, TopK: 0.4623) | EMA NoTrend Loss: 0.734031 | LR: 8.80e-05
Epoch [55/100] | Train Mixed Loss (Trend, limit=2): 0.6830 (Base: 0.2526, DTW: 0.0908, TopK: 0.4450) | Val Mixed Loss (NoTrend, limit=2): 0.7406 (Base: 0.2853, DTW: 0.1305, TopK: 0.4732) | EMA NoTrend Loss: 0.735672 | LR: 8.49e-05
Epoch [56/100] | Train Mixed Loss (Trend, limit=2): 0.6847 (Base: 0.2528, DTW: 0.0909, TopK: 0.4473) | Val Mixed Loss (NoTrend, limit=2): 0.7312 (Base: 0.2830, DTW: 0.1291, TopK: 0.4617) | EMA NoTrend Loss: 0.734552 | LR: 8.19e-05
Epoch [57/100] | Train Mixed Loss (Trend, limit=2): 0.6771 (Base: 0.2509, DTW: 0.0893, TopK: 0.4420) | Val Mixed Loss (NoTrend, limit=2): 0.7330 (Base: 0.2814, DTW: 0.1291, TopK: 0.4723) | EMA NoTrend Loss: 0.734166 | LR: 7.88e-05
Epoch [58/100] | Train Mixed Loss (Trend, limit=2): 0.6757 (Base: 0.2506, DTW: 0.0888, TopK: 0.4416) | Val Mixed Loss (NoTrend, limit=2): 0.7302 (Base: 0.2816, DTW: 0.1283, TopK: 0.4686) | EMA NoTrend Loss: 0.733166 | LR: 7.58e-05
Epoch [59/100] | Train Mixed Loss (Trend, limit=2): 0.6725 (Base: 0.2497, DTW: 0.0884, TopK: 0.4387) | Val Mixed Loss (NoTrend, limit=2): 0.7310 (Base: 0.2830, DTW: 0.1294, TopK: 0.4581) | EMA NoTrend Loss: 0.732624 | LR: 7.27e-05
Epoch [60/100] | Train Mixed Loss (Trend, limit=2): 0.6731 (Base: 0.2496, DTW: 0.0885, TopK: 0.4385) | Val Mixed Loss (NoTrend, limit=2): 0.7339 (Base: 0.2859, DTW: 0.1295, TopK: 0.4573) | EMA NoTrend Loss: 0.732930 | LR: 6.98e-05
Epoch [61/100] | Train Mixed Loss (Trend, limit=2): 0.6727 (Base: 0.2498, DTW: 0.0881, TopK: 0.4389) | Val Mixed Loss (NoTrend, limit=2): 0.7380 (Base: 0.2844, DTW: 0.1309, TopK: 0.4649) | EMA NoTrend Loss: 0.734186 | LR: 6.68e-05
Epoch [62/100] | Train Mixed Loss (Trend, limit=2): 0.6647 (Base: 0.2469, DTW: 0.0865, TopK: 0.4362) | Val Mixed Loss (NoTrend, limit=2): 0.7413 (Base: 0.2864, DTW: 0.1318, TopK: 0.4616) | EMA NoTrend Loss: 0.735963 | LR: 6.39e-05
Epoch [63/100] | Train Mixed Loss (Trend, limit=2): 0.6661 (Base: 0.2479, DTW: 0.0869, TopK: 0.4343) | Val Mixed Loss (NoTrend, limit=2): 0.7360 (Base: 0.2850, DTW: 0.1309, TopK: 0.4565) | EMA NoTrend Loss: 0.735981 | LR: 6.10e-05
Epoch [64/100] | Train Mixed Loss (Trend, limit=2): 0.6650 (Base: 0.2474, DTW: 0.0864, TopK: 0.4352) | Val Mixed Loss (NoTrend, limit=2): 0.7379 (Base: 0.2835, DTW: 0.1307, TopK: 0.4693) | EMA NoTrend Loss: 0.736469 | LR: 5.81e-05
Epoch [65/100] | Train Mixed Loss (Trend, limit=2): 0.6607 (Base: 0.2460, DTW: 0.0854, TopK: 0.4343) | Val Mixed Loss (NoTrend, limit=2): 0.7300 (Base: 0.2818, DTW: 0.1289, TopK: 0.4631) | EMA NoTrend Loss: 0.734856 | LR: 5.53e-05
Epoch [66/100] | Train Mixed Loss (Trend, limit=2): 0.6608 (Base: 0.2461, DTW: 0.0855, TopK: 0.4321) | Val Mixed Loss (NoTrend, limit=2): 0.7378 (Base: 0.2854, DTW: 0.1308, TopK: 0.4609) | EMA NoTrend Loss: 0.735582 | LR: 5.26e-05
Epoch [67/100] | Train Mixed Loss (Trend, limit=2): 0.6568 (Base: 0.2452, DTW: 0.0847, TopK: 0.4296) | Val Mixed Loss (NoTrend, limit=2): 0.7381 (Base: 0.2849, DTW: 0.1316, TopK: 0.4580) | EMA NoTrend Loss: 0.736201 | LR: 4.99e-05
Epoch [68/100] | Train Mixed Loss (Trend, limit=2): 0.6582 (Base: 0.2461, DTW: 0.0845, TopK: 0.4312) | Val Mixed Loss (NoTrend, limit=2): 0.7389 (Base: 0.2830, DTW: 0.1308, TopK: 0.4730) | EMA NoTrend Loss: 0.736873 | LR: 4.72e-05
Epoch [69/100] | Train Mixed Loss (Trend, limit=2): 0.6529 (Base: 0.2436, DTW: 0.0837, TopK: 0.4288) | Val Mixed Loss (NoTrend, limit=2): 0.7397 (Base: 0.2841, DTW: 0.1320, TopK: 0.4626) | EMA NoTrend Loss: 0.737589 | LR: 4.46e-05
Epoch [70/100] | Train Mixed Loss (Trend, limit=2): 0.6487 (Base: 0.2426, DTW: 0.0829, TopK: 0.4256) | Val Mixed Loss (NoTrend, limit=2): 0.7456 (Base: 0.2871, DTW: 0.1320, TopK: 0.4724) | EMA NoTrend Loss: 0.739585 | LR: 4.20e-05
Epoch [71/100] | Train Mixed Loss (Trend, limit=2): 0.6510 (Base: 0.2433, DTW: 0.0833, TopK: 0.4271) | Val Mixed Loss (NoTrend, limit=2): 0.7409 (Base: 0.2867, DTW: 0.1317, TopK: 0.4602) | EMA NoTrend Loss: 0.739913 | LR: 3.95e-05
Epoch [72/100] | Train Mixed Loss (Trend, limit=2): 0.6452 (Base: 0.2414, DTW: 0.0823, TopK: 0.4232) | Val Mixed Loss (NoTrend, limit=2): 0.7468 (Base: 0.2882, DTW: 0.1331, TopK: 0.4638) | EMA NoTrend Loss: 0.741623 | LR: 3.71e-05
Epoch [73/100] | Train Mixed Loss (Trend, limit=2): 0.6458 (Base: 0.2416, DTW: 0.0821, TopK: 0.4247) | Val Mixed Loss (NoTrend, limit=2): 0.7388 (Base: 0.2880, DTW: 0.1311, TopK: 0.4536) | EMA NoTrend Loss: 0.740917 | LR: 3.47e-05
Epoch [74/100] | Train Mixed Loss (Trend, limit=2): 0.6452 (Base: 0.2414, DTW: 0.0821, TopK: 0.4229) | Val Mixed Loss (NoTrend, limit=2): 0.7423 (Base: 0.2858, DTW: 0.1324, TopK: 0.4627) | EMA NoTrend Loss: 0.741253 | LR: 3.24e-05
Epoch [75/100] | Train Mixed Loss (Trend, limit=2): 0.6435 (Base: 0.2409, DTW: 0.0819, TopK: 0.4217) | Val Mixed Loss (NoTrend, limit=2): 0.7468 (Base: 0.2888, DTW: 0.1329, TopK: 0.4633) | EMA NoTrend Loss: 0.742631 | LR: 3.01e-05
Epoch [76/100] | Train Mixed Loss (Trend, limit=2): 0.6420 (Base: 0.2402, DTW: 0.0814, TopK: 0.4224) | Val Mixed Loss (NoTrend, limit=2): 0.7386 (Base: 0.2846, DTW: 0.1315, TopK: 0.4611) | EMA NoTrend Loss: 0.741618 | LR: 2.80e-05
Epoch [77/100] | Train Mixed Loss (Trend, limit=2): 0.6387 (Base: 0.2396, DTW: 0.0806, TopK: 0.4200) | Val Mixed Loss (NoTrend, limit=2): 0.7451 (Base: 0.2874, DTW: 0.1324, TopK: 0.4661) | EMA NoTrend Loss: 0.742485 | LR: 2.59e-05
Epoch [78/100] | Train Mixed Loss (Trend, limit=2): 0.6407 (Base: 0.2402, DTW: 0.0809, TopK: 0.4213) | Val Mixed Loss (NoTrend, limit=2): 0.7394 (Base: 0.2858, DTW: 0.1317, TopK: 0.4585) | EMA NoTrend Loss: 0.741723 | LR: 2.38e-05
Epoch [79/100] | Train Mixed Loss (Trend, limit=2): 0.6353 (Base: 0.2386, DTW: 0.0799, TopK: 0.4179) | Val Mixed Loss (NoTrend, limit=2): 0.7344 (Base: 0.2804, DTW: 0.1294, TopK: 0.4780) | EMA NoTrend Loss: 0.739894 | LR: 2.19e-05
Epoch [80/100] | Train Mixed Loss (Trend, limit=2): 0.6351 (Base: 0.2379, DTW: 0.0803, TopK: 0.4171) | Val Mixed Loss (NoTrend, limit=2): 0.7408 (Base: 0.2857, DTW: 0.1313, TopK: 0.4664) | EMA NoTrend Loss: 0.740110 | LR: 2.00e-05
Epoch [81/100] | Train Mixed Loss (Trend, limit=2): 0.6345 (Base: 0.2382, DTW: 0.0797, TopK: 0.4177) | Val Mixed Loss (NoTrend, limit=2): 0.7341 (Base: 0.2833, DTW: 0.1304, TopK: 0.4595) | EMA NoTrend Loss: 0.738604 | LR: 1.82e-05
Epoch [82/100] | Train Mixed Loss (Trend, limit=2): 0.6340 (Base: 0.2378, DTW: 0.0797, TopK: 0.4174) | Val Mixed Loss (NoTrend, limit=2): 0.7371 (Base: 0.2847, DTW: 0.1303, TopK: 0.4657) | EMA NoTrend Loss: 0.738233 | LR: 1.65e-05
Epoch [83/100] | Train Mixed Loss (Trend, limit=2): 0.6321 (Base: 0.2375, DTW: 0.0793, TopK: 0.4146) | Val Mixed Loss (NoTrend, limit=2): 0.7457 (Base: 0.2863, DTW: 0.1338, TopK: 0.4611) | EMA NoTrend Loss: 0.740102 | LR: 1.49e-05
Epoch [84/100] | Train Mixed Loss (Trend, limit=2): 0.6306 (Base: 0.2370, DTW: 0.0790, TopK: 0.4146) | Val Mixed Loss (NoTrend, limit=2): 0.7444 (Base: 0.2865, DTW: 0.1323, TopK: 0.4678) | EMA NoTrend Loss: 0.741181 | LR: 1.33e-05
Epoch [85/100] | Train Mixed Loss (Trend, limit=2): 0.6354 (Base: 0.2384, DTW: 0.0798, TopK: 0.4178) | Val Mixed Loss (NoTrend, limit=2): 0.7399 (Base: 0.2846, DTW: 0.1313, TopK: 0.4672) | EMA NoTrend Loss: 0.740869 | LR: 1.18e-05
Epoch [86/100] | Train Mixed Loss (Trend, limit=2): 0.6269 (Base: 0.2359, DTW: 0.0781, TopK: 0.4134) | Val Mixed Loss (NoTrend, limit=2): 0.7429 (Base: 0.2855, DTW: 0.1324, TopK: 0.4653) | EMA NoTrend Loss: 0.741367 | LR: 1.05e-05
Epoch [87/100] | Train Mixed Loss (Trend, limit=2): 0.6296 (Base: 0.2368, DTW: 0.0785, TopK: 0.4148) | Val Mixed Loss (NoTrend, limit=2): 0.7364 (Base: 0.2847, DTW: 0.1302, TopK: 0.4640) | EMA NoTrend Loss: 0.740137 | LR: 9.18e-06
Epoch [88/100] | Train Mixed Loss (Trend, limit=2): 0.6295 (Base: 0.2365, DTW: 0.0786, TopK: 0.4155) | Val Mixed Loss (NoTrend, limit=2): 0.7364 (Base: 0.2829, DTW: 0.1304, TopK: 0.4689) | EMA NoTrend Loss: 0.739205 | LR: 7.99e-06
Epoch [89/100] | Train Mixed Loss (Trend, limit=2): 0.6289 (Base: 0.2364, DTW: 0.0782, TopK: 0.4158) | Val Mixed Loss (NoTrend, limit=2): 0.7364 (Base: 0.2839, DTW: 0.1307, TopK: 0.4623) | EMA NoTrend Loss: 0.738493 | LR: 6.88e-06
Epoch [90/100] | Train Mixed Loss (Trend, limit=2): 0.6339 (Base: 0.2375, DTW: 0.0793, TopK: 0.4183) | Val Mixed Loss (NoTrend, limit=2): 0.7354 (Base: 0.2855, DTW: 0.1298, TopK: 0.4617) | EMA NoTrend Loss: 0.737732 | LR: 5.87e-06
Epoch [91/100] | Train Mixed Loss (Trend, limit=2): 0.6300 (Base: 0.2368, DTW: 0.0785, TopK: 0.4154) | Val Mixed Loss (NoTrend, limit=2): 0.7356 (Base: 0.2840, DTW: 0.1309, TopK: 0.4584) | EMA NoTrend Loss: 0.737202 | LR: 4.95e-06
Epoch [92/100] | Train Mixed Loss (Trend, limit=2): 0.6273 (Base: 0.2358, DTW: 0.0781, TopK: 0.4141) | Val Mixed Loss (NoTrend, limit=2): 0.7465 (Base: 0.2878, DTW: 0.1325, TopK: 0.4692) | EMA NoTrend Loss: 0.739537 | LR: 4.13e-06
Epoch [93/100] | Train Mixed Loss (Trend, limit=2): 0.6288 (Base: 0.2363, DTW: 0.0782, TopK: 0.4164) | Val Mixed Loss (NoTrend, limit=2): 0.7388 (Base: 0.2856, DTW: 0.1311, TopK: 0.4615) | EMA NoTrend Loss: 0.739345 | LR: 3.40e-06
Epoch [94/100] | Train Mixed Loss (Trend, limit=2): 0.6300 (Base: 0.2366, DTW: 0.0785, TopK: 0.4160) | Val Mixed Loss (NoTrend, limit=2): 0.7391 (Base: 0.2843, DTW: 0.1314, TopK: 0.4647) | EMA NoTrend Loss: 0.739292 | LR: 2.76e-06
Epoch [95/100] | Train Mixed Loss (Trend, limit=2): 0.6259 (Base: 0.2360, DTW: 0.0777, TopK: 0.4115) | Val Mixed Loss (NoTrend, limit=2): 0.7349 (Base: 0.2831, DTW: 0.1303, TopK: 0.4641) | EMA NoTrend Loss: 0.738195 | LR: 2.23e-06
Epoch [96/100] | Train Mixed Loss (Trend, limit=2): 0.6262 (Base: 0.2357, DTW: 0.0778, TopK: 0.4134) | Val Mixed Loss (NoTrend, limit=2): 0.7366 (Base: 0.2842, DTW: 0.1303, TopK: 0.4656) | EMA NoTrend Loss: 0.737807 | LR: 1.78e-06
Epoch [97/100] | Train Mixed Loss (Trend, limit=2): 0.6275 (Base: 0.2359, DTW: 0.0783, TopK: 0.4123) | Val Mixed Loss (NoTrend, limit=2): 0.7417 (Base: 0.2844, DTW: 0.1319, TopK: 0.4693) | EMA NoTrend Loss: 0.738792 | LR: 1.44e-06
Epoch [98/100] | Train Mixed Loss (Trend, limit=2): 0.6261 (Base: 0.2354, DTW: 0.0778, TopK: 0.4132) | Val Mixed Loss (NoTrend, limit=2): 0.7331 (Base: 0.2823, DTW: 0.1293, TopK: 0.4683) | EMA NoTrend Loss: 0.737374 | LR: 1.20e-06
Epoch [99/100] | Train Mixed Loss (Trend, limit=2): 0.6244 (Base: 0.2348, DTW: 0.0775, TopK: 0.4133) | Val Mixed Loss (NoTrend, limit=2): 0.7462 (Base: 0.2856, DTW: 0.1331, TopK: 0.4711) | EMA NoTrend Loss: 0.739593 | LR: 1.05e-06
Epoch [100/100] | Train Mixed Loss (Trend, limit=2): 0.6244 (Base: 0.2352, DTW: 0.0775, TopK: 0.4116) | Val Mixed Loss (NoTrend, limit=2): 0.7355 (Base: 0.2835, DTW: 0.1307, TopK: 0.4613) | EMA NoTrend Loss: 0.738572 | LR: 1.00e-06
[*] Loaded best model from epoch 39 (EMA NoTrend Loss: 0.731668)
