Starting experiment (seed=2)
Device: cuda
Building static profile features from historical data...
Loading lightweight encoder...
Total trainable parameters: 5,010,690
Epoch [1/100] | Total Loss: 1.3569 | Aux Loss: 0.2771 | Train Mixed Loss: 1.0798 (Base: 0.3488, Trend: 0.1740, DTW: 0.1931, TopK: 0.6016) | Val Mixed Loss (No Trend): 0.9058 (Base: 0.3366, DTW: 0.1704, TopK: 0.5347) | EMA Val Loss (No Trend): 0.905836 | LR: 2.00e-04
Saved new best weights to best_model_seed2.pth (EMA validation loss without trend: 0.905836).
Epoch [2/100] | Total Loss: 1.2381 | Aux Loss: 0.2195 | Train Mixed Loss: 1.0187 (Base: 0.3389, Trend: 0.1621, DTW: 0.1752, TopK: 0.5944) | Val Mixed Loss (No Trend): 0.8713 (Base: 0.3247, DTW: 0.1576, TopK: 0.5615) | EMA Val Loss (No Trend): 0.897205 | LR: 2.00e-04
Saved new best weights to best_model_seed2.pth (EMA validation loss without trend: 0.897205).
Epoch [3/100] | Total Loss: 1.1980 | Aux Loss: 0.2083 | Train Mixed Loss: 0.9897 (Base: 0.3326, Trend: 0.1599, DTW: 0.1672, TopK: 0.5863) | Val Mixed Loss (No Trend): 0.8382 (Base: 0.3090, DTW: 0.1528, TopK: 0.5411) | EMA Val Loss (No Trend): 0.882445 | LR: 2.00e-04
Saved new best weights to best_model_seed2.pth (EMA validation loss without trend: 0.882445).
Epoch [4/100] | Total Loss: 1.1774 | Aux Loss: 0.2036 | Train Mixed Loss: 0.9739 (Base: 0.3286, Trend: 0.1590, DTW: 0.1630, TopK: 0.5814) | Val Mixed Loss (No Trend): 0.8282 (Base: 0.3070, DTW: 0.1505, TopK: 0.5332) | EMA Val Loss (No Trend): 0.868875 | LR: 1.99e-04
Saved new best weights to best_model_seed2.pth (EMA validation loss without trend: 0.868875).
Epoch [5/100] | Total Loss: 1.1638 | Aux Loss: 0.1998 | Train Mixed Loss: 0.9640 (Base: 0.3276, Trend: 0.1590, DTW: 0.1600, TopK: 0.5766) | Val Mixed Loss (No Trend): 0.8456 (Base: 0.3076, DTW: 0.1606, TopK: 0.5089) | EMA Val Loss (No Trend): 0.863062 | LR: 1.99e-04
Saved new best weights to best_model_seed2.pth (EMA validation loss without trend: 0.863062).
Epoch [6/100] | Total Loss: 1.1525 | Aux Loss: 0.1980 | Train Mixed Loss: 0.9545 (Base: 0.3247, Trend: 0.1581, DTW: 0.1575, TopK: 0.5756) | Val Mixed Loss (No Trend): 0.8180 (Base: 0.3080, DTW: 0.1449, TopK: 0.5409) | EMA Val Loss (No Trend): 0.851791 | LR: 1.98e-04
Saved new best weights to best_model_seed2.pth (EMA validation loss without trend: 0.851791).
Epoch [7/100] | Total Loss: 1.1348 | Aux Loss: 0.1946 | Train Mixed Loss: 0.9402 (Base: 0.3217, Trend: 0.1571, DTW: 0.1540, TopK: 0.5680) | Val Mixed Loss (No Trend): 0.8130 (Base: 0.3049, DTW: 0.1447, TopK: 0.5360) | EMA Val Loss (No Trend): 0.842100 | LR: 1.98e-04
Saved new best weights to best_model_seed2.pth (EMA validation loss without trend: 0.842100).
Epoch [8/100] | Total Loss: 1.1287 | Aux Loss: 0.1951 | Train Mixed Loss: 0.9336 (Base: 0.3198, Trend: 0.1575, DTW: 0.1520, TopK: 0.5677) | Val Mixed Loss (No Trend): 0.8074 (Base: 0.3035, DTW: 0.1458, TopK: 0.5129) | EMA Val Loss (No Trend): 0.833420 | LR: 1.97e-04
Saved new best weights to best_model_seed2.pth (EMA validation loss without trend: 0.833420).
Epoch [9/100] | Total Loss: 1.1162 | Aux Loss: 0.1928 | Train Mixed Loss: 0.9234 (Base: 0.3168, Trend: 0.1563, DTW: 0.1501, TopK: 0.5609) | Val Mixed Loss (No Trend): 0.8313 (Base: 0.3180, DTW: 0.1520, TopK: 0.4951) | EMA Val Loss (No Trend): 0.832878 | LR: 1.96e-04
Saved new best weights to best_model_seed2.pth (EMA validation loss without trend: 0.832878).
Epoch [10/100] | Total Loss: 1.1096 | Aux Loss: 0.1890 | Train Mixed Loss: 0.9206 (Base: 0.3166, Trend: 0.1560, DTW: 0.1493, TopK: 0.5592) | Val Mixed Loss (No Trend): 0.8119 (Base: 0.3075, DTW: 0.1432, TopK: 0.5360) | EMA Val Loss (No Trend): 0.827624 | LR: 1.95e-04
Saved new best weights to best_model_seed2.pth (EMA validation loss without trend: 0.827624).
Epoch [11/100] | Total Loss: 1.1025 | Aux Loss: 0.1893 | Train Mixed Loss: 0.9132 (Base: 0.3147, Trend: 0.1559, DTW: 0.1474, TopK: 0.5558) | Val Mixed Loss (No Trend): 0.8057 (Base: 0.3091, DTW: 0.1462, TopK: 0.4857) | EMA Val Loss (No Trend): 0.822133 | LR: 1.94e-04
Saved new best weights to best_model_seed2.pth (EMA validation loss without trend: 0.822133).
Epoch [12/100] | Total Loss: 1.0948 | Aux Loss: 0.1878 | Train Mixed Loss: 0.9069 (Base: 0.3142, Trend: 0.1553, DTW: 0.1452, TopK: 0.5551) | Val Mixed Loss (No Trend): 0.7962 (Base: 0.3015, DTW: 0.1437, TopK: 0.4998) | EMA Val Loss (No Trend): 0.815646 | LR: 1.93e-04
Saved new best weights to best_model_seed2.pth (EMA validation loss without trend: 0.815646).
Epoch [13/100] | Total Loss: 1.1002 | Aux Loss: 0.1889 | Train Mixed Loss: 0.9113 (Base: 0.3154, Trend: 0.1566, DTW: 0.1461, TopK: 0.5567) | Val Mixed Loss (No Trend): 0.8240 (Base: 0.3209, DTW: 0.1512, TopK: 0.4671) | EMA Val Loss (No Trend): 0.817726 | LR: 1.92e-04
Epoch [14/100] | Total Loss: 1.0805 | Aux Loss: 0.1847 | Train Mixed Loss: 0.8958 (Base: 0.3121, Trend: 0.1548, DTW: 0.1424, TopK: 0.5487) | Val Mixed Loss (No Trend): 0.7722 (Base: 0.2920, DTW: 0.1376, TopK: 0.5004) | EMA Val Loss (No Trend): 0.806357 | LR: 1.91e-04
Saved new best weights to best_model_seed2.pth (EMA validation loss without trend: 0.806357).
Epoch [15/100] | Total Loss: 1.0866 | Aux Loss: 0.1864 | Train Mixed Loss: 0.9002 (Base: 0.3135, Trend: 0.1557, DTW: 0.1433, TopK: 0.5498) | Val Mixed Loss (No Trend): 0.7941 (Base: 0.3087, DTW: 0.1431, TopK: 0.4734) | EMA Val Loss (No Trend): 0.803304 | LR: 1.89e-04
Saved new best weights to best_model_seed2.pth (EMA validation loss without trend: 0.803304).
Epoch [16/100] | Total Loss: 1.0766 | Aux Loss: 0.1854 | Train Mixed Loss: 0.8912 (Base: 0.3109, Trend: 0.1557, DTW: 0.1411, TopK: 0.5463) | Val Mixed Loss (No Trend): 0.8029 (Base: 0.3152, DTW: 0.1460, TopK: 0.4578) | EMA Val Loss (No Trend): 0.803192 | LR: 1.88e-04
Saved new best weights to best_model_seed2.pth (EMA validation loss without trend: 0.803192).
Epoch [17/100] | Total Loss: 1.0701 | Aux Loss: 0.1831 | Train Mixed Loss: 0.8871 (Base: 0.3096, Trend: 0.1546, DTW: 0.1401, TopK: 0.5465) | Val Mixed Loss (No Trend): 0.7718 (Base: 0.2955, DTW: 0.1371, TopK: 0.4909) | EMA Val Loss (No Trend): 0.795354 | LR: 1.86e-04
Saved new best weights to best_model_seed2.pth (EMA validation loss without trend: 0.795354).
Epoch [18/100] | Total Loss: 1.0669 | Aux Loss: 0.1846 | Train Mixed Loss: 0.8823 (Base: 0.3078, Trend: 0.1543, DTW: 0.1390, TopK: 0.5456) | Val Mixed Loss (No Trend): 0.7840 (Base: 0.3023, DTW: 0.1374, TopK: 0.5064) | EMA Val Loss (No Trend): 0.792527 | LR: 1.85e-04
Saved new best weights to best_model_seed2.pth (EMA validation loss without trend: 0.792527).
Epoch [19/100] | Total Loss: 1.0583 | Aux Loss: 0.1815 | Train Mixed Loss: 0.8769 (Base: 0.3067, Trend: 0.1533, DTW: 0.1381, TopK: 0.5407) | Val Mixed Loss (No Trend): 0.7708 (Base: 0.2935, DTW: 0.1352, TopK: 0.5096) | EMA Val Loss (No Trend): 0.787094 | LR: 1.83e-04
Saved new best weights to best_model_seed2.pth (EMA validation loss without trend: 0.787094).
Epoch [20/100] | Total Loss: 1.0539 | Aux Loss: 0.1796 | Train Mixed Loss: 0.8743 (Base: 0.3061, Trend: 0.1533, DTW: 0.1370, TopK: 0.5426) | Val Mixed Loss (No Trend): 0.7669 (Base: 0.2943, DTW: 0.1361, TopK: 0.4867) | EMA Val Loss (No Trend): 0.782056 | LR: 1.81e-04
Saved new best weights to best_model_seed2.pth (EMA validation loss without trend: 0.782056).
Epoch [21/100] | Total Loss: 1.0546 | Aux Loss: 0.1811 | Train Mixed Loss: 0.8736 (Base: 0.3076, Trend: 0.1538, DTW: 0.1367, TopK: 0.5365) | Val Mixed Loss (No Trend): 0.7889 (Base: 0.3025, DTW: 0.1448, TopK: 0.4632) | EMA Val Loss (No Trend): 0.783760 | LR: 1.79e-04
Epoch [22/100] | Total Loss: 1.0455 | Aux Loss: 0.1785 | Train Mixed Loss: 0.8670 (Base: 0.3034, Trend: 0.1535, DTW: 0.1356, TopK: 0.5378) | Val Mixed Loss (No Trend): 0.7632 (Base: 0.2902, DTW: 0.1326, TopK: 0.5154) | EMA Val Loss (No Trend): 0.778611 | LR: 1.77e-04
Saved new best weights to best_model_seed2.pth (EMA validation loss without trend: 0.778611).
Epoch [23/100] | Total Loss: 1.0447 | Aux Loss: 0.1791 | Train Mixed Loss: 0.8657 (Base: 0.3045, Trend: 0.1529, DTW: 0.1350, TopK: 0.5362) | Val Mixed Loss (No Trend): 0.7780 (Base: 0.3018, DTW: 0.1388, TopK: 0.4771) | EMA Val Loss (No Trend): 0.778450 | LR: 1.75e-04
Saved new best weights to best_model_seed2.pth (EMA validation loss without trend: 0.778450).
Epoch [24/100] | Total Loss: 1.0341 | Aux Loss: 0.1760 | Train Mixed Loss: 0.8581 (Base: 0.3024, Trend: 0.1531, DTW: 0.1326, TopK: 0.5362) | Val Mixed Loss (No Trend): 0.7598 (Base: 0.2918, DTW: 0.1346, TopK: 0.4832) | EMA Val Loss (No Trend): 0.773794 | LR: 1.73e-04
Saved new best weights to best_model_seed2.pth (EMA validation loss without trend: 0.773794).
Epoch [25/100] | Total Loss: 1.0338 | Aux Loss: 0.1774 | Train Mixed Loss: 0.8564 (Base: 0.3018, Trend: 0.1522, DTW: 0.1329, TopK: 0.5315) | Val Mixed Loss (No Trend): 0.7586 (Base: 0.2926, DTW: 0.1333, TopK: 0.4866) | EMA Val Loss (No Trend): 0.769999 | LR: 1.71e-04
Saved new best weights to best_model_seed2.pth (EMA validation loss without trend: 0.769999).
Epoch [26/100] | Total Loss: 1.0313 | Aux Loss: 0.1746 | Train Mixed Loss: 0.8568 (Base: 0.3025, Trend: 0.1525, DTW: 0.1327, TopK: 0.5315) | Val Mixed Loss (No Trend): 0.7505 (Base: 0.2821, DTW: 0.1294, TopK: 0.5267) | EMA Val Loss (No Trend): 0.765130 | LR: 1.69e-04
Saved new best weights to best_model_seed2.pth (EMA validation loss without trend: 0.765130).
Epoch [27/100] | Total Loss: 1.0338 | Aux Loss: 0.1760 | Train Mixed Loss: 0.8578 (Base: 0.3023, Trend: 0.1532, DTW: 0.1329, TopK: 0.5335) | Val Mixed Loss (No Trend): 0.7648 (Base: 0.2981, DTW: 0.1333, TopK: 0.4895) | EMA Val Loss (No Trend): 0.765059 | LR: 1.66e-04
Saved new best weights to best_model_seed2.pth (EMA validation loss without trend: 0.765059).
Epoch [28/100] | Total Loss: 1.0223 | Aux Loss: 0.1737 | Train Mixed Loss: 0.8486 (Base: 0.2992, Trend: 0.1517, DTW: 0.1311, TopK: 0.5293) | Val Mixed Loss (No Trend): 0.7757 (Base: 0.2978, DTW: 0.1364, TopK: 0.5014) | EMA Val Loss (No Trend): 0.767718 | LR: 1.64e-04
Epoch [29/100] | Total Loss: 1.0258 | Aux Loss: 0.1754 | Train Mixed Loss: 0.8505 (Base: 0.3013, Trend: 0.1525, DTW: 0.1307, TopK: 0.5302) | Val Mixed Loss (No Trend): 0.7808 (Base: 0.3035, DTW: 0.1405, TopK: 0.4667) | EMA Val Loss (No Trend): 0.770988 | LR: 1.61e-04
Epoch [30/100] | Total Loss: 1.0216 | Aux Loss: 0.1740 | Train Mixed Loss: 0.8476 (Base: 0.2993, Trend: 0.1520, DTW: 0.1305, TopK: 0.5306) | Val Mixed Loss (No Trend): 0.7589 (Base: 0.2923, DTW: 0.1326, TopK: 0.4946) | EMA Val Loss (No Trend): 0.767971 | LR: 1.59e-04
Epoch [31/100] | Total Loss: 1.0202 | Aux Loss: 0.1741 | Train Mixed Loss: 0.8461 (Base: 0.2990, Trend: 0.1518, DTW: 0.1302, TopK: 0.5288) | Val Mixed Loss (No Trend): 0.7629 (Base: 0.2952, DTW: 0.1342, TopK: 0.4855) | EMA Val Loss (No Trend): 0.766709 | LR: 1.56e-04
Epoch [32/100] | Total Loss: 1.0148 | Aux Loss: 0.1716 | Train Mixed Loss: 0.8432 (Base: 0.2990, Trend: 0.1521, DTW: 0.1290, TopK: 0.5286) | Val Mixed Loss (No Trend): 0.7627 (Base: 0.2934, DTW: 0.1377, TopK: 0.4627) | EMA Val Loss (No Trend): 0.765705 | LR: 1.54e-04
Epoch [33/100] | Total Loss: 1.0055 | Aux Loss: 0.1710 | Train Mixed Loss: 0.8345 (Base: 0.2967, Trend: 0.1512, DTW: 0.1273, TopK: 0.5221) | Val Mixed Loss (No Trend): 0.7627 (Base: 0.2882, DTW: 0.1362, TopK: 0.4921) | EMA Val Loss (No Trend): 0.764960 | LR: 1.51e-04
Saved new best weights to best_model_seed2.pth (EMA validation loss without trend: 0.764960).
Epoch [34/100] | Total Loss: 1.0196 | Aux Loss: 0.1722 | Train Mixed Loss: 0.8474 (Base: 0.2999, Trend: 0.1528, DTW: 0.1301, TopK: 0.5293) | Val Mixed Loss (No Trend): 0.7460 (Base: 0.2819, DTW: 0.1286, TopK: 0.5181) | EMA Val Loss (No Trend): 0.760217 | LR: 1.48e-04
Saved new best weights to best_model_seed2.pth (EMA validation loss without trend: 0.760217).
Epoch [35/100] | Total Loss: 1.0094 | Aux Loss: 0.1727 | Train Mixed Loss: 0.8368 (Base: 0.2965, Trend: 0.1513, DTW: 0.1282, TopK: 0.5231) | Val Mixed Loss (No Trend): 0.7614 (Base: 0.2908, DTW: 0.1359, TopK: 0.4811) | EMA Val Loss (No Trend): 0.760503 | LR: 1.46e-04
Epoch [36/100] | Total Loss: 1.0056 | Aux Loss: 0.1734 | Train Mixed Loss: 0.8322 (Base: 0.2960, Trend: 0.1515, DTW: 0.1266, TopK: 0.5217) | Val Mixed Loss (No Trend): 0.7687 (Base: 0.2956, DTW: 0.1360, TopK: 0.4889) | EMA Val Loss (No Trend): 0.762553 | LR: 1.43e-04
Epoch [37/100] | Total Loss: 1.0055 | Aux Loss: 0.1702 | Train Mixed Loss: 0.8353 (Base: 0.2978, Trend: 0.1521, DTW: 0.1268, TopK: 0.5242) | Val Mixed Loss (No Trend): 0.7600 (Base: 0.2946, DTW: 0.1332, TopK: 0.4855) | EMA Val Loss (No Trend): 0.761911 | LR: 1.40e-04
Epoch [38/100] | Total Loss: 0.9965 | Aux Loss: 0.1695 | Train Mixed Loss: 0.8270 (Base: 0.2946, Trend: 0.1513, DTW: 0.1254, TopK: 0.5195) | Val Mixed Loss (No Trend): 0.7440 (Base: 0.2842, DTW: 0.1289, TopK: 0.5009) | EMA Val Loss (No Trend): 0.757423 | LR: 1.37e-04
Saved new best weights to best_model_seed2.pth (EMA validation loss without trend: 0.757423).
Epoch [39/100] | Total Loss: 1.0003 | Aux Loss: 0.1712 | Train Mixed Loss: 0.8291 (Base: 0.2952, Trend: 0.1517, DTW: 0.1258, TopK: 0.5210) | Val Mixed Loss (No Trend): 0.7472 (Base: 0.2866, DTW: 0.1300, TopK: 0.4956) | EMA Val Loss (No Trend): 0.754863 | LR: 1.34e-04
Saved new best weights to best_model_seed2.pth (EMA validation loss without trend: 0.754863).
Epoch [40/100] | Total Loss: 0.9934 | Aux Loss: 0.1687 | Train Mixed Loss: 0.8247 (Base: 0.2938, Trend: 0.1515, DTW: 0.1247, TopK: 0.5197) | Val Mixed Loss (No Trend): 0.7546 (Base: 0.2904, DTW: 0.1334, TopK: 0.4799) | EMA Val Loss (No Trend): 0.754798 | LR: 1.31e-04
Saved new best weights to best_model_seed2.pth (EMA validation loss without trend: 0.754798).
Epoch [41/100] | Total Loss: 0.9836 | Aux Loss: 0.1677 | Train Mixed Loss: 0.8159 (Base: 0.2922, Trend: 0.1502, DTW: 0.1227, TopK: 0.5139) | Val Mixed Loss (No Trend): 0.7321 (Base: 0.2835, DTW: 0.1269, TopK: 0.4798) | EMA Val Loss (No Trend): 0.749127 | LR: 1.28e-04
Saved new best weights to best_model_seed2.pth (EMA validation loss without trend: 0.749127).
Epoch [42/100] | Total Loss: 0.9886 | Aux Loss: 0.1676 | Train Mixed Loss: 0.8210 (Base: 0.2934, Trend: 0.1513, DTW: 0.1235, TopK: 0.5189) | Val Mixed Loss (No Trend): 0.7439 (Base: 0.2881, DTW: 0.1291, TopK: 0.4864) | EMA Val Loss (No Trend): 0.747810 | LR: 1.25e-04
Saved new best weights to best_model_seed2.pth (EMA validation loss without trend: 0.747810).
Epoch [43/100] | Total Loss: 0.9836 | Aux Loss: 0.1684 | Train Mixed Loss: 0.8152 (Base: 0.2918, Trend: 0.1504, DTW: 0.1221, TopK: 0.5172) | Val Mixed Loss (No Trend): 0.7507 (Base: 0.2906, DTW: 0.1327, TopK: 0.4722) | EMA Val Loss (No Trend): 0.748543 | LR: 1.22e-04
Epoch [44/100] | Total Loss: 0.9866 | Aux Loss: 0.1687 | Train Mixed Loss: 0.8179 (Base: 0.2917, Trend: 0.1517, DTW: 0.1231, TopK: 0.5165) | Val Mixed Loss (No Trend): 0.7454 (Base: 0.2883, DTW: 0.1307, TopK: 0.4784) | EMA Val Loss (No Trend): 0.747761 | LR: 1.19e-04
Saved new best weights to best_model_seed2.pth (EMA validation loss without trend: 0.747761).
Epoch [45/100] | Total Loss: 0.9807 | Aux Loss: 0.1661 | Train Mixed Loss: 0.8146 (Base: 0.2916, Trend: 0.1510, DTW: 0.1220, TopK: 0.5154) | Val Mixed Loss (No Trend): 0.7780 (Base: 0.3065, DTW: 0.1382, TopK: 0.4665) | EMA Val Loss (No Trend): 0.755333 | LR: 1.16e-04
Epoch [46/100] | Total Loss: 0.9730 | Aux Loss: 0.1644 | Train Mixed Loss: 0.8086 (Base: 0.2895, Trend: 0.1507, DTW: 0.1212, TopK: 0.5096) | Val Mixed Loss (No Trend): 0.7297 (Base: 0.2811, DTW: 0.1257, TopK: 0.4898) | EMA Val Loss (No Trend): 0.748916 | LR: 1.13e-04
Epoch [47/100] | Total Loss: 0.9713 | Aux Loss: 0.1651 | Train Mixed Loss: 0.8062 (Base: 0.2894, Trend: 0.1506, DTW: 0.1203, TopK: 0.5093) | Val Mixed Loss (No Trend): 0.7488 (Base: 0.2907, DTW: 0.1320, TopK: 0.4709) | EMA Val Loss (No Trend): 0.748876 | LR: 1.10e-04
Epoch [48/100] | Total Loss: 0.9851 | Aux Loss: 0.1672 | Train Mixed Loss: 0.8179 (Base: 0.2927, Trend: 0.1521, DTW: 0.1224, TopK: 0.5181) | Val Mixed Loss (No Trend): 0.7415 (Base: 0.2856, DTW: 0.1296, TopK: 0.4826) | EMA Val Loss (No Trend): 0.747028 | LR: 1.07e-04
Saved new best weights to best_model_seed2.pth (EMA validation loss without trend: 0.747028).
Epoch [49/100] | Total Loss: 0.9775 | Aux Loss: 0.1650 | Train Mixed Loss: 0.8124 (Base: 0.2912, Trend: 0.1515, DTW: 0.1215, TopK: 0.5133) | Val Mixed Loss (No Trend): 0.7411 (Base: 0.2814, DTW: 0.1276, TopK: 0.5117) | EMA Val Loss (No Trend): 0.745543 | LR: 1.04e-04
Saved new best weights to best_model_seed2.pth (EMA validation loss without trend: 0.745543).
Epoch [50/100] | Total Loss: 0.9671 | Aux Loss: 0.1662 | Train Mixed Loss: 0.8009 (Base: 0.2876, Trend: 0.1499, DTW: 0.1193, TopK: 0.5065) | Val Mixed Loss (No Trend): 0.7403 (Base: 0.2817, DTW: 0.1282, TopK: 0.5034) | EMA Val Loss (No Trend): 0.744243 | LR: 1.01e-04
Saved new best weights to best_model_seed2.pth (EMA validation loss without trend: 0.744243).
Epoch [51/100] | Total Loss: 0.9673 | Aux Loss: 0.1660 | Train Mixed Loss: 0.8013 (Base: 0.2877, Trend: 0.1508, DTW: 0.1191, TopK: 0.5076) | Val Mixed Loss (No Trend): 0.7520 (Base: 0.2907, DTW: 0.1326, TopK: 0.4772) | EMA Val Loss (No Trend): 0.746189 | LR: 9.74e-05
Epoch [52/100] | Total Loss: 0.9672 | Aux Loss: 0.1666 | Train Mixed Loss: 0.8006 (Base: 0.2885, Trend: 0.1507, DTW: 0.1187, TopK: 0.5061) | Val Mixed Loss (No Trend): 0.7463 (Base: 0.2856, DTW: 0.1301, TopK: 0.4944) | EMA Val Loss (No Trend): 0.746219 | LR: 9.43e-05
Epoch [53/100] | Total Loss: 0.9629 | Aux Loss: 0.1652 | Train Mixed Loss: 0.7977 (Base: 0.2872, Trend: 0.1509, DTW: 0.1179, TopK: 0.5072) | Val Mixed Loss (No Trend): 0.7356 (Base: 0.2805, DTW: 0.1282, TopK: 0.4915) | EMA Val Loss (No Trend): 0.743568 | LR: 9.11e-05
Saved new best weights to best_model_seed2.pth (EMA validation loss without trend: 0.743568).
Epoch [54/100] | Total Loss: 0.9596 | Aux Loss: 0.1633 | Train Mixed Loss: 0.7962 (Base: 0.2870, Trend: 0.1513, DTW: 0.1174, TopK: 0.5062) | Val Mixed Loss (No Trend): 0.7477 (Base: 0.2911, DTW: 0.1323, TopK: 0.4637) | EMA Val Loss (No Trend): 0.744597 | LR: 8.80e-05
Epoch [55/100] | Total Loss: 0.9620 | Aux Loss: 0.1664 | Train Mixed Loss: 0.7956 (Base: 0.2867, Trend: 0.1514, DTW: 0.1175, TopK: 0.5040) | Val Mixed Loss (No Trend): 0.7489 (Base: 0.2922, DTW: 0.1313, TopK: 0.4721) | EMA Val Loss (No Trend): 0.745680 | LR: 8.49e-05
Epoch [56/100] | Total Loss: 0.9567 | Aux Loss: 0.1641 | Train Mixed Loss: 0.7926 (Base: 0.2862, Trend: 0.1510, DTW: 0.1166, TopK: 0.5035) | Val Mixed Loss (No Trend): 0.7801 (Base: 0.3047, DTW: 0.1406, TopK: 0.4595) | EMA Val Loss (No Trend): 0.754279 | LR: 8.19e-05
Epoch [57/100] | Total Loss: 0.9529 | Aux Loss: 0.1633 | Train Mixed Loss: 0.7897 (Base: 0.2845, Trend: 0.1506, DTW: 0.1161, TopK: 0.5043) | Val Mixed Loss (No Trend): 0.7533 (Base: 0.2896, DTW: 0.1325, TopK: 0.4860) | EMA Val Loss (No Trend): 0.754039 | LR: 7.88e-05
Epoch [58/100] | Total Loss: 0.9535 | Aux Loss: 0.1636 | Train Mixed Loss: 0.7899 (Base: 0.2853, Trend: 0.1512, DTW: 0.1161, TopK: 0.5008) | Val Mixed Loss (No Trend): 0.7463 (Base: 0.2915, DTW: 0.1306, TopK: 0.4714) | EMA Val Loss (No Trend): 0.752116 | LR: 7.58e-05
Epoch [59/100] | Total Loss: 0.9381 | Aux Loss: 0.1621 | Train Mixed Loss: 0.7759 (Base: 0.2813, Trend: 0.1494, DTW: 0.1133, TopK: 0.4931) | Val Mixed Loss (No Trend): 0.7450 (Base: 0.2848, DTW: 0.1297, TopK: 0.4965) | EMA Val Loss (No Trend): 0.750340 | LR: 7.27e-05
Epoch [60/100] | Total Loss: 0.9485 | Aux Loss: 0.1632 | Train Mixed Loss: 0.7852 (Base: 0.2835, Trend: 0.1510, DTW: 0.1148, TopK: 0.5026) | Val Mixed Loss (No Trend): 0.7502 (Base: 0.2902, DTW: 0.1320, TopK: 0.4777) | EMA Val Loss (No Trend): 0.750315 | LR: 6.98e-05
Epoch [61/100] | Total Loss: 0.9422 | Aux Loss: 0.1623 | Train Mixed Loss: 0.7799 (Base: 0.2824, Trend: 0.1501, DTW: 0.1138, TopK: 0.4976) | Val Mixed Loss (No Trend): 0.7502 (Base: 0.2879, DTW: 0.1330, TopK: 0.4771) | EMA Val Loss (No Trend): 0.750274 | LR: 6.68e-05
Epoch [62/100] | Total Loss: 0.9461 | Aux Loss: 0.1630 | Train Mixed Loss: 0.7830 (Base: 0.2832, Trend: 0.1509, DTW: 0.1145, TopK: 0.4980) | Val Mixed Loss (No Trend): 0.7437 (Base: 0.2855, DTW: 0.1309, TopK: 0.4804) | EMA Val Loss (No Trend): 0.748633 | LR: 6.39e-05
Epoch [63/100] | Total Loss: 0.9389 | Aux Loss: 0.1611 | Train Mixed Loss: 0.7778 (Base: 0.2812, Trend: 0.1501, DTW: 0.1134, TopK: 0.4978) | Val Mixed Loss (No Trend): 0.7463 (Base: 0.2901, DTW: 0.1307, TopK: 0.4752) | EMA Val Loss (No Trend): 0.748058 | LR: 6.10e-05
Epoch [64/100] | Total Loss: 0.9397 | Aux Loss: 0.1628 | Train Mixed Loss: 0.7769 (Base: 0.2815, Trend: 0.1508, DTW: 0.1131, TopK: 0.4953) | Val Mixed Loss (No Trend): 0.7435 (Base: 0.2886, DTW: 0.1299, TopK: 0.4770) | EMA Val Loss (No Trend): 0.746912 | LR: 5.81e-05
Epoch [65/100] | Total Loss: 0.9313 | Aux Loss: 0.1618 | Train Mixed Loss: 0.7695 (Base: 0.2795, Trend: 0.1497, DTW: 0.1114, TopK: 0.4925) | Val Mixed Loss (No Trend): 0.7552 (Base: 0.2922, DTW: 0.1321, TopK: 0.4864) | EMA Val Loss (No Trend): 0.748980 | LR: 5.53e-05
Epoch [66/100] | Total Loss: 0.9410 | Aux Loss: 0.1638 | Train Mixed Loss: 0.7772 (Base: 0.2817, Trend: 0.1505, DTW: 0.1132, TopK: 0.4957) | Val Mixed Loss (No Trend): 0.7495 (Base: 0.2887, DTW: 0.1313, TopK: 0.4856) | EMA Val Loss (No Trend): 0.749106 | LR: 5.26e-05
Epoch [67/100] | Total Loss: 0.9333 | Aux Loss: 0.1612 | Train Mixed Loss: 0.7721 (Base: 0.2802, Trend: 0.1512, DTW: 0.1118, TopK: 0.4933) | Val Mixed Loss (No Trend): 0.7574 (Base: 0.2943, DTW: 0.1345, TopK: 0.4677) | EMA Val Loss (No Trend): 0.751192 | LR: 4.99e-05
Epoch [68/100] | Total Loss: 0.9386 | Aux Loss: 0.1621 | Train Mixed Loss: 0.7765 (Base: 0.2812, Trend: 0.1518, DTW: 0.1124, TopK: 0.4987) | Val Mixed Loss (No Trend): 0.7289 (Base: 0.2848, DTW: 0.1272, TopK: 0.4629) | EMA Val Loss (No Trend): 0.745630 | LR: 4.72e-05
Epoch [69/100] | Total Loss: 0.9221 | Aux Loss: 0.1603 | Train Mixed Loss: 0.7618 (Base: 0.2770, Trend: 0.1501, DTW: 0.1095, TopK: 0.4894) | Val Mixed Loss (No Trend): 0.7284 (Base: 0.2834, DTW: 0.1255, TopK: 0.4791) | EMA Val Loss (No Trend): 0.741314 | LR: 4.46e-05
Saved new best weights to best_model_seed2.pth (EMA validation loss without trend: 0.741314).
Epoch [70/100] | Total Loss: 0.9335 | Aux Loss: 0.1593 | Train Mixed Loss: 0.7742 (Base: 0.2795, Trend: 0.1506, DTW: 0.1125, TopK: 0.4981) | Val Mixed Loss (No Trend): 0.7420 (Base: 0.2897, DTW: 0.1307, TopK: 0.4624) | EMA Val Loss (No Trend): 0.741495 | LR: 4.20e-05
Epoch [71/100] | Total Loss: 0.9239 | Aux Loss: 0.1600 | Train Mixed Loss: 0.7639 (Base: 0.2777, Trend: 0.1494, DTW: 0.1101, TopK: 0.4908) | Val Mixed Loss (No Trend): 0.7452 (Base: 0.2898, DTW: 0.1306, TopK: 0.4727) | EMA Val Loss (No Trend): 0.742419 | LR: 3.95e-05
Epoch [72/100] | Total Loss: 0.9281 | Aux Loss: 0.1604 | Train Mixed Loss: 0.7677 (Base: 0.2784, Trend: 0.1507, DTW: 0.1107, TopK: 0.4943) | Val Mixed Loss (No Trend): 0.7577 (Base: 0.2943, DTW: 0.1331, TopK: 0.4795) | EMA Val Loss (No Trend): 0.746232 | LR: 3.71e-05
Epoch [73/100] | Total Loss: 0.9306 | Aux Loss: 0.1622 | Train Mixed Loss: 0.7684 (Base: 0.2797, Trend: 0.1516, DTW: 0.1104, TopK: 0.4934) | Val Mixed Loss (No Trend): 0.7552 (Base: 0.2908, DTW: 0.1336, TopK: 0.4793) | EMA Val Loss (No Trend): 0.748465 | LR: 3.47e-05
Epoch [74/100] | Total Loss: 0.9165 | Aux Loss: 0.1586 | Train Mixed Loss: 0.7580 (Base: 0.2758, Trend: 0.1499, DTW: 0.1086, TopK: 0.4889) | Val Mixed Loss (No Trend): 0.7459 (Base: 0.2907, DTW: 0.1316, TopK: 0.4645) | EMA Val Loss (No Trend): 0.747817 | LR: 3.24e-05
Epoch [75/100] | Total Loss: 0.9278 | Aux Loss: 0.1604 | Train Mixed Loss: 0.7673 (Base: 0.2785, Trend: 0.1515, DTW: 0.1104, TopK: 0.4935) | Val Mixed Loss (No Trend): 0.7573 (Base: 0.2943, DTW: 0.1345, TopK: 0.4673) | EMA Val Loss (No Trend): 0.750191 | LR: 3.01e-05
Epoch [76/100] | Total Loss: 0.9134 | Aux Loss: 0.1597 | Train Mixed Loss: 0.7537 (Base: 0.2743, Trend: 0.1496, DTW: 0.1080, TopK: 0.4846) | Val Mixed Loss (No Trend): 0.7550 (Base: 0.2941, DTW: 0.1334, TopK: 0.4688) | EMA Val Loss (No Trend): 0.751402 | LR: 2.80e-05
Epoch [77/100] | Total Loss: 0.9172 | Aux Loss: 0.1596 | Train Mixed Loss: 0.7576 (Base: 0.2767, Trend: 0.1509, DTW: 0.1079, TopK: 0.4886) | Val Mixed Loss (No Trend): 0.7493 (Base: 0.2904, DTW: 0.1322, TopK: 0.4721) | EMA Val Loss (No Trend): 0.750874 | LR: 2.59e-05
Epoch [78/100] | Total Loss: 0.9130 | Aux Loss: 0.1585 | Train Mixed Loss: 0.7546 (Base: 0.2754, Trend: 0.1506, DTW: 0.1076, TopK: 0.4853) | Val Mixed Loss (No Trend): 0.7433 (Base: 0.2872, DTW: 0.1308, TopK: 0.4736) | EMA Val Loss (No Trend): 0.748978 | LR: 2.38e-05
Epoch [79/100] | Total Loss: 0.9124 | Aux Loss: 0.1589 | Train Mixed Loss: 0.7535 (Base: 0.2753, Trend: 0.1507, DTW: 0.1070, TopK: 0.4871) | Val Mixed Loss (No Trend): 0.7415 (Base: 0.2875, DTW: 0.1298, TopK: 0.4745) | EMA Val Loss (No Trend): 0.747102 | LR: 2.19e-05
Epoch [80/100] | Total Loss: 0.9110 | Aux Loss: 0.1598 | Train Mixed Loss: 0.7513 (Base: 0.2749, Trend: 0.1503, DTW: 0.1067, TopK: 0.4841) | Val Mixed Loss (No Trend): 0.7529 (Base: 0.2896, DTW: 0.1337, TopK: 0.4748) | EMA Val Loss (No Trend): 0.748558 | LR: 2.00e-05
Epoch [81/100] | Total Loss: 0.9119 | Aux Loss: 0.1590 | Train Mixed Loss: 0.7529 (Base: 0.2744, Trend: 0.1497, DTW: 0.1077, TopK: 0.4842) | Val Mixed Loss (No Trend): 0.7472 (Base: 0.2911, DTW: 0.1303, TopK: 0.4778) | EMA Val Loss (No Trend): 0.748221 | LR: 1.82e-05
Epoch [82/100] | Total Loss: 0.9141 | Aux Loss: 0.1597 | Train Mixed Loss: 0.7544 (Base: 0.2755, Trend: 0.1508, DTW: 0.1073, TopK: 0.4865) | Val Mixed Loss (No Trend): 0.7397 (Base: 0.2840, DTW: 0.1295, TopK: 0.4828) | EMA Val Loss (No Trend): 0.746091 | LR: 1.65e-05
Epoch [83/100] | Total Loss: 0.9082 | Aux Loss: 0.1592 | Train Mixed Loss: 0.7490 (Base: 0.2735, Trend: 0.1500, DTW: 0.1066, TopK: 0.4820) | Val Mixed Loss (No Trend): 0.7439 (Base: 0.2903, DTW: 0.1307, TopK: 0.4666) | EMA Val Loss (No Trend): 0.745542 | LR: 1.49e-05
Epoch [84/100] | Total Loss: 0.9071 | Aux Loss: 0.1579 | Train Mixed Loss: 0.7492 (Base: 0.2734, Trend: 0.1499, DTW: 0.1063, TopK: 0.4854) | Val Mixed Loss (No Trend): 0.7453 (Base: 0.2887, DTW: 0.1308, TopK: 0.4756) | EMA Val Loss (No Trend): 0.745479 | LR: 1.33e-05
Epoch [85/100] | Total Loss: 0.9034 | Aux Loss: 0.1586 | Train Mixed Loss: 0.7447 (Base: 0.2732, Trend: 0.1496, DTW: 0.1051, TopK: 0.4816) | Val Mixed Loss (No Trend): 0.7568 (Base: 0.2915, DTW: 0.1346, TopK: 0.4744) | EMA Val Loss (No Trend): 0.748299 | LR: 1.18e-05
Epoch [86/100] | Total Loss: 0.9038 | Aux Loss: 0.1567 | Train Mixed Loss: 0.7471 (Base: 0.2733, Trend: 0.1500, DTW: 0.1059, TopK: 0.4819) | Val Mixed Loss (No Trend): 0.7358 (Base: 0.2871, DTW: 0.1285, TopK: 0.4678) | EMA Val Loss (No Trend): 0.745167 | LR: 1.05e-05
Epoch [87/100] | Total Loss: 0.9050 | Aux Loss: 0.1583 | Train Mixed Loss: 0.7468 (Base: 0.2730, Trend: 0.1505, DTW: 0.1055, TopK: 0.4841) | Val Mixed Loss (No Trend): 0.7300 (Base: 0.2859, DTW: 0.1260, TopK: 0.4721) | EMA Val Loss (No Trend): 0.741387 | LR: 9.18e-06
Epoch [88/100] | Total Loss: 0.8982 | Aux Loss: 0.1550 | Train Mixed Loss: 0.7432 (Base: 0.2714, Trend: 0.1497, DTW: 0.1051, TopK: 0.4828) | Val Mixed Loss (No Trend): 0.7408 (Base: 0.2874, DTW: 0.1300, TopK: 0.4712) | EMA Val Loss (No Trend): 0.741247 | LR: 7.99e-06
Saved new best weights to best_model_seed2.pth (EMA validation loss without trend: 0.741247).
Epoch [89/100] | Total Loss: 0.8991 | Aux Loss: 0.1582 | Train Mixed Loss: 0.7410 (Base: 0.2714, Trend: 0.1497, DTW: 0.1046, TopK: 0.4791) | Val Mixed Loss (No Trend): 0.7392 (Base: 0.2871, DTW: 0.1284, TopK: 0.4801) | EMA Val Loss (No Trend): 0.740740 | LR: 6.88e-06
Saved new best weights to best_model_seed2.pth (EMA validation loss without trend: 0.740740).
Epoch [90/100] | Total Loss: 0.9036 | Aux Loss: 0.1591 | Train Mixed Loss: 0.7445 (Base: 0.2728, Trend: 0.1507, DTW: 0.1051, TopK: 0.4801) | Val Mixed Loss (No Trend): 0.7373 (Base: 0.2863, DTW: 0.1287, TopK: 0.4738) | EMA Val Loss (No Trend): 0.739878 | LR: 5.87e-06
Saved new best weights to best_model_seed2.pth (EMA validation loss without trend: 0.739878).
Epoch [91/100] | Total Loss: 0.9049 | Aux Loss: 0.1581 | Train Mixed Loss: 0.7468 (Base: 0.2726, Trend: 0.1499, DTW: 0.1060, TopK: 0.4832) | Val Mixed Loss (No Trend): 0.7395 (Base: 0.2877, DTW: 0.1295, TopK: 0.4703) | EMA Val Loss (No Trend): 0.739791 | LR: 4.95e-06
Saved new best weights to best_model_seed2.pth (EMA validation loss without trend: 0.739791).
Epoch [92/100] | Total Loss: 0.9025 | Aux Loss: 0.1580 | Train Mixed Loss: 0.7445 (Base: 0.2723, Trend: 0.1498, DTW: 0.1055, TopK: 0.4802) | Val Mixed Loss (No Trend): 0.7477 (Base: 0.2902, DTW: 0.1320, TopK: 0.4693) | EMA Val Loss (No Trend): 0.741778 | LR: 4.13e-06
Epoch [93/100] | Total Loss: 0.8990 | Aux Loss: 0.1594 | Train Mixed Loss: 0.7396 (Base: 0.2713, Trend: 0.1500, DTW: 0.1043, TopK: 0.4769) | Val Mixed Loss (No Trend): 0.7458 (Base: 0.2895, DTW: 0.1314, TopK: 0.4699) | EMA Val Loss (No Trend): 0.742781 | LR: 3.40e-06
Epoch [94/100] | Total Loss: 0.9005 | Aux Loss: 0.1569 | Train Mixed Loss: 0.7436 (Base: 0.2718, Trend: 0.1500, DTW: 0.1052, TopK: 0.4817) | Val Mixed Loss (No Trend): 0.7499 (Base: 0.2910, DTW: 0.1318, TopK: 0.4754) | EMA Val Loss (No Trend): 0.744563 | LR: 2.76e-06
Epoch [95/100] | Total Loss: 0.8980 | Aux Loss: 0.1576 | Train Mixed Loss: 0.7404 (Base: 0.2709, Trend: 0.1506, DTW: 0.1041, TopK: 0.4814) | Val Mixed Loss (No Trend): 0.7351 (Base: 0.2870, DTW: 0.1287, TopK: 0.4641) | EMA Val Loss (No Trend): 0.742185 | LR: 2.23e-06
Epoch [96/100] | Total Loss: 0.9028 | Aux Loss: 0.1576 | Train Mixed Loss: 0.7452 (Base: 0.2725, Trend: 0.1511, DTW: 0.1052, TopK: 0.4828) | Val Mixed Loss (No Trend): 0.7491 (Base: 0.2895, DTW: 0.1326, TopK: 0.4714) | EMA Val Loss (No Trend): 0.743916 | LR: 1.78e-06
Epoch [97/100] | Total Loss: 0.9025 | Aux Loss: 0.1577 | Train Mixed Loss: 0.7448 (Base: 0.2725, Trend: 0.1509, DTW: 0.1052, TopK: 0.4810) | Val Mixed Loss (No Trend): 0.7486 (Base: 0.2922, DTW: 0.1318, TopK: 0.4671) | EMA Val Loss (No Trend): 0.745083 | LR: 1.44e-06
Epoch [98/100] | Total Loss: 0.9010 | Aux Loss: 0.1585 | Train Mixed Loss: 0.7425 (Base: 0.2711, Trend: 0.1496, DTW: 0.1054, TopK: 0.4790) | Val Mixed Loss (No Trend): 0.7405 (Base: 0.2869, DTW: 0.1302, TopK: 0.4702) | EMA Val Loss (No Trend): 0.743949 | LR: 1.20e-06
Epoch [99/100] | Total Loss: 0.9029 | Aux Loss: 0.1591 | Train Mixed Loss: 0.7438 (Base: 0.2723, Trend: 0.1508, DTW: 0.1052, TopK: 0.4788) | Val Mixed Loss (No Trend): 0.7499 (Base: 0.2905, DTW: 0.1320, TopK: 0.4758) | EMA Val Loss (No Trend): 0.745449 | LR: 1.05e-06
Epoch [100/100] | Total Loss: 0.9007 | Aux Loss: 0.1572 | Train Mixed Loss: 0.7435 (Base: 0.2717, Trend: 0.1503, DTW: 0.1050, TopK: 0.4818) | Val Mixed Loss (No Trend): 0.7409 (Base: 0.2885, DTW: 0.1295, TopK: 0.4726) | EMA Val Loss (No Trend): 0.744320 | LR: 2.00e-04
