Starting Transformer experiment with seed 3 in /root/autodl-tmp/parallel_runs/worker_3_seed_3
Device: cuda
Data shape: (1029, 35040, 10)
Max PM2.5 value: 32768.0
Abnormal points (>1000): 636
Loaded cache: /root/autodl-tmp/parallel_runs/worker_3_seed_3/dataset_cache_train_2y_T144_P48_seed_3.pt (Eligible stations: 1029/1029)
Loaded cache: /root/autodl-tmp/parallel_runs/worker_3_seed_3/dataset_cache_val_1y_T144_P48_seed_3.pt (Eligible stations: 1029/1029)
Total trainable parameters: 4,367,617
Epoch [1/100] | Train Loss: 1.1143 (Base: 0.3556, Trend: 0.1959, DTW: 0.1982, TopK: 0.6168) | Val Loss: 0.892700 (Base: 0.3213, DTW: 0.1691, TopK: 0.5521) | EMA No-Trend Loss: 0.892700 | LR: 2.00e-04
Epoch [2/100] | Train Loss: 1.0371 (Base: 0.3420, Trend: 0.1777, DTW: 0.1764, TopK: 0.6092) | Val Loss: 0.869852 (Base: 0.3206, DTW: 0.1568, TopK: 0.5766) | EMA No-Trend Loss: 0.886988 | LR: 2.00e-04
Epoch [3/100] | Train Loss: 1.0015 (Base: 0.3346, Trend: 0.1761, DTW: 0.1661, TopK: 0.6006) | Val Loss: 0.837587 (Base: 0.3150, DTW: 0.1503, TopK: 0.5397) | EMA No-Trend Loss: 0.874638 | LR: 2.00e-04
Epoch [4/100] | Train Loss: 0.9762 (Base: 0.3290, Trend: 0.1746, DTW: 0.1593, TopK: 0.5920) | Val Loss: 0.834341 (Base: 0.3111, DTW: 0.1473, TopK: 0.5654) | EMA No-Trend Loss: 0.864564 | LR: 1.99e-04
Epoch [5/100] | Train Loss: 0.9649 (Base: 0.3269, Trend: 0.1746, DTW: 0.1560, TopK: 0.5879) | Val Loss: 0.818919 (Base: 0.3095, DTW: 0.1459, TopK: 0.5311) | EMA No-Trend Loss: 0.853152 | LR: 1.99e-04
Epoch [6/100] | Train Loss: 0.9557 (Base: 0.3259, Trend: 0.1740, DTW: 0.1535, TopK: 0.5811) | Val Loss: 0.828791 (Base: 0.3067, DTW: 0.1522, TopK: 0.5225) | EMA No-Trend Loss: 0.847062 | LR: 1.98e-04
Epoch [7/100] | Train Loss: 0.9404 (Base: 0.3209, Trend: 0.1731, DTW: 0.1498, TopK: 0.5777) | Val Loss: 0.801430 (Base: 0.2972, DTW: 0.1419, TopK: 0.5456) | EMA No-Trend Loss: 0.835654 | LR: 1.98e-04
Epoch [8/100] | Train Loss: 0.9325 (Base: 0.3189, Trend: 0.1718, DTW: 0.1479, TopK: 0.5760) | Val Loss: 0.805279 (Base: 0.3050, DTW: 0.1437, TopK: 0.5183) | EMA No-Trend Loss: 0.828060 | LR: 1.97e-04
Epoch [9/100] | Train Loss: 0.9278 (Base: 0.3182, Trend: 0.1718, DTW: 0.1463, TopK: 0.5756) | Val Loss: 0.815274 (Base: 0.3087, DTW: 0.1461, TopK: 0.5193) | EMA No-Trend Loss: 0.824864 | LR: 1.96e-04
Epoch [10/100] | Train Loss: 0.9205 (Base: 0.3166, Trend: 0.1712, DTW: 0.1444, TopK: 0.5721) | Val Loss: 0.821266 (Base: 0.3125, DTW: 0.1460, TopK: 0.5283) | EMA No-Trend Loss: 0.823964 | LR: 1.95e-04
Epoch [11/100] | Train Loss: 0.9104 (Base: 0.3133, Trend: 0.1698, DTW: 0.1425, TopK: 0.5669) | Val Loss: 0.805415 (Base: 0.3108, DTW: 0.1434, TopK: 0.5012) | EMA No-Trend Loss: 0.819327 | LR: 1.94e-04
Epoch [12/100] | Train Loss: 0.9089 (Base: 0.3138, Trend: 0.1702, DTW: 0.1417, TopK: 0.5660) | Val Loss: 0.796403 (Base: 0.3024, DTW: 0.1415, TopK: 0.5144) | EMA No-Trend Loss: 0.813596 | LR: 1.93e-04
Epoch [13/100] | Train Loss: 0.9098 (Base: 0.3138, Trend: 0.1707, DTW: 0.1419, TopK: 0.5672) | Val Loss: 0.785252 (Base: 0.2919, DTW: 0.1392, TopK: 0.5304) | EMA No-Trend Loss: 0.806510 | LR: 1.92e-04
Epoch [14/100] | Train Loss: 0.8987 (Base: 0.3105, Trend: 0.1701, DTW: 0.1395, TopK: 0.5607) | Val Loss: 0.784638 (Base: 0.2930, DTW: 0.1375, TopK: 0.5389) | EMA No-Trend Loss: 0.801042 | LR: 1.91e-04
Epoch [15/100] | Train Loss: 0.8959 (Base: 0.3100, Trend: 0.1700, DTW: 0.1385, TopK: 0.5620) | Val Loss: 0.787035 (Base: 0.2956, DTW: 0.1398, TopK: 0.5194) | EMA No-Trend Loss: 0.797540 | LR: 1.89e-04
Epoch [16/100] | Train Loss: 0.8863 (Base: 0.3078, Trend: 0.1694, DTW: 0.1361, TopK: 0.5573) | Val Loss: 0.778943 (Base: 0.2893, DTW: 0.1368, TopK: 0.5378) | EMA No-Trend Loss: 0.792891 | LR: 1.88e-04
Epoch [17/100] | Train Loss: 0.8886 (Base: 0.3089, Trend: 0.1701, DTW: 0.1366, TopK: 0.5559) | Val Loss: 0.778203 (Base: 0.2872, DTW: 0.1387, TopK: 0.5272) | EMA No-Trend Loss: 0.789219 | LR: 1.86e-04
Epoch [18/100] | Train Loss: 0.8838 (Base: 0.3068, Trend: 0.1692, DTW: 0.1357, TopK: 0.5562) | Val Loss: 0.774989 (Base: 0.2926, DTW: 0.1355, TopK: 0.5239) | EMA No-Trend Loss: 0.785662 | LR: 1.85e-04
Epoch [19/100] | Train Loss: 0.8775 (Base: 0.3057, Trend: 0.1690, DTW: 0.1337, TopK: 0.5549) | Val Loss: 0.778280 (Base: 0.2926, DTW: 0.1373, TopK: 0.5206) | EMA No-Trend Loss: 0.783816 | LR: 1.83e-04
Epoch [20/100] | Train Loss: 0.8763 (Base: 0.3050, Trend: 0.1690, DTW: 0.1337, TopK: 0.5531) | Val Loss: 0.775769 (Base: 0.2943, DTW: 0.1370, TopK: 0.5088) | EMA No-Trend Loss: 0.781804 | LR: 1.81e-04
Epoch [21/100] | Train Loss: 0.8792 (Base: 0.3063, Trend: 0.1697, DTW: 0.1340, TopK: 0.5550) | Val Loss: 0.780489 (Base: 0.2985, DTW: 0.1371, TopK: 0.5097) | EMA No-Trend Loss: 0.781475 | LR: 1.79e-04
Epoch [22/100] | Train Loss: 0.8698 (Base: 0.3038, Trend: 0.1689, DTW: 0.1317, TopK: 0.5515) | Val Loss: 0.780451 (Base: 0.2963, DTW: 0.1380, TopK: 0.5096) | EMA No-Trend Loss: 0.781219 | LR: 1.77e-04
Epoch [23/100] | Train Loss: 0.8721 (Base: 0.3042, Trend: 0.1696, DTW: 0.1321, TopK: 0.5531) | Val Loss: 0.789727 (Base: 0.3039, DTW: 0.1414, TopK: 0.4885) | EMA No-Trend Loss: 0.783346 | LR: 1.75e-04
Epoch [24/100] | Train Loss: 0.8627 (Base: 0.3014, Trend: 0.1677, DTW: 0.1306, TopK: 0.5467) | Val Loss: 0.782071 (Base: 0.2905, DTW: 0.1399, TopK: 0.5196) | EMA No-Trend Loss: 0.783027 | LR: 1.73e-04
Epoch [25/100] | Train Loss: 0.8582 (Base: 0.3009, Trend: 0.1674, DTW: 0.1296, TopK: 0.5420) | Val Loss: 0.781222 (Base: 0.2990, DTW: 0.1386, TopK: 0.4985) | EMA No-Trend Loss: 0.782576 | LR: 1.71e-04
Epoch [26/100] | Train Loss: 0.8569 (Base: 0.2997, Trend: 0.1681, DTW: 0.1288, TopK: 0.5465) | Val Loss: 0.780037 (Base: 0.2967, DTW: 0.1389, TopK: 0.4996) | EMA No-Trend Loss: 0.781941 | LR: 1.69e-04
Epoch [27/100] | Train Loss: 0.8562 (Base: 0.2998, Trend: 0.1685, DTW: 0.1288, TopK: 0.5437) | Val Loss: 0.792703 (Base: 0.3033, DTW: 0.1419, TopK: 0.4965) | EMA No-Trend Loss: 0.784632 | LR: 1.66e-04
Epoch [28/100] | Train Loss: 0.8472 (Base: 0.2978, Trend: 0.1673, DTW: 0.1268, TopK: 0.5379) | Val Loss: 0.768871 (Base: 0.2881, DTW: 0.1361, TopK: 0.5142) | EMA No-Trend Loss: 0.780692 | LR: 1.64e-04
Epoch [29/100] | Train Loss: 0.8466 (Base: 0.2976, Trend: 0.1666, DTW: 0.1267, TopK: 0.5382) | Val Loss: 0.781050 (Base: 0.2968, DTW: 0.1405, TopK: 0.4899) | EMA No-Trend Loss: 0.780781 | LR: 1.61e-04
Epoch [30/100] | Train Loss: 0.8421 (Base: 0.2964, Trend: 0.1673, DTW: 0.1254, TopK: 0.5367) | Val Loss: 0.768211 (Base: 0.2891, DTW: 0.1354, TopK: 0.5139) | EMA No-Trend Loss: 0.777639 | LR: 1.59e-04
Epoch [31/100] | Train Loss: 0.8391 (Base: 0.2956, Trend: 0.1666, DTW: 0.1250, TopK: 0.5339) | Val Loss: 0.784899 (Base: 0.3000, DTW: 0.1405, TopK: 0.4928) | EMA No-Trend Loss: 0.779454 | LR: 1.56e-04
Epoch [32/100] | Train Loss: 0.8373 (Base: 0.2954, Trend: 0.1675, DTW: 0.1241, TopK: 0.5343) | Val Loss: 0.768705 (Base: 0.2899, DTW: 0.1364, TopK: 0.5051) | EMA No-Trend Loss: 0.776767 | LR: 1.54e-04
Epoch [33/100] | Train Loss: 0.8379 (Base: 0.2958, Trend: 0.1672, DTW: 0.1242, TopK: 0.5351) | Val Loss: 0.773984 (Base: 0.2915, DTW: 0.1372, TopK: 0.5108) | EMA No-Trend Loss: 0.776071 | LR: 1.51e-04
Epoch [34/100] | Train Loss: 0.8294 (Base: 0.2929, Trend: 0.1666, DTW: 0.1226, TopK: 0.5303) | Val Loss: 0.780012 (Base: 0.2977, DTW: 0.1389, TopK: 0.4966) | EMA No-Trend Loss: 0.777056 | LR: 1.48e-04
Epoch [35/100] | Train Loss: 0.8328 (Base: 0.2941, Trend: 0.1671, DTW: 0.1231, TopK: 0.5323) | Val Loss: 0.764065 (Base: 0.2889, DTW: 0.1349, TopK: 0.5051) | EMA No-Trend Loss: 0.773809 | LR: 1.46e-04
Epoch [36/100] | Train Loss: 0.8250 (Base: 0.2920, Trend: 0.1657, DTW: 0.1216, TopK: 0.5273) | Val Loss: 0.774108 (Base: 0.2884, DTW: 0.1393, TopK: 0.5046) | EMA No-Trend Loss: 0.773883 | LR: 1.43e-04
Epoch [37/100] | Train Loss: 0.8226 (Base: 0.2920, Trend: 0.1664, DTW: 0.1206, TopK: 0.5267) | Val Loss: 0.772020 (Base: 0.2927, DTW: 0.1364, TopK: 0.5063) | EMA No-Trend Loss: 0.773418 | LR: 1.40e-04
Epoch [38/100] | Train Loss: 0.8214 (Base: 0.2909, Trend: 0.1664, DTW: 0.1203, TopK: 0.5287) | Val Loss: 0.788052 (Base: 0.3038, DTW: 0.1426, TopK: 0.4730) | EMA No-Trend Loss: 0.777076 | LR: 1.37e-04
Epoch [39/100] | Train Loss: 0.8161 (Base: 0.2906, Trend: 0.1663, DTW: 0.1192, TopK: 0.5207) | Val Loss: 0.776019 (Base: 0.2920, DTW: 0.1398, TopK: 0.4950) | EMA No-Trend Loss: 0.776812 | LR: 1.34e-04
Epoch [40/100] | Train Loss: 0.8130 (Base: 0.2889, Trend: 0.1657, DTW: 0.1187, TopK: 0.5212) | Val Loss: 0.770349 (Base: 0.2915, DTW: 0.1357, TopK: 0.5106) | EMA No-Trend Loss: 0.775196 | LR: 1.31e-04
Epoch [41/100] | Train Loss: 0.8101 (Base: 0.2884, Trend: 0.1656, DTW: 0.1179, TopK: 0.5198) | Val Loss: 0.770986 (Base: 0.2935, DTW: 0.1383, TopK: 0.4854) | EMA No-Trend Loss: 0.774144 | LR: 1.28e-04
Epoch [42/100] | Train Loss: 0.8086 (Base: 0.2877, Trend: 0.1658, DTW: 0.1176, TopK: 0.5194) | Val Loss: 0.781528 (Base: 0.2955, DTW: 0.1401, TopK: 0.4993) | EMA No-Trend Loss: 0.775990 | LR: 1.25e-04
Epoch [43/100] | Train Loss: 0.8030 (Base: 0.2867, Trend: 0.1654, DTW: 0.1162, TopK: 0.5160) | Val Loss: 0.783865 (Base: 0.3018, DTW: 0.1421, TopK: 0.4702) | EMA No-Trend Loss: 0.777959 | LR: 1.22e-04
Epoch [44/100] | Train Loss: 0.8090 (Base: 0.2882, Trend: 0.1665, DTW: 0.1172, TopK: 0.5211) | Val Loss: 0.774942 (Base: 0.2919, DTW: 0.1384, TopK: 0.5029) | EMA No-Trend Loss: 0.777204 | LR: 1.19e-04
Epoch [45/100] | Train Loss: 0.7998 (Base: 0.2854, Trend: 0.1646, DTW: 0.1159, TopK: 0.5133) | Val Loss: 0.763593 (Base: 0.2907, DTW: 0.1354, TopK: 0.4930) | EMA No-Trend Loss: 0.773801 | LR: 1.16e-04
Epoch [46/100] | Train Loss: 0.7991 (Base: 0.2845, Trend: 0.1646, DTW: 0.1159, TopK: 0.5140) | Val Loss: 0.781206 (Base: 0.2952, DTW: 0.1407, TopK: 0.4943) | EMA No-Trend Loss: 0.775652 | LR: 1.13e-04
Epoch [47/100] | Train Loss: 0.7926 (Base: 0.2833, Trend: 0.1644, DTW: 0.1141, TopK: 0.5111) | Val Loss: 0.751965 (Base: 0.2835, DTW: 0.1325, TopK: 0.5014) | EMA No-Trend Loss: 0.769731 | LR: 1.10e-04
Epoch [48/100] | Train Loss: 0.7904 (Base: 0.2826, Trend: 0.1644, DTW: 0.1136, TopK: 0.5100) | Val Loss: 0.787145 (Base: 0.2985, DTW: 0.1429, TopK: 0.4858) | EMA No-Trend Loss: 0.774084 | LR: 1.07e-04
Epoch [49/100] | Train Loss: 0.7901 (Base: 0.2826, Trend: 0.1650, DTW: 0.1132, TopK: 0.5107) | Val Loss: 0.789562 (Base: 0.3012, DTW: 0.1441, TopK: 0.4746) | EMA No-Trend Loss: 0.777954 | LR: 1.04e-04
Epoch [50/100] | Train Loss: 0.7876 (Base: 0.2820, Trend: 0.1651, DTW: 0.1126, TopK: 0.5088) | Val Loss: 0.780399 (Base: 0.2955, DTW: 0.1402, TopK: 0.4949) | EMA No-Trend Loss: 0.778565 | LR: 1.00e-04
Epoch [51/100] | Train Loss: 0.7805 (Base: 0.2811, Trend: 0.1646, DTW: 0.1110, TopK: 0.5026) | Val Loss: 0.771753 (Base: 0.2916, DTW: 0.1381, TopK: 0.4955) | EMA No-Trend Loss: 0.776862 | LR: 9.74e-05
Epoch [52/100] | Train Loss: 0.7764 (Base: 0.2792, Trend: 0.1643, DTW: 0.1103, TopK: 0.5008) | Val Loss: 0.779593 (Base: 0.2962, DTW: 0.1392, TopK: 0.4975) | EMA No-Trend Loss: 0.777545 | LR: 9.43e-05
Epoch [53/100] | Train Loss: 0.7710 (Base: 0.2773, Trend: 0.1635, DTW: 0.1094, TopK: 0.4979) | Val Loss: 0.771431 (Base: 0.2904, DTW: 0.1380, TopK: 0.4990) | EMA No-Trend Loss: 0.776016 | LR: 9.11e-05
Epoch [54/100] | Train Loss: 0.7735 (Base: 0.2782, Trend: 0.1633, DTW: 0.1099, TopK: 0.4997) | Val Loss: 0.771112 (Base: 0.2893, DTW: 0.1383, TopK: 0.4994) | EMA No-Trend Loss: 0.774790 | LR: 8.80e-05
Epoch [55/100] | Train Loss: 0.7649 (Base: 0.2758, Trend: 0.1628, DTW: 0.1079, TopK: 0.4961) | Val Loss: 0.779585 (Base: 0.2981, DTW: 0.1405, TopK: 0.4805) | EMA No-Trend Loss: 0.775989 | LR: 8.49e-05
Epoch [56/100] | Train Loss: 0.7691 (Base: 0.2771, Trend: 0.1634, DTW: 0.1086, TopK: 0.4985) | Val Loss: 0.771903 (Base: 0.2873, DTW: 0.1380, TopK: 0.5114) | EMA No-Trend Loss: 0.774967 | LR: 8.19e-05
Epoch [57/100] | Train Loss: 0.7666 (Base: 0.2763, Trend: 0.1632, DTW: 0.1082, TopK: 0.4971) | Val Loss: 0.775270 (Base: 0.2929, DTW: 0.1395, TopK: 0.4918) | EMA No-Trend Loss: 0.775043 | LR: 7.88e-05
Epoch [58/100] | Train Loss: 0.7622 (Base: 0.2752, Trend: 0.1634, DTW: 0.1073, TopK: 0.4925) | Val Loss: 0.784999 (Base: 0.2944, DTW: 0.1409, TopK: 0.5084) | EMA No-Trend Loss: 0.777532 | LR: 7.58e-05
Epoch [59/100] | Train Loss: 0.7565 (Base: 0.2741, Trend: 0.1628, DTW: 0.1058, TopK: 0.4900) | Val Loss: 0.783488 (Base: 0.2975, DTW: 0.1422, TopK: 0.4820) | EMA No-Trend Loss: 0.779021 | LR: 7.27e-05
Epoch [60/100] | Train Loss: 0.7587 (Base: 0.2744, Trend: 0.1632, DTW: 0.1063, TopK: 0.4916) | Val Loss: 0.772406 (Base: 0.2920, DTW: 0.1387, TopK: 0.4922) | EMA No-Trend Loss: 0.777367 | LR: 6.98e-05
Epoch [61/100] | Train Loss: 0.7555 (Base: 0.2733, Trend: 0.1630, DTW: 0.1057, TopK: 0.4900) | Val Loss: 0.768214 (Base: 0.2931, DTW: 0.1389, TopK: 0.4721) | EMA No-Trend Loss: 0.775079 | LR: 6.68e-05
Epoch [62/100] | Train Loss: 0.7502 (Base: 0.2716, Trend: 0.1623, DTW: 0.1047, TopK: 0.4873) | Val Loss: 0.788083 (Base: 0.2947, DTW: 0.1445, TopK: 0.4884) | EMA No-Trend Loss: 0.778330 | LR: 6.39e-05
Epoch [63/100] | Train Loss: 0.7469 (Base: 0.2709, Trend: 0.1622, DTW: 0.1040, TopK: 0.4844) | Val Loss: 0.770905 (Base: 0.2908, DTW: 0.1386, TopK: 0.4914) | EMA No-Trend Loss: 0.776474 | LR: 6.10e-05
Epoch [64/100] | Train Loss: 0.7496 (Base: 0.2719, Trend: 0.1625, DTW: 0.1044, TopK: 0.4866) | Val Loss: 0.778484 (Base: 0.2966, DTW: 0.1411, TopK: 0.4777) | EMA No-Trend Loss: 0.776976 | LR: 5.81e-05
Epoch [65/100] | Train Loss: 0.7441 (Base: 0.2701, Trend: 0.1625, DTW: 0.1033, TopK: 0.4825) | Val Loss: 0.762411 (Base: 0.2871, DTW: 0.1363, TopK: 0.4937) | EMA No-Trend Loss: 0.773335 | LR: 5.53e-05
Epoch [66/100] | Train Loss: 0.7446 (Base: 0.2701, Trend: 0.1628, DTW: 0.1031, TopK: 0.4855) | Val Loss: 0.770793 (Base: 0.2926, DTW: 0.1392, TopK: 0.4805) | EMA No-Trend Loss: 0.772699 | LR: 5.26e-05
Epoch [67/100] | Train Loss: 0.7392 (Base: 0.2684, Trend: 0.1623, DTW: 0.1019, TopK: 0.4833) | Val Loss: 0.772094 (Base: 0.2907, DTW: 0.1402, TopK: 0.4830) | EMA No-Trend Loss: 0.772548 | LR: 4.99e-05
Epoch [68/100] | Train Loss: 0.7386 (Base: 0.2685, Trend: 0.1617, DTW: 0.1022, TopK: 0.4798) | Val Loss: 0.775198 (Base: 0.2905, DTW: 0.1397, TopK: 0.4981) | EMA No-Trend Loss: 0.773211 | LR: 4.72e-05
Epoch [69/100] | Train Loss: 0.7363 (Base: 0.2675, Trend: 0.1618, DTW: 0.1017, TopK: 0.4794) | Val Loss: 0.775783 (Base: 0.2934, DTW: 0.1404, TopK: 0.4846) | EMA No-Trend Loss: 0.773854 | LR: 4.46e-05
Epoch [70/100] | Train Loss: 0.7346 (Base: 0.2676, Trend: 0.1620, DTW: 0.1011, TopK: 0.4778) | Val Loss: 0.776013 (Base: 0.2915, DTW: 0.1397, TopK: 0.4978) | EMA No-Trend Loss: 0.774393 | LR: 4.20e-05
Epoch [71/100] | Train Loss: 0.7336 (Base: 0.2668, Trend: 0.1615, DTW: 0.1010, TopK: 0.4785) | Val Loss: 0.781099 (Base: 0.2928, DTW: 0.1408, TopK: 0.5014) | EMA No-Trend Loss: 0.776070 | LR: 3.95e-05
Epoch [72/100] | Train Loss: 0.7286 (Base: 0.2655, Trend: 0.1613, DTW: 0.1000, TopK: 0.4753) | Val Loss: 0.775164 (Base: 0.2913, DTW: 0.1411, TopK: 0.4845) | EMA No-Trend Loss: 0.775844 | LR: 3.71e-05
Epoch [73/100] | Train Loss: 0.7296 (Base: 0.2660, Trend: 0.1620, DTW: 0.1001, TopK: 0.4746) | Val Loss: 0.791463 (Base: 0.2990, DTW: 0.1443, TopK: 0.4872) | EMA No-Trend Loss: 0.779748 | LR: 3.47e-05
Epoch [74/100] | Train Loss: 0.7330 (Base: 0.2671, Trend: 0.1625, DTW: 0.1005, TopK: 0.4785) | Val Loss: 0.767786 (Base: 0.2873, DTW: 0.1380, TopK: 0.4976) | EMA No-Trend Loss: 0.776758 | LR: 3.24e-05
Epoch [75/100] | Train Loss: 0.7256 (Base: 0.2654, Trend: 0.1622, DTW: 0.0990, TopK: 0.4715) | Val Loss: 0.774792 (Base: 0.2922, DTW: 0.1396, TopK: 0.4918) | EMA No-Trend Loss: 0.776266 | LR: 3.01e-05
Epoch [76/100] | Train Loss: 0.7251 (Base: 0.2647, Trend: 0.1623, DTW: 0.0988, TopK: 0.4736) | Val Loss: 0.773777 (Base: 0.2925, DTW: 0.1399, TopK: 0.4848) | EMA No-Trend Loss: 0.775644 | LR: 2.80e-05
Epoch [77/100] | Train Loss: 0.7273 (Base: 0.2656, Trend: 0.1625, DTW: 0.0991, TopK: 0.4759) | Val Loss: 0.778955 (Base: 0.2942, DTW: 0.1404, TopK: 0.4930) | EMA No-Trend Loss: 0.776472 | LR: 2.59e-05
Epoch [78/100] | Train Loss: 0.7198 (Base: 0.2632, Trend: 0.1613, DTW: 0.0978, TopK: 0.4706) | Val Loss: 0.784115 (Base: 0.2964, DTW: 0.1421, TopK: 0.4891) | EMA No-Trend Loss: 0.778383 | LR: 2.38e-05
Epoch [79/100] | Train Loss: 0.7179 (Base: 0.2627, Trend: 0.1611, DTW: 0.0974, TopK: 0.4693) | Val Loss: 0.773138 (Base: 0.2921, DTW: 0.1398, TopK: 0.4848) | EMA No-Trend Loss: 0.777071 | LR: 2.19e-05
Epoch [80/100] | Train Loss: 0.7158 (Base: 0.2618, Trend: 0.1606, DTW: 0.0972, TopK: 0.4682) | Val Loss: 0.780935 (Base: 0.2950, DTW: 0.1408, TopK: 0.4934) | EMA No-Trend Loss: 0.778037 | LR: 2.00e-05
Epoch [81/100] | Train Loss: 0.7112 (Base: 0.2603, Trend: 0.1603, DTW: 0.0962, TopK: 0.4664) | Val Loss: 0.779943 (Base: 0.2930, DTW: 0.1411, TopK: 0.4946) | EMA No-Trend Loss: 0.778514 | LR: 1.82e-05
Epoch [82/100] | Train Loss: 0.7147 (Base: 0.2616, Trend: 0.1608, DTW: 0.0970, TopK: 0.4661) | Val Loss: 0.780280 (Base: 0.2931, DTW: 0.1420, TopK: 0.4878) | EMA No-Trend Loss: 0.778955 | LR: 1.65e-05
Epoch [83/100] | Train Loss: 0.7122 (Base: 0.2611, Trend: 0.1609, DTW: 0.0961, TopK: 0.4664) | Val Loss: 0.776426 (Base: 0.2932, DTW: 0.1402, TopK: 0.4891) | EMA No-Trend Loss: 0.778323 | LR: 1.49e-05
Epoch [84/100] | Train Loss: 0.7116 (Base: 0.2609, Trend: 0.1609, DTW: 0.0960, TopK: 0.4664) | Val Loss: 0.781966 (Base: 0.2938, DTW: 0.1420, TopK: 0.4909) | EMA No-Trend Loss: 0.779234 | LR: 1.33e-05
Epoch [85/100] | Train Loss: 0.7128 (Base: 0.2610, Trend: 0.1610, DTW: 0.0961, TopK: 0.4683) | Val Loss: 0.784214 (Base: 0.2947, DTW: 0.1430, TopK: 0.4879) | EMA No-Trend Loss: 0.780479 | LR: 1.18e-05
Epoch [86/100] | Train Loss: 0.7089 (Base: 0.2602, Trend: 0.1609, DTW: 0.0953, TopK: 0.4646) | Val Loss: 0.785502 (Base: 0.2968, DTW: 0.1429, TopK: 0.4858) | EMA No-Trend Loss: 0.781735 | LR: 1.05e-05
Epoch [87/100] | Train Loss: 0.7040 (Base: 0.2583, Trend: 0.1603, DTW: 0.0946, TopK: 0.4613) | Val Loss: 0.777833 (Base: 0.2907, DTW: 0.1412, TopK: 0.4939) | EMA No-Trend Loss: 0.780759 | LR: 9.18e-06
Epoch [88/100] | Train Loss: 0.7094 (Base: 0.2606, Trend: 0.1617, DTW: 0.0951, TopK: 0.4657) | Val Loss: 0.788258 (Base: 0.2966, DTW: 0.1436, TopK: 0.4897) | EMA No-Trend Loss: 0.782634 | LR: 7.99e-06
Epoch [89/100] | Train Loss: 0.7099 (Base: 0.2601, Trend: 0.1616, DTW: 0.0956, TopK: 0.4656) | Val Loss: 0.772569 (Base: 0.2907, DTW: 0.1401, TopK: 0.4852) | EMA No-Trend Loss: 0.780118 | LR: 6.88e-06
Epoch [90/100] | Train Loss: 0.7029 (Base: 0.2583, Trend: 0.1604, DTW: 0.0943, TopK: 0.4605) | Val Loss: 0.775855 (Base: 0.2914, DTW: 0.1407, TopK: 0.4891) | EMA No-Trend Loss: 0.779052 | LR: 5.87e-06
Epoch [91/100] | Train Loss: 0.7087 (Base: 0.2597, Trend: 0.1614, DTW: 0.0953, TopK: 0.4653) | Val Loss: 0.783775 (Base: 0.2936, DTW: 0.1431, TopK: 0.4888) | EMA No-Trend Loss: 0.780233 | LR: 4.95e-06
Epoch [92/100] | Train Loss: 0.7038 (Base: 0.2584, Trend: 0.1602, DTW: 0.0943, TopK: 0.4630) | Val Loss: 0.788802 (Base: 0.2949, DTW: 0.1438, TopK: 0.4962) | EMA No-Trend Loss: 0.782375 | LR: 4.13e-06
Epoch [93/100] | Train Loss: 0.7091 (Base: 0.2597, Trend: 0.1613, DTW: 0.0954, TopK: 0.4654) | Val Loss: 0.775699 (Base: 0.2922, DTW: 0.1403, TopK: 0.4895) | EMA No-Trend Loss: 0.780706 | LR: 3.40e-06
Epoch [94/100] | Train Loss: 0.7049 (Base: 0.2587, Trend: 0.1606, DTW: 0.0948, TopK: 0.4613) | Val Loss: 0.779582 (Base: 0.2932, DTW: 0.1420, TopK: 0.4853) | EMA No-Trend Loss: 0.780425 | LR: 2.76e-06
Epoch [95/100] | Train Loss: 0.7095 (Base: 0.2601, Trend: 0.1615, DTW: 0.0954, TopK: 0.4656) | Val Loss: 0.775815 (Base: 0.2921, DTW: 0.1402, TopK: 0.4910) | EMA No-Trend Loss: 0.779272 | LR: 2.23e-06
Epoch [96/100] | Train Loss: 0.7084 (Base: 0.2602, Trend: 0.1613, DTW: 0.0953, TopK: 0.4631) | Val Loss: 0.780364 (Base: 0.2942, DTW: 0.1417, TopK: 0.4867) | EMA No-Trend Loss: 0.779545 | LR: 1.78e-06
Epoch [97/100] | Train Loss: 0.7076 (Base: 0.2598, Trend: 0.1610, DTW: 0.0951, TopK: 0.4634) | Val Loss: 0.784427 (Base: 0.2949, DTW: 0.1428, TopK: 0.4894) | EMA No-Trend Loss: 0.780766 | LR: 1.44e-06
Epoch [98/100] | Train Loss: 0.7077 (Base: 0.2591, Trend: 0.1611, DTW: 0.0953, TopK: 0.4645) | Val Loss: 0.788211 (Base: 0.2956, DTW: 0.1437, TopK: 0.4923) | EMA No-Trend Loss: 0.782627 | LR: 1.20e-06
Epoch [99/100] | Train Loss: 0.7081 (Base: 0.2598, Trend: 0.1612, DTW: 0.0953, TopK: 0.4629) | Val Loss: 0.782105 (Base: 0.2933, DTW: 0.1428, TopK: 0.4873) | EMA No-Trend Loss: 0.782496 | LR: 1.05e-06
Epoch [100/100] | Train Loss: 0.7044 (Base: 0.2583, Trend: 0.1606, DTW: 0.0946, TopK: 0.4627) | Val Loss: 0.776587 (Base: 0.2931, DTW: 0.1404, TopK: 0.4885) | EMA No-Trend Loss: 0.781019 | LR: 1.00e-06
