Starting experiment (seed=1)
Device: cuda:0
Building static profile features from historical data...
Total trainable parameters: 5,010,690
Epoch [1/100] | Total Loss: 1.3558 | Aux Loss: 0.2851 | Train Mixed Loss: 1.0707 (Base: 0.3455, Trend: 0.1663, DTW: 0.1922, TopK: 0.6023) | Val Mixed Loss (No Trend): 0.8758 (Base: 0.3268, DTW: 0.1583, TopK: 0.5633) | EMA Val Loss (No Trend): 0.875769 | LR: 2.00e-04
Saved new best weights to best_model_seed1.pth (EMA validation loss without trend: 0.875769).
Epoch [2/100] | Total Loss: 1.2158 | Aux Loss: 0.2348 | Train Mixed Loss: 0.9811 (Base: 0.3299, Trend: 0.1593, DTW: 0.1659, TopK: 0.5779) | Val Mixed Loss (No Trend): 0.8314 (Base: 0.3041, DTW: 0.1533, TopK: 0.5316) | EMA Val Loss (No Trend): 0.864678 | LR: 2.00e-04
Saved new best weights to best_model_seed1.pth (EMA validation loss without trend: 0.864678).
Epoch [3/100] | Total Loss: 1.1814 | Aux Loss: 0.2240 | Train Mixed Loss: 0.9574 (Base: 0.3252, Trend: 0.1586, DTW: 0.1589, TopK: 0.5717) | Val Mixed Loss (No Trend): 0.8132 (Base: 0.3014, DTW: 0.1458, TopK: 0.5396) | EMA Val Loss (No Trend): 0.851809 | LR: 2.00e-04
Saved new best weights to best_model_seed1.pth (EMA validation loss without trend: 0.851809).
Epoch [4/100] | Total Loss: 1.1545 | Aux Loss: 0.2204 | Train Mixed Loss: 0.9341 (Base: 0.3200, Trend: 0.1585, DTW: 0.1525, TopK: 0.5625) | Val Mixed Loss (No Trend): 0.8240 (Base: 0.3113, DTW: 0.1490, TopK: 0.5174) | EMA Val Loss (No Trend): 0.844864 | LR: 1.99e-04
Saved new best weights to best_model_seed1.pth (EMA validation loss without trend: 0.844864).
Epoch [5/100] | Total Loss: 1.1370 | Aux Loss: 0.2170 | Train Mixed Loss: 0.9200 (Base: 0.3161, Trend: 0.1574, DTW: 0.1495, TopK: 0.5542) | Val Mixed Loss (No Trend): 0.8180 (Base: 0.3105, DTW: 0.1472, TopK: 0.5141) | EMA Val Loss (No Trend): 0.838158 | LR: 1.99e-04
Saved new best weights to best_model_seed1.pth (EMA validation loss without trend: 0.838158).
Epoch [6/100] | Total Loss: 1.1257 | Aux Loss: 0.2149 | Train Mixed Loss: 0.9108 (Base: 0.3134, Trend: 0.1566, DTW: 0.1470, TopK: 0.5544) | Val Mixed Loss (No Trend): 0.7795 (Base: 0.2906, DTW: 0.1404, TopK: 0.5063) | EMA Val Loss (No Trend): 0.823481 | LR: 1.98e-04
Saved new best weights to best_model_seed1.pth (EMA validation loss without trend: 0.823481).
Epoch [7/100] | Total Loss: 1.1128 | Aux Loss: 0.2116 | Train Mixed Loss: 0.9012 (Base: 0.3112, Trend: 0.1565, DTW: 0.1445, TopK: 0.5496) | Val Mixed Loss (No Trend): 0.7879 (Base: 0.2825, DTW: 0.1398, TopK: 0.5664) | EMA Val Loss (No Trend): 0.814592 | LR: 1.98e-04
Saved new best weights to best_model_seed1.pth (EMA validation loss without trend: 0.814592).
Epoch [8/100] | Total Loss: 1.0983 | Aux Loss: 0.2065 | Train Mixed Loss: 0.8918 (Base: 0.3080, Trend: 0.1555, DTW: 0.1427, TopK: 0.5451) | Val Mixed Loss (No Trend): 0.7772 (Base: 0.2958, DTW: 0.1384, TopK: 0.4973) | EMA Val Loss (No Trend): 0.805242 | LR: 1.97e-04
Saved new best weights to best_model_seed1.pth (EMA validation loss without trend: 0.805242).
Epoch [9/100] | Total Loss: 1.0988 | Aux Loss: 0.2072 | Train Mixed Loss: 0.8916 (Base: 0.3092, Trend: 0.1564, DTW: 0.1419, TopK: 0.5450) | Val Mixed Loss (No Trend): 0.7640 (Base: 0.2920, DTW: 0.1342, TopK: 0.5001) | EMA Val Loss (No Trend): 0.794932 | LR: 1.96e-04
Saved new best weights to best_model_seed1.pth (EMA validation loss without trend: 0.794932).
Epoch [10/100] | Total Loss: 1.0847 | Aux Loss: 0.2064 | Train Mixed Loss: 0.8784 (Base: 0.3062, Trend: 0.1555, DTW: 0.1385, TopK: 0.5401) | Val Mixed Loss (No Trend): 0.7802 (Base: 0.3003, DTW: 0.1397, TopK: 0.4820) | EMA Val Loss (No Trend): 0.791242 | LR: 1.95e-04
Saved new best weights to best_model_seed1.pth (EMA validation loss without trend: 0.791242).
Epoch [11/100] | Total Loss: 1.0742 | Aux Loss: 0.2039 | Train Mixed Loss: 0.8704 (Base: 0.3047, Trend: 0.1547, DTW: 0.1365, TopK: 0.5359) | Val Mixed Loss (No Trend): 0.7728 (Base: 0.2963, DTW: 0.1384, TopK: 0.4811) | EMA Val Loss (No Trend): 0.786620 | LR: 1.94e-04
Saved new best weights to best_model_seed1.pth (EMA validation loss without trend: 0.786620).
Epoch [12/100] | Total Loss: 1.0741 | Aux Loss: 0.2021 | Train Mixed Loss: 0.8720 (Base: 0.3043, Trend: 0.1550, DTW: 0.1371, TopK: 0.5372) | Val Mixed Loss (No Trend): 0.7681 (Base: 0.2899, DTW: 0.1362, TopK: 0.5038) | EMA Val Loss (No Trend): 0.781981 | LR: 1.93e-04
Saved new best weights to best_model_seed1.pth (EMA validation loss without trend: 0.781981).
Epoch [13/100] | Total Loss: 1.0624 | Aux Loss: 0.2019 | Train Mixed Loss: 0.8606 (Base: 0.3019, Trend: 0.1535, DTW: 0.1343, TopK: 0.5319) | Val Mixed Loss (No Trend): 0.7579 (Base: 0.2855, DTW: 0.1321, TopK: 0.5175) | EMA Val Loss (No Trend): 0.775960 | LR: 1.92e-04
Saved new best weights to best_model_seed1.pth (EMA validation loss without trend: 0.775960).
Epoch [14/100] | Total Loss: 1.0552 | Aux Loss: 0.2005 | Train Mixed Loss: 0.8547 (Base: 0.3002, Trend: 0.1538, DTW: 0.1329, TopK: 0.5293) | Val Mixed Loss (No Trend): 0.7719 (Base: 0.2977, DTW: 0.1378, TopK: 0.4787) | EMA Val Loss (No Trend): 0.774941 | LR: 1.91e-04
Saved new best weights to best_model_seed1.pth (EMA validation loss without trend: 0.774941).
Epoch [15/100] | Total Loss: 1.0500 | Aux Loss: 0.1993 | Train Mixed Loss: 0.8507 (Base: 0.2986, Trend: 0.1525, DTW: 0.1325, TopK: 0.5263) | Val Mixed Loss (No Trend): 0.7586 (Base: 0.2889, DTW: 0.1330, TopK: 0.5019) | EMA Val Loss (No Trend): 0.770862 | LR: 1.89e-04
Saved new best weights to best_model_seed1.pth (EMA validation loss without trend: 0.770862).
Epoch [16/100] | Total Loss: 1.0446 | Aux Loss: 0.1977 | Train Mixed Loss: 0.8469 (Base: 0.2985, Trend: 0.1531, DTW: 0.1307, TopK: 0.5275) | Val Mixed Loss (No Trend): 0.7419 (Base: 0.2805, DTW: 0.1304, TopK: 0.4945) | EMA Val Loss (No Trend): 0.763618 | LR: 1.88e-04
Saved new best weights to best_model_seed1.pth (EMA validation loss without trend: 0.763618).
Epoch [17/100] | Total Loss: 1.0399 | Aux Loss: 0.1973 | Train Mixed Loss: 0.8426 (Base: 0.2966, Trend: 0.1528, DTW: 0.1301, TopK: 0.5244) | Val Mixed Loss (No Trend): 0.7482 (Base: 0.2879, DTW: 0.1316, TopK: 0.4818) | EMA Val Loss (No Trend): 0.759770 | LR: 1.86e-04
Saved new best weights to best_model_seed1.pth (EMA validation loss without trend: 0.759770).
Epoch [18/100] | Total Loss: 1.0398 | Aux Loss: 0.1984 | Train Mixed Loss: 0.8414 (Base: 0.2977, Trend: 0.1539, DTW: 0.1287, TopK: 0.5260) | Val Mixed Loss (No Trend): 0.7350 (Base: 0.2814, DTW: 0.1258, TopK: 0.5052) | EMA Val Loss (No Trend): 0.753571 | LR: 1.85e-04
Saved new best weights to best_model_seed1.pth (EMA validation loss without trend: 0.753571).
Epoch [19/100] | Total Loss: 1.0297 | Aux Loss: 0.1974 | Train Mixed Loss: 0.8322 (Base: 0.2943, Trend: 0.1517, DTW: 0.1277, TopK: 0.5185) | Val Mixed Loss (No Trend): 0.7537 (Base: 0.2946, DTW: 0.1314, TopK: 0.4792) | EMA Val Loss (No Trend): 0.753614 | LR: 1.83e-04
Epoch [20/100] | Total Loss: 1.0258 | Aux Loss: 0.1941 | Train Mixed Loss: 0.8317 (Base: 0.2941, Trend: 0.1522, DTW: 0.1275, TopK: 0.5185) | Val Mixed Loss (No Trend): 0.7295 (Base: 0.2783, DTW: 0.1263, TopK: 0.4935) | EMA Val Loss (No Trend): 0.747584 | LR: 1.81e-04
Saved new best weights to best_model_seed1.pth (EMA validation loss without trend: 0.747584).
Epoch [21/100] | Total Loss: 1.0222 | Aux Loss: 0.1941 | Train Mixed Loss: 0.8281 (Base: 0.2935, Trend: 0.1525, DTW: 0.1262, TopK: 0.5184) | Val Mixed Loss (No Trend): 0.7352 (Base: 0.2822, DTW: 0.1289, TopK: 0.4786) | EMA Val Loss (No Trend): 0.744494 | LR: 1.79e-04
Saved new best weights to best_model_seed1.pth (EMA validation loss without trend: 0.744494).
Epoch [22/100] | Total Loss: 1.0142 | Aux Loss: 0.1936 | Train Mixed Loss: 0.8207 (Base: 0.2913, Trend: 0.1520, DTW: 0.1249, TopK: 0.5117) | Val Mixed Loss (No Trend): 0.7347 (Base: 0.2799, DTW: 0.1276, TopK: 0.4950) | EMA Val Loss (No Trend): 0.742048 | LR: 1.77e-04
Saved new best weights to best_model_seed1.pth (EMA validation loss without trend: 0.742048).
Epoch [23/100] | Total Loss: 1.0112 | Aux Loss: 0.1930 | Train Mixed Loss: 0.8182 (Base: 0.2911, Trend: 0.1512, DTW: 0.1242, TopK: 0.5113) | Val Mixed Loss (No Trend): 0.7307 (Base: 0.2819, DTW: 0.1283, TopK: 0.4700) | EMA Val Loss (No Trend): 0.739209 | LR: 1.75e-04
Saved new best weights to best_model_seed1.pth (EMA validation loss without trend: 0.739209).
Epoch [24/100] | Total Loss: 1.0041 | Aux Loss: 0.1909 | Train Mixed Loss: 0.8132 (Base: 0.2894, Trend: 0.1511, DTW: 0.1230, TopK: 0.5102) | Val Mixed Loss (No Trend): 0.7369 (Base: 0.2878, DTW: 0.1286, TopK: 0.4677) | EMA Val Loss (No Trend): 0.738628 | LR: 1.73e-04
Saved new best weights to best_model_seed1.pth (EMA validation loss without trend: 0.738628).
Epoch [25/100] | Total Loss: 1.0029 | Aux Loss: 0.1914 | Train Mixed Loss: 0.8115 (Base: 0.2896, Trend: 0.1515, DTW: 0.1221, TopK: 0.5100) | Val Mixed Loss (No Trend): 0.7246 (Base: 0.2789, DTW: 0.1258, TopK: 0.4792) | EMA Val Loss (No Trend): 0.735114 | LR: 1.71e-04
Saved new best weights to best_model_seed1.pth (EMA validation loss without trend: 0.735114).
Epoch [26/100] | Total Loss: 0.9945 | Aux Loss: 0.1894 | Train Mixed Loss: 0.8051 (Base: 0.2876, Trend: 0.1505, DTW: 0.1209, TopK: 0.5071) | Val Mixed Loss (No Trend): 0.7169 (Base: 0.2784, DTW: 0.1229, TopK: 0.4785) | EMA Val Loss (No Trend): 0.730558 | LR: 1.69e-04
Saved new best weights to best_model_seed1.pth (EMA validation loss without trend: 0.730558).
Epoch [27/100] | Total Loss: 1.0004 | Aux Loss: 0.1896 | Train Mixed Loss: 0.8107 (Base: 0.2892, Trend: 0.1518, DTW: 0.1221, TopK: 0.5087) | Val Mixed Loss (No Trend): 0.7369 (Base: 0.2842, DTW: 0.1275, TopK: 0.4890) | EMA Val Loss (No Trend): 0.732144 | LR: 1.66e-04
Epoch [28/100] | Total Loss: 0.9807 | Aux Loss: 0.1878 | Train Mixed Loss: 0.7929 (Base: 0.2840, Trend: 0.1498, DTW: 0.1185, TopK: 0.4988) | Val Mixed Loss (No Trend): 0.7210 (Base: 0.2819, DTW: 0.1249, TopK: 0.4649) | EMA Val Loss (No Trend): 0.729349 | LR: 1.64e-04
Saved new best weights to best_model_seed1.pth (EMA validation loss without trend: 0.729349).
Epoch [29/100] | Total Loss: 0.9943 | Aux Loss: 0.1885 | Train Mixed Loss: 0.8057 (Base: 0.2879, Trend: 0.1521, DTW: 0.1207, TopK: 0.5073) | Val Mixed Loss (No Trend): 0.7424 (Base: 0.2825, DTW: 0.1312, TopK: 0.4832) | EMA Val Loss (No Trend): 0.732610 | LR: 1.61e-04
Epoch [30/100] | Total Loss: 0.9828 | Aux Loss: 0.1866 | Train Mixed Loss: 0.7962 (Base: 0.2843, Trend: 0.1513, DTW: 0.1187, TopK: 0.5046) | Val Mixed Loss (No Trend): 0.7605 (Base: 0.2994, DTW: 0.1355, TopK: 0.4525) | EMA Val Loss (No Trend): 0.739571 | LR: 1.59e-04
Epoch [31/100] | Total Loss: 0.9852 | Aux Loss: 0.1908 | Train Mixed Loss: 0.7944 (Base: 0.2843, Trend: 0.1514, DTW: 0.1184, TopK: 0.5009) | Val Mixed Loss (No Trend): 0.7391 (Base: 0.2872, DTW: 0.1292, TopK: 0.4726) | EMA Val Loss (No Trend): 0.739461 | LR: 1.56e-04
Epoch [32/100] | Total Loss: 0.9793 | Aux Loss: 0.1879 | Train Mixed Loss: 0.7914 (Base: 0.2847, Trend: 0.1520, DTW: 0.1170, TopK: 0.4995) | Val Mixed Loss (No Trend): 0.7186 (Base: 0.2760, DTW: 0.1232, TopK: 0.4893) | EMA Val Loss (No Trend): 0.734237 | LR: 1.54e-04
Epoch [33/100] | Total Loss: 0.9745 | Aux Loss: 0.1855 | Train Mixed Loss: 0.7889 (Base: 0.2839, Trend: 0.1518, DTW: 0.1167, TopK: 0.4968) | Val Mixed Loss (No Trend): 0.7247 (Base: 0.2785, DTW: 0.1248, TopK: 0.4888) | EMA Val Loss (No Trend): 0.731847 | LR: 1.51e-04
Epoch [34/100] | Total Loss: 0.9629 | Aux Loss: 0.1843 | Train Mixed Loss: 0.7787 (Base: 0.2807, Trend: 0.1498, DTW: 0.1150, TopK: 0.4899) | Val Mixed Loss (No Trend): 0.7142 (Base: 0.2787, DTW: 0.1223, TopK: 0.4735) | EMA Val Loss (No Trend): 0.727428 | LR: 1.48e-04
Saved new best weights to best_model_seed1.pth (EMA validation loss without trend: 0.727428).
Epoch [35/100] | Total Loss: 0.9687 | Aux Loss: 0.1838 | Train Mixed Loss: 0.7849 (Base: 0.2821, Trend: 0.1510, DTW: 0.1161, TopK: 0.4954) | Val Mixed Loss (No Trend): 0.7218 (Base: 0.2815, DTW: 0.1256, TopK: 0.4632) | EMA Val Loss (No Trend): 0.726027 | LR: 1.46e-04
Saved new best weights to best_model_seed1.pth (EMA validation loss without trend: 0.726027).
Epoch [36/100] | Total Loss: 0.9674 | Aux Loss: 0.1861 | Train Mixed Loss: 0.7813 (Base: 0.2810, Trend: 0.1512, DTW: 0.1153, TopK: 0.4930) | Val Mixed Loss (No Trend): 0.7290 (Base: 0.2783, DTW: 0.1258, TopK: 0.4964) | EMA Val Loss (No Trend): 0.726778 | LR: 1.43e-04
Epoch [37/100] | Total Loss: 0.9579 | Aux Loss: 0.1829 | Train Mixed Loss: 0.7749 (Base: 0.2794, Trend: 0.1509, DTW: 0.1135, TopK: 0.4921) | Val Mixed Loss (No Trend): 0.7368 (Base: 0.2828, DTW: 0.1304, TopK: 0.4699) | EMA Val Loss (No Trend): 0.729271 | LR: 1.40e-04
Epoch [38/100] | Total Loss: 0.9505 | Aux Loss: 0.1826 | Train Mixed Loss: 0.7679 (Base: 0.2773, Trend: 0.1503, DTW: 0.1122, TopK: 0.4877) | Val Mixed Loss (No Trend): 0.7333 (Base: 0.2852, DTW: 0.1274, TopK: 0.4740) | EMA Val Loss (No Trend): 0.730269 | LR: 1.37e-04
Epoch [39/100] | Total Loss: 0.9535 | Aux Loss: 0.1810 | Train Mixed Loss: 0.7725 (Base: 0.2793, Trend: 0.1506, DTW: 0.1131, TopK: 0.4880) | Val Mixed Loss (No Trend): 0.7330 (Base: 0.2868, DTW: 0.1282, TopK: 0.4619) | EMA Val Loss (No Trend): 0.730944 | LR: 1.34e-04
Epoch [40/100] | Total Loss: 0.9457 | Aux Loss: 0.1816 | Train Mixed Loss: 0.7640 (Base: 0.2762, Trend: 0.1497, DTW: 0.1112, TopK: 0.4870) | Val Mixed Loss (No Trend): 0.7182 (Base: 0.2752, DTW: 0.1230, TopK: 0.4930) | EMA Val Loss (No Trend): 0.727768 | LR: 1.31e-04
Epoch [41/100] | Total Loss: 0.9519 | Aux Loss: 0.1830 | Train Mixed Loss: 0.7689 (Base: 0.2781, Trend: 0.1505, DTW: 0.1124, TopK: 0.4862) | Val Mixed Loss (No Trend): 0.7341 (Base: 0.2874, DTW: 0.1292, TopK: 0.4552) | EMA Val Loss (No Trend): 0.729342 | LR: 1.28e-04
Epoch [42/100] | Total Loss: 0.9438 | Aux Loss: 0.1796 | Train Mixed Loss: 0.7642 (Base: 0.2765, Trend: 0.1502, DTW: 0.1113, TopK: 0.4850) | Val Mixed Loss (No Trend): 0.7182 (Base: 0.2788, DTW: 0.1246, TopK: 0.4673) | EMA Val Loss (No Trend): 0.726546 | LR: 1.25e-04
Epoch [43/100] | Total Loss: 0.9349 | Aux Loss: 0.1783 | Train Mixed Loss: 0.7566 (Base: 0.2747, Trend: 0.1490, DTW: 0.1097, TopK: 0.4805) | Val Mixed Loss (No Trend): 0.7161 (Base: 0.2793, DTW: 0.1235, TopK: 0.4681) | EMA Val Loss (No Trend): 0.723942 | LR: 1.22e-04
Saved new best weights to best_model_seed1.pth (EMA validation loss without trend: 0.723942).
Epoch [44/100] | Total Loss: 0.9367 | Aux Loss: 0.1825 | Train Mixed Loss: 0.7542 (Base: 0.2734, Trend: 0.1499, DTW: 0.1093, TopK: 0.4785) | Val Mixed Loss (No Trend): 0.7153 (Base: 0.2796, DTW: 0.1238, TopK: 0.4618) | EMA Val Loss (No Trend): 0.721781 | LR: 1.19e-04
Saved new best weights to best_model_seed1.pth (EMA validation loss without trend: 0.721781).
Epoch [45/100] | Total Loss: 0.9391 | Aux Loss: 0.1811 | Train Mixed Loss: 0.7580 (Base: 0.2755, Trend: 0.1500, DTW: 0.1096, TopK: 0.4814) | Val Mixed Loss (No Trend): 0.7128 (Base: 0.2749, DTW: 0.1221, TopK: 0.4827) | EMA Val Loss (No Trend): 0.719541 | LR: 1.16e-04
Saved new best weights to best_model_seed1.pth (EMA validation loss without trend: 0.719541).
Epoch [46/100] | Total Loss: 0.9340 | Aux Loss: 0.1798 | Train Mixed Loss: 0.7542 (Base: 0.2738, Trend: 0.1502, DTW: 0.1088, TopK: 0.4806) | Val Mixed Loss (No Trend): 0.7273 (Base: 0.2849, DTW: 0.1260, TopK: 0.4671) | EMA Val Loss (No Trend): 0.721493 | LR: 1.13e-04
Epoch [47/100] | Total Loss: 0.9240 | Aux Loss: 0.1766 | Train Mixed Loss: 0.7474 (Base: 0.2717, Trend: 0.1487, DTW: 0.1075, TopK: 0.4781) | Val Mixed Loss (No Trend): 0.7464 (Base: 0.2930, DTW: 0.1331, TopK: 0.4462) | EMA Val Loss (No Trend): 0.727724 | LR: 1.10e-04
Epoch [48/100] | Total Loss: 0.9241 | Aux Loss: 0.1788 | Train Mixed Loss: 0.7453 (Base: 0.2714, Trend: 0.1496, DTW: 0.1070, TopK: 0.4741) | Val Mixed Loss (No Trend): 0.7280 (Base: 0.2859, DTW: 0.1288, TopK: 0.4435) | EMA Val Loss (No Trend): 0.727793 | LR: 1.07e-04
Epoch [49/100] | Total Loss: 0.9197 | Aux Loss: 0.1769 | Train Mixed Loss: 0.7428 (Base: 0.2707, Trend: 0.1493, DTW: 0.1062, TopK: 0.4754) | Val Mixed Loss (No Trend): 0.7205 (Base: 0.2792, DTW: 0.1257, TopK: 0.4657) | EMA Val Loss (No Trend): 0.725967 | LR: 1.04e-04
Epoch [50/100] | Total Loss: 0.9241 | Aux Loss: 0.1778 | Train Mixed Loss: 0.7463 (Base: 0.2716, Trend: 0.1505, DTW: 0.1069, TopK: 0.4766) | Val Mixed Loss (No Trend): 0.7172 (Base: 0.2772, DTW: 0.1237, TopK: 0.4772) | EMA Val Loss (No Trend): 0.723785 | LR: 1.01e-04
Epoch [51/100] | Total Loss: 0.9169 | Aux Loss: 0.1780 | Train Mixed Loss: 0.7389 (Base: 0.2696, Trend: 0.1499, DTW: 0.1053, TopK: 0.4721) | Val Mixed Loss (No Trend): 0.7265 (Base: 0.2877, DTW: 0.1259, TopK: 0.4553) | EMA Val Loss (No Trend): 0.724459 | LR: 9.74e-05
Epoch [52/100] | Total Loss: 0.9089 | Aux Loss: 0.1757 | Train Mixed Loss: 0.7332 (Base: 0.2680, Trend: 0.1492, DTW: 0.1043, TopK: 0.4676) | Val Mixed Loss (No Trend): 0.7145 (Base: 0.2793, DTW: 0.1239, TopK: 0.4592) | EMA Val Loss (No Trend): 0.721976 | LR: 9.43e-05
Epoch [53/100] | Total Loss: 0.9121 | Aux Loss: 0.1772 | Train Mixed Loss: 0.7349 (Base: 0.2689, Trend: 0.1496, DTW: 0.1043, TopK: 0.4698) | Val Mixed Loss (No Trend): 0.7213 (Base: 0.2848, DTW: 0.1264, TopK: 0.4440) | EMA Val Loss (No Trend): 0.721807 | LR: 9.11e-05
Epoch [54/100] | Total Loss: 0.9070 | Aux Loss: 0.1763 | Train Mixed Loss: 0.7307 (Base: 0.2672, Trend: 0.1491, DTW: 0.1034, TopK: 0.4693) | Val Mixed Loss (No Trend): 0.7346 (Base: 0.2898, DTW: 0.1290, TopK: 0.4511) | EMA Val Loss (No Trend): 0.724997 | LR: 8.80e-05
Epoch [55/100] | Total Loss: 0.9038 | Aux Loss: 0.1751 | Train Mixed Loss: 0.7288 (Base: 0.2665, Trend: 0.1487, DTW: 0.1029, TopK: 0.4698) | Val Mixed Loss (No Trend): 0.7206 (Base: 0.2775, DTW: 0.1256, TopK: 0.4725) | EMA Val Loss (No Trend): 0.723895 | LR: 8.49e-05
Epoch [56/100] | Total Loss: 0.8991 | Aux Loss: 0.1752 | Train Mixed Loss: 0.7239 (Base: 0.2653, Trend: 0.1490, DTW: 0.1022, TopK: 0.4629) | Val Mixed Loss (No Trend): 0.7331 (Base: 0.2852, DTW: 0.1278, TopK: 0.4706) | EMA Val Loss (No Trend): 0.726185 | LR: 8.19e-05
Epoch [57/100] | Total Loss: 0.8959 | Aux Loss: 0.1748 | Train Mixed Loss: 0.7211 (Base: 0.2646, Trend: 0.1488, DTW: 0.1016, TopK: 0.4613) | Val Mixed Loss (No Trend): 0.7283 (Base: 0.2855, DTW: 0.1271, TopK: 0.4587) | EMA Val Loss (No Trend): 0.726703 | LR: 7.88e-05
Epoch [58/100] | Total Loss: 0.8929 | Aux Loss: 0.1723 | Train Mixed Loss: 0.7206 (Base: 0.2647, Trend: 0.1498, DTW: 0.1006, TopK: 0.4652) | Val Mixed Loss (No Trend): 0.7256 (Base: 0.2864, DTW: 0.1269, TopK: 0.4488) | EMA Val Loss (No Trend): 0.726418 | LR: 7.58e-05
Epoch [59/100] | Total Loss: 0.8958 | Aux Loss: 0.1757 | Train Mixed Loss: 0.7201 (Base: 0.2646, Trend: 0.1496, DTW: 0.1007, TopK: 0.4631) | Val Mixed Loss (No Trend): 0.7098 (Base: 0.2772, DTW: 0.1232, TopK: 0.4562) | EMA Val Loss (No Trend): 0.722253 | LR: 7.27e-05
Epoch [60/100] | Total Loss: 0.8931 | Aux Loss: 0.1739 | Train Mixed Loss: 0.7192 (Base: 0.2634, Trend: 0.1489, DTW: 0.1009, TopK: 0.4638) | Val Mixed Loss (No Trend): 0.7083 (Base: 0.2736, DTW: 0.1223, TopK: 0.4708) | EMA Val Loss (No Trend): 0.718769 | LR: 6.98e-05
Saved new best weights to best_model_seed1.pth (EMA validation loss without trend: 0.718769).
Epoch [61/100] | Total Loss: 0.8868 | Aux Loss: 0.1752 | Train Mixed Loss: 0.7117 (Base: 0.2615, Trend: 0.1490, DTW: 0.0992, TopK: 0.4588) | Val Mixed Loss (No Trend): 0.7367 (Base: 0.2871, DTW: 0.1285, TopK: 0.4707) | EMA Val Loss (No Trend): 0.723245 | LR: 6.68e-05
Epoch [62/100] | Total Loss: 0.8882 | Aux Loss: 0.1753 | Train Mixed Loss: 0.7129 (Base: 0.2615, Trend: 0.1483, DTW: 0.0997, TopK: 0.4602) | Val Mixed Loss (No Trend): 0.7136 (Base: 0.2739, DTW: 0.1242, TopK: 0.4721) | EMA Val Loss (No Trend): 0.720834 | LR: 6.39e-05
Epoch [63/100] | Total Loss: 0.8793 | Aux Loss: 0.1725 | Train Mixed Loss: 0.7068 (Base: 0.2603, Trend: 0.1486, DTW: 0.0980, TopK: 0.4568) | Val Mixed Loss (No Trend): 0.7268 (Base: 0.2847, DTW: 0.1274, TopK: 0.4544) | EMA Val Loss (No Trend): 0.722317 | LR: 6.10e-05
Epoch [64/100] | Total Loss: 0.8850 | Aux Loss: 0.1740 | Train Mixed Loss: 0.7110 (Base: 0.2616, Trend: 0.1491, DTW: 0.0991, TopK: 0.4567) | Val Mixed Loss (No Trend): 0.7348 (Base: 0.2847, DTW: 0.1291, TopK: 0.4671) | EMA Val Loss (No Trend): 0.725429 | LR: 5.81e-05
Epoch [65/100] | Total Loss: 0.8747 | Aux Loss: 0.1737 | Train Mixed Loss: 0.7010 (Base: 0.2581, Trend: 0.1487, DTW: 0.0968, TopK: 0.4546) | Val Mixed Loss (No Trend): 0.7127 (Base: 0.2785, DTW: 0.1236, TopK: 0.4590) | EMA Val Loss (No Trend): 0.722253 | LR: 5.53e-05
Epoch [66/100] | Total Loss: 0.8721 | Aux Loss: 0.1731 | Train Mixed Loss: 0.6990 (Base: 0.2586, Trend: 0.1482, DTW: 0.0960, TopK: 0.4528) | Val Mixed Loss (No Trend): 0.7319 (Base: 0.2823, DTW: 0.1285, TopK: 0.4709) | EMA Val Loss (No Trend): 0.724653 | LR: 5.26e-05
Epoch [67/100] | Total Loss: 0.8684 | Aux Loss: 0.1718 | Train Mixed Loss: 0.6966 (Base: 0.2583, Trend: 0.1480, DTW: 0.0957, TopK: 0.4492) | Val Mixed Loss (No Trend): 0.7200 (Base: 0.2793, DTW: 0.1251, TopK: 0.4687) | EMA Val Loss (No Trend): 0.723497 | LR: 4.99e-05
Epoch [68/100] | Total Loss: 0.8735 | Aux Loss: 0.1741 | Train Mixed Loss: 0.6995 (Base: 0.2582, Trend: 0.1485, DTW: 0.0965, TopK: 0.4516) | Val Mixed Loss (No Trend): 0.7181 (Base: 0.2809, DTW: 0.1259, TopK: 0.4507) | EMA Val Loss (No Trend): 0.722152 | LR: 4.72e-05
Epoch [69/100] | Total Loss: 0.8620 | Aux Loss: 0.1719 | Train Mixed Loss: 0.6902 (Base: 0.2557, Trend: 0.1480, DTW: 0.0945, TopK: 0.4455) | Val Mixed Loss (No Trend): 0.7214 (Base: 0.2803, DTW: 0.1265, TopK: 0.4581) | EMA Val Loss (No Trend): 0.721973 | LR: 4.46e-05
Epoch [70/100] | Total Loss: 0.8696 | Aux Loss: 0.1736 | Train Mixed Loss: 0.6961 (Base: 0.2574, Trend: 0.1488, DTW: 0.0954, TopK: 0.4510) | Val Mixed Loss (No Trend): 0.7290 (Base: 0.2823, DTW: 0.1280, TopK: 0.4654) | EMA Val Loss (No Trend): 0.723734 | LR: 4.20e-05
Epoch [71/100] | Total Loss: 0.8599 | Aux Loss: 0.1726 | Train Mixed Loss: 0.6873 (Base: 0.2547, Trend: 0.1476, DTW: 0.0937, TopK: 0.4467) | Val Mixed Loss (No Trend): 0.7143 (Base: 0.2766, DTW: 0.1245, TopK: 0.4631) | EMA Val Loss (No Trend): 0.721372 | LR: 3.95e-05
Epoch [72/100] | Total Loss: 0.8600 | Aux Loss: 0.1724 | Train Mixed Loss: 0.6876 (Base: 0.2547, Trend: 0.1478, DTW: 0.0941, TopK: 0.4437) | Val Mixed Loss (No Trend): 0.7041 (Base: 0.2727, DTW: 0.1218, TopK: 0.4641) | EMA Val Loss (No Trend): 0.717065 | LR: 3.71e-05
Saved new best weights to best_model_seed1.pth (EMA validation loss without trend: 0.717065).
Epoch [73/100] | Total Loss: 0.8615 | Aux Loss: 0.1706 | Train Mixed Loss: 0.6909 (Base: 0.2557, Trend: 0.1487, DTW: 0.0942, TopK: 0.4489) | Val Mixed Loss (No Trend): 0.7285 (Base: 0.2831, DTW: 0.1280, TopK: 0.4603) | EMA Val Loss (No Trend): 0.719912 | LR: 3.47e-05
Epoch [74/100] | Total Loss: 0.8619 | Aux Loss: 0.1714 | Train Mixed Loss: 0.6905 (Base: 0.2551, Trend: 0.1489, DTW: 0.0946, TopK: 0.4467) | Val Mixed Loss (No Trend): 0.7224 (Base: 0.2811, DTW: 0.1262, TopK: 0.4611) | EMA Val Loss (No Trend): 0.720522 | LR: 3.24e-05
Epoch [75/100] | Total Loss: 0.8591 | Aux Loss: 0.1715 | Train Mixed Loss: 0.6876 (Base: 0.2542, Trend: 0.1481, DTW: 0.0940, TopK: 0.4454) | Val Mixed Loss (No Trend): 0.7182 (Base: 0.2807, DTW: 0.1254, TopK: 0.4548) | EMA Val Loss (No Trend): 0.719937 | LR: 3.01e-05
Epoch [76/100] | Total Loss: 0.8511 | Aux Loss: 0.1722 | Train Mixed Loss: 0.6788 (Base: 0.2521, Trend: 0.1477, DTW: 0.0919, TopK: 0.4408) | Val Mixed Loss (No Trend): 0.7188 (Base: 0.2783, DTW: 0.1249, TopK: 0.4692) | EMA Val Loss (No Trend): 0.719650 | LR: 2.80e-05
Epoch [77/100] | Total Loss: 0.8559 | Aux Loss: 0.1720 | Train Mixed Loss: 0.6839 (Base: 0.2534, Trend: 0.1483, DTW: 0.0929, TopK: 0.4449) | Val Mixed Loss (No Trend): 0.7230 (Base: 0.2829, DTW: 0.1271, TopK: 0.4505) | EMA Val Loss (No Trend): 0.720486 | LR: 2.59e-05
Epoch [78/100] | Total Loss: 0.8484 | Aux Loss: 0.1706 | Train Mixed Loss: 0.6778 (Base: 0.2520, Trend: 0.1480, DTW: 0.0916, TopK: 0.4393) | Val Mixed Loss (No Trend): 0.7161 (Base: 0.2793, DTW: 0.1245, TopK: 0.4597) | EMA Val Loss (No Trend): 0.719380 | LR: 2.38e-05
Epoch [79/100] | Total Loss: 0.8463 | Aux Loss: 0.1716 | Train Mixed Loss: 0.6747 (Base: 0.2509, Trend: 0.1478, DTW: 0.0909, TopK: 0.4390) | Val Mixed Loss (No Trend): 0.7215 (Base: 0.2786, DTW: 0.1264, TopK: 0.4656) | EMA Val Loss (No Trend): 0.719908 | LR: 2.19e-05
Epoch [80/100] | Total Loss: 0.8470 | Aux Loss: 0.1707 | Train Mixed Loss: 0.6762 (Base: 0.2519, Trend: 0.1478, DTW: 0.0912, TopK: 0.4390) | Val Mixed Loss (No Trend): 0.7180 (Base: 0.2785, DTW: 0.1261, TopK: 0.4561) | EMA Val Loss (No Trend): 0.719436 | LR: 2.00e-05
Epoch [81/100] | Total Loss: 0.8414 | Aux Loss: 0.1694 | Train Mixed Loss: 0.6720 (Base: 0.2506, Trend: 0.1477, DTW: 0.0903, TopK: 0.4359) | Val Mixed Loss (No Trend): 0.7198 (Base: 0.2819, DTW: 0.1259, TopK: 0.4525) | EMA Val Loss (No Trend): 0.719522 | LR: 1.82e-05
Epoch [82/100] | Total Loss: 0.8407 | Aux Loss: 0.1711 | Train Mixed Loss: 0.6697 (Base: 0.2494, Trend: 0.1474, DTW: 0.0899, TopK: 0.4360) | Val Mixed Loss (No Trend): 0.7171 (Base: 0.2814, DTW: 0.1246, TopK: 0.4556) | EMA Val Loss (No Trend): 0.718912 | LR: 1.65e-05
Epoch [83/100] | Total Loss: 0.8429 | Aux Loss: 0.1711 | Train Mixed Loss: 0.6718 (Base: 0.2502, Trend: 0.1480, DTW: 0.0903, TopK: 0.4357) | Val Mixed Loss (No Trend): 0.7242 (Base: 0.2813, DTW: 0.1265, TopK: 0.4637) | EMA Val Loss (No Trend): 0.720223 | LR: 1.49e-05
Epoch [84/100] | Total Loss: 0.8474 | Aux Loss: 0.1699 | Train Mixed Loss: 0.6774 (Base: 0.2523, Trend: 0.1492, DTW: 0.0909, TopK: 0.4415) | Val Mixed Loss (No Trend): 0.7196 (Base: 0.2836, DTW: 0.1259, TopK: 0.4466) | EMA Val Loss (No Trend): 0.720079 | LR: 1.33e-05
Epoch [85/100] | Total Loss: 0.8364 | Aux Loss: 0.1703 | Train Mixed Loss: 0.6661 (Base: 0.2485, Trend: 0.1477, DTW: 0.0892, TopK: 0.4322) | Val Mixed Loss (No Trend): 0.7255 (Base: 0.2845, DTW: 0.1274, TopK: 0.4510) | EMA Val Loss (No Trend): 0.721438 | LR: 1.18e-05
Epoch [86/100] | Total Loss: 0.8454 | Aux Loss: 0.1717 | Train Mixed Loss: 0.6737 (Base: 0.2507, Trend: 0.1492, DTW: 0.0903, TopK: 0.4389) | Val Mixed Loss (No Trend): 0.7349 (Base: 0.2854, DTW: 0.1295, TopK: 0.4625) | EMA Val Loss (No Trend): 0.724799 | LR: 1.05e-05
Epoch [87/100] | Total Loss: 0.8412 | Aux Loss: 0.1701 | Train Mixed Loss: 0.6711 (Base: 0.2490, Trend: 0.1482, DTW: 0.0902, TopK: 0.4387) | Val Mixed Loss (No Trend): 0.7195 (Base: 0.2817, DTW: 0.1247, TopK: 0.4616) | EMA Val Loss (No Trend): 0.723484 | LR: 9.18e-06
Epoch [88/100] | Total Loss: 0.8364 | Aux Loss: 0.1705 | Train Mixed Loss: 0.6659 (Base: 0.2481, Trend: 0.1472, DTW: 0.0891, TopK: 0.4343) | Val Mixed Loss (No Trend): 0.7233 (Base: 0.2818, DTW: 0.1273, TopK: 0.4530) | EMA Val Loss (No Trend): 0.723429 | LR: 7.99e-06
Epoch [89/100] | Total Loss: 0.8350 | Aux Loss: 0.1705 | Train Mixed Loss: 0.6645 (Base: 0.2479, Trend: 0.1473, DTW: 0.0888, TopK: 0.4322) | Val Mixed Loss (No Trend): 0.7205 (Base: 0.2805, DTW: 0.1265, TopK: 0.4547) | EMA Val Loss (No Trend): 0.722688 | LR: 6.88e-06
Epoch [90/100] | Total Loss: 0.8388 | Aux Loss: 0.1699 | Train Mixed Loss: 0.6689 (Base: 0.2496, Trend: 0.1486, DTW: 0.0894, TopK: 0.4344) | Val Mixed Loss (No Trend): 0.7175 (Base: 0.2807, DTW: 0.1248, TopK: 0.4576) | EMA Val Loss (No Trend): 0.721394 | LR: 5.87e-06
Epoch [91/100] | Total Loss: 0.8372 | Aux Loss: 0.1697 | Train Mixed Loss: 0.6675 (Base: 0.2490, Trend: 0.1486, DTW: 0.0892, TopK: 0.4341) | Val Mixed Loss (No Trend): 0.7238 (Base: 0.2818, DTW: 0.1272, TopK: 0.4554) | EMA Val Loss (No Trend): 0.721990 | LR: 4.95e-06
Epoch [92/100] | Total Loss: 0.8385 | Aux Loss: 0.1707 | Train Mixed Loss: 0.6678 (Base: 0.2485, Trend: 0.1479, DTW: 0.0894, TopK: 0.4361) | Val Mixed Loss (No Trend): 0.7233 (Base: 0.2809, DTW: 0.1266, TopK: 0.4617) | EMA Val Loss (No Trend): 0.722330 | LR: 4.13e-06
Epoch [93/100] | Total Loss: 0.8387 | Aux Loss: 0.1704 | Train Mixed Loss: 0.6683 (Base: 0.2493, Trend: 0.1483, DTW: 0.0893, TopK: 0.4357) | Val Mixed Loss (No Trend): 0.7267 (Base: 0.2838, DTW: 0.1268, TopK: 0.4617) | EMA Val Loss (No Trend): 0.723419 | LR: 3.40e-06
Epoch [94/100] | Total Loss: 0.8313 | Aux Loss: 0.1689 | Train Mixed Loss: 0.6624 (Base: 0.2476, Trend: 0.1476, DTW: 0.0881, TopK: 0.4316) | Val Mixed Loss (No Trend): 0.7111 (Base: 0.2780, DTW: 0.1233, TopK: 0.4575) | EMA Val Loss (No Trend): 0.720350 | LR: 2.76e-06
Epoch [95/100] | Total Loss: 0.8353 | Aux Loss: 0.1676 | Train Mixed Loss: 0.6676 (Base: 0.2484, Trend: 0.1480, DTW: 0.0896, TopK: 0.4337) | Val Mixed Loss (No Trend): 0.7134 (Base: 0.2779, DTW: 0.1242, TopK: 0.4582) | EMA Val Loss (No Trend): 0.718617 | LR: 2.23e-06
Epoch [96/100] | Total Loss: 0.8366 | Aux Loss: 0.1693 | Train Mixed Loss: 0.6672 (Base: 0.2491, Trend: 0.1491, DTW: 0.0887, TopK: 0.4354) | Val Mixed Loss (No Trend): 0.7161 (Base: 0.2786, DTW: 0.1256, TopK: 0.4534) | EMA Val Loss (No Trend): 0.717976 | LR: 1.78e-06
Epoch [97/100] | Total Loss: 0.8311 | Aux Loss: 0.1685 | Train Mixed Loss: 0.6626 (Base: 0.2479, Trend: 0.1481, DTW: 0.0880, TopK: 0.4314) | Val Mixed Loss (No Trend): 0.7327 (Base: 0.2858, DTW: 0.1291, TopK: 0.4571) | EMA Val Loss (No Trend): 0.721670 | LR: 1.44e-06
Epoch [98/100] | Total Loss: 0.8327 | Aux Loss: 0.1693 | Train Mixed Loss: 0.6634 (Base: 0.2477, Trend: 0.1478, DTW: 0.0884, TopK: 0.4321) | Val Mixed Loss (No Trend): 0.7281 (Base: 0.2838, DTW: 0.1272, TopK: 0.4637) | EMA Val Loss (No Trend): 0.723285 | LR: 1.20e-06
Epoch [99/100] | Total Loss: 0.8368 | Aux Loss: 0.1710 | Train Mixed Loss: 0.6658 (Base: 0.2484, Trend: 0.1480, DTW: 0.0889, TopK: 0.4332) | Val Mixed Loss (No Trend): 0.7158 (Base: 0.2804, DTW: 0.1241, TopK: 0.4588) | EMA Val Loss (No Trend): 0.721413 | LR: 1.05e-06
Epoch [100/100] | Total Loss: 0.8319 | Aux Loss: 0.1690 | Train Mixed Loss: 0.6630 (Base: 0.2475, Trend: 0.1475, DTW: 0.0885, TopK: 0.4312) | Val Mixed Loss (No Trend): 0.7248 (Base: 0.2818, DTW: 0.1271, TopK: 0.4600) | EMA Val Loss (No Trend): 0.722264 | LR: 2.00e-04
