Starting Transformer experiment with seed 4 in /root/autodl-tmp/parallel_runs/worker_4_seed_4
Device: cuda
Data shape: (1029, 35040, 10)
Max PM2.5 value: 32768.0
Abnormal points (>1000): 636
Loaded cache: /root/autodl-tmp/parallel_runs/worker_4_seed_4/dataset_cache_train_2y_T144_P48_seed_4.pt (Eligible stations: 1029/1029)
Loaded cache: /root/autodl-tmp/parallel_runs/worker_4_seed_4/dataset_cache_val_1y_T144_P48_seed_4.pt (Eligible stations: 1029/1029)
Total trainable parameters: 2,259,201
Epoch [1/100] | Train Loss: 1.0767 (Base: 0.3426, Trend: 0.1683, DTW: 0.1949, TopK: 0.6072) | Val Loss: 0.895620 (Base: 0.3122, DTW: 0.1727, TopK: 0.5627) | EMA No-Trend Loss: 0.895620 | LR: 2.00e-04
Epoch [2/100] | Train Loss: 0.9951 (Base: 0.3337, Trend: 0.1723, DTW: 0.1650, TopK: 0.5977) | Val Loss: 0.837309 (Base: 0.3157, DTW: 0.1474, TopK: 0.5595) | EMA No-Trend Loss: 0.881042 | LR: 2.00e-04
Epoch [3/100] | Train Loss: 0.9696 (Base: 0.3287, Trend: 0.1699, DTW: 0.1581, TopK: 0.5884) | Val Loss: 0.818264 (Base: 0.3025, DTW: 0.1431, TopK: 0.5745) | EMA No-Trend Loss: 0.865348 | LR: 2.00e-04
Epoch [4/100] | Train Loss: 0.9487 (Base: 0.3235, Trend: 0.1684, DTW: 0.1529, TopK: 0.5806) | Val Loss: 0.821940 (Base: 0.3091, DTW: 0.1426, TopK: 0.5686) | EMA No-Trend Loss: 0.854496 | LR: 1.99e-04
Epoch [5/100] | Train Loss: 0.9377 (Base: 0.3209, Trend: 0.1671, DTW: 0.1501, TopK: 0.5766) | Val Loss: 0.795110 (Base: 0.3018, DTW: 0.1388, TopK: 0.5344) | EMA No-Trend Loss: 0.839649 | LR: 1.99e-04
Epoch [6/100] | Train Loss: 0.9252 (Base: 0.3182, Trend: 0.1658, DTW: 0.1470, TopK: 0.5708) | Val Loss: 0.788808 (Base: 0.2941, DTW: 0.1410, TopK: 0.5208) | EMA No-Trend Loss: 0.826939 | LR: 1.98e-04
Epoch [7/100] | Train Loss: 0.9163 (Base: 0.3155, Trend: 0.1658, DTW: 0.1449, TopK: 0.5674) | Val Loss: 0.803863 (Base: 0.2962, DTW: 0.1397, TopK: 0.5745) | EMA No-Trend Loss: 0.821170 | LR: 1.98e-04
Epoch [8/100] | Train Loss: 0.9097 (Base: 0.3138, Trend: 0.1650, DTW: 0.1435, TopK: 0.5637) | Val Loss: 0.800532 (Base: 0.3025, DTW: 0.1419, TopK: 0.5246) | EMA No-Trend Loss: 0.816011 | LR: 1.97e-04
Epoch [9/100] | Train Loss: 0.9014 (Base: 0.3123, Trend: 0.1649, DTW: 0.1412, TopK: 0.5594) | Val Loss: 0.785569 (Base: 0.2937, DTW: 0.1396, TopK: 0.5231) | EMA No-Trend Loss: 0.808400 | LR: 1.96e-04
Epoch [10/100] | Train Loss: 0.8942 (Base: 0.3101, Trend: 0.1648, DTW: 0.1393, TopK: 0.5584) | Val Loss: 0.810376 (Base: 0.3095, DTW: 0.1472, TopK: 0.4918) | EMA No-Trend Loss: 0.808894 | LR: 1.95e-04
Epoch [11/100] | Train Loss: 0.8909 (Base: 0.3096, Trend: 0.1651, DTW: 0.1383, TopK: 0.5558) | Val Loss: 0.783407 (Base: 0.2975, DTW: 0.1387, TopK: 0.5100) | EMA No-Trend Loss: 0.802522 | LR: 1.94e-04
Epoch [12/100] | Train Loss: 0.8843 (Base: 0.3079, Trend: 0.1647, DTW: 0.1368, TopK: 0.5526) | Val Loss: 0.810961 (Base: 0.3082, DTW: 0.1485, TopK: 0.4875) | EMA No-Trend Loss: 0.804632 | LR: 1.93e-04
Epoch [13/100] | Train Loss: 0.8836 (Base: 0.3072, Trend: 0.1647, DTW: 0.1367, TopK: 0.5531) | Val Loss: 0.789417 (Base: 0.2965, DTW: 0.1394, TopK: 0.5278) | EMA No-Trend Loss: 0.800828 | LR: 1.92e-04
Epoch [14/100] | Train Loss: 0.8774 (Base: 0.3055, Trend: 0.1636, DTW: 0.1355, TopK: 0.5499) | Val Loss: 0.790205 (Base: 0.2946, DTW: 0.1395, TopK: 0.5364) | EMA No-Trend Loss: 0.798172 | LR: 1.91e-04
Epoch [15/100] | Train Loss: 0.8679 (Base: 0.3028, Trend: 0.1635, DTW: 0.1333, TopK: 0.5450) | Val Loss: 0.791697 (Base: 0.3004, DTW: 0.1431, TopK: 0.4926) | EMA No-Trend Loss: 0.796554 | LR: 1.89e-04
Epoch [16/100] | Train Loss: 0.8629 (Base: 0.3019, Trend: 0.1631, DTW: 0.1319, TopK: 0.5426) | Val Loss: 0.776629 (Base: 0.2942, DTW: 0.1346, TopK: 0.5317) | EMA No-Trend Loss: 0.791572 | LR: 1.88e-04
Epoch [17/100] | Train Loss: 0.8634 (Base: 0.3028, Trend: 0.1636, DTW: 0.1318, TopK: 0.5417) | Val Loss: 0.792832 (Base: 0.2975, DTW: 0.1404, TopK: 0.5279) | EMA No-Trend Loss: 0.791887 | LR: 1.86e-04
Epoch [18/100] | Train Loss: 0.8526 (Base: 0.2991, Trend: 0.1628, DTW: 0.1295, TopK: 0.5378) | Val Loss: 0.785304 (Base: 0.2973, DTW: 0.1393, TopK: 0.5125) | EMA No-Trend Loss: 0.790242 | LR: 1.85e-04
Epoch [19/100] | Train Loss: 0.8485 (Base: 0.2980, Trend: 0.1615, DTW: 0.1288, TopK: 0.5353) | Val Loss: 0.776798 (Base: 0.2950, DTW: 0.1382, TopK: 0.5007) | EMA No-Trend Loss: 0.786881 | LR: 1.83e-04
Epoch [20/100] | Train Loss: 0.8407 (Base: 0.2964, Trend: 0.1623, DTW: 0.1266, TopK: 0.5311) | Val Loss: 0.775184 (Base: 0.2942, DTW: 0.1384, TopK: 0.4961) | EMA No-Trend Loss: 0.783957 | LR: 1.81e-04
Epoch [21/100] | Train Loss: 0.8409 (Base: 0.2963, Trend: 0.1616, DTW: 0.1270, TopK: 0.5303) | Val Loss: 0.771534 (Base: 0.2918, DTW: 0.1365, TopK: 0.5074) | EMA No-Trend Loss: 0.780851 | LR: 1.79e-04
Epoch [22/100] | Train Loss: 0.8357 (Base: 0.2947, Trend: 0.1622, DTW: 0.1255, TopK: 0.5287) | Val Loss: 0.770927 (Base: 0.2892, DTW: 0.1369, TopK: 0.5110) | EMA No-Trend Loss: 0.778370 | LR: 1.77e-04
Epoch [23/100] | Train Loss: 0.8266 (Base: 0.2925, Trend: 0.1611, DTW: 0.1238, TopK: 0.5218) | Val Loss: 0.765335 (Base: 0.2873, DTW: 0.1353, TopK: 0.5109) | EMA No-Trend Loss: 0.775111 | LR: 1.75e-04
Epoch [24/100] | Train Loss: 0.8296 (Base: 0.2932, Trend: 0.1619, DTW: 0.1243, TopK: 0.5242) | Val Loss: 0.763585 (Base: 0.2905, DTW: 0.1351, TopK: 0.4957) | EMA No-Trend Loss: 0.772230 | LR: 1.73e-04
Epoch [25/100] | Train Loss: 0.8234 (Base: 0.2916, Trend: 0.1620, DTW: 0.1224, TopK: 0.5236) | Val Loss: 0.807369 (Base: 0.3077, DTW: 0.1484, TopK: 0.4787) | EMA No-Trend Loss: 0.781014 | LR: 1.71e-04
Epoch [26/100] | Train Loss: 0.8200 (Base: 0.2906, Trend: 0.1613, DTW: 0.1222, TopK: 0.5184) | Val Loss: 0.779879 (Base: 0.2957, DTW: 0.1403, TopK: 0.4920) | EMA No-Trend Loss: 0.780731 | LR: 1.69e-04
Epoch [27/100] | Train Loss: 0.8146 (Base: 0.2891, Trend: 0.1613, DTW: 0.1210, TopK: 0.5152) | Val Loss: 0.781687 (Base: 0.2973, DTW: 0.1402, TopK: 0.4929) | EMA No-Trend Loss: 0.780970 | LR: 1.66e-04
Epoch [28/100] | Train Loss: 0.8096 (Base: 0.2879, Trend: 0.1609, DTW: 0.1194, TopK: 0.5152) | Val Loss: 0.784329 (Base: 0.2968, DTW: 0.1424, TopK: 0.4861) | EMA No-Trend Loss: 0.781809 | LR: 1.64e-04
Epoch [29/100] | Train Loss: 0.8040 (Base: 0.2865, Trend: 0.1606, DTW: 0.1182, TopK: 0.5116) | Val Loss: 0.786243 (Base: 0.2957, DTW: 0.1423, TopK: 0.4967) | EMA No-Trend Loss: 0.782918 | LR: 1.61e-04
Epoch [30/100] | Train Loss: 0.8055 (Base: 0.2861, Trend: 0.1613, DTW: 0.1188, TopK: 0.5120) | Val Loss: 0.797355 (Base: 0.3033, DTW: 0.1453, TopK: 0.4841) | EMA No-Trend Loss: 0.786527 | LR: 1.59e-04
Epoch [31/100] | Train Loss: 0.7992 (Base: 0.2848, Trend: 0.1608, DTW: 0.1173, TopK: 0.5083) | Val Loss: 0.781755 (Base: 0.2975, DTW: 0.1411, TopK: 0.4852) | EMA No-Trend Loss: 0.785334 | LR: 1.56e-04
Epoch [32/100] | Train Loss: 0.7914 (Base: 0.2834, Trend: 0.1604, DTW: 0.1155, TopK: 0.5023) | Val Loss: 0.775254 (Base: 0.2959, DTW: 0.1382, TopK: 0.4926) | EMA No-Trend Loss: 0.782814 | LR: 1.54e-04
Epoch [33/100] | Train Loss: 0.7929 (Base: 0.2839, Trend: 0.1612, DTW: 0.1155, TopK: 0.5038) | Val Loss: 0.782002 (Base: 0.2907, DTW: 0.1411, TopK: 0.5094) | EMA No-Trend Loss: 0.782611 | LR: 1.51e-04
Epoch [34/100] | Train Loss: 0.7897 (Base: 0.2822, Trend: 0.1613, DTW: 0.1148, TopK: 0.5044) | Val Loss: 0.787150 (Base: 0.2979, DTW: 0.1427, TopK: 0.4891) | EMA No-Trend Loss: 0.783746 | LR: 1.48e-04
Epoch [35/100] | Train Loss: 0.7832 (Base: 0.2810, Trend: 0.1606, DTW: 0.1134, TopK: 0.4995) | Val Loss: 0.772361 (Base: 0.2889, DTW: 0.1384, TopK: 0.5041) | EMA No-Trend Loss: 0.780900 | LR: 1.46e-04
Epoch [36/100] | Train Loss: 0.7747 (Base: 0.2783, Trend: 0.1596, DTW: 0.1116, TopK: 0.4957) | Val Loss: 0.765779 (Base: 0.2895, DTW: 0.1370, TopK: 0.4920) | EMA No-Trend Loss: 0.777119 | LR: 1.43e-04
Epoch [37/100] | Train Loss: 0.7755 (Base: 0.2788, Trend: 0.1603, DTW: 0.1115, TopK: 0.4967) | Val Loss: 0.769304 (Base: 0.2901, DTW: 0.1384, TopK: 0.4903) | EMA No-Trend Loss: 0.775165 | LR: 1.40e-04
Epoch [38/100] | Train Loss: 0.7722 (Base: 0.2774, Trend: 0.1601, DTW: 0.1107, TopK: 0.4973) | Val Loss: 0.771404 (Base: 0.2901, DTW: 0.1383, TopK: 0.4980) | EMA No-Trend Loss: 0.774225 | LR: 1.37e-04
Epoch [39/100] | Train Loss: 0.7724 (Base: 0.2776, Trend: 0.1607, DTW: 0.1109, TopK: 0.4944) | Val Loss: 0.766873 (Base: 0.2896, DTW: 0.1376, TopK: 0.4898) | EMA No-Trend Loss: 0.772387 | LR: 1.34e-04
Epoch [40/100] | Train Loss: 0.7646 (Base: 0.2754, Trend: 0.1600, DTW: 0.1092, TopK: 0.4900) | Val Loss: 0.768346 (Base: 0.2865, DTW: 0.1377, TopK: 0.5047) | EMA No-Trend Loss: 0.771377 | LR: 1.31e-04
Epoch [41/100] | Train Loss: 0.7668 (Base: 0.2761, Trend: 0.1612, DTW: 0.1094, TopK: 0.4921) | Val Loss: 0.773411 (Base: 0.2938, DTW: 0.1392, TopK: 0.4850) | EMA No-Trend Loss: 0.771885 | LR: 1.28e-04
Epoch [42/100] | Train Loss: 0.7615 (Base: 0.2749, Trend: 0.1605, DTW: 0.1082, TopK: 0.4888) | Val Loss: 0.780133 (Base: 0.2932, DTW: 0.1417, TopK: 0.4900) | EMA No-Trend Loss: 0.773947 | LR: 1.25e-04
Epoch [43/100] | Train Loss: 0.7566 (Base: 0.2730, Trend: 0.1606, DTW: 0.1073, TopK: 0.4861) | Val Loss: 0.768264 (Base: 0.2899, DTW: 0.1382, TopK: 0.4888) | EMA No-Trend Loss: 0.772526 | LR: 1.22e-04
Epoch [44/100] | Train Loss: 0.7503 (Base: 0.2720, Trend: 0.1604, DTW: 0.1056, TopK: 0.4823) | Val Loss: 0.777910 (Base: 0.2945, DTW: 0.1408, TopK: 0.4848) | EMA No-Trend Loss: 0.773872 | LR: 1.19e-04
Epoch [45/100] | Train Loss: 0.7517 (Base: 0.2717, Trend: 0.1607, DTW: 0.1061, TopK: 0.4833) | Val Loss: 0.770640 (Base: 0.2891, DTW: 0.1390, TopK: 0.4933) | EMA No-Trend Loss: 0.773064 | LR: 1.16e-04
Epoch [46/100] | Train Loss: 0.7429 (Base: 0.2695, Trend: 0.1604, DTW: 0.1041, TopK: 0.4777) | Val Loss: 0.765565 (Base: 0.2890, DTW: 0.1370, TopK: 0.4922) | EMA No-Trend Loss: 0.771189 | LR: 1.13e-04
Epoch [47/100] | Train Loss: 0.7441 (Base: 0.2704, Trend: 0.1606, DTW: 0.1040, TopK: 0.4796) | Val Loss: 0.769374 (Base: 0.2903, DTW: 0.1385, TopK: 0.4893) | EMA No-Trend Loss: 0.770736 | LR: 1.10e-04
Epoch [48/100] | Train Loss: 0.7425 (Base: 0.2695, Trend: 0.1605, DTW: 0.1038, TopK: 0.4791) | Val Loss: 0.774054 (Base: 0.2905, DTW: 0.1391, TopK: 0.4991) | EMA No-Trend Loss: 0.771565 | LR: 1.07e-04
Epoch [49/100] | Train Loss: 0.7363 (Base: 0.2681, Trend: 0.1601, DTW: 0.1026, TopK: 0.4733) | Val Loss: 0.765960 (Base: 0.2895, DTW: 0.1372, TopK: 0.4904) | EMA No-Trend Loss: 0.770164 | LR: 1.04e-04
Epoch [50/100] | Train Loss: 0.7369 (Base: 0.2677, Trend: 0.1607, DTW: 0.1026, TopK: 0.4748) | Val Loss: 0.763870 (Base: 0.2848, DTW: 0.1370, TopK: 0.5006) | EMA No-Trend Loss: 0.768590 | LR: 1.00e-04
Epoch [51/100] | Train Loss: 0.7291 (Base: 0.2658, Trend: 0.1606, DTW: 0.1006, TopK: 0.4721) | Val Loss: 0.773567 (Base: 0.2899, DTW: 0.1398, TopK: 0.4943) | EMA No-Trend Loss: 0.769834 | LR: 9.74e-05
Epoch [52/100] | Train Loss: 0.7306 (Base: 0.2657, Trend: 0.1608, DTW: 0.1010, TopK: 0.4740) | Val Loss: 0.780952 (Base: 0.2938, DTW: 0.1414, TopK: 0.4927) | EMA No-Trend Loss: 0.772614 | LR: 9.43e-05
Epoch [53/100] | Train Loss: 0.7278 (Base: 0.2651, Trend: 0.1609, DTW: 0.1004, TopK: 0.4706) | Val Loss: 0.778077 (Base: 0.2909, DTW: 0.1396, TopK: 0.5069) | EMA No-Trend Loss: 0.773980 | LR: 9.11e-05
Epoch [54/100] | Train Loss: 0.7198 (Base: 0.2634, Trend: 0.1604, DTW: 0.0984, TopK: 0.4669) | Val Loss: 0.770468 (Base: 0.2898, DTW: 0.1388, TopK: 0.4916) | EMA No-Trend Loss: 0.773102 | LR: 8.80e-05
Epoch [55/100] | Train Loss: 0.7175 (Base: 0.2623, Trend: 0.1606, DTW: 0.0980, TopK: 0.4651) | Val Loss: 0.768288 (Base: 0.2875, DTW: 0.1389, TopK: 0.4916) | EMA No-Trend Loss: 0.771898 | LR: 8.49e-05
Epoch [56/100] | Train Loss: 0.7158 (Base: 0.2618, Trend: 0.1607, DTW: 0.0976, TopK: 0.4648) | Val Loss: 0.787274 (Base: 0.2980, DTW: 0.1438, TopK: 0.4807) | EMA No-Trend Loss: 0.775742 | LR: 8.19e-05
Epoch [57/100] | Train Loss: 0.7159 (Base: 0.2623, Trend: 0.1615, DTW: 0.0974, TopK: 0.4633) | Val Loss: 0.773674 (Base: 0.2890, DTW: 0.1396, TopK: 0.4987) | EMA No-Trend Loss: 0.775225 | LR: 7.88e-05
Epoch [58/100] | Train Loss: 0.7142 (Base: 0.2618, Trend: 0.1616, DTW: 0.0969, TopK: 0.4638) | Val Loss: 0.777210 (Base: 0.2890, DTW: 0.1403, TopK: 0.5054) | EMA No-Trend Loss: 0.775721 | LR: 7.58e-05
Epoch [59/100] | Train Loss: 0.7127 (Base: 0.2613, Trend: 0.1616, DTW: 0.0965, TopK: 0.4637) | Val Loss: 0.780021 (Base: 0.2953, DTW: 0.1416, TopK: 0.4832) | EMA No-Trend Loss: 0.776796 | LR: 7.27e-05
Epoch [60/100] | Train Loss: 0.7095 (Base: 0.2605, Trend: 0.1618, DTW: 0.0960, TopK: 0.4594) | Val Loss: 0.782265 (Base: 0.2940, DTW: 0.1414, TopK: 0.4964) | EMA No-Trend Loss: 0.778163 | LR: 6.98e-05
Epoch [61/100] | Train Loss: 0.7083 (Base: 0.2602, Trend: 0.1621, DTW: 0.0954, TopK: 0.4607) | Val Loss: 0.764188 (Base: 0.2884, DTW: 0.1369, TopK: 0.4906) | EMA No-Trend Loss: 0.774670 | LR: 6.68e-05
Epoch [62/100] | Train Loss: 0.7004 (Base: 0.2574, Trend: 0.1611, DTW: 0.0940, TopK: 0.4563) | Val Loss: 0.781530 (Base: 0.2932, DTW: 0.1415, TopK: 0.4961) | EMA No-Trend Loss: 0.776385 | LR: 6.39e-05
Epoch [63/100] | Train Loss: 0.6949 (Base: 0.2556, Trend: 0.1600, DTW: 0.0931, TopK: 0.4533) | Val Loss: 0.776834 (Base: 0.2936, DTW: 0.1408, TopK: 0.4842) | EMA No-Trend Loss: 0.776497 | LR: 6.10e-05
Epoch [64/100] | Train Loss: 0.6946 (Base: 0.2553, Trend: 0.1607, DTW: 0.0927, TopK: 0.4547) | Val Loss: 0.770900 (Base: 0.2897, DTW: 0.1399, TopK: 0.4852) | EMA No-Trend Loss: 0.775098 | LR: 5.81e-05
Epoch [65/100] | Train Loss: 0.6932 (Base: 0.2556, Trend: 0.1614, DTW: 0.0922, TopK: 0.4517) | Val Loss: 0.762341 (Base: 0.2867, DTW: 0.1369, TopK: 0.4901) | EMA No-Trend Loss: 0.771909 | LR: 5.53e-05
Epoch [66/100] | Train Loss: 0.6954 (Base: 0.2563, Trend: 0.1616, DTW: 0.0928, TopK: 0.4521) | Val Loss: 0.770637 (Base: 0.2899, DTW: 0.1386, TopK: 0.4938) | EMA No-Trend Loss: 0.771591 | LR: 5.26e-05
Epoch [67/100] | Train Loss: 0.6930 (Base: 0.2562, Trend: 0.1619, DTW: 0.0918, TopK: 0.4518) | Val Loss: 0.770502 (Base: 0.2891, DTW: 0.1393, TopK: 0.4906) | EMA No-Trend Loss: 0.771318 | LR: 4.99e-05
Epoch [68/100] | Train Loss: 0.6893 (Base: 0.2546, Trend: 0.1619, DTW: 0.0910, TopK: 0.4509) | Val Loss: 0.771505 (Base: 0.2897, DTW: 0.1393, TopK: 0.4919) | EMA No-Trend Loss: 0.771365 | LR: 4.72e-05
Epoch [69/100] | Train Loss: 0.6901 (Base: 0.2545, Trend: 0.1621, DTW: 0.0912, TopK: 0.4526) | Val Loss: 0.767778 (Base: 0.2898, DTW: 0.1391, TopK: 0.4806) | EMA No-Trend Loss: 0.770468 | LR: 4.46e-05
Epoch [70/100] | Train Loss: 0.6844 (Base: 0.2531, Trend: 0.1618, DTW: 0.0900, TopK: 0.4480) | Val Loss: 0.775965 (Base: 0.2906, DTW: 0.1402, TopK: 0.4964) | EMA No-Trend Loss: 0.771843 | LR: 4.20e-05
Epoch [71/100] | Train Loss: 0.6844 (Base: 0.2529, Trend: 0.1617, DTW: 0.0901, TopK: 0.4480) | Val Loss: 0.778252 (Base: 0.2916, DTW: 0.1411, TopK: 0.4936) | EMA No-Trend Loss: 0.773445 | LR: 3.95e-05
Epoch [72/100] | Train Loss: 0.6787 (Base: 0.2513, Trend: 0.1611, DTW: 0.0888, TopK: 0.4452) | Val Loss: 0.777502 (Base: 0.2896, DTW: 0.1414, TopK: 0.4956) | EMA No-Trend Loss: 0.774459 | LR: 3.71e-05
Epoch [73/100] | Train Loss: 0.6817 (Base: 0.2524, Trend: 0.1624, DTW: 0.0891, TopK: 0.4472) | Val Loss: 0.772787 (Base: 0.2886, DTW: 0.1398, TopK: 0.4958) | EMA No-Trend Loss: 0.774041 | LR: 3.47e-05
Epoch [74/100] | Train Loss: 0.6799 (Base: 0.2516, Trend: 0.1620, DTW: 0.0891, TopK: 0.4453) | Val Loss: 0.780837 (Base: 0.2934, DTW: 0.1422, TopK: 0.4872) | EMA No-Trend Loss: 0.775740 | LR: 3.24e-05
Epoch [75/100] | Train Loss: 0.6746 (Base: 0.2503, Trend: 0.1615, DTW: 0.0879, TopK: 0.4418) | Val Loss: 0.784470 (Base: 0.2939, DTW: 0.1432, TopK: 0.4896) | EMA No-Trend Loss: 0.777923 | LR: 3.01e-05
Epoch [76/100] | Train Loss: 0.6754 (Base: 0.2502, Trend: 0.1622, DTW: 0.0881, TopK: 0.4423) | Val Loss: 0.779011 (Base: 0.2913, DTW: 0.1409, TopK: 0.4982) | EMA No-Trend Loss: 0.778195 | LR: 2.80e-05
Epoch [77/100] | Train Loss: 0.6739 (Base: 0.2496, Trend: 0.1620, DTW: 0.0876, TopK: 0.4432) | Val Loss: 0.771400 (Base: 0.2886, DTW: 0.1393, TopK: 0.4948) | EMA No-Trend Loss: 0.776496 | LR: 2.59e-05
Epoch [78/100] | Train Loss: 0.6711 (Base: 0.2496, Trend: 0.1624, DTW: 0.0869, TopK: 0.4392) | Val Loss: 0.778281 (Base: 0.2914, DTW: 0.1410, TopK: 0.4952) | EMA No-Trend Loss: 0.776942 | LR: 2.38e-05
Epoch [79/100] | Train Loss: 0.6744 (Base: 0.2499, Trend: 0.1627, DTW: 0.0877, TopK: 0.4428) | Val Loss: 0.774631 (Base: 0.2912, DTW: 0.1397, TopK: 0.4941) | EMA No-Trend Loss: 0.776364 | LR: 2.19e-05
Epoch [80/100] | Train Loss: 0.6714 (Base: 0.2492, Trend: 0.1624, DTW: 0.0870, TopK: 0.4411) | Val Loss: 0.773259 (Base: 0.2909, DTW: 0.1402, TopK: 0.4867) | EMA No-Trend Loss: 0.775588 | LR: 2.00e-05
Epoch [81/100] | Train Loss: 0.6661 (Base: 0.2479, Trend: 0.1618, DTW: 0.0859, TopK: 0.4374) | Val Loss: 0.776863 (Base: 0.2913, DTW: 0.1405, TopK: 0.4946) | EMA No-Trend Loss: 0.775907 | LR: 1.82e-05
Epoch [82/100] | Train Loss: 0.6627 (Base: 0.2468, Trend: 0.1616, DTW: 0.0852, TopK: 0.4352) | Val Loss: 0.768052 (Base: 0.2892, DTW: 0.1389, TopK: 0.4849) | EMA No-Trend Loss: 0.773943 | LR: 1.65e-05
Epoch [83/100] | Train Loss: 0.6655 (Base: 0.2478, Trend: 0.1625, DTW: 0.0856, TopK: 0.4368) | Val Loss: 0.784142 (Base: 0.2935, DTW: 0.1424, TopK: 0.4965) | EMA No-Trend Loss: 0.776493 | LR: 1.49e-05
Epoch [84/100] | Train Loss: 0.6631 (Base: 0.2465, Trend: 0.1615, DTW: 0.0855, TopK: 0.4355) | Val Loss: 0.774677 (Base: 0.2895, DTW: 0.1401, TopK: 0.4962) | EMA No-Trend Loss: 0.776039 | LR: 1.33e-05
Epoch [85/100] | Train Loss: 0.6628 (Base: 0.2465, Trend: 0.1619, DTW: 0.0852, TopK: 0.4361) | Val Loss: 0.780968 (Base: 0.2914, DTW: 0.1416, TopK: 0.4993) | EMA No-Trend Loss: 0.777271 | LR: 1.18e-05
Epoch [86/100] | Train Loss: 0.6617 (Base: 0.2464, Trend: 0.1624, DTW: 0.0849, TopK: 0.4348) | Val Loss: 0.783804 (Base: 0.2916, DTW: 0.1422, TopK: 0.5030) | EMA No-Trend Loss: 0.778905 | LR: 1.05e-05
Epoch [87/100] | Train Loss: 0.6617 (Base: 0.2463, Trend: 0.1622, DTW: 0.0849, TopK: 0.4355) | Val Loss: 0.779702 (Base: 0.2918, DTW: 0.1410, TopK: 0.4981) | EMA No-Trend Loss: 0.779104 | LR: 9.18e-06
Epoch [88/100] | Train Loss: 0.6605 (Base: 0.2456, Trend: 0.1620, DTW: 0.0848, TopK: 0.4350) | Val Loss: 0.779255 (Base: 0.2926, DTW: 0.1421, TopK: 0.4851) | EMA No-Trend Loss: 0.779142 | LR: 7.99e-06
Epoch [89/100] | Train Loss: 0.6593 (Base: 0.2458, Trend: 0.1623, DTW: 0.0843, TopK: 0.4338) | Val Loss: 0.782894 (Base: 0.2924, DTW: 0.1420, TopK: 0.4991) | EMA No-Trend Loss: 0.780080 | LR: 6.88e-06
Epoch [90/100] | Train Loss: 0.6584 (Base: 0.2453, Trend: 0.1620, DTW: 0.0842, TopK: 0.4334) | Val Loss: 0.776848 (Base: 0.2914, DTW: 0.1405, TopK: 0.4942) | EMA No-Trend Loss: 0.779272 | LR: 5.87e-06
Epoch [91/100] | Train Loss: 0.6556 (Base: 0.2448, Trend: 0.1620, DTW: 0.0834, TopK: 0.4321) | Val Loss: 0.776477 (Base: 0.2909, DTW: 0.1404, TopK: 0.4955) | EMA No-Trend Loss: 0.778573 | LR: 4.95e-06
Epoch [92/100] | Train Loss: 0.6594 (Base: 0.2456, Trend: 0.1627, DTW: 0.0842, TopK: 0.4351) | Val Loss: 0.776246 (Base: 0.2914, DTW: 0.1402, TopK: 0.4945) | EMA No-Trend Loss: 0.777991 | LR: 4.13e-06
Epoch [93/100] | Train Loss: 0.6586 (Base: 0.2454, Trend: 0.1621, DTW: 0.0841, TopK: 0.4339) | Val Loss: 0.769222 (Base: 0.2899, DTW: 0.1387, TopK: 0.4880) | EMA No-Trend Loss: 0.775799 | LR: 3.40e-06
Epoch [94/100] | Train Loss: 0.6554 (Base: 0.2443, Trend: 0.1621, DTW: 0.0835, TopK: 0.4323) | Val Loss: 0.776713 (Base: 0.2909, DTW: 0.1405, TopK: 0.4958) | EMA No-Trend Loss: 0.776028 | LR: 2.76e-06
Epoch [95/100] | Train Loss: 0.6590 (Base: 0.2457, Trend: 0.1629, DTW: 0.0839, TopK: 0.4351) | Val Loss: 0.777056 (Base: 0.2912, DTW: 0.1406, TopK: 0.4948) | EMA No-Trend Loss: 0.776285 | LR: 2.23e-06
Epoch [96/100] | Train Loss: 0.6563 (Base: 0.2448, Trend: 0.1623, DTW: 0.0837, TopK: 0.4316) | Val Loss: 0.771631 (Base: 0.2886, DTW: 0.1397, TopK: 0.4923) | EMA No-Trend Loss: 0.775121 | LR: 1.78e-06
Epoch [97/100] | Train Loss: 0.6562 (Base: 0.2445, Trend: 0.1624, DTW: 0.0837, TopK: 0.4319) | Val Loss: 0.778773 (Base: 0.2907, DTW: 0.1414, TopK: 0.4957) | EMA No-Trend Loss: 0.776034 | LR: 1.44e-06
Epoch [98/100] | Train Loss: 0.6568 (Base: 0.2448, Trend: 0.1622, DTW: 0.0837, TopK: 0.4333) | Val Loss: 0.784337 (Base: 0.2921, DTW: 0.1422, TopK: 0.5034) | EMA No-Trend Loss: 0.778110 | LR: 1.20e-06
Epoch [99/100] | Train Loss: 0.6551 (Base: 0.2444, Trend: 0.1615, DTW: 0.0834, TopK: 0.4323) | Val Loss: 0.781981 (Base: 0.2921, DTW: 0.1421, TopK: 0.4964) | EMA No-Trend Loss: 0.779078 | LR: 1.05e-06
Epoch [100/100] | Train Loss: 0.6596 (Base: 0.2460, Trend: 0.1631, DTW: 0.0840, TopK: 0.4347) | Val Loss: 0.779192 (Base: 0.2919, DTW: 0.1407, TopK: 0.4988) | EMA No-Trend Loss: 0.779106 | LR: 1.00e-06
