Starting experiment (seed=2)
Device: cuda
Building static profile features from historical data...
Loading lightweight encoder...
Total trainable parameters: 4,485,378
Epoch [1/100] | Total Loss: 1.3512 | Aux Loss: 0.2829 | Train Mixed Loss: 1.0683 (Base: 0.3468, Trend: 0.1697, DTW: 0.1910, TopK: 0.5947) | Val Mixed Loss (No Trend): 0.9159 (Base: 0.3104, DTW: 0.1765, TopK: 0.6062) | EMA Val Loss (No Trend): 0.915918 | LR: 2.00e-04
Saved new best weights to best_model_seed2.pth (EMA validation loss without trend: 0.915918).
Epoch [2/100] | Total Loss: 1.2093 | Aux Loss: 0.2210 | Train Mixed Loss: 0.9883 (Base: 0.3316, Trend: 0.1582, DTW: 0.1677, TopK: 0.5834) | Val Mixed Loss (No Trend): 0.8378 (Base: 0.3123, DTW: 0.1536, TopK: 0.5225) | EMA Val Loss (No Trend): 0.896376 | LR: 2.00e-04
Saved new best weights to best_model_seed2.pth (EMA validation loss without trend: 0.896376).
Epoch [3/100] | Total Loss: 1.1735 | Aux Loss: 0.2093 | Train Mixed Loss: 0.9641 (Base: 0.3273, Trend: 0.1581, DTW: 0.1608, TopK: 0.5730) | Val Mixed Loss (No Trend): 0.8513 (Base: 0.3240, DTW: 0.1596, TopK: 0.4806) | EMA Val Loss (No Trend): 0.885100 | LR: 2.00e-04
Saved new best weights to best_model_seed2.pth (EMA validation loss without trend: 0.885100).
Epoch [4/100] | Total Loss: 1.1512 | Aux Loss: 0.2044 | Train Mixed Loss: 0.9468 (Base: 0.3237, Trend: 0.1585, DTW: 0.1559, TopK: 0.5659) | Val Mixed Loss (No Trend): 0.8114 (Base: 0.3056, DTW: 0.1465, TopK: 0.5138) | EMA Val Loss (No Trend): 0.866684 | LR: 1.99e-04
Saved new best weights to best_model_seed2.pth (EMA validation loss without trend: 0.866684).
Epoch [5/100] | Total Loss: 1.1150 | Aux Loss: 0.1973 | Train Mixed Loss: 0.9177 (Base: 0.3159, Trend: 0.1569, DTW: 0.1488, TopK: 0.5536) | Val Mixed Loss (No Trend): 0.8188 (Base: 0.3157, DTW: 0.1502, TopK: 0.4754) | EMA Val Loss (No Trend): 0.854701 | LR: 1.99e-04
Saved new best weights to best_model_seed2.pth (EMA validation loss without trend: 0.854701).
Epoch [6/100] | Total Loss: 1.1082 | Aux Loss: 0.1941 | Train Mixed Loss: 0.9141 (Base: 0.3151, Trend: 0.1573, DTW: 0.1475, TopK: 0.5546) | Val Mixed Loss (No Trend): 0.8085 (Base: 0.3001, DTW: 0.1492, TopK: 0.5016) | EMA Val Loss (No Trend): 0.843161 | LR: 1.98e-04
Saved new best weights to best_model_seed2.pth (EMA validation loss without trend: 0.843161).
Epoch [7/100] | Total Loss: 1.0967 | Aux Loss: 0.1930 | Train Mixed Loss: 0.9037 (Base: 0.3122, Trend: 0.1569, DTW: 0.1451, TopK: 0.5495) | Val Mixed Loss (No Trend): 0.7767 (Base: 0.2966, DTW: 0.1377, TopK: 0.4989) | EMA Val Loss (No Trend): 0.826534 | LR: 1.98e-04
Saved new best weights to best_model_seed2.pth (EMA validation loss without trend: 0.826534).
Epoch [8/100] | Total Loss: 1.0851 | Aux Loss: 0.1905 | Train Mixed Loss: 0.8946 (Base: 0.3093, Trend: 0.1561, DTW: 0.1430, TopK: 0.5470) | Val Mixed Loss (No Trend): 0.7723 (Base: 0.2999, DTW: 0.1373, TopK: 0.4763) | EMA Val Loss (No Trend): 0.812979 | LR: 1.97e-04
Saved new best weights to best_model_seed2.pth (EMA validation loss without trend: 0.812979).
Epoch [9/100] | Total Loss: 1.0839 | Aux Loss: 0.1943 | Train Mixed Loss: 0.8896 (Base: 0.3097, Trend: 0.1553, DTW: 0.1419, TopK: 0.5393) | Val Mixed Loss (No Trend): 0.7702 (Base: 0.2894, DTW: 0.1372, TopK: 0.5050) | EMA Val Loss (No Trend): 0.802278 | LR: 1.96e-04
Saved new best weights to best_model_seed2.pth (EMA validation loss without trend: 0.802278).
Epoch [10/100] | Total Loss: 1.0690 | Aux Loss: 0.1887 | Train Mixed Loss: 0.8802 (Base: 0.3063, Trend: 0.1552, DTW: 0.1394, TopK: 0.5393) | Val Mixed Loss (No Trend): 0.7542 (Base: 0.2830, DTW: 0.1320, TopK: 0.5151) | EMA Val Loss (No Trend): 0.790261 | LR: 1.95e-04
Saved new best weights to best_model_seed2.pth (EMA validation loss without trend: 0.790261).
Epoch [11/100] | Total Loss: 1.0562 | Aux Loss: 0.1871 | Train Mixed Loss: 0.8692 (Base: 0.3032, Trend: 0.1532, DTW: 0.1373, TopK: 0.5330) | Val Mixed Loss (No Trend): 0.7665 (Base: 0.2978, DTW: 0.1360, TopK: 0.4744) | EMA Val Loss (No Trend): 0.784314 | LR: 1.94e-04
Saved new best weights to best_model_seed2.pth (EMA validation loss without trend: 0.784314).
Epoch [12/100] | Total Loss: 1.0488 | Aux Loss: 0.1858 | Train Mixed Loss: 0.8630 (Base: 0.3020, Trend: 0.1527, DTW: 0.1359, TopK: 0.5283) | Val Mixed Loss (No Trend): 0.7741 (Base: 0.2996, DTW: 0.1369, TopK: 0.4865) | EMA Val Loss (No Trend): 0.781750 | LR: 1.93e-04
Saved new best weights to best_model_seed2.pth (EMA validation loss without trend: 0.781750).
Epoch [13/100] | Total Loss: 1.0379 | Aux Loss: 0.1847 | Train Mixed Loss: 0.8533 (Base: 0.2994, Trend: 0.1518, DTW: 0.1333, TopK: 0.5268) | Val Mixed Loss (No Trend): 0.7742 (Base: 0.2961, DTW: 0.1407, TopK: 0.4683) | EMA Val Loss (No Trend): 0.779863 | LR: 1.92e-04
Saved new best weights to best_model_seed2.pth (EMA validation loss without trend: 0.779863).
Epoch [14/100] | Total Loss: 1.0360 | Aux Loss: 0.1839 | Train Mixed Loss: 0.8521 (Base: 0.2983, Trend: 0.1515, DTW: 0.1332, TopK: 0.5282) | Val Mixed Loss (No Trend): 0.7491 (Base: 0.2880, DTW: 0.1311, TopK: 0.4880) | EMA Val Loss (No Trend): 0.772181 | LR: 1.91e-04
Saved new best weights to best_model_seed2.pth (EMA validation loss without trend: 0.772181).
Epoch [15/100] | Total Loss: 1.0424 | Aux Loss: 0.1847 | Train Mixed Loss: 0.8577 (Base: 0.3005, Trend: 0.1539, DTW: 0.1335, TopK: 0.5330) | Val Mixed Loss (No Trend): 0.7754 (Base: 0.2995, DTW: 0.1405, TopK: 0.4625) | EMA Val Loss (No Trend): 0.772991 | LR: 1.89e-04
Epoch [16/100] | Total Loss: 1.0276 | Aux Loss: 0.1831 | Train Mixed Loss: 0.8444 (Base: 0.2985, Trend: 0.1526, DTW: 0.1301, TopK: 0.5247) | Val Mixed Loss (No Trend): 0.7712 (Base: 0.2982, DTW: 0.1371, TopK: 0.4795) | EMA Val Loss (No Trend): 0.772541 | LR: 1.88e-04
Epoch [17/100] | Total Loss: 1.0260 | Aux Loss: 0.1819 | Train Mixed Loss: 0.8441 (Base: 0.2979, Trend: 0.1520, DTW: 0.1304, TopK: 0.5238) | Val Mixed Loss (No Trend): 0.7337 (Base: 0.2804, DTW: 0.1276, TopK: 0.4897) | EMA Val Loss (No Trend): 0.762828 | LR: 1.86e-04
Saved new best weights to best_model_seed2.pth (EMA validation loss without trend: 0.762828).
Epoch [18/100] | Total Loss: 1.0187 | Aux Loss: 0.1827 | Train Mixed Loss: 0.8360 (Base: 0.2954, Trend: 0.1517, DTW: 0.1286, TopK: 0.5207) | Val Mixed Loss (No Trend): 0.7476 (Base: 0.2894, DTW: 0.1307, TopK: 0.4822) | EMA Val Loss (No Trend): 0.759028 | LR: 1.85e-04
Saved new best weights to best_model_seed2.pth (EMA validation loss without trend: 0.759028).
Epoch [19/100] | Total Loss: 1.0180 | Aux Loss: 0.1817 | Train Mixed Loss: 0.8363 (Base: 0.2952, Trend: 0.1520, DTW: 0.1288, TopK: 0.5203) | Val Mixed Loss (No Trend): 0.7526 (Base: 0.2934, DTW: 0.1342, TopK: 0.4570) | EMA Val Loss (No Trend): 0.757433 | LR: 1.83e-04
Saved new best weights to best_model_seed2.pth (EMA validation loss without trend: 0.757433).
Epoch [20/100] | Total Loss: 1.0174 | Aux Loss: 0.1818 | Train Mixed Loss: 0.8356 (Base: 0.2956, Trend: 0.1528, DTW: 0.1279, TopK: 0.5220) | Val Mixed Loss (No Trend): 0.7207 (Base: 0.2810, DTW: 0.1262, TopK: 0.4556) | EMA Val Loss (No Trend): 0.748246 | LR: 1.81e-04
Saved new best weights to best_model_seed2.pth (EMA validation loss without trend: 0.748246).
Epoch [21/100] | Total Loss: 1.0054 | Aux Loss: 0.1787 | Train Mixed Loss: 0.8268 (Base: 0.2928, Trend: 0.1511, DTW: 0.1263, TopK: 0.5176) | Val Mixed Loss (No Trend): 0.7424 (Base: 0.2858, DTW: 0.1308, TopK: 0.4761) | EMA Val Loss (No Trend): 0.746790 | LR: 1.79e-04
Saved new best weights to best_model_seed2.pth (EMA validation loss without trend: 0.746790).
Epoch [22/100] | Total Loss: 1.0103 | Aux Loss: 0.1799 | Train Mixed Loss: 0.8304 (Base: 0.2946, Trend: 0.1526, DTW: 0.1266, TopK: 0.5188) | Val Mixed Loss (No Trend): 0.7182 (Base: 0.2749, DTW: 0.1232, TopK: 0.4922) | EMA Val Loss (No Trend): 0.739653 | LR: 1.77e-04
Saved new best weights to best_model_seed2.pth (EMA validation loss without trend: 0.739653).
Epoch [23/100] | Total Loss: 1.0015 | Aux Loss: 0.1769 | Train Mixed Loss: 0.8246 (Base: 0.2932, Trend: 0.1518, DTW: 0.1254, TopK: 0.5153) | Val Mixed Loss (No Trend): 0.7309 (Base: 0.2846, DTW: 0.1284, TopK: 0.4601) | EMA Val Loss (No Trend): 0.737459 | LR: 1.75e-04
Saved new best weights to best_model_seed2.pth (EMA validation loss without trend: 0.737459).
Epoch [24/100] | Total Loss: 0.9948 | Aux Loss: 0.1776 | Train Mixed Loss: 0.8173 (Base: 0.2907, Trend: 0.1511, DTW: 0.1238, TopK: 0.5133) | Val Mixed Loss (No Trend): 0.7498 (Base: 0.2918, DTW: 0.1319, TopK: 0.4718) | EMA Val Loss (No Trend): 0.740544 | LR: 1.73e-04
Epoch [25/100] | Total Loss: 0.9947 | Aux Loss: 0.1779 | Train Mixed Loss: 0.8168 (Base: 0.2906, Trend: 0.1510, DTW: 0.1239, TopK: 0.5114) | Val Mixed Loss (No Trend): 0.7367 (Base: 0.2833, DTW: 0.1311, TopK: 0.4622) | EMA Val Loss (No Trend): 0.739587 | LR: 1.71e-04
Epoch [26/100] | Total Loss: 0.9840 | Aux Loss: 0.1759 | Train Mixed Loss: 0.8082 (Base: 0.2883, Trend: 0.1502, DTW: 0.1217, TopK: 0.5086) | Val Mixed Loss (No Trend): 0.7276 (Base: 0.2782, DTW: 0.1268, TopK: 0.4832) | EMA Val Loss (No Trend): 0.736584 | LR: 1.69e-04
Saved new best weights to best_model_seed2.pth (EMA validation loss without trend: 0.736584).
Epoch [27/100] | Total Loss: 0.9853 | Aux Loss: 0.1762 | Train Mixed Loss: 0.8091 (Base: 0.2895, Trend: 0.1505, DTW: 0.1219, TopK: 0.5061) | Val Mixed Loss (No Trend): 0.7294 (Base: 0.2786, DTW: 0.1283, TopK: 0.4763) | EMA Val Loss (No Trend): 0.734796 | LR: 1.66e-04
Saved new best weights to best_model_seed2.pth (EMA validation loss without trend: 0.734796).
Epoch [28/100] | Total Loss: 0.9790 | Aux Loss: 0.1747 | Train Mixed Loss: 0.8043 (Base: 0.2868, Trend: 0.1496, DTW: 0.1212, TopK: 0.5066) | Val Mixed Loss (No Trend): 0.7285 (Base: 0.2811, DTW: 0.1252, TopK: 0.4897) | EMA Val Loss (No Trend): 0.733219 | LR: 1.64e-04
Saved new best weights to best_model_seed2.pth (EMA validation loss without trend: 0.733219).
Epoch [29/100] | Total Loss: 0.9791 | Aux Loss: 0.1754 | Train Mixed Loss: 0.8038 (Base: 0.2872, Trend: 0.1511, DTW: 0.1205, TopK: 0.5058) | Val Mixed Loss (No Trend): 0.7302 (Base: 0.2770, DTW: 0.1245, TopK: 0.5152) | EMA Val Loss (No Trend): 0.732471 | LR: 1.61e-04
Saved new best weights to best_model_seed2.pth (EMA validation loss without trend: 0.732471).
Epoch [30/100] | Total Loss: 0.9810 | Aux Loss: 0.1771 | Train Mixed Loss: 0.8040 (Base: 0.2872, Trend: 0.1507, DTW: 0.1205, TopK: 0.5070) | Val Mixed Loss (No Trend): 0.7423 (Base: 0.2917, DTW: 0.1308, TopK: 0.4555) | EMA Val Loss (No Trend): 0.734922 | LR: 1.59e-04
Epoch [31/100] | Total Loss: 0.9750 | Aux Loss: 0.1764 | Train Mixed Loss: 0.7986 (Base: 0.2860, Trend: 0.1510, DTW: 0.1193, TopK: 0.5021) | Val Mixed Loss (No Trend): 0.7279 (Base: 0.2808, DTW: 0.1254, TopK: 0.4867) | EMA Val Loss (No Trend): 0.733165 | LR: 1.56e-04
Epoch [32/100] | Total Loss: 0.9647 | Aux Loss: 0.1719 | Train Mixed Loss: 0.7928 (Base: 0.2850, Trend: 0.1499, DTW: 0.1179, TopK: 0.4997) | Val Mixed Loss (No Trend): 0.7393 (Base: 0.2866, DTW: 0.1310, TopK: 0.4611) | EMA Val Loss (No Trend): 0.734708 | LR: 1.54e-04
Epoch [33/100] | Total Loss: 0.9661 | Aux Loss: 0.1732 | Train Mixed Loss: 0.7929 (Base: 0.2850, Trend: 0.1506, DTW: 0.1176, TopK: 0.5012) | Val Mixed Loss (No Trend): 0.7500 (Base: 0.2913, DTW: 0.1328, TopK: 0.4667) | EMA Val Loss (No Trend): 0.738520 | LR: 1.51e-04
Epoch [34/100] | Total Loss: 0.9652 | Aux Loss: 0.1733 | Train Mixed Loss: 0.7920 (Base: 0.2853, Trend: 0.1508, DTW: 0.1172, TopK: 0.4997) | Val Mixed Loss (No Trend): 0.7184 (Base: 0.2775, DTW: 0.1238, TopK: 0.4796) | EMA Val Loss (No Trend): 0.733500 | LR: 1.48e-04
Epoch [35/100] | Total Loss: 0.9716 | Aux Loss: 0.1750 | Train Mixed Loss: 0.7965 (Base: 0.2855, Trend: 0.1511, DTW: 0.1188, TopK: 0.5014) | Val Mixed Loss (No Trend): 0.7312 (Base: 0.2818, DTW: 0.1284, TopK: 0.4707) | EMA Val Loss (No Trend): 0.732918 | LR: 1.46e-04
Epoch [36/100] | Total Loss: 0.9534 | Aux Loss: 0.1722 | Train Mixed Loss: 0.7812 (Base: 0.2820, Trend: 0.1506, DTW: 0.1146, TopK: 0.4958) | Val Mixed Loss (No Trend): 0.7374 (Base: 0.2916, DTW: 0.1300, TopK: 0.4464) | EMA Val Loss (No Trend): 0.734049 | LR: 1.43e-04
Epoch [37/100] | Total Loss: 0.9492 | Aux Loss: 0.1712 | Train Mixed Loss: 0.7780 (Base: 0.2808, Trend: 0.1495, DTW: 0.1146, TopK: 0.4918) | Val Mixed Loss (No Trend): 0.7337 (Base: 0.2833, DTW: 0.1307, TopK: 0.4552) | EMA Val Loss (No Trend): 0.733963 | LR: 1.40e-04
Epoch [38/100] | Total Loss: 0.9498 | Aux Loss: 0.1723 | Train Mixed Loss: 0.7775 (Base: 0.2799, Trend: 0.1491, DTW: 0.1147, TopK: 0.4924) | Val Mixed Loss (No Trend): 0.7401 (Base: 0.2893, DTW: 0.1308, TopK: 0.4561) | EMA Val Loss (No Trend): 0.735507 | LR: 1.37e-04
Epoch [39/100] | Total Loss: 0.9530 | Aux Loss: 0.1731 | Train Mixed Loss: 0.7799 (Base: 0.2807, Trend: 0.1508, DTW: 0.1149, TopK: 0.4936) | Val Mixed Loss (No Trend): 0.7247 (Base: 0.2818, DTW: 0.1266, TopK: 0.4631) | EMA Val Loss (No Trend): 0.732800 | LR: 1.34e-04
Epoch [40/100] | Total Loss: 0.9513 | Aux Loss: 0.1730 | Train Mixed Loss: 0.7783 (Base: 0.2809, Trend: 0.1513, DTW: 0.1139, TopK: 0.4945) | Val Mixed Loss (No Trend): 0.7315 (Base: 0.2837, DTW: 0.1263, TopK: 0.4822) | EMA Val Loss (No Trend): 0.732484 | LR: 1.31e-04
Epoch [41/100] | Total Loss: 0.9407 | Aux Loss: 0.1719 | Train Mixed Loss: 0.7688 (Base: 0.2778, Trend: 0.1490, DTW: 0.1125, TopK: 0.4882) | Val Mixed Loss (No Trend): 0.7322 (Base: 0.2866, DTW: 0.1284, TopK: 0.4586) | EMA Val Loss (No Trend): 0.732413 | LR: 1.28e-04
Saved new best weights to best_model_seed2.pth (EMA validation loss without trend: 0.732413).
Epoch [42/100] | Total Loss: 0.9312 | Aux Loss: 0.1692 | Train Mixed Loss: 0.7620 (Base: 0.2767, Trend: 0.1488, DTW: 0.1109, TopK: 0.4826) | Val Mixed Loss (No Trend): 0.7243 (Base: 0.2821, DTW: 0.1264, TopK: 0.4633) | EMA Val Loss (No Trend): 0.730394 | LR: 1.25e-04
Saved new best weights to best_model_seed2.pth (EMA validation loss without trend: 0.730394).
Epoch [43/100] | Total Loss: 0.9345 | Aux Loss: 0.1694 | Train Mixed Loss: 0.7651 (Base: 0.2779, Trend: 0.1500, DTW: 0.1110, TopK: 0.4858) | Val Mixed Loss (No Trend): 0.7181 (Base: 0.2791, DTW: 0.1234, TopK: 0.4757) | EMA Val Loss (No Trend): 0.727327 | LR: 1.22e-04
Saved new best weights to best_model_seed2.pth (EMA validation loss without trend: 0.727327).
Epoch [44/100] | Total Loss: 0.9276 | Aux Loss: 0.1698 | Train Mixed Loss: 0.7578 (Base: 0.2750, Trend: 0.1494, DTW: 0.1098, TopK: 0.4818) | Val Mixed Loss (No Trend): 0.7141 (Base: 0.2807, DTW: 0.1224, TopK: 0.4655) | EMA Val Loss (No Trend): 0.724019 | LR: 1.19e-04
Saved new best weights to best_model_seed2.pth (EMA validation loss without trend: 0.724019).
Epoch [45/100] | Total Loss: 0.9272 | Aux Loss: 0.1685 | Train Mixed Loss: 0.7588 (Base: 0.2758, Trend: 0.1494, DTW: 0.1095, TopK: 0.4850) | Val Mixed Loss (No Trend): 0.7183 (Base: 0.2761, DTW: 0.1239, TopK: 0.4831) | EMA Val Loss (No Trend): 0.722593 | LR: 1.16e-04
Saved new best weights to best_model_seed2.pth (EMA validation loss without trend: 0.722593).
Epoch [46/100] | Total Loss: 0.9182 | Aux Loss: 0.1679 | Train Mixed Loss: 0.7503 (Base: 0.2732, Trend: 0.1477, DTW: 0.1083, TopK: 0.4782) | Val Mixed Loss (No Trend): 0.7258 (Base: 0.2798, DTW: 0.1261, TopK: 0.4781) | EMA Val Loss (No Trend): 0.723389 | LR: 1.13e-04
Epoch [47/100] | Total Loss: 0.9229 | Aux Loss: 0.1685 | Train Mixed Loss: 0.7543 (Base: 0.2744, Trend: 0.1492, DTW: 0.1088, TopK: 0.4808) | Val Mixed Loss (No Trend): 0.7264 (Base: 0.2844, DTW: 0.1270, TopK: 0.4574) | EMA Val Loss (No Trend): 0.724153 | LR: 1.10e-04
Epoch [48/100] | Total Loss: 0.9278 | Aux Loss: 0.1686 | Train Mixed Loss: 0.7592 (Base: 0.2757, Trend: 0.1492, DTW: 0.1100, TopK: 0.4833) | Val Mixed Loss (No Trend): 0.7295 (Base: 0.2792, DTW: 0.1259, TopK: 0.4940) | EMA Val Loss (No Trend): 0.725499 | LR: 1.07e-04
Epoch [49/100] | Total Loss: 0.9183 | Aux Loss: 0.1664 | Train Mixed Loss: 0.7519 (Base: 0.2740, Trend: 0.1495, DTW: 0.1079, TopK: 0.4808) | Val Mixed Loss (No Trend): 0.7322 (Base: 0.2853, DTW: 0.1282, TopK: 0.4641) | EMA Val Loss (No Trend): 0.727179 | LR: 1.04e-04
Epoch [50/100] | Total Loss: 0.9130 | Aux Loss: 0.1669 | Train Mixed Loss: 0.7461 (Base: 0.2730, Trend: 0.1495, DTW: 0.1064, TopK: 0.4764) | Val Mixed Loss (No Trend): 0.7230 (Base: 0.2777, DTW: 0.1239, TopK: 0.4930) | EMA Val Loss (No Trend): 0.726123 | LR: 1.01e-04
Epoch [51/100] | Total Loss: 0.9086 | Aux Loss: 0.1668 | Train Mixed Loss: 0.7418 (Base: 0.2706, Trend: 0.1485, DTW: 0.1061, TopK: 0.4742) | Val Mixed Loss (No Trend): 0.7336 (Base: 0.2843, DTW: 0.1302, TopK: 0.4558) | EMA Val Loss (No Trend): 0.727989 | LR: 9.74e-05
Epoch [52/100] | Total Loss: 0.9049 | Aux Loss: 0.1651 | Train Mixed Loss: 0.7397 (Base: 0.2706, Trend: 0.1490, DTW: 0.1053, TopK: 0.4734) | Val Mixed Loss (No Trend): 0.7309 (Base: 0.2849, DTW: 0.1300, TopK: 0.4466) | EMA Val Loss (No Trend): 0.728713 | LR: 9.43e-05
Epoch [53/100] | Total Loss: 0.9095 | Aux Loss: 0.1679 | Train Mixed Loss: 0.7417 (Base: 0.2712, Trend: 0.1495, DTW: 0.1055, TopK: 0.4753) | Val Mixed Loss (No Trend): 0.7285 (Base: 0.2853, DTW: 0.1279, TopK: 0.4542) | EMA Val Loss (No Trend): 0.728665 | LR: 9.11e-05
Epoch [54/100] | Total Loss: 0.9007 | Aux Loss: 0.1659 | Train Mixed Loss: 0.7348 (Base: 0.2685, Trend: 0.1478, DTW: 0.1043, TopK: 0.4734) | Val Mixed Loss (No Trend): 0.7200 (Base: 0.2819, DTW: 0.1267, TopK: 0.4473) | EMA Val Loss (No Trend): 0.726504 | LR: 8.80e-05
Epoch [55/100] | Total Loss: 0.8974 | Aux Loss: 0.1654 | Train Mixed Loss: 0.7320 (Base: 0.2674, Trend: 0.1477, DTW: 0.1041, TopK: 0.4702) | Val Mixed Loss (No Trend): 0.7136 (Base: 0.2776, DTW: 0.1235, TopK: 0.4656) | EMA Val Loss (No Trend): 0.723273 | LR: 8.49e-05
Epoch [56/100] | Total Loss: 0.9007 | Aux Loss: 0.1658 | Train Mixed Loss: 0.7349 (Base: 0.2685, Trend: 0.1488, DTW: 0.1047, TopK: 0.4693) | Val Mixed Loss (No Trend): 0.7115 (Base: 0.2775, DTW: 0.1235, TopK: 0.4586) | EMA Val Loss (No Trend): 0.720338 | LR: 8.19e-05
Saved new best weights to best_model_seed2.pth (EMA validation loss without trend: 0.720338).
Epoch [57/100] | Total Loss: 0.8941 | Aux Loss: 0.1653 | Train Mixed Loss: 0.7288 (Base: 0.2668, Trend: 0.1479, DTW: 0.1032, TopK: 0.4679) | Val Mixed Loss (No Trend): 0.7088 (Base: 0.2795, DTW: 0.1216, TopK: 0.4584) | EMA Val Loss (No Trend): 0.717463 | LR: 7.88e-05
Saved new best weights to best_model_seed2.pth (EMA validation loss without trend: 0.717463).
Epoch [58/100] | Total Loss: 0.8988 | Aux Loss: 0.1661 | Train Mixed Loss: 0.7328 (Base: 0.2681, Trend: 0.1492, DTW: 0.1034, TopK: 0.4725) | Val Mixed Loss (No Trend): 0.7297 (Base: 0.2870, DTW: 0.1287, TopK: 0.4460) | EMA Val Loss (No Trend): 0.720512 | LR: 7.58e-05
Epoch [59/100] | Total Loss: 0.8866 | Aux Loss: 0.1636 | Train Mixed Loss: 0.7231 (Base: 0.2653, Trend: 0.1481, DTW: 0.1015, TopK: 0.4667) | Val Mixed Loss (No Trend): 0.7238 (Base: 0.2810, DTW: 0.1263, TopK: 0.4654) | EMA Val Loss (No Trend): 0.721325 | LR: 7.27e-05
Epoch [60/100] | Total Loss: 0.8898 | Aux Loss: 0.1652 | Train Mixed Loss: 0.7246 (Base: 0.2663, Trend: 0.1482, DTW: 0.1021, TopK: 0.4637) | Val Mixed Loss (No Trend): 0.7193 (Base: 0.2757, DTW: 0.1257, TopK: 0.4728) | EMA Val Loss (No Trend): 0.720807 | LR: 6.98e-05
Epoch [61/100] | Total Loss: 0.8784 | Aux Loss: 0.1632 | Train Mixed Loss: 0.7153 (Base: 0.2632, Trend: 0.1480, DTW: 0.0999, TopK: 0.4610) | Val Mixed Loss (No Trend): 0.7216 (Base: 0.2812, DTW: 0.1255, TopK: 0.4635) | EMA Val Loss (No Trend): 0.720998 | LR: 6.68e-05
Epoch [62/100] | Total Loss: 0.8851 | Aux Loss: 0.1654 | Train Mixed Loss: 0.7197 (Base: 0.2646, Trend: 0.1484, DTW: 0.1008, TopK: 0.4628) | Val Mixed Loss (No Trend): 0.7384 (Base: 0.2886, DTW: 0.1304, TopK: 0.4559) | EMA Val Loss (No Trend): 0.725353 | LR: 6.39e-05
Epoch [63/100] | Total Loss: 0.8767 | Aux Loss: 0.1632 | Train Mixed Loss: 0.7135 (Base: 0.2627, Trend: 0.1477, DTW: 0.0998, TopK: 0.4584) | Val Mixed Loss (No Trend): 0.7214 (Base: 0.2824, DTW: 0.1256, TopK: 0.4587) | EMA Val Loss (No Trend): 0.724369 | LR: 6.10e-05
Epoch [64/100] | Total Loss: 0.8822 | Aux Loss: 0.1643 | Train Mixed Loss: 0.7179 (Base: 0.2640, Trend: 0.1489, DTW: 0.1003, TopK: 0.4627) | Val Mixed Loss (No Trend): 0.7318 (Base: 0.2883, DTW: 0.1293, TopK: 0.4440) | EMA Val Loss (No Trend): 0.726237 | LR: 5.81e-05
Epoch [65/100] | Total Loss: 0.8738 | Aux Loss: 0.1634 | Train Mixed Loss: 0.7104 (Base: 0.2623, Trend: 0.1478, DTW: 0.0986, TopK: 0.4585) | Val Mixed Loss (No Trend): 0.7071 (Base: 0.2746, DTW: 0.1219, TopK: 0.4664) | EMA Val Loss (No Trend): 0.721455 | LR: 5.53e-05
Epoch [66/100] | Total Loss: 0.8762 | Aux Loss: 0.1623 | Train Mixed Loss: 0.7140 (Base: 0.2624, Trend: 0.1477, DTW: 0.0998, TopK: 0.4606) | Val Mixed Loss (No Trend): 0.7357 (Base: 0.2857, DTW: 0.1291, TopK: 0.4674) | EMA Val Loss (No Trend): 0.725007 | LR: 5.26e-05
Epoch [67/100] | Total Loss: 0.8660 | Aux Loss: 0.1642 | Train Mixed Loss: 0.7019 (Base: 0.2593, Trend: 0.1467, DTW: 0.0972, TopK: 0.4535) | Val Mixed Loss (No Trend): 0.7230 (Base: 0.2824, DTW: 0.1265, TopK: 0.4569) | EMA Val Loss (No Trend): 0.724499 | LR: 4.99e-05
Epoch [68/100] | Total Loss: 0.8616 | Aux Loss: 0.1614 | Train Mixed Loss: 0.7001 (Base: 0.2587, Trend: 0.1468, DTW: 0.0969, TopK: 0.4517) | Val Mixed Loss (No Trend): 0.7315 (Base: 0.2807, DTW: 0.1276, TopK: 0.4816) | EMA Val Loss (No Trend): 0.726241 | LR: 4.72e-05
Epoch [69/100] | Total Loss: 0.8698 | Aux Loss: 0.1636 | Train Mixed Loss: 0.7062 (Base: 0.2602, Trend: 0.1482, DTW: 0.0976, TopK: 0.4587) | Val Mixed Loss (No Trend): 0.7256 (Base: 0.2809, DTW: 0.1266, TopK: 0.4692) | EMA Val Loss (No Trend): 0.726078 | LR: 4.46e-05
Epoch [70/100] | Total Loss: 0.8661 | Aux Loss: 0.1620 | Train Mixed Loss: 0.7041 (Base: 0.2592, Trend: 0.1478, DTW: 0.0976, TopK: 0.4561) | Val Mixed Loss (No Trend): 0.7291 (Base: 0.2821, DTW: 0.1283, TopK: 0.4640) | EMA Val Loss (No Trend): 0.726827 | LR: 4.20e-05
Epoch [71/100] | Total Loss: 0.8642 | Aux Loss: 0.1624 | Train Mixed Loss: 0.7019 (Base: 0.2589, Trend: 0.1479, DTW: 0.0970, TopK: 0.4543) | Val Mixed Loss (No Trend): 0.7100 (Base: 0.2788, DTW: 0.1228, TopK: 0.4549) | EMA Val Loss (No Trend): 0.722629 | LR: 3.95e-05
Epoch [72/100] | Total Loss: 0.8583 | Aux Loss: 0.1630 | Train Mixed Loss: 0.6952 (Base: 0.2572, Trend: 0.1471, DTW: 0.0957, TopK: 0.4490) | Val Mixed Loss (No Trend): 0.7264 (Base: 0.2837, DTW: 0.1272, TopK: 0.4577) | EMA Val Loss (No Trend): 0.723559 | LR: 3.71e-05
Epoch [73/100] | Total Loss: 0.8548 | Aux Loss: 0.1611 | Train Mixed Loss: 0.6937 (Base: 0.2564, Trend: 0.1463, DTW: 0.0955, TopK: 0.4494) | Val Mixed Loss (No Trend): 0.7269 (Base: 0.2829, DTW: 0.1273, TopK: 0.4618) | EMA Val Loss (No Trend): 0.724386 | LR: 3.47e-05
Epoch [74/100] | Total Loss: 0.8563 | Aux Loss: 0.1618 | Train Mixed Loss: 0.6946 (Base: 0.2573, Trend: 0.1474, DTW: 0.0951, TopK: 0.4509) | Val Mixed Loss (No Trend): 0.7163 (Base: 0.2803, DTW: 0.1252, TopK: 0.4517) | EMA Val Loss (No Trend): 0.722362 | LR: 3.24e-05
Epoch [75/100] | Total Loss: 0.8543 | Aux Loss: 0.1629 | Train Mixed Loss: 0.6913 (Base: 0.2557, Trend: 0.1474, DTW: 0.0949, TopK: 0.4472) | Val Mixed Loss (No Trend): 0.7219 (Base: 0.2816, DTW: 0.1266, TopK: 0.4550) | EMA Val Loss (No Trend): 0.722253 | LR: 3.01e-05
Epoch [76/100] | Total Loss: 0.8484 | Aux Loss: 0.1607 | Train Mixed Loss: 0.6878 (Base: 0.2547, Trend: 0.1465, DTW: 0.0940, TopK: 0.4474) | Val Mixed Loss (No Trend): 0.7207 (Base: 0.2807, DTW: 0.1260, TopK: 0.4588) | EMA Val Loss (No Trend): 0.721859 | LR: 2.80e-05
Epoch [77/100] | Total Loss: 0.8445 | Aux Loss: 0.1614 | Train Mixed Loss: 0.6831 (Base: 0.2544, Trend: 0.1462, DTW: 0.0929, TopK: 0.4417) | Val Mixed Loss (No Trend): 0.7270 (Base: 0.2853, DTW: 0.1280, TopK: 0.4487) | EMA Val Loss (No Trend): 0.723146 | LR: 2.59e-05
Epoch [78/100] | Total Loss: 0.8489 | Aux Loss: 0.1610 | Train Mixed Loss: 0.6880 (Base: 0.2554, Trend: 0.1471, DTW: 0.0938, TopK: 0.4464) | Val Mixed Loss (No Trend): 0.7237 (Base: 0.2830, DTW: 0.1266, TopK: 0.4564) | EMA Val Loss (No Trend): 0.723287 | LR: 2.38e-05
Epoch [79/100] | Total Loss: 0.8409 | Aux Loss: 0.1607 | Train Mixed Loss: 0.6802 (Base: 0.2528, Trend: 0.1460, DTW: 0.0925, TopK: 0.4410) | Val Mixed Loss (No Trend): 0.7191 (Base: 0.2779, DTW: 0.1252, TopK: 0.4696) | EMA Val Loss (No Trend): 0.722243 | LR: 2.19e-05
Epoch [80/100] | Total Loss: 0.8399 | Aux Loss: 0.1596 | Train Mixed Loss: 0.6803 (Base: 0.2526, Trend: 0.1463, DTW: 0.0925, TopK: 0.4418) | Val Mixed Loss (No Trend): 0.7285 (Base: 0.2843, DTW: 0.1276, TopK: 0.4595) | EMA Val Loss (No Trend): 0.723809 | LR: 2.00e-05
Epoch [81/100] | Total Loss: 0.8449 | Aux Loss: 0.1610 | Train Mixed Loss: 0.6840 (Base: 0.2537, Trend: 0.1469, DTW: 0.0932, TopK: 0.4442) | Val Mixed Loss (No Trend): 0.7243 (Base: 0.2823, DTW: 0.1268, TopK: 0.4588) | EMA Val Loss (No Trend): 0.723923 | LR: 1.82e-05
Epoch [82/100] | Total Loss: 0.8354 | Aux Loss: 0.1591 | Train Mixed Loss: 0.6762 (Base: 0.2518, Trend: 0.1465, DTW: 0.0915, TopK: 0.4386) | Val Mixed Loss (No Trend): 0.7102 (Base: 0.2770, DTW: 0.1232, TopK: 0.4585) | EMA Val Loss (No Trend): 0.720489 | LR: 1.65e-05
Epoch [83/100] | Total Loss: 0.8382 | Aux Loss: 0.1595 | Train Mixed Loss: 0.6787 (Base: 0.2529, Trend: 0.1470, DTW: 0.0916, TopK: 0.4413) | Val Mixed Loss (No Trend): 0.7168 (Base: 0.2791, DTW: 0.1251, TopK: 0.4577) | EMA Val Loss (No Trend): 0.719557 | LR: 1.49e-05
Epoch [84/100] | Total Loss: 0.8458 | Aux Loss: 0.1614 | Train Mixed Loss: 0.6844 (Base: 0.2539, Trend: 0.1479, DTW: 0.0928, TopK: 0.4461) | Val Mixed Loss (No Trend): 0.7214 (Base: 0.2790, DTW: 0.1266, TopK: 0.4618) | EMA Val Loss (No Trend): 0.720025 | LR: 1.33e-05
Epoch [85/100] | Total Loss: 0.8372 | Aux Loss: 0.1592 | Train Mixed Loss: 0.6780 (Base: 0.2520, Trend: 0.1474, DTW: 0.0914, TopK: 0.4429) | Val Mixed Loss (No Trend): 0.7148 (Base: 0.2792, DTW: 0.1246, TopK: 0.4553) | EMA Val Loss (No Trend): 0.718727 | LR: 1.18e-05
Epoch [86/100] | Total Loss: 0.8389 | Aux Loss: 0.1604 | Train Mixed Loss: 0.6784 (Base: 0.2517, Trend: 0.1465, DTW: 0.0920, TopK: 0.4423) | Val Mixed Loss (No Trend): 0.7161 (Base: 0.2793, DTW: 0.1256, TopK: 0.4512) | EMA Val Loss (No Trend): 0.718077 | LR: 1.05e-05
Epoch [87/100] | Total Loss: 0.8374 | Aux Loss: 0.1607 | Train Mixed Loss: 0.6767 (Base: 0.2523, Trend: 0.1471, DTW: 0.0913, TopK: 0.4393) | Val Mixed Loss (No Trend): 0.7186 (Base: 0.2807, DTW: 0.1262, TopK: 0.4498) | EMA Val Loss (No Trend): 0.718207 | LR: 9.18e-06
Epoch [88/100] | Total Loss: 0.8437 | Aux Loss: 0.1609 | Train Mixed Loss: 0.6828 (Base: 0.2536, Trend: 0.1474, DTW: 0.0927, TopK: 0.4439) | Val Mixed Loss (No Trend): 0.7133 (Base: 0.2792, DTW: 0.1234, TopK: 0.4597) | EMA Val Loss (No Trend): 0.716976 | LR: 7.99e-06
Saved new best weights to best_model_seed2.pth (EMA validation loss without trend: 0.716976).
Epoch [89/100] | Total Loss: 0.8404 | Aux Loss: 0.1603 | Train Mixed Loss: 0.6801 (Base: 0.2528, Trend: 0.1472, DTW: 0.0920, TopK: 0.4435) | Val Mixed Loss (No Trend): 0.7234 (Base: 0.2821, DTW: 0.1259, TopK: 0.4641) | EMA Val Loss (No Trend): 0.718589 | LR: 6.88e-06
Epoch [90/100] | Total Loss: 0.8344 | Aux Loss: 0.1588 | Train Mixed Loss: 0.6756 (Base: 0.2514, Trend: 0.1467, DTW: 0.0910, TopK: 0.4414) | Val Mixed Loss (No Trend): 0.7224 (Base: 0.2811, DTW: 0.1269, TopK: 0.4558) | EMA Val Loss (No Trend): 0.719541 | LR: 5.87e-06
Epoch [91/100] | Total Loss: 0.8331 | Aux Loss: 0.1608 | Train Mixed Loss: 0.6723 (Base: 0.2502, Trend: 0.1468, DTW: 0.0905, TopK: 0.4386) | Val Mixed Loss (No Trend): 0.7175 (Base: 0.2813, DTW: 0.1249, TopK: 0.4546) | EMA Val Loss (No Trend): 0.719022 | LR: 4.95e-06
Epoch [92/100] | Total Loss: 0.8329 | Aux Loss: 0.1602 | Train Mixed Loss: 0.6727 (Base: 0.2514, Trend: 0.1471, DTW: 0.0904, TopK: 0.4360) | Val Mixed Loss (No Trend): 0.7138 (Base: 0.2772, DTW: 0.1240, TopK: 0.4633) | EMA Val Loss (No Trend): 0.717710 | LR: 4.13e-06
Epoch [93/100] | Total Loss: 0.8357 | Aux Loss: 0.1589 | Train Mixed Loss: 0.6768 (Base: 0.2518, Trend: 0.1471, DTW: 0.0914, TopK: 0.4409) | Val Mixed Loss (No Trend): 0.7282 (Base: 0.2829, DTW: 0.1280, TopK: 0.4603) | EMA Val Loss (No Trend): 0.720334 | LR: 3.40e-06
Epoch [94/100] | Total Loss: 0.8370 | Aux Loss: 0.1617 | Train Mixed Loss: 0.6753 (Base: 0.2510, Trend: 0.1467, DTW: 0.0913, TopK: 0.4388) | Val Mixed Loss (No Trend): 0.7225 (Base: 0.2812, DTW: 0.1262, TopK: 0.4617) | EMA Val Loss (No Trend): 0.720886 | LR: 2.76e-06
Epoch [95/100] | Total Loss: 0.8345 | Aux Loss: 0.1594 | Train Mixed Loss: 0.6751 (Base: 0.2509, Trend: 0.1478, DTW: 0.0909, TopK: 0.4401) | Val Mixed Loss (No Trend): 0.7278 (Base: 0.2832, DTW: 0.1282, TopK: 0.4568) | EMA Val Loss (No Trend): 0.722625 | LR: 2.23e-06
Epoch [96/100] | Total Loss: 0.8325 | Aux Loss: 0.1604 | Train Mixed Loss: 0.6721 (Base: 0.2510, Trend: 0.1467, DTW: 0.0902, TopK: 0.4376) | Val Mixed Loss (No Trend): 0.7248 (Base: 0.2807, DTW: 0.1274, TopK: 0.4607) | EMA Val Loss (No Trend): 0.723168 | LR: 1.78e-06
Epoch [97/100] | Total Loss: 0.8343 | Aux Loss: 0.1602 | Train Mixed Loss: 0.6741 (Base: 0.2510, Trend: 0.1468, DTW: 0.0908, TopK: 0.4389) | Val Mixed Loss (No Trend): 0.7230 (Base: 0.2824, DTW: 0.1271, TopK: 0.4516) | EMA Val Loss (No Trend): 0.723124 | LR: 1.44e-06
Epoch [98/100] | Total Loss: 0.8289 | Aux Loss: 0.1591 | Train Mixed Loss: 0.6698 (Base: 0.2496, Trend: 0.1466, DTW: 0.0900, TopK: 0.4365) | Val Mixed Loss (No Trend): 0.7243 (Base: 0.2825, DTW: 0.1256, TopK: 0.4676) | EMA Val Loss (No Trend): 0.723429 | LR: 1.20e-06
Epoch [99/100] | Total Loss: 0.8359 | Aux Loss: 0.1614 | Train Mixed Loss: 0.6745 (Base: 0.2504, Trend: 0.1470, DTW: 0.0911, TopK: 0.4402) | Val Mixed Loss (No Trend): 0.7225 (Base: 0.2808, DTW: 0.1269, TopK: 0.4576) | EMA Val Loss (No Trend): 0.723195 | LR: 1.05e-06
Epoch [100/100] | Total Loss: 0.8300 | Aux Loss: 0.1599 | Train Mixed Loss: 0.6701 (Base: 0.2494, Trend: 0.1460, DTW: 0.0902, TopK: 0.4370) | Val Mixed Loss (No Trend): 0.7182 (Base: 0.2813, DTW: 0.1249, TopK: 0.4571) | EMA Val Loss (No Trend): 0.721937 | LR: 2.00e-04
