[*] Process seed: 4
Building static profile features from historical data...
[*] Total trainable parameters: 3,485,441
Epoch [1/100] | Train Mixed Loss (Trend, limit=2): 1.1252 (Base: 0.3555, DTW: 0.2036, TopK: 0.6143) | Val Mixed Loss (NoTrend, limit=2): 0.8904 (Base: 0.3232, DTW: 0.1642, TopK: 0.5769) | EMA NoTrend Loss: 0.890357 | LR: 2.00e-04
Epoch [2/100] | Train Mixed Loss (Trend, limit=2): 1.0298 (Base: 0.3389, DTW: 0.1753, TopK: 0.6041) | Val Mixed Loss (NoTrend, limit=2): 0.8687 (Base: 0.3285, DTW: 0.1594, TopK: 0.5256) | EMA NoTrend Loss: 0.884937 | LR: 2.00e-04
Epoch [3/100] | Train Mixed Loss (Trend, limit=2): 1.0029 (Base: 0.3346, DTW: 0.1667, TopK: 0.6014) | Val Mixed Loss (NoTrend, limit=2): 0.9058 (Base: 0.3436, DTW: 0.1726, TopK: 0.4931) | EMA NoTrend Loss: 0.890154 | LR: 2.00e-04
Epoch [4/100] | Train Mixed Loss (Trend, limit=2): 0.9836 (Base: 0.3309, DTW: 0.1610, TopK: 0.5946) | Val Mixed Loss (NoTrend, limit=2): 0.8533 (Base: 0.3249, DTW: 0.1541, TopK: 0.5286) | EMA NoTrend Loss: 0.880936 | LR: 1.99e-04
Epoch [5/100] | Train Mixed Loss (Trend, limit=2): 0.9672 (Base: 0.3271, DTW: 0.1562, TopK: 0.5921) | Val Mixed Loss (NoTrend, limit=2): 0.8480 (Base: 0.3197, DTW: 0.1506, TopK: 0.5563) | EMA NoTrend Loss: 0.872696 | LR: 1.99e-04
Epoch [6/100] | Train Mixed Loss (Trend, limit=2): 0.9575 (Base: 0.3257, DTW: 0.1538, TopK: 0.5865) | Val Mixed Loss (NoTrend, limit=2): 0.8148 (Base: 0.2991, DTW: 0.1445, TopK: 0.5633) | EMA NoTrend Loss: 0.858230 | LR: 1.98e-04
Epoch [7/100] | Train Mixed Loss (Trend, limit=2): 0.9476 (Base: 0.3234, DTW: 0.1509, TopK: 0.5847) | Val Mixed Loss (NoTrend, limit=2): 0.8335 (Base: 0.3184, DTW: 0.1516, TopK: 0.5046) | EMA NoTrend Loss: 0.852044 | LR: 1.98e-04
Epoch [8/100] | Train Mixed Loss (Trend, limit=2): 0.9468 (Base: 0.3235, DTW: 0.1504, TopK: 0.5851) | Val Mixed Loss (NoTrend, limit=2): 0.8176 (Base: 0.3107, DTW: 0.1445, TopK: 0.5342) | EMA NoTrend Loss: 0.843435 | LR: 1.97e-04
Epoch [9/100] | Train Mixed Loss (Trend, limit=2): 0.9329 (Base: 0.3196, DTW: 0.1471, TopK: 0.5807) | Val Mixed Loss (NoTrend, limit=2): 0.8257 (Base: 0.3179, DTW: 0.1487, TopK: 0.5034) | EMA NoTrend Loss: 0.838998 | LR: 1.96e-04
Epoch [10/100] | Train Mixed Loss (Trend, limit=2): 0.9238 (Base: 0.3178, DTW: 0.1448, TopK: 0.5762) | Val Mixed Loss (NoTrend, limit=2): 0.8080 (Base: 0.3067, DTW: 0.1447, TopK: 0.5133) | EMA NoTrend Loss: 0.831241 | LR: 1.95e-04
Epoch [11/100] | Train Mixed Loss (Trend, limit=2): 0.9185 (Base: 0.3168, DTW: 0.1430, TopK: 0.5758) | Val Mixed Loss (NoTrend, limit=2): 0.7832 (Base: 0.2960, DTW: 0.1369, TopK: 0.5287) | EMA NoTrend Loss: 0.819227 | LR: 1.94e-04
Epoch [12/100] | Train Mixed Loss (Trend, limit=2): 0.9142 (Base: 0.3161, DTW: 0.1423, TopK: 0.5708) | Val Mixed Loss (NoTrend, limit=2): 0.7889 (Base: 0.2984, DTW: 0.1374, TopK: 0.5360) | EMA NoTrend Loss: 0.811655 | LR: 1.93e-04
Epoch [13/100] | Train Mixed Loss (Trend, limit=2): 0.9121 (Base: 0.3156, DTW: 0.1415, TopK: 0.5703) | Val Mixed Loss (NoTrend, limit=2): 0.8085 (Base: 0.3155, DTW: 0.1423, TopK: 0.5044) | EMA NoTrend Loss: 0.810859 | LR: 1.92e-04
Epoch [14/100] | Train Mixed Loss (Trend, limit=2): 0.9059 (Base: 0.3132, DTW: 0.1401, TopK: 0.5712) | Val Mixed Loss (NoTrend, limit=2): 0.7879 (Base: 0.2997, DTW: 0.1391, TopK: 0.5144) | EMA NoTrend Loss: 0.805115 | LR: 1.91e-04
Epoch [15/100] | Train Mixed Loss (Trend, limit=2): 0.8989 (Base: 0.3120, DTW: 0.1382, TopK: 0.5676) | Val Mixed Loss (NoTrend, limit=2): 0.7783 (Base: 0.2965, DTW: 0.1369, TopK: 0.5104) | EMA NoTrend Loss: 0.798403 | LR: 1.89e-04
Epoch [16/100] | Train Mixed Loss (Trend, limit=2): 0.8963 (Base: 0.3114, DTW: 0.1377, TopK: 0.5644) | Val Mixed Loss (NoTrend, limit=2): 0.7970 (Base: 0.3059, DTW: 0.1443, TopK: 0.4826) | EMA NoTrend Loss: 0.798049 | LR: 1.88e-04
Epoch [17/100] | Train Mixed Loss (Trend, limit=2): 0.8949 (Base: 0.3107, DTW: 0.1373, TopK: 0.5658) | Val Mixed Loss (NoTrend, limit=2): 0.7913 (Base: 0.2979, DTW: 0.1420, TopK: 0.5087) | EMA NoTrend Loss: 0.796350 | LR: 1.86e-04
Epoch [18/100] | Train Mixed Loss (Trend, limit=2): 0.8892 (Base: 0.3094, DTW: 0.1364, TopK: 0.5602) | Val Mixed Loss (NoTrend, limit=2): 0.7762 (Base: 0.2969, DTW: 0.1364, TopK: 0.5066) | EMA NoTrend Loss: 0.791323 | LR: 1.85e-04
Epoch [19/100] | Train Mixed Loss (Trend, limit=2): 0.8846 (Base: 0.3079, DTW: 0.1349, TopK: 0.5607) | Val Mixed Loss (NoTrend, limit=2): 0.7675 (Base: 0.2931, DTW: 0.1309, TopK: 0.5338) | EMA NoTrend Loss: 0.785371 | LR: 1.83e-04
Epoch [20/100] | Train Mixed Loss (Trend, limit=2): 0.8811 (Base: 0.3075, DTW: 0.1340, TopK: 0.5582) | Val Mixed Loss (NoTrend, limit=2): 0.7744 (Base: 0.2897, DTW: 0.1358, TopK: 0.5295) | EMA NoTrend Loss: 0.782625 | LR: 1.81e-04
Epoch [21/100] | Train Mixed Loss (Trend, limit=2): 0.8788 (Base: 0.3072, DTW: 0.1336, TopK: 0.5555) | Val Mixed Loss (NoTrend, limit=2): 0.7611 (Base: 0.2821, DTW: 0.1320, TopK: 0.5403) | EMA NoTrend Loss: 0.777232 | LR: 1.79e-04
Epoch [22/100] | Train Mixed Loss (Trend, limit=2): 0.8772 (Base: 0.3068, DTW: 0.1331, TopK: 0.5548) | Val Mixed Loss (NoTrend, limit=2): 0.7696 (Base: 0.2922, DTW: 0.1334, TopK: 0.5244) | EMA NoTrend Loss: 0.775326 | LR: 1.77e-04
Epoch [23/100] | Train Mixed Loss (Trend, limit=2): 0.8719 (Base: 0.3054, DTW: 0.1319, TopK: 0.5523) | Val Mixed Loss (NoTrend, limit=2): 0.7760 (Base: 0.2964, DTW: 0.1360, TopK: 0.5104) | EMA NoTrend Loss: 0.775488 | LR: 1.75e-04
Epoch [24/100] | Train Mixed Loss (Trend, limit=2): 0.8722 (Base: 0.3053, DTW: 0.1319, TopK: 0.5541) | Val Mixed Loss (NoTrend, limit=2): 0.7685 (Base: 0.2875, DTW: 0.1345, TopK: 0.5277) | EMA NoTrend Loss: 0.773734 | LR: 1.73e-04
Epoch [25/100] | Train Mixed Loss (Trend, limit=2): 0.8693 (Base: 0.3038, DTW: 0.1314, TopK: 0.5547) | Val Mixed Loss (NoTrend, limit=2): 0.7783 (Base: 0.3044, DTW: 0.1356, TopK: 0.4948) | EMA NoTrend Loss: 0.774878 | LR: 1.71e-04
Epoch [26/100] | Train Mixed Loss (Trend, limit=2): 0.8595 (Base: 0.3018, DTW: 0.1293, TopK: 0.5466) | Val Mixed Loss (NoTrend, limit=2): 0.7798 (Base: 0.3026, DTW: 0.1371, TopK: 0.4937) | EMA NoTrend Loss: 0.776112 | LR: 1.69e-04
Epoch [27/100] | Train Mixed Loss (Trend, limit=2): 0.8567 (Base: 0.3010, DTW: 0.1283, TopK: 0.5476) | Val Mixed Loss (NoTrend, limit=2): 0.7868 (Base: 0.3074, DTW: 0.1398, TopK: 0.4798) | EMA NoTrend Loss: 0.778785 | LR: 1.66e-04
Epoch [28/100] | Train Mixed Loss (Trend, limit=2): 0.8562 (Base: 0.3011, DTW: 0.1283, TopK: 0.5457) | Val Mixed Loss (NoTrend, limit=2): 0.7792 (Base: 0.3000, DTW: 0.1394, TopK: 0.4818) | EMA NoTrend Loss: 0.778897 | LR: 1.64e-04
Epoch [29/100] | Train Mixed Loss (Trend, limit=2): 0.8597 (Base: 0.3023, DTW: 0.1294, TopK: 0.5444) | Val Mixed Loss (NoTrend, limit=2): 0.7692 (Base: 0.2993, DTW: 0.1335, TopK: 0.4984) | EMA NoTrend Loss: 0.776480 | LR: 1.61e-04
Epoch [30/100] | Train Mixed Loss (Trend, limit=2): 0.8513 (Base: 0.3004, DTW: 0.1270, TopK: 0.5425) | Val Mixed Loss (NoTrend, limit=2): 0.7638 (Base: 0.2893, DTW: 0.1345, TopK: 0.5054) | EMA NoTrend Loss: 0.773321 | LR: 1.59e-04
Epoch [31/100] | Train Mixed Loss (Trend, limit=2): 0.8492 (Base: 0.2994, DTW: 0.1264, TopK: 0.5433) | Val Mixed Loss (NoTrend, limit=2): 0.7641 (Base: 0.2943, DTW: 0.1333, TopK: 0.4994) | EMA NoTrend Loss: 0.771025 | LR: 1.56e-04
Epoch [32/100] | Train Mixed Loss (Trend, limit=2): 0.8433 (Base: 0.2976, DTW: 0.1254, TopK: 0.5399) | Val Mixed Loss (NoTrend, limit=2): 0.7718 (Base: 0.2914, DTW: 0.1356, TopK: 0.5162) | EMA NoTrend Loss: 0.771215 | LR: 1.54e-04
Epoch [33/100] | Train Mixed Loss (Trend, limit=2): 0.8418 (Base: 0.2975, DTW: 0.1250, TopK: 0.5385) | Val Mixed Loss (NoTrend, limit=2): 0.7793 (Base: 0.2983, DTW: 0.1375, TopK: 0.5034) | EMA NoTrend Loss: 0.773240 | LR: 1.51e-04
Epoch [34/100] | Train Mixed Loss (Trend, limit=2): 0.8368 (Base: 0.2962, DTW: 0.1238, TopK: 0.5361) | Val Mixed Loss (NoTrend, limit=2): 0.7830 (Base: 0.3043, DTW: 0.1407, TopK: 0.4696) | EMA NoTrend Loss: 0.775672 | LR: 1.48e-04
Epoch [35/100] | Train Mixed Loss (Trend, limit=2): 0.8355 (Base: 0.2963, DTW: 0.1234, TopK: 0.5345) | Val Mixed Loss (NoTrend, limit=2): 0.7545 (Base: 0.2872, DTW: 0.1317, TopK: 0.5039) | EMA NoTrend Loss: 0.770378 | LR: 1.46e-04
Epoch [36/100] | Train Mixed Loss (Trend, limit=2): 0.8400 (Base: 0.2974, DTW: 0.1245, TopK: 0.5357) | Val Mixed Loss (NoTrend, limit=2): 0.7565 (Base: 0.2917, DTW: 0.1319, TopK: 0.4938) | EMA NoTrend Loss: 0.766920 | LR: 1.43e-04
Epoch [37/100] | Train Mixed Loss (Trend, limit=2): 0.8332 (Base: 0.2950, DTW: 0.1232, TopK: 0.5336) | Val Mixed Loss (NoTrend, limit=2): 0.7749 (Base: 0.3043, DTW: 0.1371, TopK: 0.4719) | EMA NoTrend Loss: 0.768916 | LR: 1.40e-04
Epoch [38/100] | Train Mixed Loss (Trend, limit=2): 0.8322 (Base: 0.2955, DTW: 0.1226, TopK: 0.5319) | Val Mixed Loss (NoTrend, limit=2): 0.7749 (Base: 0.2987, DTW: 0.1378, TopK: 0.4846) | EMA NoTrend Loss: 0.770402 | LR: 1.37e-04
Epoch [39/100] | Train Mixed Loss (Trend, limit=2): 0.8252 (Base: 0.2930, DTW: 0.1213, TopK: 0.5287) | Val Mixed Loss (NoTrend, limit=2): 0.7806 (Base: 0.3004, DTW: 0.1383, TopK: 0.4945) | EMA NoTrend Loss: 0.772956 | LR: 1.34e-04
Epoch [40/100] | Train Mixed Loss (Trend, limit=2): 0.8212 (Base: 0.2926, DTW: 0.1203, TopK: 0.5257) | Val Mixed Loss (NoTrend, limit=2): 0.7654 (Base: 0.2952, DTW: 0.1353, TopK: 0.4846) | EMA NoTrend Loss: 0.771070 | LR: 1.31e-04
Epoch [41/100] | Train Mixed Loss (Trend, limit=2): 0.8262 (Base: 0.2932, DTW: 0.1214, TopK: 0.5312) | Val Mixed Loss (NoTrend, limit=2): 0.7645 (Base: 0.2934, DTW: 0.1346, TopK: 0.4933) | EMA NoTrend Loss: 0.769434 | LR: 1.28e-04
Epoch [42/100] | Train Mixed Loss (Trend, limit=2): 0.8217 (Base: 0.2923, DTW: 0.1203, TopK: 0.5274) | Val Mixed Loss (NoTrend, limit=2): 0.7549 (Base: 0.2870, DTW: 0.1324, TopK: 0.5002) | EMA NoTrend Loss: 0.765802 | LR: 1.25e-04
Epoch [43/100] | Train Mixed Loss (Trend, limit=2): 0.8174 (Base: 0.2915, DTW: 0.1194, TopK: 0.5238) | Val Mixed Loss (NoTrend, limit=2): 0.7763 (Base: 0.2971, DTW: 0.1383, TopK: 0.4915) | EMA NoTrend Loss: 0.768436 | LR: 1.22e-04
Epoch [44/100] | Train Mixed Loss (Trend, limit=2): 0.8134 (Base: 0.2902, DTW: 0.1182, TopK: 0.5246) | Val Mixed Loss (NoTrend, limit=2): 0.7469 (Base: 0.2890, DTW: 0.1301, TopK: 0.4860) | EMA NoTrend Loss: 0.763048 | LR: 1.19e-04
Epoch [45/100] | Train Mixed Loss (Trend, limit=2): 0.8133 (Base: 0.2905, DTW: 0.1182, TopK: 0.5240) | Val Mixed Loss (NoTrend, limit=2): 0.7528 (Base: 0.2885, DTW: 0.1312, TopK: 0.4983) | EMA NoTrend Loss: 0.760495 | LR: 1.16e-04
Epoch [46/100] | Train Mixed Loss (Trend, limit=2): 0.8133 (Base: 0.2899, DTW: 0.1186, TopK: 0.5220) | Val Mixed Loss (NoTrend, limit=2): 0.7631 (Base: 0.2951, DTW: 0.1339, TopK: 0.4884) | EMA NoTrend Loss: 0.761157 | LR: 1.13e-04
Epoch [47/100] | Train Mixed Loss (Trend, limit=2): 0.8069 (Base: 0.2882, DTW: 0.1170, TopK: 0.5205) | Val Mixed Loss (NoTrend, limit=2): 0.7655 (Base: 0.2960, DTW: 0.1361, TopK: 0.4765) | EMA NoTrend Loss: 0.762253 | LR: 1.10e-04
Epoch [48/100] | Train Mixed Loss (Trend, limit=2): 0.8050 (Base: 0.2877, DTW: 0.1166, TopK: 0.5190) | Val Mixed Loss (NoTrend, limit=2): 0.7644 (Base: 0.2933, DTW: 0.1351, TopK: 0.4892) | EMA NoTrend Loss: 0.762779 | LR: 1.07e-04
Epoch [49/100] | Train Mixed Loss (Trend, limit=2): 0.8007 (Base: 0.2866, DTW: 0.1154, TopK: 0.5171) | Val Mixed Loss (NoTrend, limit=2): 0.7687 (Base: 0.2945, DTW: 0.1367, TopK: 0.4873) | EMA NoTrend Loss: 0.764271 | LR: 1.04e-04
Epoch [50/100] | Train Mixed Loss (Trend, limit=2): 0.8017 (Base: 0.2869, DTW: 0.1161, TopK: 0.5153) | Val Mixed Loss (NoTrend, limit=2): 0.7575 (Base: 0.2916, DTW: 0.1329, TopK: 0.4898) | EMA NoTrend Loss: 0.762577 | LR: 1.00e-04
Epoch [51/100] | Train Mixed Loss (Trend, limit=2): 0.7963 (Base: 0.2856, DTW: 0.1144, TopK: 0.5153) | Val Mixed Loss (NoTrend, limit=2): 0.7834 (Base: 0.3040, DTW: 0.1392, TopK: 0.4848) | EMA NoTrend Loss: 0.767771 | LR: 9.74e-05
Epoch [52/100] | Train Mixed Loss (Trend, limit=2): 0.7965 (Base: 0.2857, DTW: 0.1148, TopK: 0.5124) | Val Mixed Loss (NoTrend, limit=2): 0.7531 (Base: 0.2904, DTW: 0.1327, TopK: 0.4809) | EMA NoTrend Loss: 0.764112 | LR: 9.43e-05
Epoch [53/100] | Train Mixed Loss (Trend, limit=2): 0.7926 (Base: 0.2849, DTW: 0.1135, TopK: 0.5130) | Val Mixed Loss (NoTrend, limit=2): 0.7571 (Base: 0.2934, DTW: 0.1347, TopK: 0.4680) | EMA NoTrend Loss: 0.762359 | LR: 9.11e-05
Epoch [54/100] | Train Mixed Loss (Trend, limit=2): 0.7913 (Base: 0.2843, DTW: 0.1139, TopK: 0.5075) | Val Mixed Loss (NoTrend, limit=2): 0.7595 (Base: 0.2943, DTW: 0.1341, TopK: 0.4776) | EMA NoTrend Loss: 0.761637 | LR: 8.80e-05
Epoch [55/100] | Train Mixed Loss (Trend, limit=2): 0.7890 (Base: 0.2834, DTW: 0.1131, TopK: 0.5097) | Val Mixed Loss (NoTrend, limit=2): 0.7461 (Base: 0.2872, DTW: 0.1308, TopK: 0.4833) | EMA NoTrend Loss: 0.757750 | LR: 8.49e-05
Epoch [56/100] | Train Mixed Loss (Trend, limit=2): 0.7843 (Base: 0.2822, DTW: 0.1122, TopK: 0.5059) | Val Mixed Loss (NoTrend, limit=2): 0.7562 (Base: 0.2912, DTW: 0.1333, TopK: 0.4835) | EMA NoTrend Loss: 0.757370 | LR: 8.19e-05
Epoch [57/100] | Train Mixed Loss (Trend, limit=2): 0.7809 (Base: 0.2811, DTW: 0.1114, TopK: 0.5049) | Val Mixed Loss (NoTrend, limit=2): 0.7547 (Base: 0.2897, DTW: 0.1323, TopK: 0.4910) | EMA NoTrend Loss: 0.756692 | LR: 7.88e-05
Epoch [58/100] | Train Mixed Loss (Trend, limit=2): 0.7798 (Base: 0.2810, DTW: 0.1110, TopK: 0.5057) | Val Mixed Loss (NoTrend, limit=2): 0.7619 (Base: 0.2917, DTW: 0.1358, TopK: 0.4812) | EMA NoTrend Loss: 0.757982 | LR: 7.58e-05
Epoch [59/100] | Train Mixed Loss (Trend, limit=2): 0.7792 (Base: 0.2814, DTW: 0.1106, TopK: 0.5041) | Val Mixed Loss (NoTrend, limit=2): 0.7548 (Base: 0.2904, DTW: 0.1331, TopK: 0.4830) | EMA NoTrend Loss: 0.757181 | LR: 7.27e-05
Epoch [60/100] | Train Mixed Loss (Trend, limit=2): 0.7787 (Base: 0.2810, DTW: 0.1105, TopK: 0.5041) | Val Mixed Loss (NoTrend, limit=2): 0.7598 (Base: 0.2918, DTW: 0.1333, TopK: 0.4938) | EMA NoTrend Loss: 0.757834 | LR: 6.98e-05
Epoch [61/100] | Train Mixed Loss (Trend, limit=2): 0.7773 (Base: 0.2808, DTW: 0.1100, TopK: 0.5049) | Val Mixed Loss (NoTrend, limit=2): 0.7494 (Base: 0.2888, DTW: 0.1316, TopK: 0.4823) | EMA NoTrend Loss: 0.755729 | LR: 6.68e-05
Epoch [62/100] | Train Mixed Loss (Trend, limit=2): 0.7723 (Base: 0.2788, DTW: 0.1093, TopK: 0.5015) | Val Mixed Loss (NoTrend, limit=2): 0.7576 (Base: 0.2916, DTW: 0.1332, TopK: 0.4875) | EMA NoTrend Loss: 0.756193 | LR: 6.39e-05
Epoch [63/100] | Train Mixed Loss (Trend, limit=2): 0.7662 (Base: 0.2770, DTW: 0.1079, TopK: 0.4990) | Val Mixed Loss (NoTrend, limit=2): 0.7605 (Base: 0.2948, DTW: 0.1354, TopK: 0.4690) | EMA NoTrend Loss: 0.757272 | LR: 6.10e-05
Epoch [64/100] | Train Mixed Loss (Trend, limit=2): 0.7672 (Base: 0.2777, DTW: 0.1080, TopK: 0.4992) | Val Mixed Loss (NoTrend, limit=2): 0.7579 (Base: 0.2911, DTW: 0.1341, TopK: 0.4833) | EMA NoTrend Loss: 0.757418 | LR: 5.81e-05
Epoch [65/100] | Train Mixed Loss (Trend, limit=2): 0.7658 (Base: 0.2772, DTW: 0.1077, TopK: 0.4983) | Val Mixed Loss (NoTrend, limit=2): 0.7504 (Base: 0.2888, DTW: 0.1313, TopK: 0.4880) | EMA NoTrend Loss: 0.755655 | LR: 5.53e-05
Epoch [66/100] | Train Mixed Loss (Trend, limit=2): 0.7610 (Base: 0.2755, DTW: 0.1068, TopK: 0.4959) | Val Mixed Loss (NoTrend, limit=2): 0.7508 (Base: 0.2879, DTW: 0.1320, TopK: 0.4872) | EMA NoTrend Loss: 0.754429 | LR: 5.26e-05
Epoch [67/100] | Train Mixed Loss (Trend, limit=2): 0.7585 (Base: 0.2753, DTW: 0.1062, TopK: 0.4939) | Val Mixed Loss (NoTrend, limit=2): 0.7642 (Base: 0.2936, DTW: 0.1354, TopK: 0.4857) | EMA NoTrend Loss: 0.756862 | LR: 4.99e-05
Epoch [68/100] | Train Mixed Loss (Trend, limit=2): 0.7620 (Base: 0.2762, DTW: 0.1067, TopK: 0.4963) | Val Mixed Loss (NoTrend, limit=2): 0.7607 (Base: 0.2927, DTW: 0.1357, TopK: 0.4740) | EMA NoTrend Loss: 0.757817 | LR: 4.72e-05
Epoch [69/100] | Train Mixed Loss (Trend, limit=2): 0.7586 (Base: 0.2749, DTW: 0.1063, TopK: 0.4936) | Val Mixed Loss (NoTrend, limit=2): 0.7602 (Base: 0.2899, DTW: 0.1355, TopK: 0.4841) | EMA NoTrend Loss: 0.758415 | LR: 4.46e-05
Epoch [70/100] | Train Mixed Loss (Trend, limit=2): 0.7531 (Base: 0.2741, DTW: 0.1048, TopK: 0.4904) | Val Mixed Loss (NoTrend, limit=2): 0.7679 (Base: 0.2943, DTW: 0.1374, TopK: 0.4797) | EMA NoTrend Loss: 0.760787 | LR: 4.20e-05
Epoch [71/100] | Train Mixed Loss (Trend, limit=2): 0.7535 (Base: 0.2737, DTW: 0.1053, TopK: 0.4899) | Val Mixed Loss (NoTrend, limit=2): 0.7737 (Base: 0.2983, DTW: 0.1388, TopK: 0.4745) | EMA NoTrend Loss: 0.764016 | LR: 3.95e-05
Epoch [72/100] | Train Mixed Loss (Trend, limit=2): 0.7549 (Base: 0.2738, DTW: 0.1052, TopK: 0.4937) | Val Mixed Loss (NoTrend, limit=2): 0.7593 (Base: 0.2927, DTW: 0.1349, TopK: 0.4762) | EMA NoTrend Loss: 0.762828 | LR: 3.71e-05
Epoch [73/100] | Train Mixed Loss (Trend, limit=2): 0.7487 (Base: 0.2725, DTW: 0.1040, TopK: 0.4881) | Val Mixed Loss (NoTrend, limit=2): 0.7567 (Base: 0.2905, DTW: 0.1337, TopK: 0.4844) | EMA NoTrend Loss: 0.761291 | LR: 3.47e-05
Epoch [74/100] | Train Mixed Loss (Trend, limit=2): 0.7473 (Base: 0.2718, DTW: 0.1037, TopK: 0.4882) | Val Mixed Loss (NoTrend, limit=2): 0.7630 (Base: 0.2918, DTW: 0.1365, TopK: 0.4790) | EMA NoTrend Loss: 0.761730 | LR: 3.24e-05
Epoch [75/100] | Train Mixed Loss (Trend, limit=2): 0.7484 (Base: 0.2725, DTW: 0.1037, TopK: 0.4887) | Val Mixed Loss (NoTrend, limit=2): 0.7653 (Base: 0.2926, DTW: 0.1371, TopK: 0.4795) | EMA NoTrend Loss: 0.762631 | LR: 3.01e-05
Epoch [76/100] | Train Mixed Loss (Trend, limit=2): 0.7479 (Base: 0.2718, DTW: 0.1040, TopK: 0.4882) | Val Mixed Loss (NoTrend, limit=2): 0.7612 (Base: 0.2911, DTW: 0.1353, TopK: 0.4844) | EMA NoTrend Loss: 0.762279 | LR: 2.80e-05
Epoch [77/100] | Train Mixed Loss (Trend, limit=2): 0.7428 (Base: 0.2706, DTW: 0.1027, TopK: 0.4855) | Val Mixed Loss (NoTrend, limit=2): 0.7596 (Base: 0.2936, DTW: 0.1351, TopK: 0.4724) | EMA NoTrend Loss: 0.761601 | LR: 2.59e-05
Epoch [78/100] | Train Mixed Loss (Trend, limit=2): 0.7468 (Base: 0.2722, DTW: 0.1033, TopK: 0.4870) | Val Mixed Loss (NoTrend, limit=2): 0.7687 (Base: 0.2959, DTW: 0.1379, TopK: 0.4727) | EMA NoTrend Loss: 0.763371 | LR: 2.38e-05
Epoch [79/100] | Train Mixed Loss (Trend, limit=2): 0.7439 (Base: 0.2707, DTW: 0.1028, TopK: 0.4869) | Val Mixed Loss (NoTrend, limit=2): 0.7643 (Base: 0.2926, DTW: 0.1364, TopK: 0.4813) | EMA NoTrend Loss: 0.763600 | LR: 2.19e-05
Epoch [80/100] | Train Mixed Loss (Trend, limit=2): 0.7483 (Base: 0.2724, DTW: 0.1036, TopK: 0.4887) | Val Mixed Loss (NoTrend, limit=2): 0.7592 (Base: 0.2921, DTW: 0.1354, TopK: 0.4738) | EMA NoTrend Loss: 0.762494 | LR: 2.00e-05
Epoch [81/100] | Train Mixed Loss (Trend, limit=2): 0.7441 (Base: 0.2717, DTW: 0.1026, TopK: 0.4864) | Val Mixed Loss (NoTrend, limit=2): 0.7709 (Base: 0.2965, DTW: 0.1376, TopK: 0.4805) | EMA NoTrend Loss: 0.764605 | LR: 1.82e-05
Epoch [82/100] | Train Mixed Loss (Trend, limit=2): 0.7394 (Base: 0.2702, DTW: 0.1018, TopK: 0.4825) | Val Mixed Loss (NoTrend, limit=2): 0.7588 (Base: 0.2906, DTW: 0.1348, TopK: 0.4820) | EMA NoTrend Loss: 0.763159 | LR: 1.65e-05
Epoch [83/100] | Train Mixed Loss (Trend, limit=2): 0.7396 (Base: 0.2699, DTW: 0.1019, TopK: 0.4841) | Val Mixed Loss (NoTrend, limit=2): 0.7574 (Base: 0.2909, DTW: 0.1342, TopK: 0.4814) | EMA NoTrend Loss: 0.761714 | LR: 1.49e-05
Epoch [84/100] | Train Mixed Loss (Trend, limit=2): 0.7423 (Base: 0.2704, DTW: 0.1026, TopK: 0.4848) | Val Mixed Loss (NoTrend, limit=2): 0.7671 (Base: 0.2924, DTW: 0.1373, TopK: 0.4841) | EMA NoTrend Loss: 0.763061 | LR: 1.33e-05
Epoch [85/100] | Train Mixed Loss (Trend, limit=2): 0.7412 (Base: 0.2704, DTW: 0.1020, TopK: 0.4849) | Val Mixed Loss (NoTrend, limit=2): 0.7651 (Base: 0.2939, DTW: 0.1368, TopK: 0.4763) | EMA NoTrend Loss: 0.763583 | LR: 1.18e-05
Epoch [86/100] | Train Mixed Loss (Trend, limit=2): 0.7363 (Base: 0.2687, DTW: 0.1013, TopK: 0.4823) | Val Mixed Loss (NoTrend, limit=2): 0.7635 (Base: 0.2937, DTW: 0.1367, TopK: 0.4725) | EMA NoTrend Loss: 0.763564 | LR: 1.05e-05
Epoch [87/100] | Train Mixed Loss (Trend, limit=2): 0.7381 (Base: 0.2692, DTW: 0.1014, TopK: 0.4848) | Val Mixed Loss (NoTrend, limit=2): 0.7655 (Base: 0.2949, DTW: 0.1371, TopK: 0.4716) | EMA NoTrend Loss: 0.764038 | LR: 9.18e-06
Epoch [88/100] | Train Mixed Loss (Trend, limit=2): 0.7353 (Base: 0.2689, DTW: 0.1010, TopK: 0.4797) | Val Mixed Loss (NoTrend, limit=2): 0.7641 (Base: 0.2927, DTW: 0.1363, TopK: 0.4806) | EMA NoTrend Loss: 0.764042 | LR: 7.99e-06
Epoch [89/100] | Train Mixed Loss (Trend, limit=2): 0.7379 (Base: 0.2695, DTW: 0.1013, TopK: 0.4827) | Val Mixed Loss (NoTrend, limit=2): 0.7667 (Base: 0.2926, DTW: 0.1373, TopK: 0.4819) | EMA NoTrend Loss: 0.764716 | LR: 6.88e-06
Epoch [90/100] | Train Mixed Loss (Trend, limit=2): 0.7385 (Base: 0.2692, DTW: 0.1015, TopK: 0.4842) | Val Mixed Loss (NoTrend, limit=2): 0.7674 (Base: 0.2937, DTW: 0.1369, TopK: 0.4833) | EMA NoTrend Loss: 0.765383 | LR: 5.87e-06
Epoch [91/100] | Train Mixed Loss (Trend, limit=2): 0.7326 (Base: 0.2677, DTW: 0.1004, TopK: 0.4792) | Val Mixed Loss (NoTrend, limit=2): 0.7626 (Base: 0.2915, DTW: 0.1363, TopK: 0.4798) | EMA NoTrend Loss: 0.764696 | LR: 4.95e-06
Epoch [92/100] | Train Mixed Loss (Trend, limit=2): 0.7341 (Base: 0.2683, DTW: 0.1007, TopK: 0.4804) | Val Mixed Loss (NoTrend, limit=2): 0.7705 (Base: 0.2946, DTW: 0.1379, TopK: 0.4830) | EMA NoTrend Loss: 0.766135 | LR: 4.13e-06
Epoch [93/100] | Train Mixed Loss (Trend, limit=2): 0.7334 (Base: 0.2673, DTW: 0.1008, TopK: 0.4808) | Val Mixed Loss (NoTrend, limit=2): 0.7694 (Base: 0.2954, DTW: 0.1376, TopK: 0.4794) | EMA NoTrend Loss: 0.766941 | LR: 3.40e-06
Epoch [94/100] | Train Mixed Loss (Trend, limit=2): 0.7307 (Base: 0.2675, DTW: 0.0998, TopK: 0.4788) | Val Mixed Loss (NoTrend, limit=2): 0.7606 (Base: 0.2919, DTW: 0.1356, TopK: 0.4777) | EMA NoTrend Loss: 0.765354 | LR: 2.76e-06
Epoch [95/100] | Train Mixed Loss (Trend, limit=2): 0.7366 (Base: 0.2687, DTW: 0.1010, TopK: 0.4838) | Val Mixed Loss (NoTrend, limit=2): 0.7700 (Base: 0.2955, DTW: 0.1381, TopK: 0.4764) | EMA NoTrend Loss: 0.766509 | LR: 2.23e-06
Epoch [96/100] | Train Mixed Loss (Trend, limit=2): 0.7346 (Base: 0.2681, DTW: 0.1008, TopK: 0.4815) | Val Mixed Loss (NoTrend, limit=2): 0.7692 (Base: 0.2947, DTW: 0.1377, TopK: 0.4801) | EMA NoTrend Loss: 0.767190 | LR: 1.78e-06
Epoch [97/100] | Train Mixed Loss (Trend, limit=2): 0.7310 (Base: 0.2671, DTW: 0.1001, TopK: 0.4786) | Val Mixed Loss (NoTrend, limit=2): 0.7673 (Base: 0.2928, DTW: 0.1379, TopK: 0.4780) | EMA NoTrend Loss: 0.767212 | LR: 1.44e-06
Epoch [98/100] | Train Mixed Loss (Trend, limit=2): 0.7349 (Base: 0.2687, DTW: 0.1006, TopK: 0.4815) | Val Mixed Loss (NoTrend, limit=2): 0.7713 (Base: 0.2940, DTW: 0.1380, TopK: 0.4865) | EMA NoTrend Loss: 0.768223 | LR: 1.20e-06
Epoch [99/100] | Train Mixed Loss (Trend, limit=2): 0.7292 (Base: 0.2664, DTW: 0.0998, TopK: 0.4780) | Val Mixed Loss (NoTrend, limit=2): 0.7629 (Base: 0.2924, DTW: 0.1359, TopK: 0.4814) | EMA NoTrend Loss: 0.766884 | LR: 1.05e-06
Epoch [100/100] | Train Mixed Loss (Trend, limit=2): 0.7331 (Base: 0.2673, DTW: 0.1006, TopK: 0.4816) | Val Mixed Loss (NoTrend, limit=2): 0.7628 (Base: 0.2930, DTW: 0.1360, TopK: 0.4782) | EMA NoTrend Loss: 0.765873 | LR: 1.00e-06
[*] Loaded best model from epoch 66 (EMA NoTrend Loss: 0.754429)
