Starting experiment (seed=1)
Device: cuda
Building static profile features from historical data...
Loading lightweight encoder...
Total trainable parameters: 9,752,834
Epoch [1/100] | Total Loss: 1.3687 | Aux Loss: 0.2998 | Train Mixed Loss: 1.0689 (Base: 0.3487, Trend: 0.1882, DTW: 0.1871, TopK: 0.5900) | Val Mixed Loss (No Trend): 0.8878 (Base: 0.3200, DTW: 0.1621, TopK: 0.5959) | EMA Val Loss (No Trend): 0.887780 | LR: 2.00e-04
Saved new best weights to best_model_seed1.pth (EMA validation loss without trend: 0.887780).
Epoch [2/100] | Total Loss: 1.2310 | Aux Loss: 0.2338 | Train Mixed Loss: 0.9971 (Base: 0.3324, Trend: 0.1655, DTW: 0.1694, TopK: 0.5845) | Val Mixed Loss (No Trend): 0.8409 (Base: 0.2955, DTW: 0.1568, TopK: 0.5636) | EMA Val Loss (No Trend): 0.876053 | LR: 2.00e-04
Saved new best weights to best_model_seed1.pth (EMA validation loss without trend: 0.876053).
Epoch [3/100] | Total Loss: 1.1845 | Aux Loss: 0.2161 | Train Mixed Loss: 0.9684 (Base: 0.3270, Trend: 0.1643, DTW: 0.1611, TopK: 0.5754) | Val Mixed Loss (No Trend): 0.8179 (Base: 0.2985, DTW: 0.1437, TopK: 0.5819) | EMA Val Loss (No Trend): 0.861526 | LR: 2.00e-04
Saved new best weights to best_model_seed1.pth (EMA validation loss without trend: 0.861526).
Epoch [4/100] | Total Loss: 1.1650 | Aux Loss: 0.2125 | Train Mixed Loss: 0.9526 (Base: 0.3227, Trend: 0.1641, DTW: 0.1568, TopK: 0.5719) | Val Mixed Loss (No Trend): 0.8046 (Base: 0.2976, DTW: 0.1422, TopK: 0.5520) | EMA Val Loss (No Trend): 0.847290 | LR: 1.99e-04
Saved new best weights to best_model_seed1.pth (EMA validation loss without trend: 0.847290).
Epoch [5/100] | Total Loss: 1.1508 | Aux Loss: 0.2078 | Train Mixed Loss: 0.9430 (Base: 0.3218, Trend: 0.1638, DTW: 0.1539, TopK: 0.5665) | Val Mixed Loss (No Trend): 0.8285 (Base: 0.3179, DTW: 0.1480, TopK: 0.5182) | EMA Val Loss (No Trend): 0.842581 | LR: 1.99e-04
Saved new best weights to best_model_seed1.pth (EMA validation loss without trend: 0.842581).
Epoch [6/100] | Total Loss: 1.1338 | Aux Loss: 0.2031 | Train Mixed Loss: 0.9306 (Base: 0.3180, Trend: 0.1625, DTW: 0.1512, TopK: 0.5618) | Val Mixed Loss (No Trend): 0.7963 (Base: 0.2972, DTW: 0.1448, TopK: 0.5054) | EMA Val Loss (No Trend): 0.831013 | LR: 1.98e-04
Saved new best weights to best_model_seed1.pth (EMA validation loss without trend: 0.831013).
Epoch [7/100] | Total Loss: 1.1237 | Aux Loss: 0.2018 | Train Mixed Loss: 0.9219 (Base: 0.3165, Trend: 0.1617, DTW: 0.1487, TopK: 0.5591) | Val Mixed Loss (No Trend): 0.7958 (Base: 0.2994, DTW: 0.1399, TopK: 0.5354) | EMA Val Loss (No Trend): 0.822213 | LR: 1.98e-04
Saved new best weights to best_model_seed1.pth (EMA validation loss without trend: 0.822213).
Epoch [8/100] | Total Loss: 1.1074 | Aux Loss: 0.1973 | Train Mixed Loss: 0.9101 (Base: 0.3129, Trend: 0.1613, DTW: 0.1460, TopK: 0.5540) | Val Mixed Loss (No Trend): 0.7874 (Base: 0.2950, DTW: 0.1417, TopK: 0.5081) | EMA Val Loss (No Trend): 0.813520 | LR: 1.97e-04
Saved new best weights to best_model_seed1.pth (EMA validation loss without trend: 0.813520).
Epoch [9/100] | Total Loss: 1.1020 | Aux Loss: 0.1947 | Train Mixed Loss: 0.9073 (Base: 0.3133, Trend: 0.1613, DTW: 0.1450, TopK: 0.5512) | Val Mixed Loss (No Trend): 0.7735 (Base: 0.2884, DTW: 0.1344, TopK: 0.5418) | EMA Val Loss (No Trend): 0.803511 | LR: 1.96e-04
Saved new best weights to best_model_seed1.pth (EMA validation loss without trend: 0.803511).
Epoch [10/100] | Total Loss: 1.0973 | Aux Loss: 0.1939 | Train Mixed Loss: 0.9034 (Base: 0.3123, Trend: 0.1616, DTW: 0.1435, TopK: 0.5527) | Val Mixed Loss (No Trend): 0.7582 (Base: 0.2890, DTW: 0.1333, TopK: 0.4978) | EMA Val Loss (No Trend): 0.792194 | LR: 1.95e-04
Saved new best weights to best_model_seed1.pth (EMA validation loss without trend: 0.792194).
Epoch [11/100] | Total Loss: 1.0763 | Aux Loss: 0.1930 | Train Mixed Loss: 0.8833 (Base: 0.3065, Trend: 0.1591, DTW: 0.1394, TopK: 0.5424) | Val Mixed Loss (No Trend): 0.7587 (Base: 0.2902, DTW: 0.1369, TopK: 0.4660) | EMA Val Loss (No Trend): 0.783823 | LR: 1.94e-04
Saved new best weights to best_model_seed1.pth (EMA validation loss without trend: 0.783823).
Epoch [12/100] | Total Loss: 1.0669 | Aux Loss: 0.1919 | Train Mixed Loss: 0.8750 (Base: 0.3043, Trend: 0.1578, DTW: 0.1374, TopK: 0.5400) | Val Mixed Loss (No Trend): 0.7898 (Base: 0.3006, DTW: 0.1447, TopK: 0.4733) | EMA Val Loss (No Trend): 0.785321 | LR: 1.93e-04
Epoch [13/100] | Total Loss: 1.0718 | Aux Loss: 0.1905 | Train Mixed Loss: 0.8813 (Base: 0.3072, Trend: 0.1592, DTW: 0.1382, TopK: 0.5426) | Val Mixed Loss (No Trend): 0.8022 (Base: 0.3105, DTW: 0.1484, TopK: 0.4516) | EMA Val Loss (No Trend): 0.789540 | LR: 1.92e-04
Epoch [14/100] | Total Loss: 1.0574 | Aux Loss: 0.1881 | Train Mixed Loss: 0.8693 (Base: 0.3035, Trend: 0.1573, DTW: 0.1360, TopK: 0.5361) | Val Mixed Loss (No Trend): 0.7617 (Base: 0.2925, DTW: 0.1353, TopK: 0.4812) | EMA Val Loss (No Trend): 0.782572 | LR: 1.91e-04
Saved new best weights to best_model_seed1.pth (EMA validation loss without trend: 0.782572).
Epoch [15/100] | Total Loss: 1.0534 | Aux Loss: 0.1881 | Train Mixed Loss: 0.8654 (Base: 0.3028, Trend: 0.1587, DTW: 0.1343, TopK: 0.5365) | Val Mixed Loss (No Trend): 0.7644 (Base: 0.2914, DTW: 0.1387, TopK: 0.4666) | EMA Val Loss (No Trend): 0.778031 | LR: 1.89e-04
Saved new best weights to best_model_seed1.pth (EMA validation loss without trend: 0.778031).
Epoch [16/100] | Total Loss: 1.0548 | Aux Loss: 0.1861 | Train Mixed Loss: 0.8688 (Base: 0.3038, Trend: 0.1585, DTW: 0.1354, TopK: 0.5357) | Val Mixed Loss (No Trend): 0.7391 (Base: 0.2822, DTW: 0.1288, TopK: 0.4932) | EMA Val Loss (No Trend): 0.768304 | LR: 1.88e-04
Saved new best weights to best_model_seed1.pth (EMA validation loss without trend: 0.768304).
Epoch [17/100] | Total Loss: 1.0409 | Aux Loss: 0.1851 | Train Mixed Loss: 0.8558 (Base: 0.3000, Trend: 0.1564, DTW: 0.1326, TopK: 0.5310) | Val Mixed Loss (No Trend): 0.7377 (Base: 0.2826, DTW: 0.1299, TopK: 0.4777) | EMA Val Loss (No Trend): 0.760655 | LR: 1.86e-04
Saved new best weights to best_model_seed1.pth (EMA validation loss without trend: 0.760655).
Epoch [18/100] | Total Loss: 1.0346 | Aux Loss: 0.1838 | Train Mixed Loss: 0.8508 (Base: 0.3005, Trend: 0.1577, DTW: 0.1306, TopK: 0.5271) | Val Mixed Loss (No Trend): 0.7525 (Base: 0.2911, DTW: 0.1319, TopK: 0.4828) | EMA Val Loss (No Trend): 0.758620 | LR: 1.85e-04
Saved new best weights to best_model_seed1.pth (EMA validation loss without trend: 0.758620).
Epoch [19/100] | Total Loss: 1.0352 | Aux Loss: 0.1834 | Train Mixed Loss: 0.8518 (Base: 0.2997, Trend: 0.1567, DTW: 0.1313, TopK: 0.5292) | Val Mixed Loss (No Trend): 0.7398 (Base: 0.2812, DTW: 0.1286, TopK: 0.4998) | EMA Val Loss (No Trend): 0.753905 | LR: 1.83e-04
Saved new best weights to best_model_seed1.pth (EMA validation loss without trend: 0.753905).
Epoch [20/100] | Total Loss: 1.0231 | Aux Loss: 0.1806 | Train Mixed Loss: 0.8426 (Base: 0.2975, Trend: 0.1559, DTW: 0.1290, TopK: 0.5253) | Val Mixed Loss (No Trend): 0.7381 (Base: 0.2787, DTW: 0.1259, TopK: 0.5244) | EMA Val Loss (No Trend): 0.749966 | LR: 1.81e-04
Saved new best weights to best_model_seed1.pth (EMA validation loss without trend: 0.749966).
Epoch [21/100] | Total Loss: 1.0258 | Aux Loss: 0.1818 | Train Mixed Loss: 0.8440 (Base: 0.2978, Trend: 0.1567, DTW: 0.1287, TopK: 0.5299) | Val Mixed Loss (No Trend): 0.7374 (Base: 0.2833, DTW: 0.1286, TopK: 0.4848) | EMA Val Loss (No Trend): 0.746822 | LR: 1.79e-04
Saved new best weights to best_model_seed1.pth (EMA validation loss without trend: 0.746822).
Epoch [22/100] | Total Loss: 1.0168 | Aux Loss: 0.1791 | Train Mixed Loss: 0.8377 (Base: 0.2953, Trend: 0.1559, DTW: 0.1280, TopK: 0.5239) | Val Mixed Loss (No Trend): 0.7435 (Base: 0.2899, DTW: 0.1287, TopK: 0.4824) | EMA Val Loss (No Trend): 0.745996 | LR: 1.77e-04
Saved new best weights to best_model_seed1.pth (EMA validation loss without trend: 0.745996).
Epoch [23/100] | Total Loss: 1.0165 | Aux Loss: 0.1776 | Train Mixed Loss: 0.8388 (Base: 0.2972, Trend: 0.1570, DTW: 0.1272, TopK: 0.5260) | Val Mixed Loss (No Trend): 0.7452 (Base: 0.2931, DTW: 0.1308, TopK: 0.4602) | EMA Val Loss (No Trend): 0.745793 | LR: 1.75e-04
Saved new best weights to best_model_seed1.pth (EMA validation loss without trend: 0.745793).
Epoch [24/100] | Total Loss: 1.0068 | Aux Loss: 0.1769 | Train Mixed Loss: 0.8299 (Base: 0.2950, Trend: 0.1558, DTW: 0.1253, TopK: 0.5206) | Val Mixed Loss (No Trend): 0.7370 (Base: 0.2800, DTW: 0.1276, TopK: 0.5025) | EMA Val Loss (No Trend): 0.743588 | LR: 1.73e-04
Saved new best weights to best_model_seed1.pth (EMA validation loss without trend: 0.743588).
Epoch [25/100] | Total Loss: 1.0065 | Aux Loss: 0.1770 | Train Mixed Loss: 0.8296 (Base: 0.2943, Trend: 0.1558, DTW: 0.1257, TopK: 0.5192) | Val Mixed Loss (No Trend): 0.7273 (Base: 0.2805, DTW: 0.1255, TopK: 0.4857) | EMA Val Loss (No Trend): 0.739513 | LR: 1.71e-04
Saved new best weights to best_model_seed1.pth (EMA validation loss without trend: 0.739513).
Epoch [26/100] | Total Loss: 1.0088 | Aux Loss: 0.1762 | Train Mixed Loss: 0.8326 (Base: 0.2953, Trend: 0.1557, DTW: 0.1261, TopK: 0.5229) | Val Mixed Loss (No Trend): 0.7203 (Base: 0.2748, DTW: 0.1236, TopK: 0.4962) | EMA Val Loss (No Trend): 0.734721 | LR: 1.69e-04
Saved new best weights to best_model_seed1.pth (EMA validation loss without trend: 0.734721).
Epoch [27/100] | Total Loss: 0.9943 | Aux Loss: 0.1738 | Train Mixed Loss: 0.8205 (Base: 0.2920, Trend: 0.1555, DTW: 0.1231, TopK: 0.5180) | Val Mixed Loss (No Trend): 0.7446 (Base: 0.2950, DTW: 0.1291, TopK: 0.4654) | EMA Val Loss (No Trend): 0.737179 | LR: 1.66e-04
Epoch [28/100] | Total Loss: 1.0001 | Aux Loss: 0.1746 | Train Mixed Loss: 0.8255 (Base: 0.2936, Trend: 0.1559, DTW: 0.1245, TopK: 0.5171) | Val Mixed Loss (No Trend): 0.7287 (Base: 0.2853, DTW: 0.1255, TopK: 0.4745) | EMA Val Loss (No Trend): 0.735071 | LR: 1.64e-04
Epoch [29/100] | Total Loss: 0.9968 | Aux Loss: 0.1747 | Train Mixed Loss: 0.8221 (Base: 0.2920, Trend: 0.1555, DTW: 0.1238, TopK: 0.5171) | Val Mixed Loss (No Trend): 0.7190 (Base: 0.2766, DTW: 0.1242, TopK: 0.4807) | EMA Val Loss (No Trend): 0.731046 | LR: 1.61e-04
Saved new best weights to best_model_seed1.pth (EMA validation loss without trend: 0.731046).
Epoch [30/100] | Total Loss: 0.9917 | Aux Loss: 0.1740 | Train Mixed Loss: 0.8176 (Base: 0.2918, Trend: 0.1547, DTW: 0.1228, TopK: 0.5127) | Val Mixed Loss (No Trend): 0.7369 (Base: 0.2849, DTW: 0.1273, TopK: 0.4878) | EMA Val Loss (No Trend): 0.732506 | LR: 1.59e-04
Epoch [31/100] | Total Loss: 0.9905 | Aux Loss: 0.1734 | Train Mixed Loss: 0.8171 (Base: 0.2913, Trend: 0.1556, DTW: 0.1221, TopK: 0.5166) | Val Mixed Loss (No Trend): 0.7304 (Base: 0.2834, DTW: 0.1288, TopK: 0.4593) | EMA Val Loss (No Trend): 0.731976 | LR: 1.56e-04
Epoch [32/100] | Total Loss: 0.9820 | Aux Loss: 0.1714 | Train Mixed Loss: 0.8107 (Base: 0.2893, Trend: 0.1543, DTW: 0.1211, TopK: 0.5122) | Val Mixed Loss (No Trend): 0.7461 (Base: 0.2898, DTW: 0.1302, TopK: 0.4792) | EMA Val Loss (No Trend): 0.735511 | LR: 1.54e-04
Epoch [33/100] | Total Loss: 0.9748 | Aux Loss: 0.1713 | Train Mixed Loss: 0.8036 (Base: 0.2884, Trend: 0.1538, DTW: 0.1190, TopK: 0.5087) | Val Mixed Loss (No Trend): 0.7324 (Base: 0.2833, DTW: 0.1259, TopK: 0.4896) | EMA Val Loss (No Trend): 0.734731 | LR: 1.51e-04
Epoch [34/100] | Total Loss: 0.9850 | Aux Loss: 0.1728 | Train Mixed Loss: 0.8122 (Base: 0.2904, Trend: 0.1549, DTW: 0.1214, TopK: 0.5104) | Val Mixed Loss (No Trend): 0.7447 (Base: 0.2901, DTW: 0.1318, TopK: 0.4607) | EMA Val Loss (No Trend): 0.737222 | LR: 1.48e-04
Epoch [35/100] | Total Loss: 0.9746 | Aux Loss: 0.1712 | Train Mixed Loss: 0.8034 (Base: 0.2880, Trend: 0.1544, DTW: 0.1190, TopK: 0.5086) | Val Mixed Loss (No Trend): 0.7319 (Base: 0.2851, DTW: 0.1292, TopK: 0.4562) | EMA Val Loss (No Trend): 0.735897 | LR: 1.46e-04
Epoch [36/100] | Total Loss: 0.9619 | Aux Loss: 0.1677 | Train Mixed Loss: 0.7942 (Base: 0.2860, Trend: 0.1528, DTW: 0.1169, TopK: 0.5040) | Val Mixed Loss (No Trend): 0.7260 (Base: 0.2825, DTW: 0.1257, TopK: 0.4726) | EMA Val Loss (No Trend): 0.733422 | LR: 1.43e-04
Epoch [37/100] | Total Loss: 0.9739 | Aux Loss: 0.1703 | Train Mixed Loss: 0.8036 (Base: 0.2878, Trend: 0.1541, DTW: 0.1197, TopK: 0.5051) | Val Mixed Loss (No Trend): 0.7461 (Base: 0.2951, DTW: 0.1291, TopK: 0.4704) | EMA Val Loss (No Trend): 0.736601 | LR: 1.40e-04
Epoch [38/100] | Total Loss: 0.9627 | Aux Loss: 0.1685 | Train Mixed Loss: 0.7942 (Base: 0.2854, Trend: 0.1536, DTW: 0.1174, TopK: 0.5013) | Val Mixed Loss (No Trend): 0.7231 (Base: 0.2782, DTW: 0.1269, TopK: 0.4675) | EMA Val Loss (No Trend): 0.733215 | LR: 1.37e-04
Epoch [39/100] | Total Loss: 0.9596 | Aux Loss: 0.1687 | Train Mixed Loss: 0.7909 (Base: 0.2848, Trend: 0.1532, DTW: 0.1165, TopK: 0.5002) | Val Mixed Loss (No Trend): 0.7200 (Base: 0.2779, DTW: 0.1235, TopK: 0.4855) | EMA Val Loss (No Trend): 0.729921 | LR: 1.34e-04
Saved new best weights to best_model_seed1.pth (EMA validation loss without trend: 0.729921).
Epoch [40/100] | Total Loss: 0.9547 | Aux Loss: 0.1675 | Train Mixed Loss: 0.7872 (Base: 0.2834, Trend: 0.1526, DTW: 0.1158, TopK: 0.4985) | Val Mixed Loss (No Trend): 0.7326 (Base: 0.2827, DTW: 0.1294, TopK: 0.4647) | EMA Val Loss (No Trend): 0.730599 | LR: 1.31e-04
Epoch [41/100] | Total Loss: 0.9567 | Aux Loss: 0.1685 | Train Mixed Loss: 0.7883 (Base: 0.2841, Trend: 0.1527, DTW: 0.1155, TopK: 0.5019) | Val Mixed Loss (No Trend): 0.7376 (Base: 0.2917, DTW: 0.1298, TopK: 0.4478) | EMA Val Loss (No Trend): 0.732355 | LR: 1.28e-04
Epoch [42/100] | Total Loss: 0.9554 | Aux Loss: 0.1675 | Train Mixed Loss: 0.7878 (Base: 0.2845, Trend: 0.1534, DTW: 0.1153, TopK: 0.5000) | Val Mixed Loss (No Trend): 0.7135 (Base: 0.2800, DTW: 0.1220, TopK: 0.4688) | EMA Val Loss (No Trend): 0.727635 | LR: 1.25e-04
Saved new best weights to best_model_seed1.pth (EMA validation loss without trend: 0.727635).
Epoch [43/100] | Total Loss: 0.9434 | Aux Loss: 0.1668 | Train Mixed Loss: 0.7765 (Base: 0.2799, Trend: 0.1525, DTW: 0.1134, TopK: 0.4941) | Val Mixed Loss (No Trend): 0.7144 (Base: 0.2783, DTW: 0.1230, TopK: 0.4695) | EMA Val Loss (No Trend): 0.724320 | LR: 1.22e-04
Saved new best weights to best_model_seed1.pth (EMA validation loss without trend: 0.724320).
Epoch [44/100] | Total Loss: 0.9476 | Aux Loss: 0.1677 | Train Mixed Loss: 0.7799 (Base: 0.2815, Trend: 0.1526, DTW: 0.1142, TopK: 0.4938) | Val Mixed Loss (No Trend): 0.7382 (Base: 0.2893, DTW: 0.1295, TopK: 0.4601) | EMA Val Loss (No Trend): 0.727781 | LR: 1.19e-04
Epoch [45/100] | Total Loss: 0.9407 | Aux Loss: 0.1653 | Train Mixed Loss: 0.7754 (Base: 0.2796, Trend: 0.1516, DTW: 0.1131, TopK: 0.4948) | Val Mixed Loss (No Trend): 0.7375 (Base: 0.2848, DTW: 0.1297, TopK: 0.4711) | EMA Val Loss (No Trend): 0.730219 | LR: 1.16e-04
Epoch [46/100] | Total Loss: 0.9373 | Aux Loss: 0.1649 | Train Mixed Loss: 0.7725 (Base: 0.2802, Trend: 0.1520, DTW: 0.1118, TopK: 0.4929) | Val Mixed Loss (No Trend): 0.7226 (Base: 0.2825, DTW: 0.1236, TopK: 0.4777) | EMA Val Loss (No Trend): 0.728313 | LR: 1.13e-04
Epoch [47/100] | Total Loss: 0.9323 | Aux Loss: 0.1631 | Train Mixed Loss: 0.7692 (Base: 0.2785, Trend: 0.1528, DTW: 0.1111, TopK: 0.4923) | Val Mixed Loss (No Trend): 0.7295 (Base: 0.2858, DTW: 0.1287, TopK: 0.4497) | EMA Val Loss (No Trend): 0.728608 | LR: 1.10e-04
Epoch [48/100] | Total Loss: 0.9333 | Aux Loss: 0.1647 | Train Mixed Loss: 0.7686 (Base: 0.2775, Trend: 0.1520, DTW: 0.1113, TopK: 0.4929) | Val Mixed Loss (No Trend): 0.7412 (Base: 0.2903, DTW: 0.1298, TopK: 0.4641) | EMA Val Loss (No Trend): 0.731749 | LR: 1.07e-04
Epoch [49/100] | Total Loss: 0.9326 | Aux Loss: 0.1627 | Train Mixed Loss: 0.7699 (Base: 0.2781, Trend: 0.1526, DTW: 0.1114, TopK: 0.4942) | Val Mixed Loss (No Trend): 0.7056 (Base: 0.2739, DTW: 0.1206, TopK: 0.4740) | EMA Val Loss (No Trend): 0.725202 | LR: 1.04e-04
Epoch [50/100] | Total Loss: 0.9243 | Aux Loss: 0.1630 | Train Mixed Loss: 0.7613 (Base: 0.2762, Trend: 0.1515, DTW: 0.1094, TopK: 0.4887) | Val Mixed Loss (No Trend): 0.7264 (Base: 0.2851, DTW: 0.1268, TopK: 0.4570) | EMA Val Loss (No Trend): 0.725514 | LR: 1.01e-04
Epoch [51/100] | Total Loss: 0.9239 | Aux Loss: 0.1626 | Train Mixed Loss: 0.7613 (Base: 0.2769, Trend: 0.1515, DTW: 0.1093, TopK: 0.4873) | Val Mixed Loss (No Trend): 0.7122 (Base: 0.2768, DTW: 0.1229, TopK: 0.4686) | EMA Val Loss (No Trend): 0.722192 | LR: 9.74e-05
Saved new best weights to best_model_seed1.pth (EMA validation loss without trend: 0.722192).
Epoch [52/100] | Total Loss: 0.9227 | Aux Loss: 0.1623 | Train Mixed Loss: 0.7604 (Base: 0.2766, Trend: 0.1522, DTW: 0.1091, TopK: 0.4864) | Val Mixed Loss (No Trend): 0.7405 (Base: 0.2912, DTW: 0.1317, TopK: 0.4436) | EMA Val Loss (No Trend): 0.726763 | LR: 9.43e-05
Epoch [53/100] | Total Loss: 0.9217 | Aux Loss: 0.1632 | Train Mixed Loss: 0.7585 (Base: 0.2755, Trend: 0.1509, DTW: 0.1091, TopK: 0.4859) | Val Mixed Loss (No Trend): 0.7140 (Base: 0.2805, DTW: 0.1243, TopK: 0.4506) | EMA Val Loss (No Trend): 0.723569 | LR: 9.11e-05
Epoch [54/100] | Total Loss: 0.9199 | Aux Loss: 0.1620 | Train Mixed Loss: 0.7579 (Base: 0.2754, Trend: 0.1517, DTW: 0.1086, TopK: 0.4871) | Val Mixed Loss (No Trend): 0.7197 (Base: 0.2814, DTW: 0.1233, TopK: 0.4746) | EMA Val Loss (No Trend): 0.722596 | LR: 8.80e-05
Epoch [55/100] | Total Loss: 0.9220 | Aux Loss: 0.1632 | Train Mixed Loss: 0.7588 (Base: 0.2764, Trend: 0.1529, DTW: 0.1084, TopK: 0.4858) | Val Mixed Loss (No Trend): 0.7178 (Base: 0.2818, DTW: 0.1244, TopK: 0.4577) | EMA Val Loss (No Trend): 0.721385 | LR: 8.49e-05
Saved new best weights to best_model_seed1.pth (EMA validation loss without trend: 0.721385).
Epoch [56/100] | Total Loss: 0.9108 | Aux Loss: 0.1618 | Train Mixed Loss: 0.7490 (Base: 0.2738, Trend: 0.1517, DTW: 0.1061, TopK: 0.4820) | Val Mixed Loss (No Trend): 0.7083 (Base: 0.2748, DTW: 0.1211, TopK: 0.4766) | EMA Val Loss (No Trend): 0.718117 | LR: 8.19e-05
Saved new best weights to best_model_seed1.pth (EMA validation loss without trend: 0.718117).
Epoch [57/100] | Total Loss: 0.9100 | Aux Loss: 0.1612 | Train Mixed Loss: 0.7488 (Base: 0.2738, Trend: 0.1515, DTW: 0.1063, TopK: 0.4807) | Val Mixed Loss (No Trend): 0.7230 (Base: 0.2811, DTW: 0.1266, TopK: 0.4603) | EMA Val Loss (No Trend): 0.719333 | LR: 7.88e-05
Epoch [58/100] | Total Loss: 0.9065 | Aux Loss: 0.1607 | Train Mixed Loss: 0.7458 (Base: 0.2718, Trend: 0.1502, DTW: 0.1062, TopK: 0.4804) | Val Mixed Loss (No Trend): 0.7149 (Base: 0.2819, DTW: 0.1231, TopK: 0.4582) | EMA Val Loss (No Trend): 0.718224 | LR: 7.58e-05
Epoch [59/100] | Total Loss: 0.8960 | Aux Loss: 0.1594 | Train Mixed Loss: 0.7366 (Base: 0.2701, Trend: 0.1498, DTW: 0.1038, TopK: 0.4747) | Val Mixed Loss (No Trend): 0.7248 (Base: 0.2833, DTW: 0.1263, TopK: 0.4609) | EMA Val Loss (No Trend): 0.719865 | LR: 7.27e-05
Epoch [60/100] | Total Loss: 0.9003 | Aux Loss: 0.1613 | Train Mixed Loss: 0.7390 (Base: 0.2699, Trend: 0.1498, DTW: 0.1047, TopK: 0.4766) | Val Mixed Loss (No Trend): 0.7143 (Base: 0.2791, DTW: 0.1240, TopK: 0.4585) | EMA Val Loss (No Trend): 0.718462 | LR: 6.98e-05
Epoch [61/100] | Total Loss: 0.8981 | Aux Loss: 0.1604 | Train Mixed Loss: 0.7376 (Base: 0.2696, Trend: 0.1500, DTW: 0.1044, TopK: 0.4748) | Val Mixed Loss (No Trend): 0.7278 (Base: 0.2854, DTW: 0.1256, TopK: 0.4694) | EMA Val Loss (No Trend): 0.720787 | LR: 6.68e-05
Epoch [62/100] | Total Loss: 0.8939 | Aux Loss: 0.1587 | Train Mixed Loss: 0.7351 (Base: 0.2692, Trend: 0.1504, DTW: 0.1036, TopK: 0.4736) | Val Mixed Loss (No Trend): 0.7179 (Base: 0.2802, DTW: 0.1247, TopK: 0.4616) | EMA Val Loss (No Trend): 0.720074 | LR: 6.39e-05
Epoch [63/100] | Total Loss: 0.8904 | Aux Loss: 0.1594 | Train Mixed Loss: 0.7310 (Base: 0.2683, Trend: 0.1500, DTW: 0.1026, TopK: 0.4712) | Val Mixed Loss (No Trend): 0.7259 (Base: 0.2839, DTW: 0.1272, TopK: 0.4557) | EMA Val Loss (No Trend): 0.721530 | LR: 6.10e-05
Epoch [64/100] | Total Loss: 0.8901 | Aux Loss: 0.1585 | Train Mixed Loss: 0.7317 (Base: 0.2677, Trend: 0.1494, DTW: 0.1035, TopK: 0.4699) | Val Mixed Loss (No Trend): 0.7210 (Base: 0.2806, DTW: 0.1258, TopK: 0.4618) | EMA Val Loss (No Trend): 0.721397 | LR: 5.81e-05
Epoch [65/100] | Total Loss: 0.8920 | Aux Loss: 0.1594 | Train Mixed Loss: 0.7326 (Base: 0.2688, Trend: 0.1508, DTW: 0.1029, TopK: 0.4714) | Val Mixed Loss (No Trend): 0.7224 (Base: 0.2856, DTW: 0.1249, TopK: 0.4570) | EMA Val Loss (No Trend): 0.721650 | LR: 5.53e-05
Epoch [66/100] | Total Loss: 0.8926 | Aux Loss: 0.1597 | Train Mixed Loss: 0.7329 (Base: 0.2686, Trend: 0.1508, DTW: 0.1026, TopK: 0.4759) | Val Mixed Loss (No Trend): 0.7145 (Base: 0.2787, DTW: 0.1233, TopK: 0.4661) | EMA Val Loss (No Trend): 0.719850 | LR: 5.26e-05
Epoch [67/100] | Total Loss: 0.8780 | Aux Loss: 0.1584 | Train Mixed Loss: 0.7197 (Base: 0.2650, Trend: 0.1494, DTW: 0.1002, TopK: 0.4652) | Val Mixed Loss (No Trend): 0.7228 (Base: 0.2825, DTW: 0.1262, TopK: 0.4585) | EMA Val Loss (No Trend): 0.720589 | LR: 4.99e-05
Epoch [68/100] | Total Loss: 0.8765 | Aux Loss: 0.1560 | Train Mixed Loss: 0.7205 (Base: 0.2646, Trend: 0.1493, DTW: 0.1003, TopK: 0.4683) | Val Mixed Loss (No Trend): 0.7063 (Base: 0.2738, DTW: 0.1210, TopK: 0.4739) | EMA Val Loss (No Trend): 0.717015 | LR: 4.72e-05
Saved new best weights to best_model_seed1.pth (EMA validation loss without trend: 0.717015).
Epoch [69/100] | Total Loss: 0.8792 | Aux Loss: 0.1585 | Train Mixed Loss: 0.7207 (Base: 0.2649, Trend: 0.1494, DTW: 0.1006, TopK: 0.4654) | Val Mixed Loss (No Trend): 0.7149 (Base: 0.2809, DTW: 0.1239, TopK: 0.4554) | EMA Val Loss (No Trend): 0.716483 | LR: 4.46e-05
Saved new best weights to best_model_seed1.pth (EMA validation loss without trend: 0.716483).
Epoch [70/100] | Total Loss: 0.8784 | Aux Loss: 0.1579 | Train Mixed Loss: 0.7206 (Base: 0.2645, Trend: 0.1500, DTW: 0.1002, TopK: 0.4681) | Val Mixed Loss (No Trend): 0.7151 (Base: 0.2804, DTW: 0.1244, TopK: 0.4536) | EMA Val Loss (No Trend): 0.716129 | LR: 4.20e-05
Saved new best weights to best_model_seed1.pth (EMA validation loss without trend: 0.716129).
Epoch [71/100] | Total Loss: 0.8797 | Aux Loss: 0.1572 | Train Mixed Loss: 0.7225 (Base: 0.2659, Trend: 0.1508, DTW: 0.1006, TopK: 0.4663) | Val Mixed Loss (No Trend): 0.7049 (Base: 0.2784, DTW: 0.1214, TopK: 0.4504) | EMA Val Loss (No Trend): 0.713328 | LR: 3.95e-05
Saved new best weights to best_model_seed1.pth (EMA validation loss without trend: 0.713328).
Epoch [72/100] | Total Loss: 0.8715 | Aux Loss: 0.1560 | Train Mixed Loss: 0.7155 (Base: 0.2637, Trend: 0.1498, DTW: 0.0990, TopK: 0.4639) | Val Mixed Loss (No Trend): 0.7218 (Base: 0.2838, DTW: 0.1254, TopK: 0.4571) | EMA Val Loss (No Trend): 0.715454 | LR: 3.71e-05
Epoch [73/100] | Total Loss: 0.8729 | Aux Loss: 0.1568 | Train Mixed Loss: 0.7161 (Base: 0.2641, Trend: 0.1506, DTW: 0.0988, TopK: 0.4650) | Val Mixed Loss (No Trend): 0.7073 (Base: 0.2787, DTW: 0.1220, TopK: 0.4528) | EMA Val Loss (No Trend): 0.713411 | LR: 3.47e-05
Epoch [74/100] | Total Loss: 0.8693 | Aux Loss: 0.1567 | Train Mixed Loss: 0.7126 (Base: 0.2623, Trend: 0.1492, DTW: 0.0985, TopK: 0.4649) | Val Mixed Loss (No Trend): 0.7281 (Base: 0.2832, DTW: 0.1263, TopK: 0.4726) | EMA Val Loss (No Trend): 0.717079 | LR: 3.24e-05
Epoch [75/100] | Total Loss: 0.8623 | Aux Loss: 0.1551 | Train Mixed Loss: 0.7072 (Base: 0.2604, Trend: 0.1483, DTW: 0.0978, TopK: 0.4600) | Val Mixed Loss (No Trend): 0.7390 (Base: 0.2892, DTW: 0.1299, TopK: 0.4600) | EMA Val Loss (No Trend): 0.722567 | LR: 3.01e-05
Epoch [76/100] | Total Loss: 0.8647 | Aux Loss: 0.1574 | Train Mixed Loss: 0.7073 (Base: 0.2609, Trend: 0.1481, DTW: 0.0977, TopK: 0.4601) | Val Mixed Loss (No Trend): 0.7242 (Base: 0.2839, DTW: 0.1257, TopK: 0.4620) | EMA Val Loss (No Trend): 0.722984 | LR: 2.80e-05
Epoch [77/100] | Total Loss: 0.8621 | Aux Loss: 0.1559 | Train Mixed Loss: 0.7062 (Base: 0.2606, Trend: 0.1490, DTW: 0.0976, TopK: 0.4565) | Val Mixed Loss (No Trend): 0.7196 (Base: 0.2830, DTW: 0.1258, TopK: 0.4490) | EMA Val Loss (No Trend): 0.722149 | LR: 2.59e-05
Epoch [78/100] | Total Loss: 0.8625 | Aux Loss: 0.1565 | Train Mixed Loss: 0.7060 (Base: 0.2603, Trend: 0.1491, DTW: 0.0973, TopK: 0.4583) | Val Mixed Loss (No Trend): 0.7188 (Base: 0.2803, DTW: 0.1249, TopK: 0.4620) | EMA Val Loss (No Trend): 0.721308 | LR: 2.38e-05
Epoch [79/100] | Total Loss: 0.8570 | Aux Loss: 0.1566 | Train Mixed Loss: 0.7003 (Base: 0.2592, Trend: 0.1481, DTW: 0.0963, TopK: 0.4533) | Val Mixed Loss (No Trend): 0.7214 (Base: 0.2840, DTW: 0.1262, TopK: 0.4488) | EMA Val Loss (No Trend): 0.721320 | LR: 2.19e-05
Epoch [80/100] | Total Loss: 0.8632 | Aux Loss: 0.1556 | Train Mixed Loss: 0.7076 (Base: 0.2617, Trend: 0.1496, DTW: 0.0975, TopK: 0.4569) | Val Mixed Loss (No Trend): 0.7144 (Base: 0.2800, DTW: 0.1241, TopK: 0.4547) | EMA Val Loss (No Trend): 0.719580 | LR: 2.00e-05
Epoch [81/100] | Total Loss: 0.8554 | Aux Loss: 0.1557 | Train Mixed Loss: 0.6997 (Base: 0.2582, Trend: 0.1483, DTW: 0.0957, TopK: 0.4585) | Val Mixed Loss (No Trend): 0.7140 (Base: 0.2812, DTW: 0.1242, TopK: 0.4487) | EMA Val Loss (No Trend): 0.718183 | LR: 1.82e-05
Epoch [82/100] | Total Loss: 0.8538 | Aux Loss: 0.1548 | Train Mixed Loss: 0.6990 (Base: 0.2586, Trend: 0.1491, DTW: 0.0954, TopK: 0.4564) | Val Mixed Loss (No Trend): 0.7156 (Base: 0.2802, DTW: 0.1244, TopK: 0.4564) | EMA Val Loss (No Trend): 0.717535 | LR: 1.65e-05
Epoch [83/100] | Total Loss: 0.8589 | Aux Loss: 0.1555 | Train Mixed Loss: 0.7033 (Base: 0.2596, Trend: 0.1490, DTW: 0.0967, TopK: 0.4568) | Val Mixed Loss (No Trend): 0.7190 (Base: 0.2808, DTW: 0.1242, TopK: 0.4670) | EMA Val Loss (No Trend): 0.717895 | LR: 1.49e-05
Epoch [84/100] | Total Loss: 0.8507 | Aux Loss: 0.1566 | Train Mixed Loss: 0.6941 (Base: 0.2577, Trend: 0.1490, DTW: 0.0944, TopK: 0.4512) | Val Mixed Loss (No Trend): 0.7032 (Base: 0.2736, DTW: 0.1208, TopK: 0.4654) | EMA Val Loss (No Trend): 0.714232 | LR: 1.33e-05
Epoch [85/100] | Total Loss: 0.8551 | Aux Loss: 0.1552 | Train Mixed Loss: 0.6999 (Base: 0.2590, Trend: 0.1497, DTW: 0.0956, TopK: 0.4550) | Val Mixed Loss (No Trend): 0.7275 (Base: 0.2819, DTW: 0.1265, TopK: 0.4732) | EMA Val Loss (No Trend): 0.717552 | LR: 1.18e-05
Epoch [86/100] | Total Loss: 0.8598 | Aux Loss: 0.1557 | Train Mixed Loss: 0.7041 (Base: 0.2609, Trend: 0.1502, DTW: 0.0964, TopK: 0.4555) | Val Mixed Loss (No Trend): 0.7233 (Base: 0.2832, DTW: 0.1262, TopK: 0.4575) | EMA Val Loss (No Trend): 0.718994 | LR: 1.05e-05
Epoch [87/100] | Total Loss: 0.8523 | Aux Loss: 0.1547 | Train Mixed Loss: 0.6977 (Base: 0.2578, Trend: 0.1490, DTW: 0.0951, TopK: 0.4574) | Val Mixed Loss (No Trend): 0.7296 (Base: 0.2862, DTW: 0.1277, TopK: 0.4566) | EMA Val Loss (No Trend): 0.721654 | LR: 9.18e-06
Epoch [88/100] | Total Loss: 0.8460 | Aux Loss: 0.1535 | Train Mixed Loss: 0.6926 (Base: 0.2568, Trend: 0.1487, DTW: 0.0939, TopK: 0.4538) | Val Mixed Loss (No Trend): 0.7132 (Base: 0.2779, DTW: 0.1241, TopK: 0.4577) | EMA Val Loss (No Trend): 0.719536 | LR: 7.99e-06
Epoch [89/100] | Total Loss: 0.8470 | Aux Loss: 0.1544 | Train Mixed Loss: 0.6926 (Base: 0.2569, Trend: 0.1482, DTW: 0.0943, TopK: 0.4513) | Val Mixed Loss (No Trend): 0.7175 (Base: 0.2809, DTW: 0.1248, TopK: 0.4572) | EMA Val Loss (No Trend): 0.719022 | LR: 6.88e-06
Epoch [90/100] | Total Loss: 0.8474 | Aux Loss: 0.1526 | Train Mixed Loss: 0.6948 (Base: 0.2573, Trend: 0.1489, DTW: 0.0945, TopK: 0.4541) | Val Mixed Loss (No Trend): 0.7101 (Base: 0.2786, DTW: 0.1229, TopK: 0.4555) | EMA Val Loss (No Trend): 0.716792 | LR: 5.87e-06
Epoch [91/100] | Total Loss: 0.8486 | Aux Loss: 0.1549 | Train Mixed Loss: 0.6937 (Base: 0.2574, Trend: 0.1482, DTW: 0.0945, TopK: 0.4518) | Val Mixed Loss (No Trend): 0.7042 (Base: 0.2758, DTW: 0.1210, TopK: 0.4604) | EMA Val Loss (No Trend): 0.713652 | LR: 4.95e-06
Epoch [92/100] | Total Loss: 0.8461 | Aux Loss: 0.1551 | Train Mixed Loss: 0.6910 (Base: 0.2564, Trend: 0.1484, DTW: 0.0936, TopK: 0.4525) | Val Mixed Loss (No Trend): 0.7062 (Base: 0.2757, DTW: 0.1221, TopK: 0.4581) | EMA Val Loss (No Trend): 0.711800 | LR: 4.13e-06
Saved new best weights to best_model_seed1.pth (EMA validation loss without trend: 0.711800).
Epoch [93/100] | Total Loss: 0.8490 | Aux Loss: 0.1537 | Train Mixed Loss: 0.6953 (Base: 0.2576, Trend: 0.1490, DTW: 0.0947, TopK: 0.4532) | Val Mixed Loss (No Trend): 0.7205 (Base: 0.2820, DTW: 0.1256, TopK: 0.4573) | EMA Val Loss (No Trend): 0.713976 | LR: 3.40e-06
Epoch [94/100] | Total Loss: 0.8550 | Aux Loss: 0.1563 | Train Mixed Loss: 0.6986 (Base: 0.2592, Trend: 0.1498, DTW: 0.0950, TopK: 0.4553) | Val Mixed Loss (No Trend): 0.7168 (Base: 0.2815, DTW: 0.1241, TopK: 0.4585) | EMA Val Loss (No Trend): 0.714687 | LR: 2.76e-06
Epoch [95/100] | Total Loss: 0.8460 | Aux Loss: 0.1558 | Train Mixed Loss: 0.6902 (Base: 0.2566, Trend: 0.1484, DTW: 0.0934, TopK: 0.4507) | Val Mixed Loss (No Trend): 0.7266 (Base: 0.2858, DTW: 0.1260, TopK: 0.4615) | EMA Val Loss (No Trend): 0.717657 | LR: 2.23e-06
Epoch [96/100] | Total Loss: 0.8487 | Aux Loss: 0.1552 | Train Mixed Loss: 0.6935 (Base: 0.2568, Trend: 0.1489, DTW: 0.0943, TopK: 0.4530) | Val Mixed Loss (No Trend): 0.7237 (Base: 0.2832, DTW: 0.1253, TopK: 0.4657) | EMA Val Loss (No Trend): 0.719172 | LR: 1.78e-06
Epoch [97/100] | Total Loss: 0.8475 | Aux Loss: 0.1563 | Train Mixed Loss: 0.6912 (Base: 0.2564, Trend: 0.1488, DTW: 0.0938, TopK: 0.4510) | Val Mixed Loss (No Trend): 0.7138 (Base: 0.2789, DTW: 0.1237, TopK: 0.4599) | EMA Val Loss (No Trend): 0.717832 | LR: 1.44e-06
Epoch [98/100] | Total Loss: 0.8430 | Aux Loss: 0.1535 | Train Mixed Loss: 0.6895 (Base: 0.2559, Trend: 0.1487, DTW: 0.0934, TopK: 0.4504) | Val Mixed Loss (No Trend): 0.7134 (Base: 0.2796, DTW: 0.1229, TopK: 0.4628) | EMA Val Loss (No Trend): 0.716736 | LR: 1.20e-06
Epoch [99/100] | Total Loss: 0.8495 | Aux Loss: 0.1560 | Train Mixed Loss: 0.6935 (Base: 0.2575, Trend: 0.1490, DTW: 0.0942, TopK: 0.4511) | Val Mixed Loss (No Trend): 0.7157 (Base: 0.2795, DTW: 0.1239, TopK: 0.4629) | EMA Val Loss (No Trend): 0.716487 | LR: 1.05e-06
Epoch [100/100] | Total Loss: 0.8477 | Aux Loss: 0.1549 | Train Mixed Loss: 0.6928 (Base: 0.2571, Trend: 0.1484, DTW: 0.0941, TopK: 0.4525) | Val Mixed Loss (No Trend): 0.7190 (Base: 0.2810, DTW: 0.1242, TopK: 0.4668) | EMA Val Loss (No Trend): 0.717113 | LR: 2.00e-04
