Starting experiment (seed=4)
Device: cuda
Building static profile features from historical data...
Loading lightweight encoder...
Total trainable parameters: 5,010,690
Epoch [1/100] | Total Loss: 1.3298 | Aux Loss: 0.2737 | Train Mixed Loss: 1.0560 (Base: 0.3433, Trend: 0.1661, DTW: 0.1889, TopK: 0.5874) | Val Mixed Loss (No Trend): 0.8958 (Base: 0.3352, DTW: 0.1697, TopK: 0.5112) | EMA Val Loss (No Trend): 0.895765 | LR: 2.00e-04
Saved new best weights to best_model_seed4.pth (EMA validation loss without trend: 0.895765).
Epoch [2/100] | Total Loss: 1.2078 | Aux Loss: 0.2208 | Train Mixed Loss: 0.9870 (Base: 0.3304, Trend: 0.1561, DTW: 0.1685, TopK: 0.5807) | Val Mixed Loss (No Trend): 0.8270 (Base: 0.3069, DTW: 0.1487, TopK: 0.5440) | EMA Val Loss (No Trend): 0.878569 | LR: 2.00e-04
Saved new best weights to best_model_seed4.pth (EMA validation loss without trend: 0.878569).
Epoch [3/100] | Total Loss: 1.1708 | Aux Loss: 0.2090 | Train Mixed Loss: 0.9618 (Base: 0.3264, Trend: 0.1573, DTW: 0.1606, TopK: 0.5713) | Val Mixed Loss (No Trend): 0.8667 (Base: 0.3302, DTW: 0.1627, TopK: 0.4863) | EMA Val Loss (No Trend): 0.875590 | LR: 2.00e-04
Saved new best weights to best_model_seed4.pth (EMA validation loss without trend: 0.875590).
Epoch [4/100] | Total Loss: 1.1453 | Aux Loss: 0.2029 | Train Mixed Loss: 0.9425 (Base: 0.3215, Trend: 0.1565, DTW: 0.1554, TopK: 0.5662) | Val Mixed Loss (No Trend): 0.7821 (Base: 0.2915, DTW: 0.1348, TopK: 0.5564) | EMA Val Loss (No Trend): 0.852210 | LR: 1.99e-04
Saved new best weights to best_model_seed4.pth (EMA validation loss without trend: 0.852210).
Epoch [5/100] | Total Loss: 1.1199 | Aux Loss: 0.1974 | Train Mixed Loss: 0.9225 (Base: 0.3160, Trend: 0.1560, DTW: 0.1501, TopK: 0.5607) | Val Mixed Loss (No Trend): 0.8135 (Base: 0.3087, DTW: 0.1467, TopK: 0.5090) | EMA Val Loss (No Trend): 0.842532 | LR: 1.99e-04
Saved new best weights to best_model_seed4.pth (EMA validation loss without trend: 0.842532).
Epoch [6/100] | Total Loss: 1.1175 | Aux Loss: 0.1982 | Train Mixed Loss: 0.9193 (Base: 0.3159, Trend: 0.1559, DTW: 0.1496, TopK: 0.5547) | Val Mixed Loss (No Trend): 0.8001 (Base: 0.3090, DTW: 0.1434, TopK: 0.4894) | EMA Val Loss (No Trend): 0.831912 | LR: 1.98e-04
Saved new best weights to best_model_seed4.pth (EMA validation loss without trend: 0.831912).
Epoch [7/100] | Total Loss: 1.1008 | Aux Loss: 0.1938 | Train Mixed Loss: 0.9070 (Base: 0.3127, Trend: 0.1570, DTW: 0.1460, TopK: 0.5518) | Val Mixed Loss (No Trend): 0.7921 (Base: 0.2943, DTW: 0.1416, TopK: 0.5268) | EMA Val Loss (No Trend): 0.821965 | LR: 1.98e-04
Saved new best weights to best_model_seed4.pth (EMA validation loss without trend: 0.821965).
Epoch [8/100] | Total Loss: 1.0885 | Aux Loss: 0.1925 | Train Mixed Loss: 0.8960 (Base: 0.3098, Trend: 0.1558, DTW: 0.1437, TopK: 0.5445) | Val Mixed Loss (No Trend): 0.7732 (Base: 0.2950, DTW: 0.1353, TopK: 0.5120) | EMA Val Loss (No Trend): 0.809784 | LR: 1.97e-04
Saved new best weights to best_model_seed4.pth (EMA validation loss without trend: 0.809784).
Epoch [9/100] | Total Loss: 1.0836 | Aux Loss: 0.1914 | Train Mixed Loss: 0.8922 (Base: 0.3085, Trend: 0.1544, DTW: 0.1432, TopK: 0.5431) | Val Mixed Loss (No Trend): 0.7694 (Base: 0.2906, DTW: 0.1382, TopK: 0.4903) | EMA Val Loss (No Trend): 0.799683 | LR: 1.96e-04
Saved new best weights to best_model_seed4.pth (EMA validation loss without trend: 0.799683).
Epoch [10/100] | Total Loss: 1.0716 | Aux Loss: 0.1890 | Train Mixed Loss: 0.8825 (Base: 0.3066, Trend: 0.1544, DTW: 0.1403, TopK: 0.5401) | Val Mixed Loss (No Trend): 0.7436 (Base: 0.2806, DTW: 0.1298, TopK: 0.5046) | EMA Val Loss (No Trend): 0.785652 | LR: 1.95e-04
Saved new best weights to best_model_seed4.pth (EMA validation loss without trend: 0.785652).
Epoch [11/100] | Total Loss: 1.0730 | Aux Loss: 0.1902 | Train Mixed Loss: 0.8829 (Base: 0.3074, Trend: 0.1548, DTW: 0.1397, TopK: 0.5425) | Val Mixed Loss (No Trend): 0.7478 (Base: 0.2862, DTW: 0.1305, TopK: 0.4945) | EMA Val Loss (No Trend): 0.776186 | LR: 1.94e-04
Saved new best weights to best_model_seed4.pth (EMA validation loss without trend: 0.776186).
Epoch [12/100] | Total Loss: 1.0582 | Aux Loss: 0.1872 | Train Mixed Loss: 0.8710 (Base: 0.3039, Trend: 0.1545, DTW: 0.1370, TopK: 0.5371) | Val Mixed Loss (No Trend): 0.7490 (Base: 0.2841, DTW: 0.1303, TopK: 0.5070) | EMA Val Loss (No Trend): 0.769401 | LR: 1.93e-04
Saved new best weights to best_model_seed4.pth (EMA validation loss without trend: 0.769401).
Epoch [13/100] | Total Loss: 1.0564 | Aux Loss: 0.1868 | Train Mixed Loss: 0.8696 (Base: 0.3044, Trend: 0.1542, DTW: 0.1368, TopK: 0.5326) | Val Mixed Loss (No Trend): 0.7771 (Base: 0.3021, DTW: 0.1396, TopK: 0.4664) | EMA Val Loss (No Trend): 0.771328 | LR: 1.92e-04
Epoch [14/100] | Total Loss: 1.0404 | Aux Loss: 0.1849 | Train Mixed Loss: 0.8555 (Base: 0.3007, Trend: 0.1531, DTW: 0.1334, TopK: 0.5269) | Val Mixed Loss (No Trend): 0.7611 (Base: 0.2942, DTW: 0.1350, TopK: 0.4767) | EMA Val Loss (No Trend): 0.768766 | LR: 1.91e-04
Saved new best weights to best_model_seed4.pth (EMA validation loss without trend: 0.768766).
Epoch [15/100] | Total Loss: 1.0329 | Aux Loss: 0.1825 | Train Mixed Loss: 0.8504 (Base: 0.2998, Trend: 0.1540, DTW: 0.1319, TopK: 0.5236) | Val Mixed Loss (No Trend): 0.7720 (Base: 0.2973, DTW: 0.1396, TopK: 0.4655) | EMA Val Loss (No Trend): 0.769562 | LR: 1.89e-04
Epoch [16/100] | Total Loss: 1.0332 | Aux Loss: 0.1821 | Train Mixed Loss: 0.8511 (Base: 0.2994, Trend: 0.1540, DTW: 0.1319, TopK: 0.5267) | Val Mixed Loss (No Trend): 0.7352 (Base: 0.2823, DTW: 0.1266, TopK: 0.4973) | EMA Val Loss (No Trend): 0.760981 | LR: 1.88e-04
Saved new best weights to best_model_seed4.pth (EMA validation loss without trend: 0.760981).
Epoch [17/100] | Total Loss: 1.0272 | Aux Loss: 0.1793 | Train Mixed Loss: 0.8479 (Base: 0.2997, Trend: 0.1535, DTW: 0.1307, TopK: 0.5255) | Val Mixed Loss (No Trend): 0.7574 (Base: 0.2929, DTW: 0.1362, TopK: 0.4586) | EMA Val Loss (No Trend): 0.760085 | LR: 1.86e-04
Saved new best weights to best_model_seed4.pth (EMA validation loss without trend: 0.760085).
Epoch [18/100] | Total Loss: 1.0278 | Aux Loss: 0.1809 | Train Mixed Loss: 0.8469 (Base: 0.2992, Trend: 0.1537, DTW: 0.1308, TopK: 0.5234) | Val Mixed Loss (No Trend): 0.7880 (Base: 0.3088, DTW: 0.1439, TopK: 0.4467) | EMA Val Loss (No Trend): 0.767073 | LR: 1.85e-04
Epoch [19/100] | Total Loss: 1.0251 | Aux Loss: 0.1812 | Train Mixed Loss: 0.8439 (Base: 0.2986, Trend: 0.1537, DTW: 0.1301, TopK: 0.5209) | Val Mixed Loss (No Trend): 0.7358 (Base: 0.2809, DTW: 0.1278, TopK: 0.4942) | EMA Val Loss (No Trend): 0.759250 | LR: 1.83e-04
Saved new best weights to best_model_seed4.pth (EMA validation loss without trend: 0.759250).
Epoch [20/100] | Total Loss: 1.0125 | Aux Loss: 0.1781 | Train Mixed Loss: 0.8343 (Base: 0.2956, Trend: 0.1530, DTW: 0.1279, TopK: 0.5175) | Val Mixed Loss (No Trend): 0.7358 (Base: 0.2831, DTW: 0.1281, TopK: 0.4845) | EMA Val Loss (No Trend): 0.753380 | LR: 1.81e-04
Saved new best weights to best_model_seed4.pth (EMA validation loss without trend: 0.753380).
Epoch [21/100] | Total Loss: 1.0019 | Aux Loss: 0.1749 | Train Mixed Loss: 0.8271 (Base: 0.2930, Trend: 0.1518, DTW: 0.1263, TopK: 0.5172) | Val Mixed Loss (No Trend): 0.7374 (Base: 0.2859, DTW: 0.1273, TopK: 0.4861) | EMA Val Loss (No Trend): 0.749379 | LR: 1.79e-04
Saved new best weights to best_model_seed4.pth (EMA validation loss without trend: 0.749379).
Epoch [22/100] | Total Loss: 1.0097 | Aux Loss: 0.1788 | Train Mixed Loss: 0.8309 (Base: 0.2943, Trend: 0.1533, DTW: 0.1267, TopK: 0.5197) | Val Mixed Loss (No Trend): 0.7224 (Base: 0.2772, DTW: 0.1253, TopK: 0.4813) | EMA Val Loss (No Trend): 0.742630 | LR: 1.77e-04
Saved new best weights to best_model_seed4.pth (EMA validation loss without trend: 0.742630).
Epoch [23/100] | Total Loss: 1.0090 | Aux Loss: 0.1769 | Train Mixed Loss: 0.8320 (Base: 0.2953, Trend: 0.1538, DTW: 0.1268, TopK: 0.5181) | Val Mixed Loss (No Trend): 0.7587 (Base: 0.2958, DTW: 0.1341, TopK: 0.4703) | EMA Val Loss (No Trend): 0.746639 | LR: 1.75e-04
Epoch [24/100] | Total Loss: 1.0076 | Aux Loss: 0.1782 | Train Mixed Loss: 0.8293 (Base: 0.2939, Trend: 0.1526, DTW: 0.1267, TopK: 0.5168) | Val Mixed Loss (No Trend): 0.7576 (Base: 0.2987, DTW: 0.1337, TopK: 0.4601) | EMA Val Loss (No Trend): 0.749388 | LR: 1.73e-04
Epoch [25/100] | Total Loss: 0.9975 | Aux Loss: 0.1766 | Train Mixed Loss: 0.8210 (Base: 0.2926, Trend: 0.1534, DTW: 0.1238, TopK: 0.5148) | Val Mixed Loss (No Trend): 0.7200 (Base: 0.2784, DTW: 0.1259, TopK: 0.4647) | EMA Val Loss (No Trend): 0.742050 | LR: 1.71e-04
Saved new best weights to best_model_seed4.pth (EMA validation loss without trend: 0.742050).
Epoch [26/100] | Total Loss: 0.9901 | Aux Loss: 0.1740 | Train Mixed Loss: 0.8160 (Base: 0.2906, Trend: 0.1520, DTW: 0.1235, TopK: 0.5103) | Val Mixed Loss (No Trend): 0.7337 (Base: 0.2830, DTW: 0.1280, TopK: 0.4784) | EMA Val Loss (No Trend): 0.739972 | LR: 1.69e-04
Saved new best weights to best_model_seed4.pth (EMA validation loss without trend: 0.739972).
Epoch [27/100] | Total Loss: 0.9842 | Aux Loss: 0.1743 | Train Mixed Loss: 0.8099 (Base: 0.2899, Trend: 0.1515, DTW: 0.1219, TopK: 0.5055) | Val Mixed Loss (No Trend): 0.7144 (Base: 0.2742, DTW: 0.1226, TopK: 0.4865) | EMA Val Loss (No Trend): 0.733584 | LR: 1.66e-04
Saved new best weights to best_model_seed4.pth (EMA validation loss without trend: 0.733584).
Epoch [28/100] | Total Loss: 0.9870 | Aux Loss: 0.1750 | Train Mixed Loss: 0.8121 (Base: 0.2902, Trend: 0.1518, DTW: 0.1223, TopK: 0.5084) | Val Mixed Loss (No Trend): 0.7376 (Base: 0.2883, DTW: 0.1297, TopK: 0.4601) | EMA Val Loss (No Trend): 0.734593 | LR: 1.64e-04
Epoch [29/100] | Total Loss: 0.9773 | Aux Loss: 0.1736 | Train Mixed Loss: 0.8036 (Base: 0.2871, Trend: 0.1505, DTW: 0.1209, TopK: 0.5039) | Val Mixed Loss (No Trend): 0.7454 (Base: 0.2875, DTW: 0.1321, TopK: 0.4693) | EMA Val Loss (No Trend): 0.737285 | LR: 1.61e-04
Epoch [30/100] | Total Loss: 0.9763 | Aux Loss: 0.1731 | Train Mixed Loss: 0.8032 (Base: 0.2865, Trend: 0.1510, DTW: 0.1205, TopK: 0.5065) | Val Mixed Loss (No Trend): 0.7246 (Base: 0.2782, DTW: 0.1250, TopK: 0.4884) | EMA Val Loss (No Trend): 0.734116 | LR: 1.59e-04
Epoch [31/100] | Total Loss: 0.9766 | Aux Loss: 0.1732 | Train Mixed Loss: 0.8034 (Base: 0.2883, Trend: 0.1522, DTW: 0.1196, TopK: 0.5068) | Val Mixed Loss (No Trend): 0.7271 (Base: 0.2818, DTW: 0.1255, TopK: 0.4802) | EMA Val Loss (No Trend): 0.732361 | LR: 1.56e-04
Saved new best weights to best_model_seed4.pth (EMA validation loss without trend: 0.732361).
Epoch [32/100] | Total Loss: 0.9674 | Aux Loss: 0.1710 | Train Mixed Loss: 0.7964 (Base: 0.2857, Trend: 0.1505, DTW: 0.1189, TopK: 0.5002) | Val Mixed Loss (No Trend): 0.7362 (Base: 0.2832, DTW: 0.1308, TopK: 0.4634) | EMA Val Loss (No Trend): 0.733331 | LR: 1.54e-04
Epoch [33/100] | Total Loss: 0.9662 | Aux Loss: 0.1705 | Train Mixed Loss: 0.7957 (Base: 0.2855, Trend: 0.1504, DTW: 0.1186, TopK: 0.5008) | Val Mixed Loss (No Trend): 0.7214 (Base: 0.2831, DTW: 0.1254, TopK: 0.4576) | EMA Val Loss (No Trend): 0.730347 | LR: 1.51e-04
Saved new best weights to best_model_seed4.pth (EMA validation loss without trend: 0.730347).
Epoch [34/100] | Total Loss: 0.9701 | Aux Loss: 0.1714 | Train Mixed Loss: 0.7987 (Base: 0.2860, Trend: 0.1513, DTW: 0.1192, TopK: 0.5035) | Val Mixed Loss (No Trend): 0.7166 (Base: 0.2816, DTW: 0.1239, TopK: 0.4591) | EMA Val Loss (No Trend): 0.726920 | LR: 1.48e-04
Saved new best weights to best_model_seed4.pth (EMA validation loss without trend: 0.726920).
Epoch [35/100] | Total Loss: 0.9624 | Aux Loss: 0.1708 | Train Mixed Loss: 0.7916 (Base: 0.2846, Trend: 0.1506, DTW: 0.1176, TopK: 0.4981) | Val Mixed Loss (No Trend): 0.7312 (Base: 0.2857, DTW: 0.1273, TopK: 0.4663) | EMA Val Loss (No Trend): 0.727995 | LR: 1.46e-04
Epoch [36/100] | Total Loss: 0.9591 | Aux Loss: 0.1705 | Train Mixed Loss: 0.7887 (Base: 0.2831, Trend: 0.1504, DTW: 0.1170, TopK: 0.4987) | Val Mixed Loss (No Trend): 0.7166 (Base: 0.2785, DTW: 0.1236, TopK: 0.4718) | EMA Val Loss (No Trend): 0.725159 | LR: 1.43e-04
Saved new best weights to best_model_seed4.pth (EMA validation loss without trend: 0.725159).
Epoch [37/100] | Total Loss: 0.9584 | Aux Loss: 0.1700 | Train Mixed Loss: 0.7885 (Base: 0.2838, Trend: 0.1516, DTW: 0.1164, TopK: 0.4980) | Val Mixed Loss (No Trend): 0.7130 (Base: 0.2751, DTW: 0.1215, TopK: 0.4875) | EMA Val Loss (No Trend): 0.722119 | LR: 1.40e-04
Saved new best weights to best_model_seed4.pth (EMA validation loss without trend: 0.722119).
Epoch [38/100] | Total Loss: 0.9542 | Aux Loss: 0.1699 | Train Mixed Loss: 0.7843 (Base: 0.2825, Trend: 0.1509, DTW: 0.1158, TopK: 0.4948) | Val Mixed Loss (No Trend): 0.7211 (Base: 0.2796, DTW: 0.1242, TopK: 0.4780) | EMA Val Loss (No Trend): 0.721870 | LR: 1.37e-04
Saved new best weights to best_model_seed4.pth (EMA validation loss without trend: 0.721870).
Epoch [39/100] | Total Loss: 0.9508 | Aux Loss: 0.1692 | Train Mixed Loss: 0.7816 (Base: 0.2816, Trend: 0.1504, DTW: 0.1154, TopK: 0.4929) | Val Mixed Loss (No Trend): 0.7153 (Base: 0.2773, DTW: 0.1242, TopK: 0.4664) | EMA Val Loss (No Trend): 0.720236 | LR: 1.34e-04
Saved new best weights to best_model_seed4.pth (EMA validation loss without trend: 0.720236).
Epoch [40/100] | Total Loss: 0.9402 | Aux Loss: 0.1687 | Train Mixed Loss: 0.7714 (Base: 0.2787, Trend: 0.1499, DTW: 0.1126, TopK: 0.4919) | Val Mixed Loss (No Trend): 0.7191 (Base: 0.2820, DTW: 0.1256, TopK: 0.4526) | EMA Val Loss (No Trend): 0.719963 | LR: 1.31e-04
Saved new best weights to best_model_seed4.pth (EMA validation loss without trend: 0.719963).
Epoch [41/100] | Total Loss: 0.9518 | Aux Loss: 0.1697 | Train Mixed Loss: 0.7821 (Base: 0.2818, Trend: 0.1518, DTW: 0.1148, TopK: 0.4964) | Val Mixed Loss (No Trend): 0.7369 (Base: 0.2905, DTW: 0.1282, TopK: 0.4628) | EMA Val Loss (No Trend): 0.724205 | LR: 1.28e-04
Epoch [42/100] | Total Loss: 0.9393 | Aux Loss: 0.1680 | Train Mixed Loss: 0.7714 (Base: 0.2790, Trend: 0.1494, DTW: 0.1130, TopK: 0.4884) | Val Mixed Loss (No Trend): 0.7228 (Base: 0.2810, DTW: 0.1241, TopK: 0.4797) | EMA Val Loss (No Trend): 0.723862 | LR: 1.25e-04
Epoch [43/100] | Total Loss: 0.9284 | Aux Loss: 0.1665 | Train Mixed Loss: 0.7618 (Base: 0.2762, Trend: 0.1497, DTW: 0.1107, TopK: 0.4833) | Val Mixed Loss (No Trend): 0.7239 (Base: 0.2803, DTW: 0.1257, TopK: 0.4733) | EMA Val Loss (No Trend): 0.723877 | LR: 1.22e-04
Epoch [44/100] | Total Loss: 0.9277 | Aux Loss: 0.1650 | Train Mixed Loss: 0.7627 (Base: 0.2763, Trend: 0.1500, DTW: 0.1111, TopK: 0.4826) | Val Mixed Loss (No Trend): 0.7238 (Base: 0.2797, DTW: 0.1265, TopK: 0.4688) | EMA Val Loss (No Trend): 0.723861 | LR: 1.19e-04
Epoch [45/100] | Total Loss: 0.9259 | Aux Loss: 0.1658 | Train Mixed Loss: 0.7601 (Base: 0.2766, Trend: 0.1499, DTW: 0.1101, TopK: 0.4811) | Val Mixed Loss (No Trend): 0.7220 (Base: 0.2817, DTW: 0.1267, TopK: 0.4540) | EMA Val Loss (No Trend): 0.723388 | LR: 1.16e-04
Epoch [46/100] | Total Loss: 0.9252 | Aux Loss: 0.1651 | Train Mixed Loss: 0.7602 (Base: 0.2759, Trend: 0.1498, DTW: 0.1101, TopK: 0.4838) | Val Mixed Loss (No Trend): 0.7520 (Base: 0.2930, DTW: 0.1319, TopK: 0.4745) | EMA Val Loss (No Trend): 0.730538 | LR: 1.13e-04
Epoch [47/100] | Total Loss: 0.9247 | Aux Loss: 0.1671 | Train Mixed Loss: 0.7577 (Base: 0.2745, Trend: 0.1499, DTW: 0.1098, TopK: 0.4828) | Val Mixed Loss (No Trend): 0.7148 (Base: 0.2782, DTW: 0.1242, TopK: 0.4615) | EMA Val Loss (No Trend): 0.726596 | LR: 1.10e-04
Epoch [48/100] | Total Loss: 0.9177 | Aux Loss: 0.1653 | Train Mixed Loss: 0.7524 (Base: 0.2738, Trend: 0.1490, DTW: 0.1088, TopK: 0.4769) | Val Mixed Loss (No Trend): 0.7357 (Base: 0.2899, DTW: 0.1280, TopK: 0.4617) | EMA Val Loss (No Trend): 0.728867 | LR: 1.07e-04
Epoch [49/100] | Total Loss: 0.9201 | Aux Loss: 0.1648 | Train Mixed Loss: 0.7553 (Base: 0.2742, Trend: 0.1503, DTW: 0.1089, TopK: 0.4816) | Val Mixed Loss (No Trend): 0.7106 (Base: 0.2768, DTW: 0.1222, TopK: 0.4686) | EMA Val Loss (No Trend): 0.724293 | LR: 1.04e-04
Epoch [50/100] | Total Loss: 0.9120 | Aux Loss: 0.1642 | Train Mixed Loss: 0.7478 (Base: 0.2720, Trend: 0.1491, DTW: 0.1073, TopK: 0.4792) | Val Mixed Loss (No Trend): 0.7292 (Base: 0.2866, DTW: 0.1280, TopK: 0.4512) | EMA Val Loss (No Trend): 0.725528 | LR: 1.01e-04
Epoch [51/100] | Total Loss: 0.9190 | Aux Loss: 0.1648 | Train Mixed Loss: 0.7542 (Base: 0.2734, Trend: 0.1507, DTW: 0.1083, TopK: 0.4847) | Val Mixed Loss (No Trend): 0.7135 (Base: 0.2752, DTW: 0.1249, TopK: 0.4617) | EMA Val Loss (No Trend): 0.722518 | LR: 9.74e-05
Epoch [52/100] | Total Loss: 0.9166 | Aux Loss: 0.1645 | Train Mixed Loss: 0.7522 (Base: 0.2736, Trend: 0.1502, DTW: 0.1079, TopK: 0.4812) | Val Mixed Loss (No Trend): 0.7330 (Base: 0.2846, DTW: 0.1288, TopK: 0.4640) | EMA Val Loss (No Trend): 0.725146 | LR: 9.43e-05
Epoch [53/100] | Total Loss: 0.9063 | Aux Loss: 0.1628 | Train Mixed Loss: 0.7436 (Base: 0.2716, Trend: 0.1500, DTW: 0.1059, TopK: 0.4755) | Val Mixed Loss (No Trend): 0.7257 (Base: 0.2817, DTW: 0.1274, TopK: 0.4609) | EMA Val Loss (No Trend): 0.725275 | LR: 9.11e-05
Epoch [54/100] | Total Loss: 0.9026 | Aux Loss: 0.1631 | Train Mixed Loss: 0.7395 (Base: 0.2704, Trend: 0.1500, DTW: 0.1051, TopK: 0.4727) | Val Mixed Loss (No Trend): 0.7151 (Base: 0.2793, DTW: 0.1230, TopK: 0.4691) | EMA Val Loss (No Trend): 0.722725 | LR: 8.80e-05
Epoch [55/100] | Total Loss: 0.9047 | Aux Loss: 0.1634 | Train Mixed Loss: 0.7413 (Base: 0.2704, Trend: 0.1502, DTW: 0.1054, TopK: 0.4763) | Val Mixed Loss (No Trend): 0.7162 (Base: 0.2796, DTW: 0.1254, TopK: 0.4526) | EMA Val Loss (No Trend): 0.721098 | LR: 8.49e-05
Epoch [56/100] | Total Loss: 0.9039 | Aux Loss: 0.1637 | Train Mixed Loss: 0.7402 (Base: 0.2700, Trend: 0.1497, DTW: 0.1056, TopK: 0.4726) | Val Mixed Loss (No Trend): 0.7290 (Base: 0.2833, DTW: 0.1272, TopK: 0.4678) | EMA Val Loss (No Trend): 0.723069 | LR: 8.19e-05
Epoch [57/100] | Total Loss: 0.9018 | Aux Loss: 0.1632 | Train Mixed Loss: 0.7386 (Base: 0.2691, Trend: 0.1497, DTW: 0.1052, TopK: 0.4740) | Val Mixed Loss (No Trend): 0.7100 (Base: 0.2774, DTW: 0.1225, TopK: 0.4619) | EMA Val Loss (No Trend): 0.719805 | LR: 7.88e-05
Saved new best weights to best_model_seed4.pth (EMA validation loss without trend: 0.719805).
Epoch [58/100] | Total Loss: 0.8964 | Aux Loss: 0.1615 | Train Mixed Loss: 0.7349 (Base: 0.2689, Trend: 0.1505, DTW: 0.1038, TopK: 0.4725) | Val Mixed Loss (No Trend): 0.7223 (Base: 0.2822, DTW: 0.1264, TopK: 0.4563) | EMA Val Loss (No Trend): 0.720436 | LR: 7.58e-05
Epoch [59/100] | Total Loss: 0.8921 | Aux Loss: 0.1615 | Train Mixed Loss: 0.7306 (Base: 0.2672, Trend: 0.1497, DTW: 0.1033, TopK: 0.4690) | Val Mixed Loss (No Trend): 0.7168 (Base: 0.2796, DTW: 0.1244, TopK: 0.4625) | EMA Val Loss (No Trend): 0.719527 | LR: 7.27e-05
Saved new best weights to best_model_seed4.pth (EMA validation loss without trend: 0.719527).
Epoch [60/100] | Total Loss: 0.8920 | Aux Loss: 0.1624 | Train Mixed Loss: 0.7296 (Base: 0.2673, Trend: 0.1500, DTW: 0.1028, TopK: 0.4685) | Val Mixed Loss (No Trend): 0.7204 (Base: 0.2780, DTW: 0.1250, TopK: 0.4743) | EMA Val Loss (No Trend): 0.719740 | LR: 6.98e-05
Epoch [61/100] | Total Loss: 0.8821 | Aux Loss: 0.1607 | Train Mixed Loss: 0.7214 (Base: 0.2648, Trend: 0.1484, DTW: 0.1012, TopK: 0.4651) | Val Mixed Loss (No Trend): 0.7301 (Base: 0.2840, DTW: 0.1275, TopK: 0.4671) | EMA Val Loss (No Trend): 0.722332 | LR: 6.68e-05
Epoch [62/100] | Total Loss: 0.8771 | Aux Loss: 0.1592 | Train Mixed Loss: 0.7179 (Base: 0.2633, Trend: 0.1487, DTW: 0.1009, TopK: 0.4604) | Val Mixed Loss (No Trend): 0.7227 (Base: 0.2820, DTW: 0.1258, TopK: 0.4627) | EMA Val Loss (No Trend): 0.722424 | LR: 6.39e-05
Epoch [63/100] | Total Loss: 0.8767 | Aux Loss: 0.1590 | Train Mixed Loss: 0.7178 (Base: 0.2632, Trend: 0.1489, DTW: 0.1004, TopK: 0.4637) | Val Mixed Loss (No Trend): 0.7190 (Base: 0.2771, DTW: 0.1252, TopK: 0.4716) | EMA Val Loss (No Trend): 0.721578 | LR: 6.10e-05
Epoch [64/100] | Total Loss: 0.8866 | Aux Loss: 0.1606 | Train Mixed Loss: 0.7260 (Base: 0.2663, Trend: 0.1510, DTW: 0.1016, TopK: 0.4680) | Val Mixed Loss (No Trend): 0.7294 (Base: 0.2859, DTW: 0.1284, TopK: 0.4513) | EMA Val Loss (No Trend): 0.723523 | LR: 5.81e-05
Epoch [65/100] | Total Loss: 0.8687 | Aux Loss: 0.1585 | Train Mixed Loss: 0.7102 (Base: 0.2613, Trend: 0.1482, DTW: 0.0990, TopK: 0.4573) | Val Mixed Loss (No Trend): 0.7206 (Base: 0.2789, DTW: 0.1266, TopK: 0.4598) | EMA Val Loss (No Trend): 0.722802 | LR: 5.53e-05
Epoch [66/100] | Total Loss: 0.8740 | Aux Loss: 0.1602 | Train Mixed Loss: 0.7138 (Base: 0.2628, Trend: 0.1491, DTW: 0.0992, TopK: 0.4608) | Val Mixed Loss (No Trend): 0.7211 (Base: 0.2814, DTW: 0.1253, TopK: 0.4631) | EMA Val Loss (No Trend): 0.722374 | LR: 5.26e-05
Epoch [67/100] | Total Loss: 0.8719 | Aux Loss: 0.1606 | Train Mixed Loss: 0.7112 (Base: 0.2622, Trend: 0.1488, DTW: 0.0992, TopK: 0.4557) | Val Mixed Loss (No Trend): 0.7304 (Base: 0.2841, DTW: 0.1279, TopK: 0.4646) | EMA Val Loss (No Trend): 0.724368 | LR: 4.99e-05
Epoch [68/100] | Total Loss: 0.8701 | Aux Loss: 0.1592 | Train Mixed Loss: 0.7109 (Base: 0.2612, Trend: 0.1498, DTW: 0.0989, TopK: 0.4581) | Val Mixed Loss (No Trend): 0.7230 (Base: 0.2840, DTW: 0.1254, TopK: 0.4597) | EMA Val Loss (No Trend): 0.724019 | LR: 4.72e-05
Epoch [69/100] | Total Loss: 0.8693 | Aux Loss: 0.1606 | Train Mixed Loss: 0.7086 (Base: 0.2610, Trend: 0.1492, DTW: 0.0982, TopK: 0.4580) | Val Mixed Loss (No Trend): 0.7242 (Base: 0.2786, DTW: 0.1267, TopK: 0.4713) | EMA Val Loss (No Trend): 0.724058 | LR: 4.46e-05
Epoch [70/100] | Total Loss: 0.8706 | Aux Loss: 0.1598 | Train Mixed Loss: 0.7107 (Base: 0.2617, Trend: 0.1494, DTW: 0.0986, TopK: 0.4590) | Val Mixed Loss (No Trend): 0.7155 (Base: 0.2793, DTW: 0.1254, TopK: 0.4512) | EMA Val Loss (No Trend): 0.721927 | LR: 4.20e-05
Epoch [71/100] | Total Loss: 0.8656 | Aux Loss: 0.1586 | Train Mixed Loss: 0.7070 (Base: 0.2608, Trend: 0.1498, DTW: 0.0977, TopK: 0.4563) | Val Mixed Loss (No Trend): 0.7284 (Base: 0.2857, DTW: 0.1285, TopK: 0.4477) | EMA Val Loss (No Trend): 0.723542 | LR: 3.95e-05
Epoch [72/100] | Total Loss: 0.8678 | Aux Loss: 0.1591 | Train Mixed Loss: 0.7087 (Base: 0.2605, Trend: 0.1496, DTW: 0.0984, TopK: 0.4573) | Val Mixed Loss (No Trend): 0.7074 (Base: 0.2762, DTW: 0.1224, TopK: 0.4582) | EMA Val Loss (No Trend): 0.719495 | LR: 3.71e-05
Saved new best weights to best_model_seed4.pth (EMA validation loss without trend: 0.719495).
Epoch [73/100] | Total Loss: 0.8652 | Aux Loss: 0.1592 | Train Mixed Loss: 0.7060 (Base: 0.2608, Trend: 0.1498, DTW: 0.0974, TopK: 0.4555) | Val Mixed Loss (No Trend): 0.7178 (Base: 0.2806, DTW: 0.1251, TopK: 0.4569) | EMA Val Loss (No Trend): 0.719080 | LR: 3.47e-05
Saved new best weights to best_model_seed4.pth (EMA validation loss without trend: 0.719080).
Epoch [74/100] | Total Loss: 0.8599 | Aux Loss: 0.1592 | Train Mixed Loss: 0.7007 (Base: 0.2590, Trend: 0.1491, DTW: 0.0964, TopK: 0.4527) | Val Mixed Loss (No Trend): 0.7223 (Base: 0.2806, DTW: 0.1264, TopK: 0.4612) | EMA Val Loss (No Trend): 0.719889 | LR: 3.24e-05
Epoch [75/100] | Total Loss: 0.8614 | Aux Loss: 0.1592 | Train Mixed Loss: 0.7021 (Base: 0.2593, Trend: 0.1490, DTW: 0.0969, TopK: 0.4526) | Val Mixed Loss (No Trend): 0.7281 (Base: 0.2826, DTW: 0.1280, TopK: 0.4610) | EMA Val Loss (No Trend): 0.721930 | LR: 3.01e-05
Epoch [76/100] | Total Loss: 0.8568 | Aux Loss: 0.1585 | Train Mixed Loss: 0.6983 (Base: 0.2578, Trend: 0.1492, DTW: 0.0961, TopK: 0.4511) | Val Mixed Loss (No Trend): 0.7170 (Base: 0.2786, DTW: 0.1248, TopK: 0.4632) | EMA Val Loss (No Trend): 0.720690 | LR: 2.80e-05
Epoch [77/100] | Total Loss: 0.8518 | Aux Loss: 0.1581 | Train Mixed Loss: 0.6938 (Base: 0.2566, Trend: 0.1483, DTW: 0.0950, TopK: 0.4497) | Val Mixed Loss (No Trend): 0.7209 (Base: 0.2803, DTW: 0.1261, TopK: 0.4598) | EMA Val Loss (No Trend): 0.720735 | LR: 2.59e-05
Epoch [78/100] | Total Loss: 0.8520 | Aux Loss: 0.1573 | Train Mixed Loss: 0.6948 (Base: 0.2570, Trend: 0.1489, DTW: 0.0952, TopK: 0.4492) | Val Mixed Loss (No Trend): 0.7137 (Base: 0.2783, DTW: 0.1241, TopK: 0.4587) | EMA Val Loss (No Trend): 0.718988 | LR: 2.38e-05
Saved new best weights to best_model_seed4.pth (EMA validation loss without trend: 0.718988).
Epoch [79/100] | Total Loss: 0.8520 | Aux Loss: 0.1583 | Train Mixed Loss: 0.6937 (Base: 0.2564, Trend: 0.1484, DTW: 0.0951, TopK: 0.4494) | Val Mixed Loss (No Trend): 0.7309 (Base: 0.2851, DTW: 0.1267, TopK: 0.4721) | EMA Val Loss (No Trend): 0.721963 | LR: 2.19e-05
Epoch [80/100] | Total Loss: 0.8516 | Aux Loss: 0.1593 | Train Mixed Loss: 0.6923 (Base: 0.2562, Trend: 0.1502, DTW: 0.0942, TopK: 0.4502) | Val Mixed Loss (No Trend): 0.7187 (Base: 0.2780, DTW: 0.1255, TopK: 0.4654) | EMA Val Loss (No Trend): 0.721142 | LR: 2.00e-05
Epoch [81/100] | Total Loss: 0.8494 | Aux Loss: 0.1571 | Train Mixed Loss: 0.6923 (Base: 0.2561, Trend: 0.1496, DTW: 0.0944, TopK: 0.4490) | Val Mixed Loss (No Trend): 0.7151 (Base: 0.2778, DTW: 0.1256, TopK: 0.4525) | EMA Val Loss (No Trend): 0.719620 | LR: 1.82e-05
Epoch [82/100] | Total Loss: 0.8526 | Aux Loss: 0.1582 | Train Mixed Loss: 0.6944 (Base: 0.2571, Trend: 0.1500, DTW: 0.0949, TopK: 0.4486) | Val Mixed Loss (No Trend): 0.7234 (Base: 0.2838, DTW: 0.1271, TopK: 0.4484) | EMA Val Loss (No Trend): 0.720553 | LR: 1.65e-05
Epoch [83/100] | Total Loss: 0.8451 | Aux Loss: 0.1582 | Train Mixed Loss: 0.6868 (Base: 0.2544, Trend: 0.1486, DTW: 0.0936, TopK: 0.4452) | Val Mixed Loss (No Trend): 0.7238 (Base: 0.2844, DTW: 0.1274, TopK: 0.4458) | EMA Val Loss (No Trend): 0.721374 | LR: 1.49e-05
Epoch [84/100] | Total Loss: 0.8460 | Aux Loss: 0.1568 | Train Mixed Loss: 0.6892 (Base: 0.2550, Trend: 0.1487, DTW: 0.0941, TopK: 0.4469) | Val Mixed Loss (No Trend): 0.7145 (Base: 0.2772, DTW: 0.1252, TopK: 0.4561) | EMA Val Loss (No Trend): 0.719661 | LR: 1.33e-05
Epoch [85/100] | Total Loss: 0.8472 | Aux Loss: 0.1578 | Train Mixed Loss: 0.6894 (Base: 0.2555, Trend: 0.1494, DTW: 0.0938, TopK: 0.4470) | Val Mixed Loss (No Trend): 0.7136 (Base: 0.2771, DTW: 0.1246, TopK: 0.4586) | EMA Val Loss (No Trend): 0.718151 | LR: 1.18e-05
Saved new best weights to best_model_seed4.pth (EMA validation loss without trend: 0.718151).
Epoch [86/100] | Total Loss: 0.8414 | Aux Loss: 0.1578 | Train Mixed Loss: 0.6836 (Base: 0.2539, Trend: 0.1490, DTW: 0.0926, TopK: 0.4429) | Val Mixed Loss (No Trend): 0.7219 (Base: 0.2812, DTW: 0.1261, TopK: 0.4600) | EMA Val Loss (No Trend): 0.719085 | LR: 1.05e-05
Epoch [87/100] | Total Loss: 0.8467 | Aux Loss: 0.1575 | Train Mixed Loss: 0.6892 (Base: 0.2552, Trend: 0.1497, DTW: 0.0937, TopK: 0.4477) | Val Mixed Loss (No Trend): 0.7122 (Base: 0.2770, DTW: 0.1242, TopK: 0.4572) | EMA Val Loss (No Trend): 0.717361 | LR: 9.18e-06
Saved new best weights to best_model_seed4.pth (EMA validation loss without trend: 0.717361).
Epoch [88/100] | Total Loss: 0.8418 | Aux Loss: 0.1581 | Train Mixed Loss: 0.6838 (Base: 0.2543, Trend: 0.1496, DTW: 0.0924, TopK: 0.4434) | Val Mixed Loss (No Trend): 0.7144 (Base: 0.2790, DTW: 0.1247, TopK: 0.4534) | EMA Val Loss (No Trend): 0.716613 | LR: 7.99e-06
Saved new best weights to best_model_seed4.pth (EMA validation loss without trend: 0.716613).
Epoch [89/100] | Total Loss: 0.8476 | Aux Loss: 0.1569 | Train Mixed Loss: 0.6907 (Base: 0.2553, Trend: 0.1496, DTW: 0.0941, TopK: 0.4492) | Val Mixed Loss (No Trend): 0.7055 (Base: 0.2754, DTW: 0.1223, TopK: 0.4552) | EMA Val Loss (No Trend): 0.713838 | LR: 6.88e-06
Saved new best weights to best_model_seed4.pth (EMA validation loss without trend: 0.713838).
Epoch [90/100] | Total Loss: 0.8349 | Aux Loss: 0.1568 | Train Mixed Loss: 0.6781 (Base: 0.2527, Trend: 0.1491, DTW: 0.0913, TopK: 0.4389) | Val Mixed Loss (No Trend): 0.7113 (Base: 0.2782, DTW: 0.1238, TopK: 0.4535) | EMA Val Loss (No Trend): 0.713211 | LR: 5.87e-06
Saved new best weights to best_model_seed4.pth (EMA validation loss without trend: 0.713211).
Epoch [91/100] | Total Loss: 0.8424 | Aux Loss: 0.1564 | Train Mixed Loss: 0.6860 (Base: 0.2542, Trend: 0.1491, DTW: 0.0932, TopK: 0.4449) | Val Mixed Loss (No Trend): 0.7120 (Base: 0.2765, DTW: 0.1242, TopK: 0.4580) | EMA Val Loss (No Trend): 0.712916 | LR: 4.95e-06
Saved new best weights to best_model_seed4.pth (EMA validation loss without trend: 0.712916).
Epoch [92/100] | Total Loss: 0.8394 | Aux Loss: 0.1580 | Train Mixed Loss: 0.6814 (Base: 0.2533, Trend: 0.1493, DTW: 0.0921, TopK: 0.4411) | Val Mixed Loss (No Trend): 0.7164 (Base: 0.2800, DTW: 0.1244, TopK: 0.4596) | EMA Val Loss (No Trend): 0.713790 | LR: 4.13e-06
Epoch [93/100] | Total Loss: 0.8356 | Aux Loss: 0.1559 | Train Mixed Loss: 0.6798 (Base: 0.2527, Trend: 0.1487, DTW: 0.0916, TopK: 0.4432) | Val Mixed Loss (No Trend): 0.7235 (Base: 0.2802, DTW: 0.1260, TopK: 0.4696) | EMA Val Loss (No Trend): 0.716216 | LR: 3.40e-06
Epoch [94/100] | Total Loss: 0.8340 | Aux Loss: 0.1562 | Train Mixed Loss: 0.6778 (Base: 0.2516, Trend: 0.1488, DTW: 0.0913, TopK: 0.4422) | Val Mixed Loss (No Trend): 0.7235 (Base: 0.2809, DTW: 0.1270, TopK: 0.4593) | EMA Val Loss (No Trend): 0.718037 | LR: 2.76e-06
Epoch [95/100] | Total Loss: 0.8393 | Aux Loss: 0.1561 | Train Mixed Loss: 0.6832 (Base: 0.2536, Trend: 0.1492, DTW: 0.0927, TopK: 0.4420) | Val Mixed Loss (No Trend): 0.7099 (Base: 0.2764, DTW: 0.1238, TopK: 0.4547) | EMA Val Loss (No Trend): 0.715992 | LR: 2.23e-06
Epoch [96/100] | Total Loss: 0.8377 | Aux Loss: 0.1567 | Train Mixed Loss: 0.6811 (Base: 0.2526, Trend: 0.1494, DTW: 0.0919, TopK: 0.4436) | Val Mixed Loss (No Trend): 0.7191 (Base: 0.2797, DTW: 0.1253, TopK: 0.4622) | EMA Val Loss (No Trend): 0.716767 | LR: 1.78e-06
Epoch [97/100] | Total Loss: 0.8362 | Aux Loss: 0.1570 | Train Mixed Loss: 0.6792 (Base: 0.2525, Trend: 0.1491, DTW: 0.0916, TopK: 0.4410) | Val Mixed Loss (No Trend): 0.7162 (Base: 0.2794, DTW: 0.1247, TopK: 0.4584) | EMA Val Loss (No Trend): 0.716614 | LR: 1.44e-06
Epoch [98/100] | Total Loss: 0.8347 | Aux Loss: 0.1574 | Train Mixed Loss: 0.6773 (Base: 0.2520, Trend: 0.1486, DTW: 0.0914, TopK: 0.4390) | Val Mixed Loss (No Trend): 0.7139 (Base: 0.2791, DTW: 0.1240, TopK: 0.4572) | EMA Val Loss (No Trend): 0.715934 | LR: 1.20e-06
Epoch [99/100] | Total Loss: 0.8367 | Aux Loss: 0.1573 | Train Mixed Loss: 0.6794 (Base: 0.2527, Trend: 0.1489, DTW: 0.0915, TopK: 0.4417) | Val Mixed Loss (No Trend): 0.7091 (Base: 0.2766, DTW: 0.1238, TopK: 0.4511) | EMA Val Loss (No Trend): 0.714216 | LR: 1.05e-06
Epoch [100/100] | Total Loss: 0.8380 | Aux Loss: 0.1575 | Train Mixed Loss: 0.6805 (Base: 0.2532, Trend: 0.1488, DTW: 0.0919, TopK: 0.4412) | Val Mixed Loss (No Trend): 0.7110 (Base: 0.2776, DTW: 0.1234, TopK: 0.4574) | EMA Val Loss (No Trend): 0.713410 | LR: 2.00e-04
