Starting experiment (seed=4)
Device: cuda
Building static profile features from historical data...
Loading lightweight encoder...
Total trainable parameters: 5,010,690
Epoch [1/100] | Total Loss: 1.3537 | Aux Loss: 0.2734 | Train Mixed Loss: 1.0804 (Base: 0.3497, Trend: 0.1742, DTW: 0.1934, TopK: 0.5985) | Val Mixed Loss (No Trend): 0.9584 (Base: 0.3598, DTW: 0.1851, TopK: 0.5148) | EMA Val Loss (No Trend): 0.958373 | LR: 2.00e-04
Saved new best weights to best_model_seed4.pth (EMA validation loss without trend: 0.958373).
Epoch [2/100] | Total Loss: 1.2360 | Aux Loss: 0.2216 | Train Mixed Loss: 1.0144 (Base: 0.3369, Trend: 0.1601, DTW: 0.1749, TopK: 0.5921) | Val Mixed Loss (No Trend): 0.8494 (Base: 0.3150, DTW: 0.1541, TopK: 0.5487) | EMA Val Loss (No Trend): 0.931119 | LR: 2.00e-04
Saved new best weights to best_model_seed4.pth (EMA validation loss without trend: 0.931119).
Epoch [3/100] | Total Loss: 1.1990 | Aux Loss: 0.2088 | Train Mixed Loss: 0.9902 (Base: 0.3337, Trend: 0.1604, DTW: 0.1670, TopK: 0.5848) | Val Mixed Loss (No Trend): 0.8686 (Base: 0.3241, DTW: 0.1632, TopK: 0.5091) | EMA Val Loss (No Trend): 0.915485 | LR: 2.00e-04
Saved new best weights to best_model_seed4.pth (EMA validation loss without trend: 0.915485).
Epoch [4/100] | Total Loss: 1.1778 | Aux Loss: 0.2035 | Train Mixed Loss: 0.9743 (Base: 0.3292, Trend: 0.1589, DTW: 0.1627, TopK: 0.5840) | Val Mixed Loss (No Trend): 0.8115 (Base: 0.2978, DTW: 0.1422, TopK: 0.5751) | EMA Val Loss (No Trend): 0.889495 | LR: 1.99e-04
Saved new best weights to best_model_seed4.pth (EMA validation loss without trend: 0.889495).
Epoch [5/100] | Total Loss: 1.1543 | Aux Loss: 0.1981 | Train Mixed Loss: 0.9561 (Base: 0.3248, Trend: 0.1581, DTW: 0.1579, TopK: 0.5776) | Val Mixed Loss (No Trend): 0.8437 (Base: 0.3156, DTW: 0.1554, TopK: 0.5174) | EMA Val Loss (No Trend): 0.878052 | LR: 1.99e-04
Saved new best weights to best_model_seed4.pth (EMA validation loss without trend: 0.878052).
Epoch [6/100] | Total Loss: 1.1518 | Aux Loss: 0.1976 | Train Mixed Loss: 0.9541 (Base: 0.3251, Trend: 0.1575, DTW: 0.1579, TopK: 0.5715) | Val Mixed Loss (No Trend): 0.8208 (Base: 0.3104, DTW: 0.1491, TopK: 0.5085) | EMA Val Loss (No Trend): 0.863745 | LR: 1.98e-04
Saved new best weights to best_model_seed4.pth (EMA validation loss without trend: 0.863745).
Epoch [7/100] | Total Loss: 1.1377 | Aux Loss: 0.1937 | Train Mixed Loss: 0.9440 (Base: 0.3222, Trend: 0.1581, DTW: 0.1549, TopK: 0.5700) | Val Mixed Loss (No Trend): 0.8325 (Base: 0.2989, DTW: 0.1518, TopK: 0.5642) | EMA Val Loss (No Trend): 0.855931 | LR: 1.98e-04
Saved new best weights to best_model_seed4.pth (EMA validation loss without trend: 0.855931).
Epoch [8/100] | Total Loss: 1.1246 | Aux Loss: 0.1939 | Train Mixed Loss: 0.9306 (Base: 0.3185, Trend: 0.1564, DTW: 0.1520, TopK: 0.5634) | Val Mixed Loss (No Trend): 0.8006 (Base: 0.3068, DTW: 0.1414, TopK: 0.5151) | EMA Val Loss (No Trend): 0.842100 | LR: 1.97e-04
Saved new best weights to best_model_seed4.pth (EMA validation loss without trend: 0.842100).
Epoch [9/100] | Total Loss: 1.1186 | Aux Loss: 0.1920 | Train Mixed Loss: 0.9266 (Base: 0.3180, Trend: 0.1560, DTW: 0.1510, TopK: 0.5601) | Val Mixed Loss (No Trend): 0.7971 (Base: 0.2932, DTW: 0.1432, TopK: 0.5341) | EMA Val Loss (No Trend): 0.830847 | LR: 1.96e-04
Saved new best weights to best_model_seed4.pth (EMA validation loss without trend: 0.830847).
Epoch [10/100] | Total Loss: 1.1087 | Aux Loss: 0.1892 | Train Mixed Loss: 0.9195 (Base: 0.3171, Trend: 0.1568, DTW: 0.1486, TopK: 0.5579) | Val Mixed Loss (No Trend): 0.7735 (Base: 0.2937, DTW: 0.1369, TopK: 0.5046) | EMA Val Loss (No Trend): 0.816516 | LR: 1.95e-04
Saved new best weights to best_model_seed4.pth (EMA validation loss without trend: 0.816516).
Epoch [11/100] | Total Loss: 1.1128 | Aux Loss: 0.1910 | Train Mixed Loss: 0.9218 (Base: 0.3188, Trend: 0.1576, DTW: 0.1482, TopK: 0.5615) | Val Mixed Loss (No Trend): 0.7834 (Base: 0.3002, DTW: 0.1402, TopK: 0.4888) | EMA Val Loss (No Trend): 0.808240 | LR: 1.94e-04
Saved new best weights to best_model_seed4.pth (EMA validation loss without trend: 0.808240).
Epoch [12/100] | Total Loss: 1.0954 | Aux Loss: 0.1875 | Train Mixed Loss: 0.9080 (Base: 0.3142, Trend: 0.1560, DTW: 0.1454, TopK: 0.5558) | Val Mixed Loss (No Trend): 0.7887 (Base: 0.2992, DTW: 0.1399, TopK: 0.5124) | EMA Val Loss (No Trend): 0.803347 | LR: 1.93e-04
Saved new best weights to best_model_seed4.pth (EMA validation loss without trend: 0.803347).
Epoch [13/100] | Total Loss: 1.0939 | Aux Loss: 0.1870 | Train Mixed Loss: 0.9069 (Base: 0.3149, Trend: 0.1565, DTW: 0.1451, TopK: 0.5520) | Val Mixed Loss (No Trend): 0.7909 (Base: 0.3015, DTW: 0.1420, TopK: 0.4954) | EMA Val Loss (No Trend): 0.800230 | LR: 1.92e-04
Saved new best weights to best_model_seed4.pth (EMA validation loss without trend: 0.800230).
Epoch [14/100] | Total Loss: 1.0792 | Aux Loss: 0.1849 | Train Mixed Loss: 0.8943 (Base: 0.3112, Trend: 0.1550, DTW: 0.1420, TopK: 0.5488) | Val Mixed Loss (No Trend): 0.7788 (Base: 0.2977, DTW: 0.1360, TopK: 0.5160) | EMA Val Loss (No Trend): 0.794868 | LR: 1.91e-04
Saved new best weights to best_model_seed4.pth (EMA validation loss without trend: 0.794868).
Epoch [15/100] | Total Loss: 1.0726 | Aux Loss: 0.1833 | Train Mixed Loss: 0.8893 (Base: 0.3113, Trend: 0.1556, DTW: 0.1405, TopK: 0.5435) | Val Mixed Loss (No Trend): 0.7871 (Base: 0.3025, DTW: 0.1414, TopK: 0.4842) | EMA Val Loss (No Trend): 0.792934 | LR: 1.89e-04
Saved new best weights to best_model_seed4.pth (EMA validation loss without trend: 0.792934).
Epoch [16/100] | Total Loss: 1.0725 | Aux Loss: 0.1821 | Train Mixed Loss: 0.8904 (Base: 0.3101, Trend: 0.1550, DTW: 0.1410, TopK: 0.5482) | Val Mixed Loss (No Trend): 0.7632 (Base: 0.2893, DTW: 0.1324, TopK: 0.5204) | EMA Val Loss (No Trend): 0.785512 | LR: 1.88e-04
Saved new best weights to best_model_seed4.pth (EMA validation loss without trend: 0.785512).
Epoch [17/100] | Total Loss: 1.0662 | Aux Loss: 0.1804 | Train Mixed Loss: 0.8858 (Base: 0.3100, Trend: 0.1541, DTW: 0.1398, TopK: 0.5445) | Val Mixed Loss (No Trend): 0.7820 (Base: 0.2967, DTW: 0.1403, TopK: 0.4949) | EMA Val Loss (No Trend): 0.784625 | LR: 1.86e-04
Saved new best weights to best_model_seed4.pth (EMA validation loss without trend: 0.784625).
Epoch [18/100] | Total Loss: 1.0677 | Aux Loss: 0.1815 | Train Mixed Loss: 0.8862 (Base: 0.3102, Trend: 0.1555, DTW: 0.1397, TopK: 0.5434) | Val Mixed Loss (No Trend): 0.7981 (Base: 0.3121, DTW: 0.1451, TopK: 0.4593) | EMA Val Loss (No Trend): 0.787983 | LR: 1.85e-04
Epoch [19/100] | Total Loss: 1.0631 | Aux Loss: 0.1820 | Train Mixed Loss: 0.8812 (Base: 0.3089, Trend: 0.1545, DTW: 0.1386, TopK: 0.5411) | Val Mixed Loss (No Trend): 0.7586 (Base: 0.2867, DTW: 0.1314, TopK: 0.5220) | EMA Val Loss (No Trend): 0.780629 | LR: 1.83e-04
Saved new best weights to best_model_seed4.pth (EMA validation loss without trend: 0.780629).
Epoch [20/100] | Total Loss: 1.0521 | Aux Loss: 0.1787 | Train Mixed Loss: 0.8734 (Base: 0.3066, Trend: 0.1536, DTW: 0.1367, TopK: 0.5396) | Val Mixed Loss (No Trend): 0.7614 (Base: 0.2899, DTW: 0.1320, TopK: 0.5161) | EMA Val Loss (No Trend): 0.775822 | LR: 1.81e-04
Saved new best weights to best_model_seed4.pth (EMA validation loss without trend: 0.775822).
Epoch [21/100] | Total Loss: 1.0418 | Aux Loss: 0.1747 | Train Mixed Loss: 0.8671 (Base: 0.3046, Trend: 0.1528, DTW: 0.1354, TopK: 0.5375) | Val Mixed Loss (No Trend): 0.7635 (Base: 0.2935, DTW: 0.1330, TopK: 0.5026) | EMA Val Loss (No Trend): 0.772737 | LR: 1.79e-04
Saved new best weights to best_model_seed4.pth (EMA validation loss without trend: 0.772737).
Epoch [22/100] | Total Loss: 1.0492 | Aux Loss: 0.1787 | Train Mixed Loss: 0.8705 (Base: 0.3060, Trend: 0.1547, DTW: 0.1353, TopK: 0.5415) | Val Mixed Loss (No Trend): 0.7591 (Base: 0.2924, DTW: 0.1324, TopK: 0.4967) | EMA Val Loss (No Trend): 0.769334 | LR: 1.77e-04
Saved new best weights to best_model_seed4.pth (EMA validation loss without trend: 0.769334).
Epoch [23/100] | Total Loss: 1.0494 | Aux Loss: 0.1770 | Train Mixed Loss: 0.8724 (Base: 0.3062, Trend: 0.1545, DTW: 0.1359, TopK: 0.5425) | Val Mixed Loss (No Trend): 0.7775 (Base: 0.2954, DTW: 0.1384, TopK: 0.4995) | EMA Val Loss (No Trend): 0.771377 | LR: 1.75e-04
Epoch [24/100] | Total Loss: 1.0474 | Aux Loss: 0.1780 | Train Mixed Loss: 0.8695 (Base: 0.3049, Trend: 0.1539, DTW: 0.1356, TopK: 0.5404) | Val Mixed Loss (No Trend): 0.8051 (Base: 0.3170, DTW: 0.1471, TopK: 0.4506) | EMA Val Loss (No Trend): 0.779815 | LR: 1.73e-04
Epoch [25/100] | Total Loss: 1.0377 | Aux Loss: 0.1764 | Train Mixed Loss: 0.8612 (Base: 0.3039, Trend: 0.1544, DTW: 0.1331, TopK: 0.5358) | Val Mixed Loss (No Trend): 0.7431 (Base: 0.2851, DTW: 0.1291, TopK: 0.4934) | EMA Val Loss (No Trend): 0.770628 | LR: 1.71e-04
Epoch [26/100] | Total Loss: 1.0297 | Aux Loss: 0.1745 | Train Mixed Loss: 0.8553 (Base: 0.3014, Trend: 0.1529, DTW: 0.1322, TopK: 0.5339) | Val Mixed Loss (No Trend): 0.7572 (Base: 0.2893, DTW: 0.1322, TopK: 0.5018) | EMA Val Loss (No Trend): 0.767270 | LR: 1.69e-04
Saved new best weights to best_model_seed4.pth (EMA validation loss without trend: 0.767270).
Epoch [27/100] | Total Loss: 1.0255 | Aux Loss: 0.1745 | Train Mixed Loss: 0.8510 (Base: 0.3010, Trend: 0.1524, DTW: 0.1313, TopK: 0.5293) | Val Mixed Loss (No Trend): 0.7469 (Base: 0.2879, DTW: 0.1293, TopK: 0.4957) | EMA Val Loss (No Trend): 0.762170 | LR: 1.66e-04
Saved new best weights to best_model_seed4.pth (EMA validation loss without trend: 0.762170).
Epoch [28/100] | Total Loss: 1.0317 | Aux Loss: 0.1752 | Train Mixed Loss: 0.8565 (Base: 0.3024, Trend: 0.1525, DTW: 0.1323, TopK: 0.5345) | Val Mixed Loss (No Trend): 0.7679 (Base: 0.2952, DTW: 0.1362, TopK: 0.4860) | EMA Val Loss (No Trend): 0.763590 | LR: 1.64e-04
Epoch [29/100] | Total Loss: 1.0165 | Aux Loss: 0.1739 | Train Mixed Loss: 0.8426 (Base: 0.2982, Trend: 0.1515, DTW: 0.1294, TopK: 0.5267) | Val Mixed Loss (No Trend): 0.7763 (Base: 0.2969, DTW: 0.1401, TopK: 0.4773) | EMA Val Loss (No Trend): 0.766778 | LR: 1.61e-04
Epoch [30/100] | Total Loss: 1.0205 | Aux Loss: 0.1729 | Train Mixed Loss: 0.8476 (Base: 0.2994, Trend: 0.1521, DTW: 0.1302, TopK: 0.5322) | Val Mixed Loss (No Trend): 0.7641 (Base: 0.2949, DTW: 0.1330, TopK: 0.5002) | EMA Val Loss (No Trend): 0.766101 | LR: 1.59e-04
Epoch [31/100] | Total Loss: 1.0215 | Aux Loss: 0.1740 | Train Mixed Loss: 0.8475 (Base: 0.3011, Trend: 0.1534, DTW: 0.1295, TopK: 0.5293) | Val Mixed Loss (No Trend): 0.7687 (Base: 0.2978, DTW: 0.1358, TopK: 0.4835) | EMA Val Loss (No Trend): 0.766761 | LR: 1.56e-04
Epoch [32/100] | Total Loss: 1.0130 | Aux Loss: 0.1716 | Train Mixed Loss: 0.8414 (Base: 0.2984, Trend: 0.1515, DTW: 0.1288, TopK: 0.5270) | Val Mixed Loss (No Trend): 0.7612 (Base: 0.2941, DTW: 0.1343, TopK: 0.4827) | EMA Val Loss (No Trend): 0.765374 | LR: 1.54e-04
Epoch [33/100] | Total Loss: 1.0107 | Aux Loss: 0.1699 | Train Mixed Loss: 0.8408 (Base: 0.2985, Trend: 0.1518, DTW: 0.1284, TopK: 0.5275) | Val Mixed Loss (No Trend): 0.7604 (Base: 0.2960, DTW: 0.1345, TopK: 0.4721) | EMA Val Loss (No Trend): 0.764119 | LR: 1.51e-04
Epoch [34/100] | Total Loss: 1.0166 | Aux Loss: 0.1719 | Train Mixed Loss: 0.8447 (Base: 0.2990, Trend: 0.1529, DTW: 0.1294, TopK: 0.5291) | Val Mixed Loss (No Trend): 0.7508 (Base: 0.2948, DTW: 0.1311, TopK: 0.4713) | EMA Val Loss (No Trend): 0.760790 | LR: 1.48e-04
Saved new best weights to best_model_seed4.pth (EMA validation loss without trend: 0.760790).
Epoch [35/100] | Total Loss: 1.0078 | Aux Loss: 0.1705 | Train Mixed Loss: 0.8372 (Base: 0.2983, Trend: 0.1520, DTW: 0.1276, TopK: 0.5227) | Val Mixed Loss (No Trend): 0.7571 (Base: 0.2932, DTW: 0.1328, TopK: 0.4838) | EMA Val Loss (No Trend): 0.759864 | LR: 1.46e-04
Saved new best weights to best_model_seed4.pth (EMA validation loss without trend: 0.759864).
Epoch [36/100] | Total Loss: 1.0050 | Aux Loss: 0.1710 | Train Mixed Loss: 0.8340 (Base: 0.2967, Trend: 0.1516, DTW: 0.1269, TopK: 0.5229) | Val Mixed Loss (No Trend): 0.7558 (Base: 0.2927, DTW: 0.1341, TopK: 0.4712) | EMA Val Loss (No Trend): 0.758860 | LR: 1.43e-04
Saved new best weights to best_model_seed4.pth (EMA validation loss without trend: 0.758860).
Epoch [37/100] | Total Loss: 1.0045 | Aux Loss: 0.1699 | Train Mixed Loss: 0.8347 (Base: 0.2968, Trend: 0.1524, DTW: 0.1267, TopK: 0.5253) | Val Mixed Loss (No Trend): 0.7505 (Base: 0.2901, DTW: 0.1316, TopK: 0.4822) | EMA Val Loss (No Trend): 0.756759 | LR: 1.40e-04
Saved new best weights to best_model_seed4.pth (EMA validation loss without trend: 0.756759).
Epoch [38/100] | Total Loss: 0.9987 | Aux Loss: 0.1703 | Train Mixed Loss: 0.8283 (Base: 0.2953, Trend: 0.1516, DTW: 0.1259, TopK: 0.5173) | Val Mixed Loss (No Trend): 0.7554 (Base: 0.2888, DTW: 0.1319, TopK: 0.4998) | EMA Val Loss (No Trend): 0.756418 | LR: 1.37e-04
Saved new best weights to best_model_seed4.pth (EMA validation loss without trend: 0.756418).
Epoch [39/100] | Total Loss: 0.9981 | Aux Loss: 0.1692 | Train Mixed Loss: 0.8289 (Base: 0.2953, Trend: 0.1518, DTW: 0.1257, TopK: 0.5203) | Val Mixed Loss (No Trend): 0.7409 (Base: 0.2854, DTW: 0.1291, TopK: 0.4858) | EMA Val Loss (No Trend): 0.752531 | LR: 1.34e-04
Saved new best weights to best_model_seed4.pth (EMA validation loss without trend: 0.752531).
Epoch [40/100] | Total Loss: 0.9899 | Aux Loss: 0.1690 | Train Mixed Loss: 0.8210 (Base: 0.2932, Trend: 0.1510, DTW: 0.1238, TopK: 0.5174) | Val Mixed Loss (No Trend): 0.7490 (Base: 0.2931, DTW: 0.1318, TopK: 0.4651) | EMA Val Loss (No Trend): 0.751640 | LR: 1.31e-04
Saved new best weights to best_model_seed4.pth (EMA validation loss without trend: 0.751640).
Epoch [41/100] | Total Loss: 1.0009 | Aux Loss: 0.1694 | Train Mixed Loss: 0.8315 (Base: 0.2957, Trend: 0.1529, DTW: 0.1259, TopK: 0.5242) | Val Mixed Loss (No Trend): 0.7575 (Base: 0.2983, DTW: 0.1320, TopK: 0.4750) | EMA Val Loss (No Trend): 0.753116 | LR: 1.28e-04
Epoch [42/100] | Total Loss: 0.9870 | Aux Loss: 0.1677 | Train Mixed Loss: 0.8192 (Base: 0.2930, Trend: 0.1509, DTW: 0.1233, TopK: 0.5165) | Val Mixed Loss (No Trend): 0.7615 (Base: 0.2940, DTW: 0.1320, TopK: 0.5025) | EMA Val Loss (No Trend): 0.755206 | LR: 1.25e-04
Epoch [43/100] | Total Loss: 0.9778 | Aux Loss: 0.1667 | Train Mixed Loss: 0.8110 (Base: 0.2906, Trend: 0.1507, DTW: 0.1216, TopK: 0.5110) | Val Mixed Loss (No Trend): 0.7558 (Base: 0.2903, DTW: 0.1333, TopK: 0.4852) | EMA Val Loss (No Trend): 0.755349 | LR: 1.22e-04
Epoch [44/100] | Total Loss: 0.9777 | Aux Loss: 0.1656 | Train Mixed Loss: 0.8121 (Base: 0.2909, Trend: 0.1513, DTW: 0.1217, TopK: 0.5119) | Val Mixed Loss (No Trend): 0.7565 (Base: 0.2902, DTW: 0.1337, TopK: 0.4849) | EMA Val Loss (No Trend): 0.755631 | LR: 1.19e-04
Epoch [45/100] | Total Loss: 0.9765 | Aux Loss: 0.1662 | Train Mixed Loss: 0.8103 (Base: 0.2915, Trend: 0.1509, DTW: 0.1210, TopK: 0.5099) | Val Mixed Loss (No Trend): 0.7614 (Base: 0.2941, DTW: 0.1367, TopK: 0.4643) | EMA Val Loss (No Trend): 0.757064 | LR: 1.16e-04
Epoch [46/100] | Total Loss: 0.9742 | Aux Loss: 0.1657 | Train Mixed Loss: 0.8084 (Base: 0.2901, Trend: 0.1507, DTW: 0.1207, TopK: 0.5111) | Val Mixed Loss (No Trend): 0.7800 (Base: 0.2984, DTW: 0.1382, TopK: 0.4999) | EMA Val Loss (No Trend): 0.762800 | LR: 1.13e-04
Epoch [47/100] | Total Loss: 0.9760 | Aux Loss: 0.1672 | Train Mixed Loss: 0.8087 (Base: 0.2899, Trend: 0.1508, DTW: 0.1210, TopK: 0.5099) | Val Mixed Loss (No Trend): 0.7493 (Base: 0.2924, DTW: 0.1323, TopK: 0.4646) | EMA Val Loss (No Trend): 0.759424 | LR: 1.10e-04
Epoch [48/100] | Total Loss: 0.9664 | Aux Loss: 0.1657 | Train Mixed Loss: 0.8008 (Base: 0.2884, Trend: 0.1504, DTW: 0.1190, TopK: 0.5051) | Val Mixed Loss (No Trend): 0.7604 (Base: 0.2976, DTW: 0.1331, TopK: 0.4781) | EMA Val Loss (No Trend): 0.759676 | LR: 1.07e-04
Epoch [49/100] | Total Loss: 0.9724 | Aux Loss: 0.1652 | Train Mixed Loss: 0.8071 (Base: 0.2898, Trend: 0.1519, DTW: 0.1200, TopK: 0.5115) | Val Mixed Loss (No Trend): 0.7373 (Base: 0.2866, DTW: 0.1280, TopK: 0.4786) | EMA Val Loss (No Trend): 0.754088 | LR: 1.04e-04
Epoch [50/100] | Total Loss: 0.9627 | Aux Loss: 0.1648 | Train Mixed Loss: 0.7979 (Base: 0.2872, Trend: 0.1504, DTW: 0.1181, TopK: 0.5067) | Val Mixed Loss (No Trend): 0.7491 (Base: 0.2913, DTW: 0.1318, TopK: 0.4716) | EMA Val Loss (No Trend): 0.752845 | LR: 1.01e-04
Epoch [51/100] | Total Loss: 0.9692 | Aux Loss: 0.1653 | Train Mixed Loss: 0.8039 (Base: 0.2883, Trend: 0.1519, DTW: 0.1191, TopK: 0.5129) | Val Mixed Loss (No Trend): 0.7360 (Base: 0.2849, DTW: 0.1294, TopK: 0.4687) | EMA Val Loss (No Trend): 0.748624 | LR: 9.74e-05
Saved new best weights to best_model_seed4.pth (EMA validation loss without trend: 0.748624).
Epoch [52/100] | Total Loss: 0.9720 | Aux Loss: 0.1652 | Train Mixed Loss: 0.8068 (Base: 0.2895, Trend: 0.1512, DTW: 0.1201, TopK: 0.5117) | Val Mixed Loss (No Trend): 0.7448 (Base: 0.2847, DTW: 0.1301, TopK: 0.4932) | EMA Val Loss (No Trend): 0.747665 | LR: 9.43e-05
Saved new best weights to best_model_seed4.pth (EMA validation loss without trend: 0.747665).
Epoch [53/100] | Total Loss: 0.9583 | Aux Loss: 0.1632 | Train Mixed Loss: 0.7952 (Base: 0.2869, Trend: 0.1508, DTW: 0.1171, TopK: 0.5058) | Val Mixed Loss (No Trend): 0.7524 (Base: 0.2908, DTW: 0.1328, TopK: 0.4765) | EMA Val Loss (No Trend): 0.748844 | LR: 9.11e-05
Epoch [54/100] | Total Loss: 0.9572 | Aux Loss: 0.1639 | Train Mixed Loss: 0.7933 (Base: 0.2862, Trend: 0.1512, DTW: 0.1167, TopK: 0.5050) | Val Mixed Loss (No Trend): 0.7357 (Base: 0.2832, DTW: 0.1268, TopK: 0.4944) | EMA Val Loss (No Trend): 0.745552 | LR: 8.80e-05
Saved new best weights to best_model_seed4.pth (EMA validation loss without trend: 0.745552).
Epoch [55/100] | Total Loss: 0.9563 | Aux Loss: 0.1634 | Train Mixed Loss: 0.7928 (Base: 0.2858, Trend: 0.1509, DTW: 0.1164, TopK: 0.5073) | Val Mixed Loss (No Trend): 0.7399 (Base: 0.2879, DTW: 0.1303, TopK: 0.4645) | EMA Val Loss (No Trend): 0.744140 | LR: 8.49e-05
Saved new best weights to best_model_seed4.pth (EMA validation loss without trend: 0.744140).
Epoch [56/100] | Total Loss: 0.9565 | Aux Loss: 0.1646 | Train Mixed Loss: 0.7919 (Base: 0.2852, Trend: 0.1505, DTW: 0.1169, TopK: 0.5026) | Val Mixed Loss (No Trend): 0.7578 (Base: 0.2955, DTW: 0.1333, TopK: 0.4746) | EMA Val Loss (No Trend): 0.747564 | LR: 8.19e-05
Epoch [57/100] | Total Loss: 0.9547 | Aux Loss: 0.1636 | Train Mixed Loss: 0.7910 (Base: 0.2854, Trend: 0.1507, DTW: 0.1164, TopK: 0.5030) | Val Mixed Loss (No Trend): 0.7395 (Base: 0.2875, DTW: 0.1289, TopK: 0.4759) | EMA Val Loss (No Trend): 0.745545 | LR: 7.88e-05
Epoch [58/100] | Total Loss: 0.9507 | Aux Loss: 0.1621 | Train Mixed Loss: 0.7886 (Base: 0.2850, Trend: 0.1514, DTW: 0.1155, TopK: 0.5024) | Val Mixed Loss (No Trend): 0.7496 (Base: 0.2899, DTW: 0.1319, TopK: 0.4774) | EMA Val Loss (No Trend): 0.746548 | LR: 7.58e-05
Epoch [59/100] | Total Loss: 0.9469 | Aux Loss: 0.1613 | Train Mixed Loss: 0.7856 (Base: 0.2839, Trend: 0.1506, DTW: 0.1151, TopK: 0.5000) | Val Mixed Loss (No Trend): 0.7431 (Base: 0.2866, DTW: 0.1298, TopK: 0.4835) | EMA Val Loss (No Trend): 0.745688 | LR: 7.27e-05
Epoch [60/100] | Total Loss: 0.9489 | Aux Loss: 0.1629 | Train Mixed Loss: 0.7860 (Base: 0.2841, Trend: 0.1510, DTW: 0.1148, TopK: 0.5028) | Val Mixed Loss (No Trend): 0.7561 (Base: 0.2917, DTW: 0.1329, TopK: 0.4851) | EMA Val Loss (No Trend): 0.748302 | LR: 6.98e-05
Epoch [61/100] | Total Loss: 0.9383 | Aux Loss: 0.1615 | Train Mixed Loss: 0.7768 (Base: 0.2815, Trend: 0.1496, DTW: 0.1130, TopK: 0.4979) | Val Mixed Loss (No Trend): 0.7534 (Base: 0.2924, DTW: 0.1329, TopK: 0.4734) | EMA Val Loss (No Trend): 0.749571 | LR: 6.68e-05
Epoch [62/100] | Total Loss: 0.9337 | Aux Loss: 0.1597 | Train Mixed Loss: 0.7740 (Base: 0.2806, Trend: 0.1498, DTW: 0.1129, TopK: 0.4924) | Val Mixed Loss (No Trend): 0.7454 (Base: 0.2907, DTW: 0.1299, TopK: 0.4762) | EMA Val Loss (No Trend): 0.748527 | LR: 6.39e-05
Epoch [63/100] | Total Loss: 0.9335 | Aux Loss: 0.1594 | Train Mixed Loss: 0.7741 (Base: 0.2802, Trend: 0.1495, DTW: 0.1127, TopK: 0.4957) | Val Mixed Loss (No Trend): 0.7355 (Base: 0.2809, DTW: 0.1285, TopK: 0.4870) | EMA Val Loss (No Trend): 0.745280 | LR: 6.10e-05
Epoch [64/100] | Total Loss: 0.9440 | Aux Loss: 0.1607 | Train Mixed Loss: 0.7834 (Base: 0.2838, Trend: 0.1515, DTW: 0.1142, TopK: 0.4992) | Val Mixed Loss (No Trend): 0.7473 (Base: 0.2910, DTW: 0.1311, TopK: 0.4725) | EMA Val Loss (No Trend): 0.745790 | LR: 5.81e-05
Epoch [65/100] | Total Loss: 0.9256 | Aux Loss: 0.1592 | Train Mixed Loss: 0.7664 (Base: 0.2787, Trend: 0.1495, DTW: 0.1108, TopK: 0.4905) | Val Mixed Loss (No Trend): 0.7479 (Base: 0.2897, DTW: 0.1313, TopK: 0.4771) | EMA Val Loss (No Trend): 0.746315 | LR: 5.53e-05
Epoch [66/100] | Total Loss: 0.9310 | Aux Loss: 0.1610 | Train Mixed Loss: 0.7700 (Base: 0.2797, Trend: 0.1500, DTW: 0.1115, TopK: 0.4927) | Val Mixed Loss (No Trend): 0.7452 (Base: 0.2905, DTW: 0.1307, TopK: 0.4701) | EMA Val Loss (No Trend): 0.746037 | LR: 5.26e-05
Epoch [67/100] | Total Loss: 0.9290 | Aux Loss: 0.1609 | Train Mixed Loss: 0.7680 (Base: 0.2796, Trend: 0.1494, DTW: 0.1113, TopK: 0.4889) | Val Mixed Loss (No Trend): 0.7609 (Base: 0.2947, DTW: 0.1350, TopK: 0.4742) | EMA Val Loss (No Trend): 0.749759 | LR: 4.99e-05
Epoch [68/100] | Total Loss: 0.9284 | Aux Loss: 0.1593 | Train Mixed Loss: 0.7691 (Base: 0.2789, Trend: 0.1506, DTW: 0.1112, TopK: 0.4934) | Val Mixed Loss (No Trend): 0.7463 (Base: 0.2910, DTW: 0.1308, TopK: 0.4716) | EMA Val Loss (No Trend): 0.748884 | LR: 4.72e-05
Epoch [69/100] | Total Loss: 0.9259 | Aux Loss: 0.1607 | Train Mixed Loss: 0.7652 (Base: 0.2781, Trend: 0.1499, DTW: 0.1104, TopK: 0.4911) | Val Mixed Loss (No Trend): 0.7457 (Base: 0.2870, DTW: 0.1314, TopK: 0.4780) | EMA Val Loss (No Trend): 0.748079 | LR: 4.46e-05
Epoch [70/100] | Total Loss: 0.9281 | Aux Loss: 0.1604 | Train Mixed Loss: 0.7677 (Base: 0.2790, Trend: 0.1501, DTW: 0.1109, TopK: 0.4913) | Val Mixed Loss (No Trend): 0.7409 (Base: 0.2873, DTW: 0.1301, TopK: 0.4708) | EMA Val Loss (No Trend): 0.746275 | LR: 4.20e-05
Epoch [71/100] | Total Loss: 0.9245 | Aux Loss: 0.1593 | Train Mixed Loss: 0.7652 (Base: 0.2786, Trend: 0.1505, DTW: 0.1101, TopK: 0.4899) | Val Mixed Loss (No Trend): 0.7567 (Base: 0.2962, DTW: 0.1347, TopK: 0.4570) | EMA Val Loss (No Trend): 0.748870 | LR: 3.95e-05
Epoch [72/100] | Total Loss: 0.9271 | Aux Loss: 0.1595 | Train Mixed Loss: 0.7676 (Base: 0.2785, Trend: 0.1506, DTW: 0.1109, TopK: 0.4920) | Val Mixed Loss (No Trend): 0.7447 (Base: 0.2884, DTW: 0.1298, TopK: 0.4831) | EMA Val Loss (No Trend): 0.747835 | LR: 3.71e-05
Epoch [73/100] | Total Loss: 0.9252 | Aux Loss: 0.1598 | Train Mixed Loss: 0.7654 (Base: 0.2790, Trend: 0.1509, DTW: 0.1101, TopK: 0.4890) | Val Mixed Loss (No Trend): 0.7608 (Base: 0.2968, DTW: 0.1349, TopK: 0.4677) | EMA Val Loss (No Trend): 0.751067 | LR: 3.47e-05
Epoch [74/100] | Total Loss: 0.9166 | Aux Loss: 0.1591 | Train Mixed Loss: 0.7575 (Base: 0.2758, Trend: 0.1498, DTW: 0.1087, TopK: 0.4863) | Val Mixed Loss (No Trend): 0.7495 (Base: 0.2905, DTW: 0.1319, TopK: 0.4745) | EMA Val Loss (No Trend): 0.750666 | LR: 3.24e-05
Epoch [75/100] | Total Loss: 0.9197 | Aux Loss: 0.1599 | Train Mixed Loss: 0.7598 (Base: 0.2768, Trend: 0.1499, DTW: 0.1091, TopK: 0.4873) | Val Mixed Loss (No Trend): 0.7486 (Base: 0.2898, DTW: 0.1314, TopK: 0.4784) | EMA Val Loss (No Trend): 0.750155 | LR: 3.01e-05
Epoch [76/100] | Total Loss: 0.9186 | Aux Loss: 0.1588 | Train Mixed Loss: 0.7598 (Base: 0.2764, Trend: 0.1497, DTW: 0.1092, TopK: 0.4877) | Val Mixed Loss (No Trend): 0.7433 (Base: 0.2897, DTW: 0.1300, TopK: 0.4716) | EMA Val Loss (No Trend): 0.748432 | LR: 2.80e-05
Epoch [77/100] | Total Loss: 0.9110 | Aux Loss: 0.1582 | Train Mixed Loss: 0.7528 (Base: 0.2746, Trend: 0.1494, DTW: 0.1074, TopK: 0.4858) | Val Mixed Loss (No Trend): 0.7543 (Base: 0.2920, DTW: 0.1340, TopK: 0.4690) | EMA Val Loss (No Trend): 0.749901 | LR: 2.59e-05
Epoch [78/100] | Total Loss: 0.9109 | Aux Loss: 0.1576 | Train Mixed Loss: 0.7533 (Base: 0.2748, Trend: 0.1502, DTW: 0.1075, TopK: 0.4850) | Val Mixed Loss (No Trend): 0.7431 (Base: 0.2887, DTW: 0.1305, TopK: 0.4707) | EMA Val Loss (No Trend): 0.748193 | LR: 2.38e-05
Epoch [79/100] | Total Loss: 0.9114 | Aux Loss: 0.1587 | Train Mixed Loss: 0.7527 (Base: 0.2748, Trend: 0.1498, DTW: 0.1074, TopK: 0.4841) | Val Mixed Loss (No Trend): 0.7549 (Base: 0.2933, DTW: 0.1320, TopK: 0.4829) | EMA Val Loss (No Trend): 0.749858 | LR: 2.19e-05
Epoch [80/100] | Total Loss: 0.9131 | Aux Loss: 0.1594 | Train Mixed Loss: 0.7537 (Base: 0.2751, Trend: 0.1509, DTW: 0.1073, TopK: 0.4856) | Val Mixed Loss (No Trend): 0.7433 (Base: 0.2875, DTW: 0.1305, TopK: 0.4753) | EMA Val Loss (No Trend): 0.748220 | LR: 2.00e-05
Epoch [81/100] | Total Loss: 0.9080 | Aux Loss: 0.1572 | Train Mixed Loss: 0.7508 (Base: 0.2742, Trend: 0.1505, DTW: 0.1065, TopK: 0.4855) | Val Mixed Loss (No Trend): 0.7381 (Base: 0.2857, DTW: 0.1301, TopK: 0.4666) | EMA Val Loss (No Trend): 0.745686 | LR: 1.82e-05
Epoch [82/100] | Total Loss: 0.9123 | Aux Loss: 0.1586 | Train Mixed Loss: 0.7538 (Base: 0.2751, Trend: 0.1506, DTW: 0.1074, TopK: 0.4853) | Val Mixed Loss (No Trend): 0.7473 (Base: 0.2923, DTW: 0.1319, TopK: 0.4619) | EMA Val Loss (No Trend): 0.746101 | LR: 1.65e-05
Epoch [83/100] | Total Loss: 0.9045 | Aux Loss: 0.1585 | Train Mixed Loss: 0.7460 (Base: 0.2722, Trend: 0.1496, DTW: 0.1061, TopK: 0.4811) | Val Mixed Loss (No Trend): 0.7441 (Base: 0.2904, DTW: 0.1308, TopK: 0.4656) | EMA Val Loss (No Trend): 0.745598 | LR: 1.49e-05
Epoch [84/100] | Total Loss: 0.9069 | Aux Loss: 0.1571 | Train Mixed Loss: 0.7498 (Base: 0.2734, Trend: 0.1496, DTW: 0.1069, TopK: 0.4836) | Val Mixed Loss (No Trend): 0.7414 (Base: 0.2874, DTW: 0.1310, TopK: 0.4658) | EMA Val Loss (No Trend): 0.744551 | LR: 1.33e-05
Epoch [85/100] | Total Loss: 0.9068 | Aux Loss: 0.1580 | Train Mixed Loss: 0.7487 (Base: 0.2738, Trend: 0.1501, DTW: 0.1063, TopK: 0.4827) | Val Mixed Loss (No Trend): 0.7421 (Base: 0.2878, DTW: 0.1307, TopK: 0.4689) | EMA Val Loss (No Trend): 0.743949 | LR: 1.18e-05
Saved new best weights to best_model_seed4.pth (EMA validation loss without trend: 0.743949).
Epoch [86/100] | Total Loss: 0.9026 | Aux Loss: 0.1582 | Train Mixed Loss: 0.7445 (Base: 0.2729, Trend: 0.1497, DTW: 0.1053, TopK: 0.4797) | Val Mixed Loss (No Trend): 0.7520 (Base: 0.2913, DTW: 0.1325, TopK: 0.4756) | EMA Val Loss (No Trend): 0.745960 | LR: 1.05e-05
Epoch [87/100] | Total Loss: 0.9067 | Aux Loss: 0.1579 | Train Mixed Loss: 0.7488 (Base: 0.2740, Trend: 0.1507, DTW: 0.1060, TopK: 0.4831) | Val Mixed Loss (No Trend): 0.7430 (Base: 0.2886, DTW: 0.1309, TopK: 0.4670) | EMA Val Loss (No Trend): 0.745209 | LR: 9.18e-06
Epoch [88/100] | Total Loss: 0.9035 | Aux Loss: 0.1582 | Train Mixed Loss: 0.7453 (Base: 0.2729, Trend: 0.1502, DTW: 0.1055, TopK: 0.4805) | Val Mixed Loss (No Trend): 0.7459 (Base: 0.2902, DTW: 0.1319, TopK: 0.4642) | EMA Val Loss (No Trend): 0.745377 | LR: 7.99e-06
Epoch [89/100] | Total Loss: 0.9088 | Aux Loss: 0.1577 | Train Mixed Loss: 0.7511 (Base: 0.2736, Trend: 0.1507, DTW: 0.1069, TopK: 0.4857) | Val Mixed Loss (No Trend): 0.7369 (Base: 0.2861, DTW: 0.1293, TopK: 0.4682) | EMA Val Loss (No Trend): 0.743260 | LR: 6.88e-06
Saved new best weights to best_model_seed4.pth (EMA validation loss without trend: 0.743260).
Epoch [90/100] | Total Loss: 0.8965 | Aux Loss: 0.1572 | Train Mixed Loss: 0.7393 (Base: 0.2715, Trend: 0.1502, DTW: 0.1039, TopK: 0.4780) | Val Mixed Loss (No Trend): 0.7409 (Base: 0.2882, DTW: 0.1300, TopK: 0.4694) | EMA Val Loss (No Trend): 0.742668 | LR: 5.87e-06
Saved new best weights to best_model_seed4.pth (EMA validation loss without trend: 0.742668).
Epoch [91/100] | Total Loss: 0.9008 | Aux Loss: 0.1570 | Train Mixed Loss: 0.7438 (Base: 0.2721, Trend: 0.1500, DTW: 0.1052, TopK: 0.4805) | Val Mixed Loss (No Trend): 0.7377 (Base: 0.2854, DTW: 0.1302, TopK: 0.4665) | EMA Val Loss (No Trend): 0.741437 | LR: 4.95e-06
Saved new best weights to best_model_seed4.pth (EMA validation loss without trend: 0.741437).
Epoch [92/100] | Total Loss: 0.9023 | Aux Loss: 0.1586 | Train Mixed Loss: 0.7437 (Base: 0.2723, Trend: 0.1504, DTW: 0.1051, TopK: 0.4801) | Val Mixed Loss (No Trend): 0.7401 (Base: 0.2880, DTW: 0.1291, TopK: 0.4742) | EMA Val Loss (No Trend): 0.741101 | LR: 4.13e-06
Saved new best weights to best_model_seed4.pth (EMA validation loss without trend: 0.741101).
Epoch [93/100] | Total Loss: 0.8986 | Aux Loss: 0.1564 | Train Mixed Loss: 0.7423 (Base: 0.2715, Trend: 0.1495, DTW: 0.1049, TopK: 0.4806) | Val Mixed Loss (No Trend): 0.7530 (Base: 0.2917, DTW: 0.1321, TopK: 0.4807) | EMA Val Loss (No Trend): 0.744071 | LR: 3.40e-06
Epoch [94/100] | Total Loss: 0.8944 | Aux Loss: 0.1569 | Train Mixed Loss: 0.7376 (Base: 0.2699, Trend: 0.1496, DTW: 0.1040, TopK: 0.4778) | Val Mixed Loss (No Trend): 0.7432 (Base: 0.2887, DTW: 0.1304, TopK: 0.4717) | EMA Val Loss (No Trend): 0.743859 | LR: 2.76e-06
Epoch [95/100] | Total Loss: 0.9020 | Aux Loss: 0.1562 | Train Mixed Loss: 0.7458 (Base: 0.2726, Trend: 0.1503, DTW: 0.1058, TopK: 0.4802) | Val Mixed Loss (No Trend): 0.7378 (Base: 0.2862, DTW: 0.1299, TopK: 0.4663) | EMA Val Loss (No Trend): 0.742353 | LR: 2.23e-06
Epoch [96/100] | Total Loss: 0.9005 | Aux Loss: 0.1565 | Train Mixed Loss: 0.7440 (Base: 0.2718, Trend: 0.1504, DTW: 0.1051, TopK: 0.4821) | Val Mixed Loss (No Trend): 0.7416 (Base: 0.2877, DTW: 0.1301, TopK: 0.4721) | EMA Val Loss (No Trend): 0.742161 | LR: 1.78e-06
Epoch [97/100] | Total Loss: 0.8970 | Aux Loss: 0.1571 | Train Mixed Loss: 0.7399 (Base: 0.2713, Trend: 0.1503, DTW: 0.1043, TopK: 0.4773) | Val Mixed Loss (No Trend): 0.7397 (Base: 0.2876, DTW: 0.1296, TopK: 0.4703) | EMA Val Loss (No Trend): 0.741554 | LR: 1.44e-06
Epoch [98/100] | Total Loss: 0.8968 | Aux Loss: 0.1579 | Train Mixed Loss: 0.7390 (Base: 0.2714, Trend: 0.1497, DTW: 0.1041, TopK: 0.4760) | Val Mixed Loss (No Trend): 0.7464 (Base: 0.2902, DTW: 0.1313, TopK: 0.4705) | EMA Val Loss (No Trend): 0.742766 | LR: 1.20e-06
Epoch [99/100] | Total Loss: 0.8983 | Aux Loss: 0.1573 | Train Mixed Loss: 0.7410 (Base: 0.2713, Trend: 0.1498, DTW: 0.1047, TopK: 0.4782) | Val Mixed Loss (No Trend): 0.7403 (Base: 0.2878, DTW: 0.1307, TopK: 0.4627) | EMA Val Loss (No Trend): 0.742142 | LR: 1.05e-06
Epoch [100/100] | Total Loss: 0.8973 | Aux Loss: 0.1580 | Train Mixed Loss: 0.7393 (Base: 0.2712, Trend: 0.1495, DTW: 0.1041, TopK: 0.4785) | Val Mixed Loss (No Trend): 0.7397 (Base: 0.2876, DTW: 0.1296, TopK: 0.4701) | EMA Val Loss (No Trend): 0.741536 | LR: 2.00e-04
