Starting experiment (seed=1)
Device: cuda
Building static profile features from historical data...
Loading lightweight encoder...
Total trainable parameters: 5,010,690
Epoch [1/100] | Total Loss: 1.2833 | Aux Loss: 0.2677 | Train Mixed Loss: 1.0155 (Base: 0.3328, Trend: 0.1594, DTW: 0.1796, TopK: 0.5732) | Val Mixed Loss (No Trend): 0.8787 (Base: 0.3137, DTW: 0.1673, TopK: 0.5453) | EMA Val Loss (No Trend): 0.878726 | LR: 2.00e-04
Saved new best weights to best_model_seed1.pth (EMA validation loss without trend: 0.878726).
Epoch [2/100] | Total Loss: 1.1469 | Aux Loss: 0.2073 | Train Mixed Loss: 0.9396 (Base: 0.3187, Trend: 0.1514, DTW: 0.1569, TopK: 0.5626) | Val Mixed Loss (No Trend): 0.8222 (Base: 0.3013, DTW: 0.1524, TopK: 0.5174) | EMA Val Loss (No Trend): 0.864598 | LR: 2.00e-04
Saved new best weights to best_model_seed1.pth (EMA validation loss without trend: 0.864598).
Epoch [3/100] | Total Loss: 1.1099 | Aux Loss: 0.1983 | Train Mixed Loss: 0.9116 (Base: 0.3129, Trend: 0.1528, DTW: 0.1485, TopK: 0.5527) | Val Mixed Loss (No Trend): 0.8054 (Base: 0.2975, DTW: 0.1464, TopK: 0.5219) | EMA Val Loss (No Trend): 0.849786 | LR: 2.00e-04
Saved new best weights to best_model_seed1.pth (EMA validation loss without trend: 0.849786).
Epoch [4/100] | Total Loss: 1.0781 | Aux Loss: 0.1925 | Train Mixed Loss: 0.8857 (Base: 0.3058, Trend: 0.1515, DTW: 0.1424, TopK: 0.5409) | Val Mixed Loss (No Trend): 0.8138 (Base: 0.2974, DTW: 0.1523, TopK: 0.5036) | EMA Val Loss (No Trend): 0.840799 | LR: 1.99e-04
Saved new best weights to best_model_seed1.pth (EMA validation loss without trend: 0.840799).
Epoch [5/100] | Total Loss: 1.0659 | Aux Loss: 0.1892 | Train Mixed Loss: 0.8767 (Base: 0.3040, Trend: 0.1518, DTW: 0.1400, TopK: 0.5362) | Val Mixed Loss (No Trend): 0.8058 (Base: 0.3034, DTW: 0.1470, TopK: 0.4985) | EMA Val Loss (No Trend): 0.832039 | LR: 1.99e-04
Saved new best weights to best_model_seed1.pth (EMA validation loss without trend: 0.832039).
Epoch [6/100] | Total Loss: 1.0366 | Aux Loss: 0.1851 | Train Mixed Loss: 0.8515 (Base: 0.2973, Trend: 0.1502, DTW: 0.1343, TopK: 0.5230) | Val Mixed Loss (No Trend): 0.7785 (Base: 0.2944, DTW: 0.1388, TopK: 0.5034) | EMA Val Loss (No Trend): 0.818665 | LR: 1.98e-04
Saved new best weights to best_model_seed1.pth (EMA validation loss without trend: 0.818665).
Epoch [7/100] | Total Loss: 1.0237 | Aux Loss: 0.1809 | Train Mixed Loss: 0.8427 (Base: 0.2953, Trend: 0.1508, DTW: 0.1314, TopK: 0.5222) | Val Mixed Loss (No Trend): 0.7724 (Base: 0.2888, DTW: 0.1357, TopK: 0.5262) | EMA Val Loss (No Trend): 0.807092 | LR: 1.98e-04
Saved new best weights to best_model_seed1.pth (EMA validation loss without trend: 0.807092).
Epoch [8/100] | Total Loss: 1.0321 | Aux Loss: 0.1832 | Train Mixed Loss: 0.8489 (Base: 0.2978, Trend: 0.1519, DTW: 0.1327, TopK: 0.5225) | Val Mixed Loss (No Trend): 0.7888 (Base: 0.3003, DTW: 0.1421, TopK: 0.4917) | EMA Val Loss (No Trend): 0.802510 | LR: 1.97e-04
Saved new best weights to best_model_seed1.pth (EMA validation loss without trend: 0.802510).
Epoch [9/100] | Total Loss: 1.0152 | Aux Loss: 0.1813 | Train Mixed Loss: 0.8339 (Base: 0.2935, Trend: 0.1516, DTW: 0.1287, TopK: 0.5193) | Val Mixed Loss (No Trend): 0.7716 (Base: 0.2851, DTW: 0.1375, TopK: 0.5219) | EMA Val Loss (No Trend): 0.794794 | LR: 1.96e-04
Saved new best weights to best_model_seed1.pth (EMA validation loss without trend: 0.794794).
Epoch [10/100] | Total Loss: 0.9969 | Aux Loss: 0.1783 | Train Mixed Loss: 0.8186 (Base: 0.2896, Trend: 0.1507, DTW: 0.1251, TopK: 0.5114) | Val Mixed Loss (No Trend): 0.7803 (Base: 0.2979, DTW: 0.1407, TopK: 0.4820) | EMA Val Loss (No Trend): 0.791160 | LR: 1.95e-04
Saved new best weights to best_model_seed1.pth (EMA validation loss without trend: 0.791160).
Epoch [11/100] | Total Loss: 0.9918 | Aux Loss: 0.1796 | Train Mixed Loss: 0.8122 (Base: 0.2874, Trend: 0.1501, DTW: 0.1240, TopK: 0.5073) | Val Mixed Loss (No Trend): 0.7858 (Base: 0.2942, DTW: 0.1419, TopK: 0.5036) | EMA Val Loss (No Trend): 0.789814 | LR: 1.94e-04
Saved new best weights to best_model_seed1.pth (EMA validation loss without trend: 0.789814).
Epoch [12/100] | Total Loss: 0.9794 | Aux Loss: 0.1774 | Train Mixed Loss: 0.8020 (Base: 0.2851, Trend: 0.1484, DTW: 0.1217, TopK: 0.5023) | Val Mixed Loss (No Trend): 0.7618 (Base: 0.2935, DTW: 0.1343, TopK: 0.4863) | EMA Val Loss (No Trend): 0.782816 | LR: 1.93e-04
Saved new best weights to best_model_seed1.pth (EMA validation loss without trend: 0.782816).
Epoch [13/100] | Total Loss: 0.9802 | Aux Loss: 0.1771 | Train Mixed Loss: 0.8032 (Base: 0.2864, Trend: 0.1497, DTW: 0.1213, TopK: 0.5029) | Val Mixed Loss (No Trend): 0.7580 (Base: 0.2796, DTW: 0.1340, TopK: 0.5230) | EMA Val Loss (No Trend): 0.776614 | LR: 1.92e-04
Saved new best weights to best_model_seed1.pth (EMA validation loss without trend: 0.776614).
Epoch [14/100] | Total Loss: 0.9722 | Aux Loss: 0.1767 | Train Mixed Loss: 0.7956 (Base: 0.2836, Trend: 0.1486, DTW: 0.1198, TopK: 0.5001) | Val Mixed Loss (No Trend): 0.7563 (Base: 0.2844, DTW: 0.1339, TopK: 0.5022) | EMA Val Loss (No Trend): 0.771547 | LR: 1.91e-04
Saved new best weights to best_model_seed1.pth (EMA validation loss without trend: 0.771547).
Epoch [15/100] | Total Loss: 0.9520 | Aux Loss: 0.1712 | Train Mixed Loss: 0.7808 (Base: 0.2789, Trend: 0.1469, DTW: 0.1169, TopK: 0.4930) | Val Mixed Loss (No Trend): 0.7436 (Base: 0.2736, DTW: 0.1331, TopK: 0.5020) | EMA Val Loss (No Trend): 0.764561 | LR: 1.89e-04
Saved new best weights to best_model_seed1.pth (EMA validation loss without trend: 0.764561).
Epoch [16/100] | Total Loss: 0.9525 | Aux Loss: 0.1714 | Train Mixed Loss: 0.7811 (Base: 0.2802, Trend: 0.1480, DTW: 0.1166, TopK: 0.4903) | Val Mixed Loss (No Trend): 0.7528 (Base: 0.2838, DTW: 0.1312, TopK: 0.5134) | EMA Val Loss (No Trend): 0.761609 | LR: 1.88e-04
Saved new best weights to best_model_seed1.pth (EMA validation loss without trend: 0.761609).
Epoch [17/100] | Total Loss: 0.9466 | Aux Loss: 0.1715 | Train Mixed Loss: 0.7751 (Base: 0.2790, Trend: 0.1475, DTW: 0.1150, TopK: 0.4876) | Val Mixed Loss (No Trend): 0.7763 (Base: 0.2964, DTW: 0.1377, TopK: 0.4983) | EMA Val Loss (No Trend): 0.765282 | LR: 1.86e-04
Epoch [18/100] | Total Loss: 0.9479 | Aux Loss: 0.1747 | Train Mixed Loss: 0.7732 (Base: 0.2778, Trend: 0.1478, DTW: 0.1148, TopK: 0.4870) | Val Mixed Loss (No Trend): 0.7946 (Base: 0.3097, DTW: 0.1471, TopK: 0.4400) | EMA Val Loss (No Trend): 0.772615 | LR: 1.85e-04
Epoch [19/100] | Total Loss: 0.9406 | Aux Loss: 0.1712 | Train Mixed Loss: 0.7694 (Base: 0.2771, Trend: 0.1478, DTW: 0.1138, TopK: 0.4840) | Val Mixed Loss (No Trend): 0.7532 (Base: 0.2857, DTW: 0.1321, TopK: 0.5018) | EMA Val Loss (No Trend): 0.767761 | LR: 1.83e-04
Epoch [20/100] | Total Loss: 0.9361 | Aux Loss: 0.1707 | Train Mixed Loss: 0.7654 (Base: 0.2758, Trend: 0.1479, DTW: 0.1124, TopK: 0.4866) | Val Mixed Loss (No Trend): 0.7438 (Base: 0.2794, DTW: 0.1320, TopK: 0.4918) | EMA Val Loss (No Trend): 0.761782 | LR: 1.81e-04
Epoch [21/100] | Total Loss: 0.9317 | Aux Loss: 0.1706 | Train Mixed Loss: 0.7611 (Base: 0.2751, Trend: 0.1477, DTW: 0.1116, TopK: 0.4808) | Val Mixed Loss (No Trend): 0.7523 (Base: 0.2871, DTW: 0.1331, TopK: 0.4858) | EMA Val Loss (No Trend): 0.759414 | LR: 1.79e-04
Saved new best weights to best_model_seed1.pth (EMA validation loss without trend: 0.759414).
Epoch [22/100] | Total Loss: 0.9267 | Aux Loss: 0.1692 | Train Mixed Loss: 0.7575 (Base: 0.2743, Trend: 0.1479, DTW: 0.1105, TopK: 0.4799) | Val Mixed Loss (No Trend): 0.7755 (Base: 0.2989, DTW: 0.1403, TopK: 0.4665) | EMA Val Loss (No Trend): 0.763442 | LR: 1.77e-04
Epoch [23/100] | Total Loss: 0.9226 | Aux Loss: 0.1703 | Train Mixed Loss: 0.7524 (Base: 0.2730, Trend: 0.1477, DTW: 0.1091, TopK: 0.4788) | Val Mixed Loss (No Trend): 0.7684 (Base: 0.2921, DTW: 0.1388, TopK: 0.4776) | EMA Val Loss (No Trend): 0.764677 | LR: 1.75e-04
Epoch [24/100] | Total Loss: 0.9108 | Aux Loss: 0.1685 | Train Mixed Loss: 0.7423 (Base: 0.2694, Trend: 0.1466, DTW: 0.1075, TopK: 0.4717) | Val Mixed Loss (No Trend): 0.7494 (Base: 0.2878, DTW: 0.1316, TopK: 0.4863) | EMA Val Loss (No Trend): 0.760869 | LR: 1.73e-04
Epoch [25/100] | Total Loss: 0.9061 | Aux Loss: 0.1668 | Train Mixed Loss: 0.7392 (Base: 0.2683, Trend: 0.1459, DTW: 0.1070, TopK: 0.4708) | Val Mixed Loss (No Trend): 0.7308 (Base: 0.2791, DTW: 0.1264, TopK: 0.4944) | EMA Val Loss (No Trend): 0.753351 | LR: 1.71e-04
Saved new best weights to best_model_seed1.pth (EMA validation loss without trend: 0.753351).
Epoch [26/100] | Total Loss: 0.8979 | Aux Loss: 0.1674 | Train Mixed Loss: 0.7305 (Base: 0.2663, Trend: 0.1456, DTW: 0.1048, TopK: 0.4663) | Val Mixed Loss (No Trend): 0.7462 (Base: 0.2885, DTW: 0.1312, TopK: 0.4757) | EMA Val Loss (No Trend): 0.751555 | LR: 1.69e-04
Saved new best weights to best_model_seed1.pth (EMA validation loss without trend: 0.751555).
Epoch [27/100] | Total Loss: 0.9076 | Aux Loss: 0.1694 | Train Mixed Loss: 0.7382 (Base: 0.2688, Trend: 0.1474, DTW: 0.1062, TopK: 0.4694) | Val Mixed Loss (No Trend): 0.7473 (Base: 0.2874, DTW: 0.1319, TopK: 0.4778) | EMA Val Loss (No Trend): 0.750491 | LR: 1.66e-04
Saved new best weights to best_model_seed1.pth (EMA validation loss without trend: 0.750491).
Epoch [28/100] | Total Loss: 0.9071 | Aux Loss: 0.1685 | Train Mixed Loss: 0.7386 (Base: 0.2686, Trend: 0.1473, DTW: 0.1061, TopK: 0.4723) | Val Mixed Loss (No Trend): 0.7505 (Base: 0.2879, DTW: 0.1324, TopK: 0.4824) | EMA Val Loss (No Trend): 0.750498 | LR: 1.64e-04
Epoch [29/100] | Total Loss: 0.8995 | Aux Loss: 0.1672 | Train Mixed Loss: 0.7323 (Base: 0.2665, Trend: 0.1472, DTW: 0.1047, TopK: 0.4701) | Val Mixed Loss (No Trend): 0.7697 (Base: 0.2992, DTW: 0.1391, TopK: 0.4558) | EMA Val Loss (No Trend): 0.755296 | LR: 1.61e-04
Epoch [30/100] | Total Loss: 0.8905 | Aux Loss: 0.1688 | Train Mixed Loss: 0.7217 (Base: 0.2647, Trend: 0.1468, DTW: 0.1021, TopK: 0.4617) | Val Mixed Loss (No Trend): 0.7495 (Base: 0.2899, DTW: 0.1338, TopK: 0.4613) | EMA Val Loss (No Trend): 0.753836 | LR: 1.59e-04
Epoch [31/100] | Total Loss: 0.8835 | Aux Loss: 0.1658 | Train Mixed Loss: 0.7176 (Base: 0.2629, Trend: 0.1462, DTW: 0.1018, TopK: 0.4578) | Val Mixed Loss (No Trend): 0.7444 (Base: 0.2785, DTW: 0.1310, TopK: 0.5046) | EMA Val Loss (No Trend): 0.751484 | LR: 1.56e-04
Epoch [32/100] | Total Loss: 0.8839 | Aux Loss: 0.1669 | Train Mixed Loss: 0.7170 (Base: 0.2626, Trend: 0.1462, DTW: 0.1015, TopK: 0.4592) | Val Mixed Loss (No Trend): 0.7371 (Base: 0.2826, DTW: 0.1294, TopK: 0.4802) | EMA Val Loss (No Trend): 0.747883 | LR: 1.54e-04
Saved new best weights to best_model_seed1.pth (EMA validation loss without trend: 0.747883).
Epoch [33/100] | Total Loss: 0.8763 | Aux Loss: 0.1644 | Train Mixed Loss: 0.7119 (Base: 0.2614, Trend: 0.1458, DTW: 0.1003, TopK: 0.4558) | Val Mixed Loss (No Trend): 0.7545 (Base: 0.2861, DTW: 0.1351, TopK: 0.4804) | EMA Val Loss (No Trend): 0.749543 | LR: 1.51e-04
Epoch [34/100] | Total Loss: 0.8813 | Aux Loss: 0.1662 | Train Mixed Loss: 0.7151 (Base: 0.2622, Trend: 0.1469, DTW: 0.1009, TopK: 0.4573) | Val Mixed Loss (No Trend): 0.7408 (Base: 0.2816, DTW: 0.1285, TopK: 0.5026) | EMA Val Loss (No Trend): 0.747347 | LR: 1.48e-04
Saved new best weights to best_model_seed1.pth (EMA validation loss without trend: 0.747347).
Epoch [35/100] | Total Loss: 0.8731 | Aux Loss: 0.1641 | Train Mixed Loss: 0.7090 (Base: 0.2602, Trend: 0.1459, DTW: 0.0995, TopK: 0.4570) | Val Mixed Loss (No Trend): 0.7334 (Base: 0.2828, DTW: 0.1280, TopK: 0.4781) | EMA Val Loss (No Trend): 0.743858 | LR: 1.46e-04
Saved new best weights to best_model_seed1.pth (EMA validation loss without trend: 0.743858).
Epoch [36/100] | Total Loss: 0.8581 | Aux Loss: 0.1613 | Train Mixed Loss: 0.6968 (Base: 0.2570, Trend: 0.1452, DTW: 0.0969, TopK: 0.4492) | Val Mixed Loss (No Trend): 0.7396 (Base: 0.2824, DTW: 0.1306, TopK: 0.4793) | EMA Val Loss (No Trend): 0.742783 | LR: 1.43e-04
Saved new best weights to best_model_seed1.pth (EMA validation loss without trend: 0.742783).
Epoch [37/100] | Total Loss: 0.8656 | Aux Loss: 0.1632 | Train Mixed Loss: 0.7025 (Base: 0.2587, Trend: 0.1461, DTW: 0.0980, TopK: 0.4512) | Val Mixed Loss (No Trend): 0.7465 (Base: 0.2854, DTW: 0.1324, TopK: 0.4779) | EMA Val Loss (No Trend): 0.743708 | LR: 1.40e-04
Epoch [38/100] | Total Loss: 0.8596 | Aux Loss: 0.1645 | Train Mixed Loss: 0.6952 (Base: 0.2567, Trend: 0.1454, DTW: 0.0965, TopK: 0.4472) | Val Mixed Loss (No Trend): 0.7410 (Base: 0.2860, DTW: 0.1318, TopK: 0.4626) | EMA Val Loss (No Trend): 0.743041 | LR: 1.37e-04
Epoch [39/100] | Total Loss: 0.8501 | Aux Loss: 0.1610 | Train Mixed Loss: 0.6891 (Base: 0.2552, Trend: 0.1454, DTW: 0.0949, TopK: 0.4445) | Val Mixed Loss (No Trend): 0.7420 (Base: 0.2840, DTW: 0.1305, TopK: 0.4823) | EMA Val Loss (No Trend): 0.742770 | LR: 1.34e-04
Saved new best weights to best_model_seed1.pth (EMA validation loss without trend: 0.742770).
Epoch [40/100] | Total Loss: 0.8548 | Aux Loss: 0.1639 | Train Mixed Loss: 0.6909 (Base: 0.2551, Trend: 0.1457, DTW: 0.0953, TopK: 0.4477) | Val Mixed Loss (No Trend): 0.7365 (Base: 0.2787, DTW: 0.1301, TopK: 0.4854) | EMA Val Loss (No Trend): 0.741201 | LR: 1.31e-04
Saved new best weights to best_model_seed1.pth (EMA validation loss without trend: 0.741201).
Epoch [41/100] | Total Loss: 0.8488 | Aux Loss: 0.1632 | Train Mixed Loss: 0.6856 (Base: 0.2536, Trend: 0.1457, DTW: 0.0944, TopK: 0.4419) | Val Mixed Loss (No Trend): 0.7328 (Base: 0.2738, DTW: 0.1272, TopK: 0.5126) | EMA Val Loss (No Trend): 0.739105 | LR: 1.28e-04
Saved new best weights to best_model_seed1.pth (EMA validation loss without trend: 0.739105).
Epoch [42/100] | Total Loss: 0.8432 | Aux Loss: 0.1623 | Train Mixed Loss: 0.6809 (Base: 0.2525, Trend: 0.1454, DTW: 0.0932, TopK: 0.4404) | Val Mixed Loss (No Trend): 0.7456 (Base: 0.2813, DTW: 0.1319, TopK: 0.4927) | EMA Val Loss (No Trend): 0.740722 | LR: 1.25e-04
Epoch [43/100] | Total Loss: 0.8367 | Aux Loss: 0.1608 | Train Mixed Loss: 0.6759 (Base: 0.2508, Trend: 0.1449, DTW: 0.0923, TopK: 0.4373) | Val Mixed Loss (No Trend): 0.7467 (Base: 0.2889, DTW: 0.1323, TopK: 0.4677) | EMA Val Loss (No Trend): 0.742216 | LR: 1.22e-04
Epoch [44/100] | Total Loss: 0.8358 | Aux Loss: 0.1608 | Train Mixed Loss: 0.6750 (Base: 0.2501, Trend: 0.1451, DTW: 0.0920, TopK: 0.4381) | Val Mixed Loss (No Trend): 0.7415 (Base: 0.2811, DTW: 0.1314, TopK: 0.4837) | EMA Val Loss (No Trend): 0.742049 | LR: 1.19e-04
Epoch [45/100] | Total Loss: 0.8305 | Aux Loss: 0.1592 | Train Mixed Loss: 0.6713 (Base: 0.2490, Trend: 0.1450, DTW: 0.0915, TopK: 0.4342) | Val Mixed Loss (No Trend): 0.7451 (Base: 0.2855, DTW: 0.1330, TopK: 0.4677) | EMA Val Loss (No Trend): 0.742811 | LR: 1.16e-04
Epoch [46/100] | Total Loss: 0.8288 | Aux Loss: 0.1606 | Train Mixed Loss: 0.6682 (Base: 0.2489, Trend: 0.1449, DTW: 0.0906, TopK: 0.4315) | Val Mixed Loss (No Trend): 0.7464 (Base: 0.2868, DTW: 0.1317, TopK: 0.4780) | EMA Val Loss (No Trend): 0.743699 | LR: 1.13e-04
Epoch [47/100] | Total Loss: 0.8245 | Aux Loss: 0.1596 | Train Mixed Loss: 0.6649 (Base: 0.2483, Trend: 0.1454, DTW: 0.0893, TopK: 0.4317) | Val Mixed Loss (No Trend): 0.7533 (Base: 0.2901, DTW: 0.1345, TopK: 0.4680) | EMA Val Loss (No Trend): 0.746092 | LR: 1.10e-04
Epoch [48/100] | Total Loss: 0.8246 | Aux Loss: 0.1610 | Train Mixed Loss: 0.6636 (Base: 0.2472, Trend: 0.1451, DTW: 0.0891, TopK: 0.4331) | Val Mixed Loss (No Trend): 0.7626 (Base: 0.2949, DTW: 0.1368, TopK: 0.4651) | EMA Val Loss (No Trend): 0.750227 | LR: 1.07e-04
Epoch [49/100] | Total Loss: 0.8186 | Aux Loss: 0.1596 | Train Mixed Loss: 0.6590 (Base: 0.2453, Trend: 0.1450, DTW: 0.0883, TopK: 0.4306) | Val Mixed Loss (No Trend): 0.7477 (Base: 0.2885, DTW: 0.1322, TopK: 0.4729) | EMA Val Loss (No Trend): 0.749596 | LR: 1.04e-04
Epoch [50/100] | Total Loss: 0.8169 | Aux Loss: 0.1609 | Train Mixed Loss: 0.6560 (Base: 0.2450, Trend: 0.1449, DTW: 0.0880, TopK: 0.4249) | Val Mixed Loss (No Trend): 0.7492 (Base: 0.2902, DTW: 0.1343, TopK: 0.4560) | EMA Val Loss (No Trend): 0.749493 | LR: 1.01e-04
Epoch [51/100] | Total Loss: 0.8143 | Aux Loss: 0.1595 | Train Mixed Loss: 0.6548 (Base: 0.2451, Trend: 0.1457, DTW: 0.0871, TopK: 0.4259) | Val Mixed Loss (No Trend): 0.7499 (Base: 0.2898, DTW: 0.1330, TopK: 0.4699) | EMA Val Loss (No Trend): 0.749587 | LR: 9.74e-05
Epoch [52/100] | Total Loss: 0.8098 | Aux Loss: 0.1588 | Train Mixed Loss: 0.6510 (Base: 0.2433, Trend: 0.1462, DTW: 0.0864, TopK: 0.4245) | Val Mixed Loss (No Trend): 0.7476 (Base: 0.2876, DTW: 0.1317, TopK: 0.4799) | EMA Val Loss (No Trend): 0.749102 | LR: 9.43e-05
Epoch [53/100] | Total Loss: 0.8041 | Aux Loss: 0.1583 | Train Mixed Loss: 0.6458 (Base: 0.2424, Trend: 0.1451, DTW: 0.0852, TopK: 0.4214) | Val Mixed Loss (No Trend): 0.7319 (Base: 0.2838, DTW: 0.1286, TopK: 0.4646) | EMA Val Loss (No Trend): 0.744796 | LR: 9.11e-05
Epoch [54/100] | Total Loss: 0.7992 | Aux Loss: 0.1578 | Train Mixed Loss: 0.6415 (Base: 0.2411, Trend: 0.1442, DTW: 0.0845, TopK: 0.4177) | Val Mixed Loss (No Trend): 0.7485 (Base: 0.2838, DTW: 0.1318, TopK: 0.4947) | EMA Val Loss (No Trend): 0.745710 | LR: 8.80e-05
Epoch [55/100] | Total Loss: 0.8035 | Aux Loss: 0.1597 | Train Mixed Loss: 0.6438 (Base: 0.2410, Trend: 0.1456, DTW: 0.0851, TopK: 0.4188) | Val Mixed Loss (No Trend): 0.7438 (Base: 0.2847, DTW: 0.1311, TopK: 0.4812) | EMA Val Loss (No Trend): 0.745227 | LR: 8.49e-05
Epoch [56/100] | Total Loss: 0.7947 | Aux Loss: 0.1573 | Train Mixed Loss: 0.6373 (Base: 0.2392, Trend: 0.1450, DTW: 0.0838, TopK: 0.4153) | Val Mixed Loss (No Trend): 0.7498 (Base: 0.2915, DTW: 0.1334, TopK: 0.4609) | EMA Val Loss (No Trend): 0.746363 | LR: 8.19e-05
Epoch [57/100] | Total Loss: 0.7936 | Aux Loss: 0.1579 | Train Mixed Loss: 0.6357 (Base: 0.2387, Trend: 0.1450, DTW: 0.0833, TopK: 0.4155) | Val Mixed Loss (No Trend): 0.7347 (Base: 0.2827, DTW: 0.1300, TopK: 0.4663) | EMA Val Loss (No Trend): 0.743441 | LR: 7.88e-05
Epoch [58/100] | Total Loss: 0.7898 | Aux Loss: 0.1570 | Train Mixed Loss: 0.6328 (Base: 0.2380, Trend: 0.1448, DTW: 0.0824, TopK: 0.4159) | Val Mixed Loss (No Trend): 0.7495 (Base: 0.2880, DTW: 0.1325, TopK: 0.4788) | EMA Val Loss (No Trend): 0.744965 | LR: 7.58e-05
Epoch [59/100] | Total Loss: 0.7851 | Aux Loss: 0.1564 | Train Mixed Loss: 0.6287 (Base: 0.2365, Trend: 0.1452, DTW: 0.0815, TopK: 0.4135) | Val Mixed Loss (No Trend): 0.7360 (Base: 0.2858, DTW: 0.1300, TopK: 0.4605) | EMA Val Loss (No Trend): 0.742722 | LR: 7.27e-05
Epoch [60/100] | Total Loss: 0.7835 | Aux Loss: 0.1566 | Train Mixed Loss: 0.6269 (Base: 0.2366, Trend: 0.1453, DTW: 0.0811, TopK: 0.4103) | Val Mixed Loss (No Trend): 0.7385 (Base: 0.2830, DTW: 0.1295, TopK: 0.4821) | EMA Val Loss (No Trend): 0.741667 | LR: 6.98e-05
Epoch [61/100] | Total Loss: 0.7769 | Aux Loss: 0.1550 | Train Mixed Loss: 0.6220 (Base: 0.2345, Trend: 0.1448, DTW: 0.0803, TopK: 0.4081) | Val Mixed Loss (No Trend): 0.7437 (Base: 0.2817, DTW: 0.1317, TopK: 0.4863) | EMA Val Loss (No Trend): 0.742178 | LR: 6.68e-05
Epoch [62/100] | Total Loss: 0.7767 | Aux Loss: 0.1554 | Train Mixed Loss: 0.6212 (Base: 0.2350, Trend: 0.1447, DTW: 0.0800, TopK: 0.4062) | Val Mixed Loss (No Trend): 0.7492 (Base: 0.2876, DTW: 0.1335, TopK: 0.4709) | EMA Val Loss (No Trend): 0.743938 | LR: 6.39e-05
Epoch [63/100] | Total Loss: 0.7794 | Aux Loss: 0.1559 | Train Mixed Loss: 0.6235 (Base: 0.2353, Trend: 0.1453, DTW: 0.0803, TopK: 0.4097) | Val Mixed Loss (No Trend): 0.7386 (Base: 0.2817, DTW: 0.1318, TopK: 0.4685) | EMA Val Loss (No Trend): 0.742606 | LR: 6.10e-05
Epoch [64/100] | Total Loss: 0.7661 | Aux Loss: 0.1550 | Train Mixed Loss: 0.6111 (Base: 0.2313, Trend: 0.1438, DTW: 0.0780, TopK: 0.4023) | Val Mixed Loss (No Trend): 0.7448 (Base: 0.2834, DTW: 0.1325, TopK: 0.4779) | EMA Val Loss (No Trend): 0.743159 | LR: 5.81e-05
Epoch [65/100] | Total Loss: 0.7694 | Aux Loss: 0.1550 | Train Mixed Loss: 0.6144 (Base: 0.2327, Trend: 0.1443, DTW: 0.0787, TopK: 0.4018) | Val Mixed Loss (No Trend): 0.7377 (Base: 0.2821, DTW: 0.1311, TopK: 0.4701) | EMA Val Loss (No Trend): 0.741791 | LR: 5.53e-05
Epoch [66/100] | Total Loss: 0.7722 | Aux Loss: 0.1566 | Train Mixed Loss: 0.6156 (Base: 0.2329, Trend: 0.1456, DTW: 0.0786, TopK: 0.4039) | Val Mixed Loss (No Trend): 0.7588 (Base: 0.2897, DTW: 0.1359, TopK: 0.4769) | EMA Val Loss (No Trend): 0.746054 | LR: 5.26e-05
Epoch [67/100] | Total Loss: 0.7620 | Aux Loss: 0.1555 | Train Mixed Loss: 0.6065 (Base: 0.2312, Trend: 0.1446, DTW: 0.0766, TopK: 0.3976) | Val Mixed Loss (No Trend): 0.7431 (Base: 0.2836, DTW: 0.1316, TopK: 0.4788) | EMA Val Loss (No Trend): 0.745312 | LR: 4.99e-05
Epoch [68/100] | Total Loss: 0.7601 | Aux Loss: 0.1550 | Train Mixed Loss: 0.6051 (Base: 0.2304, Trend: 0.1445, DTW: 0.0767, TopK: 0.3943) | Val Mixed Loss (No Trend): 0.7371 (Base: 0.2816, DTW: 0.1304, TopK: 0.4756) | EMA Val Loss (No Trend): 0.743267 | LR: 4.72e-05
Epoch [69/100] | Total Loss: 0.7589 | Aux Loss: 0.1552 | Train Mixed Loss: 0.6038 (Base: 0.2294, Trend: 0.1445, DTW: 0.0764, TopK: 0.3958) | Val Mixed Loss (No Trend): 0.7420 (Base: 0.2839, DTW: 0.1308, TopK: 0.4810) | EMA Val Loss (No Trend): 0.742954 | LR: 4.46e-05
Epoch [70/100] | Total Loss: 0.7548 | Aux Loss: 0.1543 | Train Mixed Loss: 0.6006 (Base: 0.2282, Trend: 0.1444, DTW: 0.0756, TopK: 0.3958) | Val Mixed Loss (No Trend): 0.7388 (Base: 0.2809, DTW: 0.1309, TopK: 0.4795) | EMA Val Loss (No Trend): 0.741922 | LR: 4.20e-05
Epoch [71/100] | Total Loss: 0.7536 | Aux Loss: 0.1543 | Train Mixed Loss: 0.5994 (Base: 0.2289, Trend: 0.1448, DTW: 0.0750, TopK: 0.3931) | Val Mixed Loss (No Trend): 0.7329 (Base: 0.2784, DTW: 0.1288, TopK: 0.4843) | EMA Val Loss (No Trend): 0.739677 | LR: 3.95e-05
Epoch [72/100] | Total Loss: 0.7518 | Aux Loss: 0.1529 | Train Mixed Loss: 0.5989 (Base: 0.2275, Trend: 0.1443, DTW: 0.0754, TopK: 0.3943) | Val Mixed Loss (No Trend): 0.7434 (Base: 0.2842, DTW: 0.1312, TopK: 0.4816) | EMA Val Loss (No Trend): 0.740615 | LR: 3.71e-05
Epoch [73/100] | Total Loss: 0.7450 | Aux Loss: 0.1537 | Train Mixed Loss: 0.5913 (Base: 0.2258, Trend: 0.1437, DTW: 0.0737, TopK: 0.3890) | Val Mixed Loss (No Trend): 0.7315 (Base: 0.2800, DTW: 0.1292, TopK: 0.4716) | EMA Val Loss (No Trend): 0.738337 | LR: 3.47e-05
Saved new best weights to best_model_seed1.pth (EMA validation loss without trend: 0.738337).
Epoch [74/100] | Total Loss: 0.7550 | Aux Loss: 0.1550 | Train Mixed Loss: 0.6000 (Base: 0.2284, Trend: 0.1453, DTW: 0.0755, TopK: 0.3929) | Val Mixed Loss (No Trend): 0.7537 (Base: 0.2868, DTW: 0.1353, TopK: 0.4737) | EMA Val Loss (No Trend): 0.742176 | LR: 3.24e-05
Epoch [75/100] | Total Loss: 0.7512 | Aux Loss: 0.1563 | Train Mixed Loss: 0.5949 (Base: 0.2264, Trend: 0.1447, DTW: 0.0744, TopK: 0.3920) | Val Mixed Loss (No Trend): 0.7407 (Base: 0.2842, DTW: 0.1307, TopK: 0.4762) | EMA Val Loss (No Trend): 0.741819 | LR: 3.01e-05
Epoch [76/100] | Total Loss: 0.7441 | Aux Loss: 0.1547 | Train Mixed Loss: 0.5894 (Base: 0.2256, Trend: 0.1449, DTW: 0.0729, TopK: 0.3874) | Val Mixed Loss (No Trend): 0.7476 (Base: 0.2857, DTW: 0.1323, TopK: 0.4818) | EMA Val Loss (No Trend): 0.743272 | LR: 2.80e-05
Epoch [77/100] | Total Loss: 0.7436 | Aux Loss: 0.1539 | Train Mixed Loss: 0.5897 (Base: 0.2250, Trend: 0.1449, DTW: 0.0731, TopK: 0.3895) | Val Mixed Loss (No Trend): 0.7521 (Base: 0.2885, DTW: 0.1345, TopK: 0.4693) | EMA Val Loss (No Trend): 0.745483 | LR: 2.59e-05
Epoch [78/100] | Total Loss: 0.7463 | Aux Loss: 0.1537 | Train Mixed Loss: 0.5926 (Base: 0.2256, Trend: 0.1447, DTW: 0.0739, TopK: 0.3906) | Val Mixed Loss (No Trend): 0.7447 (Base: 0.2854, DTW: 0.1321, TopK: 0.4740) | EMA Val Loss (No Trend): 0.745295 | LR: 2.38e-05
Epoch [79/100] | Total Loss: 0.7362 | Aux Loss: 0.1526 | Train Mixed Loss: 0.5836 (Base: 0.2231, Trend: 0.1434, DTW: 0.0722, TopK: 0.3854) | Val Mixed Loss (No Trend): 0.7573 (Base: 0.2904, DTW: 0.1350, TopK: 0.4764) | EMA Val Loss (No Trend): 0.748307 | LR: 2.19e-05
Epoch [80/100] | Total Loss: 0.7378 | Aux Loss: 0.1541 | Train Mixed Loss: 0.5836 (Base: 0.2231, Trend: 0.1438, DTW: 0.0723, TopK: 0.3842) | Val Mixed Loss (No Trend): 0.7520 (Base: 0.2884, DTW: 0.1342, TopK: 0.4722) | EMA Val Loss (No Trend): 0.749234 | LR: 2.00e-05
Epoch [81/100] | Total Loss: 0.7408 | Aux Loss: 0.1542 | Train Mixed Loss: 0.5866 (Base: 0.2245, Trend: 0.1450, DTW: 0.0724, TopK: 0.3862) | Val Mixed Loss (No Trend): 0.7461 (Base: 0.2837, DTW: 0.1325, TopK: 0.4818) | EMA Val Loss (No Trend): 0.748445 | LR: 1.82e-05
Epoch [82/100] | Total Loss: 0.7432 | Aux Loss: 0.1545 | Train Mixed Loss: 0.5887 (Base: 0.2245, Trend: 0.1453, DTW: 0.0730, TopK: 0.3878) | Val Mixed Loss (No Trend): 0.7468 (Base: 0.2864, DTW: 0.1328, TopK: 0.4721) | EMA Val Loss (No Trend): 0.748038 | LR: 1.65e-05
Epoch [83/100] | Total Loss: 0.7337 | Aux Loss: 0.1526 | Train Mixed Loss: 0.5811 (Base: 0.2229, Trend: 0.1444, DTW: 0.0714, TopK: 0.3825) | Val Mixed Loss (No Trend): 0.7601 (Base: 0.2893, DTW: 0.1358, TopK: 0.4833) | EMA Val Loss (No Trend): 0.751046 | LR: 1.49e-05
Epoch [84/100] | Total Loss: 0.7337 | Aux Loss: 0.1535 | Train Mixed Loss: 0.5802 (Base: 0.2219, Trend: 0.1446, DTW: 0.0714, TopK: 0.3822) | Val Mixed Loss (No Trend): 0.7501 (Base: 0.2856, DTW: 0.1336, TopK: 0.4798) | EMA Val Loss (No Trend): 0.750814 | LR: 1.33e-05
Epoch [85/100] | Total Loss: 0.7346 | Aux Loss: 0.1528 | Train Mixed Loss: 0.5817 (Base: 0.2228, Trend: 0.1446, DTW: 0.0714, TopK: 0.3841) | Val Mixed Loss (No Trend): 0.7532 (Base: 0.2880, DTW: 0.1335, TopK: 0.4823) | EMA Val Loss (No Trend): 0.751402 | LR: 1.18e-05
Epoch [86/100] | Total Loss: 0.7345 | Aux Loss: 0.1542 | Train Mixed Loss: 0.5803 (Base: 0.2224, Trend: 0.1445, DTW: 0.0711, TopK: 0.3831) | Val Mixed Loss (No Trend): 0.7488 (Base: 0.2869, DTW: 0.1330, TopK: 0.4762) | EMA Val Loss (No Trend): 0.750757 | LR: 1.05e-05
Epoch [87/100] | Total Loss: 0.7286 | Aux Loss: 0.1526 | Train Mixed Loss: 0.5760 (Base: 0.2207, Trend: 0.1442, DTW: 0.0705, TopK: 0.3801) | Val Mixed Loss (No Trend): 0.7458 (Base: 0.2854, DTW: 0.1326, TopK: 0.4739) | EMA Val Loss (No Trend): 0.749516 | LR: 9.18e-06
Epoch [88/100] | Total Loss: 0.7332 | Aux Loss: 0.1535 | Train Mixed Loss: 0.5797 (Base: 0.2215, Trend: 0.1445, DTW: 0.0715, TopK: 0.3814) | Val Mixed Loss (No Trend): 0.7521 (Base: 0.2879, DTW: 0.1339, TopK: 0.4761) | EMA Val Loss (No Trend): 0.750165 | LR: 7.99e-06
Epoch [89/100] | Total Loss: 0.7276 | Aux Loss: 0.1527 | Train Mixed Loss: 0.5749 (Base: 0.2205, Trend: 0.1446, DTW: 0.0701, TopK: 0.3793) | Val Mixed Loss (No Trend): 0.7478 (Base: 0.2863, DTW: 0.1328, TopK: 0.4756) | EMA Val Loss (No Trend): 0.749568 | LR: 6.88e-06
Epoch [90/100] | Total Loss: 0.7312 | Aux Loss: 0.1529 | Train Mixed Loss: 0.5784 (Base: 0.2218, Trend: 0.1453, DTW: 0.0705, TopK: 0.3822) | Val Mixed Loss (No Trend): 0.7388 (Base: 0.2830, DTW: 0.1309, TopK: 0.4721) | EMA Val Loss (No Trend): 0.746864 | LR: 5.87e-06
Epoch [91/100] | Total Loss: 0.7272 | Aux Loss: 0.1517 | Train Mixed Loss: 0.5755 (Base: 0.2206, Trend: 0.1446, DTW: 0.0701, TopK: 0.3811) | Val Mixed Loss (No Trend): 0.7498 (Base: 0.2872, DTW: 0.1331, TopK: 0.4773) | EMA Val Loss (No Trend): 0.747598 | LR: 4.95e-06
Epoch [92/100] | Total Loss: 0.7218 | Aux Loss: 0.1517 | Train Mixed Loss: 0.5701 (Base: 0.2199, Trend: 0.1440, DTW: 0.0692, TopK: 0.3739) | Val Mixed Loss (No Trend): 0.7432 (Base: 0.2863, DTW: 0.1311, TopK: 0.4739) | EMA Val Loss (No Trend): 0.746490 | LR: 4.13e-06
Epoch [93/100] | Total Loss: 0.7263 | Aux Loss: 0.1526 | Train Mixed Loss: 0.5737 (Base: 0.2194, Trend: 0.1436, DTW: 0.0704, TopK: 0.3787) | Val Mixed Loss (No Trend): 0.7505 (Base: 0.2856, DTW: 0.1343, TopK: 0.4757) | EMA Val Loss (No Trend): 0.747504 | LR: 3.40e-06
Epoch [94/100] | Total Loss: 0.7251 | Aux Loss: 0.1533 | Train Mixed Loss: 0.5718 (Base: 0.2197, Trend: 0.1443, DTW: 0.0694, TopK: 0.3781) | Val Mixed Loss (No Trend): 0.7465 (Base: 0.2841, DTW: 0.1330, TopK: 0.4773) | EMA Val Loss (No Trend): 0.747254 | LR: 2.76e-06
Epoch [95/100] | Total Loss: 0.7316 | Aux Loss: 0.1536 | Train Mixed Loss: 0.5780 (Base: 0.2213, Trend: 0.1450, DTW: 0.0709, TopK: 0.3803) | Val Mixed Loss (No Trend): 0.7500 (Base: 0.2870, DTW: 0.1341, TopK: 0.4708) | EMA Val Loss (No Trend): 0.747930 | LR: 2.23e-06
Epoch [96/100] | Total Loss: 0.7217 | Aux Loss: 0.1525 | Train Mixed Loss: 0.5692 (Base: 0.2189, Trend: 0.1438, DTW: 0.0690, TopK: 0.3761) | Val Mixed Loss (No Trend): 0.7422 (Base: 0.2859, DTW: 0.1306, TopK: 0.4758) | EMA Val Loss (No Trend): 0.746491 | LR: 1.78e-06
Epoch [97/100] | Total Loss: 0.7229 | Aux Loss: 0.1534 | Train Mixed Loss: 0.5695 (Base: 0.2189, Trend: 0.1438, DTW: 0.0691, TopK: 0.3759) | Val Mixed Loss (No Trend): 0.7540 (Base: 0.2879, DTW: 0.1345, TopK: 0.4775) | EMA Val Loss (No Trend): 0.748359 | LR: 1.44e-06
Epoch [98/100] | Total Loss: 0.7170 | Aux Loss: 0.1501 | Train Mixed Loss: 0.5669 (Base: 0.2177, Trend: 0.1432, DTW: 0.0685, TopK: 0.3774) | Val Mixed Loss (No Trend): 0.7599 (Base: 0.2888, DTW: 0.1357, TopK: 0.4844) | EMA Val Loss (No Trend): 0.751253 | LR: 1.20e-06
Epoch [99/100] | Total Loss: 0.7252 | Aux Loss: 0.1531 | Train Mixed Loss: 0.5721 (Base: 0.2197, Trend: 0.1444, DTW: 0.0695, TopK: 0.3785) | Val Mixed Loss (No Trend): 0.7478 (Base: 0.2872, DTW: 0.1320, TopK: 0.4795) | EMA Val Loss (No Trend): 0.750397 | LR: 1.05e-06
Epoch [100/100] | Total Loss: 0.7256 | Aux Loss: 0.1531 | Train Mixed Loss: 0.5725 (Base: 0.2196, Trend: 0.1445, DTW: 0.0698, TopK: 0.3772) | Val Mixed Loss (No Trend): 0.7491 (Base: 0.2847, DTW: 0.1337, TopK: 0.4786) | EMA Val Loss (No Trend): 0.750073 | LR: 2.00e-04
