Starting Transformer experiment with seed 1 in /root/autodl-tmp/parallel_runs/worker_1_seed_1
Device: cuda
Data shape: (1029, 35040, 10)
Max PM2.5 value: 32768.0
Abnormal points (>1000): 636
Loaded cache: /root/autodl-tmp/parallel_runs/worker_1_seed_1/dataset_cache_train_2y_T144_P48_seed_1.pt (Eligible stations: 1029/1029)
Loaded cache: /root/autodl-tmp/parallel_runs/worker_1_seed_1/dataset_cache_val_1y_T144_P48_seed_1.pt (Eligible stations: 1029/1029)
Total trainable parameters: 2,259,201
Epoch [1/100] | Train Loss: 1.0791 (Base: 0.3422, Trend: 0.1703, DTW: 0.1954, TopK: 0.6089) | Val Loss: 0.895633 (Base: 0.3108, DTW: 0.1650, TopK: 0.6296) | EMA No-Trend Loss: 0.895633 | LR: 2.00e-04
Epoch [2/100] | Train Loss: 1.0019 (Base: 0.3349, Trend: 0.1699, DTW: 0.1676, TopK: 0.5996) | Val Loss: 0.874413 (Base: 0.3289, DTW: 0.1610, TopK: 0.5309) | EMA No-Trend Loss: 0.890328 | LR: 2.00e-04
Epoch [3/100] | Train Loss: 0.9697 (Base: 0.3286, Trend: 0.1698, DTW: 0.1582, TopK: 0.5883) | Val Loss: 0.840900 (Base: 0.3204, DTW: 0.1541, TopK: 0.5022) | EMA No-Trend Loss: 0.877971 | LR: 2.00e-04
Epoch [4/100] | Train Loss: 0.9510 (Base: 0.3242, Trend: 0.1690, DTW: 0.1529, TopK: 0.5840) | Val Loss: 0.810008 (Base: 0.3045, DTW: 0.1461, TopK: 0.5160) | EMA No-Trend Loss: 0.860980 | LR: 1.99e-04
Epoch [5/100] | Train Loss: 0.9382 (Base: 0.3211, Trend: 0.1683, DTW: 0.1502, TopK: 0.5747) | Val Loss: 0.813104 (Base: 0.3065, DTW: 0.1487, TopK: 0.4986) | EMA No-Trend Loss: 0.849011 | LR: 1.99e-04
Epoch [6/100] | Train Loss: 0.9266 (Base: 0.3181, Trend: 0.1669, DTW: 0.1474, TopK: 0.5712) | Val Loss: 0.806205 (Base: 0.3057, DTW: 0.1424, TopK: 0.5296) | EMA No-Trend Loss: 0.838310 | LR: 1.98e-04
Epoch [7/100] | Train Loss: 0.9137 (Base: 0.3155, Trend: 0.1661, DTW: 0.1439, TopK: 0.5660) | Val Loss: 0.798350 (Base: 0.2965, DTW: 0.1418, TopK: 0.5382) | EMA No-Trend Loss: 0.828320 | LR: 1.98e-04
Epoch [8/100] | Train Loss: 0.9066 (Base: 0.3136, Trend: 0.1657, DTW: 0.1422, TopK: 0.5628) | Val Loss: 0.782345 (Base: 0.2930, DTW: 0.1381, TopK: 0.5267) | EMA No-Trend Loss: 0.816826 | LR: 1.97e-04
Epoch [9/100] | Train Loss: 0.9011 (Base: 0.3118, Trend: 0.1646, DTW: 0.1411, TopK: 0.5614) | Val Loss: 0.793066 (Base: 0.3034, DTW: 0.1413, TopK: 0.5015) | EMA No-Trend Loss: 0.810886 | LR: 1.96e-04
Epoch [10/100] | Train Loss: 0.8973 (Base: 0.3110, Trend: 0.1652, DTW: 0.1400, TopK: 0.5594) | Val Loss: 0.789733 (Base: 0.2976, DTW: 0.1399, TopK: 0.5208) | EMA No-Trend Loss: 0.805598 | LR: 1.95e-04
Epoch [11/100] | Train Loss: 0.8847 (Base: 0.3084, Trend: 0.1640, DTW: 0.1369, TopK: 0.5521) | Val Loss: 0.798431 (Base: 0.3063, DTW: 0.1412, TopK: 0.5104) | EMA No-Trend Loss: 0.803806 | LR: 1.94e-04
Epoch [12/100] | Train Loss: 0.8820 (Base: 0.3074, Trend: 0.1646, DTW: 0.1363, TopK: 0.5509) | Val Loss: 0.792932 (Base: 0.3025, DTW: 0.1416, TopK: 0.5016) | EMA No-Trend Loss: 0.801088 | LR: 1.93e-04
Epoch [13/100] | Train Loss: 0.8753 (Base: 0.3057, Trend: 0.1641, DTW: 0.1347, TopK: 0.5475) | Val Loss: 0.780118 (Base: 0.2979, DTW: 0.1390, TopK: 0.4949) | EMA No-Trend Loss: 0.795845 | LR: 1.92e-04
Epoch [14/100] | Train Loss: 0.8690 (Base: 0.3034, Trend: 0.1634, DTW: 0.1335, TopK: 0.5447) | Val Loss: 0.786671 (Base: 0.2987, DTW: 0.1424, TopK: 0.4875) | EMA No-Trend Loss: 0.793552 | LR: 1.91e-04
Epoch [15/100] | Train Loss: 0.8643 (Base: 0.3025, Trend: 0.1632, DTW: 0.1323, TopK: 0.5426) | Val Loss: 0.777813 (Base: 0.2982, DTW: 0.1374, TopK: 0.4996) | EMA No-Trend Loss: 0.789617 | LR: 1.89e-04
Epoch [16/100] | Train Loss: 0.8575 (Base: 0.3010, Trend: 0.1622, DTW: 0.1306, TopK: 0.5401) | Val Loss: 0.781514 (Base: 0.2990, DTW: 0.1393, TopK: 0.4941) | EMA No-Trend Loss: 0.787591 | LR: 1.88e-04
Epoch [17/100] | Train Loss: 0.8515 (Base: 0.2993, Trend: 0.1628, DTW: 0.1290, TopK: 0.5370) | Val Loss: 0.782084 (Base: 0.3007, DTW: 0.1384, TopK: 0.4977) | EMA No-Trend Loss: 0.786215 | LR: 1.86e-04
Epoch [18/100] | Train Loss: 0.8473 (Base: 0.2987, Trend: 0.1622, DTW: 0.1281, TopK: 0.5334) | Val Loss: 0.766771 (Base: 0.2889, DTW: 0.1358, TopK: 0.5069) | EMA No-Trend Loss: 0.781354 | LR: 1.85e-04
Epoch [19/100] | Train Loss: 0.8455 (Base: 0.2978, Trend: 0.1623, DTW: 0.1280, TopK: 0.5316) | Val Loss: 0.787684 (Base: 0.2987, DTW: 0.1414, TopK: 0.4986) | EMA No-Trend Loss: 0.782936 | LR: 1.83e-04
Epoch [20/100] | Train Loss: 0.8357 (Base: 0.2948, Trend: 0.1611, DTW: 0.1255, TopK: 0.5302) | Val Loss: 0.771831 (Base: 0.2892, DTW: 0.1370, TopK: 0.5128) | EMA No-Trend Loss: 0.780160 | LR: 1.81e-04
Epoch [21/100] | Train Loss: 0.8381 (Base: 0.2957, Trend: 0.1621, DTW: 0.1259, TopK: 0.5310) | Val Loss: 0.777554 (Base: 0.2948, DTW: 0.1377, TopK: 0.5077) | EMA No-Trend Loss: 0.779509 | LR: 1.79e-04
Epoch [22/100] | Train Loss: 0.8275 (Base: 0.2935, Trend: 0.1608, DTW: 0.1240, TopK: 0.5200) | Val Loss: 0.773721 (Base: 0.2879, DTW: 0.1382, TopK: 0.5141) | EMA No-Trend Loss: 0.778062 | LR: 1.77e-04
Epoch [23/100] | Train Loss: 0.8267 (Base: 0.2925, Trend: 0.1607, DTW: 0.1238, TopK: 0.5225) | Val Loss: 0.782802 (Base: 0.2988, DTW: 0.1406, TopK: 0.4886) | EMA No-Trend Loss: 0.779247 | LR: 1.75e-04
Epoch [24/100] | Train Loss: 0.8164 (Base: 0.2898, Trend: 0.1599, DTW: 0.1214, TopK: 0.5174) | Val Loss: 0.769401 (Base: 0.2889, DTW: 0.1366, TopK: 0.5088) | EMA No-Trend Loss: 0.776785 | LR: 1.73e-04
Epoch [25/100] | Train Loss: 0.8171 (Base: 0.2898, Trend: 0.1606, DTW: 0.1214, TopK: 0.5190) | Val Loss: 0.765012 (Base: 0.2856, DTW: 0.1359, TopK: 0.5108) | EMA No-Trend Loss: 0.773842 | LR: 1.71e-04
Epoch [26/100] | Train Loss: 0.8122 (Base: 0.2883, Trend: 0.1600, DTW: 0.1205, TopK: 0.5155) | Val Loss: 0.789187 (Base: 0.3006, DTW: 0.1423, TopK: 0.4904) | EMA No-Trend Loss: 0.777678 | LR: 1.69e-04
Epoch [27/100] | Train Loss: 0.8096 (Base: 0.2882, Trend: 0.1608, DTW: 0.1193, TopK: 0.5157) | Val Loss: 0.776197 (Base: 0.2908, DTW: 0.1382, TopK: 0.5124) | EMA No-Trend Loss: 0.777308 | LR: 1.66e-04
Epoch [28/100] | Train Loss: 0.8050 (Base: 0.2869, Trend: 0.1600, DTW: 0.1184, TopK: 0.5131) | Val Loss: 0.763848 (Base: 0.2854, DTW: 0.1352, TopK: 0.5130) | EMA No-Trend Loss: 0.773943 | LR: 1.64e-04
Epoch [29/100] | Train Loss: 0.8016 (Base: 0.2858, Trend: 0.1606, DTW: 0.1175, TopK: 0.5117) | Val Loss: 0.762138 (Base: 0.2894, DTW: 0.1352, TopK: 0.4945) | EMA No-Trend Loss: 0.770992 | LR: 1.61e-04
Epoch [30/100] | Train Loss: 0.7972 (Base: 0.2848, Trend: 0.1600, DTW: 0.1166, TopK: 0.5087) | Val Loss: 0.762133 (Base: 0.2898, DTW: 0.1353, TopK: 0.4924) | EMA No-Trend Loss: 0.768777 | LR: 1.59e-04
Epoch [31/100] | Train Loss: 0.7932 (Base: 0.2840, Trend: 0.1595, DTW: 0.1158, TopK: 0.5050) | Val Loss: 0.778718 (Base: 0.2950, DTW: 0.1410, TopK: 0.4847) | EMA No-Trend Loss: 0.771262 | LR: 1.56e-04
Epoch [32/100] | Train Loss: 0.7907 (Base: 0.2830, Trend: 0.1603, DTW: 0.1152, TopK: 0.5032) | Val Loss: 0.780315 (Base: 0.2973, DTW: 0.1415, TopK: 0.4781) | EMA No-Trend Loss: 0.773525 | LR: 1.54e-04
Epoch [33/100] | Train Loss: 0.7856 (Base: 0.2813, Trend: 0.1595, DTW: 0.1140, TopK: 0.5031) | Val Loss: 0.778073 (Base: 0.2945, DTW: 0.1409, TopK: 0.4847) | EMA No-Trend Loss: 0.774662 | LR: 1.51e-04
Epoch [34/100] | Train Loss: 0.7824 (Base: 0.2802, Trend: 0.1597, DTW: 0.1135, TopK: 0.4997) | Val Loss: 0.767777 (Base: 0.2916, DTW: 0.1383, TopK: 0.4810) | EMA No-Trend Loss: 0.772941 | LR: 1.48e-04
Epoch [35/100] | Train Loss: 0.7781 (Base: 0.2792, Trend: 0.1596, DTW: 0.1124, TopK: 0.4983) | Val Loss: 0.771504 (Base: 0.2914, DTW: 0.1389, TopK: 0.4890) | EMA No-Trend Loss: 0.772582 | LR: 1.46e-04
Epoch [36/100] | Train Loss: 0.7690 (Base: 0.2771, Trend: 0.1593, DTW: 0.1101, TopK: 0.4937) | Val Loss: 0.765367 (Base: 0.2885, DTW: 0.1371, TopK: 0.4932) | EMA No-Trend Loss: 0.770778 | LR: 1.43e-04
Epoch [37/100] | Train Loss: 0.7680 (Base: 0.2769, Trend: 0.1593, DTW: 0.1101, TopK: 0.4908) | Val Loss: 0.778919 (Base: 0.2960, DTW: 0.1418, TopK: 0.4755) | EMA No-Trend Loss: 0.772813 | LR: 1.40e-04
Epoch [38/100] | Train Loss: 0.7679 (Base: 0.2772, Trend: 0.1598, DTW: 0.1096, TopK: 0.4928) | Val Loss: 0.758598 (Base: 0.2847, DTW: 0.1354, TopK: 0.4960) | EMA No-Trend Loss: 0.769259 | LR: 1.37e-04
Epoch [39/100] | Train Loss: 0.7632 (Base: 0.2753, Trend: 0.1589, DTW: 0.1089, TopK: 0.4902) | Val Loss: 0.757192 (Base: 0.2839, DTW: 0.1343, TopK: 0.5031) | EMA No-Trend Loss: 0.766243 | LR: 1.34e-04
Epoch [40/100] | Train Loss: 0.7613 (Base: 0.2754, Trend: 0.1597, DTW: 0.1082, TopK: 0.4876) | Val Loss: 0.769896 (Base: 0.2903, DTW: 0.1387, TopK: 0.4894) | EMA No-Trend Loss: 0.767156 | LR: 1.31e-04
Epoch [41/100] | Train Loss: 0.7592 (Base: 0.2739, Trend: 0.1599, DTW: 0.1078, TopK: 0.4884) | Val Loss: 0.769666 (Base: 0.2892, DTW: 0.1374, TopK: 0.5024) | EMA No-Trend Loss: 0.767784 | LR: 1.28e-04
Epoch [42/100] | Train Loss: 0.7576 (Base: 0.2738, Trend: 0.1603, DTW: 0.1073, TopK: 0.4866) | Val Loss: 0.771834 (Base: 0.2881, DTW: 0.1382, TopK: 0.5070) | EMA No-Trend Loss: 0.768796 | LR: 1.25e-04
Epoch [43/100] | Train Loss: 0.7567 (Base: 0.2733, Trend: 0.1603, DTW: 0.1072, TopK: 0.4867) | Val Loss: 0.788018 (Base: 0.2996, DTW: 0.1433, TopK: 0.4816) | EMA No-Trend Loss: 0.773602 | LR: 1.22e-04
Epoch [44/100] | Train Loss: 0.7454 (Base: 0.2701, Trend: 0.1589, DTW: 0.1049, TopK: 0.4802) | Val Loss: 0.764526 (Base: 0.2871, DTW: 0.1382, TopK: 0.4859) | EMA No-Trend Loss: 0.771333 | LR: 1.19e-04
Epoch [45/100] | Train Loss: 0.7461 (Base: 0.2708, Trend: 0.1601, DTW: 0.1047, TopK: 0.4801) | Val Loss: 0.774720 (Base: 0.2908, DTW: 0.1393, TopK: 0.4990) | EMA No-Trend Loss: 0.772180 | LR: 1.16e-04
Epoch [46/100] | Train Loss: 0.7375 (Base: 0.2679, Trend: 0.1595, DTW: 0.1032, TopK: 0.4745) | Val Loss: 0.781813 (Base: 0.2948, DTW: 0.1415, TopK: 0.4915) | EMA No-Trend Loss: 0.774588 | LR: 1.13e-04
Epoch [47/100] | Train Loss: 0.7386 (Base: 0.2686, Trend: 0.1597, DTW: 0.1030, TopK: 0.4762) | Val Loss: 0.771886 (Base: 0.2917, DTW: 0.1401, TopK: 0.4798) | EMA No-Trend Loss: 0.773912 | LR: 1.10e-04
Epoch [48/100] | Train Loss: 0.7291 (Base: 0.2657, Trend: 0.1583, DTW: 0.1013, TopK: 0.4700) | Val Loss: 0.770916 (Base: 0.2925, DTW: 0.1384, TopK: 0.4873) | EMA No-Trend Loss: 0.773163 | LR: 1.07e-04
Epoch [49/100] | Train Loss: 0.7294 (Base: 0.2656, Trend: 0.1593, DTW: 0.1012, TopK: 0.4710) | Val Loss: 0.757286 (Base: 0.2825, DTW: 0.1353, TopK: 0.5000) | EMA No-Trend Loss: 0.769194 | LR: 1.04e-04
Epoch [50/100] | Train Loss: 0.7295 (Base: 0.2661, Trend: 0.1598, DTW: 0.1009, TopK: 0.4711) | Val Loss: 0.773966 (Base: 0.2924, DTW: 0.1410, TopK: 0.4774) | EMA No-Trend Loss: 0.770387 | LR: 1.00e-04
Epoch [51/100] | Train Loss: 0.7263 (Base: 0.2646, Trend: 0.1596, DTW: 0.1004, TopK: 0.4697) | Val Loss: 0.769922 (Base: 0.2902, DTW: 0.1381, TopK: 0.4943) | EMA No-Trend Loss: 0.770271 | LR: 9.74e-05
Epoch [52/100] | Train Loss: 0.7184 (Base: 0.2628, Trend: 0.1588, DTW: 0.0985, TopK: 0.4661) | Val Loss: 0.782547 (Base: 0.2946, DTW: 0.1421, TopK: 0.4901) | EMA No-Trend Loss: 0.773340 | LR: 9.43e-05
Epoch [53/100] | Train Loss: 0.7212 (Base: 0.2637, Trend: 0.1598, DTW: 0.0991, TopK: 0.4661) | Val Loss: 0.780735 (Base: 0.2961, DTW: 0.1404, TopK: 0.4920) | EMA No-Trend Loss: 0.775189 | LR: 9.11e-05
Epoch [54/100] | Train Loss: 0.7183 (Base: 0.2624, Trend: 0.1598, DTW: 0.0984, TopK: 0.4660) | Val Loss: 0.766662 (Base: 0.2856, DTW: 0.1379, TopK: 0.5004) | EMA No-Trend Loss: 0.773057 | LR: 8.80e-05
Epoch [55/100] | Train Loss: 0.7127 (Base: 0.2616, Trend: 0.1598, DTW: 0.0969, TopK: 0.4625) | Val Loss: 0.771280 (Base: 0.2872, DTW: 0.1379, TopK: 0.5104) | EMA No-Trend Loss: 0.772613 | LR: 8.49e-05
Epoch [56/100] | Train Loss: 0.7170 (Base: 0.2622, Trend: 0.1603, DTW: 0.0980, TopK: 0.4649) | Val Loss: 0.774654 (Base: 0.2919, DTW: 0.1404, TopK: 0.4858) | EMA No-Trend Loss: 0.773123 | LR: 8.19e-05
Epoch [57/100] | Train Loss: 0.7113 (Base: 0.2605, Trend: 0.1603, DTW: 0.0965, TopK: 0.4633) | Val Loss: 0.774282 (Base: 0.2896, DTW: 0.1392, TopK: 0.5022) | EMA No-Trend Loss: 0.773413 | LR: 7.88e-05
Epoch [58/100] | Train Loss: 0.7063 (Base: 0.2597, Trend: 0.1601, DTW: 0.0952, TopK: 0.4599) | Val Loss: 0.776128 (Base: 0.2912, DTW: 0.1399, TopK: 0.4975) | EMA No-Trend Loss: 0.774091 | LR: 7.58e-05
Epoch [59/100] | Train Loss: 0.7005 (Base: 0.2575, Trend: 0.1594, DTW: 0.0945, TopK: 0.4556) | Val Loss: 0.779846 (Base: 0.2905, DTW: 0.1418, TopK: 0.4972) | EMA No-Trend Loss: 0.775530 | LR: 7.27e-05
Epoch [60/100] | Train Loss: 0.7060 (Base: 0.2592, Trend: 0.1604, DTW: 0.0953, TopK: 0.4597) | Val Loss: 0.775894 (Base: 0.2931, DTW: 0.1408, TopK: 0.4832) | EMA No-Trend Loss: 0.775621 | LR: 6.98e-05
Epoch [61/100] | Train Loss: 0.7014 (Base: 0.2584, Trend: 0.1609, DTW: 0.0940, TopK: 0.4562) | Val Loss: 0.777417 (Base: 0.2908, DTW: 0.1403, TopK: 0.5002) | EMA No-Trend Loss: 0.776070 | LR: 6.68e-05
Epoch [62/100] | Train Loss: 0.6982 (Base: 0.2567, Trend: 0.1601, DTW: 0.0937, TopK: 0.4553) | Val Loss: 0.774317 (Base: 0.2909, DTW: 0.1405, TopK: 0.4872) | EMA No-Trend Loss: 0.775632 | LR: 6.39e-05
Epoch [63/100] | Train Loss: 0.6960 (Base: 0.2560, Trend: 0.1601, DTW: 0.0932, TopK: 0.4540) | Val Loss: 0.775269 (Base: 0.2925, DTW: 0.1399, TopK: 0.4901) | EMA No-Trend Loss: 0.775541 | LR: 6.10e-05
Epoch [64/100] | Train Loss: 0.6939 (Base: 0.2559, Trend: 0.1603, DTW: 0.0926, TopK: 0.4520) | Val Loss: 0.775355 (Base: 0.2919, DTW: 0.1401, TopK: 0.4906) | EMA No-Trend Loss: 0.775495 | LR: 5.81e-05
Epoch [65/100] | Train Loss: 0.6866 (Base: 0.2540, Trend: 0.1597, DTW: 0.0911, TopK: 0.4475) | Val Loss: 0.774990 (Base: 0.2917, DTW: 0.1397, TopK: 0.4930) | EMA No-Trend Loss: 0.775368 | LR: 5.53e-05
Epoch [66/100] | Train Loss: 0.6876 (Base: 0.2538, Trend: 0.1600, DTW: 0.0912, TopK: 0.4496) | Val Loss: 0.774203 (Base: 0.2938, DTW: 0.1408, TopK: 0.4745) | EMA No-Trend Loss: 0.775077 | LR: 5.26e-05
Epoch [67/100] | Train Loss: 0.6853 (Base: 0.2530, Trend: 0.1602, DTW: 0.0906, TopK: 0.4492) | Val Loss: 0.769744 (Base: 0.2885, DTW: 0.1398, TopK: 0.4853) | EMA No-Trend Loss: 0.773744 | LR: 4.99e-05
Epoch [68/100] | Train Loss: 0.6835 (Base: 0.2528, Trend: 0.1600, DTW: 0.0904, TopK: 0.4459) | Val Loss: 0.775641 (Base: 0.2917, DTW: 0.1403, TopK: 0.4911) | EMA No-Trend Loss: 0.774218 | LR: 4.72e-05
Epoch [69/100] | Train Loss: 0.6811 (Base: 0.2518, Trend: 0.1600, DTW: 0.0898, TopK: 0.4460) | Val Loss: 0.778274 (Base: 0.2917, DTW: 0.1414, TopK: 0.4908) | EMA No-Trend Loss: 0.775232 | LR: 4.46e-05
Epoch [70/100] | Train Loss: 0.6787 (Base: 0.2514, Trend: 0.1604, DTW: 0.0891, TopK: 0.4445) | Val Loss: 0.779604 (Base: 0.2946, DTW: 0.1419, TopK: 0.4818) | EMA No-Trend Loss: 0.776325 | LR: 4.20e-05
Epoch [71/100] | Train Loss: 0.6811 (Base: 0.2519, Trend: 0.1608, DTW: 0.0897, TopK: 0.4447) | Val Loss: 0.790155 (Base: 0.2954, DTW: 0.1452, TopK: 0.4879) | EMA No-Trend Loss: 0.779783 | LR: 3.95e-05
Epoch [72/100] | Train Loss: 0.6771 (Base: 0.2504, Trend: 0.1605, DTW: 0.0887, TopK: 0.4449) | Val Loss: 0.775758 (Base: 0.2904, DTW: 0.1405, TopK: 0.4935) | EMA No-Trend Loss: 0.778777 | LR: 3.71e-05
Epoch [73/100] | Train Loss: 0.6764 (Base: 0.2503, Trend: 0.1607, DTW: 0.0888, TopK: 0.4425) | Val Loss: 0.775956 (Base: 0.2909, DTW: 0.1408, TopK: 0.4902) | EMA No-Trend Loss: 0.778071 | LR: 3.47e-05
Epoch [74/100] | Train Loss: 0.6747 (Base: 0.2501, Trend: 0.1606, DTW: 0.0883, TopK: 0.4415) | Val Loss: 0.779692 (Base: 0.2934, DTW: 0.1415, TopK: 0.4893) | EMA No-Trend Loss: 0.778477 | LR: 3.24e-05
Epoch [75/100] | Train Loss: 0.6708 (Base: 0.2488, Trend: 0.1605, DTW: 0.0874, TopK: 0.4403) | Val Loss: 0.775020 (Base: 0.2899, DTW: 0.1405, TopK: 0.4930) | EMA No-Trend Loss: 0.777612 | LR: 3.01e-05
Epoch [76/100] | Train Loss: 0.6681 (Base: 0.2483, Trend: 0.1603, DTW: 0.0868, TopK: 0.4372) | Val Loss: 0.767046 (Base: 0.2877, DTW: 0.1386, TopK: 0.4887) | EMA No-Trend Loss: 0.774971 | LR: 2.80e-05
Epoch [77/100] | Train Loss: 0.6701 (Base: 0.2488, Trend: 0.1605, DTW: 0.0871, TopK: 0.4398) | Val Loss: 0.777457 (Base: 0.2901, DTW: 0.1412, TopK: 0.4951) | EMA No-Trend Loss: 0.775592 | LR: 2.59e-05
Epoch [78/100] | Train Loss: 0.6682 (Base: 0.2482, Trend: 0.1610, DTW: 0.0866, TopK: 0.4389) | Val Loss: 0.766764 (Base: 0.2886, DTW: 0.1380, TopK: 0.4897) | EMA No-Trend Loss: 0.773385 | LR: 2.38e-05
Epoch [79/100] | Train Loss: 0.6641 (Base: 0.2467, Trend: 0.1604, DTW: 0.0861, TopK: 0.4354) | Val Loss: 0.775791 (Base: 0.2924, DTW: 0.1404, TopK: 0.4879) | EMA No-Trend Loss: 0.773987 | LR: 2.19e-05
Epoch [80/100] | Train Loss: 0.6620 (Base: 0.2463, Trend: 0.1602, DTW: 0.0855, TopK: 0.4344) | Val Loss: 0.776213 (Base: 0.2909, DTW: 0.1408, TopK: 0.4916) | EMA No-Trend Loss: 0.774543 | LR: 2.00e-05
Epoch [81/100] | Train Loss: 0.6635 (Base: 0.2469, Trend: 0.1610, DTW: 0.0857, TopK: 0.4346) | Val Loss: 0.780316 (Base: 0.2928, DTW: 0.1417, TopK: 0.4911) | EMA No-Trend Loss: 0.775986 | LR: 1.82e-05
Epoch [82/100] | Train Loss: 0.6607 (Base: 0.2461, Trend: 0.1603, DTW: 0.0851, TopK: 0.4341) | Val Loss: 0.776622 (Base: 0.2904, DTW: 0.1413, TopK: 0.4905) | EMA No-Trend Loss: 0.776145 | LR: 1.65e-05
Epoch [83/100] | Train Loss: 0.6615 (Base: 0.2464, Trend: 0.1609, DTW: 0.0852, TopK: 0.4334) | Val Loss: 0.776641 (Base: 0.2906, DTW: 0.1409, TopK: 0.4926) | EMA No-Trend Loss: 0.776269 | LR: 1.49e-05
Epoch [84/100] | Train Loss: 0.6574 (Base: 0.2450, Trend: 0.1604, DTW: 0.0844, TopK: 0.4321) | Val Loss: 0.784099 (Base: 0.2920, DTW: 0.1426, TopK: 0.4994) | EMA No-Trend Loss: 0.778227 | LR: 1.33e-05
Epoch [85/100] | Train Loss: 0.6571 (Base: 0.2452, Trend: 0.1605, DTW: 0.0842, TopK: 0.4319) | Val Loss: 0.778525 (Base: 0.2903, DTW: 0.1418, TopK: 0.4928) | EMA No-Trend Loss: 0.778301 | LR: 1.18e-05
Epoch [86/100] | Train Loss: 0.6585 (Base: 0.2457, Trend: 0.1607, DTW: 0.0844, TopK: 0.4324) | Val Loss: 0.777927 (Base: 0.2904, DTW: 0.1412, TopK: 0.4956) | EMA No-Trend Loss: 0.778208 | LR: 1.05e-05
Epoch [87/100] | Train Loss: 0.6567 (Base: 0.2446, Trend: 0.1610, DTW: 0.0842, TopK: 0.4319) | Val Loss: 0.775031 (Base: 0.2918, DTW: 0.1406, TopK: 0.4862) | EMA No-Trend Loss: 0.777414 | LR: 9.18e-06
Epoch [88/100] | Train Loss: 0.6578 (Base: 0.2452, Trend: 0.1614, DTW: 0.0843, TopK: 0.4322) | Val Loss: 0.774173 (Base: 0.2912, DTW: 0.1408, TopK: 0.4830) | EMA No-Trend Loss: 0.776603 | LR: 7.99e-06
Epoch [89/100] | Train Loss: 0.6604 (Base: 0.2459, Trend: 0.1615, DTW: 0.0848, TopK: 0.4337) | Val Loss: 0.780739 (Base: 0.2911, DTW: 0.1422, TopK: 0.4942) | EMA No-Trend Loss: 0.777637 | LR: 6.88e-06
Epoch [90/100] | Train Loss: 0.6527 (Base: 0.2437, Trend: 0.1607, DTW: 0.0834, TopK: 0.4284) | Val Loss: 0.784204 (Base: 0.2937, DTW: 0.1428, TopK: 0.4923) | EMA No-Trend Loss: 0.779279 | LR: 5.87e-06
Epoch [91/100] | Train Loss: 0.6559 (Base: 0.2448, Trend: 0.1614, DTW: 0.0838, TopK: 0.4309) | Val Loss: 0.781401 (Base: 0.2927, DTW: 0.1421, TopK: 0.4922) | EMA No-Trend Loss: 0.779810 | LR: 4.95e-06
Epoch [92/100] | Train Loss: 0.6567 (Base: 0.2449, Trend: 0.1612, DTW: 0.0841, TopK: 0.4311) | Val Loss: 0.775046 (Base: 0.2897, DTW: 0.1413, TopK: 0.4876) | EMA No-Trend Loss: 0.778619 | LR: 4.13e-06
Epoch [93/100] | Train Loss: 0.6489 (Base: 0.2427, Trend: 0.1602, DTW: 0.0826, TopK: 0.4256) | Val Loss: 0.779782 (Base: 0.2923, DTW: 0.1419, TopK: 0.4896) | EMA No-Trend Loss: 0.778910 | LR: 3.40e-06
Epoch [94/100] | Train Loss: 0.6545 (Base: 0.2441, Trend: 0.1611, DTW: 0.0837, TopK: 0.4302) | Val Loss: 0.777763 (Base: 0.2907, DTW: 0.1415, TopK: 0.4917) | EMA No-Trend Loss: 0.778623 | LR: 2.76e-06
Epoch [95/100] | Train Loss: 0.6527 (Base: 0.2431, Trend: 0.1605, DTW: 0.0834, TopK: 0.4304) | Val Loss: 0.782629 (Base: 0.2923, DTW: 0.1428, TopK: 0.4924) | EMA No-Trend Loss: 0.779624 | LR: 2.23e-06
Epoch [96/100] | Train Loss: 0.6498 (Base: 0.2427, Trend: 0.1607, DTW: 0.0829, TopK: 0.4260) | Val Loss: 0.781659 (Base: 0.2938, DTW: 0.1427, TopK: 0.4842) | EMA No-Trend Loss: 0.780133 | LR: 1.78e-06
Epoch [97/100] | Train Loss: 0.6494 (Base: 0.2429, Trend: 0.1603, DTW: 0.0826, TopK: 0.4269) | Val Loss: 0.777153 (Base: 0.2919, DTW: 0.1409, TopK: 0.4903) | EMA No-Trend Loss: 0.779388 | LR: 1.44e-06
Epoch [98/100] | Train Loss: 0.6565 (Base: 0.2446, Trend: 0.1618, DTW: 0.0839, TopK: 0.4325) | Val Loss: 0.771442 (Base: 0.2900, DTW: 0.1398, TopK: 0.4862) | EMA No-Trend Loss: 0.777402 | LR: 1.20e-06
Epoch [99/100] | Train Loss: 0.6480 (Base: 0.2424, Trend: 0.1597, DTW: 0.0825, TopK: 0.4259) | Val Loss: 0.784701 (Base: 0.2936, DTW: 0.1428, TopK: 0.4946) | EMA No-Trend Loss: 0.779226 | LR: 1.05e-06
Epoch [100/100] | Train Loss: 0.6488 (Base: 0.2426, Trend: 0.1603, DTW: 0.0825, TopK: 0.4270) | Val Loss: 0.781383 (Base: 0.2920, DTW: 0.1418, TopK: 0.4970) | EMA No-Trend Loss: 0.779766 | LR: 1.00e-06
