Starting Transformer experiment with seed 3 in /root/autodl-tmp/parallel_runs/worker_3_seed_3
Device: cuda
Data shape: (1029, 35040, 10)
Max PM2.5 value: 32768.0
Abnormal points (>1000): 636
Loaded cache: /root/autodl-tmp/parallel_runs/worker_3_seed_3/dataset_cache_train_2y_T144_P48_seed_3.pt (Eligible stations: 1029/1029)
Loaded cache: /root/autodl-tmp/parallel_runs/worker_3_seed_3/dataset_cache_val_1y_T144_P48_seed_3.pt (Eligible stations: 1029/1029)
Total trainable parameters: 1,732,097
Epoch [1/100] | Train Loss: 1.0761 (Base: 0.3408, Trend: 0.1684, DTW: 0.1954, TopK: 0.6068) | Val Loss: 0.876924 (Base: 0.3195, DTW: 0.1625, TopK: 0.5581) | EMA No-Trend Loss: 0.876924 | LR: 1.00e-04
Epoch [2/100] | Train Loss: 1.0010 (Base: 0.3334, Trend: 0.1740, DTW: 0.1669, TopK: 0.6000) | Val Loss: 0.846773 (Base: 0.3136, DTW: 0.1540, TopK: 0.5452) | EMA No-Trend Loss: 0.869386 | LR: 9.99e-05
Epoch [3/100] | Train Loss: 0.9727 (Base: 0.3279, Trend: 0.1730, DTW: 0.1588, TopK: 0.5906) | Val Loss: 0.833436 (Base: 0.3129, DTW: 0.1515, TopK: 0.5228) | EMA No-Trend Loss: 0.860399 | LR: 9.98e-05
Epoch [4/100] | Train Loss: 0.9483 (Base: 0.3223, Trend: 0.1718, DTW: 0.1523, TopK: 0.5820) | Val Loss: 0.817267 (Base: 0.3028, DTW: 0.1466, TopK: 0.5418) | EMA No-Trend Loss: 0.849616 | LR: 9.96e-05
Epoch [5/100] | Train Loss: 0.9378 (Base: 0.3196, Trend: 0.1715, DTW: 0.1497, TopK: 0.5773) | Val Loss: 0.799219 (Base: 0.3016, DTW: 0.1408, TopK: 0.5324) | EMA No-Trend Loss: 0.837017 | LR: 9.94e-05
Epoch [6/100] | Train Loss: 0.9288 (Base: 0.3186, Trend: 0.1706, DTW: 0.1472, TopK: 0.5720) | Val Loss: 0.811134 (Base: 0.3024, DTW: 0.1442, TopK: 0.5420) | EMA No-Trend Loss: 0.830546 | LR: 9.91e-05
Epoch [7/100] | Train Loss: 0.9128 (Base: 0.3133, Trend: 0.1696, DTW: 0.1435, TopK: 0.5676) | Val Loss: 0.799316 (Base: 0.3013, DTW: 0.1418, TopK: 0.5256) | EMA No-Trend Loss: 0.822738 | LR: 9.88e-05
Epoch [8/100] | Train Loss: 0.9040 (Base: 0.3110, Trend: 0.1695, DTW: 0.1411, TopK: 0.5650) | Val Loss: 0.793340 (Base: 0.2979, DTW: 0.1421, TopK: 0.5146) | EMA No-Trend Loss: 0.815389 | LR: 9.84e-05
Epoch [9/100] | Train Loss: 0.8974 (Base: 0.3098, Trend: 0.1687, DTW: 0.1393, TopK: 0.5631) | Val Loss: 0.803589 (Base: 0.2990, DTW: 0.1456, TopK: 0.5170) | EMA No-Trend Loss: 0.812439 | LR: 9.80e-05
Epoch [10/100] | Train Loss: 0.8919 (Base: 0.3091, Trend: 0.1692, DTW: 0.1376, TopK: 0.5599) | Val Loss: 0.810442 (Base: 0.3087, DTW: 0.1461, TopK: 0.5041) | EMA No-Trend Loss: 0.811940 | LR: 9.76e-05
Epoch [11/100] | Train Loss: 0.8822 (Base: 0.3057, Trend: 0.1674, DTW: 0.1362, TopK: 0.5536) | Val Loss: 0.800529 (Base: 0.3036, DTW: 0.1454, TopK: 0.4933) | EMA No-Trend Loss: 0.809087 | LR: 9.71e-05
Epoch [12/100] | Train Loss: 0.8810 (Base: 0.3064, Trend: 0.1674, DTW: 0.1355, TopK: 0.5526) | Val Loss: 0.792760 (Base: 0.2986, DTW: 0.1416, TopK: 0.5141) | EMA No-Trend Loss: 0.805005 | LR: 9.65e-05
Epoch [13/100] | Train Loss: 0.8799 (Base: 0.3056, Trend: 0.1676, DTW: 0.1352, TopK: 0.5530) | Val Loss: 0.784252 (Base: 0.2942, DTW: 0.1386, TopK: 0.5249) | EMA No-Trend Loss: 0.799817 | LR: 9.59e-05
Epoch [14/100] | Train Loss: 0.8686 (Base: 0.3023, Trend: 0.1669, DTW: 0.1329, TopK: 0.5463) | Val Loss: 0.779285 (Base: 0.2910, DTW: 0.1373, TopK: 0.5296) | EMA No-Trend Loss: 0.794684 | LR: 9.53e-05
Epoch [15/100] | Train Loss: 0.8632 (Base: 0.3009, Trend: 0.1670, DTW: 0.1313, TopK: 0.5454) | Val Loss: 0.791210 (Base: 0.2994, DTW: 0.1420, TopK: 0.5030) | EMA No-Trend Loss: 0.793815 | LR: 9.46e-05
Epoch [16/100] | Train Loss: 0.8550 (Base: 0.2996, Trend: 0.1664, DTW: 0.1293, TopK: 0.5398) | Val Loss: 0.778200 (Base: 0.2851, DTW: 0.1369, TopK: 0.5484) | EMA No-Trend Loss: 0.789911 | LR: 9.39e-05
Epoch [17/100] | Train Loss: 0.8547 (Base: 0.2995, Trend: 0.1669, DTW: 0.1293, TopK: 0.5377) | Val Loss: 0.783514 (Base: 0.2895, DTW: 0.1402, TopK: 0.5249) | EMA No-Trend Loss: 0.788312 | LR: 9.31e-05
Epoch [18/100] | Train Loss: 0.8509 (Base: 0.2976, Trend: 0.1662, DTW: 0.1287, TopK: 0.5376) | Val Loss: 0.775485 (Base: 0.2881, DTW: 0.1378, TopK: 0.5218) | EMA No-Trend Loss: 0.785105 | LR: 9.23e-05
Epoch [19/100] | Train Loss: 0.8436 (Base: 0.2964, Trend: 0.1665, DTW: 0.1264, TopK: 0.5355) | Val Loss: 0.779755 (Base: 0.2943, DTW: 0.1383, TopK: 0.5119) | EMA No-Trend Loss: 0.783768 | LR: 9.14e-05
Epoch [20/100] | Train Loss: 0.8382 (Base: 0.2946, Trend: 0.1662, DTW: 0.1255, TopK: 0.5311) | Val Loss: 0.780263 (Base: 0.2951, DTW: 0.1395, TopK: 0.5008) | EMA No-Trend Loss: 0.782892 | LR: 9.05e-05
Epoch [21/100] | Train Loss: 0.8425 (Base: 0.2963, Trend: 0.1672, DTW: 0.1259, TopK: 0.5346) | Val Loss: 0.783756 (Base: 0.2954, DTW: 0.1395, TopK: 0.5121) | EMA No-Trend Loss: 0.783108 | LR: 8.96e-05
Epoch [22/100] | Train Loss: 0.8319 (Base: 0.2934, Trend: 0.1663, DTW: 0.1234, TopK: 0.5303) | Val Loss: 0.780853 (Base: 0.2933, DTW: 0.1401, TopK: 0.5040) | EMA No-Trend Loss: 0.782544 | LR: 8.86e-05
Epoch [23/100] | Train Loss: 0.8352 (Base: 0.2940, Trend: 0.1674, DTW: 0.1241, TopK: 0.5318) | Val Loss: 0.801886 (Base: 0.3045, DTW: 0.1472, TopK: 0.4805) | EMA No-Trend Loss: 0.787379 | LR: 8.76e-05
Epoch [24/100] | Train Loss: 0.8256 (Base: 0.2914, Trend: 0.1659, DTW: 0.1223, TopK: 0.5259) | Val Loss: 0.789996 (Base: 0.2960, DTW: 0.1421, TopK: 0.5097) | EMA No-Trend Loss: 0.788034 | LR: 8.66e-05
Epoch [25/100] | Train Loss: 0.8201 (Base: 0.2901, Trend: 0.1654, DTW: 0.1211, TopK: 0.5224) | Val Loss: 0.779007 (Base: 0.2949, DTW: 0.1403, TopK: 0.4916) | EMA No-Trend Loss: 0.785777 | LR: 8.55e-05
Epoch [26/100] | Train Loss: 0.8187 (Base: 0.2895, Trend: 0.1660, DTW: 0.1206, TopK: 0.5224) | Val Loss: 0.787987 (Base: 0.2973, DTW: 0.1409, TopK: 0.5081) | EMA No-Trend Loss: 0.786330 | LR: 8.44e-05
Epoch [27/100] | Train Loss: 0.8152 (Base: 0.2884, Trend: 0.1663, DTW: 0.1199, TopK: 0.5198) | Val Loss: 0.794631 (Base: 0.3004, DTW: 0.1447, TopK: 0.4902) | EMA No-Trend Loss: 0.788405 | LR: 8.32e-05
Epoch [28/100] | Train Loss: 0.8086 (Base: 0.2870, Trend: 0.1656, DTW: 0.1184, TopK: 0.5157) | Val Loss: 0.780807 (Base: 0.2944, DTW: 0.1408, TopK: 0.4954) | EMA No-Trend Loss: 0.786505 | LR: 8.21e-05
Epoch [29/100] | Train Loss: 0.8072 (Base: 0.2865, Trend: 0.1660, DTW: 0.1179, TopK: 0.5156) | Val Loss: 0.796988 (Base: 0.2997, DTW: 0.1448, TopK: 0.4989) | EMA No-Trend Loss: 0.789126 | LR: 8.08e-05
Epoch [30/100] | Train Loss: 0.8038 (Base: 0.2855, Trend: 0.1657, DTW: 0.1172, TopK: 0.5137) | Val Loss: 0.783746 (Base: 0.2950, DTW: 0.1406, TopK: 0.5046) | EMA No-Trend Loss: 0.787781 | LR: 7.96e-05
Epoch [31/100] | Train Loss: 0.7999 (Base: 0.2843, Trend: 0.1657, DTW: 0.1163, TopK: 0.5125) | Val Loss: 0.787728 (Base: 0.2952, DTW: 0.1414, TopK: 0.5103) | EMA No-Trend Loss: 0.787768 | LR: 7.83e-05
Epoch [32/100] | Train Loss: 0.7963 (Base: 0.2834, Trend: 0.1661, DTW: 0.1153, TopK: 0.5104) | Val Loss: 0.776807 (Base: 0.2895, DTW: 0.1388, TopK: 0.5144) | EMA No-Trend Loss: 0.785028 | LR: 7.70e-05
Epoch [33/100] | Train Loss: 0.7980 (Base: 0.2842, Trend: 0.1665, DTW: 0.1154, TopK: 0.5117) | Val Loss: 0.782317 (Base: 0.2912, DTW: 0.1406, TopK: 0.5119) | EMA No-Trend Loss: 0.784350 | LR: 7.57e-05
Epoch [34/100] | Train Loss: 0.7898 (Base: 0.2813, Trend: 0.1656, DTW: 0.1139, TopK: 0.5078) | Val Loss: 0.788007 (Base: 0.2968, DTW: 0.1429, TopK: 0.4942) | EMA No-Trend Loss: 0.785264 | LR: 7.43e-05
Epoch [35/100] | Train Loss: 0.7929 (Base: 0.2828, Trend: 0.1667, DTW: 0.1142, TopK: 0.5091) | Val Loss: 0.778568 (Base: 0.2921, DTW: 0.1400, TopK: 0.5019) | EMA No-Trend Loss: 0.783590 | LR: 7.30e-05
Epoch [36/100] | Train Loss: 0.7842 (Base: 0.2801, Trend: 0.1659, DTW: 0.1125, TopK: 0.5040) | Val Loss: 0.781832 (Base: 0.2900, DTW: 0.1412, TopK: 0.5099) | EMA No-Trend Loss: 0.783150 | LR: 7.16e-05
Epoch [37/100] | Train Loss: 0.7822 (Base: 0.2803, Trend: 0.1666, DTW: 0.1115, TopK: 0.5033) | Val Loss: 0.778815 (Base: 0.2906, DTW: 0.1395, TopK: 0.5115) | EMA No-Trend Loss: 0.782066 | LR: 7.02e-05
Epoch [38/100] | Train Loss: 0.7816 (Base: 0.2793, Trend: 0.1665, DTW: 0.1113, TopK: 0.5057) | Val Loss: 0.793150 (Base: 0.2988, DTW: 0.1438, TopK: 0.4971) | EMA No-Trend Loss: 0.784837 | LR: 6.87e-05
Epoch [39/100] | Train Loss: 0.7761 (Base: 0.2788, Trend: 0.1663, DTW: 0.1102, TopK: 0.4986) | Val Loss: 0.787373 (Base: 0.2927, DTW: 0.1428, TopK: 0.5060) | EMA No-Trend Loss: 0.785471 | LR: 6.73e-05
Epoch [40/100] | Train Loss: 0.7734 (Base: 0.2772, Trend: 0.1660, DTW: 0.1098, TopK: 0.4988) | Val Loss: 0.779937 (Base: 0.2920, DTW: 0.1400, TopK: 0.5066) | EMA No-Trend Loss: 0.784088 | LR: 6.58e-05
Epoch [41/100] | Train Loss: 0.7702 (Base: 0.2768, Trend: 0.1664, DTW: 0.1087, TopK: 0.4975) | Val Loss: 0.785238 (Base: 0.2949, DTW: 0.1429, TopK: 0.4913) | EMA No-Trend Loss: 0.784375 | LR: 6.43e-05
Epoch [42/100] | Train Loss: 0.7693 (Base: 0.2763, Trend: 0.1665, DTW: 0.1089, TopK: 0.4952) | Val Loss: 0.787621 (Base: 0.2957, DTW: 0.1429, TopK: 0.4966) | EMA No-Trend Loss: 0.785187 | LR: 6.28e-05
Epoch [43/100] | Train Loss: 0.7635 (Base: 0.2749, Trend: 0.1664, DTW: 0.1074, TopK: 0.4923) | Val Loss: 0.785586 (Base: 0.2970, DTW: 0.1425, TopK: 0.4887) | EMA No-Trend Loss: 0.785287 | LR: 6.13e-05
Epoch [44/100] | Train Loss: 0.7696 (Base: 0.2767, Trend: 0.1682, DTW: 0.1082, TopK: 0.4974) | Val Loss: 0.782094 (Base: 0.2931, DTW: 0.1409, TopK: 0.5025) | EMA No-Trend Loss: 0.784488 | LR: 5.98e-05
Epoch [45/100] | Train Loss: 0.7604 (Base: 0.2741, Trend: 0.1668, DTW: 0.1066, TopK: 0.4904) | Val Loss: 0.781198 (Base: 0.2943, DTW: 0.1408, TopK: 0.4965) | EMA No-Trend Loss: 0.783666 | LR: 5.82e-05
Epoch [46/100] | Train Loss: 0.7613 (Base: 0.2738, Trend: 0.1669, DTW: 0.1069, TopK: 0.4920) | Val Loss: 0.783389 (Base: 0.2911, DTW: 0.1416, TopK: 0.5083) | EMA No-Trend Loss: 0.783597 | LR: 5.67e-05
Epoch [47/100] | Train Loss: 0.7565 (Base: 0.2726, Trend: 0.1668, DTW: 0.1057, TopK: 0.4897) | Val Loss: 0.778307 (Base: 0.2935, DTW: 0.1408, TopK: 0.4898) | EMA No-Trend Loss: 0.782274 | LR: 5.52e-05
Epoch [48/100] | Train Loss: 0.7537 (Base: 0.2718, Trend: 0.1667, DTW: 0.1050, TopK: 0.4882) | Val Loss: 0.796805 (Base: 0.3005, DTW: 0.1464, TopK: 0.4832) | EMA No-Trend Loss: 0.785907 | LR: 5.36e-05
Epoch [49/100] | Train Loss: 0.7538 (Base: 0.2718, Trend: 0.1674, DTW: 0.1048, TopK: 0.4892) | Val Loss: 0.787201 (Base: 0.2955, DTW: 0.1431, TopK: 0.4940) | EMA No-Trend Loss: 0.786231 | LR: 5.21e-05
Epoch [50/100] | Train Loss: 0.7521 (Base: 0.2718, Trend: 0.1679, DTW: 0.1043, TopK: 0.4870) | Val Loss: 0.789333 (Base: 0.2918, DTW: 0.1433, TopK: 0.5122) | EMA No-Trend Loss: 0.787006 | LR: 5.05e-05
Epoch [51/100] | Train Loss: 0.7458 (Base: 0.2705, Trend: 0.1669, DTW: 0.1029, TopK: 0.4835) | Val Loss: 0.791729 (Base: 0.2966, DTW: 0.1437, TopK: 0.5004) | EMA No-Trend Loss: 0.788187 | LR: 4.89e-05
Epoch [52/100] | Train Loss: 0.7435 (Base: 0.2693, Trend: 0.1675, DTW: 0.1023, TopK: 0.4830) | Val Loss: 0.785806 (Base: 0.2940, DTW: 0.1415, TopK: 0.5072) | EMA No-Trend Loss: 0.787592 | LR: 4.74e-05
Epoch [53/100] | Train Loss: 0.7394 (Base: 0.2681, Trend: 0.1672, DTW: 0.1016, TopK: 0.4793) | Val Loss: 0.781127 (Base: 0.2908, DTW: 0.1411, TopK: 0.5061) | EMA No-Trend Loss: 0.785976 | LR: 4.58e-05
Epoch [54/100] | Train Loss: 0.7393 (Base: 0.2678, Trend: 0.1669, DTW: 0.1017, TopK: 0.4799) | Val Loss: 0.785887 (Base: 0.2940, DTW: 0.1433, TopK: 0.4935) | EMA No-Trend Loss: 0.785954 | LR: 4.43e-05
Epoch [55/100] | Train Loss: 0.7342 (Base: 0.2666, Trend: 0.1670, DTW: 0.1003, TopK: 0.4775) | Val Loss: 0.787464 (Base: 0.2946, DTW: 0.1435, TopK: 0.4950) | EMA No-Trend Loss: 0.786331 | LR: 4.28e-05
Epoch [56/100] | Train Loss: 0.7362 (Base: 0.2674, Trend: 0.1673, DTW: 0.1005, TopK: 0.4798) | Val Loss: 0.789817 (Base: 0.2938, DTW: 0.1431, TopK: 0.5087) | EMA No-Trend Loss: 0.787202 | LR: 4.12e-05
Epoch [57/100] | Train Loss: 0.7347 (Base: 0.2667, Trend: 0.1677, DTW: 0.1002, TopK: 0.4787) | Val Loss: 0.788804 (Base: 0.2953, DTW: 0.1433, TopK: 0.4988) | EMA No-Trend Loss: 0.787603 | LR: 3.97e-05
Epoch [58/100] | Train Loss: 0.7317 (Base: 0.2657, Trend: 0.1675, DTW: 0.0998, TopK: 0.4757) | Val Loss: 0.798551 (Base: 0.2971, DTW: 0.1456, TopK: 0.5068) | EMA No-Trend Loss: 0.790340 | LR: 3.82e-05
Epoch [59/100] | Train Loss: 0.7269 (Base: 0.2651, Trend: 0.1675, DTW: 0.0983, TopK: 0.4734) | Val Loss: 0.788526 (Base: 0.2951, DTW: 0.1437, TopK: 0.4947) | EMA No-Trend Loss: 0.789886 | LR: 3.67e-05
Epoch [60/100] | Train Loss: 0.7281 (Base: 0.2652, Trend: 0.1685, DTW: 0.0984, TopK: 0.4750) | Val Loss: 0.790735 (Base: 0.2973, DTW: 0.1439, TopK: 0.4936) | EMA No-Trend Loss: 0.790099 | LR: 3.52e-05
Epoch [61/100] | Train Loss: 0.7269 (Base: 0.2646, Trend: 0.1682, DTW: 0.0982, TopK: 0.4747) | Val Loss: 0.777512 (Base: 0.2932, DTW: 0.1406, TopK: 0.4897) | EMA No-Trend Loss: 0.786952 | LR: 3.37e-05
Epoch [62/100] | Train Loss: 0.7226 (Base: 0.2632, Trend: 0.1675, DTW: 0.0976, TopK: 0.4718) | Val Loss: 0.802791 (Base: 0.2998, DTW: 0.1479, TopK: 0.4931) | EMA No-Trend Loss: 0.790912 | LR: 3.23e-05
Epoch [63/100] | Train Loss: 0.7192 (Base: 0.2626, Trend: 0.1675, DTW: 0.0966, TopK: 0.4698) | Val Loss: 0.785861 (Base: 0.2928, DTW: 0.1423, TopK: 0.5052) | EMA No-Trend Loss: 0.789649 | LR: 3.08e-05
Epoch [64/100] | Train Loss: 0.7224 (Base: 0.2637, Trend: 0.1683, DTW: 0.0971, TopK: 0.4717) | Val Loss: 0.788784 (Base: 0.2951, DTW: 0.1438, TopK: 0.4954) | EMA No-Trend Loss: 0.789433 | LR: 2.94e-05
Epoch [65/100] | Train Loss: 0.7170 (Base: 0.2620, Trend: 0.1681, DTW: 0.0961, TopK: 0.4673) | Val Loss: 0.781840 (Base: 0.2922, DTW: 0.1414, TopK: 0.5013) | EMA No-Trend Loss: 0.787535 | LR: 2.80e-05
Epoch [66/100] | Train Loss: 0.7187 (Base: 0.2620, Trend: 0.1686, DTW: 0.0964, TopK: 0.4700) | Val Loss: 0.783601 (Base: 0.2949, DTW: 0.1426, TopK: 0.4880) | EMA No-Trend Loss: 0.786551 | LR: 2.67e-05
Epoch [67/100] | Train Loss: 0.7148 (Base: 0.2609, Trend: 0.1684, DTW: 0.0955, TopK: 0.4683) | Val Loss: 0.776330 (Base: 0.2896, DTW: 0.1406, TopK: 0.4975) | EMA No-Trend Loss: 0.783996 | LR: 2.53e-05
Epoch [68/100] | Train Loss: 0.7134 (Base: 0.2605, Trend: 0.1680, DTW: 0.0954, TopK: 0.4666) | Val Loss: 0.793052 (Base: 0.2949, DTW: 0.1444, TopK: 0.5050) | EMA No-Trend Loss: 0.786260 | LR: 2.40e-05
Epoch [69/100] | Train Loss: 0.7116 (Base: 0.2601, Trend: 0.1686, DTW: 0.0948, TopK: 0.4660) | Val Loss: 0.782793 (Base: 0.2931, DTW: 0.1419, TopK: 0.4969) | EMA No-Trend Loss: 0.785393 | LR: 2.27e-05
Epoch [70/100] | Train Loss: 0.7117 (Base: 0.2602, Trend: 0.1684, DTW: 0.0949, TopK: 0.4652) | Val Loss: 0.793469 (Base: 0.2957, DTW: 0.1439, TopK: 0.5079) | EMA No-Trend Loss: 0.787412 | LR: 2.14e-05
Epoch [71/100] | Train Loss: 0.7099 (Base: 0.2594, Trend: 0.1683, DTW: 0.0946, TopK: 0.4643) | Val Loss: 0.796146 (Base: 0.2982, DTW: 0.1453, TopK: 0.4977) | EMA No-Trend Loss: 0.789595 | LR: 2.02e-05
Epoch [72/100] | Train Loss: 0.7057 (Base: 0.2581, Trend: 0.1675, DTW: 0.0939, TopK: 0.4620) | Val Loss: 0.785337 (Base: 0.2934, DTW: 0.1433, TopK: 0.4937) | EMA No-Trend Loss: 0.788531 | LR: 1.89e-05
Epoch [73/100] | Train Loss: 0.7068 (Base: 0.2589, Trend: 0.1694, DTW: 0.0936, TopK: 0.4623) | Val Loss: 0.793921 (Base: 0.2956, DTW: 0.1448, TopK: 0.5030) | EMA No-Trend Loss: 0.789878 | LR: 1.78e-05
Epoch [74/100] | Train Loss: 0.7114 (Base: 0.2604, Trend: 0.1697, DTW: 0.0943, TopK: 0.4662) | Val Loss: 0.786298 (Base: 0.2930, DTW: 0.1426, TopK: 0.5039) | EMA No-Trend Loss: 0.788983 | LR: 1.66e-05
Epoch [75/100] | Train Loss: 0.7054 (Base: 0.2590, Trend: 0.1694, DTW: 0.0931, TopK: 0.4606) | Val Loss: 0.788910 (Base: 0.2942, DTW: 0.1432, TopK: 0.5036) | EMA No-Trend Loss: 0.788965 | LR: 1.55e-05
Epoch [76/100] | Train Loss: 0.7049 (Base: 0.2583, Trend: 0.1695, DTW: 0.0930, TopK: 0.4622) | Val Loss: 0.788035 (Base: 0.2947, DTW: 0.1438, TopK: 0.4936) | EMA No-Trend Loss: 0.788732 | LR: 1.44e-05
Epoch [77/100] | Train Loss: 0.7066 (Base: 0.2589, Trend: 0.1698, DTW: 0.0931, TopK: 0.4651) | Val Loss: 0.790240 (Base: 0.2940, DTW: 0.1437, TopK: 0.5044) | EMA No-Trend Loss: 0.789109 | LR: 1.34e-05
Epoch [78/100] | Train Loss: 0.7002 (Base: 0.2569, Trend: 0.1690, DTW: 0.0920, TopK: 0.4599) | Val Loss: 0.796805 (Base: 0.2980, DTW: 0.1452, TopK: 0.5012) | EMA No-Trend Loss: 0.791033 | LR: 1.24e-05
Epoch [79/100] | Train Loss: 0.6987 (Base: 0.2564, Trend: 0.1691, DTW: 0.0916, TopK: 0.4596) | Val Loss: 0.789403 (Base: 0.2955, DTW: 0.1439, TopK: 0.4953) | EMA No-Trend Loss: 0.790626 | LR: 1.14e-05
Epoch [80/100] | Train Loss: 0.6958 (Base: 0.2556, Trend: 0.1688, DTW: 0.0912, TopK: 0.4565) | Val Loss: 0.796705 (Base: 0.2978, DTW: 0.1452, TopK: 0.5015) | EMA No-Trend Loss: 0.792145 | LR: 1.05e-05
Epoch [81/100] | Train Loss: 0.6943 (Base: 0.2549, Trend: 0.1681, DTW: 0.0911, TopK: 0.4561) | Val Loss: 0.787889 (Base: 0.2936, DTW: 0.1437, TopK: 0.4983) | EMA No-Trend Loss: 0.791081 | LR: 9.56e-06
Epoch [82/100] | Train Loss: 0.6966 (Base: 0.2560, Trend: 0.1688, DTW: 0.0915, TopK: 0.4555) | Val Loss: 0.787095 (Base: 0.2932, DTW: 0.1435, TopK: 0.4986) | EMA No-Trend Loss: 0.790085 | LR: 8.71e-06
Epoch [83/100] | Train Loss: 0.6935 (Base: 0.2551, Trend: 0.1689, DTW: 0.0905, TopK: 0.4555) | Val Loss: 0.792651 (Base: 0.2973, DTW: 0.1443, TopK: 0.4967) | EMA No-Trend Loss: 0.790726 | LR: 7.89e-06
Epoch [84/100] | Train Loss: 0.6944 (Base: 0.2553, Trend: 0.1689, DTW: 0.0907, TopK: 0.4566) | Val Loss: 0.795200 (Base: 0.2972, DTW: 0.1456, TopK: 0.4952) | EMA No-Trend Loss: 0.791845 | LR: 7.12e-06
Epoch [85/100] | Train Loss: 0.6951 (Base: 0.2553, Trend: 0.1691, DTW: 0.0909, TopK: 0.4569) | Val Loss: 0.794159 (Base: 0.2970, DTW: 0.1453, TopK: 0.4946) | EMA No-Trend Loss: 0.792423 | LR: 6.40e-06
Epoch [86/100] | Train Loss: 0.6931 (Base: 0.2550, Trend: 0.1690, DTW: 0.0903, TopK: 0.4562) | Val Loss: 0.795323 (Base: 0.2980, DTW: 0.1452, TopK: 0.4963) | EMA No-Trend Loss: 0.793148 | LR: 5.71e-06
Epoch [87/100] | Train Loss: 0.6872 (Base: 0.2528, Trend: 0.1683, DTW: 0.0895, TopK: 0.4516) | Val Loss: 0.786175 (Base: 0.2912, DTW: 0.1432, TopK: 0.5039) | EMA No-Trend Loss: 0.791405 | LR: 5.07e-06
Epoch [88/100] | Train Loss: 0.6926 (Base: 0.2549, Trend: 0.1698, DTW: 0.0900, TopK: 0.4563) | Val Loss: 0.799675 (Base: 0.2985, DTW: 0.1463, TopK: 0.5003) | EMA No-Trend Loss: 0.793473 | LR: 4.48e-06
Epoch [89/100] | Train Loss: 0.6943 (Base: 0.2552, Trend: 0.1698, DTW: 0.0905, TopK: 0.4573) | Val Loss: 0.788827 (Base: 0.2952, DTW: 0.1437, TopK: 0.4956) | EMA No-Trend Loss: 0.792311 | LR: 3.93e-06
Epoch [90/100] | Train Loss: 0.6881 (Base: 0.2531, Trend: 0.1686, DTW: 0.0895, TopK: 0.4525) | Val Loss: 0.786111 (Base: 0.2935, DTW: 0.1434, TopK: 0.4946) | EMA No-Trend Loss: 0.790761 | LR: 3.42e-06
Epoch [91/100] | Train Loss: 0.6936 (Base: 0.2548, Trend: 0.1698, DTW: 0.0904, TopK: 0.4563) | Val Loss: 0.793875 (Base: 0.2955, DTW: 0.1455, TopK: 0.4970) | EMA No-Trend Loss: 0.791540 | LR: 2.97e-06
Epoch [92/100] | Train Loss: 0.6890 (Base: 0.2536, Trend: 0.1688, DTW: 0.0894, TopK: 0.4548) | Val Loss: 0.800627 (Base: 0.2972, DTW: 0.1464, TopK: 0.5067) | EMA No-Trend Loss: 0.793811 | LR: 2.56e-06
Epoch [93/100] | Train Loss: 0.6927 (Base: 0.2546, Trend: 0.1701, DTW: 0.0902, TopK: 0.4555) | Val Loss: 0.786802 (Base: 0.2939, DTW: 0.1433, TopK: 0.4968) | EMA No-Trend Loss: 0.792059 | LR: 2.19e-06
Epoch [94/100] | Train Loss: 0.6885 (Base: 0.2534, Trend: 0.1691, DTW: 0.0895, TopK: 0.4525) | Val Loss: 0.790260 (Base: 0.2955, DTW: 0.1445, TopK: 0.4935) | EMA No-Trend Loss: 0.791609 | LR: 1.88e-06
Epoch [95/100] | Train Loss: 0.6940 (Base: 0.2552, Trend: 0.1704, DTW: 0.0902, TopK: 0.4572) | Val Loss: 0.791133 (Base: 0.2954, DTW: 0.1439, TopK: 0.5011) | EMA No-Trend Loss: 0.791490 | LR: 1.61e-06
Epoch [96/100] | Train Loss: 0.6928 (Base: 0.2550, Trend: 0.1702, DTW: 0.0900, TopK: 0.4551) | Val Loss: 0.790220 (Base: 0.2952, DTW: 0.1440, TopK: 0.4978) | EMA No-Trend Loss: 0.791173 | LR: 1.39e-06
Epoch [97/100] | Train Loss: 0.6931 (Base: 0.2550, Trend: 0.1697, DTW: 0.0903, TopK: 0.4554) | Val Loss: 0.789648 (Base: 0.2951, DTW: 0.1437, TopK: 0.4987) | EMA No-Trend Loss: 0.790791 | LR: 1.22e-06
Epoch [98/100] | Train Loss: 0.6931 (Base: 0.2544, Trend: 0.1698, DTW: 0.0903, TopK: 0.4571) | Val Loss: 0.798751 (Base: 0.2973, DTW: 0.1467, TopK: 0.4977) | EMA No-Trend Loss: 0.792781 | LR: 1.10e-06
Epoch [99/100] | Train Loss: 0.6926 (Base: 0.2549, Trend: 0.1702, DTW: 0.0901, TopK: 0.4548) | Val Loss: 0.789094 (Base: 0.2951, DTW: 0.1440, TopK: 0.4944) | EMA No-Trend Loss: 0.791859 | LR: 1.02e-06
Epoch [100/100] | Train Loss: 0.6886 (Base: 0.2532, Trend: 0.1694, DTW: 0.0893, TopK: 0.4548) | Val Loss: 0.791229 (Base: 0.2959, DTW: 0.1441, TopK: 0.4984) | EMA No-Trend Loss: 0.791702 | LR: 1.00e-06
