Starting experiment (seed=2)
Device: cuda
Building static profile features from historical data...
Loading lightweight encoder...
Total trainable parameters: 5,010,690
Epoch [1/100] | Total Loss: 1.2726 | Aux Loss: 0.2636 | Train Mixed Loss: 1.0090 (Base: 0.3327, Trend: 0.1609, DTW: 0.1769, TopK: 0.5706) | Val Mixed Loss (No Trend): 0.8997 (Base: 0.3248, DTW: 0.1664, TopK: 0.5856) | EMA Val Loss (No Trend): 0.899710 | LR: 2.00e-04
Saved new best weights to best_model_seed2.pth (EMA validation loss without trend: 0.899710).
Epoch [2/100] | Total Loss: 1.1455 | Aux Loss: 0.2095 | Train Mixed Loss: 0.9360 (Base: 0.3179, Trend: 0.1513, DTW: 0.1562, TopK: 0.5590) | Val Mixed Loss (No Trend): 0.8272 (Base: 0.3065, DTW: 0.1520, TopK: 0.5199) | EMA Val Loss (No Trend): 0.881592 | LR: 2.00e-04
Saved new best weights to best_model_seed2.pth (EMA validation loss without trend: 0.881592).
Epoch [3/100] | Total Loss: 1.1101 | Aux Loss: 0.1987 | Train Mixed Loss: 0.9114 (Base: 0.3125, Trend: 0.1519, DTW: 0.1494, TopK: 0.5478) | Val Mixed Loss (No Trend): 0.8057 (Base: 0.2951, DTW: 0.1458, TopK: 0.5358) | EMA Val Loss (No Trend): 0.862626 | LR: 2.00e-04
Saved new best weights to best_model_seed2.pth (EMA validation loss without trend: 0.862626).
Epoch [4/100] | Total Loss: 1.0824 | Aux Loss: 0.1940 | Train Mixed Loss: 0.8884 (Base: 0.3084, Trend: 0.1516, DTW: 0.1427, TopK: 0.5391) | Val Mixed Loss (No Trend): 0.8061 (Base: 0.2965, DTW: 0.1434, TopK: 0.5516) | EMA Val Loss (No Trend): 0.848500 | LR: 1.99e-04
Saved new best weights to best_model_seed2.pth (EMA validation loss without trend: 0.848500).
Epoch [5/100] | Total Loss: 1.0529 | Aux Loss: 0.1897 | Train Mixed Loss: 0.8632 (Base: 0.3007, Trend: 0.1508, DTW: 0.1363, TopK: 0.5329) | Val Mixed Loss (No Trend): 0.8045 (Base: 0.3029, DTW: 0.1487, TopK: 0.4828) | EMA Val Loss (No Trend): 0.837502 | LR: 1.99e-04
Saved new best weights to best_model_seed2.pth (EMA validation loss without trend: 0.837502).
Epoch [6/100] | Total Loss: 1.0529 | Aux Loss: 0.1870 | Train Mixed Loss: 0.8659 (Base: 0.3023, Trend: 0.1516, DTW: 0.1371, TopK: 0.5292) | Val Mixed Loss (No Trend): 0.7809 (Base: 0.2943, DTW: 0.1401, TopK: 0.5011) | EMA Val Loss (No Trend): 0.823344 | LR: 1.98e-04
Saved new best weights to best_model_seed2.pth (EMA validation loss without trend: 0.823344).
Epoch [7/100] | Total Loss: 1.0317 | Aux Loss: 0.1860 | Train Mixed Loss: 0.8457 (Base: 0.2964, Trend: 0.1511, DTW: 0.1319, TopK: 0.5241) | Val Mixed Loss (No Trend): 0.7902 (Base: 0.2959, DTW: 0.1413, TopK: 0.5177) | EMA Val Loss (No Trend): 0.815067 | LR: 1.98e-04
Saved new best weights to best_model_seed2.pth (EMA validation loss without trend: 0.815067).
Epoch [8/100] | Total Loss: 1.0156 | Aux Loss: 0.1838 | Train Mixed Loss: 0.8318 (Base: 0.2928, Trend: 0.1508, DTW: 0.1286, TopK: 0.5168) | Val Mixed Loss (No Trend): 0.7778 (Base: 0.2839, DTW: 0.1371, TopK: 0.5493) | EMA Val Loss (No Trend): 0.805750 | LR: 1.97e-04
Saved new best weights to best_model_seed2.pth (EMA validation loss without trend: 0.805750).
Epoch [9/100] | Total Loss: 1.0095 | Aux Loss: 0.1813 | Train Mixed Loss: 0.8282 (Base: 0.2923, Trend: 0.1502, DTW: 0.1278, TopK: 0.5138) | Val Mixed Loss (No Trend): 0.8134 (Base: 0.3170, DTW: 0.1505, TopK: 0.4503) | EMA Val Loss (No Trend): 0.807654 | LR: 1.96e-04
Epoch [10/100] | Total Loss: 1.0018 | Aux Loss: 0.1800 | Train Mixed Loss: 0.8218 (Base: 0.2904, Trend: 0.1496, DTW: 0.1262, TopK: 0.5128) | Val Mixed Loss (No Trend): 0.7563 (Base: 0.2845, DTW: 0.1329, TopK: 0.5095) | EMA Val Loss (No Trend): 0.794817 | LR: 1.95e-04
Saved new best weights to best_model_seed2.pth (EMA validation loss without trend: 0.794817).
Epoch [11/100] | Total Loss: 0.9882 | Aux Loss: 0.1772 | Train Mixed Loss: 0.8110 (Base: 0.2882, Trend: 0.1493, DTW: 0.1235, TopK: 0.5062) | Val Mixed Loss (No Trend): 0.7707 (Base: 0.2956, DTW: 0.1368, TopK: 0.4893) | EMA Val Loss (No Trend): 0.788797 | LR: 1.94e-04
Saved new best weights to best_model_seed2.pth (EMA validation loss without trend: 0.788797).
Epoch [12/100] | Total Loss: 0.9912 | Aux Loss: 0.1810 | Train Mixed Loss: 0.8102 (Base: 0.2879, Trend: 0.1493, DTW: 0.1232, TopK: 0.5067) | Val Mixed Loss (No Trend): 0.7656 (Base: 0.2901, DTW: 0.1371, TopK: 0.4883) | EMA Val Loss (No Trend): 0.783007 | LR: 1.93e-04
Saved new best weights to best_model_seed2.pth (EMA validation loss without trend: 0.783007).
Epoch [13/100] | Total Loss: 0.9805 | Aux Loss: 0.1786 | Train Mixed Loss: 0.8019 (Base: 0.2852, Trend: 0.1488, DTW: 0.1213, TopK: 0.5035) | Val Mixed Loss (No Trend): 0.7596 (Base: 0.2878, DTW: 0.1333, TopK: 0.5061) | EMA Val Loss (No Trend): 0.777156 | LR: 1.92e-04
Saved new best weights to best_model_seed2.pth (EMA validation loss without trend: 0.777156).
Epoch [14/100] | Total Loss: 0.9679 | Aux Loss: 0.1761 | Train Mixed Loss: 0.7918 (Base: 0.2827, Trend: 0.1477, DTW: 0.1192, TopK: 0.4971) | Val Mixed Loss (No Trend): 0.7665 (Base: 0.2961, DTW: 0.1391, TopK: 0.4557) | EMA Val Loss (No Trend): 0.774496 | LR: 1.91e-04
Saved new best weights to best_model_seed2.pth (EMA validation loss without trend: 0.774496).
Epoch [15/100] | Total Loss: 0.9671 | Aux Loss: 0.1767 | Train Mixed Loss: 0.7904 (Base: 0.2816, Trend: 0.1479, DTW: 0.1190, TopK: 0.4974) | Val Mixed Loss (No Trend): 0.7462 (Base: 0.2833, DTW: 0.1304, TopK: 0.4994) | EMA Val Loss (No Trend): 0.767419 | LR: 1.89e-04
Saved new best weights to best_model_seed2.pth (EMA validation loss without trend: 0.767419).
Epoch [16/100] | Total Loss: 0.9573 | Aux Loss: 0.1743 | Train Mixed Loss: 0.7830 (Base: 0.2805, Trend: 0.1481, DTW: 0.1169, TopK: 0.4926) | Val Mixed Loss (No Trend): 0.7534 (Base: 0.2845, DTW: 0.1338, TopK: 0.4926) | EMA Val Loss (No Trend): 0.763912 | LR: 1.88e-04
Saved new best weights to best_model_seed2.pth (EMA validation loss without trend: 0.763912).
Epoch [17/100] | Total Loss: 0.9456 | Aux Loss: 0.1734 | Train Mixed Loss: 0.7721 (Base: 0.2773, Trend: 0.1471, DTW: 0.1144, TopK: 0.4893) | Val Mixed Loss (No Trend): 0.7340 (Base: 0.2768, DTW: 0.1286, TopK: 0.4951) | EMA Val Loss (No Trend): 0.756444 | LR: 1.86e-04
Saved new best weights to best_model_seed2.pth (EMA validation loss without trend: 0.756444).
Epoch [18/100] | Total Loss: 0.9443 | Aux Loss: 0.1736 | Train Mixed Loss: 0.7707 (Base: 0.2771, Trend: 0.1483, DTW: 0.1138, TopK: 0.4874) | Val Mixed Loss (No Trend): 0.7799 (Base: 0.3025, DTW: 0.1399, TopK: 0.4718) | EMA Val Loss (No Trend): 0.762299 | LR: 1.85e-04
Epoch [19/100] | Total Loss: 0.9381 | Aux Loss: 0.1733 | Train Mixed Loss: 0.7648 (Base: 0.2752, Trend: 0.1470, DTW: 0.1130, TopK: 0.4827) | Val Mixed Loss (No Trend): 0.7572 (Base: 0.2860, DTW: 0.1336, TopK: 0.5017) | EMA Val Loss (No Trend): 0.761035 | LR: 1.83e-04
Epoch [20/100] | Total Loss: 0.9379 | Aux Loss: 0.1737 | Train Mixed Loss: 0.7642 (Base: 0.2757, Trend: 0.1476, DTW: 0.1125, TopK: 0.4823) | Val Mixed Loss (No Trend): 0.7641 (Base: 0.2940, DTW: 0.1352, TopK: 0.4857) | EMA Val Loss (No Trend): 0.761796 | LR: 1.81e-04
Epoch [21/100] | Total Loss: 0.9269 | Aux Loss: 0.1704 | Train Mixed Loss: 0.7565 (Base: 0.2736, Trend: 0.1468, DTW: 0.1108, TopK: 0.4788) | Val Mixed Loss (No Trend): 0.7466 (Base: 0.2797, DTW: 0.1332, TopK: 0.4907) | EMA Val Loss (No Trend): 0.757992 | LR: 1.79e-04
Epoch [22/100] | Total Loss: 0.9266 | Aux Loss: 0.1692 | Train Mixed Loss: 0.7574 (Base: 0.2735, Trend: 0.1474, DTW: 0.1107, TopK: 0.4818) | Val Mixed Loss (No Trend): 0.7452 (Base: 0.2774, DTW: 0.1308, TopK: 0.5131) | EMA Val Loss (No Trend): 0.754787 | LR: 1.77e-04
Saved new best weights to best_model_seed2.pth (EMA validation loss without trend: 0.754787).
Epoch [23/100] | Total Loss: 0.9198 | Aux Loss: 0.1706 | Train Mixed Loss: 0.7492 (Base: 0.2717, Trend: 0.1463, DTW: 0.1090, TopK: 0.4760) | Val Mixed Loss (No Trend): 0.7349 (Base: 0.2811, DTW: 0.1285, TopK: 0.4843) | EMA Val Loss (No Trend): 0.749817 | LR: 1.75e-04
Saved new best weights to best_model_seed2.pth (EMA validation loss without trend: 0.749817).
Epoch [24/100] | Total Loss: 0.9126 | Aux Loss: 0.1678 | Train Mixed Loss: 0.7448 (Base: 0.2703, Trend: 0.1467, DTW: 0.1076, TopK: 0.4767) | Val Mixed Loss (No Trend): 0.7392 (Base: 0.2801, DTW: 0.1295, TopK: 0.4945) | EMA Val Loss (No Trend): 0.747151 | LR: 1.73e-04
Saved new best weights to best_model_seed2.pth (EMA validation loss without trend: 0.747151).
Epoch [25/100] | Total Loss: 0.9109 | Aux Loss: 0.1693 | Train Mixed Loss: 0.7416 (Base: 0.2692, Trend: 0.1463, DTW: 0.1075, TopK: 0.4707) | Val Mixed Loss (No Trend): 0.7517 (Base: 0.2759, DTW: 0.1345, TopK: 0.5101) | EMA Val Loss (No Trend): 0.748300 | LR: 1.71e-04
Epoch [26/100] | Total Loss: 0.9073 | Aux Loss: 0.1686 | Train Mixed Loss: 0.7387 (Base: 0.2681, Trend: 0.1468, DTW: 0.1066, TopK: 0.4713) | Val Mixed Loss (No Trend): 0.7327 (Base: 0.2819, DTW: 0.1293, TopK: 0.4683) | EMA Val Loss (No Trend): 0.744387 | LR: 1.69e-04
Saved new best weights to best_model_seed2.pth (EMA validation loss without trend: 0.744387).
Epoch [27/100] | Total Loss: 0.9059 | Aux Loss: 0.1667 | Train Mixed Loss: 0.7391 (Base: 0.2687, Trend: 0.1474, DTW: 0.1063, TopK: 0.4720) | Val Mixed Loss (No Trend): 0.7712 (Base: 0.2956, DTW: 0.1380, TopK: 0.4812) | EMA Val Loss (No Trend): 0.751091 | LR: 1.66e-04
Epoch [28/100] | Total Loss: 0.9016 | Aux Loss: 0.1678 | Train Mixed Loss: 0.7338 (Base: 0.2670, Trend: 0.1473, DTW: 0.1053, TopK: 0.4680) | Val Mixed Loss (No Trend): 0.7419 (Base: 0.2822, DTW: 0.1305, TopK: 0.4882) | EMA Val Loss (No Trend): 0.748797 | LR: 1.64e-04
Epoch [29/100] | Total Loss: 0.8962 | Aux Loss: 0.1677 | Train Mixed Loss: 0.7285 (Base: 0.2657, Trend: 0.1470, DTW: 0.1042, TopK: 0.4642) | Val Mixed Loss (No Trend): 0.7438 (Base: 0.2859, DTW: 0.1318, TopK: 0.4722) | EMA Val Loss (No Trend): 0.747548 | LR: 1.61e-04
Epoch [30/100] | Total Loss: 0.8889 | Aux Loss: 0.1671 | Train Mixed Loss: 0.7218 (Base: 0.2643, Trend: 0.1471, DTW: 0.1020, TopK: 0.4637) | Val Mixed Loss (No Trend): 0.7653 (Base: 0.2957, DTW: 0.1368, TopK: 0.4706) | EMA Val Loss (No Trend): 0.751983 | LR: 1.59e-04
Epoch [31/100] | Total Loss: 0.8816 | Aux Loss: 0.1664 | Train Mixed Loss: 0.7151 (Base: 0.2615, Trend: 0.1458, DTW: 0.1013, TopK: 0.4585) | Val Mixed Loss (No Trend): 0.7622 (Base: 0.2952, DTW: 0.1349, TopK: 0.4772) | EMA Val Loss (No Trend): 0.754537 | LR: 1.56e-04
Epoch [32/100] | Total Loss: 0.8806 | Aux Loss: 0.1650 | Train Mixed Loss: 0.7156 (Base: 0.2628, Trend: 0.1465, DTW: 0.1007, TopK: 0.4595) | Val Mixed Loss (No Trend): 0.7539 (Base: 0.2912, DTW: 0.1351, TopK: 0.4616) | EMA Val Loss (No Trend): 0.754379 | LR: 1.54e-04
Epoch [33/100] | Total Loss: 0.8724 | Aux Loss: 0.1640 | Train Mixed Loss: 0.7084 (Base: 0.2596, Trend: 0.1454, DTW: 0.0999, TopK: 0.4547) | Val Mixed Loss (No Trend): 0.7407 (Base: 0.2807, DTW: 0.1311, TopK: 0.4844) | EMA Val Loss (No Trend): 0.750958 | LR: 1.51e-04
Epoch [34/100] | Total Loss: 0.8716 | Aux Loss: 0.1647 | Train Mixed Loss: 0.7069 (Base: 0.2594, Trend: 0.1460, DTW: 0.0993, TopK: 0.4539) | Val Mixed Loss (No Trend): 0.7572 (Base: 0.2935, DTW: 0.1356, TopK: 0.4608) | EMA Val Loss (No Trend): 0.752514 | LR: 1.48e-04
Epoch [35/100] | Total Loss: 0.8682 | Aux Loss: 0.1635 | Train Mixed Loss: 0.7047 (Base: 0.2595, Trend: 0.1465, DTW: 0.0983, TopK: 0.4531) | Val Mixed Loss (No Trend): 0.7546 (Base: 0.2893, DTW: 0.1370, TopK: 0.4550) | EMA Val Loss (No Trend): 0.753028 | LR: 1.46e-04
Epoch [36/100] | Total Loss: 0.8720 | Aux Loss: 0.1657 | Train Mixed Loss: 0.7063 (Base: 0.2596, Trend: 0.1471, DTW: 0.0984, TopK: 0.4565) | Val Mixed Loss (No Trend): 0.7379 (Base: 0.2807, DTW: 0.1297, TopK: 0.4864) | EMA Val Loss (No Trend): 0.749252 | LR: 1.43e-04
Epoch [37/100] | Total Loss: 0.8677 | Aux Loss: 0.1646 | Train Mixed Loss: 0.7031 (Base: 0.2587, Trend: 0.1467, DTW: 0.0983, TopK: 0.4509) | Val Mixed Loss (No Trend): 0.7449 (Base: 0.2818, DTW: 0.1320, TopK: 0.4871) | EMA Val Loss (No Trend): 0.748156 | LR: 1.40e-04
Epoch [38/100] | Total Loss: 0.8497 | Aux Loss: 0.1620 | Train Mixed Loss: 0.6877 (Base: 0.2534, Trend: 0.1449, DTW: 0.0952, TopK: 0.4446) | Val Mixed Loss (No Trend): 0.7456 (Base: 0.2861, DTW: 0.1330, TopK: 0.4681) | EMA Val Loss (No Trend): 0.747524 | LR: 1.37e-04
Epoch [39/100] | Total Loss: 0.8518 | Aux Loss: 0.1628 | Train Mixed Loss: 0.6891 (Base: 0.2547, Trend: 0.1464, DTW: 0.0948, TopK: 0.4454) | Val Mixed Loss (No Trend): 0.7267 (Base: 0.2779, DTW: 0.1281, TopK: 0.4712) | EMA Val Loss (No Trend): 0.742313 | LR: 1.34e-04
Saved new best weights to best_model_seed2.pth (EMA validation loss without trend: 0.742313).
Epoch [40/100] | Total Loss: 0.8431 | Aux Loss: 0.1604 | Train Mixed Loss: 0.6827 (Base: 0.2527, Trend: 0.1452, DTW: 0.0935, TopK: 0.4431) | Val Mixed Loss (No Trend): 0.7715 (Base: 0.2992, DTW: 0.1405, TopK: 0.4502) | EMA Val Loss (No Trend): 0.749616 | LR: 1.31e-04
Epoch [41/100] | Total Loss: 0.8464 | Aux Loss: 0.1627 | Train Mixed Loss: 0.6838 (Base: 0.2539, Trend: 0.1464, DTW: 0.0935, TopK: 0.4408) | Val Mixed Loss (No Trend): 0.7281 (Base: 0.2777, DTW: 0.1264, TopK: 0.4902) | EMA Val Loss (No Trend): 0.744244 | LR: 1.28e-04
Epoch [42/100] | Total Loss: 0.8430 | Aux Loss: 0.1597 | Train Mixed Loss: 0.6833 (Base: 0.2528, Trend: 0.1457, DTW: 0.0939, TopK: 0.4414) | Val Mixed Loss (No Trend): 0.7462 (Base: 0.2841, DTW: 0.1326, TopK: 0.4796) | EMA Val Loss (No Trend): 0.744721 | LR: 1.25e-04
Epoch [43/100] | Total Loss: 0.8340 | Aux Loss: 0.1604 | Train Mixed Loss: 0.6736 (Base: 0.2503, Trend: 0.1449, DTW: 0.0918, TopK: 0.4351) | Val Mixed Loss (No Trend): 0.7512 (Base: 0.2897, DTW: 0.1329, TopK: 0.4751) | EMA Val Loss (No Trend): 0.746349 | LR: 1.22e-04
Epoch [44/100] | Total Loss: 0.8366 | Aux Loss: 0.1614 | Train Mixed Loss: 0.6751 (Base: 0.2504, Trend: 0.1459, DTW: 0.0919, TopK: 0.4376) | Val Mixed Loss (No Trend): 0.7451 (Base: 0.2855, DTW: 0.1320, TopK: 0.4758) | EMA Val Loss (No Trend): 0.746037 | LR: 1.19e-04
Epoch [45/100] | Total Loss: 0.8299 | Aux Loss: 0.1601 | Train Mixed Loss: 0.6698 (Base: 0.2487, Trend: 0.1457, DTW: 0.0905, TopK: 0.4368) | Val Mixed Loss (No Trend): 0.7460 (Base: 0.2874, DTW: 0.1326, TopK: 0.4676) | EMA Val Loss (No Trend): 0.746038 | LR: 1.16e-04
Epoch [46/100] | Total Loss: 0.8271 | Aux Loss: 0.1587 | Train Mixed Loss: 0.6684 (Base: 0.2483, Trend: 0.1457, DTW: 0.0903, TopK: 0.4351) | Val Mixed Loss (No Trend): 0.7281 (Base: 0.2781, DTW: 0.1278, TopK: 0.4780) | EMA Val Loss (No Trend): 0.741551 | LR: 1.13e-04
Saved new best weights to best_model_seed2.pth (EMA validation loss without trend: 0.741551).
Epoch [47/100] | Total Loss: 0.8275 | Aux Loss: 0.1598 | Train Mixed Loss: 0.6677 (Base: 0.2484, Trend: 0.1452, DTW: 0.0904, TopK: 0.4330) | Val Mixed Loss (No Trend): 0.7483 (Base: 0.2887, DTW: 0.1341, TopK: 0.4591) | EMA Val Loss (No Trend): 0.743240 | LR: 1.10e-04
Epoch [48/100] | Total Loss: 0.8266 | Aux Loss: 0.1588 | Train Mixed Loss: 0.6678 (Base: 0.2484, Trend: 0.1468, DTW: 0.0900, TopK: 0.4336) | Val Mixed Loss (No Trend): 0.7341 (Base: 0.2816, DTW: 0.1289, TopK: 0.4769) | EMA Val Loss (No Trend): 0.740949 | LR: 1.07e-04
Saved new best weights to best_model_seed2.pth (EMA validation loss without trend: 0.740949).
Epoch [49/100] | Total Loss: 0.8198 | Aux Loss: 0.1587 | Train Mixed Loss: 0.6611 (Base: 0.2465, Trend: 0.1460, DTW: 0.0884, TopK: 0.4318) | Val Mixed Loss (No Trend): 0.7612 (Base: 0.2967, DTW: 0.1370, TopK: 0.4527) | EMA Val Loss (No Trend): 0.746022 | LR: 1.04e-04
Epoch [50/100] | Total Loss: 0.8102 | Aux Loss: 0.1573 | Train Mixed Loss: 0.6529 (Base: 0.2437, Trend: 0.1452, DTW: 0.0872, TopK: 0.4244) | Val Mixed Loss (No Trend): 0.7344 (Base: 0.2791, DTW: 0.1292, TopK: 0.4837) | EMA Val Loss (No Trend): 0.743123 | LR: 1.01e-04
Epoch [51/100] | Total Loss: 0.8115 | Aux Loss: 0.1590 | Train Mixed Loss: 0.6524 (Base: 0.2439, Trend: 0.1451, DTW: 0.0868, TopK: 0.4253) | Val Mixed Loss (No Trend): 0.7516 (Base: 0.2898, DTW: 0.1351, TopK: 0.4588) | EMA Val Loss (No Trend): 0.745236 | LR: 9.74e-05
Epoch [52/100] | Total Loss: 0.8059 | Aux Loss: 0.1577 | Train Mixed Loss: 0.6483 (Base: 0.2433, Trend: 0.1449, DTW: 0.0858, TopK: 0.4216) | Val Mixed Loss (No Trend): 0.7428 (Base: 0.2862, DTW: 0.1309, TopK: 0.4751) | EMA Val Loss (No Trend): 0.744637 | LR: 9.43e-05
Epoch [53/100] | Total Loss: 0.8060 | Aux Loss: 0.1568 | Train Mixed Loss: 0.6492 (Base: 0.2428, Trend: 0.1454, DTW: 0.0863, TopK: 0.4214) | Val Mixed Loss (No Trend): 0.7369 (Base: 0.2776, DTW: 0.1290, TopK: 0.4994) | EMA Val Loss (No Trend): 0.742714 | LR: 9.11e-05
Epoch [54/100] | Total Loss: 0.8020 | Aux Loss: 0.1566 | Train Mixed Loss: 0.6453 (Base: 0.2417, Trend: 0.1463, DTW: 0.0852, TopK: 0.4201) | Val Mixed Loss (No Trend): 0.7348 (Base: 0.2792, DTW: 0.1289, TopK: 0.4877) | EMA Val Loss (No Trend): 0.740726 | LR: 8.80e-05
Saved new best weights to best_model_seed2.pth (EMA validation loss without trend: 0.740726).
Epoch [55/100] | Total Loss: 0.7979 | Aux Loss: 0.1566 | Train Mixed Loss: 0.6413 (Base: 0.2401, Trend: 0.1454, DTW: 0.0843, TopK: 0.4204) | Val Mixed Loss (No Trend): 0.7569 (Base: 0.2926, DTW: 0.1346, TopK: 0.4704) | EMA Val Loss (No Trend): 0.744770 | LR: 8.49e-05
Epoch [56/100] | Total Loss: 0.7942 | Aux Loss: 0.1551 | Train Mixed Loss: 0.6391 (Base: 0.2399, Trend: 0.1459, DTW: 0.0839, TopK: 0.4165) | Val Mixed Loss (No Trend): 0.7431 (Base: 0.2847, DTW: 0.1309, TopK: 0.4806) | EMA Val Loss (No Trend): 0.744365 | LR: 8.19e-05
Epoch [57/100] | Total Loss: 0.7888 | Aux Loss: 0.1559 | Train Mixed Loss: 0.6329 (Base: 0.2378, Trend: 0.1453, DTW: 0.0825, TopK: 0.4154) | Val Mixed Loss (No Trend): 0.7440 (Base: 0.2857, DTW: 0.1303, TopK: 0.4858) | EMA Val Loss (No Trend): 0.744276 | LR: 7.88e-05
Epoch [58/100] | Total Loss: 0.7835 | Aux Loss: 0.1539 | Train Mixed Loss: 0.6296 (Base: 0.2372, Trend: 0.1450, DTW: 0.0817, TopK: 0.4127) | Val Mixed Loss (No Trend): 0.7736 (Base: 0.2985, DTW: 0.1401, TopK: 0.4629) | EMA Val Loss (No Trend): 0.751620 | LR: 7.58e-05
Epoch [59/100] | Total Loss: 0.7870 | Aux Loss: 0.1568 | Train Mixed Loss: 0.6302 (Base: 0.2374, Trend: 0.1453, DTW: 0.0821, TopK: 0.4108) | Val Mixed Loss (No Trend): 0.7392 (Base: 0.2830, DTW: 0.1300, TopK: 0.4808) | EMA Val Loss (No Trend): 0.748526 | LR: 7.27e-05
Epoch [60/100] | Total Loss: 0.7806 | Aux Loss: 0.1564 | Train Mixed Loss: 0.6243 (Base: 0.2357, Trend: 0.1450, DTW: 0.0806, TopK: 0.4088) | Val Mixed Loss (No Trend): 0.7559 (Base: 0.2890, DTW: 0.1349, TopK: 0.4770) | EMA Val Loss (No Trend): 0.750381 | LR: 6.98e-05
Epoch [61/100] | Total Loss: 0.7769 | Aux Loss: 0.1547 | Train Mixed Loss: 0.6222 (Base: 0.2345, Trend: 0.1447, DTW: 0.0802, TopK: 0.4094) | Val Mixed Loss (No Trend): 0.7476 (Base: 0.2889, DTW: 0.1331, TopK: 0.4639) | EMA Val Loss (No Trend): 0.749676 | LR: 6.68e-05
Epoch [62/100] | Total Loss: 0.7813 | Aux Loss: 0.1557 | Train Mixed Loss: 0.6256 (Base: 0.2361, Trend: 0.1461, DTW: 0.0805, TopK: 0.4106) | Val Mixed Loss (No Trend): 0.7463 (Base: 0.2852, DTW: 0.1323, TopK: 0.4786) | EMA Val Loss (No Trend): 0.748839 | LR: 6.39e-05
Epoch [63/100] | Total Loss: 0.7709 | Aux Loss: 0.1534 | Train Mixed Loss: 0.6175 (Base: 0.2336, Trend: 0.1450, DTW: 0.0791, TopK: 0.4049) | Val Mixed Loss (No Trend): 0.7431 (Base: 0.2866, DTW: 0.1317, TopK: 0.4674) | EMA Val Loss (No Trend): 0.747394 | LR: 6.10e-05
Epoch [64/100] | Total Loss: 0.7760 | Aux Loss: 0.1555 | Train Mixed Loss: 0.6205 (Base: 0.2344, Trend: 0.1463, DTW: 0.0797, TopK: 0.4057) | Val Mixed Loss (No Trend): 0.7517 (Base: 0.2876, DTW: 0.1347, TopK: 0.4694) | EMA Val Loss (No Trend): 0.748466 | LR: 5.81e-05
Epoch [65/100] | Total Loss: 0.7663 | Aux Loss: 0.1543 | Train Mixed Loss: 0.6119 (Base: 0.2322, Trend: 0.1451, DTW: 0.0778, TopK: 0.4016) | Val Mixed Loss (No Trend): 0.7626 (Base: 0.2921, DTW: 0.1364, TopK: 0.4770) | EMA Val Loss (No Trend): 0.751988 | LR: 5.53e-05
Epoch [66/100] | Total Loss: 0.7722 | Aux Loss: 0.1550 | Train Mixed Loss: 0.6172 (Base: 0.2338, Trend: 0.1462, DTW: 0.0789, TopK: 0.4032) | Val Mixed Loss (No Trend): 0.7440 (Base: 0.2848, DTW: 0.1311, TopK: 0.4817) | EMA Val Loss (No Trend): 0.749985 | LR: 5.26e-05
Epoch [67/100] | Total Loss: 0.7670 | Aux Loss: 0.1539 | Train Mixed Loss: 0.6132 (Base: 0.2320, Trend: 0.1458, DTW: 0.0781, TopK: 0.4024) | Val Mixed Loss (No Trend): 0.7567 (Base: 0.2890, DTW: 0.1351, TopK: 0.4781) | EMA Val Loss (No Trend): 0.751658 | LR: 4.99e-05
Epoch [68/100] | Total Loss: 0.7640 | Aux Loss: 0.1539 | Train Mixed Loss: 0.6101 (Base: 0.2314, Trend: 0.1459, DTW: 0.0776, TopK: 0.3986) | Val Mixed Loss (No Trend): 0.7491 (Base: 0.2901, DTW: 0.1327, TopK: 0.4682) | EMA Val Loss (No Trend): 0.751023 | LR: 4.72e-05
Epoch [69/100] | Total Loss: 0.7606 | Aux Loss: 0.1548 | Train Mixed Loss: 0.6058 (Base: 0.2307, Trend: 0.1450, DTW: 0.0766, TopK: 0.3957) | Val Mixed Loss (No Trend): 0.7431 (Base: 0.2869, DTW: 0.1318, TopK: 0.4660) | EMA Val Loss (No Trend): 0.749034 | LR: 4.46e-05
Epoch [70/100] | Total Loss: 0.7589 | Aux Loss: 0.1537 | Train Mixed Loss: 0.6053 (Base: 0.2293, Trend: 0.1454, DTW: 0.0764, TopK: 0.3992) | Val Mixed Loss (No Trend): 0.7362 (Base: 0.2823, DTW: 0.1305, TopK: 0.4686) | EMA Val Loss (No Trend): 0.745820 | LR: 4.20e-05
Epoch [71/100] | Total Loss: 0.7511 | Aux Loss: 0.1532 | Train Mixed Loss: 0.5979 (Base: 0.2280, Trend: 0.1444, DTW: 0.0751, TopK: 0.3917) | Val Mixed Loss (No Trend): 0.7512 (Base: 0.2877, DTW: 0.1336, TopK: 0.4763) | EMA Val Loss (No Trend): 0.747157 | LR: 3.95e-05
Epoch [72/100] | Total Loss: 0.7486 | Aux Loss: 0.1530 | Train Mixed Loss: 0.5956 (Base: 0.2266, Trend: 0.1444, DTW: 0.0747, TopK: 0.3915) | Val Mixed Loss (No Trend): 0.7475 (Base: 0.2851, DTW: 0.1333, TopK: 0.4745) | EMA Val Loss (No Trend): 0.747237 | LR: 3.71e-05
Epoch [73/100] | Total Loss: 0.7560 | Aux Loss: 0.1538 | Train Mixed Loss: 0.6021 (Base: 0.2281, Trend: 0.1459, DTW: 0.0759, TopK: 0.3964) | Val Mixed Loss (No Trend): 0.7600 (Base: 0.2917, DTW: 0.1373, TopK: 0.4631) | EMA Val Loss (No Trend): 0.750435 | LR: 3.47e-05
Epoch [74/100] | Total Loss: 0.7481 | Aux Loss: 0.1527 | Train Mixed Loss: 0.5955 (Base: 0.2265, Trend: 0.1447, DTW: 0.0745, TopK: 0.3927) | Val Mixed Loss (No Trend): 0.7480 (Base: 0.2860, DTW: 0.1335, TopK: 0.4718) | EMA Val Loss (No Trend): 0.749820 | LR: 3.24e-05
Epoch [75/100] | Total Loss: 0.7481 | Aux Loss: 0.1525 | Train Mixed Loss: 0.5956 (Base: 0.2264, Trend: 0.1454, DTW: 0.0745, TopK: 0.3925) | Val Mixed Loss (No Trend): 0.7482 (Base: 0.2855, DTW: 0.1320, TopK: 0.4859) | EMA Val Loss (No Trend): 0.749407 | LR: 3.01e-05
Epoch [76/100] | Total Loss: 0.7446 | Aux Loss: 0.1524 | Train Mixed Loss: 0.5922 (Base: 0.2258, Trend: 0.1447, DTW: 0.0737, TopK: 0.3903) | Val Mixed Loss (No Trend): 0.7575 (Base: 0.2903, DTW: 0.1356, TopK: 0.4727) | EMA Val Loss (No Trend): 0.751431 | LR: 2.80e-05
Epoch [77/100] | Total Loss: 0.7423 | Aux Loss: 0.1533 | Train Mixed Loss: 0.5889 (Base: 0.2248, Trend: 0.1447, DTW: 0.0730, TopK: 0.3885) | Val Mixed Loss (No Trend): 0.7522 (Base: 0.2886, DTW: 0.1337, TopK: 0.4753) | EMA Val Loss (No Trend): 0.751623 | LR: 2.59e-05
Epoch [78/100] | Total Loss: 0.7404 | Aux Loss: 0.1524 | Train Mixed Loss: 0.5880 (Base: 0.2244, Trend: 0.1452, DTW: 0.0727, TopK: 0.3885) | Val Mixed Loss (No Trend): 0.7519 (Base: 0.2876, DTW: 0.1335, TopK: 0.4799) | EMA Val Loss (No Trend): 0.751692 | LR: 2.38e-05
Epoch [79/100] | Total Loss: 0.7477 | Aux Loss: 0.1545 | Train Mixed Loss: 0.5932 (Base: 0.2259, Trend: 0.1463, DTW: 0.0736, TopK: 0.3915) | Val Mixed Loss (No Trend): 0.7421 (Base: 0.2837, DTW: 0.1315, TopK: 0.4757) | EMA Val Loss (No Trend): 0.749287 | LR: 2.19e-05
Epoch [80/100] | Total Loss: 0.7380 | Aux Loss: 0.1523 | Train Mixed Loss: 0.5857 (Base: 0.2237, Trend: 0.1447, DTW: 0.0722, TopK: 0.3875) | Val Mixed Loss (No Trend): 0.7484 (Base: 0.2873, DTW: 0.1318, TopK: 0.4829) | EMA Val Loss (No Trend): 0.749062 | LR: 2.00e-05
Epoch [81/100] | Total Loss: 0.7371 | Aux Loss: 0.1526 | Train Mixed Loss: 0.5845 (Base: 0.2231, Trend: 0.1439, DTW: 0.0724, TopK: 0.3858) | Val Mixed Loss (No Trend): 0.7427 (Base: 0.2837, DTW: 0.1328, TopK: 0.4680) | EMA Val Loss (No Trend): 0.747482 | LR: 1.82e-05
Epoch [82/100] | Total Loss: 0.7337 | Aux Loss: 0.1514 | Train Mixed Loss: 0.5823 (Base: 0.2227, Trend: 0.1445, DTW: 0.0719, TopK: 0.3823) | Val Mixed Loss (No Trend): 0.7508 (Base: 0.2867, DTW: 0.1341, TopK: 0.4740) | EMA Val Loss (No Trend): 0.748307 | LR: 1.65e-05
Epoch [83/100] | Total Loss: 0.7380 | Aux Loss: 0.1515 | Train Mixed Loss: 0.5865 (Base: 0.2234, Trend: 0.1456, DTW: 0.0725, TopK: 0.3876) | Val Mixed Loss (No Trend): 0.7459 (Base: 0.2856, DTW: 0.1325, TopK: 0.4740) | EMA Val Loss (No Trend): 0.747714 | LR: 1.49e-05
Epoch [84/100] | Total Loss: 0.7305 | Aux Loss: 0.1506 | Train Mixed Loss: 0.5799 (Base: 0.2220, Trend: 0.1448, DTW: 0.0709, TopK: 0.3842) | Val Mixed Loss (No Trend): 0.7558 (Base: 0.2894, DTW: 0.1345, TopK: 0.4787) | EMA Val Loss (No Trend): 0.749748 | LR: 1.33e-05
Epoch [85/100] | Total Loss: 0.7305 | Aux Loss: 0.1511 | Train Mixed Loss: 0.5793 (Base: 0.2217, Trend: 0.1446, DTW: 0.0709, TopK: 0.3841) | Val Mixed Loss (No Trend): 0.7581 (Base: 0.2909, DTW: 0.1357, TopK: 0.4721) | EMA Val Loss (No Trend): 0.751843 | LR: 1.18e-05
Epoch [86/100] | Total Loss: 0.7327 | Aux Loss: 0.1527 | Train Mixed Loss: 0.5800 (Base: 0.2217, Trend: 0.1448, DTW: 0.0713, TopK: 0.3830) | Val Mixed Loss (No Trend): 0.7579 (Base: 0.2914, DTW: 0.1355, TopK: 0.4711) | EMA Val Loss (No Trend): 0.753363 | LR: 1.05e-05
Epoch [87/100] | Total Loss: 0.7270 | Aux Loss: 0.1512 | Train Mixed Loss: 0.5758 (Base: 0.2212, Trend: 0.1450, DTW: 0.0701, TopK: 0.3791) | Val Mixed Loss (No Trend): 0.7566 (Base: 0.2895, DTW: 0.1351, TopK: 0.4762) | EMA Val Loss (No Trend): 0.754160 | LR: 9.18e-06
Epoch [88/100] | Total Loss: 0.7264 | Aux Loss: 0.1503 | Train Mixed Loss: 0.5761 (Base: 0.2206, Trend: 0.1449, DTW: 0.0701, TopK: 0.3826) | Val Mixed Loss (No Trend): 0.7455 (Base: 0.2845, DTW: 0.1329, TopK: 0.4739) | EMA Val Loss (No Trend): 0.752002 | LR: 7.99e-06
Epoch [89/100] | Total Loss: 0.7285 | Aux Loss: 0.1517 | Train Mixed Loss: 0.5768 (Base: 0.2210, Trend: 0.1453, DTW: 0.0704, TopK: 0.3804) | Val Mixed Loss (No Trend): 0.7500 (Base: 0.2868, DTW: 0.1333, TopK: 0.4774) | EMA Val Loss (No Trend): 0.751493 | LR: 6.88e-06
Epoch [90/100] | Total Loss: 0.7293 | Aux Loss: 0.1528 | Train Mixed Loss: 0.5766 (Base: 0.2212, Trend: 0.1450, DTW: 0.0703, TopK: 0.3802) | Val Mixed Loss (No Trend): 0.7550 (Base: 0.2881, DTW: 0.1353, TopK: 0.4736) | EMA Val Loss (No Trend): 0.752368 | LR: 5.87e-06
Epoch [91/100] | Total Loss: 0.7233 | Aux Loss: 0.1517 | Train Mixed Loss: 0.5716 (Base: 0.2195, Trend: 0.1446, DTW: 0.0695, TopK: 0.3766) | Val Mixed Loss (No Trend): 0.7634 (Base: 0.2886, DTW: 0.1368, TopK: 0.4884) | EMA Val Loss (No Trend): 0.755121 | LR: 4.95e-06
Epoch [92/100] | Total Loss: 0.7261 | Aux Loss: 0.1511 | Train Mixed Loss: 0.5750 (Base: 0.2210, Trend: 0.1450, DTW: 0.0699, TopK: 0.3793) | Val Mixed Loss (No Trend): 0.7336 (Base: 0.2817, DTW: 0.1294, TopK: 0.4713) | EMA Val Loss (No Trend): 0.749752 | LR: 4.13e-06
Epoch [93/100] | Total Loss: 0.7242 | Aux Loss: 0.1516 | Train Mixed Loss: 0.5726 (Base: 0.2195, Trend: 0.1446, DTW: 0.0694, TopK: 0.3810) | Val Mixed Loss (No Trend): 0.7366 (Base: 0.2826, DTW: 0.1307, TopK: 0.4681) | EMA Val Loss (No Trend): 0.746471 | LR: 3.40e-06
Epoch [94/100] | Total Loss: 0.7218 | Aux Loss: 0.1501 | Train Mixed Loss: 0.5717 (Base: 0.2189, Trend: 0.1442, DTW: 0.0697, TopK: 0.3786) | Val Mixed Loss (No Trend): 0.7517 (Base: 0.2884, DTW: 0.1330, TopK: 0.4801) | EMA Val Loss (No Trend): 0.747780 | LR: 2.76e-06
Epoch [95/100] | Total Loss: 0.7256 | Aux Loss: 0.1521 | Train Mixed Loss: 0.5735 (Base: 0.2203, Trend: 0.1451, DTW: 0.0696, TopK: 0.3787) | Val Mixed Loss (No Trend): 0.7477 (Base: 0.2873, DTW: 0.1327, TopK: 0.4734) | EMA Val Loss (No Trend): 0.747768 | LR: 2.23e-06
Epoch [96/100] | Total Loss: 0.7242 | Aux Loss: 0.1520 | Train Mixed Loss: 0.5721 (Base: 0.2195, Trend: 0.1449, DTW: 0.0696, TopK: 0.3775) | Val Mixed Loss (No Trend): 0.7410 (Base: 0.2843, DTW: 0.1312, TopK: 0.4729) | EMA Val Loss (No Trend): 0.746085 | LR: 1.78e-06
Epoch [97/100] | Total Loss: 0.7251 | Aux Loss: 0.1505 | Train Mixed Loss: 0.5746 (Base: 0.2198, Trend: 0.1454, DTW: 0.0698, TopK: 0.3816) | Val Mixed Loss (No Trend): 0.7479 (Base: 0.2857, DTW: 0.1331, TopK: 0.4761) | EMA Val Loss (No Trend): 0.746548 | LR: 1.44e-06
Epoch [98/100] | Total Loss: 0.7210 | Aux Loss: 0.1502 | Train Mixed Loss: 0.5708 (Base: 0.2191, Trend: 0.1445, DTW: 0.0694, TopK: 0.3765) | Val Mixed Loss (No Trend): 0.7456 (Base: 0.2853, DTW: 0.1321, TopK: 0.4777) | EMA Val Loss (No Trend): 0.746320 | LR: 1.20e-06
Epoch [99/100] | Total Loss: 0.7231 | Aux Loss: 0.1518 | Train Mixed Loss: 0.5713 (Base: 0.2195, Trend: 0.1451, DTW: 0.0692, TopK: 0.3771) | Val Mixed Loss (No Trend): 0.7407 (Base: 0.2843, DTW: 0.1312, TopK: 0.4714) | EMA Val Loss (No Trend): 0.744906 | LR: 1.05e-06
Epoch [100/100] | Total Loss: 0.7272 | Aux Loss: 0.1524 | Train Mixed Loss: 0.5748 (Base: 0.2203, Trend: 0.1448, DTW: 0.0701, TopK: 0.3796) | Val Mixed Loss (No Trend): 0.7450 (Base: 0.2860, DTW: 0.1320, TopK: 0.4740) | EMA Val Loss (No Trend): 0.744939 | LR: 2.00e-04
