[*] Process seed: 2
Building static profile features from historical data...
[*] Total trainable parameters: 4,539,649
Epoch [1/100] | Train Mixed Loss (Trend, limit=2): 1.1253 (Base: 0.3577, DTW: 0.2016, TopK: 0.6175) | Val Mixed Loss (NoTrend, limit=2): 1.0175 (Base: 0.3704, DTW: 0.2122, TopK: 0.4596) | EMA NoTrend Loss: 1.017533 | LR: 2.00e-04
Epoch [2/100] | Train Mixed Loss (Trend, limit=2): 1.0238 (Base: 0.3386, DTW: 0.1735, TopK: 0.6044) | Val Mixed Loss (NoTrend, limit=2): 0.8612 (Base: 0.3237, DTW: 0.1569, TopK: 0.5363) | EMA NoTrend Loss: 0.978440 | LR: 2.00e-04
Epoch [3/100] | Train Mixed Loss (Trend, limit=2): 0.9923 (Base: 0.3326, DTW: 0.1638, TopK: 0.5970) | Val Mixed Loss (NoTrend, limit=2): 0.8471 (Base: 0.3228, DTW: 0.1560, TopK: 0.4993) | EMA NoTrend Loss: 0.945595 | LR: 2.00e-04
Epoch [4/100] | Train Mixed Loss (Trend, limit=2): 0.9653 (Base: 0.3274, DTW: 0.1559, TopK: 0.5871) | Val Mixed Loss (NoTrend, limit=2): 0.8596 (Base: 0.3285, DTW: 0.1610, TopK: 0.4827) | EMA NoTrend Loss: 0.924096 | LR: 1.99e-04
Epoch [5/100] | Train Mixed Loss (Trend, limit=2): 0.9443 (Base: 0.3224, DTW: 0.1507, TopK: 0.5779) | Val Mixed Loss (NoTrend, limit=2): 0.8177 (Base: 0.3114, DTW: 0.1478, TopK: 0.5049) | EMA NoTrend Loss: 0.897504 | LR: 1.99e-04
Epoch [6/100] | Train Mixed Loss (Trend, limit=2): 0.9344 (Base: 0.3202, DTW: 0.1480, TopK: 0.5744) | Val Mixed Loss (NoTrend, limit=2): 0.7968 (Base: 0.2953, DTW: 0.1436, TopK: 0.5230) | EMA NoTrend Loss: 0.872321 | LR: 1.98e-04
Epoch [7/100] | Train Mixed Loss (Trend, limit=2): 0.9228 (Base: 0.3164, DTW: 0.1453, TopK: 0.5711) | Val Mixed Loss (NoTrend, limit=2): 0.7910 (Base: 0.2987, DTW: 0.1386, TopK: 0.5324) | EMA NoTrend Loss: 0.851999 | LR: 1.98e-04
Epoch [8/100] | Train Mixed Loss (Trend, limit=2): 0.9154 (Base: 0.3154, DTW: 0.1432, TopK: 0.5669) | Val Mixed Loss (NoTrend, limit=2): 0.7808 (Base: 0.2974, DTW: 0.1370, TopK: 0.5153) | EMA NoTrend Loss: 0.834206 | LR: 1.97e-04
Epoch [9/100] | Train Mixed Loss (Trend, limit=2): 0.9010 (Base: 0.3110, DTW: 0.1403, TopK: 0.5610) | Val Mixed Loss (NoTrend, limit=2): 0.7658 (Base: 0.2864, DTW: 0.1348, TopK: 0.5194) | EMA NoTrend Loss: 0.817095 | LR: 1.96e-04
Epoch [10/100] | Train Mixed Loss (Trend, limit=2): 0.8979 (Base: 0.3107, DTW: 0.1387, TopK: 0.5623) | Val Mixed Loss (NoTrend, limit=2): 0.7646 (Base: 0.2888, DTW: 0.1345, TopK: 0.5100) | EMA NoTrend Loss: 0.803960 | LR: 1.95e-04
Epoch [11/100] | Train Mixed Loss (Trend, limit=2): 0.8884 (Base: 0.3085, DTW: 0.1366, TopK: 0.5571) | Val Mixed Loss (NoTrend, limit=2): 0.7641 (Base: 0.2909, DTW: 0.1313, TopK: 0.5268) | EMA NoTrend Loss: 0.794002 | LR: 1.94e-04
Epoch [12/100] | Train Mixed Loss (Trend, limit=2): 0.8812 (Base: 0.3064, DTW: 0.1346, TopK: 0.5559) | Val Mixed Loss (NoTrend, limit=2): 0.7711 (Base: 0.2948, DTW: 0.1374, TopK: 0.4883) | EMA NoTrend Loss: 0.788277 | LR: 1.93e-04
Epoch [13/100] | Train Mixed Loss (Trend, limit=2): 0.8758 (Base: 0.3053, DTW: 0.1338, TopK: 0.5494) | Val Mixed Loss (NoTrend, limit=2): 0.7701 (Base: 0.2917, DTW: 0.1356, TopK: 0.5102) | EMA NoTrend Loss: 0.783735 | LR: 1.92e-04
Epoch [14/100] | Train Mixed Loss (Trend, limit=2): 0.8712 (Base: 0.3042, DTW: 0.1322, TopK: 0.5499) | Val Mixed Loss (NoTrend, limit=2): 0.7509 (Base: 0.2821, DTW: 0.1304, TopK: 0.5194) | EMA NoTrend Loss: 0.775529 | LR: 1.91e-04
Epoch [15/100] | Train Mixed Loss (Trend, limit=2): 0.8655 (Base: 0.3027, DTW: 0.1309, TopK: 0.5484) | Val Mixed Loss (NoTrend, limit=2): 0.7617 (Base: 0.2909, DTW: 0.1338, TopK: 0.4987) | EMA NoTrend Loss: 0.772067 | LR: 1.89e-04
Epoch [16/100] | Train Mixed Loss (Trend, limit=2): 0.8614 (Base: 0.3010, DTW: 0.1301, TopK: 0.5456) | Val Mixed Loss (NoTrend, limit=2): 0.7495 (Base: 0.2905, DTW: 0.1295, TopK: 0.4942) | EMA NoTrend Loss: 0.766427 | LR: 1.88e-04
Epoch [17/100] | Train Mixed Loss (Trend, limit=2): 0.8565 (Base: 0.3005, DTW: 0.1288, TopK: 0.5415) | Val Mixed Loss (NoTrend, limit=2): 0.7492 (Base: 0.2861, DTW: 0.1292, TopK: 0.5105) | EMA NoTrend Loss: 0.762130 | LR: 1.86e-04
Epoch [18/100] | Train Mixed Loss (Trend, limit=2): 0.8544 (Base: 0.2998, DTW: 0.1281, TopK: 0.5435) | Val Mixed Loss (NoTrend, limit=2): 0.7560 (Base: 0.2895, DTW: 0.1293, TopK: 0.5204) | EMA NoTrend Loss: 0.760597 | LR: 1.85e-04
Epoch [19/100] | Train Mixed Loss (Trend, limit=2): 0.8444 (Base: 0.2973, DTW: 0.1261, TopK: 0.5365) | Val Mixed Loss (NoTrend, limit=2): 0.7775 (Base: 0.3040, DTW: 0.1394, TopK: 0.4627) | EMA NoTrend Loss: 0.764817 | LR: 1.83e-04
Epoch [20/100] | Train Mixed Loss (Trend, limit=2): 0.8408 (Base: 0.2958, DTW: 0.1253, TopK: 0.5355) | Val Mixed Loss (NoTrend, limit=2): 0.7563 (Base: 0.2896, DTW: 0.1337, TopK: 0.4857) | EMA NoTrend Loss: 0.762677 | LR: 1.81e-04
Epoch [21/100] | Train Mixed Loss (Trend, limit=2): 0.8386 (Base: 0.2953, DTW: 0.1248, TopK: 0.5342) | Val Mixed Loss (NoTrend, limit=2): 0.7485 (Base: 0.2854, DTW: 0.1320, TopK: 0.4879) | EMA NoTrend Loss: 0.759122 | LR: 1.79e-04
Epoch [22/100] | Train Mixed Loss (Trend, limit=2): 0.8386 (Base: 0.2962, DTW: 0.1243, TopK: 0.5340) | Val Mixed Loss (NoTrend, limit=2): 0.7500 (Base: 0.2864, DTW: 0.1321, TopK: 0.4884) | EMA NoTrend Loss: 0.756852 | LR: 1.77e-04
Epoch [23/100] | Train Mixed Loss (Trend, limit=2): 0.8314 (Base: 0.2929, DTW: 0.1236, TopK: 0.5296) | Val Mixed Loss (NoTrend, limit=2): 0.7444 (Base: 0.2856, DTW: 0.1292, TopK: 0.4958) | EMA NoTrend Loss: 0.753747 | LR: 1.75e-04
Epoch [24/100] | Train Mixed Loss (Trend, limit=2): 0.8240 (Base: 0.2912, DTW: 0.1219, TopK: 0.5262) | Val Mixed Loss (NoTrend, limit=2): 0.7416 (Base: 0.2845, DTW: 0.1296, TopK: 0.4871) | EMA NoTrend Loss: 0.750704 | LR: 1.73e-04
Epoch [25/100] | Train Mixed Loss (Trend, limit=2): 0.8212 (Base: 0.2911, DTW: 0.1208, TopK: 0.5246) | Val Mixed Loss (NoTrend, limit=2): 0.7486 (Base: 0.2871, DTW: 0.1312, TopK: 0.4891) | EMA NoTrend Loss: 0.750183 | LR: 1.71e-04
Epoch [26/100] | Train Mixed Loss (Trend, limit=2): 0.8154 (Base: 0.2895, DTW: 0.1194, TopK: 0.5238) | Val Mixed Loss (NoTrend, limit=2): 0.7445 (Base: 0.2855, DTW: 0.1312, TopK: 0.4803) | EMA NoTrend Loss: 0.748750 | LR: 1.69e-04
Epoch [27/100] | Train Mixed Loss (Trend, limit=2): 0.8157 (Base: 0.2895, DTW: 0.1197, TopK: 0.5218) | Val Mixed Loss (NoTrend, limit=2): 0.7712 (Base: 0.3018, DTW: 0.1389, TopK: 0.4535) | EMA NoTrend Loss: 0.754362 | LR: 1.66e-04
Epoch [28/100] | Train Mixed Loss (Trend, limit=2): 0.8096 (Base: 0.2870, DTW: 0.1184, TopK: 0.5203) | Val Mixed Loss (NoTrend, limit=2): 0.7331 (Base: 0.2809, DTW: 0.1281, TopK: 0.4826) | EMA NoTrend Loss: 0.749040 | LR: 1.64e-04
Epoch [29/100] | Train Mixed Loss (Trend, limit=2): 0.8068 (Base: 0.2877, DTW: 0.1172, TopK: 0.5184) | Val Mixed Loss (NoTrend, limit=2): 0.7434 (Base: 0.2853, DTW: 0.1298, TopK: 0.4889) | EMA NoTrend Loss: 0.747618 | LR: 1.61e-04
Epoch [30/100] | Train Mixed Loss (Trend, limit=2): 0.8057 (Base: 0.2863, DTW: 0.1176, TopK: 0.5163) | Val Mixed Loss (NoTrend, limit=2): 0.7440 (Base: 0.2892, DTW: 0.1312, TopK: 0.4669) | EMA NoTrend Loss: 0.746721 | LR: 1.59e-04
Epoch [31/100] | Train Mixed Loss (Trend, limit=2): 0.8032 (Base: 0.2865, DTW: 0.1168, TopK: 0.5140) | Val Mixed Loss (NoTrend, limit=2): 0.7381 (Base: 0.2864, DTW: 0.1295, TopK: 0.4694) | EMA NoTrend Loss: 0.744575 | LR: 1.56e-04
Epoch [32/100] | Train Mixed Loss (Trend, limit=2): 0.7993 (Base: 0.2852, DTW: 0.1158, TopK: 0.5126) | Val Mixed Loss (NoTrend, limit=2): 0.7437 (Base: 0.2868, DTW: 0.1315, TopK: 0.4708) | EMA NoTrend Loss: 0.744360 | LR: 1.54e-04
Epoch [33/100] | Train Mixed Loss (Trend, limit=2): 0.7933 (Base: 0.2833, DTW: 0.1145, TopK: 0.5111) | Val Mixed Loss (NoTrend, limit=2): 0.7358 (Base: 0.2844, DTW: 0.1284, TopK: 0.4776) | EMA NoTrend Loss: 0.742226 | LR: 1.51e-04
Epoch [34/100] | Train Mixed Loss (Trend, limit=2): 0.7911 (Base: 0.2826, DTW: 0.1143, TopK: 0.5093) | Val Mixed Loss (NoTrend, limit=2): 0.7245 (Base: 0.2738, DTW: 0.1246, TopK: 0.5051) | EMA NoTrend Loss: 0.737791 | LR: 1.48e-04
Epoch [35/100] | Train Mixed Loss (Trend, limit=2): 0.7884 (Base: 0.2824, DTW: 0.1135, TopK: 0.5068) | Val Mixed Loss (NoTrend, limit=2): 0.7305 (Base: 0.2857, DTW: 0.1281, TopK: 0.4575) | EMA NoTrend Loss: 0.735974 | LR: 1.46e-04
Epoch [36/100] | Train Mixed Loss (Trend, limit=2): 0.7825 (Base: 0.2805, DTW: 0.1120, TopK: 0.5058) | Val Mixed Loss (NoTrend, limit=2): 0.7472 (Base: 0.2891, DTW: 0.1312, TopK: 0.4773) | EMA NoTrend Loss: 0.738775 | LR: 1.43e-04
Epoch [37/100] | Train Mixed Loss (Trend, limit=2): 0.7780 (Base: 0.2796, DTW: 0.1113, TopK: 0.5004) | Val Mixed Loss (NoTrend, limit=2): 0.7354 (Base: 0.2834, DTW: 0.1285, TopK: 0.4786) | EMA NoTrend Loss: 0.737925 | LR: 1.40e-04
Epoch [38/100] | Train Mixed Loss (Trend, limit=2): 0.7743 (Base: 0.2784, DTW: 0.1105, TopK: 0.4999) | Val Mixed Loss (NoTrend, limit=2): 0.7325 (Base: 0.2807, DTW: 0.1273, TopK: 0.4875) | EMA NoTrend Loss: 0.736574 | LR: 1.37e-04
Epoch [39/100] | Train Mixed Loss (Trend, limit=2): 0.7752 (Base: 0.2787, DTW: 0.1105, TopK: 0.5003) | Val Mixed Loss (NoTrend, limit=2): 0.7292 (Base: 0.2840, DTW: 0.1293, TopK: 0.4493) | EMA NoTrend Loss: 0.734724 | LR: 1.34e-04
Epoch [40/100] | Train Mixed Loss (Trend, limit=2): 0.7722 (Base: 0.2780, DTW: 0.1098, TopK: 0.4974) | Val Mixed Loss (NoTrend, limit=2): 0.7482 (Base: 0.2900, DTW: 0.1325, TopK: 0.4674) | EMA NoTrend Loss: 0.738088 | LR: 1.31e-04
Epoch [41/100] | Train Mixed Loss (Trend, limit=2): 0.7647 (Base: 0.2757, DTW: 0.1083, TopK: 0.4937) | Val Mixed Loss (NoTrend, limit=2): 0.7320 (Base: 0.2839, DTW: 0.1287, TopK: 0.4640) | EMA NoTrend Loss: 0.736571 | LR: 1.28e-04
Epoch [42/100] | Train Mixed Loss (Trend, limit=2): 0.7635 (Base: 0.2748, DTW: 0.1081, TopK: 0.4938) | Val Mixed Loss (NoTrend, limit=2): 0.7443 (Base: 0.2872, DTW: 0.1303, TopK: 0.4817) | EMA NoTrend Loss: 0.738501 | LR: 1.25e-04
Epoch [43/100] | Train Mixed Loss (Trend, limit=2): 0.7603 (Base: 0.2744, DTW: 0.1074, TopK: 0.4906) | Val Mixed Loss (NoTrend, limit=2): 0.7327 (Base: 0.2789, DTW: 0.1274, TopK: 0.4933) | EMA NoTrend Loss: 0.737057 | LR: 1.22e-04
Epoch [44/100] | Train Mixed Loss (Trend, limit=2): 0.7577 (Base: 0.2737, DTW: 0.1068, TopK: 0.4900) | Val Mixed Loss (NoTrend, limit=2): 0.7341 (Base: 0.2853, DTW: 0.1286, TopK: 0.4674) | EMA NoTrend Loss: 0.736314 | LR: 1.19e-04
Epoch [45/100] | Train Mixed Loss (Trend, limit=2): 0.7514 (Base: 0.2716, DTW: 0.1055, TopK: 0.4878) | Val Mixed Loss (NoTrend, limit=2): 0.7340 (Base: 0.2827, DTW: 0.1292, TopK: 0.4710) | EMA NoTrend Loss: 0.735730 | LR: 1.16e-04
Epoch [46/100] | Train Mixed Loss (Trend, limit=2): 0.7524 (Base: 0.2724, DTW: 0.1057, TopK: 0.4858) | Val Mixed Loss (NoTrend, limit=2): 0.7313 (Base: 0.2857, DTW: 0.1276, TopK: 0.4642) | EMA NoTrend Loss: 0.734620 | LR: 1.13e-04
Epoch [47/100] | Train Mixed Loss (Trend, limit=2): 0.7476 (Base: 0.2715, DTW: 0.1041, TopK: 0.4848) | Val Mixed Loss (NoTrend, limit=2): 0.7337 (Base: 0.2831, DTW: 0.1292, TopK: 0.4686) | EMA NoTrend Loss: 0.734385 | LR: 1.10e-04
Epoch [48/100] | Train Mixed Loss (Trend, limit=2): 0.7463 (Base: 0.2706, DTW: 0.1041, TopK: 0.4847) | Val Mixed Loss (NoTrend, limit=2): 0.7279 (Base: 0.2838, DTW: 0.1255, TopK: 0.4766) | EMA NoTrend Loss: 0.732754 | LR: 1.07e-04
Epoch [49/100] | Train Mixed Loss (Trend, limit=2): 0.7378 (Base: 0.2685, DTW: 0.1023, TopK: 0.4786) | Val Mixed Loss (NoTrend, limit=2): 0.7424 (Base: 0.2902, DTW: 0.1307, TopK: 0.4620) | EMA NoTrend Loss: 0.735163 | LR: 1.04e-04
Epoch [50/100] | Train Mixed Loss (Trend, limit=2): 0.7419 (Base: 0.2698, DTW: 0.1028, TopK: 0.4822) | Val Mixed Loss (NoTrend, limit=2): 0.7425 (Base: 0.2887, DTW: 0.1312, TopK: 0.4632) | EMA NoTrend Loss: 0.737001 | LR: 1.00e-04
Epoch [51/100] | Train Mixed Loss (Trend, limit=2): 0.7295 (Base: 0.2663, DTW: 0.1004, TopK: 0.4747) | Val Mixed Loss (NoTrend, limit=2): 0.7150 (Base: 0.2765, DTW: 0.1243, TopK: 0.4669) | EMA NoTrend Loss: 0.731502 | LR: 9.74e-05
Epoch [52/100] | Train Mixed Loss (Trend, limit=2): 0.7341 (Base: 0.2666, DTW: 0.1016, TopK: 0.4779) | Val Mixed Loss (NoTrend, limit=2): 0.7285 (Base: 0.2801, DTW: 0.1267, TopK: 0.4812) | EMA NoTrend Loss: 0.730751 | LR: 9.43e-05
Epoch [53/100] | Train Mixed Loss (Trend, limit=2): 0.7278 (Base: 0.2658, DTW: 0.1000, TopK: 0.4725) | Val Mixed Loss (NoTrend, limit=2): 0.7319 (Base: 0.2830, DTW: 0.1275, TopK: 0.4763) | EMA NoTrend Loss: 0.731042 | LR: 9.11e-05
Epoch [54/100] | Train Mixed Loss (Trend, limit=2): 0.7344 (Base: 0.2670, DTW: 0.1015, TopK: 0.4774) | Val Mixed Loss (NoTrend, limit=2): 0.7323 (Base: 0.2838, DTW: 0.1280, TopK: 0.4707) | EMA NoTrend Loss: 0.731347 | LR: 8.80e-05
Epoch [55/100] | Train Mixed Loss (Trend, limit=2): 0.7238 (Base: 0.2644, DTW: 0.0994, TopK: 0.4702) | Val Mixed Loss (NoTrend, limit=2): 0.7389 (Base: 0.2850, DTW: 0.1290, TopK: 0.4813) | EMA NoTrend Loss: 0.733239 | LR: 8.49e-05
Epoch [56/100] | Train Mixed Loss (Trend, limit=2): 0.7240 (Base: 0.2643, DTW: 0.0990, TopK: 0.4730) | Val Mixed Loss (NoTrend, limit=2): 0.7269 (Base: 0.2831, DTW: 0.1268, TopK: 0.4646) | EMA NoTrend Loss: 0.731659 | LR: 8.19e-05
Epoch [57/100] | Train Mixed Loss (Trend, limit=2): 0.7177 (Base: 0.2623, DTW: 0.0978, TopK: 0.4696) | Val Mixed Loss (NoTrend, limit=2): 0.7262 (Base: 0.2775, DTW: 0.1270, TopK: 0.4799) | EMA NoTrend Loss: 0.730295 | LR: 7.88e-05
Epoch [58/100] | Train Mixed Loss (Trend, limit=2): 0.7161 (Base: 0.2620, DTW: 0.0975, TopK: 0.4672) | Val Mixed Loss (NoTrend, limit=2): 0.7309 (Base: 0.2816, DTW: 0.1274, TopK: 0.4785) | EMA NoTrend Loss: 0.730436 | LR: 7.58e-05
Epoch [59/100] | Train Mixed Loss (Trend, limit=2): 0.7112 (Base: 0.2608, DTW: 0.0968, TopK: 0.4630) | Val Mixed Loss (NoTrend, limit=2): 0.7430 (Base: 0.2898, DTW: 0.1325, TopK: 0.4509) | EMA NoTrend Loss: 0.733582 | LR: 7.27e-05
Epoch [60/100] | Train Mixed Loss (Trend, limit=2): 0.7109 (Base: 0.2605, DTW: 0.0966, TopK: 0.4623) | Val Mixed Loss (NoTrend, limit=2): 0.7326 (Base: 0.2861, DTW: 0.1281, TopK: 0.4634) | EMA NoTrend Loss: 0.733333 | LR: 6.98e-05
Epoch [61/100] | Train Mixed Loss (Trend, limit=2): 0.7122 (Base: 0.2614, DTW: 0.0966, TopK: 0.4632) | Val Mixed Loss (NoTrend, limit=2): 0.7373 (Base: 0.2856, DTW: 0.1302, TopK: 0.4641) | EMA NoTrend Loss: 0.734312 | LR: 6.68e-05
Epoch [62/100] | Train Mixed Loss (Trend, limit=2): 0.7025 (Base: 0.2579, DTW: 0.0946, TopK: 0.4599) | Val Mixed Loss (NoTrend, limit=2): 0.7403 (Base: 0.2875, DTW: 0.1311, TopK: 0.4604) | EMA NoTrend Loss: 0.735813 | LR: 6.39e-05
Epoch [63/100] | Train Mixed Loss (Trend, limit=2): 0.7046 (Base: 0.2592, DTW: 0.0950, TopK: 0.4600) | Val Mixed Loss (NoTrend, limit=2): 0.7350 (Base: 0.2856, DTW: 0.1303, TopK: 0.4559) | EMA NoTrend Loss: 0.735611 | LR: 6.10e-05
Epoch [64/100] | Train Mixed Loss (Trend, limit=2): 0.7048 (Base: 0.2590, DTW: 0.0952, TopK: 0.4598) | Val Mixed Loss (NoTrend, limit=2): 0.7379 (Base: 0.2854, DTW: 0.1309, TopK: 0.4610) | EMA NoTrend Loss: 0.736180 | LR: 5.81e-05
Epoch [65/100] | Train Mixed Loss (Trend, limit=2): 0.7000 (Base: 0.2579, DTW: 0.0937, TopK: 0.4586) | Val Mixed Loss (NoTrend, limit=2): 0.7346 (Base: 0.2862, DTW: 0.1299, TopK: 0.4555) | EMA NoTrend Loss: 0.735793 | LR: 5.53e-05
Epoch [66/100] | Train Mixed Loss (Trend, limit=2): 0.7000 (Base: 0.2577, DTW: 0.0940, TopK: 0.4564) | Val Mixed Loss (NoTrend, limit=2): 0.7368 (Base: 0.2863, DTW: 0.1297, TopK: 0.4638) | EMA NoTrend Loss: 0.736043 | LR: 5.26e-05
Epoch [67/100] | Train Mixed Loss (Trend, limit=2): 0.6953 (Base: 0.2565, DTW: 0.0931, TopK: 0.4542) | Val Mixed Loss (NoTrend, limit=2): 0.7374 (Base: 0.2859, DTW: 0.1309, TopK: 0.4578) | EMA NoTrend Loss: 0.736393 | LR: 4.99e-05
Epoch [68/100] | Train Mixed Loss (Trend, limit=2): 0.6976 (Base: 0.2574, DTW: 0.0930, TopK: 0.4568) | Val Mixed Loss (NoTrend, limit=2): 0.7347 (Base: 0.2830, DTW: 0.1291, TopK: 0.4726) | EMA NoTrend Loss: 0.735971 | LR: 4.72e-05
Epoch [69/100] | Train Mixed Loss (Trend, limit=2): 0.6900 (Base: 0.2546, DTW: 0.0918, TopK: 0.4528) | Val Mixed Loss (NoTrend, limit=2): 0.7405 (Base: 0.2859, DTW: 0.1313, TopK: 0.4649) | EMA NoTrend Loss: 0.737105 | LR: 4.46e-05
Epoch [70/100] | Train Mixed Loss (Trend, limit=2): 0.6867 (Base: 0.2536, DTW: 0.0912, TopK: 0.4501) | Val Mixed Loss (NoTrend, limit=2): 0.7414 (Base: 0.2868, DTW: 0.1307, TopK: 0.4701) | EMA NoTrend Loss: 0.738190 | LR: 4.20e-05
Epoch [71/100] | Train Mixed Loss (Trend, limit=2): 0.6891 (Base: 0.2545, DTW: 0.0916, TopK: 0.4518) | Val Mixed Loss (NoTrend, limit=2): 0.7403 (Base: 0.2883, DTW: 0.1314, TopK: 0.4560) | EMA NoTrend Loss: 0.738725 | LR: 3.95e-05
Epoch [72/100] | Train Mixed Loss (Trend, limit=2): 0.6821 (Base: 0.2524, DTW: 0.0904, TopK: 0.4461) | Val Mixed Loss (NoTrend, limit=2): 0.7444 (Base: 0.2884, DTW: 0.1321, TopK: 0.4634) | EMA NoTrend Loss: 0.740138 | LR: 3.71e-05
Epoch [73/100] | Train Mixed Loss (Trend, limit=2): 0.6845 (Base: 0.2529, DTW: 0.0907, TopK: 0.4493) | Val Mixed Loss (NoTrend, limit=2): 0.7386 (Base: 0.2887, DTW: 0.1306, TopK: 0.4548) | EMA NoTrend Loss: 0.739742 | LR: 3.47e-05
Epoch [74/100] | Train Mixed Loss (Trend, limit=2): 0.6836 (Base: 0.2525, DTW: 0.0907, TopK: 0.4472) | Val Mixed Loss (NoTrend, limit=2): 0.7378 (Base: 0.2845, DTW: 0.1310, TopK: 0.4625) | EMA NoTrend Loss: 0.739246 | LR: 3.24e-05
Epoch [75/100] | Train Mixed Loss (Trend, limit=2): 0.6813 (Base: 0.2519, DTW: 0.0904, TopK: 0.4456) | Val Mixed Loss (NoTrend, limit=2): 0.7500 (Base: 0.2918, DTW: 0.1336, TopK: 0.4586) | EMA NoTrend Loss: 0.741925 | LR: 3.01e-05
Epoch [76/100] | Train Mixed Loss (Trend, limit=2): 0.6799 (Base: 0.2510, DTW: 0.0898, TopK: 0.4472) | Val Mixed Loss (NoTrend, limit=2): 0.7405 (Base: 0.2868, DTW: 0.1319, TopK: 0.4569) | EMA NoTrend Loss: 0.741561 | LR: 2.80e-05
Epoch [77/100] | Train Mixed Loss (Trend, limit=2): 0.6767 (Base: 0.2507, DTW: 0.0892, TopK: 0.4436) | Val Mixed Loss (NoTrend, limit=2): 0.7453 (Base: 0.2894, DTW: 0.1324, TopK: 0.4605) | EMA NoTrend Loss: 0.742508 | LR: 2.59e-05
Epoch [78/100] | Train Mixed Loss (Trend, limit=2): 0.6772 (Base: 0.2508, DTW: 0.0891, TopK: 0.4440) | Val Mixed Loss (NoTrend, limit=2): 0.7353 (Base: 0.2858, DTW: 0.1301, TopK: 0.4578) | EMA NoTrend Loss: 0.740711 | LR: 2.38e-05
Epoch [79/100] | Train Mixed Loss (Trend, limit=2): 0.6718 (Base: 0.2494, DTW: 0.0881, TopK: 0.4409) | Val Mixed Loss (NoTrend, limit=2): 0.7341 (Base: 0.2835, DTW: 0.1291, TopK: 0.4690) | EMA NoTrend Loss: 0.739068 | LR: 2.19e-05
Epoch [80/100] | Train Mixed Loss (Trend, limit=2): 0.6709 (Base: 0.2484, DTW: 0.0883, TopK: 0.4396) | Val Mixed Loss (NoTrend, limit=2): 0.7452 (Base: 0.2880, DTW: 0.1320, TopK: 0.4676) | EMA NoTrend Loss: 0.740598 | LR: 2.00e-05
Epoch [81/100] | Train Mixed Loss (Trend, limit=2): 0.6712 (Base: 0.2488, DTW: 0.0879, TopK: 0.4418) | Val Mixed Loss (NoTrend, limit=2): 0.7416 (Base: 0.2869, DTW: 0.1321, TopK: 0.4584) | EMA NoTrend Loss: 0.740839 | LR: 1.82e-05
Epoch [82/100] | Train Mixed Loss (Trend, limit=2): 0.6712 (Base: 0.2490, DTW: 0.0879, TopK: 0.4414) | Val Mixed Loss (NoTrend, limit=2): 0.7401 (Base: 0.2875, DTW: 0.1305, TopK: 0.4645) | EMA NoTrend Loss: 0.740652 | LR: 1.65e-05
Epoch [83/100] | Train Mixed Loss (Trend, limit=2): 0.6692 (Base: 0.2484, DTW: 0.0876, TopK: 0.4393) | Val Mixed Loss (NoTrend, limit=2): 0.7430 (Base: 0.2870, DTW: 0.1324, TopK: 0.4606) | EMA NoTrend Loss: 0.741240 | LR: 1.49e-05
Epoch [84/100] | Train Mixed Loss (Trend, limit=2): 0.6678 (Base: 0.2477, DTW: 0.0873, TopK: 0.4392) | Val Mixed Loss (NoTrend, limit=2): 0.7465 (Base: 0.2902, DTW: 0.1326, TopK: 0.4603) | EMA NoTrend Loss: 0.742551 | LR: 1.33e-05
Epoch [85/100] | Train Mixed Loss (Trend, limit=2): 0.6717 (Base: 0.2491, DTW: 0.0879, TopK: 0.4411) | Val Mixed Loss (NoTrend, limit=2): 0.7373 (Base: 0.2850, DTW: 0.1301, TopK: 0.4667) | EMA NoTrend Loss: 0.741227 | LR: 1.18e-05
Epoch [86/100] | Train Mixed Loss (Trend, limit=2): 0.6642 (Base: 0.2467, DTW: 0.0864, TopK: 0.4387) | Val Mixed Loss (NoTrend, limit=2): 0.7452 (Base: 0.2879, DTW: 0.1325, TopK: 0.4644) | EMA NoTrend Loss: 0.742227 | LR: 1.05e-05
Epoch [87/100] | Train Mixed Loss (Trend, limit=2): 0.6658 (Base: 0.2475, DTW: 0.0867, TopK: 0.4382) | Val Mixed Loss (NoTrend, limit=2): 0.7341 (Base: 0.2864, DTW: 0.1288, TopK: 0.4622) | EMA NoTrend Loss: 0.740193 | LR: 9.18e-06
Epoch [88/100] | Train Mixed Loss (Trend, limit=2): 0.6662 (Base: 0.2474, DTW: 0.0869, TopK: 0.4380) | Val Mixed Loss (NoTrend, limit=2): 0.7351 (Base: 0.2842, DTW: 0.1293, TopK: 0.4689) | EMA NoTrend Loss: 0.738925 | LR: 7.99e-06
Epoch [89/100] | Train Mixed Loss (Trend, limit=2): 0.6658 (Base: 0.2473, DTW: 0.0867, TopK: 0.4391) | Val Mixed Loss (NoTrend, limit=2): 0.7418 (Base: 0.2873, DTW: 0.1321, TopK: 0.4578) | EMA NoTrend Loss: 0.739633 | LR: 6.88e-06
Epoch [90/100] | Train Mixed Loss (Trend, limit=2): 0.6695 (Base: 0.2480, DTW: 0.0874, TopK: 0.4408) | Val Mixed Loss (NoTrend, limit=2): 0.7354 (Base: 0.2866, DTW: 0.1294, TopK: 0.4606) | EMA NoTrend Loss: 0.738577 | LR: 5.87e-06
Epoch [91/100] | Train Mixed Loss (Trend, limit=2): 0.6652 (Base: 0.2471, DTW: 0.0865, TopK: 0.4377) | Val Mixed Loss (NoTrend, limit=2): 0.7355 (Base: 0.2852, DTW: 0.1304, TopK: 0.4574) | EMA NoTrend Loss: 0.737801 | LR: 4.95e-06
Epoch [92/100] | Train Mixed Loss (Trend, limit=2): 0.6624 (Base: 0.2463, DTW: 0.0861, TopK: 0.4354) | Val Mixed Loss (NoTrend, limit=2): 0.7495 (Base: 0.2904, DTW: 0.1333, TopK: 0.4640) | EMA NoTrend Loss: 0.740734 | LR: 4.13e-06
Epoch [93/100] | Train Mixed Loss (Trend, limit=2): 0.6646 (Base: 0.2471, DTW: 0.0863, TopK: 0.4378) | Val Mixed Loss (NoTrend, limit=2): 0.7395 (Base: 0.2872, DTW: 0.1309, TopK: 0.4600) | EMA NoTrend Loss: 0.740419 | LR: 3.40e-06
Epoch [94/100] | Train Mixed Loss (Trend, limit=2): 0.6665 (Base: 0.2476, DTW: 0.0867, TopK: 0.4386) | Val Mixed Loss (NoTrend, limit=2): 0.7405 (Base: 0.2854, DTW: 0.1317, TopK: 0.4633) | EMA NoTrend Loss: 0.740445 | LR: 2.76e-06
Epoch [95/100] | Train Mixed Loss (Trend, limit=2): 0.6622 (Base: 0.2465, DTW: 0.0860, TopK: 0.4347) | Val Mixed Loss (NoTrend, limit=2): 0.7330 (Base: 0.2842, DTW: 0.1295, TopK: 0.4601) | EMA NoTrend Loss: 0.738591 | LR: 2.23e-06
Epoch [96/100] | Train Mixed Loss (Trend, limit=2): 0.6619 (Base: 0.2463, DTW: 0.0860, TopK: 0.4347) | Val Mixed Loss (NoTrend, limit=2): 0.7418 (Base: 0.2876, DTW: 0.1314, TopK: 0.4631) | EMA NoTrend Loss: 0.739388 | LR: 1.78e-06
Epoch [97/100] | Train Mixed Loss (Trend, limit=2): 0.6634 (Base: 0.2465, DTW: 0.0863, TopK: 0.4354) | Val Mixed Loss (NoTrend, limit=2): 0.7468 (Base: 0.2867, DTW: 0.1331, TopK: 0.4689) | EMA NoTrend Loss: 0.741244 | LR: 1.44e-06
Epoch [98/100] | Train Mixed Loss (Trend, limit=2): 0.6619 (Base: 0.2462, DTW: 0.0860, TopK: 0.4352) | Val Mixed Loss (NoTrend, limit=2): 0.7359 (Base: 0.2846, DTW: 0.1297, TopK: 0.4666) | EMA NoTrend Loss: 0.739908 | LR: 1.20e-06
Epoch [99/100] | Train Mixed Loss (Trend, limit=2): 0.6603 (Base: 0.2457, DTW: 0.0857, TopK: 0.4345) | Val Mixed Loss (NoTrend, limit=2): 0.7462 (Base: 0.2861, DTW: 0.1330, TopK: 0.4696) | EMA NoTrend Loss: 0.741480 | LR: 1.05e-06
Epoch [100/100] | Train Mixed Loss (Trend, limit=2): 0.6602 (Base: 0.2457, DTW: 0.0856, TopK: 0.4344) | Val Mixed Loss (NoTrend, limit=2): 0.7397 (Base: 0.2858, DTW: 0.1315, TopK: 0.4606) | EMA NoTrend Loss: 0.741028 | LR: 1.00e-06
[*] Loaded best model from epoch 57 (EMA NoTrend Loss: 0.730295)
