Starting experiment (seed=2)
Device: cuda
Building static profile features from historical data...
Loading lightweight encoder...
Total trainable parameters: 9,752,834
Epoch [1/100] | Total Loss: 1.3921 | Aux Loss: 0.3075 | Train Mixed Loss: 1.0846 (Base: 0.3532, Trend: 0.1915, DTW: 0.1900, TopK: 0.5989) | Val Mixed Loss (No Trend): 0.8381 (Base: 0.3069, DTW: 0.1543, TopK: 0.5362) | EMA Val Loss (No Trend): 0.838129 | LR: 2.00e-04
Saved new best weights to best_model_seed2.pth (EMA validation loss without trend: 0.838129).
Epoch [2/100] | Total Loss: 1.2263 | Aux Loss: 0.2288 | Train Mixed Loss: 0.9975 (Base: 0.3334, Trend: 0.1662, DTW: 0.1690, TopK: 0.5843) | Val Mixed Loss (No Trend): 0.8744 (Base: 0.3300, DTW: 0.1638, TopK: 0.5039) | EMA Val Loss (No Trend): 0.847189 | LR: 2.00e-04
Epoch [3/100] | Total Loss: 1.1761 | Aux Loss: 0.2141 | Train Mixed Loss: 0.9620 (Base: 0.3262, Trend: 0.1639, DTW: 0.1598, TopK: 0.5677) | Val Mixed Loss (No Trend): 0.8152 (Base: 0.2994, DTW: 0.1492, TopK: 0.5255) | EMA Val Loss (No Trend): 0.839192 | LR: 2.00e-04
Epoch [4/100] | Total Loss: 1.1670 | Aux Loss: 0.2118 | Train Mixed Loss: 0.9552 (Base: 0.3248, Trend: 0.1636, DTW: 0.1574, TopK: 0.5692) | Val Mixed Loss (No Trend): 0.8248 (Base: 0.3161, DTW: 0.1500, TopK: 0.4956) | EMA Val Loss (No Trend): 0.835589 | LR: 1.99e-04
Saved new best weights to best_model_seed2.pth (EMA validation loss without trend: 0.835589).
Epoch [5/100] | Total Loss: 1.1443 | Aux Loss: 0.2047 | Train Mixed Loss: 0.9397 (Base: 0.3210, Trend: 0.1633, DTW: 0.1531, TopK: 0.5655) | Val Mixed Loss (No Trend): 0.8054 (Base: 0.3017, DTW: 0.1465, TopK: 0.5067) | EMA Val Loss (No Trend): 0.828030 | LR: 1.99e-04
Saved new best weights to best_model_seed2.pth (EMA validation loss without trend: 0.828030).
Epoch [6/100] | Total Loss: 1.1372 | Aux Loss: 0.2046 | Train Mixed Loss: 0.9326 (Base: 0.3186, Trend: 0.1625, DTW: 0.1520, TopK: 0.5600) | Val Mixed Loss (No Trend): 0.8175 (Base: 0.3148, DTW: 0.1496, TopK: 0.4788) | EMA Val Loss (No Trend): 0.825392 | LR: 1.98e-04
Saved new best weights to best_model_seed2.pth (EMA validation loss without trend: 0.825392).
Epoch [7/100] | Total Loss: 1.1228 | Aux Loss: 0.2026 | Train Mixed Loss: 0.9202 (Base: 0.3152, Trend: 0.1611, DTW: 0.1490, TopK: 0.5560) | Val Mixed Loss (No Trend): 0.8115 (Base: 0.3092, DTW: 0.1497, TopK: 0.4765) | EMA Val Loss (No Trend): 0.821918 | LR: 1.98e-04
Saved new best weights to best_model_seed2.pth (EMA validation loss without trend: 0.821918).
Epoch [8/100] | Total Loss: 1.1242 | Aux Loss: 0.2019 | Train Mixed Loss: 0.9223 (Base: 0.3169, Trend: 0.1634, DTW: 0.1482, TopK: 0.5601) | Val Mixed Loss (No Trend): 0.7904 (Base: 0.2976, DTW: 0.1406, TopK: 0.5181) | EMA Val Loss (No Trend): 0.814042 | LR: 1.97e-04
Saved new best weights to best_model_seed2.pth (EMA validation loss without trend: 0.814042).
Epoch [9/100] | Total Loss: 1.1065 | Aux Loss: 0.1974 | Train Mixed Loss: 0.9090 (Base: 0.3138, Trend: 0.1628, DTW: 0.1452, TopK: 0.5513) | Val Mixed Loss (No Trend): 0.7799 (Base: 0.2859, DTW: 0.1361, TopK: 0.5582) | EMA Val Loss (No Trend): 0.805508 | LR: 1.96e-04
Saved new best weights to best_model_seed2.pth (EMA validation loss without trend: 0.805508).
Epoch [10/100] | Total Loss: 1.0993 | Aux Loss: 0.1938 | Train Mixed Loss: 0.9054 (Base: 0.3132, Trend: 0.1626, DTW: 0.1437, TopK: 0.5537) | Val Mixed Loss (No Trend): 0.7599 (Base: 0.2866, DTW: 0.1337, TopK: 0.5080) | EMA Val Loss (No Trend): 0.794103 | LR: 1.95e-04
Saved new best weights to best_model_seed2.pth (EMA validation loss without trend: 0.794103).
Epoch [11/100] | Total Loss: 1.0884 | Aux Loss: 0.1954 | Train Mixed Loss: 0.8930 (Base: 0.3084, Trend: 0.1604, DTW: 0.1417, TopK: 0.5473) | Val Mixed Loss (No Trend): 0.7858 (Base: 0.2962, DTW: 0.1412, TopK: 0.5018) | EMA Val Loss (No Trend): 0.792015 | LR: 1.94e-04
Saved new best weights to best_model_seed2.pth (EMA validation loss without trend: 0.792015).
Epoch [12/100] | Total Loss: 1.0798 | Aux Loss: 0.1937 | Train Mixed Loss: 0.8861 (Base: 0.3076, Trend: 0.1604, DTW: 0.1398, TopK: 0.5428) | Val Mixed Loss (No Trend): 0.7871 (Base: 0.2993, DTW: 0.1440, TopK: 0.4739) | EMA Val Loss (No Trend): 0.790780 | LR: 1.93e-04
Saved new best weights to best_model_seed2.pth (EMA validation loss without trend: 0.790780).
Epoch [13/100] | Total Loss: 1.0705 | Aux Loss: 0.1923 | Train Mixed Loss: 0.8783 (Base: 0.3053, Trend: 0.1600, DTW: 0.1380, TopK: 0.5391) | Val Mixed Loss (No Trend): 0.7516 (Base: 0.2872, DTW: 0.1337, TopK: 0.4784) | EMA Val Loss (No Trend): 0.780981 | LR: 1.92e-04
Saved new best weights to best_model_seed2.pth (EMA validation loss without trend: 0.780981).
Epoch [14/100] | Total Loss: 1.0681 | Aux Loss: 0.1904 | Train Mixed Loss: 0.8777 (Base: 0.3057, Trend: 0.1601, DTW: 0.1377, TopK: 0.5386) | Val Mixed Loss (No Trend): 0.7597 (Base: 0.2860, DTW: 0.1340, TopK: 0.5076) | EMA Val Loss (No Trend): 0.775669 | LR: 1.91e-04
Saved new best weights to best_model_seed2.pth (EMA validation loss without trend: 0.775669).
Epoch [15/100] | Total Loss: 1.0644 | Aux Loss: 0.1903 | Train Mixed Loss: 0.8742 (Base: 0.3049, Trend: 0.1596, DTW: 0.1362, TopK: 0.5418) | Val Mixed Loss (No Trend): 0.7581 (Base: 0.2878, DTW: 0.1336, TopK: 0.4991) | EMA Val Loss (No Trend): 0.771277 | LR: 1.89e-04
Saved new best weights to best_model_seed2.pth (EMA validation loss without trend: 0.771277).
Epoch [16/100] | Total Loss: 1.0530 | Aux Loss: 0.1886 | Train Mixed Loss: 0.8644 (Base: 0.3014, Trend: 0.1587, DTW: 0.1346, TopK: 0.5349) | Val Mixed Loss (No Trend): 0.7750 (Base: 0.2987, DTW: 0.1373, TopK: 0.4889) | EMA Val Loss (No Trend): 0.772201 | LR: 1.88e-04
Epoch [17/100] | Total Loss: 1.0429 | Aux Loss: 0.1842 | Train Mixed Loss: 0.8587 (Base: 0.3004, Trend: 0.1577, DTW: 0.1335, TopK: 0.5298) | Val Mixed Loss (No Trend): 0.7551 (Base: 0.2854, DTW: 0.1318, TopK: 0.5119) | EMA Val Loss (No Trend): 0.767934 | LR: 1.86e-04
Saved new best weights to best_model_seed2.pth (EMA validation loss without trend: 0.767934).
Epoch [18/100] | Total Loss: 1.0456 | Aux Loss: 0.1870 | Train Mixed Loss: 0.8587 (Base: 0.3005, Trend: 0.1583, DTW: 0.1332, TopK: 0.5312) | Val Mixed Loss (No Trend): 0.7441 (Base: 0.2785, DTW: 0.1299, TopK: 0.5128) | EMA Val Loss (No Trend): 0.761979 | LR: 1.85e-04
Saved new best weights to best_model_seed2.pth (EMA validation loss without trend: 0.761979).
Epoch [19/100] | Total Loss: 1.0321 | Aux Loss: 0.1844 | Train Mixed Loss: 0.8477 (Base: 0.2973, Trend: 0.1569, DTW: 0.1307, TopK: 0.5277) | Val Mixed Loss (No Trend): 0.7341 (Base: 0.2772, DTW: 0.1291, TopK: 0.4903) | EMA Val Loss (No Trend): 0.755017 | LR: 1.83e-04
Saved new best weights to best_model_seed2.pth (EMA validation loss without trend: 0.755017).
Epoch [20/100] | Total Loss: 1.0395 | Aux Loss: 0.1860 | Train Mixed Loss: 0.8535 (Base: 0.3002, Trend: 0.1580, DTW: 0.1313, TopK: 0.5308) | Val Mixed Loss (No Trend): 0.7344 (Base: 0.2765, DTW: 0.1277, TopK: 0.5043) | EMA Val Loss (No Trend): 0.749862 | LR: 1.81e-04
Saved new best weights to best_model_seed2.pth (EMA validation loss without trend: 0.749862).
Epoch [21/100] | Total Loss: 1.0247 | Aux Loss: 0.1825 | Train Mixed Loss: 0.8422 (Base: 0.2969, Trend: 0.1569, DTW: 0.1286, TopK: 0.5270) | Val Mixed Loss (No Trend): 0.7498 (Base: 0.2902, DTW: 0.1316, TopK: 0.4790) | EMA Val Loss (No Trend): 0.749846 | LR: 1.79e-04
Saved new best weights to best_model_seed2.pth (EMA validation loss without trend: 0.749846).
Epoch [22/100] | Total Loss: 1.0224 | Aux Loss: 0.1802 | Train Mixed Loss: 0.8422 (Base: 0.2970, Trend: 0.1567, DTW: 0.1286, TopK: 0.5276) | Val Mixed Loss (No Trend): 0.7469 (Base: 0.2865, DTW: 0.1334, TopK: 0.4678) | EMA Val Loss (No Trend): 0.749117 | LR: 1.77e-04
Saved new best weights to best_model_seed2.pth (EMA validation loss without trend: 0.749117).
Epoch [23/100] | Total Loss: 1.0243 | Aux Loss: 0.1812 | Train Mixed Loss: 0.8431 (Base: 0.2977, Trend: 0.1571, DTW: 0.1286, TopK: 0.5272) | Val Mixed Loss (No Trend): 0.7371 (Base: 0.2830, DTW: 0.1283, TopK: 0.4869) | EMA Val Loss (No Trend): 0.746114 | LR: 1.75e-04
Saved new best weights to best_model_seed2.pth (EMA validation loss without trend: 0.746114).
Epoch [24/100] | Total Loss: 1.0177 | Aux Loss: 0.1802 | Train Mixed Loss: 0.8375 (Base: 0.2954, Trend: 0.1558, DTW: 0.1278, TopK: 0.5251) | Val Mixed Loss (No Trend): 0.7292 (Base: 0.2770, DTW: 0.1252, TopK: 0.5058) | EMA Val Loss (No Trend): 0.741885 | LR: 1.73e-04
Saved new best weights to best_model_seed2.pth (EMA validation loss without trend: 0.741885).
Epoch [25/100] | Total Loss: 1.0171 | Aux Loss: 0.1814 | Train Mixed Loss: 0.8357 (Base: 0.2958, Trend: 0.1567, DTW: 0.1270, TopK: 0.5221) | Val Mixed Loss (No Trend): 0.7432 (Base: 0.2850, DTW: 0.1299, TopK: 0.4884) | EMA Val Loss (No Trend): 0.742208 | LR: 1.71e-04
Epoch [26/100] | Total Loss: 1.0091 | Aux Loss: 0.1774 | Train Mixed Loss: 0.8317 (Base: 0.2949, Trend: 0.1559, DTW: 0.1260, TopK: 0.5218) | Val Mixed Loss (No Trend): 0.7337 (Base: 0.2811, DTW: 0.1252, TopK: 0.5074) | EMA Val Loss (No Trend): 0.740092 | LR: 1.69e-04
Saved new best weights to best_model_seed2.pth (EMA validation loss without trend: 0.740092).
Epoch [27/100] | Total Loss: 1.0008 | Aux Loss: 0.1776 | Train Mixed Loss: 0.8232 (Base: 0.2923, Trend: 0.1554, DTW: 0.1244, TopK: 0.5158) | Val Mixed Loss (No Trend): 0.7413 (Base: 0.2873, DTW: 0.1317, TopK: 0.4597) | EMA Val Loss (No Trend): 0.740399 | LR: 1.66e-04
Epoch [28/100] | Total Loss: 1.0025 | Aux Loss: 0.1780 | Train Mixed Loss: 0.8244 (Base: 0.2928, Trend: 0.1560, DTW: 0.1241, TopK: 0.5191) | Val Mixed Loss (No Trend): 0.7255 (Base: 0.2782, DTW: 0.1254, TopK: 0.4879) | EMA Val Loss (No Trend): 0.736664 | LR: 1.64e-04
Saved new best weights to best_model_seed2.pth (EMA validation loss without trend: 0.736664).
Epoch [29/100] | Total Loss: 1.0001 | Aux Loss: 0.1755 | Train Mixed Loss: 0.8246 (Base: 0.2936, Trend: 0.1558, DTW: 0.1243, TopK: 0.5163) | Val Mixed Loss (No Trend): 0.7217 (Base: 0.2782, DTW: 0.1254, TopK: 0.4750) | EMA Val Loss (No Trend): 0.732930 | LR: 1.61e-04
Saved new best weights to best_model_seed2.pth (EMA validation loss without trend: 0.732930).
Epoch [30/100] | Total Loss: 0.9945 | Aux Loss: 0.1756 | Train Mixed Loss: 0.8189 (Base: 0.2913, Trend: 0.1563, DTW: 0.1228, TopK: 0.5156) | Val Mixed Loss (No Trend): 0.7500 (Base: 0.2937, DTW: 0.1330, TopK: 0.4570) | EMA Val Loss (No Trend): 0.737189 | LR: 1.59e-04
Epoch [31/100] | Total Loss: 0.9932 | Aux Loss: 0.1755 | Train Mixed Loss: 0.8177 (Base: 0.2910, Trend: 0.1556, DTW: 0.1226, TopK: 0.5157) | Val Mixed Loss (No Trend): 0.7314 (Base: 0.2855, DTW: 0.1261, TopK: 0.4776) | EMA Val Loss (No Trend): 0.735743 | LR: 1.56e-04
Epoch [32/100] | Total Loss: 0.9940 | Aux Loss: 0.1739 | Train Mixed Loss: 0.8202 (Base: 0.2926, Trend: 0.1559, DTW: 0.1226, TopK: 0.5181) | Val Mixed Loss (No Trend): 0.7353 (Base: 0.2847, DTW: 0.1277, TopK: 0.4805) | EMA Val Loss (No Trend): 0.735637 | LR: 1.54e-04
Epoch [33/100] | Total Loss: 0.9856 | Aux Loss: 0.1730 | Train Mixed Loss: 0.8126 (Base: 0.2902, Trend: 0.1551, DTW: 0.1211, TopK: 0.5137) | Val Mixed Loss (No Trend): 0.7386 (Base: 0.2912, DTW: 0.1294, TopK: 0.4563) | EMA Val Loss (No Trend): 0.736381 | LR: 1.51e-04
Epoch [34/100] | Total Loss: 0.9822 | Aux Loss: 0.1742 | Train Mixed Loss: 0.8080 (Base: 0.2885, Trend: 0.1547, DTW: 0.1205, TopK: 0.5093) | Val Mixed Loss (No Trend): 0.7649 (Base: 0.3009, DTW: 0.1371, TopK: 0.4496) | EMA Val Loss (No Trend): 0.743510 | LR: 1.48e-04
Epoch [35/100] | Total Loss: 0.9765 | Aux Loss: 0.1717 | Train Mixed Loss: 0.8048 (Base: 0.2877, Trend: 0.1546, DTW: 0.1194, TopK: 0.5112) | Val Mixed Loss (No Trend): 0.7491 (Base: 0.2939, DTW: 0.1336, TopK: 0.4486) | EMA Val Loss (No Trend): 0.744903 | LR: 1.46e-04
Epoch [36/100] | Total Loss: 0.9690 | Aux Loss: 0.1719 | Train Mixed Loss: 0.7971 (Base: 0.2855, Trend: 0.1533, DTW: 0.1180, TopK: 0.5059) | Val Mixed Loss (No Trend): 0.7175 (Base: 0.2786, DTW: 0.1223, TopK: 0.4845) | EMA Val Loss (No Trend): 0.738047 | LR: 1.43e-04
Epoch [37/100] | Total Loss: 0.9850 | Aux Loss: 0.1735 | Train Mixed Loss: 0.8115 (Base: 0.2894, Trend: 0.1552, DTW: 0.1211, TopK: 0.5131) | Val Mixed Loss (No Trend): 0.7302 (Base: 0.2828, DTW: 0.1278, TopK: 0.4690) | EMA Val Loss (No Trend): 0.736073 | LR: 1.40e-04
Epoch [38/100] | Total Loss: 0.9736 | Aux Loss: 0.1715 | Train Mixed Loss: 0.8021 (Base: 0.2870, Trend: 0.1541, DTW: 0.1195, TopK: 0.5043) | Val Mixed Loss (No Trend): 0.7177 (Base: 0.2785, DTW: 0.1250, TopK: 0.4636) | EMA Val Loss (No Trend): 0.731476 | LR: 1.37e-04
Saved new best weights to best_model_seed2.pth (EMA validation loss without trend: 0.731476).
Epoch [39/100] | Total Loss: 0.9696 | Aux Loss: 0.1703 | Train Mixed Loss: 0.7994 (Base: 0.2857, Trend: 0.1541, DTW: 0.1183, TopK: 0.5094) | Val Mixed Loss (No Trend): 0.7160 (Base: 0.2766, DTW: 0.1214, TopK: 0.4938) | EMA Val Loss (No Trend): 0.727613 | LR: 1.34e-04
Saved new best weights to best_model_seed2.pth (EMA validation loss without trend: 0.727613).
Epoch [40/100] | Total Loss: 0.9612 | Aux Loss: 0.1687 | Train Mixed Loss: 0.7925 (Base: 0.2846, Trend: 0.1533, DTW: 0.1167, TopK: 0.5038) | Val Mixed Loss (No Trend): 0.7439 (Base: 0.2927, DTW: 0.1313, TopK: 0.4539) | EMA Val Loss (No Trend): 0.731693 | LR: 1.31e-04
Epoch [41/100] | Total Loss: 0.9561 | Aux Loss: 0.1686 | Train Mixed Loss: 0.7874 (Base: 0.2830, Trend: 0.1538, DTW: 0.1154, TopK: 0.5021) | Val Mixed Loss (No Trend): 0.7066 (Base: 0.2718, DTW: 0.1205, TopK: 0.4855) | EMA Val Loss (No Trend): 0.725414 | LR: 1.28e-04
Saved new best weights to best_model_seed2.pth (EMA validation loss without trend: 0.725414).
Epoch [42/100] | Total Loss: 0.9549 | Aux Loss: 0.1673 | Train Mixed Loss: 0.7876 (Base: 0.2837, Trend: 0.1540, DTW: 0.1154, TopK: 0.5000) | Val Mixed Loss (No Trend): 0.7349 (Base: 0.2855, DTW: 0.1311, TopK: 0.4488) | EMA Val Loss (No Trend): 0.727775 | LR: 1.25e-04
Epoch [43/100] | Total Loss: 0.9498 | Aux Loss: 0.1664 | Train Mixed Loss: 0.7834 (Base: 0.2820, Trend: 0.1529, DTW: 0.1145, TopK: 0.5002) | Val Mixed Loss (No Trend): 0.7227 (Base: 0.2825, DTW: 0.1245, TopK: 0.4711) | EMA Val Loss (No Trend): 0.726514 | LR: 1.22e-04
Epoch [44/100] | Total Loss: 0.9499 | Aux Loss: 0.1671 | Train Mixed Loss: 0.7828 (Base: 0.2824, Trend: 0.1539, DTW: 0.1144, TopK: 0.4967) | Val Mixed Loss (No Trend): 0.7259 (Base: 0.2798, DTW: 0.1265, TopK: 0.4747) | EMA Val Loss (No Trend): 0.726366 | LR: 1.19e-04
Epoch [45/100] | Total Loss: 0.9482 | Aux Loss: 0.1669 | Train Mixed Loss: 0.7813 (Base: 0.2819, Trend: 0.1534, DTW: 0.1140, TopK: 0.4968) | Val Mixed Loss (No Trend): 0.7229 (Base: 0.2851, DTW: 0.1264, TopK: 0.4484) | EMA Val Loss (No Trend): 0.725509 | LR: 1.16e-04
Epoch [46/100] | Total Loss: 0.9411 | Aux Loss: 0.1643 | Train Mixed Loss: 0.7768 (Base: 0.2804, Trend: 0.1525, DTW: 0.1130, TopK: 0.4964) | Val Mixed Loss (No Trend): 0.7168 (Base: 0.2813, DTW: 0.1243, TopK: 0.4570) | EMA Val Loss (No Trend): 0.723341 | LR: 1.13e-04
Saved new best weights to best_model_seed2.pth (EMA validation loss without trend: 0.723341).
Epoch [47/100] | Total Loss: 0.9396 | Aux Loss: 0.1658 | Train Mixed Loss: 0.7738 (Base: 0.2794, Trend: 0.1523, DTW: 0.1125, TopK: 0.4937) | Val Mixed Loss (No Trend): 0.7167 (Base: 0.2807, DTW: 0.1246, TopK: 0.4567) | EMA Val Loss (No Trend): 0.721693 | LR: 1.10e-04
Saved new best weights to best_model_seed2.pth (EMA validation loss without trend: 0.721693).
Epoch [48/100] | Total Loss: 0.9384 | Aux Loss: 0.1661 | Train Mixed Loss: 0.7722 (Base: 0.2797, Trend: 0.1521, DTW: 0.1119, TopK: 0.4930) | Val Mixed Loss (No Trend): 0.7139 (Base: 0.2762, DTW: 0.1243, TopK: 0.4644) | EMA Val Loss (No Trend): 0.719747 | LR: 1.07e-04
Saved new best weights to best_model_seed2.pth (EMA validation loss without trend: 0.719747).
Epoch [49/100] | Total Loss: 0.9344 | Aux Loss: 0.1645 | Train Mixed Loss: 0.7699 (Base: 0.2786, Trend: 0.1520, DTW: 0.1115, TopK: 0.4927) | Val Mixed Loss (No Trend): 0.7154 (Base: 0.2749, DTW: 0.1229, TopK: 0.4858) | EMA Val Loss (No Trend): 0.718669 | LR: 1.04e-04
Saved new best weights to best_model_seed2.pth (EMA validation loss without trend: 0.718669).
Epoch [50/100] | Total Loss: 0.9318 | Aux Loss: 0.1649 | Train Mixed Loss: 0.7669 (Base: 0.2777, Trend: 0.1515, DTW: 0.1113, TopK: 0.4879) | Val Mixed Loss (No Trend): 0.7292 (Base: 0.2853, DTW: 0.1280, TopK: 0.4557) | EMA Val Loss (No Trend): 0.721295 | LR: 1.01e-04
Epoch [51/100] | Total Loss: 0.9302 | Aux Loss: 0.1642 | Train Mixed Loss: 0.7660 (Base: 0.2777, Trend: 0.1519, DTW: 0.1108, TopK: 0.4883) | Val Mixed Loss (No Trend): 0.7328 (Base: 0.2860, DTW: 0.1288, TopK: 0.4585) | EMA Val Loss (No Trend): 0.724164 | LR: 9.74e-05
Epoch [52/100] | Total Loss: 0.9296 | Aux Loss: 0.1660 | Train Mixed Loss: 0.7636 (Base: 0.2776, Trend: 0.1529, DTW: 0.1098, TopK: 0.4871) | Val Mixed Loss (No Trend): 0.7500 (Base: 0.2964, DTW: 0.1331, TopK: 0.4469) | EMA Val Loss (No Trend): 0.730617 | LR: 9.43e-05
Epoch [53/100] | Total Loss: 0.9245 | Aux Loss: 0.1633 | Train Mixed Loss: 0.7612 (Base: 0.2765, Trend: 0.1521, DTW: 0.1093, TopK: 0.4879) | Val Mixed Loss (No Trend): 0.7200 (Base: 0.2818, DTW: 0.1241, TopK: 0.4683) | EMA Val Loss (No Trend): 0.727961 | LR: 9.11e-05
Epoch [54/100] | Total Loss: 0.9207 | Aux Loss: 0.1636 | Train Mixed Loss: 0.7570 (Base: 0.2757, Trend: 0.1525, DTW: 0.1083, TopK: 0.4838) | Val Mixed Loss (No Trend): 0.7412 (Base: 0.2915, DTW: 0.1305, TopK: 0.4553) | EMA Val Loss (No Trend): 0.731280 | LR: 8.80e-05
Epoch [55/100] | Total Loss: 0.9210 | Aux Loss: 0.1632 | Train Mixed Loss: 0.7579 (Base: 0.2753, Trend: 0.1521, DTW: 0.1084, TopK: 0.4878) | Val Mixed Loss (No Trend): 0.7226 (Base: 0.2812, DTW: 0.1252, TopK: 0.4697) | EMA Val Loss (No Trend): 0.729104 | LR: 8.49e-05
Epoch [56/100] | Total Loss: 0.9068 | Aux Loss: 0.1612 | Train Mixed Loss: 0.7456 (Base: 0.2716, Trend: 0.1508, DTW: 0.1062, TopK: 0.4787) | Val Mixed Loss (No Trend): 0.7288 (Base: 0.2843, DTW: 0.1276, TopK: 0.4607) | EMA Val Loss (No Trend): 0.729019 | LR: 8.19e-05
Epoch [57/100] | Total Loss: 0.9212 | Aux Loss: 0.1640 | Train Mixed Loss: 0.7572 (Base: 0.2752, Trend: 0.1527, DTW: 0.1085, TopK: 0.4845) | Val Mixed Loss (No Trend): 0.7114 (Base: 0.2759, DTW: 0.1232, TopK: 0.4662) | EMA Val Loss (No Trend): 0.724606 | LR: 7.88e-05
Epoch [58/100] | Total Loss: 0.9087 | Aux Loss: 0.1616 | Train Mixed Loss: 0.7471 (Base: 0.2717, Trend: 0.1515, DTW: 0.1065, TopK: 0.4799) | Val Mixed Loss (No Trend): 0.7283 (Base: 0.2883, DTW: 0.1275, TopK: 0.4473) | EMA Val Loss (No Trend): 0.725541 | LR: 7.58e-05
Epoch [59/100] | Total Loss: 0.9021 | Aux Loss: 0.1602 | Train Mixed Loss: 0.7419 (Base: 0.2708, Trend: 0.1513, DTW: 0.1051, TopK: 0.4772) | Val Mixed Loss (No Trend): 0.7115 (Base: 0.2775, DTW: 0.1228, TopK: 0.4643) | EMA Val Loss (No Trend): 0.722019 | LR: 7.27e-05
Epoch [60/100] | Total Loss: 0.9044 | Aux Loss: 0.1608 | Train Mixed Loss: 0.7436 (Base: 0.2712, Trend: 0.1507, DTW: 0.1055, TopK: 0.4795) | Val Mixed Loss (No Trend): 0.7216 (Base: 0.2809, DTW: 0.1262, TopK: 0.4591) | EMA Val Loss (No Trend): 0.721911 | LR: 6.98e-05
Epoch [61/100] | Total Loss: 0.8956 | Aux Loss: 0.1602 | Train Mixed Loss: 0.7354 (Base: 0.2686, Trend: 0.1504, DTW: 0.1037, TopK: 0.4757) | Val Mixed Loss (No Trend): 0.7242 (Base: 0.2828, DTW: 0.1261, TopK: 0.4627) | EMA Val Loss (No Trend): 0.722493 | LR: 6.68e-05
Epoch [62/100] | Total Loss: 0.9018 | Aux Loss: 0.1602 | Train Mixed Loss: 0.7416 (Base: 0.2713, Trend: 0.1512, DTW: 0.1049, TopK: 0.4758) | Val Mixed Loss (No Trend): 0.7255 (Base: 0.2846, DTW: 0.1269, TopK: 0.4544) | EMA Val Loss (No Trend): 0.723233 | LR: 6.39e-05
Epoch [63/100] | Total Loss: 0.8987 | Aux Loss: 0.1600 | Train Mixed Loss: 0.7387 (Base: 0.2702, Trend: 0.1513, DTW: 0.1043, TopK: 0.4756) | Val Mixed Loss (No Trend): 0.7129 (Base: 0.2769, DTW: 0.1234, TopK: 0.4663) | EMA Val Loss (No Trend): 0.720642 | LR: 6.10e-05
Epoch [64/100] | Total Loss: 0.8969 | Aux Loss: 0.1594 | Train Mixed Loss: 0.7375 (Base: 0.2703, Trend: 0.1510, DTW: 0.1038, TopK: 0.4754) | Val Mixed Loss (No Trend): 0.7050 (Base: 0.2766, DTW: 0.1215, TopK: 0.4557) | EMA Val Loss (No Trend): 0.716725 | LR: 5.81e-05
Saved new best weights to best_model_seed2.pth (EMA validation loss without trend: 0.716725).
Epoch [65/100] | Total Loss: 0.8898 | Aux Loss: 0.1596 | Train Mixed Loss: 0.7302 (Base: 0.2680, Trend: 0.1510, DTW: 0.1022, TopK: 0.4717) | Val Mixed Loss (No Trend): 0.7184 (Base: 0.2802, DTW: 0.1259, TopK: 0.4531) | EMA Val Loss (No Trend): 0.717150 | LR: 5.53e-05
Epoch [66/100] | Total Loss: 0.8928 | Aux Loss: 0.1594 | Train Mixed Loss: 0.7335 (Base: 0.2684, Trend: 0.1513, DTW: 0.1033, TopK: 0.4720) | Val Mixed Loss (No Trend): 0.7312 (Base: 0.2884, DTW: 0.1284, TopK: 0.4486) | EMA Val Loss (No Trend): 0.720651 | LR: 5.26e-05
Epoch [67/100] | Total Loss: 0.8997 | Aux Loss: 0.1606 | Train Mixed Loss: 0.7391 (Base: 0.2703, Trend: 0.1517, DTW: 0.1043, TopK: 0.4754) | Val Mixed Loss (No Trend): 0.7110 (Base: 0.2785, DTW: 0.1218, TopK: 0.4669) | EMA Val Loss (No Trend): 0.718242 | LR: 4.99e-05
Epoch [68/100] | Total Loss: 0.8863 | Aux Loss: 0.1597 | Train Mixed Loss: 0.7266 (Base: 0.2669, Trend: 0.1503, DTW: 0.1017, TopK: 0.4679) | Val Mixed Loss (No Trend): 0.7248 (Base: 0.2815, DTW: 0.1263, TopK: 0.4674) | EMA Val Loss (No Trend): 0.719878 | LR: 4.72e-05
Epoch [69/100] | Total Loss: 0.8898 | Aux Loss: 0.1595 | Train Mixed Loss: 0.7303 (Base: 0.2671, Trend: 0.1514, DTW: 0.1023, TopK: 0.4736) | Val Mixed Loss (No Trend): 0.7215 (Base: 0.2807, DTW: 0.1240, TopK: 0.4775) | EMA Val Loss (No Trend): 0.720294 | LR: 4.46e-05
Epoch [70/100] | Total Loss: 0.8783 | Aux Loss: 0.1569 | Train Mixed Loss: 0.7214 (Base: 0.2653, Trend: 0.1498, DTW: 0.1004, TopK: 0.4670) | Val Mixed Loss (No Trend): 0.7101 (Base: 0.2758, DTW: 0.1224, TopK: 0.4681) | EMA Val Loss (No Trend): 0.717738 | LR: 4.20e-05
Epoch [71/100] | Total Loss: 0.8814 | Aux Loss: 0.1577 | Train Mixed Loss: 0.7237 (Base: 0.2665, Trend: 0.1513, DTW: 0.1008, TopK: 0.4657) | Val Mixed Loss (No Trend): 0.7058 (Base: 0.2768, DTW: 0.1206, TopK: 0.4652) | EMA Val Loss (No Trend): 0.714758 | LR: 3.95e-05
Saved new best weights to best_model_seed2.pth (EMA validation loss without trend: 0.714758).
Epoch [72/100] | Total Loss: 0.8805 | Aux Loss: 0.1574 | Train Mixed Loss: 0.7231 (Base: 0.2653, Trend: 0.1505, DTW: 0.1006, TopK: 0.4703) | Val Mixed Loss (No Trend): 0.7126 (Base: 0.2791, DTW: 0.1236, TopK: 0.4565) | EMA Val Loss (No Trend): 0.714213 | LR: 3.71e-05
Saved new best weights to best_model_seed2.pth (EMA validation loss without trend: 0.714213).
Epoch [73/100] | Total Loss: 0.8694 | Aux Loss: 0.1559 | Train Mixed Loss: 0.7135 (Base: 0.2629, Trend: 0.1496, DTW: 0.0987, TopK: 0.4634) | Val Mixed Loss (No Trend): 0.7225 (Base: 0.2854, DTW: 0.1254, TopK: 0.4537) | EMA Val Loss (No Trend): 0.716279 | LR: 3.47e-05
Epoch [74/100] | Total Loss: 0.8682 | Aux Loss: 0.1573 | Train Mixed Loss: 0.7109 (Base: 0.2620, Trend: 0.1490, DTW: 0.0984, TopK: 0.4607) | Val Mixed Loss (No Trend): 0.7202 (Base: 0.2822, DTW: 0.1257, TopK: 0.4547) | EMA Val Loss (No Trend): 0.717267 | LR: 3.24e-05
Epoch [75/100] | Total Loss: 0.8657 | Aux Loss: 0.1567 | Train Mixed Loss: 0.7090 (Base: 0.2614, Trend: 0.1489, DTW: 0.0980, TopK: 0.4596) | Val Mixed Loss (No Trend): 0.7219 (Base: 0.2786, DTW: 0.1259, TopK: 0.4703) | EMA Val Loss (No Trend): 0.718433 | LR: 3.01e-05
Epoch [76/100] | Total Loss: 0.8711 | Aux Loss: 0.1569 | Train Mixed Loss: 0.7143 (Base: 0.2628, Trend: 0.1500, DTW: 0.0991, TopK: 0.4618) | Val Mixed Loss (No Trend): 0.7198 (Base: 0.2793, DTW: 0.1257, TopK: 0.4626) | EMA Val Loss (No Trend): 0.718763 | LR: 2.80e-05
Epoch [77/100] | Total Loss: 0.8670 | Aux Loss: 0.1576 | Train Mixed Loss: 0.7094 (Base: 0.2618, Trend: 0.1501, DTW: 0.0976, TopK: 0.4611) | Val Mixed Loss (No Trend): 0.7140 (Base: 0.2814, DTW: 0.1238, TopK: 0.4516) | EMA Val Loss (No Trend): 0.717577 | LR: 2.59e-05
Epoch [78/100] | Total Loss: 0.8663 | Aux Loss: 0.1566 | Train Mixed Loss: 0.7097 (Base: 0.2622, Trend: 0.1500, DTW: 0.0978, TopK: 0.4594) | Val Mixed Loss (No Trend): 0.7043 (Base: 0.2746, DTW: 0.1211, TopK: 0.4634) | EMA Val Loss (No Trend): 0.714265 | LR: 2.38e-05
Epoch [79/100] | Total Loss: 0.8608 | Aux Loss: 0.1548 | Train Mixed Loss: 0.7060 (Base: 0.2603, Trend: 0.1487, DTW: 0.0975, TopK: 0.4580) | Val Mixed Loss (No Trend): 0.7095 (Base: 0.2753, DTW: 0.1230, TopK: 0.4632) | EMA Val Loss (No Trend): 0.713062 | LR: 2.19e-05
Saved new best weights to best_model_seed2.pth (EMA validation loss without trend: 0.713062).
Epoch [80/100] | Total Loss: 0.8739 | Aux Loss: 0.1582 | Train Mixed Loss: 0.7157 (Base: 0.2630, Trend: 0.1510, DTW: 0.0989, TopK: 0.4660) | Val Mixed Loss (No Trend): 0.7236 (Base: 0.2829, DTW: 0.1264, TopK: 0.4578) | EMA Val Loss (No Trend): 0.715687 | LR: 2.00e-05
Epoch [81/100] | Total Loss: 0.8667 | Aux Loss: 0.1568 | Train Mixed Loss: 0.7099 (Base: 0.2619, Trend: 0.1502, DTW: 0.0977, TopK: 0.4614) | Val Mixed Loss (No Trend): 0.7144 (Base: 0.2789, DTW: 0.1239, TopK: 0.4601) | EMA Val Loss (No Trend): 0.715368 | LR: 1.82e-05
Epoch [82/100] | Total Loss: 0.8592 | Aux Loss: 0.1553 | Train Mixed Loss: 0.7039 (Base: 0.2601, Trend: 0.1496, DTW: 0.0965, TopK: 0.4577) | Val Mixed Loss (No Trend): 0.7229 (Base: 0.2846, DTW: 0.1258, TopK: 0.4550) | EMA Val Loss (No Trend): 0.717256 | LR: 1.65e-05
Epoch [83/100] | Total Loss: 0.8627 | Aux Loss: 0.1558 | Train Mixed Loss: 0.7069 (Base: 0.2609, Trend: 0.1505, DTW: 0.0970, TopK: 0.4595) | Val Mixed Loss (No Trend): 0.7164 (Base: 0.2816, DTW: 0.1254, TopK: 0.4462) | EMA Val Loss (No Trend): 0.717039 | LR: 1.49e-05
Epoch [84/100] | Total Loss: 0.8640 | Aux Loss: 0.1559 | Train Mixed Loss: 0.7081 (Base: 0.2617, Trend: 0.1506, DTW: 0.0973, TopK: 0.4584) | Val Mixed Loss (No Trend): 0.7280 (Base: 0.2842, DTW: 0.1269, TopK: 0.4639) | EMA Val Loss (No Trend): 0.719773 | LR: 1.33e-05
Epoch [85/100] | Total Loss: 0.8606 | Aux Loss: 0.1560 | Train Mixed Loss: 0.7045 (Base: 0.2609, Trend: 0.1501, DTW: 0.0963, TopK: 0.4580) | Val Mixed Loss (No Trend): 0.7168 (Base: 0.2800, DTW: 0.1240, TopK: 0.4646) | EMA Val Loss (No Trend): 0.719036 | LR: 1.18e-05
Epoch [86/100] | Total Loss: 0.8538 | Aux Loss: 0.1548 | Train Mixed Loss: 0.6990 (Base: 0.2584, Trend: 0.1497, DTW: 0.0956, TopK: 0.4546) | Val Mixed Loss (No Trend): 0.7158 (Base: 0.2808, DTW: 0.1243, TopK: 0.4559) | EMA Val Loss (No Trend): 0.718235 | LR: 1.05e-05
Epoch [87/100] | Total Loss: 0.8506 | Aux Loss: 0.1540 | Train Mixed Loss: 0.6966 (Base: 0.2569, Trend: 0.1491, DTW: 0.0950, TopK: 0.4567) | Val Mixed Loss (No Trend): 0.7079 (Base: 0.2770, DTW: 0.1232, TopK: 0.4507) | EMA Val Loss (No Trend): 0.715660 | LR: 9.18e-06
Epoch [88/100] | Total Loss: 0.8577 | Aux Loss: 0.1549 | Train Mixed Loss: 0.7028 (Base: 0.2589, Trend: 0.1501, DTW: 0.0965, TopK: 0.4580) | Val Mixed Loss (No Trend): 0.7194 (Base: 0.2812, DTW: 0.1260, TopK: 0.4528) | EMA Val Loss (No Trend): 0.716589 | LR: 7.99e-06
Epoch [89/100] | Total Loss: 0.8557 | Aux Loss: 0.1541 | Train Mixed Loss: 0.7016 (Base: 0.2597, Trend: 0.1496, DTW: 0.0958, TopK: 0.4573) | Val Mixed Loss (No Trend): 0.7181 (Base: 0.2789, DTW: 0.1248, TopK: 0.4653) | EMA Val Loss (No Trend): 0.716958 | LR: 6.88e-06
Epoch [90/100] | Total Loss: 0.8612 | Aux Loss: 0.1557 | Train Mixed Loss: 0.7055 (Base: 0.2610, Trend: 0.1509, DTW: 0.0964, TopK: 0.4586) | Val Mixed Loss (No Trend): 0.7207 (Base: 0.2804, DTW: 0.1241, TopK: 0.4750) | EMA Val Loss (No Trend): 0.717884 | LR: 5.87e-06
Epoch [91/100] | Total Loss: 0.8604 | Aux Loss: 0.1558 | Train Mixed Loss: 0.7046 (Base: 0.2605, Trend: 0.1508, DTW: 0.0964, TopK: 0.4580) | Val Mixed Loss (No Trend): 0.7135 (Base: 0.2799, DTW: 0.1241, TopK: 0.4523) | EMA Val Loss (No Trend): 0.716780 | LR: 4.95e-06
Epoch [92/100] | Total Loss: 0.8605 | Aux Loss: 0.1557 | Train Mixed Loss: 0.7048 (Base: 0.2598, Trend: 0.1507, DTW: 0.0966, TopK: 0.4594) | Val Mixed Loss (No Trend): 0.7071 (Base: 0.2778, DTW: 0.1220, TopK: 0.4550) | EMA Val Loss (No Trend): 0.714349 | LR: 4.13e-06
Epoch [93/100] | Total Loss: 0.8478 | Aux Loss: 0.1554 | Train Mixed Loss: 0.6923 (Base: 0.2571, Trend: 0.1499, DTW: 0.0939, TopK: 0.4500) | Val Mixed Loss (No Trend): 0.7123 (Base: 0.2789, DTW: 0.1236, TopK: 0.4561) | EMA Val Loss (No Trend): 0.713838 | LR: 3.40e-06
Epoch [94/100] | Total Loss: 0.8508 | Aux Loss: 0.1546 | Train Mixed Loss: 0.6962 (Base: 0.2574, Trend: 0.1499, DTW: 0.0950, TopK: 0.4527) | Val Mixed Loss (No Trend): 0.7186 (Base: 0.2799, DTW: 0.1258, TopK: 0.4560) | EMA Val Loss (No Trend): 0.715034 | LR: 2.76e-06
Epoch [95/100] | Total Loss: 0.8518 | Aux Loss: 0.1538 | Train Mixed Loss: 0.6980 (Base: 0.2580, Trend: 0.1499, DTW: 0.0952, TopK: 0.4554) | Val Mixed Loss (No Trend): 0.7138 (Base: 0.2788, DTW: 0.1244, TopK: 0.4551) | EMA Val Loss (No Trend): 0.714738 | LR: 2.23e-06
Epoch [96/100] | Total Loss: 0.8528 | Aux Loss: 0.1548 | Train Mixed Loss: 0.6980 (Base: 0.2588, Trend: 0.1499, DTW: 0.0953, TopK: 0.4520) | Val Mixed Loss (No Trend): 0.7136 (Base: 0.2802, DTW: 0.1237, TopK: 0.4552) | EMA Val Loss (No Trend): 0.714448 | LR: 1.78e-06
Epoch [97/100] | Total Loss: 0.8488 | Aux Loss: 0.1543 | Train Mixed Loss: 0.6946 (Base: 0.2573, Trend: 0.1499, DTW: 0.0943, TopK: 0.4535) | Val Mixed Loss (No Trend): 0.7247 (Base: 0.2833, DTW: 0.1268, TopK: 0.4569) | EMA Val Loss (No Trend): 0.717008 | LR: 1.44e-06
Epoch [98/100] | Total Loss: 0.8576 | Aux Loss: 0.1559 | Train Mixed Loss: 0.7017 (Base: 0.2592, Trend: 0.1504, DTW: 0.0957, TopK: 0.4587) | Val Mixed Loss (No Trend): 0.7206 (Base: 0.2824, DTW: 0.1251, TopK: 0.4595) | EMA Val Loss (No Trend): 0.717906 | LR: 1.20e-06
Epoch [99/100] | Total Loss: 0.8574 | Aux Loss: 0.1557 | Train Mixed Loss: 0.7017 (Base: 0.2586, Trend: 0.1502, DTW: 0.0960, TopK: 0.4583) | Val Mixed Loss (No Trend): 0.7175 (Base: 0.2810, DTW: 0.1248, TopK: 0.4560) | EMA Val Loss (No Trend): 0.717796 | LR: 1.05e-06
Epoch [100/100] | Total Loss: 0.8485 | Aux Loss: 0.1533 | Train Mixed Loss: 0.6952 (Base: 0.2570, Trend: 0.1492, DTW: 0.0945, TopK: 0.4559) | Val Mixed Loss (No Trend): 0.7214 (Base: 0.2834, DTW: 0.1251, TopK: 0.4596) | EMA Val Loss (No Trend): 0.718705 | LR: 2.00e-04
