Starting Transformer experiment with seed 4 in /root/autodl-tmp/parallel_runs/worker_4_seed_4
Device: cuda
Data shape: (1029, 35040, 10)
Max PM2.5 value: 32768.0
Abnormal points (>1000): 636
Loaded cache: /root/autodl-tmp/parallel_runs/worker_4_seed_4/dataset_cache_train_2y_T144_P48_seed_4.pt (Eligible stations: 1029/1029)
Loaded cache: /root/autodl-tmp/parallel_runs/worker_4_seed_4/dataset_cache_val_1y_T144_P48_seed_4.pt (Eligible stations: 1029/1029)
Total trainable parameters: 3,313,409
Epoch [1/100] | Train Loss: 1.1004 (Base: 0.3508, Trend: 0.1890, DTW: 0.1964, TopK: 0.6124) | Val Loss: 0.908972 (Base: 0.3161, DTW: 0.1739, TopK: 0.5850) | EMA No-Trend Loss: 0.908972 | LR: 2.00e-04
Epoch [2/100] | Train Loss: 1.0143 (Base: 0.3361, Trend: 0.1750, DTW: 0.1714, TopK: 0.5976) | Val Loss: 0.854394 (Base: 0.3220, DTW: 0.1528, TopK: 0.5526) | EMA No-Trend Loss: 0.895327 | LR: 2.00e-04
Epoch [3/100] | Train Loss: 0.9873 (Base: 0.3319, Trend: 0.1744, DTW: 0.1629, TopK: 0.5908) | Val Loss: 0.835337 (Base: 0.3039, DTW: 0.1525, TopK: 0.5511) | EMA No-Trend Loss: 0.880330 | LR: 2.00e-04
Epoch [4/100] | Train Loss: 0.9662 (Base: 0.3265, Trend: 0.1720, DTW: 0.1578, TopK: 0.5830) | Val Loss: 0.837640 (Base: 0.3119, DTW: 0.1486, TopK: 0.5635) | EMA No-Trend Loss: 0.869657 | LR: 1.99e-04
Epoch [5/100] | Train Loss: 0.9562 (Base: 0.3248, Trend: 0.1724, DTW: 0.1549, TopK: 0.5780) | Val Loss: 0.824919 (Base: 0.3136, DTW: 0.1489, TopK: 0.5130) | EMA No-Trend Loss: 0.858473 | LR: 1.99e-04
Epoch [6/100] | Train Loss: 0.9432 (Base: 0.3222, Trend: 0.1712, DTW: 0.1514, TopK: 0.5737) | Val Loss: 0.800902 (Base: 0.2910, DTW: 0.1451, TopK: 0.5386) | EMA No-Trend Loss: 0.844080 | LR: 1.98e-04
Epoch [7/100] | Train Loss: 0.9327 (Base: 0.3191, Trend: 0.1709, DTW: 0.1487, TopK: 0.5711) | Val Loss: 0.812622 (Base: 0.2990, DTW: 0.1442, TopK: 0.5585) | EMA No-Trend Loss: 0.836216 | LR: 1.98e-04
Epoch [8/100] | Train Loss: 0.9242 (Base: 0.3169, Trend: 0.1703, DTW: 0.1466, TopK: 0.5677) | Val Loss: 0.814804 (Base: 0.3076, DTW: 0.1468, TopK: 0.5166) | EMA No-Trend Loss: 0.830863 | LR: 1.97e-04
Epoch [9/100] | Train Loss: 0.9185 (Base: 0.3158, Trend: 0.1709, DTW: 0.1446, TopK: 0.5678) | Val Loss: 0.793112 (Base: 0.2923, DTW: 0.1430, TopK: 0.5257) | EMA No-Trend Loss: 0.821425 | LR: 1.96e-04
Epoch [10/100] | Train Loss: 0.9118 (Base: 0.3139, Trend: 0.1706, DTW: 0.1427, TopK: 0.5674) | Val Loss: 0.797503 (Base: 0.2980, DTW: 0.1452, TopK: 0.5037) | EMA No-Trend Loss: 0.815445 | LR: 1.95e-04
Epoch [11/100] | Train Loss: 0.9078 (Base: 0.3134, Trend: 0.1708, DTW: 0.1414, TopK: 0.5654) | Val Loss: 0.802068 (Base: 0.3061, DTW: 0.1444, TopK: 0.4978) | EMA No-Trend Loss: 0.812101 | LR: 1.94e-04
Epoch [12/100] | Train Loss: 0.9022 (Base: 0.3116, Trend: 0.1699, DTW: 0.1405, TopK: 0.5612) | Val Loss: 0.806471 (Base: 0.3046, DTW: 0.1477, TopK: 0.4915) | EMA No-Trend Loss: 0.810693 | LR: 1.93e-04
Epoch [13/100] | Train Loss: 0.9017 (Base: 0.3115, Trend: 0.1707, DTW: 0.1401, TopK: 0.5622) | Val Loss: 0.791516 (Base: 0.2964, DTW: 0.1382, TopK: 0.5445) | EMA No-Trend Loss: 0.805899 | LR: 1.92e-04
Epoch [14/100] | Train Loss: 0.8950 (Base: 0.3098, Trend: 0.1698, DTW: 0.1382, TopK: 0.5625) | Val Loss: 0.798972 (Base: 0.2929, DTW: 0.1412, TopK: 0.5576) | EMA No-Trend Loss: 0.804167 | LR: 1.91e-04
Epoch [15/100] | Train Loss: 0.8879 (Base: 0.3081, Trend: 0.1696, DTW: 0.1367, TopK: 0.5567) | Val Loss: 0.791712 (Base: 0.3016, DTW: 0.1429, TopK: 0.4904) | EMA No-Trend Loss: 0.801053 | LR: 1.89e-04
Epoch [16/100] | Train Loss: 0.8829 (Base: 0.3069, Trend: 0.1695, DTW: 0.1353, TopK: 0.5549) | Val Loss: 0.788069 (Base: 0.3009, DTW: 0.1373, TopK: 0.5252) | EMA No-Trend Loss: 0.797807 | LR: 1.88e-04
Epoch [17/100] | Train Loss: 0.8839 (Base: 0.3078, Trend: 0.1704, DTW: 0.1351, TopK: 0.5556) | Val Loss: 0.805767 (Base: 0.3002, DTW: 0.1431, TopK: 0.5406) | EMA No-Trend Loss: 0.799797 | LR: 1.86e-04
Epoch [18/100] | Train Loss: 0.8739 (Base: 0.3044, Trend: 0.1693, DTW: 0.1330, TopK: 0.5516) | Val Loss: 0.792202 (Base: 0.2961, DTW: 0.1418, TopK: 0.5193) | EMA No-Trend Loss: 0.797898 | LR: 1.85e-04
Epoch [19/100] | Train Loss: 0.8707 (Base: 0.3038, Trend: 0.1683, DTW: 0.1325, TopK: 0.5489) | Val Loss: 0.774223 (Base: 0.2918, DTW: 0.1371, TopK: 0.5111) | EMA No-Trend Loss: 0.791979 | LR: 1.83e-04
Epoch [20/100] | Train Loss: 0.8627 (Base: 0.3016, Trend: 0.1687, DTW: 0.1303, TopK: 0.5467) | Val Loss: 0.778498 (Base: 0.2955, DTW: 0.1387, TopK: 0.5008) | EMA No-Trend Loss: 0.788609 | LR: 1.81e-04
Epoch [21/100] | Train Loss: 0.8627 (Base: 0.3017, Trend: 0.1681, DTW: 0.1304, TopK: 0.5468) | Val Loss: 0.776219 (Base: 0.2971, DTW: 0.1373, TopK: 0.4985) | EMA No-Trend Loss: 0.785511 | LR: 1.79e-04
Epoch [22/100] | Train Loss: 0.8594 (Base: 0.3008, Trend: 0.1688, DTW: 0.1295, TopK: 0.5449) | Val Loss: 0.778555 (Base: 0.2920, DTW: 0.1384, TopK: 0.5144) | EMA No-Trend Loss: 0.783772 | LR: 1.77e-04
Epoch [23/100] | Train Loss: 0.8492 (Base: 0.2981, Trend: 0.1676, DTW: 0.1275, TopK: 0.5379) | Val Loss: 0.771438 (Base: 0.2908, DTW: 0.1375, TopK: 0.5022) | EMA No-Trend Loss: 0.780689 | LR: 1.75e-04
Epoch [24/100] | Train Loss: 0.8542 (Base: 0.2994, Trend: 0.1684, DTW: 0.1286, TopK: 0.5398) | Val Loss: 0.774602 (Base: 0.2982, DTW: 0.1382, TopK: 0.4823) | EMA No-Trend Loss: 0.779167 | LR: 1.73e-04
Epoch [25/100] | Train Loss: 0.8473 (Base: 0.2978, Trend: 0.1684, DTW: 0.1263, TopK: 0.5404) | Val Loss: 0.825082 (Base: 0.3144, DTW: 0.1546, TopK: 0.4656) | EMA No-Trend Loss: 0.790646 | LR: 1.71e-04
Epoch [26/100] | Train Loss: 0.8441 (Base: 0.2965, Trend: 0.1675, DTW: 0.1262, TopK: 0.5365) | Val Loss: 0.789632 (Base: 0.3012, DTW: 0.1416, TopK: 0.4952) | EMA No-Trend Loss: 0.790392 | LR: 1.69e-04
Epoch [27/100] | Train Loss: 0.8405 (Base: 0.2958, Trend: 0.1676, DTW: 0.1254, TopK: 0.5331) | Val Loss: 0.803640 (Base: 0.3066, DTW: 0.1477, TopK: 0.4752) | EMA No-Trend Loss: 0.793704 | LR: 1.66e-04
Epoch [28/100] | Train Loss: 0.8355 (Base: 0.2946, Trend: 0.1670, DTW: 0.1240, TopK: 0.5323) | Val Loss: 0.784203 (Base: 0.2967, DTW: 0.1417, TopK: 0.4915) | EMA No-Trend Loss: 0.791329 | LR: 1.64e-04
Epoch [29/100] | Train Loss: 0.8287 (Base: 0.2931, Trend: 0.1668, DTW: 0.1224, TopK: 0.5283) | Val Loss: 0.797691 (Base: 0.2991, DTW: 0.1446, TopK: 0.5052) | EMA No-Trend Loss: 0.792919 | LR: 1.61e-04
Epoch [30/100] | Train Loss: 0.8306 (Base: 0.2931, Trend: 0.1671, DTW: 0.1229, TopK: 0.5298) | Val Loss: 0.795420 (Base: 0.3031, DTW: 0.1458, TopK: 0.4744) | EMA No-Trend Loss: 0.793544 | LR: 1.59e-04
Epoch [31/100] | Train Loss: 0.8238 (Base: 0.2916, Trend: 0.1662, DTW: 0.1217, TopK: 0.5232) | Val Loss: 0.783650 (Base: 0.2981, DTW: 0.1413, TopK: 0.4881) | EMA No-Trend Loss: 0.791071 | LR: 1.56e-04
Epoch [32/100] | Train Loss: 0.8187 (Base: 0.2905, Trend: 0.1660, DTW: 0.1204, TopK: 0.5211) | Val Loss: 0.772563 (Base: 0.2951, DTW: 0.1373, TopK: 0.4933) | EMA No-Trend Loss: 0.786444 | LR: 1.54e-04
Epoch [33/100] | Train Loss: 0.8184 (Base: 0.2907, Trend: 0.1664, DTW: 0.1201, TopK: 0.5207) | Val Loss: 0.784935 (Base: 0.2936, DTW: 0.1414, TopK: 0.5063) | EMA No-Trend Loss: 0.786067 | LR: 1.51e-04
Epoch [34/100] | Train Loss: 0.8159 (Base: 0.2893, Trend: 0.1664, DTW: 0.1195, TopK: 0.5220) | Val Loss: 0.797674 (Base: 0.3033, DTW: 0.1442, TopK: 0.4943) | EMA No-Trend Loss: 0.788969 | LR: 1.48e-04
Epoch [35/100] | Train Loss: 0.8087 (Base: 0.2876, Trend: 0.1659, DTW: 0.1178, TopK: 0.5178) | Val Loss: 0.786924 (Base: 0.2969, DTW: 0.1405, TopK: 0.5096) | EMA No-Trend Loss: 0.788457 | LR: 1.46e-04
Epoch [36/100] | Train Loss: 0.8015 (Base: 0.2853, Trend: 0.1645, DTW: 0.1165, TopK: 0.5147) | Val Loss: 0.774594 (Base: 0.2970, DTW: 0.1386, TopK: 0.4830) | EMA No-Trend Loss: 0.784991 | LR: 1.43e-04
Epoch [37/100] | Train Loss: 0.8018 (Base: 0.2860, Trend: 0.1653, DTW: 0.1160, TopK: 0.5154) | Val Loss: 0.777030 (Base: 0.2941, DTW: 0.1402, TopK: 0.4883) | EMA No-Trend Loss: 0.783001 | LR: 1.40e-04
Epoch [38/100] | Train Loss: 0.7986 (Base: 0.2845, Trend: 0.1646, DTW: 0.1155, TopK: 0.5147) | Val Loss: 0.774100 (Base: 0.2902, DTW: 0.1385, TopK: 0.5050) | EMA No-Trend Loss: 0.780776 | LR: 1.37e-04
Epoch [39/100] | Train Loss: 0.7983 (Base: 0.2841, Trend: 0.1650, DTW: 0.1157, TopK: 0.5128) | Val Loss: 0.767977 (Base: 0.2925, DTW: 0.1363, TopK: 0.4943) | EMA No-Trend Loss: 0.777576 | LR: 1.34e-04
Epoch [40/100] | Train Loss: 0.7913 (Base: 0.2825, Trend: 0.1649, DTW: 0.1140, TopK: 0.5089) | Val Loss: 0.779370 (Base: 0.2928, DTW: 0.1396, TopK: 0.5053) | EMA No-Trend Loss: 0.778025 | LR: 1.31e-04
Epoch [41/100] | Train Loss: 0.7944 (Base: 0.2836, Trend: 0.1654, DTW: 0.1144, TopK: 0.5116) | Val Loss: 0.776943 (Base: 0.2947, DTW: 0.1402, TopK: 0.4859) | EMA No-Trend Loss: 0.777754 | LR: 1.28e-04
Epoch [42/100] | Train Loss: 0.7879 (Base: 0.2819, Trend: 0.1643, DTW: 0.1133, TopK: 0.5066) | Val Loss: 0.785156 (Base: 0.2958, DTW: 0.1436, TopK: 0.4823) | EMA No-Trend Loss: 0.779605 | LR: 1.25e-04
Epoch [43/100] | Train Loss: 0.7831 (Base: 0.2803, Trend: 0.1645, DTW: 0.1123, TopK: 0.5031) | Val Loss: 0.771849 (Base: 0.2927, DTW: 0.1393, TopK: 0.4826) | EMA No-Trend Loss: 0.777666 | LR: 1.22e-04
Epoch [44/100] | Train Loss: 0.7783 (Base: 0.2795, Trend: 0.1636, DTW: 0.1112, TopK: 0.5001) | Val Loss: 0.785709 (Base: 0.2967, DTW: 0.1418, TopK: 0.4956) | EMA No-Trend Loss: 0.779677 | LR: 1.19e-04
Epoch [45/100] | Train Loss: 0.7783 (Base: 0.2791, Trend: 0.1644, DTW: 0.1112, TopK: 0.5008) | Val Loss: 0.782158 (Base: 0.2969, DTW: 0.1409, TopK: 0.4902) | EMA No-Trend Loss: 0.780297 | LR: 1.16e-04
Epoch [46/100] | Train Loss: 0.7695 (Base: 0.2768, Trend: 0.1639, DTW: 0.1093, TopK: 0.4951) | Val Loss: 0.778105 (Base: 0.2941, DTW: 0.1400, TopK: 0.4936) | EMA No-Trend Loss: 0.779749 | LR: 1.13e-04
Epoch [47/100] | Train Loss: 0.7702 (Base: 0.2777, Trend: 0.1641, DTW: 0.1090, TopK: 0.4966) | Val Loss: 0.778221 (Base: 0.2932, DTW: 0.1408, TopK: 0.4902) | EMA No-Trend Loss: 0.779367 | LR: 1.10e-04
Epoch [48/100] | Train Loss: 0.7681 (Base: 0.2762, Trend: 0.1638, DTW: 0.1088, TopK: 0.4960) | Val Loss: 0.782439 (Base: 0.2954, DTW: 0.1411, TopK: 0.4945) | EMA No-Trend Loss: 0.780135 | LR: 1.07e-04
Epoch [49/100] | Train Loss: 0.7620 (Base: 0.2748, Trend: 0.1629, DTW: 0.1077, TopK: 0.4909) | Val Loss: 0.763797 (Base: 0.2878, DTW: 0.1355, TopK: 0.5022) | EMA No-Trend Loss: 0.776050 | LR: 1.04e-04
Epoch [50/100] | Train Loss: 0.7643 (Base: 0.2751, Trend: 0.1632, DTW: 0.1082, TopK: 0.4930) | Val Loss: 0.774030 (Base: 0.2902, DTW: 0.1399, TopK: 0.4933) | EMA No-Trend Loss: 0.775545 | LR: 1.00e-04
Epoch [51/100] | Train Loss: 0.7576 (Base: 0.2737, Trend: 0.1632, DTW: 0.1063, TopK: 0.4904) | Val Loss: 0.783577 (Base: 0.2966, DTW: 0.1419, TopK: 0.4876) | EMA No-Trend Loss: 0.777553 | LR: 9.74e-05
Epoch [52/100] | Train Loss: 0.7574 (Base: 0.2729, Trend: 0.1631, DTW: 0.1062, TopK: 0.4935) | Val Loss: 0.789934 (Base: 0.2980, DTW: 0.1437, TopK: 0.4901) | EMA No-Trend Loss: 0.780648 | LR: 9.43e-05
Epoch [53/100] | Train Loss: 0.7538 (Base: 0.2721, Trend: 0.1629, DTW: 0.1058, TopK: 0.4879) | Val Loss: 0.781307 (Base: 0.2942, DTW: 0.1417, TopK: 0.4899) | EMA No-Trend Loss: 0.780813 | LR: 9.11e-05
Epoch [54/100] | Train Loss: 0.7463 (Base: 0.2706, Trend: 0.1623, DTW: 0.1039, TopK: 0.4838) | Val Loss: 0.774153 (Base: 0.2911, DTW: 0.1401, TopK: 0.4896) | EMA No-Trend Loss: 0.779148 | LR: 8.80e-05
Epoch [55/100] | Train Loss: 0.7440 (Base: 0.2698, Trend: 0.1623, DTW: 0.1034, TopK: 0.4823) | Val Loss: 0.779236 (Base: 0.2907, DTW: 0.1404, TopK: 0.5056) | EMA No-Trend Loss: 0.779170 | LR: 8.49e-05
Epoch [56/100] | Train Loss: 0.7421 (Base: 0.2689, Trend: 0.1621, DTW: 0.1031, TopK: 0.4825) | Val Loss: 0.798621 (Base: 0.3022, DTW: 0.1464, TopK: 0.4832) | EMA No-Trend Loss: 0.784033 | LR: 8.19e-05
Epoch [57/100] | Train Loss: 0.7423 (Base: 0.2697, Trend: 0.1631, DTW: 0.1030, TopK: 0.4799) | Val Loss: 0.772795 (Base: 0.2915, DTW: 0.1392, TopK: 0.4908) | EMA No-Trend Loss: 0.781223 | LR: 7.88e-05
Epoch [58/100] | Train Loss: 0.7402 (Base: 0.2688, Trend: 0.1628, DTW: 0.1026, TopK: 0.4796) | Val Loss: 0.781162 (Base: 0.2938, DTW: 0.1413, TopK: 0.4941) | EMA No-Trend Loss: 0.781208 | LR: 7.58e-05
Epoch [59/100] | Train Loss: 0.7390 (Base: 0.2686, Trend: 0.1627, DTW: 0.1021, TopK: 0.4800) | Val Loss: 0.782829 (Base: 0.2979, DTW: 0.1421, TopK: 0.4796) | EMA No-Trend Loss: 0.781613 | LR: 7.27e-05
Epoch [60/100] | Train Loss: 0.7367 (Base: 0.2678, Trend: 0.1626, DTW: 0.1019, TopK: 0.4765) | Val Loss: 0.786154 (Base: 0.2962, DTW: 0.1431, TopK: 0.4886) | EMA No-Trend Loss: 0.782749 | LR: 6.98e-05
Epoch [61/100] | Train Loss: 0.7352 (Base: 0.2676, Trend: 0.1629, DTW: 0.1012, TopK: 0.4774) | Val Loss: 0.771412 (Base: 0.2906, DTW: 0.1382, TopK: 0.4968) | EMA No-Trend Loss: 0.779914 | LR: 6.68e-05
Epoch [62/100] | Train Loss: 0.7270 (Base: 0.2648, Trend: 0.1616, DTW: 0.0999, TopK: 0.4724) | Val Loss: 0.783424 (Base: 0.2943, DTW: 0.1416, TopK: 0.4976) | EMA No-Trend Loss: 0.780792 | LR: 6.39e-05
Epoch [63/100] | Train Loss: 0.7205 (Base: 0.2623, Trend: 0.1608, DTW: 0.0986, TopK: 0.4708) | Val Loss: 0.778031 (Base: 0.2933, DTW: 0.1407, TopK: 0.4900) | EMA No-Trend Loss: 0.780102 | LR: 6.10e-05
Epoch [64/100] | Train Loss: 0.7218 (Base: 0.2630, Trend: 0.1612, DTW: 0.0985, TopK: 0.4726) | Val Loss: 0.774533 (Base: 0.2916, DTW: 0.1407, TopK: 0.4847) | EMA No-Trend Loss: 0.778710 | LR: 5.81e-05
Epoch [65/100] | Train Loss: 0.7204 (Base: 0.2632, Trend: 0.1619, DTW: 0.0983, TopK: 0.4680) | Val Loss: 0.759557 (Base: 0.2862, DTW: 0.1359, TopK: 0.4907) | EMA No-Trend Loss: 0.773921 | LR: 5.53e-05
Epoch [66/100] | Train Loss: 0.7204 (Base: 0.2630, Trend: 0.1616, DTW: 0.0984, TopK: 0.4684) | Val Loss: 0.770057 (Base: 0.2882, DTW: 0.1386, TopK: 0.4974) | EMA No-Trend Loss: 0.772955 | LR: 5.26e-05
Epoch [67/100] | Train Loss: 0.7197 (Base: 0.2634, Trend: 0.1619, DTW: 0.0978, TopK: 0.4686) | Val Loss: 0.776558 (Base: 0.2907, DTW: 0.1401, TopK: 0.4990) | EMA No-Trend Loss: 0.773856 | LR: 4.99e-05
Epoch [68/100] | Train Loss: 0.7151 (Base: 0.2622, Trend: 0.1622, DTW: 0.0966, TopK: 0.4665) | Val Loss: 0.770759 (Base: 0.2902, DTW: 0.1390, TopK: 0.4902) | EMA No-Trend Loss: 0.773082 | LR: 4.72e-05
Epoch [69/100] | Train Loss: 0.7171 (Base: 0.2620, Trend: 0.1625, DTW: 0.0971, TopK: 0.4698) | Val Loss: 0.782832 (Base: 0.2967, DTW: 0.1427, TopK: 0.4790) | EMA No-Trend Loss: 0.775519 | LR: 4.46e-05
Epoch [70/100] | Train Loss: 0.7101 (Base: 0.2600, Trend: 0.1618, DTW: 0.0957, TopK: 0.4648) | Val Loss: 0.777329 (Base: 0.2906, DTW: 0.1409, TopK: 0.4951) | EMA No-Trend Loss: 0.775972 | LR: 4.20e-05
Epoch [71/100] | Train Loss: 0.7121 (Base: 0.2607, Trend: 0.1616, DTW: 0.0964, TopK: 0.4640) | Val Loss: 0.784962 (Base: 0.2956, DTW: 0.1425, TopK: 0.4910) | EMA No-Trend Loss: 0.778219 | LR: 3.95e-05
Epoch [72/100] | Train Loss: 0.7048 (Base: 0.2586, Trend: 0.1607, DTW: 0.0947, TopK: 0.4619) | Val Loss: 0.781090 (Base: 0.2911, DTW: 0.1423, TopK: 0.4947) | EMA No-Trend Loss: 0.778937 | LR: 3.71e-05
Epoch [73/100] | Train Loss: 0.7087 (Base: 0.2602, Trend: 0.1621, DTW: 0.0952, TopK: 0.4633) | Val Loss: 0.777875 (Base: 0.2909, DTW: 0.1409, TopK: 0.4964) | EMA No-Trend Loss: 0.778672 | LR: 3.47e-05
Epoch [74/100] | Train Loss: 0.7055 (Base: 0.2588, Trend: 0.1616, DTW: 0.0948, TopK: 0.4610) | Val Loss: 0.784125 (Base: 0.2943, DTW: 0.1429, TopK: 0.4897) | EMA No-Trend Loss: 0.780035 | LR: 3.24e-05
Epoch [75/100] | Train Loss: 0.7005 (Base: 0.2574, Trend: 0.1609, DTW: 0.0939, TopK: 0.4581) | Val Loss: 0.783616 (Base: 0.2933, DTW: 0.1432, TopK: 0.4888) | EMA No-Trend Loss: 0.780930 | LR: 3.01e-05
Epoch [76/100] | Train Loss: 0.7025 (Base: 0.2578, Trend: 0.1615, DTW: 0.0942, TopK: 0.4595) | Val Loss: 0.780246 (Base: 0.2927, DTW: 0.1410, TopK: 0.4971) | EMA No-Trend Loss: 0.780759 | LR: 2.80e-05
Epoch [77/100] | Train Loss: 0.7008 (Base: 0.2570, Trend: 0.1614, DTW: 0.0937, TopK: 0.4606) | Val Loss: 0.772072 (Base: 0.2895, DTW: 0.1392, TopK: 0.4952) | EMA No-Trend Loss: 0.778587 | LR: 2.59e-05
Epoch [78/100] | Train Loss: 0.6971 (Base: 0.2570, Trend: 0.1614, DTW: 0.0929, TopK: 0.4552) | Val Loss: 0.783459 (Base: 0.2927, DTW: 0.1420, TopK: 0.5003) | EMA No-Trend Loss: 0.779805 | LR: 2.38e-05
Epoch [79/100] | Train Loss: 0.7008 (Base: 0.2573, Trend: 0.1621, DTW: 0.0935, TopK: 0.4599) | Val Loss: 0.783903 (Base: 0.2959, DTW: 0.1416, TopK: 0.4936) | EMA No-Trend Loss: 0.780830 | LR: 2.19e-05
Epoch [80/100] | Train Loss: 0.6982 (Base: 0.2568, Trend: 0.1616, DTW: 0.0930, TopK: 0.4580) | Val Loss: 0.772296 (Base: 0.2904, DTW: 0.1393, TopK: 0.4921) | EMA No-Trend Loss: 0.778696 | LR: 2.00e-05
Epoch [81/100] | Train Loss: 0.6925 (Base: 0.2554, Trend: 0.1608, DTW: 0.0919, TopK: 0.4539) | Val Loss: 0.778106 (Base: 0.2918, DTW: 0.1409, TopK: 0.4938) | EMA No-Trend Loss: 0.778549 | LR: 1.82e-05
Epoch [82/100] | Train Loss: 0.6892 (Base: 0.2543, Trend: 0.1608, DTW: 0.0912, TopK: 0.4521) | Val Loss: 0.770482 (Base: 0.2907, DTW: 0.1397, TopK: 0.4820) | EMA No-Trend Loss: 0.776532 | LR: 1.65e-05
Epoch [83/100] | Train Loss: 0.6939 (Base: 0.2556, Trend: 0.1612, DTW: 0.0923, TopK: 0.4542) | Val Loss: 0.788902 (Base: 0.2944, DTW: 0.1438, TopK: 0.4975) | EMA No-Trend Loss: 0.779625 | LR: 1.49e-05
Epoch [84/100] | Train Loss: 0.6891 (Base: 0.2541, Trend: 0.1605, DTW: 0.0914, TopK: 0.4509) | Val Loss: 0.777981 (Base: 0.2904, DTW: 0.1412, TopK: 0.4956) | EMA No-Trend Loss: 0.779214 | LR: 1.33e-05
Epoch [85/100] | Train Loss: 0.6876 (Base: 0.2536, Trend: 0.1606, DTW: 0.0910, TopK: 0.4512) | Val Loss: 0.787795 (Base: 0.2947, DTW: 0.1433, TopK: 0.4973) | EMA No-Trend Loss: 0.781359 | LR: 1.18e-05
Epoch [86/100] | Train Loss: 0.6885 (Base: 0.2541, Trend: 0.1612, DTW: 0.0910, TopK: 0.4517) | Val Loss: 0.784798 (Base: 0.2917, DTW: 0.1418, TopK: 0.5091) | EMA No-Trend Loss: 0.782219 | LR: 1.05e-05
Epoch [87/100] | Train Loss: 0.6875 (Base: 0.2535, Trend: 0.1608, DTW: 0.0909, TopK: 0.4512) | Val Loss: 0.783589 (Base: 0.2934, DTW: 0.1420, TopK: 0.4978) | EMA No-Trend Loss: 0.782561 | LR: 9.18e-06
Epoch [88/100] | Train Loss: 0.6873 (Base: 0.2530, Trend: 0.1606, DTW: 0.0910, TopK: 0.4522) | Val Loss: 0.783346 (Base: 0.2945, DTW: 0.1427, TopK: 0.4874) | EMA No-Trend Loss: 0.782757 | LR: 7.99e-06
Epoch [89/100] | Train Loss: 0.6850 (Base: 0.2531, Trend: 0.1609, DTW: 0.0903, TopK: 0.4494) | Val Loss: 0.788944 (Base: 0.2940, DTW: 0.1439, TopK: 0.4982) | EMA No-Trend Loss: 0.784304 | LR: 6.88e-06
Epoch [90/100] | Train Loss: 0.6843 (Base: 0.2527, Trend: 0.1610, DTW: 0.0902, TopK: 0.4487) | Val Loss: 0.781687 (Base: 0.2933, DTW: 0.1418, TopK: 0.4937) | EMA No-Trend Loss: 0.783650 | LR: 5.87e-06
Epoch [91/100] | Train Loss: 0.6815 (Base: 0.2522, Trend: 0.1604, DTW: 0.0894, TopK: 0.4485) | Val Loss: 0.780776 (Base: 0.2928, DTW: 0.1413, TopK: 0.4958) | EMA No-Trend Loss: 0.782931 | LR: 4.95e-06
Epoch [92/100] | Train Loss: 0.6863 (Base: 0.2528, Trend: 0.1612, DTW: 0.0904, TopK: 0.4526) | Val Loss: 0.781512 (Base: 0.2929, DTW: 0.1417, TopK: 0.4951) | EMA No-Trend Loss: 0.782576 | LR: 4.13e-06
Epoch [93/100] | Train Loss: 0.6850 (Base: 0.2529, Trend: 0.1607, DTW: 0.0903, TopK: 0.4499) | Val Loss: 0.777363 (Base: 0.2935, DTW: 0.1410, TopK: 0.4848) | EMA No-Trend Loss: 0.781273 | LR: 3.40e-06
Epoch [94/100] | Train Loss: 0.6819 (Base: 0.2518, Trend: 0.1606, DTW: 0.0897, TopK: 0.4479) | Val Loss: 0.779443 (Base: 0.2925, DTW: 0.1413, TopK: 0.4926) | EMA No-Trend Loss: 0.780815 | LR: 2.76e-06
Epoch [95/100] | Train Loss: 0.6856 (Base: 0.2532, Trend: 0.1613, DTW: 0.0900, TopK: 0.4520) | Val Loss: 0.780566 (Base: 0.2929, DTW: 0.1415, TopK: 0.4938) | EMA No-Trend Loss: 0.780753 | LR: 2.23e-06
Epoch [96/100] | Train Loss: 0.6829 (Base: 0.2526, Trend: 0.1610, DTW: 0.0897, TopK: 0.4483) | Val Loss: 0.780452 (Base: 0.2926, DTW: 0.1419, TopK: 0.4909) | EMA No-Trend Loss: 0.780678 | LR: 1.78e-06
Epoch [97/100] | Train Loss: 0.6822 (Base: 0.2520, Trend: 0.1610, DTW: 0.0898, TopK: 0.4479) | Val Loss: 0.783716 (Base: 0.2931, DTW: 0.1425, TopK: 0.4956) | EMA No-Trend Loss: 0.781438 | LR: 1.44e-06
Epoch [98/100] | Train Loss: 0.6817 (Base: 0.2520, Trend: 0.1607, DTW: 0.0896, TopK: 0.4481) | Val Loss: 0.791309 (Base: 0.2948, DTW: 0.1439, TopK: 0.5034) | EMA No-Trend Loss: 0.783905 | LR: 1.20e-06
Epoch [99/100] | Train Loss: 0.6811 (Base: 0.2515, Trend: 0.1599, DTW: 0.0895, TopK: 0.4498) | Val Loss: 0.785569 (Base: 0.2942, DTW: 0.1429, TopK: 0.4946) | EMA No-Trend Loss: 0.784321 | LR: 1.05e-06
Epoch [100/100] | Train Loss: 0.6863 (Base: 0.2535, Trend: 0.1614, DTW: 0.0903, TopK: 0.4514) | Val Loss: 0.782580 (Base: 0.2934, DTW: 0.1417, TopK: 0.4975) | EMA No-Trend Loss: 0.783886 | LR: 1.00e-06
