Starting experiment (seed=1)
Device: cuda
Building static profile features from historical data...
Loading lightweight encoder...
Total trainable parameters: 7,381,762
Epoch [1/100] | Total Loss: 1.3660 | Aux Loss: 0.2964 | Train Mixed Loss: 1.0696 (Base: 0.3477, Trend: 0.1880, DTW: 0.1871, TopK: 0.5960) | Val Mixed Loss (No Trend): 0.8531 (Base: 0.3146, DTW: 0.1597, TopK: 0.5177) | EMA Val Loss (No Trend): 0.853091 | LR: 2.00e-04
Saved new best weights to best_model_seed1.pth (EMA validation loss without trend: 0.853091).
Epoch [2/100] | Total Loss: 1.2163 | Aux Loss: 0.2276 | Train Mixed Loss: 0.9888 (Base: 0.3307, Trend: 0.1644, DTW: 0.1673, TopK: 0.5807) | Val Mixed Loss (No Trend): 0.8243 (Base: 0.3102, DTW: 0.1478, TopK: 0.5317) | EMA Val Loss (No Trend): 0.845894 | LR: 2.00e-04
Saved new best weights to best_model_seed1.pth (EMA validation loss without trend: 0.845894).
Epoch [3/100] | Total Loss: 1.1735 | Aux Loss: 0.2132 | Train Mixed Loss: 0.9603 (Base: 0.3256, Trend: 0.1636, DTW: 0.1588, TopK: 0.5723) | Val Mixed Loss (No Trend): 0.8563 (Base: 0.3290, DTW: 0.1561, TopK: 0.5090) | EMA Val Loss (No Trend): 0.848507 | LR: 2.00e-04
Epoch [4/100] | Total Loss: 1.1607 | Aux Loss: 0.2067 | Train Mixed Loss: 0.9540 (Base: 0.3238, Trend: 0.1644, DTW: 0.1570, TopK: 0.5707) | Val Mixed Loss (No Trend): 0.8103 (Base: 0.2971, DTW: 0.1478, TopK: 0.5287) | EMA Val Loss (No Trend): 0.838958 | LR: 1.99e-04
Saved new best weights to best_model_seed1.pth (EMA validation loss without trend: 0.838958).
Epoch [5/100] | Total Loss: 1.1422 | Aux Loss: 0.2047 | Train Mixed Loss: 0.9374 (Base: 0.3204, Trend: 0.1626, DTW: 0.1531, TopK: 0.5610) | Val Mixed Loss (No Trend): 0.7955 (Base: 0.2981, DTW: 0.1438, TopK: 0.5080) | EMA Val Loss (No Trend): 0.828098 | LR: 1.99e-04
Saved new best weights to best_model_seed1.pth (EMA validation loss without trend: 0.828098).
Epoch [6/100] | Total Loss: 1.1244 | Aux Loss: 0.2007 | Train Mixed Loss: 0.9238 (Base: 0.3159, Trend: 0.1622, DTW: 0.1496, TopK: 0.5590) | Val Mixed Loss (No Trend): 0.7988 (Base: 0.3044, DTW: 0.1451, TopK: 0.4870) | EMA Val Loss (No Trend): 0.820762 | LR: 1.98e-04
Saved new best weights to best_model_seed1.pth (EMA validation loss without trend: 0.820762).
Epoch [7/100] | Total Loss: 1.1261 | Aux Loss: 0.2015 | Train Mixed Loss: 0.9246 (Base: 0.3175, Trend: 0.1634, DTW: 0.1488, TopK: 0.5610) | Val Mixed Loss (No Trend): 0.8135 (Base: 0.3074, DTW: 0.1493, TopK: 0.4927) | EMA Val Loss (No Trend): 0.818936 | LR: 1.98e-04
Saved new best weights to best_model_seed1.pth (EMA validation loss without trend: 0.818936).
Epoch [8/100] | Total Loss: 1.1066 | Aux Loss: 0.1956 | Train Mixed Loss: 0.9110 (Base: 0.3143, Trend: 0.1622, DTW: 0.1460, TopK: 0.5507) | Val Mixed Loss (No Trend): 0.7927 (Base: 0.3052, DTW: 0.1435, TopK: 0.4773) | EMA Val Loss (No Trend): 0.812383 | LR: 1.97e-04
Saved new best weights to best_model_seed1.pth (EMA validation loss without trend: 0.812383).
Epoch [9/100] | Total Loss: 1.0982 | Aux Loss: 0.1968 | Train Mixed Loss: 0.9014 (Base: 0.3114, Trend: 0.1610, DTW: 0.1439, TopK: 0.5470) | Val Mixed Loss (No Trend): 0.7728 (Base: 0.2992, DTW: 0.1380, TopK: 0.4750) | EMA Val Loss (No Trend): 0.802489 | LR: 1.96e-04
Saved new best weights to best_model_seed1.pth (EMA validation loss without trend: 0.802489).
Epoch [10/100] | Total Loss: 1.0948 | Aux Loss: 0.1950 | Train Mixed Loss: 0.8997 (Base: 0.3107, Trend: 0.1622, DTW: 0.1427, TopK: 0.5517) | Val Mixed Loss (No Trend): 0.7841 (Base: 0.3023, DTW: 0.1416, TopK: 0.4733) | EMA Val Loss (No Trend): 0.797884 | LR: 1.95e-04
Saved new best weights to best_model_seed1.pth (EMA validation loss without trend: 0.797884).
Epoch [11/100] | Total Loss: 1.0846 | Aux Loss: 0.1956 | Train Mixed Loss: 0.8890 (Base: 0.3084, Trend: 0.1610, DTW: 0.1400, TopK: 0.5473) | Val Mixed Loss (No Trend): 0.7832 (Base: 0.2973, DTW: 0.1410, TopK: 0.4920) | EMA Val Loss (No Trend): 0.794210 | LR: 1.94e-04
Saved new best weights to best_model_seed1.pth (EMA validation loss without trend: 0.794210).
Epoch [12/100] | Total Loss: 1.0725 | Aux Loss: 0.1913 | Train Mixed Loss: 0.8812 (Base: 0.3064, Trend: 0.1602, DTW: 0.1386, TopK: 0.5403) | Val Mixed Loss (No Trend): 0.8691 (Base: 0.3340, DTW: 0.1650, TopK: 0.4640) | EMA Val Loss (No Trend): 0.812922 | LR: 1.93e-04
Epoch [13/100] | Total Loss: 1.0639 | Aux Loss: 0.1903 | Train Mixed Loss: 0.8736 (Base: 0.3054, Trend: 0.1606, DTW: 0.1364, TopK: 0.5350) | Val Mixed Loss (No Trend): 0.7490 (Base: 0.2822, DTW: 0.1328, TopK: 0.4937) | EMA Val Loss (No Trend): 0.796941 | LR: 1.92e-04
Epoch [14/100] | Total Loss: 1.0648 | Aux Loss: 0.1895 | Train Mixed Loss: 0.8753 (Base: 0.3062, Trend: 0.1604, DTW: 0.1363, TopK: 0.5397) | Val Mixed Loss (No Trend): 0.7842 (Base: 0.3044, DTW: 0.1420, TopK: 0.4633) | EMA Val Loss (No Trend): 0.793760 | LR: 1.91e-04
Saved new best weights to best_model_seed1.pth (EMA validation loss without trend: 0.793760).
Epoch [15/100] | Total Loss: 1.0535 | Aux Loss: 0.1885 | Train Mixed Loss: 0.8650 (Base: 0.3028, Trend: 0.1596, DTW: 0.1342, TopK: 0.5350) | Val Mixed Loss (No Trend): 0.7576 (Base: 0.2932, DTW: 0.1333, TopK: 0.4813) | EMA Val Loss (No Trend): 0.784714 | LR: 1.89e-04
Saved new best weights to best_model_seed1.pth (EMA validation loss without trend: 0.784714).
Epoch [16/100] | Total Loss: 1.0413 | Aux Loss: 0.1855 | Train Mixed Loss: 0.8558 (Base: 0.3005, Trend: 0.1582, DTW: 0.1319, TopK: 0.5323) | Val Mixed Loss (No Trend): 0.7406 (Base: 0.2775, DTW: 0.1297, TopK: 0.5060) | EMA Val Loss (No Trend): 0.773679 | LR: 1.88e-04
Saved new best weights to best_model_seed1.pth (EMA validation loss without trend: 0.773679).
Epoch [17/100] | Total Loss: 1.0416 | Aux Loss: 0.1850 | Train Mixed Loss: 0.8566 (Base: 0.3007, Trend: 0.1578, DTW: 0.1326, TopK: 0.5293) | Val Mixed Loss (No Trend): 0.7550 (Base: 0.2899, DTW: 0.1353, TopK: 0.4680) | EMA Val Loss (No Trend): 0.769001 | LR: 1.86e-04
Saved new best weights to best_model_seed1.pth (EMA validation loss without trend: 0.769001).
Epoch [18/100] | Total Loss: 1.0409 | Aux Loss: 0.1847 | Train Mixed Loss: 0.8562 (Base: 0.3007, Trend: 0.1578, DTW: 0.1322, TopK: 0.5310) | Val Mixed Loss (No Trend): 0.7664 (Base: 0.2978, DTW: 0.1360, TopK: 0.4737) | EMA Val Loss (No Trend): 0.768339 | LR: 1.85e-04
Saved new best weights to best_model_seed1.pth (EMA validation loss without trend: 0.768339).
Epoch [19/100] | Total Loss: 1.0357 | Aux Loss: 0.1829 | Train Mixed Loss: 0.8529 (Base: 0.2999, Trend: 0.1580, DTW: 0.1313, TopK: 0.5290) | Val Mixed Loss (No Trend): 0.7454 (Base: 0.2839, DTW: 0.1310, TopK: 0.4907) | EMA Val Loss (No Trend): 0.762598 | LR: 1.83e-04
Saved new best weights to best_model_seed1.pth (EMA validation loss without trend: 0.762598).
Epoch [20/100] | Total Loss: 1.0224 | Aux Loss: 0.1811 | Train Mixed Loss: 0.8412 (Base: 0.2968, Trend: 0.1568, DTW: 0.1284, TopK: 0.5267) | Val Mixed Loss (No Trend): 0.7560 (Base: 0.2917, DTW: 0.1330, TopK: 0.4840) | EMA Val Loss (No Trend): 0.760947 | LR: 1.81e-04
Saved new best weights to best_model_seed1.pth (EMA validation loss without trend: 0.760947).
Epoch [21/100] | Total Loss: 1.0246 | Aux Loss: 0.1815 | Train Mixed Loss: 0.8431 (Base: 0.2978, Trend: 0.1568, DTW: 0.1290, TopK: 0.5243) | Val Mixed Loss (No Trend): 0.7412 (Base: 0.2884, DTW: 0.1284, TopK: 0.4827) | EMA Val Loss (No Trend): 0.756014 | LR: 1.79e-04
Saved new best weights to best_model_seed1.pth (EMA validation loss without trend: 0.756014).
Epoch [22/100] | Total Loss: 1.0259 | Aux Loss: 0.1804 | Train Mixed Loss: 0.8456 (Base: 0.2985, Trend: 0.1574, DTW: 0.1293, TopK: 0.5270) | Val Mixed Loss (No Trend): 0.7412 (Base: 0.2891, DTW: 0.1282, TopK: 0.4817) | EMA Val Loss (No Trend): 0.752322 | LR: 1.77e-04
Saved new best weights to best_model_seed1.pth (EMA validation loss without trend: 0.752322).
Epoch [23/100] | Total Loss: 1.0071 | Aux Loss: 0.1785 | Train Mixed Loss: 0.8286 (Base: 0.2933, Trend: 0.1566, DTW: 0.1255, TopK: 0.5190) | Val Mixed Loss (No Trend): 0.7333 (Base: 0.2844, DTW: 0.1255, TopK: 0.4923) | EMA Val Loss (No Trend): 0.747573 | LR: 1.75e-04
Saved new best weights to best_model_seed1.pth (EMA validation loss without trend: 0.747573).
Epoch [24/100] | Total Loss: 1.0059 | Aux Loss: 0.1768 | Train Mixed Loss: 0.8291 (Base: 0.2943, Trend: 0.1566, DTW: 0.1255, TopK: 0.5177) | Val Mixed Loss (No Trend): 0.7326 (Base: 0.2827, DTW: 0.1255, TopK: 0.4950) | EMA Val Loss (No Trend): 0.743835 | LR: 1.73e-04
Saved new best weights to best_model_seed1.pth (EMA validation loss without trend: 0.743835).
Epoch [25/100] | Total Loss: 1.0084 | Aux Loss: 0.1780 | Train Mixed Loss: 0.8304 (Base: 0.2947, Trend: 0.1566, DTW: 0.1258, TopK: 0.5177) | Val Mixed Loss (No Trend): 0.7531 (Base: 0.2955, DTW: 0.1348, TopK: 0.4470) | EMA Val Loss (No Trend): 0.746141 | LR: 1.71e-04
Epoch [26/100] | Total Loss: 0.9956 | Aux Loss: 0.1756 | Train Mixed Loss: 0.8200 (Base: 0.2919, Trend: 0.1550, DTW: 0.1235, TopK: 0.5137) | Val Mixed Loss (No Trend): 0.7222 (Base: 0.2760, DTW: 0.1245, TopK: 0.4913) | EMA Val Loss (No Trend): 0.740164 | LR: 1.69e-04
Saved new best weights to best_model_seed1.pth (EMA validation loss without trend: 0.740164).
Epoch [27/100] | Total Loss: 1.0016 | Aux Loss: 0.1775 | Train Mixed Loss: 0.8241 (Base: 0.2931, Trend: 0.1554, DTW: 0.1243, TopK: 0.5167) | Val Mixed Loss (No Trend): 0.7157 (Base: 0.2769, DTW: 0.1218, TopK: 0.4890) | EMA Val Loss (No Trend): 0.734057 | LR: 1.66e-04
Saved new best weights to best_model_seed1.pth (EMA validation loss without trend: 0.734057).
Epoch [28/100] | Total Loss: 0.9941 | Aux Loss: 0.1749 | Train Mixed Loss: 0.8191 (Base: 0.2914, Trend: 0.1554, DTW: 0.1231, TopK: 0.5150) | Val Mixed Loss (No Trend): 0.7205 (Base: 0.2790, DTW: 0.1250, TopK: 0.4720) | EMA Val Loss (No Trend): 0.730658 | LR: 1.64e-04
Saved new best weights to best_model_seed1.pth (EMA validation loss without trend: 0.730658).
Epoch [29/100] | Total Loss: 0.9909 | Aux Loss: 0.1745 | Train Mixed Loss: 0.8163 (Base: 0.2911, Trend: 0.1548, DTW: 0.1226, TopK: 0.5120) | Val Mixed Loss (No Trend): 0.7261 (Base: 0.2804, DTW: 0.1255, TopK: 0.4820) | EMA Val Loss (No Trend): 0.729520 | LR: 1.61e-04
Saved new best weights to best_model_seed1.pth (EMA validation loss without trend: 0.729520).
Epoch [30/100] | Total Loss: 0.9870 | Aux Loss: 0.1738 | Train Mixed Loss: 0.8132 (Base: 0.2893, Trend: 0.1542, DTW: 0.1223, TopK: 0.5110) | Val Mixed Loss (No Trend): 0.7240 (Base: 0.2793, DTW: 0.1253, TopK: 0.4797) | EMA Val Loss (No Trend): 0.728148 | LR: 1.59e-04
Saved new best weights to best_model_seed1.pth (EMA validation loss without trend: 0.728148).
Epoch [31/100] | Total Loss: 0.9947 | Aux Loss: 0.1745 | Train Mixed Loss: 0.8202 (Base: 0.2920, Trend: 0.1560, DTW: 0.1230, TopK: 0.5167) | Val Mixed Loss (No Trend): 0.7343 (Base: 0.2830, DTW: 0.1296, TopK: 0.4673) | EMA Val Loss (No Trend): 0.729692 | LR: 1.56e-04
Epoch [32/100] | Total Loss: 0.9890 | Aux Loss: 0.1728 | Train Mixed Loss: 0.8162 (Base: 0.2906, Trend: 0.1554, DTW: 0.1225, TopK: 0.5130) | Val Mixed Loss (No Trend): 0.7461 (Base: 0.2898, DTW: 0.1313, TopK: 0.4710) | EMA Val Loss (No Trend): 0.733794 | LR: 1.54e-04
Epoch [33/100] | Total Loss: 0.9834 | Aux Loss: 0.1735 | Train Mixed Loss: 0.8099 (Base: 0.2894, Trend: 0.1558, DTW: 0.1205, TopK: 0.5110) | Val Mixed Loss (No Trend): 0.7461 (Base: 0.2922, DTW: 0.1324, TopK: 0.4533) | EMA Val Loss (No Trend): 0.736865 | LR: 1.51e-04
Epoch [34/100] | Total Loss: 0.9718 | Aux Loss: 0.1718 | Train Mixed Loss: 0.8000 (Base: 0.2865, Trend: 0.1542, DTW: 0.1186, TopK: 0.5060) | Val Mixed Loss (No Trend): 0.7194 (Base: 0.2740, DTW: 0.1245, TopK: 0.4890) | EMA Val Loss (No Trend): 0.732494 | LR: 1.48e-04
Epoch [35/100] | Total Loss: 0.9687 | Aux Loss: 0.1685 | Train Mixed Loss: 0.8002 (Base: 0.2864, Trend: 0.1546, DTW: 0.1186, TopK: 0.5060) | Val Mixed Loss (No Trend): 0.7217 (Base: 0.2835, DTW: 0.1236, TopK: 0.4717) | EMA Val Loss (No Trend): 0.729790 | LR: 1.46e-04
Epoch [36/100] | Total Loss: 0.9660 | Aux Loss: 0.1696 | Train Mixed Loss: 0.7964 (Base: 0.2857, Trend: 0.1536, DTW: 0.1179, TopK: 0.5033) | Val Mixed Loss (No Trend): 0.7217 (Base: 0.2798, DTW: 0.1236, TopK: 0.4843) | EMA Val Loss (No Trend): 0.727757 | LR: 1.43e-04
Saved new best weights to best_model_seed1.pth (EMA validation loss without trend: 0.727757).
Epoch [37/100] | Total Loss: 0.9634 | Aux Loss: 0.1699 | Train Mixed Loss: 0.7935 (Base: 0.2846, Trend: 0.1538, DTW: 0.1171, TopK: 0.5030) | Val Mixed Loss (No Trend): 0.7188 (Base: 0.2782, DTW: 0.1252, TopK: 0.4667) | EMA Val Loss (No Trend): 0.725507 | LR: 1.40e-04
Saved new best weights to best_model_seed1.pth (EMA validation loss without trend: 0.725507).
Epoch [38/100] | Total Loss: 0.9597 | Aux Loss: 0.1683 | Train Mixed Loss: 0.7913 (Base: 0.2849, Trend: 0.1540, DTW: 0.1164, TopK: 0.5003) | Val Mixed Loss (No Trend): 0.7434 (Base: 0.2879, DTW: 0.1323, TopK: 0.4597) | EMA Val Loss (No Trend): 0.729974 | LR: 1.37e-04
Epoch [39/100] | Total Loss: 0.9601 | Aux Loss: 0.1692 | Train Mixed Loss: 0.7909 (Base: 0.2840, Trend: 0.1536, DTW: 0.1167, TopK: 0.5003) | Val Mixed Loss (No Trend): 0.7173 (Base: 0.2765, DTW: 0.1230, TopK: 0.4857) | EMA Val Loss (No Trend): 0.726818 | LR: 1.34e-04
Epoch [40/100] | Total Loss: 0.9487 | Aux Loss: 0.1675 | Train Mixed Loss: 0.7812 (Base: 0.2813, Trend: 0.1526, DTW: 0.1146, TopK: 0.4950) | Val Mixed Loss (No Trend): 0.7279 (Base: 0.2864, DTW: 0.1273, TopK: 0.4530) | EMA Val Loss (No Trend): 0.727083 | LR: 1.31e-04
Epoch [41/100] | Total Loss: 0.9477 | Aux Loss: 0.1676 | Train Mixed Loss: 0.7801 (Base: 0.2817, Trend: 0.1522, DTW: 0.1141, TopK: 0.4943) | Val Mixed Loss (No Trend): 0.7617 (Base: 0.2955, DTW: 0.1368, TopK: 0.4593) | EMA Val Loss (No Trend): 0.735743 | LR: 1.28e-04
Epoch [42/100] | Total Loss: 0.9602 | Aux Loss: 0.1682 | Train Mixed Loss: 0.7920 (Base: 0.2843, Trend: 0.1540, DTW: 0.1169, TopK: 0.5003) | Val Mixed Loss (No Trend): 0.7150 (Base: 0.2788, DTW: 0.1237, TopK: 0.4647) | EMA Val Loss (No Trend): 0.730560 | LR: 1.25e-04
Epoch [43/100] | Total Loss: 0.9512 | Aux Loss: 0.1692 | Train Mixed Loss: 0.7819 (Base: 0.2814, Trend: 0.1536, DTW: 0.1148, TopK: 0.4940) | Val Mixed Loss (No Trend): 0.7552 (Base: 0.2976, DTW: 0.1361, TopK: 0.4367) | EMA Val Loss (No Trend): 0.736714 | LR: 1.22e-04
Epoch [44/100] | Total Loss: 0.9478 | Aux Loss: 0.1663 | Train Mixed Loss: 0.7816 (Base: 0.2827, Trend: 0.1542, DTW: 0.1139, TopK: 0.4950) | Val Mixed Loss (No Trend): 0.7251 (Base: 0.2821, DTW: 0.1274, TopK: 0.4573) | EMA Val Loss (No Trend): 0.733811 | LR: 1.19e-04
Epoch [45/100] | Total Loss: 0.9373 | Aux Loss: 0.1642 | Train Mixed Loss: 0.7731 (Base: 0.2791, Trend: 0.1524, DTW: 0.1127, TopK: 0.4910) | Val Mixed Loss (No Trend): 0.7277 (Base: 0.2826, DTW: 0.1246, TopK: 0.4873) | EMA Val Loss (No Trend): 0.732284 | LR: 1.16e-04
Epoch [46/100] | Total Loss: 0.9407 | Aux Loss: 0.1655 | Train Mixed Loss: 0.7751 (Base: 0.2803, Trend: 0.1532, DTW: 0.1126, TopK: 0.4937) | Val Mixed Loss (No Trend): 0.7334 (Base: 0.2883, DTW: 0.1280, TopK: 0.4593) | EMA Val Loss (No Trend): 0.732565 | LR: 1.13e-04
Epoch [47/100] | Total Loss: 0.9295 | Aux Loss: 0.1646 | Train Mixed Loss: 0.7649 (Base: 0.2771, Trend: 0.1516, DTW: 0.1108, TopK: 0.4873) | Val Mixed Loss (No Trend): 0.7128 (Base: 0.2766, DTW: 0.1217, TopK: 0.4803) | EMA Val Loss (No Trend): 0.727630 | LR: 1.10e-04
Epoch [48/100] | Total Loss: 0.9336 | Aux Loss: 0.1642 | Train Mixed Loss: 0.7694 (Base: 0.2784, Trend: 0.1536, DTW: 0.1113, TopK: 0.4907) | Val Mixed Loss (No Trend): 0.7156 (Base: 0.2794, DTW: 0.1242, TopK: 0.4603) | EMA Val Loss (No Trend): 0.724630 | LR: 1.07e-04
Saved new best weights to best_model_seed1.pth (EMA validation loss without trend: 0.724630).
Epoch [49/100] | Total Loss: 0.9285 | Aux Loss: 0.1639 | Train Mixed Loss: 0.7646 (Base: 0.2775, Trend: 0.1520, DTW: 0.1104, TopK: 0.4873) | Val Mixed Loss (No Trend): 0.7390 (Base: 0.2915, DTW: 0.1290, TopK: 0.4597) | EMA Val Loss (No Trend): 0.728221 | LR: 1.04e-04
Epoch [50/100] | Total Loss: 0.9307 | Aux Loss: 0.1648 | Train Mixed Loss: 0.7659 (Base: 0.2781, Trend: 0.1526, DTW: 0.1104, TopK: 0.4887) | Val Mixed Loss (No Trend): 0.7231 (Base: 0.2798, DTW: 0.1265, TopK: 0.4660) | EMA Val Loss (No Trend): 0.726944 | LR: 1.01e-04
Epoch [51/100] | Total Loss: 0.9263 | Aux Loss: 0.1645 | Train Mixed Loss: 0.7618 (Base: 0.2769, Trend: 0.1520, DTW: 0.1097, TopK: 0.4860) | Val Mixed Loss (No Trend): 0.7326 (Base: 0.2865, DTW: 0.1280, TopK: 0.4633) | EMA Val Loss (No Trend): 0.728348 | LR: 9.74e-05
Epoch [52/100] | Total Loss: 0.9219 | Aux Loss: 0.1625 | Train Mixed Loss: 0.7593 (Base: 0.2755, Trend: 0.1514, DTW: 0.1094, TopK: 0.4853) | Val Mixed Loss (No Trend): 0.7211 (Base: 0.2779, DTW: 0.1261, TopK: 0.4683) | EMA Val Loss (No Trend): 0.726536 | LR: 9.43e-05
Epoch [53/100] | Total Loss: 0.9137 | Aux Loss: 0.1613 | Train Mixed Loss: 0.7524 (Base: 0.2732, Trend: 0.1514, DTW: 0.1078, TopK: 0.4820) | Val Mixed Loss (No Trend): 0.7187 (Base: 0.2804, DTW: 0.1244, TopK: 0.4660) | EMA Val Loss (No Trend): 0.724581 | LR: 9.11e-05
Saved new best weights to best_model_seed1.pth (EMA validation loss without trend: 0.724581).
Epoch [54/100] | Total Loss: 0.9106 | Aux Loss: 0.1624 | Train Mixed Loss: 0.7482 (Base: 0.2727, Trend: 0.1508, DTW: 0.1069, TopK: 0.4787) | Val Mixed Loss (No Trend): 0.7199 (Base: 0.2804, DTW: 0.1247, TopK: 0.4673) | EMA Val Loss (No Trend): 0.723411 | LR: 8.80e-05
Saved new best weights to best_model_seed1.pth (EMA validation loss without trend: 0.723411).
Epoch [55/100] | Total Loss: 0.9066 | Aux Loss: 0.1613 | Train Mixed Loss: 0.7454 (Base: 0.2720, Trend: 0.1504, DTW: 0.1060, TopK: 0.4787) | Val Mixed Loss (No Trend): 0.7268 (Base: 0.2827, DTW: 0.1273, TopK: 0.4623) | EMA Val Loss (No Trend): 0.724266 | LR: 8.49e-05
Epoch [56/100] | Total Loss: 0.9067 | Aux Loss: 0.1630 | Train Mixed Loss: 0.7437 (Base: 0.2718, Trend: 0.1508, DTW: 0.1057, TopK: 0.4760) | Val Mixed Loss (No Trend): 0.7237 (Base: 0.2846, DTW: 0.1261, TopK: 0.4547) | EMA Val Loss (No Trend): 0.724115 | LR: 8.19e-05
Epoch [57/100] | Total Loss: 0.8998 | Aux Loss: 0.1601 | Train Mixed Loss: 0.7397 (Base: 0.2703, Trend: 0.1508, DTW: 0.1046, TopK: 0.4763) | Val Mixed Loss (No Trend): 0.7178 (Base: 0.2767, DTW: 0.1255, TopK: 0.4667) | EMA Val Loss (No Trend): 0.722527 | LR: 7.88e-05
Saved new best weights to best_model_seed1.pth (EMA validation loss without trend: 0.722527).
Epoch [58/100] | Total Loss: 0.9026 | Aux Loss: 0.1614 | Train Mixed Loss: 0.7412 (Base: 0.2705, Trend: 0.1514, DTW: 0.1051, TopK: 0.4760) | Val Mixed Loss (No Trend): 0.7262 (Base: 0.2856, DTW: 0.1263, TopK: 0.4587) | EMA Val Loss (No Trend): 0.723440 | LR: 7.58e-05
Epoch [59/100] | Total Loss: 0.9071 | Aux Loss: 0.1619 | Train Mixed Loss: 0.7452 (Base: 0.2720, Trend: 0.1526, DTW: 0.1057, TopK: 0.4777) | Val Mixed Loss (No Trend): 0.7249 (Base: 0.2814, DTW: 0.1256, TopK: 0.4737) | EMA Val Loss (No Trend): 0.723803 | LR: 7.27e-05
Epoch [60/100] | Total Loss: 0.8983 | Aux Loss: 0.1600 | Train Mixed Loss: 0.7383 (Base: 0.2701, Trend: 0.1510, DTW: 0.1044, TopK: 0.4740) | Val Mixed Loss (No Trend): 0.7192 (Base: 0.2831, DTW: 0.1248, TopK: 0.4553) | EMA Val Loss (No Trend): 0.722651 | LR: 6.98e-05
Epoch [61/100] | Total Loss: 0.8958 | Aux Loss: 0.1606 | Train Mixed Loss: 0.7351 (Base: 0.2690, Trend: 0.1508, DTW: 0.1038, TopK: 0.4727) | Val Mixed Loss (No Trend): 0.7210 (Base: 0.2829, DTW: 0.1243, TopK: 0.4657) | EMA Val Loss (No Trend): 0.722245 | LR: 6.68e-05
Saved new best weights to best_model_seed1.pth (EMA validation loss without trend: 0.722245).
Epoch [62/100] | Total Loss: 0.9032 | Aux Loss: 0.1622 | Train Mixed Loss: 0.7410 (Base: 0.2710, Trend: 0.1524, DTW: 0.1046, TopK: 0.4763) | Val Mixed Loss (No Trend): 0.7191 (Base: 0.2811, DTW: 0.1243, TopK: 0.4653) | EMA Val Loss (No Trend): 0.721457 | LR: 6.39e-05
Saved new best weights to best_model_seed1.pth (EMA validation loss without trend: 0.721457).
Epoch [63/100] | Total Loss: 0.9023 | Aux Loss: 0.1625 | Train Mixed Loss: 0.7397 (Base: 0.2706, Trend: 0.1524, DTW: 0.1045, TopK: 0.4740) | Val Mixed Loss (No Trend): 0.7229 (Base: 0.2825, DTW: 0.1266, TopK: 0.4550) | EMA Val Loss (No Trend): 0.721812 | LR: 6.10e-05
Epoch [64/100] | Total Loss: 0.8944 | Aux Loss: 0.1600 | Train Mixed Loss: 0.7344 (Base: 0.2684, Trend: 0.1512, DTW: 0.1037, TopK: 0.4720) | Val Mixed Loss (No Trend): 0.7259 (Base: 0.2818, DTW: 0.1258, TopK: 0.4743) | EMA Val Loss (No Trend): 0.722828 | LR: 5.81e-05
Epoch [65/100] | Total Loss: 0.8870 | Aux Loss: 0.1579 | Train Mixed Loss: 0.7291 (Base: 0.2673, Trend: 0.1506, DTW: 0.1025, TopK: 0.4687) | Val Mixed Loss (No Trend): 0.7107 (Base: 0.2783, DTW: 0.1221, TopK: 0.4643) | EMA Val Loss (No Trend): 0.719800 | LR: 5.53e-05
Saved new best weights to best_model_seed1.pth (EMA validation loss without trend: 0.719800).
Epoch [66/100] | Total Loss: 0.8912 | Aux Loss: 0.1605 | Train Mixed Loss: 0.7307 (Base: 0.2673, Trend: 0.1510, DTW: 0.1027, TopK: 0.4713) | Val Mixed Loss (No Trend): 0.7087 (Base: 0.2755, DTW: 0.1215, TopK: 0.4720) | EMA Val Loss (No Trend): 0.717025 | LR: 5.26e-05
Saved new best weights to best_model_seed1.pth (EMA validation loss without trend: 0.717025).
Epoch [67/100] | Total Loss: 0.8774 | Aux Loss: 0.1576 | Train Mixed Loss: 0.7198 (Base: 0.2643, Trend: 0.1502, DTW: 0.1003, TopK: 0.4653) | Val Mixed Loss (No Trend): 0.7185 (Base: 0.2785, DTW: 0.1243, TopK: 0.4720) | EMA Val Loss (No Trend): 0.717403 | LR: 4.99e-05
Epoch [68/100] | Total Loss: 0.8835 | Aux Loss: 0.1587 | Train Mixed Loss: 0.7248 (Base: 0.2661, Trend: 0.1508, DTW: 0.1013, TopK: 0.4673) | Val Mixed Loss (No Trend): 0.7262 (Base: 0.2836, DTW: 0.1264, TopK: 0.4643) | EMA Val Loss (No Trend): 0.719614 | LR: 4.72e-05
Epoch [69/100] | Total Loss: 0.8815 | Aux Loss: 0.1600 | Train Mixed Loss: 0.7215 (Base: 0.2650, Trend: 0.1506, DTW: 0.1007, TopK: 0.4653) | Val Mixed Loss (No Trend): 0.7174 (Base: 0.2808, DTW: 0.1255, TopK: 0.4510) | EMA Val Loss (No Trend): 0.719055 | LR: 4.46e-05
Epoch [70/100] | Total Loss: 0.8756 | Aux Loss: 0.1596 | Train Mixed Loss: 0.7160 (Base: 0.2639, Trend: 0.1506, DTW: 0.0990, TopK: 0.4637) | Val Mixed Loss (No Trend): 0.7165 (Base: 0.2824, DTW: 0.1241, TopK: 0.4540) | EMA Val Loss (No Trend): 0.718421 | LR: 4.20e-05
Epoch [71/100] | Total Loss: 0.8775 | Aux Loss: 0.1584 | Train Mixed Loss: 0.7190 (Base: 0.2644, Trend: 0.1502, DTW: 0.1000, TopK: 0.4650) | Val Mixed Loss (No Trend): 0.7187 (Base: 0.2798, DTW: 0.1251, TopK: 0.4627) | EMA Val Loss (No Trend): 0.718502 | LR: 3.95e-05
Epoch [72/100] | Total Loss: 0.8674 | Aux Loss: 0.1581 | Train Mixed Loss: 0.7094 (Base: 0.2610, Trend: 0.1500, DTW: 0.0980, TopK: 0.4600) | Val Mixed Loss (No Trend): 0.7315 (Base: 0.2851, DTW: 0.1280, TopK: 0.4640) | EMA Val Loss (No Trend): 0.721753 | LR: 3.71e-05
Epoch [73/100] | Total Loss: 0.8670 | Aux Loss: 0.1585 | Train Mixed Loss: 0.7084 (Base: 0.2614, Trend: 0.1496, DTW: 0.0979, TopK: 0.4573) | Val Mixed Loss (No Trend): 0.7191 (Base: 0.2796, DTW: 0.1255, TopK: 0.4610) | EMA Val Loss (No Trend): 0.721084 | LR: 3.47e-05
Epoch [74/100] | Total Loss: 0.8699 | Aux Loss: 0.1584 | Train Mixed Loss: 0.7114 (Base: 0.2622, Trend: 0.1500, DTW: 0.0987, TopK: 0.4583) | Val Mixed Loss (No Trend): 0.7218 (Base: 0.2838, DTW: 0.1266, TopK: 0.4477) | EMA Val Loss (No Trend): 0.721274 | LR: 3.24e-05
Epoch [75/100] | Total Loss: 0.8668 | Aux Loss: 0.1585 | Train Mixed Loss: 0.7083 (Base: 0.2607, Trend: 0.1496, DTW: 0.0979, TopK: 0.4600) | Val Mixed Loss (No Trend): 0.7113 (Base: 0.2790, DTW: 0.1220, TopK: 0.4650) | EMA Val Loss (No Trend): 0.718771 | LR: 3.01e-05
Epoch [76/100] | Total Loss: 0.8666 | Aux Loss: 0.1585 | Train Mixed Loss: 0.7081 (Base: 0.2610, Trend: 0.1498, DTW: 0.0977, TopK: 0.4590) | Val Mixed Loss (No Trend): 0.7138 (Base: 0.2791, DTW: 0.1240, TopK: 0.4573) | EMA Val Loss (No Trend): 0.717540 | LR: 2.80e-05
Epoch [77/100] | Total Loss: 0.8571 | Aux Loss: 0.1558 | Train Mixed Loss: 0.7013 (Base: 0.2590, Trend: 0.1494, DTW: 0.0963, TopK: 0.4550) | Val Mixed Loss (No Trend): 0.7156 (Base: 0.2807, DTW: 0.1242, TopK: 0.4563) | EMA Val Loss (No Trend): 0.717055 | LR: 2.59e-05
Epoch [78/100] | Total Loss: 0.8592 | Aux Loss: 0.1567 | Train Mixed Loss: 0.7025 (Base: 0.2593, Trend: 0.1498, DTW: 0.0963, TopK: 0.4570) | Val Mixed Loss (No Trend): 0.7256 (Base: 0.2832, DTW: 0.1256, TopK: 0.4697) | EMA Val Loss (No Trend): 0.719198 | LR: 2.38e-05
Epoch [79/100] | Total Loss: 0.8573 | Aux Loss: 0.1562 | Train Mixed Loss: 0.7011 (Base: 0.2588, Trend: 0.1486, DTW: 0.0963, TopK: 0.4563) | Val Mixed Loss (No Trend): 0.7178 (Base: 0.2816, DTW: 0.1255, TopK: 0.4507) | EMA Val Loss (No Trend): 0.718852 | LR: 2.19e-05
Epoch [80/100] | Total Loss: 0.8628 | Aux Loss: 0.1581 | Train Mixed Loss: 0.7047 (Base: 0.2599, Trend: 0.1500, DTW: 0.0967, TopK: 0.4590) | Val Mixed Loss (No Trend): 0.7148 (Base: 0.2788, DTW: 0.1249, TopK: 0.4547) | EMA Val Loss (No Trend): 0.717847 | LR: 2.00e-05
Epoch [81/100] | Total Loss: 0.8557 | Aux Loss: 0.1557 | Train Mixed Loss: 0.7000 (Base: 0.2587, Trend: 0.1498, DTW: 0.0958, TopK: 0.4547) | Val Mixed Loss (No Trend): 0.7308 (Base: 0.2850, DTW: 0.1279, TopK: 0.4630) | EMA Val Loss (No Trend): 0.721083 | LR: 1.82e-05
Epoch [82/100] | Total Loss: 0.8534 | Aux Loss: 0.1567 | Train Mixed Loss: 0.6968 (Base: 0.2581, Trend: 0.1494, DTW: 0.0954, TopK: 0.4500) | Val Mixed Loss (No Trend): 0.7304 (Base: 0.2845, DTW: 0.1275, TopK: 0.4660) | EMA Val Loss (No Trend): 0.723420 | LR: 1.65e-05
Epoch [83/100] | Total Loss: 0.8551 | Aux Loss: 0.1577 | Train Mixed Loss: 0.6974 (Base: 0.2580, Trend: 0.1492, DTW: 0.0955, TopK: 0.4513) | Val Mixed Loss (No Trend): 0.7225 (Base: 0.2808, DTW: 0.1262, TopK: 0.4627) | EMA Val Loss (No Trend): 0.723197 | LR: 1.49e-05
Epoch [84/100] | Total Loss: 0.8557 | Aux Loss: 0.1564 | Train Mixed Loss: 0.6993 (Base: 0.2587, Trend: 0.1500, DTW: 0.0956, TopK: 0.4537) | Val Mixed Loss (No Trend): 0.7242 (Base: 0.2834, DTW: 0.1263, TopK: 0.4587) | EMA Val Loss (No Trend): 0.723453 | LR: 1.33e-05
Epoch [85/100] | Total Loss: 0.8546 | Aux Loss: 0.1562 | Train Mixed Loss: 0.6984 (Base: 0.2587, Trend: 0.1496, DTW: 0.0954, TopK: 0.4530) | Val Mixed Loss (No Trend): 0.7167 (Base: 0.2816, DTW: 0.1245, TopK: 0.4540) | EMA Val Loss (No Trend): 0.721758 | LR: 1.18e-05
Epoch [86/100] | Total Loss: 0.8463 | Aux Loss: 0.1553 | Train Mixed Loss: 0.6909 (Base: 0.2563, Trend: 0.1486, DTW: 0.0940, TopK: 0.4490) | Val Mixed Loss (No Trend): 0.7200 (Base: 0.2804, DTW: 0.1267, TopK: 0.4523) | EMA Val Loss (No Trend): 0.721320 | LR: 1.05e-05
Epoch [87/100] | Total Loss: 0.8526 | Aux Loss: 0.1566 | Train Mixed Loss: 0.6960 (Base: 0.2567, Trend: 0.1494, DTW: 0.0952, TopK: 0.4540) | Val Mixed Loss (No Trend): 0.7060 (Base: 0.2757, DTW: 0.1227, TopK: 0.4530) | EMA Val Loss (No Trend): 0.717495 | LR: 9.18e-06
Epoch [88/100] | Total Loss: 0.8567 | Aux Loss: 0.1568 | Train Mixed Loss: 0.6999 (Base: 0.2579, Trend: 0.1498, DTW: 0.0960, TopK: 0.4557) | Val Mixed Loss (No Trend): 0.7151 (Base: 0.2786, DTW: 0.1249, TopK: 0.4557) | EMA Val Loss (No Trend): 0.716895 | LR: 7.99e-06
Saved new best weights to best_model_seed1.pth (EMA validation loss without trend: 0.716895).
Epoch [89/100] | Total Loss: 0.8531 | Aux Loss: 0.1567 | Train Mixed Loss: 0.6964 (Base: 0.2581, Trend: 0.1490, DTW: 0.0951, TopK: 0.4520) | Val Mixed Loss (No Trend): 0.7087 (Base: 0.2789, DTW: 0.1223, TopK: 0.4543) | EMA Val Loss (No Trend): 0.714839 | LR: 6.88e-06
Saved new best weights to best_model_seed1.pth (EMA validation loss without trend: 0.714839).
Epoch [90/100] | Total Loss: 0.8482 | Aux Loss: 0.1554 | Train Mixed Loss: 0.6928 (Base: 0.2562, Trend: 0.1490, DTW: 0.0945, TopK: 0.4510) | Val Mixed Loss (No Trend): 0.7194 (Base: 0.2806, DTW: 0.1262, TopK: 0.4533) | EMA Val Loss (No Trend): 0.715989 | LR: 5.87e-06
Epoch [91/100] | Total Loss: 0.8414 | Aux Loss: 0.1559 | Train Mixed Loss: 0.6854 (Base: 0.2551, Trend: 0.1480, DTW: 0.0931, TopK: 0.4430) | Val Mixed Loss (No Trend): 0.7067 (Base: 0.2784, DTW: 0.1220, TopK: 0.4517) | EMA Val Loss (No Trend): 0.713661 | LR: 4.95e-06
Saved new best weights to best_model_seed1.pth (EMA validation loss without trend: 0.713661).
Epoch [92/100] | Total Loss: 0.8441 | Aux Loss: 0.1542 | Train Mixed Loss: 0.6899 (Base: 0.2557, Trend: 0.1488, DTW: 0.0938, TopK: 0.4493) | Val Mixed Loss (No Trend): 0.7084 (Base: 0.2786, DTW: 0.1224, TopK: 0.4537) | EMA Val Loss (No Trend): 0.712356 | LR: 4.13e-06
Saved new best weights to best_model_seed1.pth (EMA validation loss without trend: 0.712356).
Epoch [93/100] | Total Loss: 0.8476 | Aux Loss: 0.1552 | Train Mixed Loss: 0.6924 (Base: 0.2559, Trend: 0.1492, DTW: 0.0943, TopK: 0.4517) | Val Mixed Loss (No Trend): 0.7230 (Base: 0.2819, DTW: 0.1258, TopK: 0.4637) | EMA Val Loss (No Trend): 0.715020 | LR: 3.40e-06
Epoch [94/100] | Total Loss: 0.8479 | Aux Loss: 0.1570 | Train Mixed Loss: 0.6909 (Base: 0.2554, Trend: 0.1484, DTW: 0.0942, TopK: 0.4510) | Val Mixed Loss (No Trend): 0.7100 (Base: 0.2789, DTW: 0.1237, TopK: 0.4473) | EMA Val Loss (No Trend): 0.713756 | LR: 2.76e-06
Epoch [95/100] | Total Loss: 0.8472 | Aux Loss: 0.1546 | Train Mixed Loss: 0.6926 (Base: 0.2565, Trend: 0.1488, DTW: 0.0945, TopK: 0.4500) | Val Mixed Loss (No Trend): 0.7128 (Base: 0.2801, DTW: 0.1229, TopK: 0.4593) | EMA Val Loss (No Trend): 0.713508 | LR: 2.23e-06
Epoch [96/100] | Total Loss: 0.8463 | Aux Loss: 0.1551 | Train Mixed Loss: 0.6912 (Base: 0.2558, Trend: 0.1494, DTW: 0.0939, TopK: 0.4513) | Val Mixed Loss (No Trend): 0.7072 (Base: 0.2770, DTW: 0.1216, TopK: 0.4610) | EMA Val Loss (No Trend): 0.711923 | LR: 1.78e-06
Saved new best weights to best_model_seed1.pth (EMA validation loss without trend: 0.711923).
Epoch [97/100] | Total Loss: 0.8448 | Aux Loss: 0.1542 | Train Mixed Loss: 0.6906 (Base: 0.2559, Trend: 0.1492, DTW: 0.0936, TopK: 0.4510) | Val Mixed Loss (No Trend): 0.7097 (Base: 0.2782, DTW: 0.1225, TopK: 0.4580) | EMA Val Loss (No Trend): 0.711363 | LR: 1.44e-06
Saved new best weights to best_model_seed1.pth (EMA validation loss without trend: 0.711363).
Epoch [98/100] | Total Loss: 0.8509 | Aux Loss: 0.1572 | Train Mixed Loss: 0.6937 (Base: 0.2570, Trend: 0.1494, DTW: 0.0947, TopK: 0.4493) | Val Mixed Loss (No Trend): 0.7206 (Base: 0.2804, DTW: 0.1256, TopK: 0.4623) | EMA Val Loss (No Trend): 0.713675 | LR: 1.20e-06
Epoch [99/100] | Total Loss: 0.8438 | Aux Loss: 0.1556 | Train Mixed Loss: 0.6882 (Base: 0.2550, Trend: 0.1490, DTW: 0.0936, TopK: 0.4470) | Val Mixed Loss (No Trend): 0.7087 (Base: 0.2778, DTW: 0.1231, TopK: 0.4513) | EMA Val Loss (No Trend): 0.712429 | LR: 1.05e-06
Epoch [100/100] | Total Loss: 0.8514 | Aux Loss: 0.1579 | Train Mixed Loss: 0.6935 (Base: 0.2571, Trend: 0.1500, DTW: 0.0943, TopK: 0.4500) | Val Mixed Loss (No Trend): 0.7151 (Base: 0.2801, DTW: 0.1244, TopK: 0.4547) | EMA Val Loss (No Trend): 0.713094 | LR: 2.00e-04
