[*] Process seed: 1
Building static profile features from historical data...
[*] Total trainable parameters: 3,485,441
Epoch [1/100] | Train Mixed Loss (Trend, limit=2): 1.1197 (Base: 0.3550, DTW: 0.2003, TopK: 0.6170) | Val Mixed Loss (NoTrend, limit=2): 0.9864 (Base: 0.3606, DTW: 0.2015, TopK: 0.4743) | EMA NoTrend Loss: 0.986433 | LR: 2.00e-04
Epoch [2/100] | Train Mixed Loss (Trend, limit=2): 1.0370 (Base: 0.3414, DTW: 0.1766, TopK: 0.6065) | Val Mixed Loss (NoTrend, limit=2): 0.8819 (Base: 0.3315, DTW: 0.1605, TopK: 0.5507) | EMA NoTrend Loss: 0.960307 | LR: 2.00e-04
Epoch [3/100] | Train Mixed Loss (Trend, limit=2): 1.0035 (Base: 0.3352, DTW: 0.1669, TopK: 0.5982) | Val Mixed Loss (NoTrend, limit=2): 0.8458 (Base: 0.3092, DTW: 0.1524, TopK: 0.5696) | EMA NoTrend Loss: 0.931670 | LR: 2.00e-04
Epoch [4/100] | Train Mixed Loss (Trend, limit=2): 0.9868 (Base: 0.3322, DTW: 0.1615, TopK: 0.5955) | Val Mixed Loss (NoTrend, limit=2): 0.8581 (Base: 0.3189, DTW: 0.1609, TopK: 0.5103) | EMA NoTrend Loss: 0.913288 | LR: 1.99e-04
Epoch [5/100] | Train Mixed Loss (Trend, limit=2): 0.9732 (Base: 0.3291, DTW: 0.1575, TopK: 0.5926) | Val Mixed Loss (NoTrend, limit=2): 0.8197 (Base: 0.3062, DTW: 0.1425, TopK: 0.5712) | EMA NoTrend Loss: 0.889892 | LR: 1.99e-04
Epoch [6/100] | Train Mixed Loss (Trend, limit=2): 0.9603 (Base: 0.3264, DTW: 0.1540, TopK: 0.5868) | Val Mixed Loss (NoTrend, limit=2): 0.8315 (Base: 0.3014, DTW: 0.1461, TopK: 0.5983) | EMA NoTrend Loss: 0.875296 | LR: 1.98e-04
Epoch [7/100] | Train Mixed Loss (Trend, limit=2): 0.9510 (Base: 0.3245, DTW: 0.1514, TopK: 0.5845) | Val Mixed Loss (NoTrend, limit=2): 0.8094 (Base: 0.3048, DTW: 0.1428, TopK: 0.5394) | EMA NoTrend Loss: 0.858825 | LR: 1.98e-04
Epoch [8/100] | Train Mixed Loss (Trend, limit=2): 0.9390 (Base: 0.3209, DTW: 0.1488, TopK: 0.5806) | Val Mixed Loss (NoTrend, limit=2): 0.8219 (Base: 0.3150, DTW: 0.1480, TopK: 0.5059) | EMA NoTrend Loss: 0.849584 | LR: 1.97e-04
Epoch [9/100] | Train Mixed Loss (Trend, limit=2): 0.9297 (Base: 0.3199, DTW: 0.1460, TopK: 0.5764) | Val Mixed Loss (NoTrend, limit=2): 0.7997 (Base: 0.3053, DTW: 0.1427, TopK: 0.5064) | EMA NoTrend Loss: 0.837102 | LR: 1.96e-04
Epoch [10/100] | Train Mixed Loss (Trend, limit=2): 0.9205 (Base: 0.3165, DTW: 0.1442, TopK: 0.5735) | Val Mixed Loss (NoTrend, limit=2): 0.8014 (Base: 0.3015, DTW: 0.1424, TopK: 0.5270) | EMA NoTrend Loss: 0.828178 | LR: 1.95e-04
Epoch [11/100] | Train Mixed Loss (Trend, limit=2): 0.9155 (Base: 0.3162, DTW: 0.1426, TopK: 0.5714) | Val Mixed Loss (NoTrend, limit=2): 0.7911 (Base: 0.2957, DTW: 0.1406, TopK: 0.5265) | EMA NoTrend Loss: 0.818917 | LR: 1.94e-04
Epoch [12/100] | Train Mixed Loss (Trend, limit=2): 0.9141 (Base: 0.3154, DTW: 0.1422, TopK: 0.5720) | Val Mixed Loss (NoTrend, limit=2): 0.7839 (Base: 0.2930, DTW: 0.1383, TopK: 0.5302) | EMA NoTrend Loss: 0.810169 | LR: 1.93e-04
Epoch [13/100] | Train Mixed Loss (Trend, limit=2): 0.9017 (Base: 0.3128, DTW: 0.1388, TopK: 0.5683) | Val Mixed Loss (NoTrend, limit=2): 0.7804 (Base: 0.2990, DTW: 0.1354, TopK: 0.5219) | EMA NoTrend Loss: 0.802723 | LR: 1.92e-04
Epoch [14/100] | Train Mixed Loss (Trend, limit=2): 0.8959 (Base: 0.3114, DTW: 0.1377, TopK: 0.5641) | Val Mixed Loss (NoTrend, limit=2): 0.7907 (Base: 0.3020, DTW: 0.1398, TopK: 0.5106) | EMA NoTrend Loss: 0.799725 | LR: 1.91e-04
Epoch [15/100] | Train Mixed Loss (Trend, limit=2): 0.8999 (Base: 0.3121, DTW: 0.1384, TopK: 0.5679) | Val Mixed Loss (NoTrend, limit=2): 0.7882 (Base: 0.3004, DTW: 0.1392, TopK: 0.5124) | EMA NoTrend Loss: 0.796852 | LR: 1.89e-04
Epoch [16/100] | Train Mixed Loss (Trend, limit=2): 0.8913 (Base: 0.3100, DTW: 0.1364, TopK: 0.5632) | Val Mixed Loss (NoTrend, limit=2): 0.7928 (Base: 0.3077, DTW: 0.1402, TopK: 0.4949) | EMA NoTrend Loss: 0.795834 | LR: 1.88e-04
Epoch [17/100] | Train Mixed Loss (Trend, limit=2): 0.8852 (Base: 0.3084, DTW: 0.1355, TopK: 0.5577) | Val Mixed Loss (NoTrend, limit=2): 0.7792 (Base: 0.2930, DTW: 0.1358, TopK: 0.5341) | EMA NoTrend Loss: 0.791670 | LR: 1.86e-04
Epoch [18/100] | Train Mixed Loss (Trend, limit=2): 0.8781 (Base: 0.3062, DTW: 0.1340, TopK: 0.5546) | Val Mixed Loss (NoTrend, limit=2): 0.7873 (Base: 0.3039, DTW: 0.1402, TopK: 0.4894) | EMA NoTrend Loss: 0.790570 | LR: 1.85e-04
Epoch [19/100] | Train Mixed Loss (Trend, limit=2): 0.8752 (Base: 0.3059, DTW: 0.1331, TopK: 0.5533) | Val Mixed Loss (NoTrend, limit=2): 0.7909 (Base: 0.3057, DTW: 0.1405, TopK: 0.4936) | EMA NoTrend Loss: 0.790643 | LR: 1.83e-04
Epoch [20/100] | Train Mixed Loss (Trend, limit=2): 0.8771 (Base: 0.3064, DTW: 0.1332, TopK: 0.5560) | Val Mixed Loss (NoTrend, limit=2): 0.7871 (Base: 0.3083, DTW: 0.1397, TopK: 0.4789) | EMA NoTrend Loss: 0.789764 | LR: 1.81e-04
Epoch [21/100] | Train Mixed Loss (Trend, limit=2): 0.8686 (Base: 0.3039, DTW: 0.1316, TopK: 0.5511) | Val Mixed Loss (NoTrend, limit=2): 0.7816 (Base: 0.2953, DTW: 0.1364, TopK: 0.5299) | EMA NoTrend Loss: 0.787734 | LR: 1.79e-04
Epoch [22/100] | Train Mixed Loss (Trend, limit=2): 0.8722 (Base: 0.3056, DTW: 0.1319, TopK: 0.5531) | Val Mixed Loss (NoTrend, limit=2): 0.7715 (Base: 0.2897, DTW: 0.1354, TopK: 0.5229) | EMA NoTrend Loss: 0.783672 | LR: 1.77e-04
Epoch [23/100] | Train Mixed Loss (Trend, limit=2): 0.8648 (Base: 0.3030, DTW: 0.1305, TopK: 0.5497) | Val Mixed Loss (NoTrend, limit=2): 0.7650 (Base: 0.2896, DTW: 0.1348, TopK: 0.5061) | EMA NoTrend Loss: 0.778999 | LR: 1.75e-04
Epoch [24/100] | Train Mixed Loss (Trend, limit=2): 0.8639 (Base: 0.3036, DTW: 0.1303, TopK: 0.5465) | Val Mixed Loss (NoTrend, limit=2): 0.7615 (Base: 0.2868, DTW: 0.1317, TopK: 0.5286) | EMA NoTrend Loss: 0.774628 | LR: 1.73e-04
Epoch [25/100] | Train Mixed Loss (Trend, limit=2): 0.8598 (Base: 0.3021, DTW: 0.1292, TopK: 0.5465) | Val Mixed Loss (NoTrend, limit=2): 0.7637 (Base: 0.2898, DTW: 0.1320, TopK: 0.5241) | EMA NoTrend Loss: 0.771907 | LR: 1.71e-04
Epoch [26/100] | Train Mixed Loss (Trend, limit=2): 0.8559 (Base: 0.3014, DTW: 0.1280, TopK: 0.5454) | Val Mixed Loss (NoTrend, limit=2): 0.7634 (Base: 0.2913, DTW: 0.1347, TopK: 0.4957) | EMA NoTrend Loss: 0.769777 | LR: 1.69e-04
Epoch [27/100] | Train Mixed Loss (Trend, limit=2): 0.8537 (Base: 0.3003, DTW: 0.1278, TopK: 0.5437) | Val Mixed Loss (NoTrend, limit=2): 0.7587 (Base: 0.2867, DTW: 0.1325, TopK: 0.5131) | EMA NoTrend Loss: 0.767014 | LR: 1.66e-04
Epoch [28/100] | Train Mixed Loss (Trend, limit=2): 0.8477 (Base: 0.2991, DTW: 0.1265, TopK: 0.5405) | Val Mixed Loss (NoTrend, limit=2): 0.7700 (Base: 0.2940, DTW: 0.1356, TopK: 0.5018) | EMA NoTrend Loss: 0.767769 | LR: 1.64e-04
Epoch [29/100] | Train Mixed Loss (Trend, limit=2): 0.8449 (Base: 0.2985, DTW: 0.1258, TopK: 0.5383) | Val Mixed Loss (NoTrend, limit=2): 0.7529 (Base: 0.2875, DTW: 0.1314, TopK: 0.5007) | EMA NoTrend Loss: 0.764057 | LR: 1.61e-04
Epoch [30/100] | Train Mixed Loss (Trend, limit=2): 0.8438 (Base: 0.2976, DTW: 0.1261, TopK: 0.5367) | Val Mixed Loss (NoTrend, limit=2): 0.7583 (Base: 0.2885, DTW: 0.1322, TopK: 0.5084) | EMA NoTrend Loss: 0.762621 | LR: 1.59e-04
Epoch [31/100] | Train Mixed Loss (Trend, limit=2): 0.8399 (Base: 0.2975, DTW: 0.1247, TopK: 0.5346) | Val Mixed Loss (NoTrend, limit=2): 0.7533 (Base: 0.2881, DTW: 0.1295, TopK: 0.5146) | EMA NoTrend Loss: 0.760293 | LR: 1.56e-04
Epoch [32/100] | Train Mixed Loss (Trend, limit=2): 0.8373 (Base: 0.2970, DTW: 0.1238, TopK: 0.5351) | Val Mixed Loss (NoTrend, limit=2): 0.7750 (Base: 0.3022, DTW: 0.1373, TopK: 0.4779) | EMA NoTrend Loss: 0.763975 | LR: 1.54e-04
Epoch [33/100] | Train Mixed Loss (Trend, limit=2): 0.8336 (Base: 0.2955, DTW: 0.1232, TopK: 0.5319) | Val Mixed Loss (NoTrend, limit=2): 0.7715 (Base: 0.2977, DTW: 0.1388, TopK: 0.4685) | EMA NoTrend Loss: 0.765845 | LR: 1.51e-04
Epoch [34/100] | Train Mixed Loss (Trend, limit=2): 0.8320 (Base: 0.2948, DTW: 0.1230, TopK: 0.5314) | Val Mixed Loss (NoTrend, limit=2): 0.7706 (Base: 0.2933, DTW: 0.1354, TopK: 0.5076) | EMA NoTrend Loss: 0.767033 | LR: 1.48e-04
Epoch [35/100] | Train Mixed Loss (Trend, limit=2): 0.8276 (Base: 0.2939, DTW: 0.1219, TopK: 0.5292) | Val Mixed Loss (NoTrend, limit=2): 0.7901 (Base: 0.3083, DTW: 0.1421, TopK: 0.4689) | EMA NoTrend Loss: 0.772799 | LR: 1.46e-04
Epoch [36/100] | Train Mixed Loss (Trend, limit=2): 0.8233 (Base: 0.2928, DTW: 0.1210, TopK: 0.5266) | Val Mixed Loss (NoTrend, limit=2): 0.7627 (Base: 0.2965, DTW: 0.1340, TopK: 0.4817) | EMA NoTrend Loss: 0.770264 | LR: 1.43e-04
Epoch [37/100] | Train Mixed Loss (Trend, limit=2): 0.8192 (Base: 0.2916, DTW: 0.1201, TopK: 0.5251) | Val Mixed Loss (NoTrend, limit=2): 0.7667 (Base: 0.2959, DTW: 0.1364, TopK: 0.4784) | EMA NoTrend Loss: 0.769375 | LR: 1.40e-04
Epoch [38/100] | Train Mixed Loss (Trend, limit=2): 0.8256 (Base: 0.2937, DTW: 0.1214, TopK: 0.5271) | Val Mixed Loss (NoTrend, limit=2): 0.7597 (Base: 0.2942, DTW: 0.1327, TopK: 0.4897) | EMA NoTrend Loss: 0.766964 | LR: 1.37e-04
Epoch [39/100] | Train Mixed Loss (Trend, limit=2): 0.8169 (Base: 0.2908, DTW: 0.1198, TopK: 0.5227) | Val Mixed Loss (NoTrend, limit=2): 0.7450 (Base: 0.2864, DTW: 0.1297, TopK: 0.4912) | EMA NoTrend Loss: 0.761465 | LR: 1.34e-04
Epoch [40/100] | Train Mixed Loss (Trend, limit=2): 0.8127 (Base: 0.2899, DTW: 0.1187, TopK: 0.5214) | Val Mixed Loss (NoTrend, limit=2): 0.7593 (Base: 0.2910, DTW: 0.1336, TopK: 0.4918) | EMA NoTrend Loss: 0.760913 | LR: 1.31e-04
Epoch [41/100] | Train Mixed Loss (Trend, limit=2): 0.8084 (Base: 0.2884, DTW: 0.1183, TopK: 0.5164) | Val Mixed Loss (NoTrend, limit=2): 0.7670 (Base: 0.2953, DTW: 0.1379, TopK: 0.4690) | EMA NoTrend Loss: 0.762440 | LR: 1.28e-04
Epoch [42/100] | Train Mixed Loss (Trend, limit=2): 0.8104 (Base: 0.2891, DTW: 0.1184, TopK: 0.5185) | Val Mixed Loss (NoTrend, limit=2): 0.7668 (Base: 0.2930, DTW: 0.1364, TopK: 0.4882) | EMA NoTrend Loss: 0.763520 | LR: 1.25e-04
Epoch [43/100] | Train Mixed Loss (Trend, limit=2): 0.8040 (Base: 0.2877, DTW: 0.1167, TopK: 0.5161) | Val Mixed Loss (NoTrend, limit=2): 0.7620 (Base: 0.2937, DTW: 0.1348, TopK: 0.4821) | EMA NoTrend Loss: 0.763129 | LR: 1.22e-04
Epoch [44/100] | Train Mixed Loss (Trend, limit=2): 0.8005 (Base: 0.2869, DTW: 0.1160, TopK: 0.5138) | Val Mixed Loss (NoTrend, limit=2): 0.7583 (Base: 0.2884, DTW: 0.1331, TopK: 0.5011) | EMA NoTrend Loss: 0.761925 | LR: 1.19e-04
Epoch [45/100] | Train Mixed Loss (Trend, limit=2): 0.8027 (Base: 0.2872, DTW: 0.1166, TopK: 0.5145) | Val Mixed Loss (NoTrend, limit=2): 0.7488 (Base: 0.2886, DTW: 0.1299, TopK: 0.4951) | EMA NoTrend Loss: 0.758638 | LR: 1.16e-04
Epoch [46/100] | Train Mixed Loss (Trend, limit=2): 0.7959 (Base: 0.2857, DTW: 0.1148, TopK: 0.5125) | Val Mixed Loss (NoTrend, limit=2): 0.7716 (Base: 0.2988, DTW: 0.1381, TopK: 0.4716) | EMA NoTrend Loss: 0.761876 | LR: 1.13e-04
Epoch [47/100] | Train Mixed Loss (Trend, limit=2): 0.7927 (Base: 0.2844, DTW: 0.1141, TopK: 0.5116) | Val Mixed Loss (NoTrend, limit=2): 0.7529 (Base: 0.2871, DTW: 0.1321, TopK: 0.4959) | EMA NoTrend Loss: 0.759626 | LR: 1.10e-04
Epoch [48/100] | Train Mixed Loss (Trend, limit=2): 0.7901 (Base: 0.2838, DTW: 0.1135, TopK: 0.5096) | Val Mixed Loss (NoTrend, limit=2): 0.7607 (Base: 0.2943, DTW: 0.1350, TopK: 0.4749) | EMA NoTrend Loss: 0.759900 | LR: 1.07e-04
Epoch [49/100] | Train Mixed Loss (Trend, limit=2): 0.7895 (Base: 0.2833, DTW: 0.1137, TopK: 0.5088) | Val Mixed Loss (NoTrend, limit=2): 0.7509 (Base: 0.2862, DTW: 0.1309, TopK: 0.5018) | EMA NoTrend Loss: 0.757658 | LR: 1.04e-04
Epoch [50/100] | Train Mixed Loss (Trend, limit=2): 0.7829 (Base: 0.2818, DTW: 0.1122, TopK: 0.5043) | Val Mixed Loss (NoTrend, limit=2): 0.7705 (Base: 0.2971, DTW: 0.1371, TopK: 0.4810) | EMA NoTrend Loss: 0.760858 | LR: 1.00e-04
Epoch [51/100] | Train Mixed Loss (Trend, limit=2): 0.7813 (Base: 0.2821, DTW: 0.1115, TopK: 0.5033) | Val Mixed Loss (NoTrend, limit=2): 0.7588 (Base: 0.2926, DTW: 0.1334, TopK: 0.4871) | EMA NoTrend Loss: 0.760338 | LR: 9.74e-05
Epoch [52/100] | Train Mixed Loss (Trend, limit=2): 0.7790 (Base: 0.2808, DTW: 0.1112, TopK: 0.5024) | Val Mixed Loss (NoTrend, limit=2): 0.7593 (Base: 0.2924, DTW: 0.1349, TopK: 0.4767) | EMA NoTrend Loss: 0.760074 | LR: 9.43e-05
Epoch [53/100] | Train Mixed Loss (Trend, limit=2): 0.7785 (Base: 0.2802, DTW: 0.1110, TopK: 0.5050) | Val Mixed Loss (NoTrend, limit=2): 0.7474 (Base: 0.2851, DTW: 0.1311, TopK: 0.4925) | EMA NoTrend Loss: 0.756916 | LR: 9.11e-05
Epoch [54/100] | Train Mixed Loss (Trend, limit=2): 0.7754 (Base: 0.2797, DTW: 0.1106, TopK: 0.5002) | Val Mixed Loss (NoTrend, limit=2): 0.7600 (Base: 0.2907, DTW: 0.1339, TopK: 0.4929) | EMA NoTrend Loss: 0.757681 | LR: 8.80e-05
Epoch [55/100] | Train Mixed Loss (Trend, limit=2): 0.7710 (Base: 0.2788, DTW: 0.1098, TopK: 0.4948) | Val Mixed Loss (NoTrend, limit=2): 0.7637 (Base: 0.2950, DTW: 0.1354, TopK: 0.4795) | EMA NoTrend Loss: 0.759194 | LR: 8.49e-05
Epoch [56/100] | Train Mixed Loss (Trend, limit=2): 0.7745 (Base: 0.2794, DTW: 0.1102, TopK: 0.5001) | Val Mixed Loss (NoTrend, limit=2): 0.7471 (Base: 0.2866, DTW: 0.1303, TopK: 0.4923) | EMA NoTrend Loss: 0.756160 | LR: 8.19e-05
Epoch [57/100] | Train Mixed Loss (Trend, limit=2): 0.7697 (Base: 0.2782, DTW: 0.1091, TopK: 0.4976) | Val Mixed Loss (NoTrend, limit=2): 0.7691 (Base: 0.2974, DTW: 0.1372, TopK: 0.4751) | EMA NoTrend Loss: 0.759395 | LR: 7.88e-05
Epoch [58/100] | Train Mixed Loss (Trend, limit=2): 0.7653 (Base: 0.2771, DTW: 0.1082, TopK: 0.4949) | Val Mixed Loss (NoTrend, limit=2): 0.7506 (Base: 0.2858, DTW: 0.1318, TopK: 0.4952) | EMA NoTrend Loss: 0.757199 | LR: 7.58e-05
Epoch [59/100] | Train Mixed Loss (Trend, limit=2): 0.7640 (Base: 0.2766, DTW: 0.1080, TopK: 0.4934) | Val Mixed Loss (NoTrend, limit=2): 0.7515 (Base: 0.2876, DTW: 0.1327, TopK: 0.4848) | EMA NoTrend Loss: 0.755781 | LR: 7.27e-05
Epoch [60/100] | Train Mixed Loss (Trend, limit=2): 0.7665 (Base: 0.2772, DTW: 0.1084, TopK: 0.4965) | Val Mixed Loss (NoTrend, limit=2): 0.7583 (Base: 0.2917, DTW: 0.1352, TopK: 0.4738) | EMA NoTrend Loss: 0.756402 | LR: 6.98e-05
Epoch [61/100] | Train Mixed Loss (Trend, limit=2): 0.7579 (Base: 0.2749, DTW: 0.1066, TopK: 0.4906) | Val Mixed Loss (NoTrend, limit=2): 0.7493 (Base: 0.2876, DTW: 0.1312, TopK: 0.4897) | EMA NoTrend Loss: 0.754639 | LR: 6.68e-05
Epoch [62/100] | Train Mixed Loss (Trend, limit=2): 0.7573 (Base: 0.2743, DTW: 0.1066, TopK: 0.4913) | Val Mixed Loss (NoTrend, limit=2): 0.7621 (Base: 0.2934, DTW: 0.1361, TopK: 0.4740) | EMA NoTrend Loss: 0.756516 | LR: 6.39e-05
Epoch [63/100] | Train Mixed Loss (Trend, limit=2): 0.7585 (Base: 0.2752, DTW: 0.1066, TopK: 0.4911) | Val Mixed Loss (NoTrend, limit=2): 0.7565 (Base: 0.2925, DTW: 0.1339, TopK: 0.4751) | EMA NoTrend Loss: 0.756500 | LR: 6.10e-05
Epoch [64/100] | Train Mixed Loss (Trend, limit=2): 0.7536 (Base: 0.2739, DTW: 0.1056, TopK: 0.4883) | Val Mixed Loss (NoTrend, limit=2): 0.7623 (Base: 0.2935, DTW: 0.1355, TopK: 0.4784) | EMA NoTrend Loss: 0.757946 | LR: 5.81e-05
Epoch [65/100] | Train Mixed Loss (Trend, limit=2): 0.7523 (Base: 0.2733, DTW: 0.1051, TopK: 0.4888) | Val Mixed Loss (NoTrend, limit=2): 0.7695 (Base: 0.2965, DTW: 0.1386, TopK: 0.4681) | EMA NoTrend Loss: 0.760834 | LR: 5.53e-05
Epoch [66/100] | Train Mixed Loss (Trend, limit=2): 0.7532 (Base: 0.2742, DTW: 0.1050, TopK: 0.4895) | Val Mixed Loss (NoTrend, limit=2): 0.7584 (Base: 0.2914, DTW: 0.1347, TopK: 0.4789) | EMA NoTrend Loss: 0.760225 | LR: 5.26e-05
Epoch [67/100] | Train Mixed Loss (Trend, limit=2): 0.7478 (Base: 0.2726, DTW: 0.1042, TopK: 0.4844) | Val Mixed Loss (NoTrend, limit=2): 0.7605 (Base: 0.2928, DTW: 0.1350, TopK: 0.4789) | EMA NoTrend Loss: 0.760286 | LR: 4.99e-05
Epoch [68/100] | Train Mixed Loss (Trend, limit=2): 0.7431 (Base: 0.2704, DTW: 0.1033, TopK: 0.4840) | Val Mixed Loss (NoTrend, limit=2): 0.7737 (Base: 0.2972, DTW: 0.1386, TopK: 0.4799) | EMA NoTrend Loss: 0.763640 | LR: 4.72e-05
Epoch [69/100] | Train Mixed Loss (Trend, limit=2): 0.7414 (Base: 0.2709, DTW: 0.1028, TopK: 0.4801) | Val Mixed Loss (NoTrend, limit=2): 0.7698 (Base: 0.2949, DTW: 0.1376, TopK: 0.4817) | EMA NoTrend Loss: 0.765168 | LR: 4.46e-05
Epoch [70/100] | Train Mixed Loss (Trend, limit=2): 0.7377 (Base: 0.2695, DTW: 0.1019, TopK: 0.4797) | Val Mixed Loss (NoTrend, limit=2): 0.7434 (Base: 0.2830, DTW: 0.1304, TopK: 0.4917) | EMA NoTrend Loss: 0.759725 | LR: 4.20e-05
Epoch [71/100] | Train Mixed Loss (Trend, limit=2): 0.7365 (Base: 0.2687, DTW: 0.1019, TopK: 0.4793) | Val Mixed Loss (NoTrend, limit=2): 0.7682 (Base: 0.2931, DTW: 0.1365, TopK: 0.4920) | EMA NoTrend Loss: 0.761854 | LR: 3.95e-05
Epoch [72/100] | Train Mixed Loss (Trend, limit=2): 0.7371 (Base: 0.2688, DTW: 0.1021, TopK: 0.4792) | Val Mixed Loss (NoTrend, limit=2): 0.7691 (Base: 0.2951, DTW: 0.1372, TopK: 0.4823) | EMA NoTrend Loss: 0.763656 | LR: 3.71e-05
Epoch [73/100] | Train Mixed Loss (Trend, limit=2): 0.7361 (Base: 0.2695, DTW: 0.1014, TopK: 0.4784) | Val Mixed Loss (NoTrend, limit=2): 0.7660 (Base: 0.2914, DTW: 0.1357, TopK: 0.4965) | EMA NoTrend Loss: 0.764248 | LR: 3.47e-05
Epoch [74/100] | Train Mixed Loss (Trend, limit=2): 0.7328 (Base: 0.2682, DTW: 0.1009, TopK: 0.4768) | Val Mixed Loss (NoTrend, limit=2): 0.7660 (Base: 0.2946, DTW: 0.1375, TopK: 0.4715) | EMA NoTrend Loss: 0.764691 | LR: 3.24e-05
Epoch [75/100] | Train Mixed Loss (Trend, limit=2): 0.7331 (Base: 0.2678, DTW: 0.1008, TopK: 0.4787) | Val Mixed Loss (NoTrend, limit=2): 0.7645 (Base: 0.2930, DTW: 0.1356, TopK: 0.4866) | EMA NoTrend Loss: 0.764642 | LR: 3.01e-05
Epoch [76/100] | Train Mixed Loss (Trend, limit=2): 0.7332 (Base: 0.2684, DTW: 0.1008, TopK: 0.4775) | Val Mixed Loss (NoTrend, limit=2): 0.7622 (Base: 0.2921, DTW: 0.1361, TopK: 0.4785) | EMA NoTrend Loss: 0.764041 | LR: 2.80e-05
Epoch [77/100] | Train Mixed Loss (Trend, limit=2): 0.7329 (Base: 0.2682, DTW: 0.1006, TopK: 0.4781) | Val Mixed Loss (NoTrend, limit=2): 0.7611 (Base: 0.2899, DTW: 0.1359, TopK: 0.4838) | EMA NoTrend Loss: 0.763302 | LR: 2.59e-05
Epoch [78/100] | Train Mixed Loss (Trend, limit=2): 0.7276 (Base: 0.2664, DTW: 0.0997, TopK: 0.4748) | Val Mixed Loss (NoTrend, limit=2): 0.7578 (Base: 0.2898, DTW: 0.1347, TopK: 0.4829) | EMA NoTrend Loss: 0.761923 | LR: 2.38e-05
Epoch [79/100] | Train Mixed Loss (Trend, limit=2): 0.7307 (Base: 0.2679, DTW: 0.1001, TopK: 0.4754) | Val Mixed Loss (NoTrend, limit=2): 0.7625 (Base: 0.2922, DTW: 0.1356, TopK: 0.4824) | EMA NoTrend Loss: 0.762072 | LR: 2.19e-05
Epoch [80/100] | Train Mixed Loss (Trend, limit=2): 0.7269 (Base: 0.2662, DTW: 0.0995, TopK: 0.4738) | Val Mixed Loss (NoTrend, limit=2): 0.7626 (Base: 0.2912, DTW: 0.1356, TopK: 0.4872) | EMA NoTrend Loss: 0.762214 | LR: 2.00e-05
Epoch [81/100] | Train Mixed Loss (Trend, limit=2): 0.7309 (Base: 0.2679, DTW: 0.1001, TopK: 0.4757) | Val Mixed Loss (NoTrend, limit=2): 0.7671 (Base: 0.2935, DTW: 0.1371, TopK: 0.4822) | EMA NoTrend Loss: 0.763439 | LR: 1.82e-05
Epoch [82/100] | Train Mixed Loss (Trend, limit=2): 0.7271 (Base: 0.2661, DTW: 0.0996, TopK: 0.4750) | Val Mixed Loss (NoTrend, limit=2): 0.7650 (Base: 0.2936, DTW: 0.1371, TopK: 0.4744) | EMA NoTrend Loss: 0.763821 | LR: 1.65e-05
Epoch [83/100] | Train Mixed Loss (Trend, limit=2): 0.7265 (Base: 0.2660, DTW: 0.0995, TopK: 0.4727) | Val Mixed Loss (NoTrend, limit=2): 0.7574 (Base: 0.2892, DTW: 0.1352, TopK: 0.4792) | EMA NoTrend Loss: 0.762221 | LR: 1.49e-05
Epoch [84/100] | Train Mixed Loss (Trend, limit=2): 0.7238 (Base: 0.2656, DTW: 0.0988, TopK: 0.4720) | Val Mixed Loss (NoTrend, limit=2): 0.7681 (Base: 0.2930, DTW: 0.1374, TopK: 0.4844) | EMA NoTrend Loss: 0.763700 | LR: 1.33e-05
Epoch [85/100] | Train Mixed Loss (Trend, limit=2): 0.7226 (Base: 0.2650, DTW: 0.0986, TopK: 0.4713) | Val Mixed Loss (NoTrend, limit=2): 0.7698 (Base: 0.2953, DTW: 0.1378, TopK: 0.4799) | EMA NoTrend Loss: 0.765235 | LR: 1.18e-05
Epoch [86/100] | Train Mixed Loss (Trend, limit=2): 0.7250 (Base: 0.2657, DTW: 0.0990, TopK: 0.4732) | Val Mixed Loss (NoTrend, limit=2): 0.7646 (Base: 0.2928, DTW: 0.1369, TopK: 0.4780) | EMA NoTrend Loss: 0.765084 | LR: 1.05e-05
Epoch [87/100] | Train Mixed Loss (Trend, limit=2): 0.7178 (Base: 0.2638, DTW: 0.0975, TopK: 0.4690) | Val Mixed Loss (NoTrend, limit=2): 0.7720 (Base: 0.2934, DTW: 0.1389, TopK: 0.4841) | EMA NoTrend Loss: 0.766813 | LR: 9.18e-06
Epoch [88/100] | Train Mixed Loss (Trend, limit=2): 0.7239 (Base: 0.2655, DTW: 0.0985, TopK: 0.4736) | Val Mixed Loss (NoTrend, limit=2): 0.7697 (Base: 0.2938, DTW: 0.1383, TopK: 0.4802) | EMA NoTrend Loss: 0.767545 | LR: 7.99e-06
Epoch [89/100] | Train Mixed Loss (Trend, limit=2): 0.7217 (Base: 0.2653, DTW: 0.0979, TopK: 0.4717) | Val Mixed Loss (NoTrend, limit=2): 0.7622 (Base: 0.2917, DTW: 0.1361, TopK: 0.4792) | EMA NoTrend Loss: 0.766212 | LR: 6.88e-06
Epoch [90/100] | Train Mixed Loss (Trend, limit=2): 0.7242 (Base: 0.2656, DTW: 0.0987, TopK: 0.4720) | Val Mixed Loss (NoTrend, limit=2): 0.7651 (Base: 0.2928, DTW: 0.1362, TopK: 0.4847) | EMA NoTrend Loss: 0.765938 | LR: 5.87e-06
Epoch [91/100] | Train Mixed Loss (Trend, limit=2): 0.7203 (Base: 0.2647, DTW: 0.0978, TopK: 0.4707) | Val Mixed Loss (NoTrend, limit=2): 0.7607 (Base: 0.2904, DTW: 0.1358, TopK: 0.4815) | EMA NoTrend Loss: 0.764625 | LR: 4.95e-06
Epoch [92/100] | Train Mixed Loss (Trend, limit=2): 0.7196 (Base: 0.2636, DTW: 0.0980, TopK: 0.4712) | Val Mixed Loss (NoTrend, limit=2): 0.7612 (Base: 0.2908, DTW: 0.1355, TopK: 0.4839) | EMA NoTrend Loss: 0.763763 | LR: 4.13e-06
Epoch [93/100] | Train Mixed Loss (Trend, limit=2): 0.7170 (Base: 0.2632, DTW: 0.0971, TopK: 0.4705) | Val Mixed Loss (NoTrend, limit=2): 0.7560 (Base: 0.2893, DTW: 0.1344, TopK: 0.4799) | EMA NoTrend Loss: 0.761812 | LR: 3.40e-06
Epoch [94/100] | Train Mixed Loss (Trend, limit=2): 0.7214 (Base: 0.2643, DTW: 0.0983, TopK: 0.4717) | Val Mixed Loss (NoTrend, limit=2): 0.7627 (Base: 0.2913, DTW: 0.1362, TopK: 0.4819) | EMA NoTrend Loss: 0.762023 | LR: 2.76e-06
Epoch [95/100] | Train Mixed Loss (Trend, limit=2): 0.7157 (Base: 0.2627, DTW: 0.0971, TopK: 0.4680) | Val Mixed Loss (NoTrend, limit=2): 0.7631 (Base: 0.2932, DTW: 0.1363, TopK: 0.4763) | EMA NoTrend Loss: 0.762280 | LR: 2.23e-06
Epoch [96/100] | Train Mixed Loss (Trend, limit=2): 0.7206 (Base: 0.2643, DTW: 0.0979, TopK: 0.4717) | Val Mixed Loss (NoTrend, limit=2): 0.7697 (Base: 0.2946, DTW: 0.1376, TopK: 0.4831) | EMA NoTrend Loss: 0.764143 | LR: 1.78e-06
Epoch [97/100] | Train Mixed Loss (Trend, limit=2): 0.7149 (Base: 0.2627, DTW: 0.0969, TopK: 0.4685) | Val Mixed Loss (NoTrend, limit=2): 0.7658 (Base: 0.2921, DTW: 0.1368, TopK: 0.4848) | EMA NoTrend Loss: 0.764550 | LR: 1.44e-06
Epoch [98/100] | Train Mixed Loss (Trend, limit=2): 0.7171 (Base: 0.2633, DTW: 0.0973, TopK: 0.4692) | Val Mixed Loss (NoTrend, limit=2): 0.7647 (Base: 0.2926, DTW: 0.1366, TopK: 0.4810) | EMA NoTrend Loss: 0.764594 | LR: 1.20e-06
Epoch [99/100] | Train Mixed Loss (Trend, limit=2): 0.7191 (Base: 0.2640, DTW: 0.0975, TopK: 0.4706) | Val Mixed Loss (NoTrend, limit=2): 0.7617 (Base: 0.2919, DTW: 0.1360, TopK: 0.4779) | EMA NoTrend Loss: 0.763860 | LR: 1.05e-06
Epoch [100/100] | Train Mixed Loss (Trend, limit=2): 0.7140 (Base: 0.2623, DTW: 0.0967, TopK: 0.4678) | Val Mixed Loss (NoTrend, limit=2): 0.7666 (Base: 0.2932, DTW: 0.1375, TopK: 0.4782) | EMA NoTrend Loss: 0.764533 | LR: 1.00e-06
[*] Loaded best model from epoch 61 (EMA NoTrend Loss: 0.754639)
