[*] Process seed: 1
Building static profile features from historical data...
[*] Total trainable parameters: 2,431,233
Epoch [1/100] | Train Mixed Loss (Trend, limit=2): 1.0792 (Base: 0.3431, DTW: 0.1956, TopK: 0.6052) | Val Mixed Loss (NoTrend, limit=2): 0.9466 (Base: 0.3520, DTW: 0.1889, TopK: 0.4711) | EMA NoTrend Loss: 0.946572 | LR: 2.00e-04
Epoch [2/100] | Train Mixed Loss (Trend, limit=2): 0.9890 (Base: 0.3317, DTW: 0.1635, TopK: 0.5980) | Val Mixed Loss (NoTrend, limit=2): 0.8316 (Base: 0.3134, DTW: 0.1487, TopK: 0.5371) | EMA NoTrend Loss: 0.917819 | LR: 2.00e-04
Epoch [3/100] | Train Mixed Loss (Trend, limit=2): 0.9505 (Base: 0.3235, DTW: 0.1532, TopK: 0.5833) | Val Mixed Loss (NoTrend, limit=2): 0.8004 (Base: 0.2939, DTW: 0.1418, TopK: 0.5540) | EMA NoTrend Loss: 0.888462 | LR: 2.00e-04
Epoch [4/100] | Train Mixed Loss (Trend, limit=2): 0.9346 (Base: 0.3201, DTW: 0.1489, TopK: 0.5770) | Val Mixed Loss (NoTrend, limit=2): 0.8362 (Base: 0.3189, DTW: 0.1544, TopK: 0.4895) | EMA NoTrend Loss: 0.875407 | LR: 1.99e-04
Epoch [5/100] | Train Mixed Loss (Trend, limit=2): 0.9205 (Base: 0.3165, DTW: 0.1452, TopK: 0.5722) | Val Mixed Loss (NoTrend, limit=2): 0.7762 (Base: 0.2964, DTW: 0.1322, TopK: 0.5423) | EMA NoTrend Loss: 0.850613 | LR: 1.99e-04
Epoch [6/100] | Train Mixed Loss (Trend, limit=2): 0.9043 (Base: 0.3126, DTW: 0.1415, TopK: 0.5626) | Val Mixed Loss (NoTrend, limit=2): 0.7890 (Base: 0.2935, DTW: 0.1352, TopK: 0.5699) | EMA NoTrend Loss: 0.835219 | LR: 1.98e-04
Epoch [7/100] | Train Mixed Loss (Trend, limit=2): 0.8954 (Base: 0.3105, DTW: 0.1390, TopK: 0.5600) | Val Mixed Loss (NoTrend, limit=2): 0.7718 (Base: 0.2906, DTW: 0.1371, TopK: 0.5074) | EMA NoTrend Loss: 0.819355 | LR: 1.98e-04
Epoch [8/100] | Train Mixed Loss (Trend, limit=2): 0.8842 (Base: 0.3068, DTW: 0.1369, TopK: 0.5545) | Val Mixed Loss (NoTrend, limit=2): 0.7616 (Base: 0.2895, DTW: 0.1316, TopK: 0.5208) | EMA NoTrend Loss: 0.804921 | LR: 1.97e-04
Epoch [9/100] | Train Mixed Loss (Trend, limit=2): 0.8729 (Base: 0.3050, DTW: 0.1341, TopK: 0.5469) | Val Mixed Loss (NoTrend, limit=2): 0.7845 (Base: 0.3064, DTW: 0.1398, TopK: 0.4750) | EMA NoTrend Loss: 0.799809 | LR: 1.96e-04
Epoch [10/100] | Train Mixed Loss (Trend, limit=2): 0.8648 (Base: 0.3018, DTW: 0.1324, TopK: 0.5452) | Val Mixed Loss (NoTrend, limit=2): 0.7667 (Base: 0.2948, DTW: 0.1324, TopK: 0.5140) | EMA NoTrend Loss: 0.791521 | LR: 1.95e-04
Epoch [11/100] | Train Mixed Loss (Trend, limit=2): 0.8572 (Base: 0.3008, DTW: 0.1304, TopK: 0.5399) | Val Mixed Loss (NoTrend, limit=2): 0.7598 (Base: 0.2888, DTW: 0.1334, TopK: 0.5029) | EMA NoTrend Loss: 0.783600 | LR: 1.94e-04
Epoch [12/100] | Train Mixed Loss (Trend, limit=2): 0.8554 (Base: 0.2997, DTW: 0.1304, TopK: 0.5391) | Val Mixed Loss (NoTrend, limit=2): 0.7534 (Base: 0.2859, DTW: 0.1325, TopK: 0.4982) | EMA NoTrend Loss: 0.776046 | LR: 1.93e-04
Epoch [13/100] | Train Mixed Loss (Trend, limit=2): 0.8421 (Base: 0.2965, DTW: 0.1269, TopK: 0.5349) | Val Mixed Loss (NoTrend, limit=2): 0.7647 (Base: 0.3003, DTW: 0.1354, TopK: 0.4652) | EMA NoTrend Loss: 0.773213 | LR: 1.92e-04
Epoch [14/100] | Train Mixed Loss (Trend, limit=2): 0.8357 (Base: 0.2952, DTW: 0.1257, TopK: 0.5283) | Val Mixed Loss (NoTrend, limit=2): 0.7523 (Base: 0.2889, DTW: 0.1314, TopK: 0.4932) | EMA NoTrend Loss: 0.767979 | LR: 1.91e-04
Epoch [15/100] | Train Mixed Loss (Trend, limit=2): 0.8348 (Base: 0.2947, DTW: 0.1254, TopK: 0.5283) | Val Mixed Loss (NoTrend, limit=2): 0.7467 (Base: 0.2878, DTW: 0.1302, TopK: 0.4880) | EMA NoTrend Loss: 0.762658 | LR: 1.89e-04
Epoch [16/100] | Train Mixed Loss (Trend, limit=2): 0.8245 (Base: 0.2920, DTW: 0.1231, TopK: 0.5235) | Val Mixed Loss (NoTrend, limit=2): 0.7403 (Base: 0.2848, DTW: 0.1285, TopK: 0.4905) | EMA NoTrend Loss: 0.757078 | LR: 1.88e-04
Epoch [17/100] | Train Mixed Loss (Trend, limit=2): 0.8161 (Base: 0.2897, DTW: 0.1214, TopK: 0.5186) | Val Mixed Loss (NoTrend, limit=2): 0.7516 (Base: 0.2867, DTW: 0.1324, TopK: 0.4908) | EMA NoTrend Loss: 0.755702 | LR: 1.86e-04
Epoch [18/100] | Train Mixed Loss (Trend, limit=2): 0.8099 (Base: 0.2878, DTW: 0.1203, TopK: 0.5146) | Val Mixed Loss (NoTrend, limit=2): 0.7544 (Base: 0.2941, DTW: 0.1333, TopK: 0.4684) | EMA NoTrend Loss: 0.755379 | LR: 1.85e-04
Epoch [19/100] | Train Mixed Loss (Trend, limit=2): 0.8071 (Base: 0.2875, DTW: 0.1195, TopK: 0.5123) | Val Mixed Loss (NoTrend, limit=2): 0.7794 (Base: 0.3051, DTW: 0.1409, TopK: 0.4535) | EMA NoTrend Loss: 0.761396 | LR: 1.83e-04
Epoch [20/100] | Train Mixed Loss (Trend, limit=2): 0.8050 (Base: 0.2867, DTW: 0.1188, TopK: 0.5122) | Val Mixed Loss (NoTrend, limit=2): 0.7528 (Base: 0.2931, DTW: 0.1339, TopK: 0.4613) | EMA NoTrend Loss: 0.759251 | LR: 1.81e-04
Epoch [21/100] | Train Mixed Loss (Trend, limit=2): 0.7937 (Base: 0.2835, DTW: 0.1164, TopK: 0.5070) | Val Mixed Loss (NoTrend, limit=2): 0.7434 (Base: 0.2850, DTW: 0.1291, TopK: 0.4951) | EMA NoTrend Loss: 0.755292 | LR: 1.79e-04
Epoch [22/100] | Train Mixed Loss (Trend, limit=2): 0.8000 (Base: 0.2857, DTW: 0.1176, TopK: 0.5088) | Val Mixed Loss (NoTrend, limit=2): 0.7402 (Base: 0.2840, DTW: 0.1296, TopK: 0.4838) | EMA NoTrend Loss: 0.751528 | LR: 1.77e-04
Epoch [23/100] | Train Mixed Loss (Trend, limit=2): 0.7902 (Base: 0.2825, DTW: 0.1155, TopK: 0.5048) | Val Mixed Loss (NoTrend, limit=2): 0.7322 (Base: 0.2770, DTW: 0.1273, TopK: 0.4990) | EMA NoTrend Loss: 0.746693 | LR: 1.75e-04
Epoch [24/100] | Train Mixed Loss (Trend, limit=2): 0.7878 (Base: 0.2825, DTW: 0.1152, TopK: 0.4997) | Val Mixed Loss (NoTrend, limit=2): 0.7417 (Base: 0.2789, DTW: 0.1288, TopK: 0.5119) | EMA NoTrend Loss: 0.745443 | LR: 1.73e-04
Epoch [25/100] | Train Mixed Loss (Trend, limit=2): 0.7816 (Base: 0.2806, DTW: 0.1134, TopK: 0.4992) | Val Mixed Loss (NoTrend, limit=2): 0.7425 (Base: 0.2880, DTW: 0.1298, TopK: 0.4765) | EMA NoTrend Loss: 0.744702 | LR: 1.71e-04
Epoch [26/100] | Train Mixed Loss (Trend, limit=2): 0.7752 (Base: 0.2792, DTW: 0.1117, TopK: 0.4965) | Val Mixed Loss (NoTrend, limit=2): 0.7303 (Base: 0.2819, DTW: 0.1277, TopK: 0.4731) | EMA NoTrend Loss: 0.741113 | LR: 1.69e-04
Epoch [27/100] | Train Mixed Loss (Trend, limit=2): 0.7737 (Base: 0.2785, DTW: 0.1115, TopK: 0.4949) | Val Mixed Loss (NoTrend, limit=2): 0.7308 (Base: 0.2805, DTW: 0.1267, TopK: 0.4876) | EMA NoTrend Loss: 0.738546 | LR: 1.66e-04
Epoch [28/100] | Train Mixed Loss (Trend, limit=2): 0.7676 (Base: 0.2769, DTW: 0.1101, TopK: 0.4924) | Val Mixed Loss (NoTrend, limit=2): 0.7468 (Base: 0.2884, DTW: 0.1320, TopK: 0.4720) | EMA NoTrend Loss: 0.740614 | LR: 1.64e-04
Epoch [29/100] | Train Mixed Loss (Trend, limit=2): 0.7638 (Base: 0.2755, DTW: 0.1093, TopK: 0.4904) | Val Mixed Loss (NoTrend, limit=2): 0.7207 (Base: 0.2781, DTW: 0.1247, TopK: 0.4775) | EMA NoTrend Loss: 0.735624 | LR: 1.61e-04
Epoch [30/100] | Train Mixed Loss (Trend, limit=2): 0.7616 (Base: 0.2747, DTW: 0.1090, TopK: 0.4885) | Val Mixed Loss (NoTrend, limit=2): 0.7251 (Base: 0.2781, DTW: 0.1254, TopK: 0.4867) | EMA NoTrend Loss: 0.733001 | LR: 1.59e-04
Epoch [31/100] | Train Mixed Loss (Trend, limit=2): 0.7568 (Base: 0.2737, DTW: 0.1077, TopK: 0.4861) | Val Mixed Loss (NoTrend, limit=2): 0.7289 (Base: 0.2812, DTW: 0.1261, TopK: 0.4838) | EMA NoTrend Loss: 0.731966 | LR: 1.56e-04
Epoch [32/100] | Train Mixed Loss (Trend, limit=2): 0.7541 (Base: 0.2733, DTW: 0.1069, TopK: 0.4848) | Val Mixed Loss (NoTrend, limit=2): 0.7421 (Base: 0.2894, DTW: 0.1309, TopK: 0.4619) | EMA NoTrend Loss: 0.734498 | LR: 1.54e-04
Epoch [33/100] | Train Mixed Loss (Trend, limit=2): 0.7495 (Base: 0.2714, DTW: 0.1059, TopK: 0.4838) | Val Mixed Loss (NoTrend, limit=2): 0.7330 (Base: 0.2844, DTW: 0.1291, TopK: 0.4623) | EMA NoTrend Loss: 0.734116 | LR: 1.51e-04
Epoch [34/100] | Train Mixed Loss (Trend, limit=2): 0.7459 (Base: 0.2704, DTW: 0.1052, TopK: 0.4805) | Val Mixed Loss (NoTrend, limit=2): 0.7493 (Base: 0.2884, DTW: 0.1329, TopK: 0.4733) | EMA NoTrend Loss: 0.737916 | LR: 1.48e-04
Epoch [35/100] | Train Mixed Loss (Trend, limit=2): 0.7440 (Base: 0.2700, DTW: 0.1049, TopK: 0.4794) | Val Mixed Loss (NoTrend, limit=2): 0.7562 (Base: 0.2938, DTW: 0.1362, TopK: 0.4520) | EMA NoTrend Loss: 0.742497 | LR: 1.46e-04
Epoch [36/100] | Train Mixed Loss (Trend, limit=2): 0.7408 (Base: 0.2691, DTW: 0.1040, TopK: 0.4780) | Val Mixed Loss (NoTrend, limit=2): 0.7441 (Base: 0.2894, DTW: 0.1317, TopK: 0.4619) | EMA NoTrend Loss: 0.742906 | LR: 1.43e-04
Epoch [37/100] | Train Mixed Loss (Trend, limit=2): 0.7346 (Base: 0.2679, DTW: 0.1025, TopK: 0.4737) | Val Mixed Loss (NoTrend, limit=2): 0.7251 (Base: 0.2789, DTW: 0.1266, TopK: 0.4739) | EMA NoTrend Loss: 0.738443 | LR: 1.40e-04
Epoch [38/100] | Train Mixed Loss (Trend, limit=2): 0.7379 (Base: 0.2689, DTW: 0.1031, TopK: 0.4747) | Val Mixed Loss (NoTrend, limit=2): 0.7482 (Base: 0.2913, DTW: 0.1328, TopK: 0.4610) | EMA NoTrend Loss: 0.740890 | LR: 1.37e-04
Epoch [39/100] | Train Mixed Loss (Trend, limit=2): 0.7293 (Base: 0.2661, DTW: 0.1014, TopK: 0.4694) | Val Mixed Loss (NoTrend, limit=2): 0.7288 (Base: 0.2824, DTW: 0.1286, TopK: 0.4588) | EMA NoTrend Loss: 0.737865 | LR: 1.34e-04
Epoch [40/100] | Train Mixed Loss (Trend, limit=2): 0.7254 (Base: 0.2646, DTW: 0.1004, TopK: 0.4708) | Val Mixed Loss (NoTrend, limit=2): 0.7345 (Base: 0.2847, DTW: 0.1292, TopK: 0.4656) | EMA NoTrend Loss: 0.737034 | LR: 1.31e-04
Epoch [41/100] | Train Mixed Loss (Trend, limit=2): 0.7219 (Base: 0.2633, DTW: 0.1002, TopK: 0.4654) | Val Mixed Loss (NoTrend, limit=2): 0.7390 (Base: 0.2870, DTW: 0.1312, TopK: 0.4572) | EMA NoTrend Loss: 0.737521 | LR: 1.28e-04
Epoch [42/100] | Train Mixed Loss (Trend, limit=2): 0.7212 (Base: 0.2634, DTW: 0.0998, TopK: 0.4659) | Val Mixed Loss (NoTrend, limit=2): 0.7386 (Base: 0.2845, DTW: 0.1303, TopK: 0.4711) | EMA NoTrend Loss: 0.737800 | LR: 1.25e-04
Epoch [43/100] | Train Mixed Loss (Trend, limit=2): 0.7135 (Base: 0.2615, DTW: 0.0977, TopK: 0.4620) | Val Mixed Loss (NoTrend, limit=2): 0.7438 (Base: 0.2922, DTW: 0.1310, TopK: 0.4570) | EMA NoTrend Loss: 0.739299 | LR: 1.22e-04
Epoch [44/100] | Train Mixed Loss (Trend, limit=2): 0.7124 (Base: 0.2615, DTW: 0.0974, TopK: 0.4615) | Val Mixed Loss (NoTrend, limit=2): 0.7456 (Base: 0.2876, DTW: 0.1315, TopK: 0.4741) | EMA NoTrend Loss: 0.740863 | LR: 1.19e-04
Epoch [45/100] | Train Mixed Loss (Trend, limit=2): 0.7124 (Base: 0.2612, DTW: 0.0975, TopK: 0.4610) | Val Mixed Loss (NoTrend, limit=2): 0.7286 (Base: 0.2828, DTW: 0.1267, TopK: 0.4720) | EMA NoTrend Loss: 0.737789 | LR: 1.16e-04
Epoch [46/100] | Train Mixed Loss (Trend, limit=2): 0.7057 (Base: 0.2593, DTW: 0.0960, TopK: 0.4585) | Val Mixed Loss (NoTrend, limit=2): 0.7529 (Base: 0.2929, DTW: 0.1356, TopK: 0.4487) | EMA NoTrend Loss: 0.741572 | LR: 1.13e-04
Epoch [47/100] | Train Mixed Loss (Trend, limit=2): 0.7024 (Base: 0.2585, DTW: 0.0950, TopK: 0.4576) | Val Mixed Loss (NoTrend, limit=2): 0.7267 (Base: 0.2791, DTW: 0.1276, TopK: 0.4716) | EMA NoTrend Loss: 0.737864 | LR: 1.10e-04
Epoch [48/100] | Train Mixed Loss (Trend, limit=2): 0.6995 (Base: 0.2572, DTW: 0.0945, TopK: 0.4552) | Val Mixed Loss (NoTrend, limit=2): 0.7268 (Base: 0.2819, DTW: 0.1273, TopK: 0.4640) | EMA NoTrend Loss: 0.735090 | LR: 1.07e-04
Epoch [49/100] | Train Mixed Loss (Trend, limit=2): 0.6980 (Base: 0.2568, DTW: 0.0943, TopK: 0.4538) | Val Mixed Loss (NoTrend, limit=2): 0.7331 (Base: 0.2816, DTW: 0.1288, TopK: 0.4744) | EMA NoTrend Loss: 0.734589 | LR: 1.04e-04
Epoch [50/100] | Train Mixed Loss (Trend, limit=2): 0.6925 (Base: 0.2553, DTW: 0.0931, TopK: 0.4503) | Val Mixed Loss (NoTrend, limit=2): 0.7418 (Base: 0.2872, DTW: 0.1312, TopK: 0.4654) | EMA NoTrend Loss: 0.736403 | LR: 1.00e-04
Epoch [51/100] | Train Mixed Loss (Trend, limit=2): 0.6885 (Base: 0.2549, DTW: 0.0918, TopK: 0.4484) | Val Mixed Loss (NoTrend, limit=2): 0.7285 (Base: 0.2798, DTW: 0.1279, TopK: 0.4724) | EMA NoTrend Loss: 0.734432 | LR: 9.74e-05
Epoch [52/100] | Train Mixed Loss (Trend, limit=2): 0.6879 (Base: 0.2541, DTW: 0.0918, TopK: 0.4493) | Val Mixed Loss (NoTrend, limit=2): 0.7309 (Base: 0.2827, DTW: 0.1296, TopK: 0.4569) | EMA NoTrend Loss: 0.733555 | LR: 9.43e-05
Epoch [53/100] | Train Mixed Loss (Trend, limit=2): 0.6848 (Base: 0.2532, DTW: 0.0911, TopK: 0.4482) | Val Mixed Loss (NoTrend, limit=2): 0.7236 (Base: 0.2765, DTW: 0.1270, TopK: 0.4738) | EMA NoTrend Loss: 0.731054 | LR: 9.11e-05
Epoch [54/100] | Train Mixed Loss (Trend, limit=2): 0.6819 (Base: 0.2526, DTW: 0.0907, TopK: 0.4438) | Val Mixed Loss (NoTrend, limit=2): 0.7362 (Base: 0.2834, DTW: 0.1299, TopK: 0.4698) | EMA NoTrend Loss: 0.732338 | LR: 8.80e-05
Epoch [55/100] | Train Mixed Loss (Trend, limit=2): 0.6784 (Base: 0.2514, DTW: 0.0901, TopK: 0.4409) | Val Mixed Loss (NoTrend, limit=2): 0.7275 (Base: 0.2811, DTW: 0.1269, TopK: 0.4727) | EMA NoTrend Loss: 0.731140 | LR: 8.49e-05
Epoch [56/100] | Train Mixed Loss (Trend, limit=2): 0.6819 (Base: 0.2521, DTW: 0.0905, TopK: 0.4453) | Val Mixed Loss (NoTrend, limit=2): 0.7203 (Base: 0.2779, DTW: 0.1254, TopK: 0.4714) | EMA NoTrend Loss: 0.728440 | LR: 8.19e-05
Epoch [57/100] | Train Mixed Loss (Trend, limit=2): 0.6763 (Base: 0.2507, DTW: 0.0892, TopK: 0.4419) | Val Mixed Loss (NoTrend, limit=2): 0.7301 (Base: 0.2818, DTW: 0.1279, TopK: 0.4710) | EMA NoTrend Loss: 0.728846 | LR: 7.88e-05
Epoch [58/100] | Train Mixed Loss (Trend, limit=2): 0.6709 (Base: 0.2491, DTW: 0.0882, TopK: 0.4384) | Val Mixed Loss (NoTrend, limit=2): 0.7333 (Base: 0.2819, DTW: 0.1295, TopK: 0.4687) | EMA NoTrend Loss: 0.729970 | LR: 7.58e-05
Epoch [59/100] | Train Mixed Loss (Trend, limit=2): 0.6695 (Base: 0.2484, DTW: 0.0879, TopK: 0.4378) | Val Mixed Loss (NoTrend, limit=2): 0.7275 (Base: 0.2809, DTW: 0.1282, TopK: 0.4632) | EMA NoTrend Loss: 0.729355 | LR: 7.27e-05
Epoch [60/100] | Train Mixed Loss (Trend, limit=2): 0.6708 (Base: 0.2487, DTW: 0.0881, TopK: 0.4387) | Val Mixed Loss (NoTrend, limit=2): 0.7380 (Base: 0.2852, DTW: 0.1314, TopK: 0.4584) | EMA NoTrend Loss: 0.731509 | LR: 6.98e-05
Epoch [61/100] | Train Mixed Loss (Trend, limit=2): 0.6659 (Base: 0.2477, DTW: 0.0870, TopK: 0.4358) | Val Mixed Loss (NoTrend, limit=2): 0.7314 (Base: 0.2830, DTW: 0.1289, TopK: 0.4636) | EMA NoTrend Loss: 0.731485 | LR: 6.68e-05
Epoch [62/100] | Train Mixed Loss (Trend, limit=2): 0.6623 (Base: 0.2460, DTW: 0.0864, TopK: 0.4347) | Val Mixed Loss (NoTrend, limit=2): 0.7405 (Base: 0.2866, DTW: 0.1322, TopK: 0.4551) | EMA NoTrend Loss: 0.733738 | LR: 6.39e-05
Epoch [63/100] | Train Mixed Loss (Trend, limit=2): 0.6643 (Base: 0.2475, DTW: 0.0865, TopK: 0.4331) | Val Mixed Loss (NoTrend, limit=2): 0.7266 (Base: 0.2812, DTW: 0.1282, TopK: 0.4593) | EMA NoTrend Loss: 0.731944 | LR: 6.10e-05
Epoch [64/100] | Train Mixed Loss (Trend, limit=2): 0.6592 (Base: 0.2459, DTW: 0.0855, TopK: 0.4313) | Val Mixed Loss (NoTrend, limit=2): 0.7334 (Base: 0.2829, DTW: 0.1292, TopK: 0.4683) | EMA NoTrend Loss: 0.732317 | LR: 5.81e-05
Epoch [65/100] | Train Mixed Loss (Trend, limit=2): 0.6584 (Base: 0.2453, DTW: 0.0853, TopK: 0.4311) | Val Mixed Loss (NoTrend, limit=2): 0.7508 (Base: 0.2912, DTW: 0.1350, TopK: 0.4521) | EMA NoTrend Loss: 0.736935 | LR: 5.53e-05
Epoch [66/100] | Train Mixed Loss (Trend, limit=2): 0.6592 (Base: 0.2460, DTW: 0.0851, TopK: 0.4325) | Val Mixed Loss (NoTrend, limit=2): 0.7397 (Base: 0.2870, DTW: 0.1315, TopK: 0.4569) | EMA NoTrend Loss: 0.737623 | LR: 5.26e-05
Epoch [67/100] | Train Mixed Loss (Trend, limit=2): 0.6522 (Base: 0.2439, DTW: 0.0839, TopK: 0.4276) | Val Mixed Loss (NoTrend, limit=2): 0.7380 (Base: 0.2856, DTW: 0.1306, TopK: 0.4629) | EMA NoTrend Loss: 0.737715 | LR: 4.99e-05
Epoch [68/100] | Train Mixed Loss (Trend, limit=2): 0.6508 (Base: 0.2428, DTW: 0.0838, TopK: 0.4278) | Val Mixed Loss (NoTrend, limit=2): 0.7399 (Base: 0.2863, DTW: 0.1310, TopK: 0.4635) | EMA NoTrend Loss: 0.738249 | LR: 4.72e-05
Epoch [69/100] | Train Mixed Loss (Trend, limit=2): 0.6476 (Base: 0.2427, DTW: 0.0829, TopK: 0.4237) | Val Mixed Loss (NoTrend, limit=2): 0.7431 (Base: 0.2873, DTW: 0.1325, TopK: 0.4592) | EMA NoTrend Loss: 0.739463 | LR: 4.46e-05
Epoch [70/100] | Train Mixed Loss (Trend, limit=2): 0.6427 (Base: 0.2411, DTW: 0.0819, TopK: 0.4220) | Val Mixed Loss (NoTrend, limit=2): 0.7168 (Base: 0.2752, DTW: 0.1247, TopK: 0.4741) | EMA NoTrend Loss: 0.733796 | LR: 4.20e-05
Epoch [71/100] | Train Mixed Loss (Trend, limit=2): 0.6441 (Base: 0.2409, DTW: 0.0823, TopK: 0.4231) | Val Mixed Loss (NoTrend, limit=2): 0.7406 (Base: 0.2858, DTW: 0.1313, TopK: 0.4660) | EMA NoTrend Loss: 0.735502 | LR: 3.95e-05
Epoch [72/100] | Train Mixed Loss (Trend, limit=2): 0.6428 (Base: 0.2405, DTW: 0.0821, TopK: 0.4216) | Val Mixed Loss (NoTrend, limit=2): 0.7415 (Base: 0.2865, DTW: 0.1309, TopK: 0.4693) | EMA NoTrend Loss: 0.737007 | LR: 3.71e-05
Epoch [73/100] | Train Mixed Loss (Trend, limit=2): 0.6406 (Base: 0.2404, DTW: 0.0814, TopK: 0.4199) | Val Mixed Loss (NoTrend, limit=2): 0.7445 (Base: 0.2851, DTW: 0.1319, TopK: 0.4758) | EMA NoTrend Loss: 0.738872 | LR: 3.47e-05
Epoch [74/100] | Train Mixed Loss (Trend, limit=2): 0.6383 (Base: 0.2397, DTW: 0.0810, TopK: 0.4179) | Val Mixed Loss (NoTrend, limit=2): 0.7400 (Base: 0.2858, DTW: 0.1317, TopK: 0.4605) | EMA NoTrend Loss: 0.739150 | LR: 3.24e-05
Epoch [75/100] | Train Mixed Loss (Trend, limit=2): 0.6376 (Base: 0.2393, DTW: 0.0807, TopK: 0.4193) | Val Mixed Loss (NoTrend, limit=2): 0.7437 (Base: 0.2883, DTW: 0.1313, TopK: 0.4672) | EMA NoTrend Loss: 0.740281 | LR: 3.01e-05
Epoch [76/100] | Train Mixed Loss (Trend, limit=2): 0.6387 (Base: 0.2398, DTW: 0.0809, TopK: 0.4190) | Val Mixed Loss (NoTrend, limit=2): 0.7340 (Base: 0.2828, DTW: 0.1297, TopK: 0.4659) | EMA NoTrend Loss: 0.738707 | LR: 2.80e-05
Epoch [77/100] | Train Mixed Loss (Trend, limit=2): 0.6376 (Base: 0.2393, DTW: 0.0805, TopK: 0.4200) | Val Mixed Loss (NoTrend, limit=2): 0.7343 (Base: 0.2823, DTW: 0.1295, TopK: 0.4705) | EMA NoTrend Loss: 0.737613 | LR: 2.59e-05
Epoch [78/100] | Train Mixed Loss (Trend, limit=2): 0.6329 (Base: 0.2379, DTW: 0.0797, TopK: 0.4164) | Val Mixed Loss (NoTrend, limit=2): 0.7347 (Base: 0.2833, DTW: 0.1302, TopK: 0.4627) | EMA NoTrend Loss: 0.736890 | LR: 2.38e-05
Epoch [79/100] | Train Mixed Loss (Trend, limit=2): 0.6347 (Base: 0.2386, DTW: 0.0800, TopK: 0.4164) | Val Mixed Loss (NoTrend, limit=2): 0.7355 (Base: 0.2838, DTW: 0.1303, TopK: 0.4634) | EMA NoTrend Loss: 0.736545 | LR: 2.19e-05
Epoch [80/100] | Train Mixed Loss (Trend, limit=2): 0.6322 (Base: 0.2376, DTW: 0.0795, TopK: 0.4157) | Val Mixed Loss (NoTrend, limit=2): 0.7383 (Base: 0.2837, DTW: 0.1307, TopK: 0.4701) | EMA NoTrend Loss: 0.736982 | LR: 2.00e-05
Epoch [81/100] | Train Mixed Loss (Trend, limit=2): 0.6341 (Base: 0.2384, DTW: 0.0797, TopK: 0.4169) | Val Mixed Loss (NoTrend, limit=2): 0.7433 (Base: 0.2857, DTW: 0.1323, TopK: 0.4668) | EMA NoTrend Loss: 0.738554 | LR: 1.82e-05
Epoch [82/100] | Train Mixed Loss (Trend, limit=2): 0.6306 (Base: 0.2371, DTW: 0.0791, TopK: 0.4154) | Val Mixed Loss (NoTrend, limit=2): 0.7376 (Base: 0.2859, DTW: 0.1309, TopK: 0.4584) | EMA NoTrend Loss: 0.738317 | LR: 1.65e-05
Epoch [83/100] | Train Mixed Loss (Trend, limit=2): 0.6319 (Base: 0.2374, DTW: 0.0795, TopK: 0.4151) | Val Mixed Loss (NoTrend, limit=2): 0.7328 (Base: 0.2824, DTW: 0.1297, TopK: 0.4640) | EMA NoTrend Loss: 0.736942 | LR: 1.49e-05
Epoch [84/100] | Train Mixed Loss (Trend, limit=2): 0.6268 (Base: 0.2362, DTW: 0.0783, TopK: 0.4128) | Val Mixed Loss (NoTrend, limit=2): 0.7432 (Base: 0.2857, DTW: 0.1325, TopK: 0.4651) | EMA NoTrend Loss: 0.738497 | LR: 1.33e-05
Epoch [85/100] | Train Mixed Loss (Trend, limit=2): 0.6283 (Base: 0.2364, DTW: 0.0786, TopK: 0.4138) | Val Mixed Loss (NoTrend, limit=2): 0.7448 (Base: 0.2872, DTW: 0.1325, TopK: 0.4653) | EMA NoTrend Loss: 0.740067 | LR: 1.18e-05
Epoch [86/100] | Train Mixed Loss (Trend, limit=2): 0.6289 (Base: 0.2365, DTW: 0.0788, TopK: 0.4134) | Val Mixed Loss (NoTrend, limit=2): 0.7404 (Base: 0.2865, DTW: 0.1313, TopK: 0.4622) | EMA NoTrend Loss: 0.740145 | LR: 1.05e-05
Epoch [87/100] | Train Mixed Loss (Trend, limit=2): 0.6221 (Base: 0.2349, DTW: 0.0773, TopK: 0.4093) | Val Mixed Loss (NoTrend, limit=2): 0.7482 (Base: 0.2869, DTW: 0.1339, TopK: 0.4670) | EMA NoTrend Loss: 0.742166 | LR: 9.18e-06
Epoch [88/100] | Train Mixed Loss (Trend, limit=2): 0.6280 (Base: 0.2366, DTW: 0.0781, TopK: 0.4144) | Val Mixed Loss (NoTrend, limit=2): 0.7483 (Base: 0.2879, DTW: 0.1340, TopK: 0.4630) | EMA NoTrend Loss: 0.743708 | LR: 7.99e-06
Epoch [89/100] | Train Mixed Loss (Trend, limit=2): 0.6266 (Base: 0.2363, DTW: 0.0779, TopK: 0.4133) | Val Mixed Loss (NoTrend, limit=2): 0.7361 (Base: 0.2837, DTW: 0.1308, TopK: 0.4616) | EMA NoTrend Loss: 0.741796 | LR: 6.88e-06
Epoch [90/100] | Train Mixed Loss (Trend, limit=2): 0.6280 (Base: 0.2363, DTW: 0.0784, TopK: 0.4137) | Val Mixed Loss (NoTrend, limit=2): 0.7383 (Base: 0.2841, DTW: 0.1306, TopK: 0.4694) | EMA NoTrend Loss: 0.740932 | LR: 5.87e-06
Epoch [91/100] | Train Mixed Loss (Trend, limit=2): 0.6231 (Base: 0.2353, DTW: 0.0772, TopK: 0.4110) | Val Mixed Loss (NoTrend, limit=2): 0.7373 (Base: 0.2842, DTW: 0.1309, TopK: 0.4631) | EMA NoTrend Loss: 0.740016 | LR: 4.95e-06
Epoch [92/100] | Train Mixed Loss (Trend, limit=2): 0.6224 (Base: 0.2342, DTW: 0.0776, TopK: 0.4101) | Val Mixed Loss (NoTrend, limit=2): 0.7364 (Base: 0.2840, DTW: 0.1302, TopK: 0.4667) | EMA NoTrend Loss: 0.739102 | LR: 4.13e-06
Epoch [93/100] | Train Mixed Loss (Trend, limit=2): 0.6228 (Base: 0.2348, DTW: 0.0771, TopK: 0.4121) | Val Mixed Loss (NoTrend, limit=2): 0.7312 (Base: 0.2829, DTW: 0.1295, TopK: 0.4583) | EMA NoTrend Loss: 0.737132 | LR: 3.40e-06
Epoch [94/100] | Train Mixed Loss (Trend, limit=2): 0.6263 (Base: 0.2355, DTW: 0.0782, TopK: 0.4125) | Val Mixed Loss (NoTrend, limit=2): 0.7362 (Base: 0.2840, DTW: 0.1306, TopK: 0.4629) | EMA NoTrend Loss: 0.736911 | LR: 2.76e-06
Epoch [95/100] | Train Mixed Loss (Trend, limit=2): 0.6211 (Base: 0.2341, DTW: 0.0773, TopK: 0.4087) | Val Mixed Loss (NoTrend, limit=2): 0.7341 (Base: 0.2844, DTW: 0.1300, TopK: 0.4588) | EMA NoTrend Loss: 0.736203 | LR: 2.23e-06
Epoch [96/100] | Train Mixed Loss (Trend, limit=2): 0.6243 (Base: 0.2350, DTW: 0.0776, TopK: 0.4121) | Val Mixed Loss (NoTrend, limit=2): 0.7425 (Base: 0.2871, DTW: 0.1318, TopK: 0.4638) | EMA NoTrend Loss: 0.737776 | LR: 1.78e-06
Epoch [97/100] | Train Mixed Loss (Trend, limit=2): 0.6205 (Base: 0.2341, DTW: 0.0769, TopK: 0.4101) | Val Mixed Loss (NoTrend, limit=2): 0.7403 (Base: 0.2848, DTW: 0.1315, TopK: 0.4661) | EMA NoTrend Loss: 0.738399 | LR: 1.44e-06
Epoch [98/100] | Train Mixed Loss (Trend, limit=2): 0.6211 (Base: 0.2340, DTW: 0.0772, TopK: 0.4091) | Val Mixed Loss (NoTrend, limit=2): 0.7365 (Base: 0.2841, DTW: 0.1306, TopK: 0.4634) | EMA NoTrend Loss: 0.737914 | LR: 1.20e-06
Epoch [99/100] | Train Mixed Loss (Trend, limit=2): 0.6239 (Base: 0.2352, DTW: 0.0775, TopK: 0.4116) | Val Mixed Loss (NoTrend, limit=2): 0.7378 (Base: 0.2847, DTW: 0.1310, TopK: 0.4625) | EMA NoTrend Loss: 0.737878 | LR: 1.05e-06
Epoch [100/100] | Train Mixed Loss (Trend, limit=2): 0.6181 (Base: 0.2331, DTW: 0.0766, TopK: 0.4080) | Val Mixed Loss (NoTrend, limit=2): 0.7386 (Base: 0.2855, DTW: 0.1312, TopK: 0.4608) | EMA NoTrend Loss: 0.738048 | LR: 1.00e-06
[*] Loaded best model from epoch 56 (EMA NoTrend Loss: 0.728440)
