[*] Process seed: 4
Building static profile features from historical data...
[*] Total trainable parameters: 2,431,233
Epoch [1/100] | Train Mixed Loss (Trend, limit=2): 1.0862 (Base: 0.3433, DTW: 0.1986, TopK: 0.6064) | Val Mixed Loss (NoTrend, limit=2): 0.8616 (Base: 0.3117, DTW: 0.1550, TopK: 0.5931) | EMA NoTrend Loss: 0.861614 | LR: 2.00e-04
Epoch [2/100] | Train Mixed Loss (Trend, limit=2): 0.9863 (Base: 0.3305, DTW: 0.1636, TopK: 0.5947) | Val Mixed Loss (NoTrend, limit=2): 0.8332 (Base: 0.3154, DTW: 0.1520, TopK: 0.5102) | EMA NoTrend Loss: 0.854502 | LR: 2.00e-04
Epoch [3/100] | Train Mixed Loss (Trend, limit=2): 0.9563 (Base: 0.3244, DTW: 0.1548, TopK: 0.5858) | Val Mixed Loss (NoTrend, limit=2): 0.8493 (Base: 0.3224, DTW: 0.1599, TopK: 0.4774) | EMA NoTrend Loss: 0.853190 | LR: 2.00e-04
Epoch [4/100] | Train Mixed Loss (Trend, limit=2): 0.9334 (Base: 0.3187, DTW: 0.1492, TopK: 0.5750) | Val Mixed Loss (NoTrend, limit=2): 0.8150 (Base: 0.3127, DTW: 0.1463, TopK: 0.5035) | EMA NoTrend Loss: 0.843639 | LR: 1.99e-04
Epoch [5/100] | Train Mixed Loss (Trend, limit=2): 0.9159 (Base: 0.3147, DTW: 0.1445, TopK: 0.5683) | Val Mixed Loss (NoTrend, limit=2): 0.7946 (Base: 0.3001, DTW: 0.1386, TopK: 0.5398) | EMA NoTrend Loss: 0.831375 | LR: 1.99e-04
Epoch [6/100] | Train Mixed Loss (Trend, limit=2): 0.9067 (Base: 0.3130, DTW: 0.1424, TopK: 0.5629) | Val Mixed Loss (NoTrend, limit=2): 0.7756 (Base: 0.2852, DTW: 0.1349, TopK: 0.5553) | EMA NoTrend Loss: 0.817420 | LR: 1.98e-04
Epoch [7/100] | Train Mixed Loss (Trend, limit=2): 0.8978 (Base: 0.3108, DTW: 0.1399, TopK: 0.5605) | Val Mixed Loss (NoTrend, limit=2): 0.7798 (Base: 0.3011, DTW: 0.1358, TopK: 0.5095) | EMA NoTrend Loss: 0.808009 | LR: 1.98e-04
Epoch [8/100] | Train Mixed Loss (Trend, limit=2): 0.8932 (Base: 0.3099, DTW: 0.1387, TopK: 0.5572) | Val Mixed Loss (NoTrend, limit=2): 0.7636 (Base: 0.2916, DTW: 0.1321, TopK: 0.5167) | EMA NoTrend Loss: 0.796914 | LR: 1.97e-04
Epoch [9/100] | Train Mixed Loss (Trend, limit=2): 0.8813 (Base: 0.3065, DTW: 0.1360, TopK: 0.5529) | Val Mixed Loss (NoTrend, limit=2): 0.7873 (Base: 0.3023, DTW: 0.1414, TopK: 0.4851) | EMA NoTrend Loss: 0.794506 | LR: 1.96e-04
Epoch [10/100] | Train Mixed Loss (Trend, limit=2): 0.8698 (Base: 0.3038, DTW: 0.1334, TopK: 0.5455) | Val Mixed Loss (NoTrend, limit=2): 0.7737 (Base: 0.2946, DTW: 0.1378, TopK: 0.4948) | EMA NoTrend Loss: 0.789305 | LR: 1.95e-04
Epoch [11/100] | Train Mixed Loss (Trend, limit=2): 0.8648 (Base: 0.3030, DTW: 0.1320, TopK: 0.5436) | Val Mixed Loss (NoTrend, limit=2): 0.7572 (Base: 0.2913, DTW: 0.1333, TopK: 0.4863) | EMA NoTrend Loss: 0.781270 | LR: 1.94e-04
Epoch [12/100] | Train Mixed Loss (Trend, limit=2): 0.8577 (Base: 0.3009, DTW: 0.1305, TopK: 0.5403) | Val Mixed Loss (NoTrend, limit=2): 0.7633 (Base: 0.2969, DTW: 0.1339, TopK: 0.4837) | EMA NoTrend Loss: 0.776769 | LR: 1.93e-04
Epoch [13/100] | Train Mixed Loss (Trend, limit=2): 0.8547 (Base: 0.3003, DTW: 0.1301, TopK: 0.5353) | Val Mixed Loss (NoTrend, limit=2): 0.7653 (Base: 0.2973, DTW: 0.1336, TopK: 0.4908) | EMA NoTrend Loss: 0.773895 | LR: 1.92e-04
Epoch [14/100] | Train Mixed Loss (Trend, limit=2): 0.8490 (Base: 0.2980, DTW: 0.1286, TopK: 0.5380) | Val Mixed Loss (NoTrend, limit=2): 0.7555 (Base: 0.2939, DTW: 0.1327, TopK: 0.4765) | EMA NoTrend Loss: 0.769284 | LR: 1.91e-04
Epoch [15/100] | Train Mixed Loss (Trend, limit=2): 0.8396 (Base: 0.2961, DTW: 0.1265, TopK: 0.5310) | Val Mixed Loss (NoTrend, limit=2): 0.7597 (Base: 0.2960, DTW: 0.1347, TopK: 0.4679) | EMA NoTrend Loss: 0.766894 | LR: 1.89e-04
Epoch [16/100] | Train Mixed Loss (Trend, limit=2): 0.8336 (Base: 0.2945, DTW: 0.1249, TopK: 0.5291) | Val Mixed Loss (NoTrend, limit=2): 0.7652 (Base: 0.2997, DTW: 0.1356, TopK: 0.4669) | EMA NoTrend Loss: 0.766458 | LR: 1.88e-04
Epoch [17/100] | Train Mixed Loss (Trend, limit=2): 0.8325 (Base: 0.2944, DTW: 0.1245, TopK: 0.5287) | Val Mixed Loss (NoTrend, limit=2): 0.7728 (Base: 0.2966, DTW: 0.1387, TopK: 0.4773) | EMA NoTrend Loss: 0.768041 | LR: 1.86e-04
Epoch [18/100] | Train Mixed Loss (Trend, limit=2): 0.8247 (Base: 0.2919, DTW: 0.1233, TopK: 0.5221) | Val Mixed Loss (NoTrend, limit=2): 0.7383 (Base: 0.2864, DTW: 0.1276, TopK: 0.4856) | EMA NoTrend Loss: 0.760610 | LR: 1.85e-04
Epoch [19/100] | Train Mixed Loss (Trend, limit=2): 0.8197 (Base: 0.2905, DTW: 0.1219, TopK: 0.5222) | Val Mixed Loss (NoTrend, limit=2): 0.7375 (Base: 0.2861, DTW: 0.1267, TopK: 0.4913) | EMA NoTrend Loss: 0.754841 | LR: 1.83e-04
Epoch [20/100] | Train Mixed Loss (Trend, limit=2): 0.8136 (Base: 0.2892, DTW: 0.1204, TopK: 0.5182) | Val Mixed Loss (NoTrend, limit=2): 0.7359 (Base: 0.2823, DTW: 0.1281, TopK: 0.4869) | EMA NoTrend Loss: 0.750102 | LR: 1.81e-04
Epoch [21/100] | Train Mixed Loss (Trend, limit=2): 0.8092 (Base: 0.2881, DTW: 0.1196, TopK: 0.5139) | Val Mixed Loss (NoTrend, limit=2): 0.7333 (Base: 0.2826, DTW: 0.1262, TopK: 0.4928) | EMA NoTrend Loss: 0.745892 | LR: 1.79e-04
Epoch [22/100] | Train Mixed Loss (Trend, limit=2): 0.8063 (Base: 0.2877, DTW: 0.1187, TopK: 0.5135) | Val Mixed Loss (NoTrend, limit=2): 0.7423 (Base: 0.2871, DTW: 0.1297, TopK: 0.4798) | EMA NoTrend Loss: 0.744983 | LR: 1.77e-04
Epoch [23/100] | Train Mixed Loss (Trend, limit=2): 0.7996 (Base: 0.2855, DTW: 0.1173, TopK: 0.5098) | Val Mixed Loss (NoTrend, limit=2): 0.7452 (Base: 0.2851, DTW: 0.1308, TopK: 0.4873) | EMA NoTrend Loss: 0.745046 | LR: 1.75e-04
Epoch [24/100] | Train Mixed Loss (Trend, limit=2): 0.7982 (Base: 0.2846, DTW: 0.1171, TopK: 0.5096) | Val Mixed Loss (NoTrend, limit=2): 0.7452 (Base: 0.2883, DTW: 0.1313, TopK: 0.4726) | EMA NoTrend Loss: 0.745079 | LR: 1.73e-04
Epoch [25/100] | Train Mixed Loss (Trend, limit=2): 0.7961 (Base: 0.2837, DTW: 0.1168, TopK: 0.5091) | Val Mixed Loss (NoTrend, limit=2): 0.7482 (Base: 0.2954, DTW: 0.1314, TopK: 0.4584) | EMA NoTrend Loss: 0.745871 | LR: 1.71e-04
Epoch [26/100] | Train Mixed Loss (Trend, limit=2): 0.7858 (Base: 0.2817, DTW: 0.1144, TopK: 0.5012) | Val Mixed Loss (NoTrend, limit=2): 0.7513 (Base: 0.2926, DTW: 0.1319, TopK: 0.4736) | EMA NoTrend Loss: 0.747218 | LR: 1.69e-04
Epoch [27/100] | Train Mixed Loss (Trend, limit=2): 0.7797 (Base: 0.2794, DTW: 0.1132, TopK: 0.4993) | Val Mixed Loss (NoTrend, limit=2): 0.7497 (Base: 0.2913, DTW: 0.1328, TopK: 0.4654) | EMA NoTrend Loss: 0.747831 | LR: 1.66e-04
Epoch [28/100] | Train Mixed Loss (Trend, limit=2): 0.7803 (Base: 0.2802, DTW: 0.1131, TopK: 0.4986) | Val Mixed Loss (NoTrend, limit=2): 0.7490 (Base: 0.2926, DTW: 0.1329, TopK: 0.4578) | EMA NoTrend Loss: 0.748120 | LR: 1.64e-04
Epoch [29/100] | Train Mixed Loss (Trend, limit=2): 0.7811 (Base: 0.2806, DTW: 0.1134, TopK: 0.4972) | Val Mixed Loss (NoTrend, limit=2): 0.7404 (Base: 0.2901, DTW: 0.1301, TopK: 0.4608) | EMA NoTrend Loss: 0.746201 | LR: 1.61e-04
Epoch [30/100] | Train Mixed Loss (Trend, limit=2): 0.7708 (Base: 0.2774, DTW: 0.1112, TopK: 0.4929) | Val Mixed Loss (NoTrend, limit=2): 0.7364 (Base: 0.2841, DTW: 0.1293, TopK: 0.4736) | EMA NoTrend Loss: 0.743757 | LR: 1.59e-04
Epoch [31/100] | Train Mixed Loss (Trend, limit=2): 0.7687 (Base: 0.2767, DTW: 0.1105, TopK: 0.4936) | Val Mixed Loss (NoTrend, limit=2): 0.7435 (Base: 0.2910, DTW: 0.1311, TopK: 0.4591) | EMA NoTrend Loss: 0.743684 | LR: 1.56e-04
Epoch [32/100] | Train Mixed Loss (Trend, limit=2): 0.7622 (Base: 0.2748, DTW: 0.1094, TopK: 0.4884) | Val Mixed Loss (NoTrend, limit=2): 0.7245 (Base: 0.2759, DTW: 0.1242, TopK: 0.5016) | EMA NoTrend Loss: 0.738877 | LR: 1.54e-04
Epoch [33/100] | Train Mixed Loss (Trend, limit=2): 0.7599 (Base: 0.2746, DTW: 0.1085, TopK: 0.4880) | Val Mixed Loss (NoTrend, limit=2): 0.7548 (Base: 0.2917, DTW: 0.1346, TopK: 0.4666) | EMA NoTrend Loss: 0.742868 | LR: 1.51e-04
Epoch [34/100] | Train Mixed Loss (Trend, limit=2): 0.7543 (Base: 0.2732, DTW: 0.1072, TopK: 0.4848) | Val Mixed Loss (NoTrend, limit=2): 0.7344 (Base: 0.2861, DTW: 0.1297, TopK: 0.4567) | EMA NoTrend Loss: 0.740759 | LR: 1.48e-04
Epoch [35/100] | Train Mixed Loss (Trend, limit=2): 0.7513 (Base: 0.2721, DTW: 0.1065, TopK: 0.4835) | Val Mixed Loss (NoTrend, limit=2): 0.7331 (Base: 0.2828, DTW: 0.1281, TopK: 0.4763) | EMA NoTrend Loss: 0.738838 | LR: 1.46e-04
Epoch [36/100] | Train Mixed Loss (Trend, limit=2): 0.7530 (Base: 0.2727, DTW: 0.1070, TopK: 0.4829) | Val Mixed Loss (NoTrend, limit=2): 0.7226 (Base: 0.2787, DTW: 0.1250, TopK: 0.4797) | EMA NoTrend Loss: 0.734773 | LR: 1.43e-04
Epoch [37/100] | Train Mixed Loss (Trend, limit=2): 0.7477 (Base: 0.2710, DTW: 0.1058, TopK: 0.4815) | Val Mixed Loss (NoTrend, limit=2): 0.7319 (Base: 0.2833, DTW: 0.1283, TopK: 0.4685) | EMA NoTrend Loss: 0.734058 | LR: 1.40e-04
Epoch [38/100] | Train Mixed Loss (Trend, limit=2): 0.7457 (Base: 0.2708, DTW: 0.1053, TopK: 0.4789) | Val Mixed Loss (NoTrend, limit=2): 0.7453 (Base: 0.2890, DTW: 0.1322, TopK: 0.4630) | EMA NoTrend Loss: 0.736860 | LR: 1.37e-04
Epoch [39/100] | Train Mixed Loss (Trend, limit=2): 0.7404 (Base: 0.2689, DTW: 0.1042, TopK: 0.4768) | Val Mixed Loss (NoTrend, limit=2): 0.7459 (Base: 0.2866, DTW: 0.1316, TopK: 0.4778) | EMA NoTrend Loss: 0.739121 | LR: 1.34e-04
Epoch [40/100] | Train Mixed Loss (Trend, limit=2): 0.7350 (Base: 0.2675, DTW: 0.1031, TopK: 0.4725) | Val Mixed Loss (NoTrend, limit=2): 0.7375 (Base: 0.2878, DTW: 0.1299, TopK: 0.4596) | EMA NoTrend Loss: 0.738717 | LR: 1.31e-04
Epoch [41/100] | Train Mixed Loss (Trend, limit=2): 0.7363 (Base: 0.2681, DTW: 0.1032, TopK: 0.4740) | Val Mixed Loss (NoTrend, limit=2): 0.7374 (Base: 0.2880, DTW: 0.1304, TopK: 0.4546) | EMA NoTrend Loss: 0.738394 | LR: 1.28e-04
Epoch [42/100] | Train Mixed Loss (Trend, limit=2): 0.7322 (Base: 0.2669, DTW: 0.1021, TopK: 0.4726) | Val Mixed Loss (NoTrend, limit=2): 0.7258 (Base: 0.2805, DTW: 0.1262, TopK: 0.4748) | EMA NoTrend Loss: 0.735243 | LR: 1.25e-04
Epoch [43/100] | Train Mixed Loss (Trend, limit=2): 0.7271 (Base: 0.2655, DTW: 0.1013, TopK: 0.4676) | Val Mixed Loss (NoTrend, limit=2): 0.7447 (Base: 0.2874, DTW: 0.1315, TopK: 0.4724) | EMA NoTrend Loss: 0.737619 | LR: 1.22e-04
Epoch [44/100] | Train Mixed Loss (Trend, limit=2): 0.7227 (Base: 0.2643, DTW: 0.0999, TopK: 0.4687) | Val Mixed Loss (NoTrend, limit=2): 0.7279 (Base: 0.2845, DTW: 0.1276, TopK: 0.4571) | EMA NoTrend Loss: 0.735180 | LR: 1.19e-04
Epoch [45/100] | Train Mixed Loss (Trend, limit=2): 0.7216 (Base: 0.2638, DTW: 0.1000, TopK: 0.4664) | Val Mixed Loss (NoTrend, limit=2): 0.7287 (Base: 0.2816, DTW: 0.1268, TopK: 0.4758) | EMA NoTrend Loss: 0.733559 | LR: 1.16e-04
Epoch [46/100] | Train Mixed Loss (Trend, limit=2): 0.7216 (Base: 0.2637, DTW: 0.0998, TopK: 0.4662) | Val Mixed Loss (NoTrend, limit=2): 0.7257 (Base: 0.2794, DTW: 0.1264, TopK: 0.4765) | EMA NoTrend Loss: 0.731589 | LR: 1.13e-04
Epoch [47/100] | Train Mixed Loss (Trend, limit=2): 0.7149 (Base: 0.2615, DTW: 0.0984, TopK: 0.4634) | Val Mixed Loss (NoTrend, limit=2): 0.7333 (Base: 0.2850, DTW: 0.1288, TopK: 0.4638) | EMA NoTrend Loss: 0.732006 | LR: 1.10e-04
Epoch [48/100] | Train Mixed Loss (Trend, limit=2): 0.7125 (Base: 0.2609, DTW: 0.0978, TopK: 0.4627) | Val Mixed Loss (NoTrend, limit=2): 0.7417 (Base: 0.2882, DTW: 0.1321, TopK: 0.4552) | EMA NoTrend Loss: 0.734438 | LR: 1.07e-04
Epoch [49/100] | Train Mixed Loss (Trend, limit=2): 0.7083 (Base: 0.2595, DTW: 0.0968, TopK: 0.4606) | Val Mixed Loss (NoTrend, limit=2): 0.7409 (Base: 0.2882, DTW: 0.1306, TopK: 0.4639) | EMA NoTrend Loss: 0.736044 | LR: 1.04e-04
Epoch [50/100] | Train Mixed Loss (Trend, limit=2): 0.7070 (Base: 0.2595, DTW: 0.0968, TopK: 0.4572) | Val Mixed Loss (NoTrend, limit=2): 0.7373 (Base: 0.2859, DTW: 0.1298, TopK: 0.4665) | EMA NoTrend Loss: 0.736366 | LR: 1.00e-04
Epoch [51/100] | Train Mixed Loss (Trend, limit=2): 0.7041 (Base: 0.2587, DTW: 0.0960, TopK: 0.4567) | Val Mixed Loss (NoTrend, limit=2): 0.7421 (Base: 0.2882, DTW: 0.1311, TopK: 0.4644) | EMA NoTrend Loss: 0.737809 | LR: 9.74e-05
Epoch [52/100] | Train Mixed Loss (Trend, limit=2): 0.7033 (Base: 0.2585, DTW: 0.0959, TopK: 0.4553) | Val Mixed Loss (NoTrend, limit=2): 0.7233 (Base: 0.2832, DTW: 0.1264, TopK: 0.4553) | EMA NoTrend Loss: 0.734173 | LR: 9.43e-05
Epoch [53/100] | Train Mixed Loss (Trend, limit=2): 0.6978 (Base: 0.2572, DTW: 0.0943, TopK: 0.4535) | Val Mixed Loss (NoTrend, limit=2): 0.7329 (Base: 0.2861, DTW: 0.1296, TopK: 0.4523) | EMA NoTrend Loss: 0.733865 | LR: 9.11e-05
Epoch [54/100] | Train Mixed Loss (Trend, limit=2): 0.6961 (Base: 0.2567, DTW: 0.0943, TopK: 0.4496) | Val Mixed Loss (NoTrend, limit=2): 0.7272 (Base: 0.2823, DTW: 0.1270, TopK: 0.4667) | EMA NoTrend Loss: 0.732189 | LR: 8.80e-05
Epoch [55/100] | Train Mixed Loss (Trend, limit=2): 0.6948 (Base: 0.2560, DTW: 0.0937, TopK: 0.4521) | Val Mixed Loss (NoTrend, limit=2): 0.7241 (Base: 0.2834, DTW: 0.1265, TopK: 0.4574) | EMA NoTrend Loss: 0.730167 | LR: 8.49e-05
Epoch [56/100] | Train Mixed Loss (Trend, limit=2): 0.6891 (Base: 0.2542, DTW: 0.0927, TopK: 0.4478) | Val Mixed Loss (NoTrend, limit=2): 0.7233 (Base: 0.2811, DTW: 0.1263, TopK: 0.4634) | EMA NoTrend Loss: 0.728454 | LR: 8.19e-05
Epoch [57/100] | Train Mixed Loss (Trend, limit=2): 0.6871 (Base: 0.2538, DTW: 0.0923, TopK: 0.4459) | Val Mixed Loss (NoTrend, limit=2): 0.7311 (Base: 0.2831, DTW: 0.1284, TopK: 0.4660) | EMA NoTrend Loss: 0.729123 | LR: 7.88e-05
Epoch [58/100] | Train Mixed Loss (Trend, limit=2): 0.6838 (Base: 0.2528, DTW: 0.0914, TopK: 0.4461) | Val Mixed Loss (NoTrend, limit=2): 0.7335 (Base: 0.2839, DTW: 0.1295, TopK: 0.4621) | EMA NoTrend Loss: 0.730205 | LR: 7.58e-05
Epoch [59/100] | Train Mixed Loss (Trend, limit=2): 0.6837 (Base: 0.2534, DTW: 0.0910, TopK: 0.4452) | Val Mixed Loss (NoTrend, limit=2): 0.7291 (Base: 0.2838, DTW: 0.1284, TopK: 0.4574) | EMA NoTrend Loss: 0.729926 | LR: 7.27e-05
Epoch [60/100] | Train Mixed Loss (Trend, limit=2): 0.6833 (Base: 0.2528, DTW: 0.0911, TopK: 0.4449) | Val Mixed Loss (NoTrend, limit=2): 0.7354 (Base: 0.2853, DTW: 0.1292, TopK: 0.4672) | EMA NoTrend Loss: 0.731286 | LR: 6.98e-05
Epoch [61/100] | Train Mixed Loss (Trend, limit=2): 0.6808 (Base: 0.2522, DTW: 0.0905, TopK: 0.4443) | Val Mixed Loss (NoTrend, limit=2): 0.7270 (Base: 0.2822, DTW: 0.1276, TopK: 0.4616) | EMA NoTrend Loss: 0.730206 | LR: 6.68e-05
Epoch [62/100] | Train Mixed Loss (Trend, limit=2): 0.6763 (Base: 0.2507, DTW: 0.0898, TopK: 0.4402) | Val Mixed Loss (NoTrend, limit=2): 0.7354 (Base: 0.2860, DTW: 0.1298, TopK: 0.4593) | EMA NoTrend Loss: 0.731496 | LR: 6.39e-05
Epoch [63/100] | Train Mixed Loss (Trend, limit=2): 0.6700 (Base: 0.2485, DTW: 0.0885, TopK: 0.4384) | Val Mixed Loss (NoTrend, limit=2): 0.7345 (Base: 0.2861, DTW: 0.1303, TopK: 0.4526) | EMA NoTrend Loss: 0.732250 | LR: 6.10e-05
Epoch [64/100] | Train Mixed Loss (Trend, limit=2): 0.6704 (Base: 0.2489, DTW: 0.0884, TopK: 0.4381) | Val Mixed Loss (NoTrend, limit=2): 0.7364 (Base: 0.2848, DTW: 0.1305, TopK: 0.4614) | EMA NoTrend Loss: 0.733288 | LR: 5.81e-05
Epoch [65/100] | Train Mixed Loss (Trend, limit=2): 0.6687 (Base: 0.2486, DTW: 0.0880, TopK: 0.4364) | Val Mixed Loss (NoTrend, limit=2): 0.7302 (Base: 0.2828, DTW: 0.1280, TopK: 0.4674) | EMA NoTrend Loss: 0.732516 | LR: 5.53e-05
Epoch [66/100] | Train Mixed Loss (Trend, limit=2): 0.6642 (Base: 0.2469, DTW: 0.0872, TopK: 0.4348) | Val Mixed Loss (NoTrend, limit=2): 0.7313 (Base: 0.2844, DTW: 0.1290, TopK: 0.4578) | EMA NoTrend Loss: 0.732201 | LR: 5.26e-05
Epoch [67/100] | Train Mixed Loss (Trend, limit=2): 0.6620 (Base: 0.2467, DTW: 0.0866, TopK: 0.4326) | Val Mixed Loss (NoTrend, limit=2): 0.7382 (Base: 0.2857, DTW: 0.1304, TopK: 0.4653) | EMA NoTrend Loss: 0.733704 | LR: 4.99e-05
Epoch [68/100] | Train Mixed Loss (Trend, limit=2): 0.6640 (Base: 0.2468, DTW: 0.0869, TopK: 0.4348) | Val Mixed Loss (NoTrend, limit=2): 0.7400 (Base: 0.2869, DTW: 0.1321, TopK: 0.4532) | EMA NoTrend Loss: 0.735273 | LR: 4.72e-05
Epoch [69/100] | Train Mixed Loss (Trend, limit=2): 0.6607 (Base: 0.2460, DTW: 0.0863, TopK: 0.4325) | Val Mixed Loss (NoTrend, limit=2): 0.7312 (Base: 0.2819, DTW: 0.1289, TopK: 0.4662) | EMA NoTrend Loss: 0.734255 | LR: 4.46e-05
Epoch [70/100] | Train Mixed Loss (Trend, limit=2): 0.6555 (Base: 0.2445, DTW: 0.0852, TopK: 0.4301) | Val Mixed Loss (NoTrend, limit=2): 0.7362 (Base: 0.2852, DTW: 0.1307, TopK: 0.4576) | EMA NoTrend Loss: 0.734739 | LR: 4.20e-05
Epoch [71/100] | Train Mixed Loss (Trend, limit=2): 0.6552 (Base: 0.2444, DTW: 0.0852, TopK: 0.4289) | Val Mixed Loss (NoTrend, limit=2): 0.7381 (Base: 0.2865, DTW: 0.1303, TopK: 0.4630) | EMA NoTrend Loss: 0.735572 | LR: 3.95e-05
Epoch [72/100] | Train Mixed Loss (Trend, limit=2): 0.6568 (Base: 0.2446, DTW: 0.0854, TopK: 0.4305) | Val Mixed Loss (NoTrend, limit=2): 0.7285 (Base: 0.2847, DTW: 0.1279, TopK: 0.4566) | EMA NoTrend Loss: 0.733803 | LR: 3.71e-05
Epoch [73/100] | Train Mixed Loss (Trend, limit=2): 0.6516 (Base: 0.2432, DTW: 0.0842, TopK: 0.4281) | Val Mixed Loss (NoTrend, limit=2): 0.7277 (Base: 0.2830, DTW: 0.1281, TopK: 0.4580) | EMA NoTrend Loss: 0.732283 | LR: 3.47e-05
Epoch [74/100] | Train Mixed Loss (Trend, limit=2): 0.6507 (Base: 0.2433, DTW: 0.0839, TopK: 0.4271) | Val Mixed Loss (NoTrend, limit=2): 0.7401 (Base: 0.2855, DTW: 0.1325, TopK: 0.4551) | EMA NoTrend Loss: 0.734233 | LR: 3.24e-05
Epoch [75/100] | Train Mixed Loss (Trend, limit=2): 0.6499 (Base: 0.2430, DTW: 0.0838, TopK: 0.4265) | Val Mixed Loss (NoTrend, limit=2): 0.7366 (Base: 0.2849, DTW: 0.1306, TopK: 0.4610) | EMA NoTrend Loss: 0.734815 | LR: 3.01e-05
Epoch [76/100] | Train Mixed Loss (Trend, limit=2): 0.6499 (Base: 0.2426, DTW: 0.0839, TopK: 0.4272) | Val Mixed Loss (NoTrend, limit=2): 0.7335 (Base: 0.2841, DTW: 0.1290, TopK: 0.4661) | EMA NoTrend Loss: 0.734486 | LR: 2.80e-05
Epoch [77/100] | Train Mixed Loss (Trend, limit=2): 0.6451 (Base: 0.2412, DTW: 0.0828, TopK: 0.4244) | Val Mixed Loss (NoTrend, limit=2): 0.7288 (Base: 0.2832, DTW: 0.1282, TopK: 0.4595) | EMA NoTrend Loss: 0.733058 | LR: 2.59e-05
Epoch [78/100] | Train Mixed Loss (Trend, limit=2): 0.6476 (Base: 0.2425, DTW: 0.0831, TopK: 0.4247) | Val Mixed Loss (NoTrend, limit=2): 0.7400 (Base: 0.2875, DTW: 0.1313, TopK: 0.4578) | EMA NoTrend Loss: 0.734801 | LR: 2.38e-05
Epoch [79/100] | Train Mixed Loss (Trend, limit=2): 0.6446 (Base: 0.2411, DTW: 0.0826, TopK: 0.4243) | Val Mixed Loss (NoTrend, limit=2): 0.7342 (Base: 0.2835, DTW: 0.1303, TopK: 0.4604) | EMA NoTrend Loss: 0.734661 | LR: 2.19e-05
Epoch [80/100] | Train Mixed Loss (Trend, limit=2): 0.6478 (Base: 0.2423, DTW: 0.0831, TopK: 0.4252) | Val Mixed Loss (NoTrend, limit=2): 0.7282 (Base: 0.2820, DTW: 0.1288, TopK: 0.4573) | EMA NoTrend Loss: 0.733052 | LR: 2.00e-05
Epoch [81/100] | Train Mixed Loss (Trend, limit=2): 0.6448 (Base: 0.2415, DTW: 0.0826, TopK: 0.4234) | Val Mixed Loss (NoTrend, limit=2): 0.7341 (Base: 0.2837, DTW: 0.1299, TopK: 0.4623) | EMA NoTrend Loss: 0.733312 | LR: 1.82e-05
Epoch [82/100] | Train Mixed Loss (Trend, limit=2): 0.6393 (Base: 0.2401, DTW: 0.0816, TopK: 0.4181) | Val Mixed Loss (NoTrend, limit=2): 0.7343 (Base: 0.2847, DTW: 0.1299, TopK: 0.4595) | EMA NoTrend Loss: 0.733562 | LR: 1.65e-05
Epoch [83/100] | Train Mixed Loss (Trend, limit=2): 0.6396 (Base: 0.2402, DTW: 0.0815, TopK: 0.4195) | Val Mixed Loss (NoTrend, limit=2): 0.7350 (Base: 0.2858, DTW: 0.1300, TopK: 0.4576) | EMA NoTrend Loss: 0.733933 | LR: 1.49e-05
Epoch [84/100] | Train Mixed Loss (Trend, limit=2): 0.6412 (Base: 0.2400, DTW: 0.0820, TopK: 0.4212) | Val Mixed Loss (NoTrend, limit=2): 0.7331 (Base: 0.2828, DTW: 0.1297, TopK: 0.4634) | EMA NoTrend Loss: 0.733724 | LR: 1.33e-05
Epoch [85/100] | Train Mixed Loss (Trend, limit=2): 0.6432 (Base: 0.2409, DTW: 0.0822, TopK: 0.4227) | Val Mixed Loss (NoTrend, limit=2): 0.7405 (Base: 0.2866, DTW: 0.1321, TopK: 0.4563) | EMA NoTrend Loss: 0.735410 | LR: 1.18e-05
Epoch [86/100] | Train Mixed Loss (Trend, limit=2): 0.6357 (Base: 0.2386, DTW: 0.0808, TopK: 0.4176) | Val Mixed Loss (NoTrend, limit=2): 0.7334 (Base: 0.2860, DTW: 0.1294, TopK: 0.4561) | EMA NoTrend Loss: 0.734916 | LR: 1.05e-05
Epoch [87/100] | Train Mixed Loss (Trend, limit=2): 0.6379 (Base: 0.2391, DTW: 0.0811, TopK: 0.4204) | Val Mixed Loss (NoTrend, limit=2): 0.7326 (Base: 0.2843, DTW: 0.1295, TopK: 0.4582) | EMA NoTrend Loss: 0.734347 | LR: 9.18e-06
Epoch [88/100] | Train Mixed Loss (Trend, limit=2): 0.6359 (Base: 0.2390, DTW: 0.0807, TopK: 0.4170) | Val Mixed Loss (NoTrend, limit=2): 0.7369 (Base: 0.2845, DTW: 0.1306, TopK: 0.4631) | EMA NoTrend Loss: 0.734993 | LR: 7.99e-06
Epoch [89/100] | Train Mixed Loss (Trend, limit=2): 0.6382 (Base: 0.2396, DTW: 0.0809, TopK: 0.4201) | Val Mixed Loss (NoTrend, limit=2): 0.7374 (Base: 0.2850, DTW: 0.1309, TopK: 0.4608) | EMA NoTrend Loss: 0.735591 | LR: 6.88e-06
Epoch [90/100] | Train Mixed Loss (Trend, limit=2): 0.6387 (Base: 0.2395, DTW: 0.0812, TopK: 0.4198) | Val Mixed Loss (NoTrend, limit=2): 0.7344 (Base: 0.2840, DTW: 0.1297, TopK: 0.4639) | EMA NoTrend Loss: 0.735303 | LR: 5.87e-06
Epoch [91/100] | Train Mixed Loss (Trend, limit=2): 0.6358 (Base: 0.2381, DTW: 0.0809, TopK: 0.4181) | Val Mixed Loss (NoTrend, limit=2): 0.7356 (Base: 0.2843, DTW: 0.1302, TopK: 0.4627) | EMA NoTrend Loss: 0.735380 | LR: 4.95e-06
Epoch [92/100] | Train Mixed Loss (Trend, limit=2): 0.6351 (Base: 0.2386, DTW: 0.0806, TopK: 0.4167) | Val Mixed Loss (NoTrend, limit=2): 0.7342 (Base: 0.2834, DTW: 0.1295, TopK: 0.4669) | EMA NoTrend Loss: 0.735078 | LR: 4.13e-06
Epoch [93/100] | Train Mixed Loss (Trend, limit=2): 0.6334 (Base: 0.2376, DTW: 0.0802, TopK: 0.4179) | Val Mixed Loss (NoTrend, limit=2): 0.7372 (Base: 0.2857, DTW: 0.1306, TopK: 0.4602) | EMA NoTrend Loss: 0.735614 | LR: 3.40e-06
Epoch [94/100] | Train Mixed Loss (Trend, limit=2): 0.6313 (Base: 0.2378, DTW: 0.0796, TopK: 0.4155) | Val Mixed Loss (NoTrend, limit=2): 0.7298 (Base: 0.2831, DTW: 0.1288, TopK: 0.4583) | EMA NoTrend Loss: 0.734173 | LR: 2.76e-06
Epoch [95/100] | Train Mixed Loss (Trend, limit=2): 0.6359 (Base: 0.2384, DTW: 0.0805, TopK: 0.4200) | Val Mixed Loss (NoTrend, limit=2): 0.7390 (Base: 0.2860, DTW: 0.1312, TopK: 0.4603) | EMA NoTrend Loss: 0.735370 | LR: 2.23e-06
Epoch [96/100] | Train Mixed Loss (Trend, limit=2): 0.6349 (Base: 0.2380, DTW: 0.0805, TopK: 0.4183) | Val Mixed Loss (NoTrend, limit=2): 0.7352 (Base: 0.2849, DTW: 0.1300, TopK: 0.4611) | EMA NoTrend Loss: 0.735331 | LR: 1.78e-06
Epoch [97/100] | Train Mixed Loss (Trend, limit=2): 0.6326 (Base: 0.2375, DTW: 0.0801, TopK: 0.4158) | Val Mixed Loss (NoTrend, limit=2): 0.7372 (Base: 0.2844, DTW: 0.1310, TopK: 0.4608) | EMA NoTrend Loss: 0.735786 | LR: 1.44e-06
Epoch [98/100] | Train Mixed Loss (Trend, limit=2): 0.6340 (Base: 0.2383, DTW: 0.0800, TopK: 0.4181) | Val Mixed Loss (NoTrend, limit=2): 0.7428 (Base: 0.2867, DTW: 0.1318, TopK: 0.4662) | EMA NoTrend Loss: 0.737548 | LR: 1.20e-06
Epoch [99/100] | Train Mixed Loss (Trend, limit=2): 0.6299 (Base: 0.2367, DTW: 0.0797, TopK: 0.4134) | Val Mixed Loss (NoTrend, limit=2): 0.7308 (Base: 0.2835, DTW: 0.1285, TopK: 0.4627) | EMA NoTrend Loss: 0.735869 | LR: 1.05e-06
Epoch [100/100] | Train Mixed Loss (Trend, limit=2): 0.6344 (Base: 0.2377, DTW: 0.0805, TopK: 0.4185) | Val Mixed Loss (NoTrend, limit=2): 0.7328 (Base: 0.2846, DTW: 0.1293, TopK: 0.4592) | EMA NoTrend Loss: 0.735104 | LR: 1.00e-06
[*] Loaded best model from epoch 56 (EMA NoTrend Loss: 0.728454)
