[*] Process seed: 2
Building static profile features from historical data...
[*] Total trainable parameters: 3,485,441
Epoch [1/100] | Train Mixed Loss (Trend, limit=2): 1.1169 (Base: 0.3543, DTW: 0.1997, TopK: 0.6190) | Val Mixed Loss (NoTrend, limit=2): 0.9457 (Base: 0.3525, DTW: 0.1835, TopK: 0.5093) | EMA NoTrend Loss: 0.945700 | LR: 2.00e-04
Epoch [2/100] | Train Mixed Loss (Trend, limit=2): 1.0254 (Base: 0.3393, DTW: 0.1729, TopK: 0.6071) | Val Mixed Loss (NoTrend, limit=2): 0.8576 (Base: 0.3150, DTW: 0.1551, TopK: 0.5681) | EMA NoTrend Loss: 0.923680 | LR: 2.00e-04
Epoch [3/100] | Train Mixed Loss (Trend, limit=2): 1.0047 (Base: 0.3354, DTW: 0.1668, TopK: 0.6025) | Val Mixed Loss (NoTrend, limit=2): 0.8558 (Base: 0.3207, DTW: 0.1590, TopK: 0.5115) | EMA NoTrend Loss: 0.906710 | LR: 2.00e-04
Epoch [4/100] | Train Mixed Loss (Trend, limit=2): 0.9848 (Base: 0.3318, DTW: 0.1609, TopK: 0.5953) | Val Mixed Loss (NoTrend, limit=2): 0.8497 (Base: 0.3172, DTW: 0.1567, TopK: 0.5216) | EMA NoTrend Loss: 0.892465 | LR: 1.99e-04
Epoch [5/100] | Train Mixed Loss (Trend, limit=2): 0.9661 (Base: 0.3273, DTW: 0.1563, TopK: 0.5877) | Val Mixed Loss (NoTrend, limit=2): 0.8293 (Base: 0.3105, DTW: 0.1512, TopK: 0.5200) | EMA NoTrend Loss: 0.876664 | LR: 1.99e-04
Epoch [6/100] | Train Mixed Loss (Trend, limit=2): 0.9572 (Base: 0.3258, DTW: 0.1536, TopK: 0.5850) | Val Mixed Loss (NoTrend, limit=2): 0.8131 (Base: 0.2983, DTW: 0.1438, TopK: 0.5656) | EMA NoTrend Loss: 0.860774 | LR: 1.98e-04
Epoch [7/100] | Train Mixed Loss (Trend, limit=2): 0.9482 (Base: 0.3226, DTW: 0.1513, TopK: 0.5849) | Val Mixed Loss (NoTrend, limit=2): 0.8150 (Base: 0.3075, DTW: 0.1455, TopK: 0.5275) | EMA NoTrend Loss: 0.849329 | LR: 1.98e-04
Epoch [8/100] | Train Mixed Loss (Trend, limit=2): 0.9398 (Base: 0.3213, DTW: 0.1493, TopK: 0.5783) | Val Mixed Loss (NoTrend, limit=2): 0.8133 (Base: 0.3096, DTW: 0.1446, TopK: 0.5217) | EMA NoTrend Loss: 0.840311 | LR: 1.97e-04
Epoch [9/100] | Train Mixed Loss (Trend, limit=2): 0.9281 (Base: 0.3182, DTW: 0.1466, TopK: 0.5750) | Val Mixed Loss (NoTrend, limit=2): 0.7885 (Base: 0.2949, DTW: 0.1392, TopK: 0.5316) | EMA NoTrend Loss: 0.827351 | LR: 1.96e-04
Epoch [10/100] | Train Mixed Loss (Trend, limit=2): 0.9260 (Base: 0.3182, DTW: 0.1450, TopK: 0.5772) | Val Mixed Loss (NoTrend, limit=2): 0.7816 (Base: 0.2915, DTW: 0.1369, TopK: 0.5387) | EMA NoTrend Loss: 0.815905 | LR: 1.95e-04
Epoch [11/100] | Train Mixed Loss (Trend, limit=2): 0.9185 (Base: 0.3165, DTW: 0.1434, TopK: 0.5740) | Val Mixed Loss (NoTrend, limit=2): 0.7890 (Base: 0.2986, DTW: 0.1367, TopK: 0.5415) | EMA NoTrend Loss: 0.809189 | LR: 1.94e-04
Epoch [12/100] | Train Mixed Loss (Trend, limit=2): 0.9135 (Base: 0.3151, DTW: 0.1416, TopK: 0.5755) | Val Mixed Loss (NoTrend, limit=2): 0.8023 (Base: 0.3034, DTW: 0.1449, TopK: 0.5039) | EMA NoTrend Loss: 0.807472 | LR: 1.93e-04
Epoch [13/100] | Train Mixed Loss (Trend, limit=2): 0.9089 (Base: 0.3140, DTW: 0.1411, TopK: 0.5693) | Val Mixed Loss (NoTrend, limit=2): 0.7956 (Base: 0.2984, DTW: 0.1399, TopK: 0.5378) | EMA NoTrend Loss: 0.804497 | LR: 1.92e-04
Epoch [14/100] | Train Mixed Loss (Trend, limit=2): 0.9067 (Base: 0.3137, DTW: 0.1399, TopK: 0.5707) | Val Mixed Loss (NoTrend, limit=2): 0.7775 (Base: 0.2877, DTW: 0.1368, TopK: 0.5380) | EMA NoTrend Loss: 0.797757 | LR: 1.91e-04
Epoch [15/100] | Train Mixed Loss (Trend, limit=2): 0.9018 (Base: 0.3127, DTW: 0.1389, TopK: 0.5682) | Val Mixed Loss (NoTrend, limit=2): 0.7747 (Base: 0.2942, DTW: 0.1341, TopK: 0.5284) | EMA NoTrend Loss: 0.792000 | LR: 1.89e-04
Epoch [16/100] | Train Mixed Loss (Trend, limit=2): 0.8981 (Base: 0.3111, DTW: 0.1383, TopK: 0.5655) | Val Mixed Loss (NoTrend, limit=2): 0.7703 (Base: 0.2949, DTW: 0.1337, TopK: 0.5149) | EMA NoTrend Loss: 0.786569 | LR: 1.88e-04
Epoch [17/100] | Train Mixed Loss (Trend, limit=2): 0.8958 (Base: 0.3113, DTW: 0.1374, TopK: 0.5650) | Val Mixed Loss (NoTrend, limit=2): 0.7762 (Base: 0.2912, DTW: 0.1354, TopK: 0.5331) | EMA NoTrend Loss: 0.783967 | LR: 1.86e-04
Epoch [18/100] | Train Mixed Loss (Trend, limit=2): 0.8948 (Base: 0.3103, DTW: 0.1372, TopK: 0.5671) | Val Mixed Loss (NoTrend, limit=2): 0.7829 (Base: 0.2947, DTW: 0.1353, TopK: 0.5454) | EMA NoTrend Loss: 0.783712 | LR: 1.85e-04
Epoch [19/100] | Train Mixed Loss (Trend, limit=2): 0.8847 (Base: 0.3079, DTW: 0.1351, TopK: 0.5606) | Val Mixed Loss (NoTrend, limit=2): 0.8266 (Base: 0.3237, DTW: 0.1533, TopK: 0.4497) | EMA NoTrend Loss: 0.794437 | LR: 1.83e-04
Epoch [20/100] | Train Mixed Loss (Trend, limit=2): 0.8819 (Base: 0.3072, DTW: 0.1343, TopK: 0.5594) | Val Mixed Loss (NoTrend, limit=2): 0.7818 (Base: 0.2956, DTW: 0.1377, TopK: 0.5189) | EMA NoTrend Loss: 0.791280 | LR: 1.81e-04
Epoch [21/100] | Train Mixed Loss (Trend, limit=2): 0.8815 (Base: 0.3072, DTW: 0.1343, TopK: 0.5575) | Val Mixed Loss (NoTrend, limit=2): 0.7915 (Base: 0.3017, DTW: 0.1423, TopK: 0.4941) | EMA NoTrend Loss: 0.791325 | LR: 1.79e-04
Epoch [22/100] | Train Mixed Loss (Trend, limit=2): 0.8851 (Base: 0.3092, DTW: 0.1346, TopK: 0.5596) | Val Mixed Loss (NoTrend, limit=2): 0.7767 (Base: 0.2927, DTW: 0.1366, TopK: 0.5210) | EMA NoTrend Loss: 0.787677 | LR: 1.77e-04
Epoch [23/100] | Train Mixed Loss (Trend, limit=2): 0.8742 (Base: 0.3044, DTW: 0.1332, TopK: 0.5544) | Val Mixed Loss (NoTrend, limit=2): 0.7635 (Base: 0.2935, DTW: 0.1343, TopK: 0.4923) | EMA NoTrend Loss: 0.781630 | LR: 1.75e-04
Epoch [24/100] | Train Mixed Loss (Trend, limit=2): 0.8678 (Base: 0.3032, DTW: 0.1316, TopK: 0.5511) | Val Mixed Loss (NoTrend, limit=2): 0.7607 (Base: 0.2838, DTW: 0.1321, TopK: 0.5330) | EMA NoTrend Loss: 0.776391 | LR: 1.73e-04
Epoch [25/100] | Train Mixed Loss (Trend, limit=2): 0.8670 (Base: 0.3038, DTW: 0.1310, TopK: 0.5503) | Val Mixed Loss (NoTrend, limit=2): 0.7717 (Base: 0.2937, DTW: 0.1363, TopK: 0.5032) | EMA NoTrend Loss: 0.775211 | LR: 1.71e-04
Epoch [26/100] | Train Mixed Loss (Trend, limit=2): 0.8616 (Base: 0.3020, DTW: 0.1296, TopK: 0.5492) | Val Mixed Loss (NoTrend, limit=2): 0.7582 (Base: 0.2862, DTW: 0.1315, TopK: 0.5211) | EMA NoTrend Loss: 0.770954 | LR: 1.69e-04
Epoch [27/100] | Train Mixed Loss (Trend, limit=2): 0.8618 (Base: 0.3021, DTW: 0.1298, TopK: 0.5479) | Val Mixed Loss (NoTrend, limit=2): 0.7810 (Base: 0.3016, DTW: 0.1385, TopK: 0.4903) | EMA NoTrend Loss: 0.773473 | LR: 1.66e-04
Epoch [28/100] | Train Mixed Loss (Trend, limit=2): 0.8585 (Base: 0.3011, DTW: 0.1290, TopK: 0.5481) | Val Mixed Loss (NoTrend, limit=2): 0.7682 (Base: 0.2925, DTW: 0.1343, TopK: 0.5111) | EMA NoTrend Loss: 0.772153 | LR: 1.64e-04
Epoch [29/100] | Train Mixed Loss (Trend, limit=2): 0.8557 (Base: 0.3010, DTW: 0.1281, TopK: 0.5462) | Val Mixed Loss (NoTrend, limit=2): 0.7644 (Base: 0.2861, DTW: 0.1322, TopK: 0.5367) | EMA NoTrend Loss: 0.770226 | LR: 1.61e-04
Epoch [30/100] | Train Mixed Loss (Trend, limit=2): 0.8571 (Base: 0.3007, DTW: 0.1285, TopK: 0.5470) | Val Mixed Loss (NoTrend, limit=2): 0.7774 (Base: 0.2961, DTW: 0.1389, TopK: 0.4931) | EMA NoTrend Loss: 0.772007 | LR: 1.59e-04
Epoch [31/100] | Train Mixed Loss (Trend, limit=2): 0.8535 (Base: 0.3005, DTW: 0.1276, TopK: 0.5445) | Val Mixed Loss (NoTrend, limit=2): 0.7776 (Base: 0.3013, DTW: 0.1391, TopK: 0.4748) | EMA NoTrend Loss: 0.773406 | LR: 1.56e-04
Epoch [32/100] | Train Mixed Loss (Trend, limit=2): 0.8518 (Base: 0.3000, DTW: 0.1275, TopK: 0.5416) | Val Mixed Loss (NoTrend, limit=2): 0.7614 (Base: 0.2884, DTW: 0.1343, TopK: 0.5023) | EMA NoTrend Loss: 0.770393 | LR: 1.54e-04
Epoch [33/100] | Train Mixed Loss (Trend, limit=2): 0.8469 (Base: 0.2982, DTW: 0.1261, TopK: 0.5427) | Val Mixed Loss (NoTrend, limit=2): 0.7547 (Base: 0.2879, DTW: 0.1309, TopK: 0.5088) | EMA NoTrend Loss: 0.766462 | LR: 1.51e-04
Epoch [34/100] | Train Mixed Loss (Trend, limit=2): 0.8427 (Base: 0.2974, DTW: 0.1253, TopK: 0.5386) | Val Mixed Loss (NoTrend, limit=2): 0.7538 (Base: 0.2819, DTW: 0.1313, TopK: 0.5227) | EMA NoTrend Loss: 0.763287 | LR: 1.48e-04
Epoch [35/100] | Train Mixed Loss (Trend, limit=2): 0.8441 (Base: 0.2978, DTW: 0.1254, TopK: 0.5411) | Val Mixed Loss (NoTrend, limit=2): 0.7595 (Base: 0.2927, DTW: 0.1339, TopK: 0.4848) | EMA NoTrend Loss: 0.762333 | LR: 1.46e-04
Epoch [36/100] | Train Mixed Loss (Trend, limit=2): 0.8384 (Base: 0.2962, DTW: 0.1241, TopK: 0.5386) | Val Mixed Loss (NoTrend, limit=2): 0.7673 (Base: 0.2928, DTW: 0.1344, TopK: 0.5059) | EMA NoTrend Loss: 0.763567 | LR: 1.43e-04
Epoch [37/100] | Train Mixed Loss (Trend, limit=2): 0.8335 (Base: 0.2957, DTW: 0.1228, TopK: 0.5336) | Val Mixed Loss (NoTrend, limit=2): 0.7669 (Base: 0.2955, DTW: 0.1351, TopK: 0.4910) | EMA NoTrend Loss: 0.764409 | LR: 1.40e-04
Epoch [38/100] | Train Mixed Loss (Trend, limit=2): 0.8284 (Base: 0.2937, DTW: 0.1222, TopK: 0.5310) | Val Mixed Loss (NoTrend, limit=2): 0.7672 (Base: 0.2938, DTW: 0.1356, TopK: 0.4932) | EMA NoTrend Loss: 0.765097 | LR: 1.37e-04
Epoch [39/100] | Train Mixed Loss (Trend, limit=2): 0.8313 (Base: 0.2942, DTW: 0.1230, TopK: 0.5319) | Val Mixed Loss (NoTrend, limit=2): 0.7594 (Base: 0.2936, DTW: 0.1341, TopK: 0.4799) | EMA NoTrend Loss: 0.763661 | LR: 1.34e-04
Epoch [40/100] | Train Mixed Loss (Trend, limit=2): 0.8304 (Base: 0.2943, DTW: 0.1221, TopK: 0.5333) | Val Mixed Loss (NoTrend, limit=2): 0.7669 (Base: 0.2936, DTW: 0.1347, TopK: 0.4998) | EMA NoTrend Loss: 0.764471 | LR: 1.31e-04
Epoch [41/100] | Train Mixed Loss (Trend, limit=2): 0.8241 (Base: 0.2927, DTW: 0.1210, TopK: 0.5285) | Val Mixed Loss (NoTrend, limit=2): 0.7693 (Base: 0.2959, DTW: 0.1366, TopK: 0.4853) | EMA NoTrend Loss: 0.765685 | LR: 1.28e-04
Epoch [42/100] | Train Mixed Loss (Trend, limit=2): 0.8211 (Base: 0.2911, DTW: 0.1204, TopK: 0.5283) | Val Mixed Loss (NoTrend, limit=2): 0.7639 (Base: 0.2894, DTW: 0.1329, TopK: 0.5188) | EMA NoTrend Loss: 0.765243 | LR: 1.25e-04
Epoch [43/100] | Train Mixed Loss (Trend, limit=2): 0.8174 (Base: 0.2908, DTW: 0.1196, TopK: 0.5238) | Val Mixed Loss (NoTrend, limit=2): 0.7669 (Base: 0.2874, DTW: 0.1358, TopK: 0.5125) | EMA NoTrend Loss: 0.765667 | LR: 1.22e-04
Epoch [44/100] | Train Mixed Loss (Trend, limit=2): 0.8168 (Base: 0.2908, DTW: 0.1192, TopK: 0.5247) | Val Mixed Loss (NoTrend, limit=2): 0.7674 (Base: 0.2944, DTW: 0.1359, TopK: 0.4898) | EMA NoTrend Loss: 0.766112 | LR: 1.19e-04
Epoch [45/100] | Train Mixed Loss (Trend, limit=2): 0.8120 (Base: 0.2886, DTW: 0.1184, TopK: 0.5243) | Val Mixed Loss (NoTrend, limit=2): 0.7620 (Base: 0.2911, DTW: 0.1343, TopK: 0.4954) | EMA NoTrend Loss: 0.765075 | LR: 1.16e-04
Epoch [46/100] | Train Mixed Loss (Trend, limit=2): 0.8130 (Base: 0.2895, DTW: 0.1186, TopK: 0.5224) | Val Mixed Loss (NoTrend, limit=2): 0.7655 (Base: 0.2932, DTW: 0.1365, TopK: 0.4821) | EMA NoTrend Loss: 0.765181 | LR: 1.13e-04
Epoch [47/100] | Train Mixed Loss (Trend, limit=2): 0.8074 (Base: 0.2880, DTW: 0.1171, TopK: 0.5208) | Val Mixed Loss (NoTrend, limit=2): 0.7636 (Base: 0.2941, DTW: 0.1342, TopK: 0.4913) | EMA NoTrend Loss: 0.764795 | LR: 1.10e-04
Epoch [48/100] | Train Mixed Loss (Trend, limit=2): 0.8071 (Base: 0.2881, DTW: 0.1169, TopK: 0.5205) | Val Mixed Loss (NoTrend, limit=2): 0.7616 (Base: 0.2927, DTW: 0.1333, TopK: 0.4965) | EMA NoTrend Loss: 0.764001 | LR: 1.07e-04
Epoch [49/100] | Train Mixed Loss (Trend, limit=2): 0.8012 (Base: 0.2865, DTW: 0.1157, TopK: 0.5170) | Val Mixed Loss (NoTrend, limit=2): 0.7745 (Base: 0.2994, DTW: 0.1383, TopK: 0.4769) | EMA NoTrend Loss: 0.766624 | LR: 1.04e-04
Epoch [50/100] | Train Mixed Loss (Trend, limit=2): 0.8053 (Base: 0.2877, DTW: 0.1163, TopK: 0.5208) | Val Mixed Loss (NoTrend, limit=2): 0.7709 (Base: 0.2928, DTW: 0.1367, TopK: 0.4996) | EMA NoTrend Loss: 0.767685 | LR: 1.00e-04
Epoch [51/100] | Train Mixed Loss (Trend, limit=2): 0.7918 (Base: 0.2841, DTW: 0.1134, TopK: 0.5133) | Val Mixed Loss (NoTrend, limit=2): 0.7418 (Base: 0.2813, DTW: 0.1298, TopK: 0.4962) | EMA NoTrend Loss: 0.761209 | LR: 9.74e-05
Epoch [52/100] | Train Mixed Loss (Trend, limit=2): 0.7961 (Base: 0.2843, DTW: 0.1148, TopK: 0.5142) | Val Mixed Loss (NoTrend, limit=2): 0.7640 (Base: 0.2900, DTW: 0.1349, TopK: 0.5013) | EMA NoTrend Loss: 0.761915 | LR: 9.43e-05
Epoch [53/100] | Train Mixed Loss (Trend, limit=2): 0.7918 (Base: 0.2842, DTW: 0.1136, TopK: 0.5104) | Val Mixed Loss (NoTrend, limit=2): 0.7581 (Base: 0.2881, DTW: 0.1337, TopK: 0.4974) | EMA NoTrend Loss: 0.760968 | LR: 9.11e-05
Epoch [54/100] | Train Mixed Loss (Trend, limit=2): 0.7980 (Base: 0.2852, DTW: 0.1147, TopK: 0.5163) | Val Mixed Loss (NoTrend, limit=2): 0.7671 (Base: 0.2965, DTW: 0.1360, TopK: 0.4809) | EMA NoTrend Loss: 0.762501 | LR: 8.80e-05
Epoch [55/100] | Train Mixed Loss (Trend, limit=2): 0.7875 (Base: 0.2825, DTW: 0.1126, TopK: 0.5103) | Val Mixed Loss (NoTrend, limit=2): 0.7653 (Base: 0.2929, DTW: 0.1362, TopK: 0.4857) | EMA NoTrend Loss: 0.763213 | LR: 8.49e-05
Epoch [56/100] | Train Mixed Loss (Trend, limit=2): 0.7892 (Base: 0.2829, DTW: 0.1130, TopK: 0.5115) | Val Mixed Loss (NoTrend, limit=2): 0.7590 (Base: 0.2917, DTW: 0.1342, TopK: 0.4845) | EMA NoTrend Loss: 0.762166 | LR: 8.19e-05
Epoch [57/100] | Train Mixed Loss (Trend, limit=2): 0.7823 (Base: 0.2815, DTW: 0.1114, TopK: 0.5068) | Val Mixed Loss (NoTrend, limit=2): 0.7583 (Base: 0.2879, DTW: 0.1339, TopK: 0.4972) | EMA NoTrend Loss: 0.761207 | LR: 7.88e-05
Epoch [58/100] | Train Mixed Loss (Trend, limit=2): 0.7806 (Base: 0.2808, DTW: 0.1108, TopK: 0.5077) | Val Mixed Loss (NoTrend, limit=2): 0.7630 (Base: 0.2932, DTW: 0.1354, TopK: 0.4830) | EMA NoTrend Loss: 0.761654 | LR: 7.58e-05
Epoch [59/100] | Train Mixed Loss (Trend, limit=2): 0.7770 (Base: 0.2801, DTW: 0.1104, TopK: 0.5028) | Val Mixed Loss (NoTrend, limit=2): 0.7648 (Base: 0.2938, DTW: 0.1366, TopK: 0.4772) | EMA NoTrend Loss: 0.762449 | LR: 7.27e-05
Epoch [60/100] | Train Mixed Loss (Trend, limit=2): 0.7770 (Base: 0.2800, DTW: 0.1103, TopK: 0.5026) | Val Mixed Loss (NoTrend, limit=2): 0.7650 (Base: 0.2943, DTW: 0.1358, TopK: 0.4829) | EMA NoTrend Loss: 0.763090 | LR: 6.98e-05
Epoch [61/100] | Train Mixed Loss (Trend, limit=2): 0.7791 (Base: 0.2805, DTW: 0.1106, TopK: 0.5054) | Val Mixed Loss (NoTrend, limit=2): 0.7660 (Base: 0.2926, DTW: 0.1366, TopK: 0.4855) | EMA NoTrend Loss: 0.763821 | LR: 6.68e-05
Epoch [62/100] | Train Mixed Loss (Trend, limit=2): 0.7706 (Base: 0.2776, DTW: 0.1089, TopK: 0.5012) | Val Mixed Loss (NoTrend, limit=2): 0.7719 (Base: 0.2960, DTW: 0.1382, TopK: 0.4805) | EMA NoTrend Loss: 0.765832 | LR: 6.39e-05
Epoch [63/100] | Train Mixed Loss (Trend, limit=2): 0.7713 (Base: 0.2787, DTW: 0.1087, TopK: 0.5005) | Val Mixed Loss (NoTrend, limit=2): 0.7647 (Base: 0.2943, DTW: 0.1368, TopK: 0.4733) | EMA NoTrend Loss: 0.765545 | LR: 6.10e-05
Epoch [64/100] | Train Mixed Loss (Trend, limit=2): 0.7706 (Base: 0.2784, DTW: 0.1086, TopK: 0.4999) | Val Mixed Loss (NoTrend, limit=2): 0.7662 (Base: 0.2907, DTW: 0.1376, TopK: 0.4843) | EMA NoTrend Loss: 0.765713 | LR: 5.81e-05
Epoch [65/100] | Train Mixed Loss (Trend, limit=2): 0.7690 (Base: 0.2780, DTW: 0.1079, TopK: 0.5006) | Val Mixed Loss (NoTrend, limit=2): 0.7634 (Base: 0.2944, DTW: 0.1362, TopK: 0.4736) | EMA NoTrend Loss: 0.765125 | LR: 5.53e-05
Epoch [66/100] | Train Mixed Loss (Trend, limit=2): 0.7680 (Base: 0.2770, DTW: 0.1084, TopK: 0.4977) | Val Mixed Loss (NoTrend, limit=2): 0.7685 (Base: 0.2953, DTW: 0.1374, TopK: 0.4781) | EMA NoTrend Loss: 0.765964 | LR: 5.26e-05
Epoch [67/100] | Train Mixed Loss (Trend, limit=2): 0.7637 (Base: 0.2761, DTW: 0.1073, TopK: 0.4964) | Val Mixed Loss (NoTrend, limit=2): 0.7768 (Base: 0.2961, DTW: 0.1403, TopK: 0.4805) | EMA NoTrend Loss: 0.768678 | LR: 4.99e-05
Epoch [68/100] | Train Mixed Loss (Trend, limit=2): 0.7655 (Base: 0.2771, DTW: 0.1070, TopK: 0.4993) | Val Mixed Loss (NoTrend, limit=2): 0.7714 (Base: 0.2925, DTW: 0.1385, TopK: 0.4886) | EMA NoTrend Loss: 0.769366 | LR: 4.72e-05
Epoch [69/100] | Train Mixed Loss (Trend, limit=2): 0.7593 (Base: 0.2750, DTW: 0.1061, TopK: 0.4947) | Val Mixed Loss (NoTrend, limit=2): 0.7683 (Base: 0.2912, DTW: 0.1377, TopK: 0.4884) | EMA NoTrend Loss: 0.769109 | LR: 4.46e-05
Epoch [70/100] | Train Mixed Loss (Trend, limit=2): 0.7560 (Base: 0.2738, DTW: 0.1056, TopK: 0.4923) | Val Mixed Loss (NoTrend, limit=2): 0.7772 (Base: 0.2961, DTW: 0.1392, TopK: 0.4901) | EMA NoTrend Loss: 0.771136 | LR: 4.20e-05
Epoch [71/100] | Train Mixed Loss (Trend, limit=2): 0.7578 (Base: 0.2745, DTW: 0.1057, TopK: 0.4954) | Val Mixed Loss (NoTrend, limit=2): 0.7692 (Base: 0.2939, DTW: 0.1381, TopK: 0.4791) | EMA NoTrend Loss: 0.770646 | LR: 3.95e-05
Epoch [72/100] | Train Mixed Loss (Trend, limit=2): 0.7516 (Base: 0.2725, DTW: 0.1047, TopK: 0.4891) | Val Mixed Loss (NoTrend, limit=2): 0.7730 (Base: 0.2961, DTW: 0.1390, TopK: 0.4778) | EMA NoTrend Loss: 0.771237 | LR: 3.71e-05
Epoch [73/100] | Train Mixed Loss (Trend, limit=2): 0.7542 (Base: 0.2732, DTW: 0.1050, TopK: 0.4929) | Val Mixed Loss (NoTrend, limit=2): 0.7730 (Base: 0.2969, DTW: 0.1396, TopK: 0.4703) | EMA NoTrend Loss: 0.771677 | LR: 3.47e-05
Epoch [74/100] | Train Mixed Loss (Trend, limit=2): 0.7522 (Base: 0.2729, DTW: 0.1045, TopK: 0.4904) | Val Mixed Loss (NoTrend, limit=2): 0.7756 (Base: 0.2949, DTW: 0.1403, TopK: 0.4799) | EMA NoTrend Loss: 0.772651 | LR: 3.24e-05
Epoch [75/100] | Train Mixed Loss (Trend, limit=2): 0.7499 (Base: 0.2721, DTW: 0.1043, TopK: 0.4874) | Val Mixed Loss (NoTrend, limit=2): 0.7802 (Base: 0.2987, DTW: 0.1407, TopK: 0.4793) | EMA NoTrend Loss: 0.774535 | LR: 3.01e-05
Epoch [76/100] | Train Mixed Loss (Trend, limit=2): 0.7500 (Base: 0.2721, DTW: 0.1042, TopK: 0.4891) | Val Mixed Loss (NoTrend, limit=2): 0.7757 (Base: 0.2965, DTW: 0.1402, TopK: 0.4760) | EMA NoTrend Loss: 0.774815 | LR: 2.80e-05
Epoch [77/100] | Train Mixed Loss (Trend, limit=2): 0.7461 (Base: 0.2709, DTW: 0.1034, TopK: 0.4872) | Val Mixed Loss (NoTrend, limit=2): 0.7758 (Base: 0.2959, DTW: 0.1391, TopK: 0.4870) | EMA NoTrend Loss: 0.775064 | LR: 2.59e-05
Epoch [78/100] | Train Mixed Loss (Trend, limit=2): 0.7468 (Base: 0.2711, DTW: 0.1032, TopK: 0.4882) | Val Mixed Loss (NoTrend, limit=2): 0.7736 (Base: 0.2954, DTW: 0.1398, TopK: 0.4758) | EMA NoTrend Loss: 0.774709 | LR: 2.38e-05
Epoch [79/100] | Train Mixed Loss (Trend, limit=2): 0.7419 (Base: 0.2700, DTW: 0.1024, TopK: 0.4841) | Val Mixed Loss (NoTrend, limit=2): 0.7674 (Base: 0.2915, DTW: 0.1371, TopK: 0.4893) | EMA NoTrend Loss: 0.772875 | LR: 2.19e-05
Epoch [80/100] | Train Mixed Loss (Trend, limit=2): 0.7412 (Base: 0.2690, DTW: 0.1027, TopK: 0.4837) | Val Mixed Loss (NoTrend, limit=2): 0.7742 (Base: 0.2935, DTW: 0.1393, TopK: 0.4881) | EMA NoTrend Loss: 0.773210 | LR: 2.00e-05
Epoch [81/100] | Train Mixed Loss (Trend, limit=2): 0.7426 (Base: 0.2697, DTW: 0.1025, TopK: 0.4861) | Val Mixed Loss (NoTrend, limit=2): 0.7771 (Base: 0.2971, DTW: 0.1407, TopK: 0.4744) | EMA NoTrend Loss: 0.774194 | LR: 1.82e-05
Epoch [82/100] | Train Mixed Loss (Trend, limit=2): 0.7412 (Base: 0.2696, DTW: 0.1021, TopK: 0.4845) | Val Mixed Loss (NoTrend, limit=2): 0.7724 (Base: 0.2945, DTW: 0.1385, TopK: 0.4849) | EMA NoTrend Loss: 0.773734 | LR: 1.65e-05
Epoch [83/100] | Train Mixed Loss (Trend, limit=2): 0.7405 (Base: 0.2694, DTW: 0.1020, TopK: 0.4833) | Val Mixed Loss (NoTrend, limit=2): 0.7808 (Base: 0.2979, DTW: 0.1419, TopK: 0.4748) | EMA NoTrend Loss: 0.775510 | LR: 1.49e-05
Epoch [84/100] | Train Mixed Loss (Trend, limit=2): 0.7383 (Base: 0.2689, DTW: 0.1015, TopK: 0.4833) | Val Mixed Loss (NoTrend, limit=2): 0.7787 (Base: 0.2974, DTW: 0.1402, TopK: 0.4832) | EMA NoTrend Loss: 0.776319 | LR: 1.33e-05
Epoch [85/100] | Train Mixed Loss (Trend, limit=2): 0.7421 (Base: 0.2698, DTW: 0.1020, TopK: 0.4870) | Val Mixed Loss (NoTrend, limit=2): 0.7692 (Base: 0.2927, DTW: 0.1382, TopK: 0.4830) | EMA NoTrend Loss: 0.774545 | LR: 1.18e-05
Epoch [86/100] | Train Mixed Loss (Trend, limit=2): 0.7358 (Base: 0.2680, DTW: 0.1010, TopK: 0.4826) | Val Mixed Loss (NoTrend, limit=2): 0.7783 (Base: 0.2960, DTW: 0.1408, TopK: 0.4810) | EMA NoTrend Loss: 0.775483 | LR: 1.05e-05
Epoch [87/100] | Train Mixed Loss (Trend, limit=2): 0.7390 (Base: 0.2691, DTW: 0.1017, TopK: 0.4827) | Val Mixed Loss (NoTrend, limit=2): 0.7704 (Base: 0.2954, DTW: 0.1380, TopK: 0.4792) | EMA NoTrend Loss: 0.774216 | LR: 9.18e-06
Epoch [88/100] | Train Mixed Loss (Trend, limit=2): 0.7374 (Base: 0.2686, DTW: 0.1014, TopK: 0.4819) | Val Mixed Loss (NoTrend, limit=2): 0.7683 (Base: 0.2919, DTW: 0.1379, TopK: 0.4852) | EMA NoTrend Loss: 0.772740 | LR: 7.99e-06
Epoch [89/100] | Train Mixed Loss (Trend, limit=2): 0.7378 (Base: 0.2684, DTW: 0.1013, TopK: 0.4838) | Val Mixed Loss (NoTrend, limit=2): 0.7715 (Base: 0.2943, DTW: 0.1394, TopK: 0.4755) | EMA NoTrend Loss: 0.772434 | LR: 6.88e-06
Epoch [90/100] | Train Mixed Loss (Trend, limit=2): 0.7420 (Base: 0.2695, DTW: 0.1021, TopK: 0.4858) | Val Mixed Loss (NoTrend, limit=2): 0.7719 (Base: 0.2950, DTW: 0.1385, TopK: 0.4815) | EMA NoTrend Loss: 0.772296 | LR: 5.87e-06
Epoch [91/100] | Train Mixed Loss (Trend, limit=2): 0.7379 (Base: 0.2687, DTW: 0.1010, TopK: 0.4842) | Val Mixed Loss (NoTrend, limit=2): 0.7713 (Base: 0.2945, DTW: 0.1393, TopK: 0.4747) | EMA NoTrend Loss: 0.772051 | LR: 4.95e-06
Epoch [92/100] | Train Mixed Loss (Trend, limit=2): 0.7354 (Base: 0.2679, DTW: 0.1007, TopK: 0.4822) | Val Mixed Loss (NoTrend, limit=2): 0.7803 (Base: 0.2973, DTW: 0.1407, TopK: 0.4848) | EMA NoTrend Loss: 0.774108 | LR: 4.13e-06
Epoch [93/100] | Train Mixed Loss (Trend, limit=2): 0.7372 (Base: 0.2684, DTW: 0.1010, TopK: 0.4841) | Val Mixed Loss (NoTrend, limit=2): 0.7681 (Base: 0.2947, DTW: 0.1376, TopK: 0.4772) | EMA NoTrend Loss: 0.772596 | LR: 3.40e-06
Epoch [94/100] | Train Mixed Loss (Trend, limit=2): 0.7392 (Base: 0.2693, DTW: 0.1013, TopK: 0.4845) | Val Mixed Loss (NoTrend, limit=2): 0.7731 (Base: 0.2949, DTW: 0.1394, TopK: 0.4784) | EMA NoTrend Loss: 0.772725 | LR: 2.76e-06
Epoch [95/100] | Train Mixed Loss (Trend, limit=2): 0.7339 (Base: 0.2677, DTW: 0.1006, TopK: 0.4788) | Val Mixed Loss (NoTrend, limit=2): 0.7676 (Base: 0.2930, DTW: 0.1378, TopK: 0.4795) | EMA NoTrend Loss: 0.771441 | LR: 2.23e-06
Epoch [96/100] | Train Mixed Loss (Trend, limit=2): 0.7345 (Base: 0.2679, DTW: 0.1007, TopK: 0.4802) | Val Mixed Loss (NoTrend, limit=2): 0.7732 (Base: 0.2951, DTW: 0.1389, TopK: 0.4823) | EMA NoTrend Loss: 0.771883 | LR: 1.78e-06
Epoch [97/100] | Train Mixed Loss (Trend, limit=2): 0.7353 (Base: 0.2677, DTW: 0.1008, TopK: 0.4808) | Val Mixed Loss (NoTrend, limit=2): 0.7765 (Base: 0.2941, DTW: 0.1404, TopK: 0.4850) | EMA NoTrend Loss: 0.773039 | LR: 1.44e-06
Epoch [98/100] | Train Mixed Loss (Trend, limit=2): 0.7340 (Base: 0.2675, DTW: 0.1004, TopK: 0.4815) | Val Mixed Loss (NoTrend, limit=2): 0.7682 (Base: 0.2927, DTW: 0.1376, TopK: 0.4841) | EMA NoTrend Loss: 0.771839 | LR: 1.20e-06
Epoch [99/100] | Train Mixed Loss (Trend, limit=2): 0.7308 (Base: 0.2666, DTW: 0.0998, TopK: 0.4799) | Val Mixed Loss (NoTrend, limit=2): 0.7815 (Base: 0.2960, DTW: 0.1411, TopK: 0.4893) | EMA NoTrend Loss: 0.774260 | LR: 1.05e-06
Epoch [100/100] | Train Mixed Loss (Trend, limit=2): 0.7322 (Base: 0.2672, DTW: 0.1000, TopK: 0.4802) | Val Mixed Loss (NoTrend, limit=2): 0.7738 (Base: 0.2946, DTW: 0.1399, TopK: 0.4780) | EMA NoTrend Loss: 0.774157 | LR: 1.00e-06
[*] Loaded best model from epoch 53 (EMA NoTrend Loss: 0.760968)
